Data: 50,868 train / 1,038 val examples (68 dropped as longer than 512 tokens)
Packing: 50,868 examples into 11,220 windows (4.5 per window, 98.8% of positions used)
Model: medium (123,587,328 parameters), initialized from checkpoints/medium/step_500.pt (step 500)
step     10 | train_loss 3.9268 | lr 1.82e-04
step     20 | train_loss 3.9451 | lr 3.64e-04
step     30 | train_loss 3.6639 | lr 4.00e-04
step     40 | train_loss 3.7133 | lr 3.98e-04
step     50 | train_loss 3.6408 | lr 3.94e-04
step     50 | val_loss 3.7239 | val_ppl 41.43
step     60 | train_loss 3.6527 | lr 3.89e-04
step     70 | train_loss 3.6775 | lr 3.82e-04
step     80 | train_loss 3.6399 | lr 3.74e-04
step     90 | train_loss 3.5578 | lr 3.64e-04
step    100 | train_loss 3.6848 | lr 3.53e-04
step    100 | val_loss 3.5570 | val_ppl 35.06
step    110 | train_loss 3.6452 | lr 3.41e-04
step    120 | train_loss 3.5346 | lr 3.28e-04
step    130 | train_loss 3.5719 | lr 3.13e-04
step    140 | train_loss 3.4941 | lr 2.98e-04
step    150 | train_loss 3.3786 | lr 2.82e-04
step    150 | val_loss 3.4256 | val_ppl 30.74
step    160 | train_loss 3.5127 | lr 2.66e-04
step    170 | train_loss 3.3692 | lr 2.49e-04
step    180 | train_loss 3.3970 | lr 2.32e-04
step    190 | train_loss 3.2844 | lr 2.15e-04
step    200 | train_loss 3.4247 | lr 1.98e-04
step    200 | val_loss 3.3127 | val_ppl 27.46
step    210 | train_loss 3.3159 | lr 1.81e-04
step    220 | train_loss 3.0081 | lr 1.64e-04
step    230 | train_loss 3.2951 | lr 1.48e-04
step    240 | train_loss 3.2561 | lr 1.32e-04
step    250 | train_loss 3.2116 | lr 1.18e-04
step    250 | val_loss 3.2180 | val_ppl 24.98
step    260 | train_loss 3.2303 | lr 1.04e-04
step    270 | train_loss 3.3109 | lr 9.15e-05
step    280 | train_loss 3.2113 | lr 8.00e-05
step    290 | train_loss 3.1429 | lr 6.99e-05
step    300 | train_loss 3.1619 | lr 6.11e-05
step    300 | val_loss 3.1544 | val_ppl 23.44
step    310 | train_loss 3.0627 | lr 5.37e-05
step    320 | train_loss 3.0241 | lr 4.79e-05
step    330 | train_loss 3.4156 | lr 4.36e-05
step    340 | train_loss 3.0609 | lr 4.10e-05
step    350 | train_loss 3.1161 | lr 4.00e-05
step    350 | val_loss 3.1093 | val_ppl 22.41
Saved checkpoint to /home/system/projects/AuthLLM/checkpoints/lr_scaling_quality/alpaca_packed_350_lr0.0004_seed1337/step_350.pt
