Data: 50,869 train / 1,037 val examples (68 dropped as longer than 512 tokens)
Model: medium (123,587,328 parameters), initialized from checkpoints/medium/step_500.pt (step 500)
step     10 | train_loss 4.4134 | lr 2.50e-05
step     20 | train_loss 3.8858 | lr 5.00e-05
step     30 | train_loss 3.9755 | lr 7.50e-05
step     40 | train_loss 3.9981 | lr 1.00e-04
step     50 | train_loss 4.1064 | lr 1.25e-04
step     60 | train_loss 3.9463 | lr 1.50e-04
step     70 | train_loss 3.7445 | lr 1.75e-04
step     80 | train_loss 3.7380 | lr 2.00e-04
step     90 | train_loss 3.9468 | lr 2.25e-04
step    100 | train_loss 4.0581 | lr 2.50e-04
step    110 | train_loss 3.9073 | lr 2.50e-04
step    120 | train_loss 3.8417 | lr 2.50e-04
step    130 | train_loss 3.6687 | lr 2.50e-04
step    140 | train_loss 3.8591 | lr 2.50e-04
step    150 | train_loss 4.0862 | lr 2.49e-04
step    160 | train_loss 3.8403 | lr 2.49e-04
step    170 | train_loss 4.1216 | lr 2.49e-04
step    180 | train_loss 4.1944 | lr 2.48e-04
step    190 | train_loss 3.8732 | lr 2.48e-04
step    200 | train_loss 3.6851 | lr 2.48e-04
step    210 | train_loss 4.3408 | lr 2.47e-04
step    220 | train_loss 3.7447 | lr 2.47e-04
step    228 | val_loss 3.8942 | val_ppl 49.12
step    230 | train_loss 3.8955 | lr 2.46e-04
step    240 | train_loss 3.9930 | lr 2.45e-04
step    250 | train_loss 3.7644 | lr 2.45e-04
step    260 | train_loss 4.2181 | lr 2.44e-04
step    270 | train_loss 3.8508 | lr 2.43e-04
step    280 | train_loss 4.0620 | lr 2.42e-04
step    290 | train_loss 3.5582 | lr 2.41e-04
step    300 | train_loss 3.9616 | lr 2.40e-04
step    310 | train_loss 4.1122 | lr 2.39e-04
step    320 | train_loss 3.8709 | lr 2.38e-04
step    330 | train_loss 4.0637 | lr 2.37e-04
step    340 | train_loss 4.0108 | lr 2.36e-04
step    350 | train_loss 4.2435 | lr 2.35e-04
step    360 | train_loss 3.9355 | lr 2.34e-04
step    370 | train_loss 3.9896 | lr 2.33e-04
step    380 | train_loss 4.2441 | lr 2.31e-04
step    390 | train_loss 3.7696 | lr 2.30e-04
step    400 | train_loss 3.4854 | lr 2.29e-04
step    410 | train_loss 3.8010 | lr 2.27e-04
step    420 | train_loss 4.1045 | lr 2.26e-04
step    430 | train_loss 3.8501 | lr 2.24e-04
step    440 | train_loss 3.8009 | lr 2.23e-04
step    450 | train_loss 3.9673 | lr 2.21e-04
step    456 | val_loss 3.7907 | val_ppl 44.29
step    460 | train_loss 3.9130 | lr 2.20e-04
step    470 | train_loss 3.4629 | lr 2.18e-04
step    480 | train_loss 3.7404 | lr 2.16e-04
step    490 | train_loss 4.0866 | lr 2.15e-04
step    500 | train_loss 3.9720 | lr 2.13e-04
step    510 | train_loss 3.7790 | lr 2.11e-04
step    520 | train_loss 3.9399 | lr 2.09e-04
step    530 | train_loss 4.0424 | lr 2.08e-04
step    540 | train_loss 3.6233 | lr 2.06e-04
step    550 | train_loss 3.5925 | lr 2.04e-04
step    560 | train_loss 3.7336 | lr 2.02e-04
step    570 | train_loss 3.8872 | lr 2.00e-04
step    580 | train_loss 3.7632 | lr 1.98e-04
step    590 | train_loss 3.9072 | lr 1.96e-04
step    600 | train_loss 3.8122 | lr 1.94e-04
step    610 | train_loss 3.5776 | lr 1.92e-04
step    620 | train_loss 3.7772 | lr 1.90e-04
step    630 | train_loss 3.2474 | lr 1.88e-04
step    640 | train_loss 3.8680 | lr 1.86e-04
step    650 | train_loss 3.6530 | lr 1.83e-04
step    660 | train_loss 3.5041 | lr 1.81e-04
step    670 | train_loss 3.6343 | lr 1.79e-04
step    680 | train_loss 3.7503 | lr 1.77e-04
step    684 | val_loss 3.6498 | val_ppl 38.47
step    690 | train_loss 3.6127 | lr 1.75e-04
step    700 | train_loss 3.6316 | lr 1.72e-04
step    710 | train_loss 3.8085 | lr 1.70e-04
step    720 | train_loss 3.6663 | lr 1.68e-04
step    730 | train_loss 3.4937 | lr 1.66e-04
step    740 | train_loss 3.7860 | lr 1.63e-04
step    750 | train_loss 3.7182 | lr 1.61e-04
step    760 | train_loss 3.8056 | lr 1.59e-04
step    770 | train_loss 3.5546 | lr 1.56e-04
step    780 | train_loss 4.0017 | lr 1.54e-04
step    790 | train_loss 3.7356 | lr 1.52e-04
step    800 | train_loss 3.5465 | lr 1.49e-04
step    810 | train_loss 3.5056 | lr 1.47e-04
step    820 | train_loss 3.5105 | lr 1.45e-04
step    830 | train_loss 3.8033 | lr 1.42e-04
step    840 | train_loss 3.6165 | lr 1.40e-04
step    850 | train_loss 3.6981 | lr 1.38e-04
step    860 | train_loss 3.9155 | lr 1.35e-04
step    870 | train_loss 3.3875 | lr 1.33e-04
step    880 | train_loss 3.6336 | lr 1.31e-04
step    890 | train_loss 3.9633 | lr 1.28e-04
step    900 | train_loss 3.8110 | lr 1.26e-04
step    910 | train_loss 3.6087 | lr 1.24e-04
step    912 | val_loss 3.5185 | val_ppl 33.73
step    920 | train_loss 3.5538 | lr 1.21e-04
step    930 | train_loss 3.4572 | lr 1.19e-04
step    940 | train_loss 3.5924 | lr 1.17e-04
step    950 | train_loss 3.6033 | lr 1.14e-04
step    960 | train_loss 3.5063 | lr 1.12e-04
step    970 | train_loss 3.4624 | lr 1.10e-04
step    980 | train_loss 4.1364 | lr 1.07e-04
step    990 | train_loss 3.4745 | lr 1.05e-04
step   1000 | train_loss 3.4990 | lr 1.03e-04
step   1010 | train_loss 3.4239 | lr 1.01e-04
step   1020 | train_loss 3.8479 | lr 9.85e-05
step   1030 | train_loss 3.5336 | lr 9.63e-05
step   1040 | train_loss 3.4888 | lr 9.41e-05
step   1050 | train_loss 3.2497 | lr 9.20e-05
step   1060 | train_loss 3.5061 | lr 8.98e-05
step   1070 | train_loss 3.4301 | lr 8.77e-05
step   1080 | train_loss 3.3531 | lr 8.56e-05
step   1090 | train_loss 3.5238 | lr 8.35e-05
step   1100 | train_loss 3.5407 | lr 8.15e-05
step   1110 | train_loss 3.4775 | lr 7.94e-05
step   1120 | train_loss 3.7584 | lr 7.74e-05
step   1130 | train_loss 3.3912 | lr 7.54e-05
step   1140 | train_loss 3.3916 | lr 7.35e-05
step   1140 | val_loss 3.4151 | val_ppl 30.42
step   1150 | train_loss 3.6917 | lr 7.16e-05
step   1160 | train_loss 3.7748 | lr 6.97e-05
step   1170 | train_loss 3.4148 | lr 6.78e-05
step   1180 | train_loss 3.8157 | lr 6.60e-05
step   1190 | train_loss 3.7206 | lr 6.42e-05
step   1200 | train_loss 3.7469 | lr 6.24e-05
step   1210 | train_loss 3.6252 | lr 6.07e-05
step   1220 | train_loss 3.3024 | lr 5.90e-05
step   1230 | train_loss 3.2103 | lr 5.73e-05
step   1240 | train_loss 3.3845 | lr 5.57e-05
step   1250 | train_loss 3.8621 | lr 5.41e-05
step   1260 | train_loss 3.5642 | lr 5.25e-05
step   1270 | train_loss 3.5946 | lr 5.10e-05
step   1280 | train_loss 3.5736 | lr 4.95e-05
step   1290 | train_loss 2.9755 | lr 4.80e-05
step   1300 | train_loss 3.0420 | lr 4.66e-05
step   1310 | train_loss 3.2740 | lr 4.53e-05
step   1320 | train_loss 3.1661 | lr 4.39e-05
step   1330 | train_loss 3.6954 | lr 4.26e-05
step   1340 | train_loss 3.6292 | lr 4.14e-05
step   1350 | train_loss 3.4496 | lr 4.02e-05
step   1360 | train_loss 3.3637 | lr 3.90e-05
step   1368 | val_loss 3.3262 | val_ppl 27.83
step   1370 | train_loss 3.1599 | lr 3.79e-05
step   1380 | train_loss 3.3056 | lr 3.68e-05
step   1390 | train_loss 3.0173 | lr 3.58e-05
step   1400 | train_loss 3.3764 | lr 3.48e-05
step   1410 | train_loss 3.5867 | lr 3.39e-05
step   1420 | train_loss 3.3689 | lr 3.30e-05
step   1430 | train_loss 3.2926 | lr 3.21e-05
step   1440 | train_loss 3.3854 | lr 3.13e-05
step   1450 | train_loss 3.8579 | lr 3.06e-05
step   1460 | train_loss 3.6231 | lr 2.99e-05
step   1470 | train_loss 3.5674 | lr 2.92e-05
step   1480 | train_loss 3.5168 | lr 2.86e-05
step   1490 | train_loss 3.2837 | lr 2.80e-05
step   1500 | train_loss 3.0918 | lr 2.75e-05
step   1510 | train_loss 4.0981 | lr 2.70e-05
step   1520 | train_loss 3.0529 | lr 2.66e-05
step   1530 | train_loss 3.5229 | lr 2.62e-05
step   1540 | train_loss 3.1448 | lr 2.59e-05
step   1550 | train_loss 3.4591 | lr 2.56e-05
step   1560 | train_loss 3.2359 | lr 2.54e-05
step   1570 | train_loss 3.5808 | lr 2.52e-05
step   1580 | train_loss 3.3888 | lr 2.51e-05
step   1590 | train_loss 2.9329 | lr 2.50e-05
step   1596 | val_loss 3.2859 | val_ppl 26.73
step   1600 | train_loss 2.9729 | lr 2.50e-05
step   1600 | val_loss 3.2867 | val_ppl 26.75
Saved checkpoint to /home/system/projects/AuthLLM/checkpoints/lr_scaling_quality/alpaca_unpacked_1600_lr0.00025_seed1338/step_1600.pt
