Data: 50,869 train / 1,037 val examples (68 dropped as longer than 512 tokens)
Packing: 50,869 examples into 11,220 windows (4.5 per window, 98.8% of positions used)
Model: medium (123,587,328 parameters), initialized from checkpoints/medium/step_500.pt (step 500)
step     10 | train_loss 3.8362 | lr 1.14e-04
step     20 | train_loss 3.7029 | lr 2.27e-04
step     30 | train_loss 3.7343 | lr 2.50e-04
step     40 | train_loss 3.6755 | lr 2.49e-04
step     50 | train_loss 3.5352 | lr 2.46e-04
step     50 | val_loss 3.6180 | val_ppl 37.26
step     60 | train_loss 3.7673 | lr 2.43e-04
step     70 | train_loss 3.5460 | lr 2.39e-04
step     80 | train_loss 3.5569 | lr 2.34e-04
step     90 | train_loss 3.5958 | lr 2.28e-04
step    100 | train_loss 3.5421 | lr 2.21e-04
step    100 | val_loss 3.4719 | val_ppl 32.20
step    110 | train_loss 3.5759 | lr 2.13e-04
step    120 | train_loss 3.4542 | lr 2.05e-04
step    130 | train_loss 3.3984 | lr 1.96e-04
step    140 | train_loss 3.4405 | lr 1.86e-04
step    150 | train_loss 3.4124 | lr 1.77e-04
step    150 | val_loss 3.3432 | val_ppl 28.31
step    160 | train_loss 3.3673 | lr 1.66e-04
step    170 | train_loss 3.1898 | lr 1.56e-04
step    180 | train_loss 3.3517 | lr 1.45e-04
step    190 | train_loss 3.2987 | lr 1.34e-04
step    200 | train_loss 3.1713 | lr 1.24e-04
step    200 | val_loss 3.2462 | val_ppl 25.69
step    210 | train_loss 3.2449 | lr 1.13e-04
step    220 | train_loss 3.2848 | lr 1.03e-04
step    230 | train_loss 3.1510 | lr 9.25e-05
step    240 | train_loss 3.2186 | lr 8.28e-05
step    250 | train_loss 3.1968 | lr 7.37e-05
step    250 | val_loss 3.1722 | val_ppl 23.86
step    260 | train_loss 3.1821 | lr 6.51e-05
step    270 | train_loss 3.1400 | lr 5.72e-05
step    280 | train_loss 3.2177 | lr 5.00e-05
step    290 | train_loss 3.1419 | lr 4.37e-05
step    300 | train_loss 3.1763 | lr 3.82e-05
step    300 | val_loss 3.1211 | val_ppl 22.67
step    310 | train_loss 3.2304 | lr 3.36e-05
step    320 | train_loss 3.2374 | lr 2.99e-05
step    330 | train_loss 3.1951 | lr 2.73e-05
step    340 | train_loss 3.2891 | lr 2.56e-05
step    350 | train_loss 3.0891 | lr 2.50e-05
step    350 | val_loss 3.0885 | val_ppl 21.94
Saved checkpoint to /home/system/projects/AuthLLM/checkpoints/lr_scaling_quality/alpaca_packed_350_lr0.00025_seed1338/step_350.pt
