Data: 50,867 train / 1,039 val examples (68 dropped as longer than 512 tokens)
Packing: 50,867 examples into 11,217 windows (4.5 per window, 98.8% of positions used)
Model: medium (123,587,328 parameters), initialized from checkpoints/medium/step_500.pt (step 500)
step     10 | train_loss 3.8881 | lr 2.73e-04
step     20 | train_loss 3.8108 | lr 5.45e-04
step     30 | train_loss 4.0619 | lr 5.99e-04
step     40 | train_loss 4.0632 | lr 5.96e-04
step     50 | train_loss 3.8146 | lr 5.91e-04
step     50 | val_loss 3.9328 | val_ppl 51.05
step     60 | train_loss 3.7519 | lr 5.83e-04
step     70 | train_loss 3.7442 | lr 5.73e-04
step     80 | train_loss 3.6939 | lr 5.61e-04
step     90 | train_loss 3.8248 | lr 5.46e-04
step    100 | train_loss 3.7447 | lr 5.30e-04
step    100 | val_loss 3.7810 | val_ppl 43.86
step    110 | train_loss 3.6712 | lr 5.12e-04
step    120 | train_loss 3.5673 | lr 4.92e-04
step    130 | train_loss 3.6529 | lr 4.70e-04
step    140 | train_loss 3.5890 | lr 4.47e-04
step    150 | train_loss 3.4926 | lr 4.24e-04
step    150 | val_loss 3.6387 | val_ppl 38.04
step    160 | train_loss 3.3608 | lr 3.99e-04
step    170 | train_loss 3.3103 | lr 3.74e-04
step    180 | train_loss 3.4522 | lr 3.48e-04
step    190 | train_loss 3.3186 | lr 3.22e-04
step    200 | train_loss 3.3999 | lr 2.96e-04
step    200 | val_loss 3.4850 | val_ppl 32.62
step    210 | train_loss 3.4675 | lr 2.71e-04
step    220 | train_loss 3.1743 | lr 2.46e-04
step    230 | train_loss 3.3257 | lr 2.22e-04
step    240 | train_loss 3.2987 | lr 1.99e-04
step    250 | train_loss 3.2105 | lr 1.77e-04
step    250 | val_loss 3.3638 | val_ppl 28.90
step    260 | train_loss 3.2247 | lr 1.56e-04
step    270 | train_loss 3.0897 | lr 1.37e-04
step    280 | train_loss 3.2661 | lr 1.20e-04
step    290 | train_loss 3.3136 | lr 1.05e-04
step    300 | train_loss 3.3321 | lr 9.16e-05
step    300 | val_loss 3.2660 | val_ppl 26.21
step    310 | train_loss 3.0289 | lr 8.06e-05
step    320 | train_loss 3.1658 | lr 7.18e-05
step    330 | train_loss 3.1718 | lr 6.54e-05
step    340 | train_loss 3.1184 | lr 6.15e-05
step    350 | train_loss 3.1963 | lr 6.00e-05
step    350 | val_loss 3.2166 | val_ppl 24.94
Saved checkpoint to /home/system/projects/AuthLLM/checkpoints/lr_scaling_quality/alpaca_packed_350_lr0.0006_seed1339/step_350.pt
