Data: 50,867 train / 1,039 val examples (68 dropped as longer than 512 tokens)
Model: medium (123,587,328 parameters), initialized from checkpoints/medium/step_500.pt (step 500)
step     10 | train_loss 4.3532 | lr 9.00e-06
step     20 | train_loss 3.7994 | lr 1.80e-05
step     30 | train_loss 4.0099 | lr 2.70e-05
step     40 | train_loss 4.1252 | lr 3.60e-05
step     50 | train_loss 4.0462 | lr 4.50e-05
step     60 | train_loss 3.9442 | lr 5.40e-05
step     70 | train_loss 3.6311 | lr 6.30e-05
step     80 | train_loss 3.7279 | lr 7.20e-05
step     90 | train_loss 4.1000 | lr 8.10e-05
step    100 | train_loss 4.1205 | lr 9.00e-05
step    110 | train_loss 4.0416 | lr 9.00e-05
step    120 | train_loss 3.5537 | lr 9.00e-05
step    130 | train_loss 3.6085 | lr 8.99e-05
step    140 | train_loss 3.7657 | lr 8.99e-05
step    150 | train_loss 3.7675 | lr 8.98e-05
step    160 | train_loss 3.6128 | lr 8.97e-05
step    170 | train_loss 3.5642 | lr 8.96e-05
step    180 | train_loss 3.8794 | lr 8.94e-05
step    190 | train_loss 3.8205 | lr 8.93e-05
step    200 | train_loss 3.8246 | lr 8.91e-05
step    210 | train_loss 3.6721 | lr 8.89e-05
step    220 | train_loss 3.8114 | lr 8.87e-05
step    228 | val_loss 3.7247 | val_ppl 41.46
step    230 | train_loss 3.4940 | lr 8.85e-05
step    240 | train_loss 3.5266 | lr 8.83e-05
step    250 | train_loss 3.5716 | lr 8.80e-05
step    260 | train_loss 3.6879 | lr 8.78e-05
step    270 | train_loss 3.5760 | lr 8.75e-05
step    280 | train_loss 3.6459 | lr 8.72e-05
step    290 | train_loss 3.5243 | lr 8.69e-05
step    300 | train_loss 4.1477 | lr 8.65e-05
step    310 | train_loss 3.5956 | lr 8.62e-05
step    320 | train_loss 3.6952 | lr 8.58e-05
step    330 | train_loss 3.4809 | lr 8.54e-05
step    340 | train_loss 3.8839 | lr 8.50e-05
step    350 | train_loss 3.6630 | lr 8.46e-05
step    360 | train_loss 3.6408 | lr 8.42e-05
step    370 | train_loss 3.4396 | lr 8.37e-05
step    380 | train_loss 3.6824 | lr 8.33e-05
step    390 | train_loss 3.4710 | lr 8.28e-05
step    400 | train_loss 3.6668 | lr 8.23e-05
step    410 | train_loss 3.7512 | lr 8.18e-05
step    420 | train_loss 3.5778 | lr 8.13e-05
step    430 | train_loss 3.4723 | lr 8.08e-05
step    440 | train_loss 3.4665 | lr 8.02e-05
step    450 | train_loss 3.5210 | lr 7.97e-05
step    456 | val_loss 3.6333 | val_ppl 37.84
step    460 | train_loss 3.3681 | lr 7.91e-05
step    470 | train_loss 3.7508 | lr 7.85e-05
step    480 | train_loss 3.2512 | lr 7.79e-05
step    490 | train_loss 3.7984 | lr 7.73e-05
step    500 | train_loss 3.6080 | lr 7.67e-05
step    510 | train_loss 3.6444 | lr 7.60e-05
step    520 | train_loss 3.4401 | lr 7.54e-05
step    530 | train_loss 3.4423 | lr 7.47e-05
step    540 | train_loss 3.6070 | lr 7.41e-05
step    550 | train_loss 3.6116 | lr 7.34e-05
step    560 | train_loss 3.2765 | lr 7.27e-05
step    570 | train_loss 3.7658 | lr 7.20e-05
step    580 | train_loss 3.5549 | lr 7.13e-05
step    590 | train_loss 3.4495 | lr 7.06e-05
step    600 | train_loss 3.3318 | lr 6.98e-05
step    610 | train_loss 3.4955 | lr 6.91e-05
step    620 | train_loss 3.1952 | lr 6.83e-05
step    630 | train_loss 3.5767 | lr 6.76e-05
step    640 | train_loss 3.6398 | lr 6.68e-05
step    650 | train_loss 3.7415 | lr 6.61e-05
step    660 | train_loss 3.3625 | lr 6.53e-05
step    670 | train_loss 3.5064 | lr 6.45e-05
step    680 | train_loss 3.6314 | lr 6.37e-05
step    684 | val_loss 3.5628 | val_ppl 35.26
step    690 | train_loss 3.4041 | lr 6.29e-05
step    700 | train_loss 3.3148 | lr 6.21e-05
step    710 | train_loss 3.6325 | lr 6.13e-05
step    720 | train_loss 3.3937 | lr 6.05e-05
step    730 | train_loss 3.5438 | lr 5.97e-05
step    740 | train_loss 3.4498 | lr 5.88e-05
step    750 | train_loss 3.5184 | lr 5.80e-05
step    760 | train_loss 3.5913 | lr 5.72e-05
step    770 | train_loss 3.5071 | lr 5.63e-05
step    780 | train_loss 3.6513 | lr 5.55e-05
step    790 | train_loss 3.5564 | lr 5.47e-05
step    800 | train_loss 3.5664 | lr 5.38e-05
step    810 | train_loss 3.5834 | lr 5.30e-05
step    820 | train_loss 3.7155 | lr 5.21e-05
step    830 | train_loss 3.6031 | lr 5.13e-05
step    840 | train_loss 3.3181 | lr 5.04e-05
step    850 | train_loss 3.8172 | lr 4.96e-05
step    860 | train_loss 3.7521 | lr 4.87e-05
step    870 | train_loss 3.3897 | lr 4.79e-05
step    880 | train_loss 3.6239 | lr 4.70e-05
step    890 | train_loss 3.6475 | lr 4.62e-05
step    900 | train_loss 3.3242 | lr 4.54e-05
step    910 | train_loss 3.5033 | lr 4.45e-05
step    912 | val_loss 3.5016 | val_ppl 33.17
step    920 | train_loss 3.4251 | lr 4.37e-05
step    930 | train_loss 3.8051 | lr 4.28e-05
step    940 | train_loss 3.1531 | lr 4.20e-05
step    950 | train_loss 3.1274 | lr 4.12e-05
step    960 | train_loss 3.6517 | lr 4.03e-05
step    970 | train_loss 3.7174 | lr 3.95e-05
step    980 | train_loss 3.9101 | lr 3.87e-05
step    990 | train_loss 3.2668 | lr 3.79e-05
step   1000 | train_loss 3.6103 | lr 3.71e-05
step   1010 | train_loss 3.5857 | lr 3.63e-05
step   1020 | train_loss 3.5100 | lr 3.55e-05
step   1030 | train_loss 3.4862 | lr 3.47e-05
step   1040 | train_loss 3.5685 | lr 3.39e-05
step   1050 | train_loss 3.4765 | lr 3.31e-05
step   1060 | train_loss 3.2428 | lr 3.23e-05
step   1070 | train_loss 3.1625 | lr 3.16e-05
step   1080 | train_loss 3.3036 | lr 3.08e-05
step   1090 | train_loss 3.4879 | lr 3.01e-05
step   1100 | train_loss 3.3597 | lr 2.93e-05
step   1110 | train_loss 3.4942 | lr 2.86e-05
step   1120 | train_loss 3.3824 | lr 2.79e-05
step   1130 | train_loss 3.5287 | lr 2.72e-05
step   1140 | train_loss 3.2208 | lr 2.65e-05
step   1140 | val_loss 3.4512 | val_ppl 31.54
step   1150 | train_loss 3.5796 | lr 2.58e-05
step   1160 | train_loss 3.3971 | lr 2.51e-05
step   1170 | train_loss 3.5399 | lr 2.44e-05
step   1180 | train_loss 3.2116 | lr 2.37e-05
step   1190 | train_loss 3.6347 | lr 2.31e-05
step   1200 | train_loss 3.3980 | lr 2.25e-05
step   1210 | train_loss 3.6503 | lr 2.18e-05
step   1220 | train_loss 3.4729 | lr 2.12e-05
step   1230 | train_loss 3.5886 | lr 2.06e-05
step   1240 | train_loss 3.1630 | lr 2.00e-05
step   1250 | train_loss 3.2609 | lr 1.95e-05
step   1260 | train_loss 3.2526 | lr 1.89e-05
step   1270 | train_loss 3.4611 | lr 1.83e-05
step   1280 | train_loss 3.1856 | lr 1.78e-05
step   1290 | train_loss 3.2049 | lr 1.73e-05
step   1300 | train_loss 3.2197 | lr 1.68e-05
step   1310 | train_loss 3.0072 | lr 1.63e-05
step   1320 | train_loss 3.2486 | lr 1.58e-05
step   1330 | train_loss 3.7007 | lr 1.54e-05
step   1340 | train_loss 3.4068 | lr 1.49e-05
step   1350 | train_loss 3.2798 | lr 1.45e-05
step   1360 | train_loss 3.3632 | lr 1.41e-05
step   1368 | val_loss 3.4153 | val_ppl 30.43
step   1370 | train_loss 3.6228 | lr 1.36e-05
step   1380 | train_loss 3.2251 | lr 1.33e-05
step   1390 | train_loss 3.3119 | lr 1.29e-05
step   1400 | train_loss 3.5383 | lr 1.25e-05
step   1410 | train_loss 3.3752 | lr 1.22e-05
step   1420 | train_loss 3.2058 | lr 1.19e-05
step   1430 | train_loss 3.2652 | lr 1.16e-05
step   1440 | train_loss 3.1599 | lr 1.13e-05
step   1450 | train_loss 3.3825 | lr 1.10e-05
step   1460 | train_loss 3.4842 | lr 1.08e-05
step   1470 | train_loss 3.3039 | lr 1.05e-05
step   1480 | train_loss 3.5187 | lr 1.03e-05
step   1490 | train_loss 3.4444 | lr 1.01e-05
step   1500 | train_loss 3.4234 | lr 9.90e-06
step   1510 | train_loss 3.6954 | lr 9.73e-06
step   1520 | train_loss 3.1206 | lr 9.58e-06
step   1530 | train_loss 3.1445 | lr 9.45e-06
step   1540 | train_loss 3.3431 | lr 9.33e-06
step   1550 | train_loss 3.3612 | lr 9.23e-06
step   1560 | train_loss 3.2921 | lr 9.15e-06
step   1570 | train_loss 3.2770 | lr 9.09e-06
step   1580 | train_loss 2.8346 | lr 9.04e-06
step   1590 | train_loss 3.2590 | lr 9.01e-06
step   1596 | val_loss 3.3963 | val_ppl 29.85
step   1600 | train_loss 2.7761 | lr 9.00e-06
step   1600 | val_loss 3.3963 | val_ppl 29.85
Saved checkpoint to /home/system/projects/AuthLLM/checkpoints/lr_scaling_quality/alpaca_unpacked_1600_lr9e-05_seed1339/step_1600.pt
