Data: 50,867 train / 1,039 val examples (68 dropped as longer than 512 tokens)
Packing: 50,867 examples into 11,217 windows (4.5 per window, 98.8% of positions used)
Model: medium (123,587,328 parameters), initialized from checkpoints/medium/step_500.pt (step 500)
step     10 | train_loss 3.8849 | lr 1.82e-04
step     20 | train_loss 3.7491 | lr 3.64e-04
step     30 | train_loss 3.9413 | lr 4.00e-04
step     40 | train_loss 3.9341 | lr 3.98e-04
step     50 | train_loss 3.7197 | lr 3.94e-04
step     50 | val_loss 3.8033 | val_ppl 44.85
step     60 | train_loss 3.6559 | lr 3.89e-04
step     70 | train_loss 3.6338 | lr 3.82e-04
step     80 | train_loss 3.6075 | lr 3.74e-04
step     90 | train_loss 3.7050 | lr 3.64e-04
step    100 | train_loss 3.6186 | lr 3.53e-04
step    100 | val_loss 3.6566 | val_ppl 38.73
step    110 | train_loss 3.5661 | lr 3.41e-04
step    120 | train_loss 3.4609 | lr 3.28e-04
step    130 | train_loss 3.5437 | lr 3.13e-04
step    140 | train_loss 3.4719 | lr 2.98e-04
step    150 | train_loss 3.3824 | lr 2.82e-04
step    150 | val_loss 3.5408 | val_ppl 34.49
step    160 | train_loss 3.2848 | lr 2.66e-04
step    170 | train_loss 3.2292 | lr 2.49e-04
step    180 | train_loss 3.3776 | lr 2.32e-04
step    190 | train_loss 3.2679 | lr 2.15e-04
step    200 | train_loss 3.3295 | lr 1.98e-04
step    200 | val_loss 3.4086 | val_ppl 30.22
step    210 | train_loss 3.4138 | lr 1.81e-04
step    220 | train_loss 3.1282 | lr 1.64e-04
step    230 | train_loss 3.2783 | lr 1.48e-04
step    240 | train_loss 3.2552 | lr 1.32e-04
step    250 | train_loss 3.1884 | lr 1.18e-04
step    250 | val_loss 3.3218 | val_ppl 27.71
step    260 | train_loss 3.1782 | lr 1.04e-04
step    270 | train_loss 3.0639 | lr 9.15e-05
step    280 | train_loss 3.2336 | lr 8.00e-05
step    290 | train_loss 3.2950 | lr 6.99e-05
step    300 | train_loss 3.3089 | lr 6.11e-05
step    300 | val_loss 3.2480 | val_ppl 25.74
step    310 | train_loss 3.0203 | lr 5.37e-05
step    320 | train_loss 3.1502 | lr 4.79e-05
step    330 | train_loss 3.1751 | lr 4.36e-05
step    340 | train_loss 3.1043 | lr 4.10e-05
step    350 | train_loss 3.1852 | lr 4.00e-05
step    350 | val_loss 3.2058 | val_ppl 24.67
Saved checkpoint to /home/system/projects/AuthLLM/checkpoints/lr_scaling_quality/alpaca_packed_350_lr0.0004_seed1339/step_350.pt
