Data: 50,868 train / 1,038 val examples (68 dropped as longer than 512 tokens)
Model: medium (123,587,328 parameters), initialized from checkpoints/medium/step_500.pt (step 500)
step     10 | train_loss 4.3858 | lr 2.50e-05
step     20 | train_loss 4.1606 | lr 5.00e-05
step     30 | train_loss 3.8259 | lr 7.50e-05
step     40 | train_loss 3.8287 | lr 1.00e-04
step     50 | train_loss 3.8864 | lr 1.25e-04
step     60 | train_loss 4.0230 | lr 1.50e-04
step     70 | train_loss 3.6450 | lr 1.75e-04
step     80 | train_loss 3.6549 | lr 2.00e-04
step     90 | train_loss 3.6054 | lr 2.25e-04
step    100 | train_loss 3.8424 | lr 2.50e-04
step    110 | train_loss 3.9346 | lr 2.50e-04
step    120 | train_loss 4.0042 | lr 2.50e-04
step    130 | train_loss 3.8104 | lr 2.50e-04
step    140 | train_loss 4.1031 | lr 2.50e-04
step    150 | train_loss 3.9378 | lr 2.49e-04
step    160 | train_loss 3.9070 | lr 2.49e-04
step    170 | train_loss 3.9662 | lr 2.49e-04
step    180 | train_loss 4.1152 | lr 2.48e-04
step    190 | train_loss 4.1907 | lr 2.48e-04
step    200 | train_loss 3.8419 | lr 2.48e-04
step    210 | train_loss 3.9717 | lr 2.47e-04
step    220 | train_loss 3.8923 | lr 2.47e-04
step    228 | val_loss 3.9181 | val_ppl 50.31
step    230 | train_loss 3.9685 | lr 2.46e-04
step    240 | train_loss 4.0554 | lr 2.45e-04
step    250 | train_loss 3.7708 | lr 2.45e-04
step    260 | train_loss 3.8178 | lr 2.44e-04
step    270 | train_loss 3.7917 | lr 2.43e-04
step    280 | train_loss 3.8517 | lr 2.42e-04
step    290 | train_loss 3.7574 | lr 2.41e-04
step    300 | train_loss 3.9967 | lr 2.40e-04
step    310 | train_loss 4.0638 | lr 2.39e-04
step    320 | train_loss 3.8246 | lr 2.38e-04
step    330 | train_loss 4.3718 | lr 2.37e-04
step    340 | train_loss 3.9806 | lr 2.36e-04
step    350 | train_loss 4.1073 | lr 2.35e-04
step    360 | train_loss 3.9756 | lr 2.34e-04
step    370 | train_loss 3.8431 | lr 2.33e-04
step    380 | train_loss 4.1283 | lr 2.31e-04
step    390 | train_loss 3.8968 | lr 2.30e-04
step    400 | train_loss 3.6931 | lr 2.29e-04
step    410 | train_loss 3.8459 | lr 2.27e-04
step    420 | train_loss 4.0623 | lr 2.26e-04
step    430 | train_loss 4.1366 | lr 2.24e-04
step    440 | train_loss 3.9956 | lr 2.23e-04
step    450 | train_loss 4.0498 | lr 2.21e-04
step    456 | val_loss 3.8140 | val_ppl 45.33
step    460 | train_loss 3.5603 | lr 2.20e-04
step    470 | train_loss 3.9877 | lr 2.18e-04
step    480 | train_loss 3.8765 | lr 2.16e-04
step    490 | train_loss 3.9634 | lr 2.15e-04
step    500 | train_loss 3.7209 | lr 2.13e-04
step    510 | train_loss 3.8128 | lr 2.11e-04
step    520 | train_loss 3.6994 | lr 2.09e-04
step    530 | train_loss 3.4302 | lr 2.08e-04
step    540 | train_loss 3.7434 | lr 2.06e-04
step    550 | train_loss 3.8341 | lr 2.04e-04
step    560 | train_loss 3.6424 | lr 2.02e-04
step    570 | train_loss 3.7167 | lr 2.00e-04
step    580 | train_loss 3.9498 | lr 1.98e-04
step    590 | train_loss 3.5526 | lr 1.96e-04
step    600 | train_loss 3.7700 | lr 1.94e-04
step    610 | train_loss 3.7317 | lr 1.92e-04
step    620 | train_loss 4.0209 | lr 1.90e-04
step    630 | train_loss 3.6267 | lr 1.88e-04
step    640 | train_loss 3.8183 | lr 1.86e-04
step    650 | train_loss 3.6299 | lr 1.83e-04
step    660 | train_loss 3.6777 | lr 1.81e-04
step    670 | train_loss 3.7475 | lr 1.79e-04
step    680 | train_loss 3.1575 | lr 1.77e-04
step    684 | val_loss 3.7014 | val_ppl 40.50
step    690 | train_loss 3.9630 | lr 1.75e-04
step    700 | train_loss 3.5705 | lr 1.72e-04
step    710 | train_loss 3.7613 | lr 1.70e-04
step    720 | train_loss 3.5640 | lr 1.68e-04
step    730 | train_loss 3.7378 | lr 1.66e-04
step    740 | train_loss 3.5947 | lr 1.63e-04
step    750 | train_loss 3.7579 | lr 1.61e-04
step    760 | train_loss 3.8190 | lr 1.59e-04
step    770 | train_loss 3.5929 | lr 1.56e-04
step    780 | train_loss 3.8339 | lr 1.54e-04
step    790 | train_loss 3.8985 | lr 1.52e-04
step    800 | train_loss 3.7837 | lr 1.49e-04
step    810 | train_loss 3.6559 | lr 1.47e-04
step    820 | train_loss 3.5063 | lr 1.45e-04
step    830 | train_loss 3.5097 | lr 1.42e-04
step    840 | train_loss 3.5408 | lr 1.40e-04
step    850 | train_loss 3.4980 | lr 1.38e-04
step    860 | train_loss 3.3441 | lr 1.35e-04
step    870 | train_loss 3.4033 | lr 1.33e-04
step    880 | train_loss 3.4755 | lr 1.31e-04
step    890 | train_loss 3.5230 | lr 1.28e-04
step    900 | train_loss 3.8866 | lr 1.26e-04
step    910 | train_loss 3.1593 | lr 1.24e-04
step    912 | val_loss 3.5731 | val_ppl 35.63
step    920 | train_loss 3.4318 | lr 1.21e-04
step    930 | train_loss 3.5005 | lr 1.19e-04
step    940 | train_loss 3.4115 | lr 1.17e-04
step    950 | train_loss 3.9504 | lr 1.14e-04
step    960 | train_loss 4.0375 | lr 1.12e-04
step    970 | train_loss 3.6294 | lr 1.10e-04
step    980 | train_loss 3.7530 | lr 1.07e-04
step    990 | train_loss 3.6343 | lr 1.05e-04
step   1000 | train_loss 3.1326 | lr 1.03e-04
step   1010 | train_loss 3.7393 | lr 1.01e-04
step   1020 | train_loss 3.4904 | lr 9.85e-05
step   1030 | train_loss 3.6103 | lr 9.63e-05
step   1040 | train_loss 3.6464 | lr 9.41e-05
step   1050 | train_loss 3.6411 | lr 9.20e-05
step   1060 | train_loss 3.6673 | lr 8.98e-05
step   1070 | train_loss 3.7241 | lr 8.77e-05
step   1080 | train_loss 3.3574 | lr 8.56e-05
step   1090 | train_loss 3.7279 | lr 8.35e-05
step   1100 | train_loss 3.1832 | lr 8.15e-05
step   1110 | train_loss 3.6466 | lr 7.94e-05
step   1120 | train_loss 3.4621 | lr 7.74e-05
step   1130 | train_loss 3.6368 | lr 7.54e-05
step   1140 | train_loss 3.5216 | lr 7.35e-05
step   1140 | val_loss 3.4563 | val_ppl 31.70
step   1150 | train_loss 3.5509 | lr 7.16e-05
step   1160 | train_loss 3.4317 | lr 6.97e-05
step   1170 | train_loss 3.5076 | lr 6.78e-05
step   1180 | train_loss 2.9948 | lr 6.60e-05
step   1190 | train_loss 3.5668 | lr 6.42e-05
step   1200 | train_loss 3.5890 | lr 6.24e-05
step   1210 | train_loss 3.3391 | lr 6.07e-05
step   1220 | train_loss 3.3764 | lr 5.90e-05
step   1230 | train_loss 3.5435 | lr 5.73e-05
step   1240 | train_loss 3.4374 | lr 5.57e-05
step   1250 | train_loss 3.6627 | lr 5.41e-05
step   1260 | train_loss 3.0125 | lr 5.25e-05
step   1270 | train_loss 3.2874 | lr 5.10e-05
step   1280 | train_loss 3.5286 | lr 4.95e-05
step   1290 | train_loss 3.2184 | lr 4.80e-05
step   1300 | train_loss 3.7004 | lr 4.66e-05
step   1310 | train_loss 3.2609 | lr 4.53e-05
step   1320 | train_loss 3.2284 | lr 4.39e-05
step   1330 | train_loss 3.6748 | lr 4.26e-05
step   1340 | train_loss 3.4382 | lr 4.14e-05
step   1350 | train_loss 3.4958 | lr 4.02e-05
step   1360 | train_loss 3.5324 | lr 3.90e-05
step   1368 | val_loss 3.3803 | val_ppl 29.38
step   1370 | train_loss 3.0824 | lr 3.79e-05
step   1380 | train_loss 3.6872 | lr 3.68e-05
step   1390 | train_loss 3.3556 | lr 3.58e-05
step   1400 | train_loss 3.4494 | lr 3.48e-05
step   1410 | train_loss 3.1880 | lr 3.39e-05
step   1420 | train_loss 3.5953 | lr 3.30e-05
step   1430 | train_loss 3.6481 | lr 3.21e-05
step   1440 | train_loss 3.3115 | lr 3.13e-05
step   1450 | train_loss 3.2793 | lr 3.06e-05
step   1460 | train_loss 3.5135 | lr 2.99e-05
step   1470 | train_loss 3.4186 | lr 2.92e-05
step   1480 | train_loss 3.1459 | lr 2.86e-05
step   1490 | train_loss 3.7809 | lr 2.80e-05
step   1500 | train_loss 3.5504 | lr 2.75e-05
step   1510 | train_loss 3.0773 | lr 2.70e-05
step   1520 | train_loss 3.3464 | lr 2.66e-05
step   1530 | train_loss 3.4265 | lr 2.62e-05
step   1540 | train_loss 3.1638 | lr 2.59e-05
step   1550 | train_loss 3.5069 | lr 2.56e-05
step   1560 | train_loss 3.1583 | lr 2.54e-05
step   1570 | train_loss 3.2787 | lr 2.52e-05
step   1580 | train_loss 3.3162 | lr 2.51e-05
step   1590 | train_loss 3.1205 | lr 2.50e-05
step   1596 | val_loss 3.3333 | val_ppl 28.03
step   1600 | train_loss 3.0734 | lr 2.50e-05
step   1600 | val_loss 3.3335 | val_ppl 28.04
Saved checkpoint to /home/system/projects/AuthLLM/checkpoints/lr_scaling_quality/alpaca_unpacked_1600_lr0.00025_seed1337/step_1600.pt
