Data: 50,867 train / 1,039 val examples (68 dropped as longer than 512 tokens)
Packing: 50,867 examples into 11,217 windows (4.5 per window, 98.8% of positions used)
Model: medium (123,587,328 parameters), initialized from checkpoints/medium/step_500.pt (step 500)
step     10 | train_loss 3.9115 | lr 1.14e-04
step     20 | train_loss 3.7214 | lr 2.27e-04
step     30 | train_loss 3.8718 | lr 2.50e-04
step     40 | train_loss 3.8623 | lr 2.49e-04
step     50 | train_loss 3.6472 | lr 2.46e-04
step     50 | val_loss 3.7173 | val_ppl 41.15
step     60 | train_loss 3.5779 | lr 2.43e-04
step     70 | train_loss 3.5514 | lr 2.39e-04
step     80 | train_loss 3.5312 | lr 2.34e-04
step     90 | train_loss 3.6382 | lr 2.28e-04
step    100 | train_loss 3.5458 | lr 2.21e-04
step    100 | val_loss 3.5820 | val_ppl 35.94
step    110 | train_loss 3.4957 | lr 2.13e-04
step    120 | train_loss 3.4072 | lr 2.05e-04
step    130 | train_loss 3.4720 | lr 1.96e-04
step    140 | train_loss 3.4138 | lr 1.86e-04
step    150 | train_loss 3.3227 | lr 1.77e-04
step    150 | val_loss 3.4668 | val_ppl 32.03
step    160 | train_loss 3.2389 | lr 1.66e-04
step    170 | train_loss 3.1801 | lr 1.56e-04
step    180 | train_loss 3.3484 | lr 1.45e-04
step    190 | train_loss 3.2295 | lr 1.34e-04
step    200 | train_loss 3.2945 | lr 1.24e-04
step    200 | val_loss 3.3731 | val_ppl 29.17
step    210 | train_loss 3.3777 | lr 1.13e-04
step    220 | train_loss 3.1057 | lr 1.03e-04
step    230 | train_loss 3.2576 | lr 9.25e-05
step    240 | train_loss 3.2363 | lr 8.28e-05
step    250 | train_loss 3.1785 | lr 7.37e-05
step    250 | val_loss 3.3021 | val_ppl 27.17
step    260 | train_loss 3.1601 | lr 6.51e-05
step    270 | train_loss 3.0803 | lr 5.72e-05
step    280 | train_loss 3.2503 | lr 5.00e-05
step    290 | train_loss 3.2937 | lr 4.37e-05
step    300 | train_loss 3.3120 | lr 3.82e-05
step    300 | val_loss 3.2474 | val_ppl 25.72
step    310 | train_loss 3.0372 | lr 3.36e-05
step    320 | train_loss 3.1598 | lr 2.99e-05
step    330 | train_loss 3.1914 | lr 2.73e-05
step    340 | train_loss 3.1220 | lr 2.56e-05
step    350 | train_loss 3.2063 | lr 2.50e-05
step    350 | val_loss 3.2183 | val_ppl 24.99
Saved checkpoint to /home/system/projects/AuthLLM/checkpoints/lr_scaling_quality/alpaca_packed_350_lr0.00025_seed1339/step_350.pt
