Data: 50,869 train / 1,037 val examples (68 dropped as longer than 512 tokens)
Model: medium (123,587,328 parameters), initialized from checkpoints/medium/step_500.pt (step 500)
step     10 | train_loss 4.4932 | lr 9.00e-06
step     20 | train_loss 3.9522 | lr 1.80e-05
step     30 | train_loss 4.0237 | lr 2.70e-05
step     40 | train_loss 4.0546 | lr 3.60e-05
step     50 | train_loss 4.1621 | lr 4.50e-05
step     60 | train_loss 3.9329 | lr 5.40e-05
step     70 | train_loss 3.7042 | lr 6.30e-05
step     80 | train_loss 3.7206 | lr 7.20e-05
step     90 | train_loss 3.8494 | lr 8.10e-05
step    100 | train_loss 3.9432 | lr 9.00e-05
step    110 | train_loss 3.7343 | lr 9.00e-05
step    120 | train_loss 3.6992 | lr 9.00e-05
step    130 | train_loss 3.5186 | lr 8.99e-05
step    140 | train_loss 3.7043 | lr 8.99e-05
step    150 | train_loss 3.8720 | lr 8.98e-05
step    160 | train_loss 3.6360 | lr 8.97e-05
step    170 | train_loss 3.9037 | lr 8.96e-05
step    180 | train_loss 3.9224 | lr 8.94e-05
step    190 | train_loss 3.7171 | lr 8.93e-05
step    200 | train_loss 3.4923 | lr 8.91e-05
step    210 | train_loss 3.9775 | lr 8.89e-05
step    220 | train_loss 3.5889 | lr 8.87e-05
step    228 | val_loss 3.6517 | val_ppl 38.54
step    230 | train_loss 3.6372 | lr 8.85e-05
step    240 | train_loss 3.7453 | lr 8.83e-05
step    250 | train_loss 3.5096 | lr 8.80e-05
step    260 | train_loss 3.9096 | lr 8.78e-05
step    270 | train_loss 3.6326 | lr 8.75e-05
step    280 | train_loss 3.7696 | lr 8.72e-05
step    290 | train_loss 3.2893 | lr 8.69e-05
step    300 | train_loss 3.7165 | lr 8.65e-05
step    310 | train_loss 3.8142 | lr 8.62e-05
step    320 | train_loss 3.5819 | lr 8.58e-05
step    330 | train_loss 3.7759 | lr 8.54e-05
step    340 | train_loss 3.6184 | lr 8.50e-05
step    350 | train_loss 3.8790 | lr 8.46e-05
step    360 | train_loss 3.7314 | lr 8.42e-05
step    370 | train_loss 3.7132 | lr 8.37e-05
step    380 | train_loss 4.0004 | lr 8.33e-05
step    390 | train_loss 3.4820 | lr 8.28e-05
step    400 | train_loss 3.2536 | lr 8.23e-05
step    410 | train_loss 3.5205 | lr 8.18e-05
step    420 | train_loss 3.8631 | lr 8.13e-05
step    430 | train_loss 3.5602 | lr 8.08e-05
step    440 | train_loss 3.5193 | lr 8.02e-05
step    450 | train_loss 3.7199 | lr 7.97e-05
step    456 | val_loss 3.5336 | val_ppl 34.25
step    460 | train_loss 3.6501 | lr 7.91e-05
step    470 | train_loss 3.2089 | lr 7.85e-05
step    480 | train_loss 3.4640 | lr 7.79e-05
step    490 | train_loss 3.7696 | lr 7.73e-05
step    500 | train_loss 3.6916 | lr 7.67e-05
step    510 | train_loss 3.5292 | lr 7.60e-05
step    520 | train_loss 3.6889 | lr 7.54e-05
step    530 | train_loss 3.7653 | lr 7.47e-05
step    540 | train_loss 3.3880 | lr 7.41e-05
step    550 | train_loss 3.3483 | lr 7.34e-05
step    560 | train_loss 3.5383 | lr 7.27e-05
step    570 | train_loss 3.6503 | lr 7.20e-05
step    580 | train_loss 3.5423 | lr 7.13e-05
step    590 | train_loss 3.6876 | lr 7.06e-05
step    600 | train_loss 3.6017 | lr 6.98e-05
step    610 | train_loss 3.4137 | lr 6.91e-05
step    620 | train_loss 3.5131 | lr 6.83e-05
step    630 | train_loss 3.0520 | lr 6.76e-05
step    640 | train_loss 3.6660 | lr 6.68e-05
step    650 | train_loss 3.4282 | lr 6.61e-05
step    660 | train_loss 3.3333 | lr 6.53e-05
step    670 | train_loss 3.4140 | lr 6.45e-05
step    680 | train_loss 3.5485 | lr 6.37e-05
step    684 | val_loss 3.4588 | val_ppl 31.78
step    690 | train_loss 3.4381 | lr 6.29e-05
step    700 | train_loss 3.4343 | lr 6.21e-05
step    710 | train_loss 3.6099 | lr 6.13e-05
step    720 | train_loss 3.5175 | lr 6.05e-05
step    730 | train_loss 3.2652 | lr 5.97e-05
step    740 | train_loss 3.5633 | lr 5.88e-05
step    750 | train_loss 3.5062 | lr 5.80e-05
step    760 | train_loss 3.6013 | lr 5.72e-05
step    770 | train_loss 3.3568 | lr 5.63e-05
step    780 | train_loss 3.7263 | lr 5.55e-05
step    790 | train_loss 3.5236 | lr 5.47e-05
step    800 | train_loss 3.4040 | lr 5.38e-05
step    810 | train_loss 3.3613 | lr 5.30e-05
step    820 | train_loss 3.3686 | lr 5.21e-05
step    830 | train_loss 3.5702 | lr 5.13e-05
step    840 | train_loss 3.4732 | lr 5.04e-05
step    850 | train_loss 3.5495 | lr 4.96e-05
step    860 | train_loss 3.7234 | lr 4.87e-05
step    870 | train_loss 3.2836 | lr 4.79e-05
step    880 | train_loss 3.4321 | lr 4.70e-05
step    890 | train_loss 3.7936 | lr 4.62e-05
step    900 | train_loss 3.5679 | lr 4.54e-05
step    910 | train_loss 3.4822 | lr 4.45e-05
step    912 | val_loss 3.3849 | val_ppl 29.52
step    920 | train_loss 3.3632 | lr 4.37e-05
step    930 | train_loss 3.2742 | lr 4.28e-05
step    940 | train_loss 3.3903 | lr 4.20e-05
step    950 | train_loss 3.4872 | lr 4.12e-05
step    960 | train_loss 3.4162 | lr 4.03e-05
step    970 | train_loss 3.3268 | lr 3.95e-05
step    980 | train_loss 3.9316 | lr 3.87e-05
step    990 | train_loss 3.3849 | lr 3.79e-05
step   1000 | train_loss 3.4142 | lr 3.71e-05
step   1010 | train_loss 3.2999 | lr 3.63e-05
step   1020 | train_loss 3.7211 | lr 3.55e-05
step   1030 | train_loss 3.4498 | lr 3.47e-05
step   1040 | train_loss 3.4056 | lr 3.39e-05
step   1050 | train_loss 3.1394 | lr 3.31e-05
step   1060 | train_loss 3.4287 | lr 3.23e-05
step   1070 | train_loss 3.3577 | lr 3.16e-05
step   1080 | train_loss 3.2811 | lr 3.08e-05
step   1090 | train_loss 3.4158 | lr 3.01e-05
step   1100 | train_loss 3.4387 | lr 2.93e-05
step   1110 | train_loss 3.3727 | lr 2.86e-05
step   1120 | train_loss 3.5743 | lr 2.79e-05
step   1130 | train_loss 3.3060 | lr 2.72e-05
step   1140 | train_loss 3.3156 | lr 2.65e-05
step   1140 | val_loss 3.3313 | val_ppl 27.97
step   1150 | train_loss 3.5881 | lr 2.58e-05
step   1160 | train_loss 3.6356 | lr 2.51e-05
step   1170 | train_loss 3.3037 | lr 2.44e-05
step   1180 | train_loss 3.7257 | lr 2.37e-05
step   1190 | train_loss 3.6107 | lr 2.31e-05
step   1200 | train_loss 3.6649 | lr 2.25e-05
step   1210 | train_loss 3.5239 | lr 2.18e-05
step   1220 | train_loss 3.2244 | lr 2.12e-05
step   1230 | train_loss 3.1388 | lr 2.06e-05
step   1240 | train_loss 3.3071 | lr 2.00e-05
step   1250 | train_loss 3.7004 | lr 1.95e-05
step   1260 | train_loss 3.5233 | lr 1.89e-05
step   1270 | train_loss 3.4646 | lr 1.83e-05
step   1280 | train_loss 3.4902 | lr 1.78e-05
step   1290 | train_loss 2.9547 | lr 1.73e-05
step   1300 | train_loss 2.9516 | lr 1.68e-05
step   1310 | train_loss 3.2322 | lr 1.63e-05
step   1320 | train_loss 3.1347 | lr 1.58e-05
step   1330 | train_loss 3.5932 | lr 1.54e-05
step   1340 | train_loss 3.5678 | lr 1.49e-05
step   1350 | train_loss 3.4207 | lr 1.45e-05
step   1360 | train_loss 3.3240 | lr 1.41e-05
step   1368 | val_loss 3.2907 | val_ppl 26.86
step   1370 | train_loss 3.1296 | lr 1.36e-05
step   1380 | train_loss 3.2745 | lr 1.33e-05
step   1390 | train_loss 3.0348 | lr 1.29e-05
step   1400 | train_loss 3.3564 | lr 1.25e-05
step   1410 | train_loss 3.5468 | lr 1.22e-05
step   1420 | train_loss 3.3368 | lr 1.19e-05
step   1430 | train_loss 3.2388 | lr 1.16e-05
step   1440 | train_loss 3.3292 | lr 1.13e-05
step   1450 | train_loss 3.7695 | lr 1.10e-05
step   1460 | train_loss 3.5745 | lr 1.08e-05
step   1470 | train_loss 3.5284 | lr 1.05e-05
step   1480 | train_loss 3.4889 | lr 1.03e-05
step   1490 | train_loss 3.2433 | lr 1.01e-05
step   1500 | train_loss 3.1263 | lr 9.90e-06
step   1510 | train_loss 4.0379 | lr 9.73e-06
step   1520 | train_loss 3.0243 | lr 9.58e-06
step   1530 | train_loss 3.4761 | lr 9.45e-06
step   1540 | train_loss 3.1374 | lr 9.33e-06
step   1550 | train_loss 3.4133 | lr 9.23e-06
step   1560 | train_loss 3.2605 | lr 9.15e-06
step   1570 | train_loss 3.5526 | lr 9.09e-06
step   1580 | train_loss 3.3554 | lr 9.04e-06
step   1590 | train_loss 2.9101 | lr 9.01e-06
step   1596 | val_loss 3.2721 | val_ppl 26.37
step   1600 | train_loss 3.0117 | lr 9.00e-06
step   1600 | val_loss 3.2731 | val_ppl 26.39
Saved checkpoint to /home/system/projects/AuthLLM/checkpoints/lr_scaling_quality/alpaca_unpacked_1600_lr9e-05_seed1338/step_1600.pt
