Data: 50,868 train / 1,038 val examples (68 dropped as longer than 512 tokens)
Model: medium (123,587,328 parameters), initialized from checkpoints/medium/step_500.pt (step 500)
step     10 | train_loss 4.5066 | lr 2.00e-06
step     20 | train_loss 4.3716 | lr 4.00e-06
step     30 | train_loss 4.0520 | lr 6.00e-06
step     40 | train_loss 3.9448 | lr 8.00e-06
step     50 | train_loss 4.0040 | lr 1.00e-05
step     60 | train_loss 4.0914 | lr 1.20e-05
step     70 | train_loss 3.7444 | lr 1.40e-05
step     80 | train_loss 3.6876 | lr 1.60e-05
step     90 | train_loss 3.5575 | lr 1.80e-05
step    100 | train_loss 3.8048 | lr 2.00e-05
step    110 | train_loss 3.9841 | lr 2.00e-05
step    120 | train_loss 3.9021 | lr 2.00e-05
step    130 | train_loss 3.7021 | lr 2.00e-05
step    140 | train_loss 3.9301 | lr 2.00e-05
step    150 | train_loss 3.8381 | lr 2.00e-05
step    160 | train_loss 3.7974 | lr 1.99e-05
step    170 | train_loss 3.8100 | lr 1.99e-05
step    180 | train_loss 3.9483 | lr 1.99e-05
step    190 | train_loss 3.9379 | lr 1.98e-05
step    200 | train_loss 3.6698 | lr 1.98e-05
step    210 | train_loss 3.6315 | lr 1.98e-05
step    220 | train_loss 3.7908 | lr 1.97e-05
step    228 | val_loss 3.7153 | val_ppl 41.07
step    230 | train_loss 3.7187 | lr 1.97e-05
step    240 | train_loss 3.7859 | lr 1.96e-05
step    250 | train_loss 3.6188 | lr 1.96e-05
step    260 | train_loss 3.6290 | lr 1.95e-05
step    270 | train_loss 3.6265 | lr 1.94e-05
step    280 | train_loss 3.6434 | lr 1.94e-05
step    290 | train_loss 3.5839 | lr 1.93e-05
step    300 | train_loss 3.7861 | lr 1.92e-05
step    310 | train_loss 3.7810 | lr 1.92e-05
step    320 | train_loss 3.7196 | lr 1.91e-05
step    330 | train_loss 3.9703 | lr 1.90e-05
step    340 | train_loss 3.5833 | lr 1.89e-05
step    350 | train_loss 3.7654 | lr 1.88e-05
step    360 | train_loss 3.7030 | lr 1.87e-05
step    370 | train_loss 3.6030 | lr 1.86e-05
step    380 | train_loss 3.8019 | lr 1.85e-05
step    390 | train_loss 3.7172 | lr 1.84e-05
step    400 | train_loss 3.4867 | lr 1.83e-05
step    410 | train_loss 3.6551 | lr 1.82e-05
step    420 | train_loss 3.7641 | lr 1.81e-05
step    430 | train_loss 3.8496 | lr 1.79e-05
step    440 | train_loss 3.7614 | lr 1.78e-05
step    450 | train_loss 3.8535 | lr 1.77e-05
step    456 | val_loss 3.5932 | val_ppl 36.35
step    460 | train_loss 3.4258 | lr 1.76e-05
step    470 | train_loss 3.7526 | lr 1.74e-05
step    480 | train_loss 3.6782 | lr 1.73e-05
step    490 | train_loss 3.7217 | lr 1.72e-05
step    500 | train_loss 3.5376 | lr 1.70e-05
step    510 | train_loss 3.6304 | lr 1.69e-05
step    520 | train_loss 3.6061 | lr 1.68e-05
step    530 | train_loss 3.3521 | lr 1.66e-05
step    540 | train_loss 3.6285 | lr 1.65e-05
step    550 | train_loss 3.6090 | lr 1.63e-05
step    560 | train_loss 3.5585 | lr 1.62e-05
step    570 | train_loss 3.4526 | lr 1.60e-05
step    580 | train_loss 3.6981 | lr 1.58e-05
step    590 | train_loss 3.4028 | lr 1.57e-05
step    600 | train_loss 3.4783 | lr 1.55e-05
step    610 | train_loss 3.5355 | lr 1.54e-05
step    620 | train_loss 3.7351 | lr 1.52e-05
step    630 | train_loss 3.4625 | lr 1.50e-05
step    640 | train_loss 3.6031 | lr 1.48e-05
step    650 | train_loss 3.5078 | lr 1.47e-05
step    660 | train_loss 3.5225 | lr 1.45e-05
step    670 | train_loss 3.5713 | lr 1.43e-05
step    680 | train_loss 3.1302 | lr 1.42e-05
step    684 | val_loss 3.5159 | val_ppl 33.65
step    690 | train_loss 3.7357 | lr 1.40e-05
step    700 | train_loss 3.4985 | lr 1.38e-05
step    710 | train_loss 3.5248 | lr 1.36e-05
step    720 | train_loss 3.4370 | lr 1.34e-05
step    730 | train_loss 3.5306 | lr 1.33e-05
step    740 | train_loss 3.4515 | lr 1.31e-05
step    750 | train_loss 3.5333 | lr 1.29e-05
step    760 | train_loss 3.5600 | lr 1.27e-05
step    770 | train_loss 3.5788 | lr 1.25e-05
step    780 | train_loss 3.6754 | lr 1.23e-05
step    790 | train_loss 3.7185 | lr 1.21e-05
step    800 | train_loss 3.6375 | lr 1.20e-05
step    810 | train_loss 3.4703 | lr 1.18e-05
step    820 | train_loss 3.3180 | lr 1.16e-05
step    830 | train_loss 3.4401 | lr 1.14e-05
step    840 | train_loss 3.3795 | lr 1.12e-05
step    850 | train_loss 3.4796 | lr 1.10e-05
step    860 | train_loss 3.3006 | lr 1.08e-05
step    870 | train_loss 3.2826 | lr 1.06e-05
step    880 | train_loss 3.4368 | lr 1.05e-05
step    890 | train_loss 3.4685 | lr 1.03e-05
step    900 | train_loss 3.8249 | lr 1.01e-05
step    910 | train_loss 3.1373 | lr 9.89e-06
step    912 | val_loss 3.4787 | val_ppl 32.42
step    920 | train_loss 3.3722 | lr 9.70e-06
step    930 | train_loss 3.4875 | lr 9.52e-06
step    940 | train_loss 3.4218 | lr 9.33e-06
step    950 | train_loss 3.7131 | lr 9.15e-06
step    960 | train_loss 3.8445 | lr 8.96e-06
step    970 | train_loss 3.5310 | lr 8.78e-06
step    980 | train_loss 3.6299 | lr 8.60e-06
step    990 | train_loss 3.5482 | lr 8.42e-06
step   1000 | train_loss 3.0911 | lr 8.24e-06
step   1010 | train_loss 3.5734 | lr 8.06e-06
step   1020 | train_loss 3.3521 | lr 7.88e-06
step   1030 | train_loss 3.5913 | lr 7.70e-06
step   1040 | train_loss 3.7079 | lr 7.53e-06
step   1050 | train_loss 3.5000 | lr 7.36e-06
step   1060 | train_loss 3.6644 | lr 7.19e-06
step   1070 | train_loss 3.5762 | lr 7.02e-06
step   1080 | train_loss 3.2757 | lr 6.85e-06
step   1090 | train_loss 3.5589 | lr 6.68e-06
step   1100 | train_loss 3.1998 | lr 6.52e-06
step   1110 | train_loss 3.5459 | lr 6.35e-06
step   1120 | train_loss 3.4520 | lr 6.19e-06
step   1130 | train_loss 3.4767 | lr 6.04e-06
step   1140 | train_loss 3.5702 | lr 5.88e-06
step   1140 | val_loss 3.4492 | val_ppl 31.47
step   1150 | train_loss 3.7220 | lr 5.73e-06
step   1160 | train_loss 3.6038 | lr 5.57e-06
step   1170 | train_loss 3.5616 | lr 5.42e-06
step   1180 | train_loss 3.1449 | lr 5.28e-06
step   1190 | train_loss 3.5680 | lr 5.13e-06
step   1200 | train_loss 3.5795 | lr 4.99e-06
step   1210 | train_loss 3.2437 | lr 4.85e-06
step   1220 | train_loss 3.4348 | lr 4.72e-06
step   1230 | train_loss 3.5231 | lr 4.58e-06
step   1240 | train_loss 3.4121 | lr 4.45e-06
step   1250 | train_loss 3.6546 | lr 4.32e-06
step   1260 | train_loss 3.1571 | lr 4.20e-06
step   1270 | train_loss 3.4482 | lr 4.08e-06
step   1280 | train_loss 3.5123 | lr 3.96e-06
step   1290 | train_loss 3.2351 | lr 3.84e-06
step   1300 | train_loss 3.8193 | lr 3.73e-06
step   1310 | train_loss 3.3242 | lr 3.62e-06
step   1320 | train_loss 3.2638 | lr 3.51e-06
step   1330 | train_loss 3.8342 | lr 3.41e-06
step   1340 | train_loss 3.5271 | lr 3.31e-06
step   1350 | train_loss 3.4735 | lr 3.22e-06
step   1360 | train_loss 3.5560 | lr 3.12e-06
step   1368 | val_loss 3.4329 | val_ppl 30.97
step   1370 | train_loss 3.3076 | lr 3.03e-06
step   1380 | train_loss 3.6088 | lr 2.95e-06
step   1390 | train_loss 3.3575 | lr 2.86e-06
step   1400 | train_loss 3.5752 | lr 2.79e-06
step   1410 | train_loss 3.3240 | lr 2.71e-06
step   1420 | train_loss 3.5203 | lr 2.64e-06
step   1430 | train_loss 3.6635 | lr 2.57e-06
step   1440 | train_loss 3.4266 | lr 2.51e-06
step   1450 | train_loss 3.3867 | lr 2.45e-06
step   1460 | train_loss 3.5069 | lr 2.39e-06
step   1470 | train_loss 3.4521 | lr 2.34e-06
step   1480 | train_loss 3.3310 | lr 2.29e-06
step   1490 | train_loss 3.7074 | lr 2.24e-06
step   1500 | train_loss 3.5382 | lr 2.20e-06
step   1510 | train_loss 3.1471 | lr 2.16e-06
step   1520 | train_loss 3.4007 | lr 2.13e-06
step   1530 | train_loss 3.4317 | lr 2.10e-06
step   1540 | train_loss 3.3448 | lr 2.07e-06
step   1550 | train_loss 3.5974 | lr 2.05e-06
step   1560 | train_loss 3.3051 | lr 2.03e-06
step   1570 | train_loss 3.4101 | lr 2.02e-06
step   1580 | train_loss 3.4353 | lr 2.01e-06
step   1590 | train_loss 3.4174 | lr 2.00e-06
step   1596 | val_loss 3.4233 | val_ppl 30.67
step   1600 | train_loss 3.4190 | lr 2.00e-06
step   1600 | val_loss 3.4232 | val_ppl 30.67
Saved checkpoint to /home/system/projects/AuthLLM/checkpoints/lr_scaling_quality/alpaca_unpacked_1600_lr2e-05_seed1337/step_1600.pt
