Data: 50,868 train / 1,038 val examples (68 dropped as longer than 512 tokens)
Packing: 50,868 examples into 11,220 windows (4.5 per window, 98.8% of positions used)
Model: medium (123,587,328 parameters), initialized from checkpoints/medium/step_500.pt (step 500)
step     10 | train_loss 3.9333 | lr 2.73e-04
step     20 | train_loss 4.0238 | lr 5.45e-04
step     30 | train_loss 3.7918 | lr 5.99e-04
step     40 | train_loss 3.8409 | lr 5.96e-04
step     50 | train_loss 3.7831 | lr 5.91e-04
step     50 | val_loss 3.8511 | val_ppl 47.04
step     60 | train_loss 3.7670 | lr 5.83e-04
step     70 | train_loss 3.8027 | lr 5.73e-04
step     80 | train_loss 3.7458 | lr 5.61e-04
step     90 | train_loss 3.6657 | lr 5.46e-04
step    100 | train_loss 3.7880 | lr 5.30e-04
step    100 | val_loss 3.6804 | val_ppl 39.66
step    110 | train_loss 3.7675 | lr 5.12e-04
step    120 | train_loss 3.6396 | lr 4.92e-04
step    130 | train_loss 3.6829 | lr 4.70e-04
step    140 | train_loss 3.5884 | lr 4.47e-04
step    150 | train_loss 3.4570 | lr 4.24e-04
step    150 | val_loss 3.5201 | val_ppl 33.79
step    160 | train_loss 3.6002 | lr 3.99e-04
step    170 | train_loss 3.4540 | lr 3.74e-04
step    180 | train_loss 3.4697 | lr 3.48e-04
step    190 | train_loss 3.3589 | lr 3.22e-04
step    200 | train_loss 3.4822 | lr 2.96e-04
step    200 | val_loss 3.3933 | val_ppl 29.76
step    210 | train_loss 3.3705 | lr 2.71e-04
step    220 | train_loss 3.0552 | lr 2.46e-04
step    230 | train_loss 3.3449 | lr 2.22e-04
step    240 | train_loss 3.2998 | lr 1.99e-04
step    250 | train_loss 3.2319 | lr 1.77e-04
step    250 | val_loss 3.2628 | val_ppl 26.12
step    260 | train_loss 3.2697 | lr 1.56e-04
step    270 | train_loss 3.3478 | lr 1.37e-04
step    280 | train_loss 3.2342 | lr 1.20e-04
step    290 | train_loss 3.1690 | lr 1.05e-04
step    300 | train_loss 3.1885 | lr 9.16e-05
step    300 | val_loss 3.1724 | val_ppl 23.87
step    310 | train_loss 3.0765 | lr 8.06e-05
step    320 | train_loss 3.0427 | lr 7.18e-05
step    330 | train_loss 3.4292 | lr 6.54e-05
step    340 | train_loss 3.0733 | lr 6.15e-05
step    350 | train_loss 3.1255 | lr 6.00e-05
step    350 | val_loss 3.1132 | val_ppl 22.49
Saved checkpoint to /home/system/projects/AuthLLM/checkpoints/lr_scaling_quality/alpaca_packed_350_lr0.0006_seed1337/step_350.pt
