Data: 50,869 train / 1,037 val examples (68 dropped as longer than 512 tokens)
Model: medium (123,587,328 parameters), initialized from checkpoints/medium/step_500.pt (step 500)
step     10 | train_loss 4.3839 | lr 4.00e-05
step     20 | train_loss 3.8760 | lr 8.00e-05
step     30 | train_loss 3.9595 | lr 1.20e-04
step     40 | train_loss 4.0095 | lr 1.60e-04
step     50 | train_loss 4.1590 | lr 2.00e-04
step     60 | train_loss 4.0320 | lr 2.40e-04
step     70 | train_loss 3.8666 | lr 2.80e-04
step     80 | train_loss 3.8432 | lr 3.20e-04
step     90 | train_loss 4.1206 | lr 3.60e-04
step    100 | train_loss 4.2043 | lr 4.00e-04
step    110 | train_loss 4.0833 | lr 4.00e-04
step    120 | train_loss 4.0583 | lr 4.00e-04
step    130 | train_loss 3.9101 | lr 4.00e-04
step    140 | train_loss 4.0823 | lr 3.99e-04
step    150 | train_loss 4.3484 | lr 3.99e-04
step    160 | train_loss 4.1065 | lr 3.99e-04
step    170 | train_loss 4.4228 | lr 3.98e-04
step    180 | train_loss 4.4220 | lr 3.98e-04
step    190 | train_loss 4.0796 | lr 3.97e-04
step    200 | train_loss 3.9172 | lr 3.96e-04
step    210 | train_loss 4.6320 | lr 3.95e-04
step    220 | train_loss 3.9628 | lr 3.94e-04
step    228 | val_loss 4.1731 | val_ppl 64.92
step    230 | train_loss 4.1199 | lr 3.93e-04
step    240 | train_loss 4.2678 | lr 3.92e-04
step    250 | train_loss 4.0226 | lr 3.91e-04
step    260 | train_loss 4.5455 | lr 3.90e-04
step    270 | train_loss 4.1216 | lr 3.89e-04
step    280 | train_loss 4.3224 | lr 3.87e-04
step    290 | train_loss 3.8356 | lr 3.86e-04
step    300 | train_loss 4.1712 | lr 3.85e-04
step    310 | train_loss 4.3510 | lr 3.83e-04
step    320 | train_loss 4.1392 | lr 3.81e-04
step    330 | train_loss 4.3473 | lr 3.80e-04
step    340 | train_loss 4.2726 | lr 3.78e-04
step    350 | train_loss 4.5172 | lr 3.76e-04
step    360 | train_loss 4.2396 | lr 3.74e-04
step    370 | train_loss 4.2685 | lr 3.72e-04
step    380 | train_loss 4.4702 | lr 3.70e-04
step    390 | train_loss 3.9936 | lr 3.68e-04
step    400 | train_loss 3.6941 | lr 3.66e-04
step    410 | train_loss 4.0617 | lr 3.64e-04
step    420 | train_loss 4.3233 | lr 3.61e-04
step    430 | train_loss 4.0815 | lr 3.59e-04
step    440 | train_loss 3.9744 | lr 3.57e-04
step    450 | train_loss 4.1981 | lr 3.54e-04
step    456 | val_loss 3.9988 | val_ppl 54.53
step    460 | train_loss 4.1244 | lr 3.51e-04
step    470 | train_loss 3.6593 | lr 3.49e-04
step    480 | train_loss 3.9621 | lr 3.46e-04
step    490 | train_loss 4.3284 | lr 3.43e-04
step    500 | train_loss 4.2212 | lr 3.41e-04
step    510 | train_loss 3.9635 | lr 3.38e-04
step    520 | train_loss 4.1700 | lr 3.35e-04
step    530 | train_loss 4.3078 | lr 3.32e-04
step    540 | train_loss 3.8413 | lr 3.29e-04
step    550 | train_loss 3.7682 | lr 3.26e-04
step    560 | train_loss 3.9219 | lr 3.23e-04
step    570 | train_loss 4.0696 | lr 3.20e-04
step    580 | train_loss 3.9555 | lr 3.17e-04
step    590 | train_loss 4.0570 | lr 3.14e-04
step    600 | train_loss 3.9884 | lr 3.10e-04
step    610 | train_loss 3.7621 | lr 3.07e-04
step    620 | train_loss 4.0047 | lr 3.04e-04
step    630 | train_loss 3.4574 | lr 3.00e-04
step    640 | train_loss 4.0454 | lr 2.97e-04
step    650 | train_loss 3.8218 | lr 2.94e-04
step    660 | train_loss 3.6859 | lr 2.90e-04
step    670 | train_loss 3.7906 | lr 2.87e-04
step    680 | train_loss 3.8982 | lr 2.83e-04
step    684 | val_loss 3.8416 | val_ppl 46.60
step    690 | train_loss 3.8006 | lr 2.80e-04
step    700 | train_loss 3.8213 | lr 2.76e-04
step    710 | train_loss 3.9690 | lr 2.72e-04
step    720 | train_loss 3.8376 | lr 2.69e-04
step    730 | train_loss 3.6386 | lr 2.65e-04
step    740 | train_loss 3.9339 | lr 2.61e-04
step    750 | train_loss 3.9253 | lr 2.58e-04
step    760 | train_loss 4.0051 | lr 2.54e-04
step    770 | train_loss 3.7140 | lr 2.50e-04
step    780 | train_loss 4.1950 | lr 2.47e-04
step    790 | train_loss 3.8770 | lr 2.43e-04
step    800 | train_loss 3.6499 | lr 2.39e-04
step    810 | train_loss 3.6444 | lr 2.35e-04
step    820 | train_loss 3.6519 | lr 2.32e-04
step    830 | train_loss 3.9194 | lr 2.28e-04
step    840 | train_loss 3.7369 | lr 2.24e-04
step    850 | train_loss 3.8100 | lr 2.20e-04
step    860 | train_loss 4.0446 | lr 2.17e-04
step    870 | train_loss 3.4939 | lr 2.13e-04
step    880 | train_loss 3.7910 | lr 2.09e-04
step    890 | train_loss 4.1040 | lr 2.05e-04
step    900 | train_loss 3.9823 | lr 2.02e-04
step    910 | train_loss 3.6753 | lr 1.98e-04
step    912 | val_loss 3.6309 | val_ppl 37.75
step    920 | train_loss 3.6778 | lr 1.94e-04
step    930 | train_loss 3.6018 | lr 1.90e-04
step    940 | train_loss 3.6884 | lr 1.87e-04
step    950 | train_loss 3.7125 | lr 1.83e-04
step    960 | train_loss 3.6184 | lr 1.79e-04
step    970 | train_loss 3.5800 | lr 1.76e-04
step    980 | train_loss 4.2551 | lr 1.72e-04
step    990 | train_loss 3.5211 | lr 1.68e-04
step   1000 | train_loss 3.6201 | lr 1.65e-04
step   1010 | train_loss 3.5222 | lr 1.61e-04
step   1020 | train_loss 3.9398 | lr 1.58e-04
step   1030 | train_loss 3.6064 | lr 1.54e-04
step   1040 | train_loss 3.6234 | lr 1.51e-04
step   1050 | train_loss 3.3831 | lr 1.47e-04
step   1060 | train_loss 3.6458 | lr 1.44e-04
step   1070 | train_loss 3.5146 | lr 1.40e-04
step   1080 | train_loss 3.4451 | lr 1.37e-04
step   1090 | train_loss 3.5965 | lr 1.34e-04
step   1100 | train_loss 3.6236 | lr 1.30e-04
step   1110 | train_loss 3.5677 | lr 1.27e-04
step   1120 | train_loss 3.8886 | lr 1.24e-04
step   1130 | train_loss 3.4645 | lr 1.21e-04
step   1140 | train_loss 3.4553 | lr 1.18e-04
step   1140 | val_loss 3.4941 | val_ppl 32.92
step   1150 | train_loss 3.7920 | lr 1.15e-04
step   1160 | train_loss 3.8649 | lr 1.11e-04
step   1170 | train_loss 3.5331 | lr 1.08e-04
step   1180 | train_loss 3.8942 | lr 1.06e-04
step   1190 | train_loss 3.8093 | lr 1.03e-04
step   1200 | train_loss 3.8414 | lr 9.98e-05
step   1210 | train_loss 3.7126 | lr 9.71e-05
step   1220 | train_loss 3.3647 | lr 9.43e-05
step   1230 | train_loss 3.2786 | lr 9.17e-05
step   1240 | train_loss 3.5024 | lr 8.90e-05
step   1250 | train_loss 4.0129 | lr 8.65e-05
step   1260 | train_loss 3.5998 | lr 8.40e-05
step   1270 | train_loss 3.6489 | lr 8.15e-05
step   1280 | train_loss 3.6888 | lr 7.92e-05
step   1290 | train_loss 3.0241 | lr 7.69e-05
step   1300 | train_loss 3.0977 | lr 7.46e-05
step   1310 | train_loss 3.3322 | lr 7.24e-05
step   1320 | train_loss 3.2354 | lr 7.03e-05
step   1330 | train_loss 3.8215 | lr 6.82e-05
step   1340 | train_loss 3.7024 | lr 6.62e-05
step   1350 | train_loss 3.5173 | lr 6.43e-05
step   1360 | train_loss 3.4423 | lr 6.24e-05
step   1368 | val_loss 3.3815 | val_ppl 29.42
step   1370 | train_loss 3.2245 | lr 6.07e-05
step   1380 | train_loss 3.3704 | lr 5.89e-05
step   1390 | train_loss 3.0939 | lr 5.73e-05
step   1400 | train_loss 3.4366 | lr 5.57e-05
step   1410 | train_loss 3.6584 | lr 5.42e-05
step   1420 | train_loss 3.4270 | lr 5.28e-05
step   1430 | train_loss 3.3782 | lr 5.14e-05
step   1440 | train_loss 3.4979 | lr 5.01e-05
step   1450 | train_loss 3.9147 | lr 4.89e-05
step   1460 | train_loss 3.6877 | lr 4.78e-05
step   1470 | train_loss 3.6245 | lr 4.67e-05
step   1480 | train_loss 3.5713 | lr 4.57e-05
step   1490 | train_loss 3.3328 | lr 4.48e-05
step   1500 | train_loss 3.1112 | lr 4.40e-05
step   1510 | train_loss 4.1568 | lr 4.33e-05
step   1520 | train_loss 3.0918 | lr 4.26e-05
step   1530 | train_loss 3.5848 | lr 4.20e-05
step   1540 | train_loss 3.1802 | lr 4.15e-05
step   1550 | train_loss 3.5102 | lr 4.10e-05
step   1560 | train_loss 3.2786 | lr 4.07e-05
step   1570 | train_loss 3.6630 | lr 4.04e-05
step   1580 | train_loss 3.4395 | lr 4.02e-05
step   1590 | train_loss 2.9781 | lr 4.00e-05
step   1596 | val_loss 3.3282 | val_ppl 27.89
step   1600 | train_loss 3.0351 | lr 4.00e-05
step   1600 | val_loss 3.3283 | val_ppl 27.89
Saved checkpoint to /home/system/projects/AuthLLM/checkpoints/lr_scaling_quality/alpaca_unpacked_1600_lr0.0004_seed1338/step_1600.pt
