Data: 50,867 train / 1,039 val examples (68 dropped as longer than 512 tokens)
Model: medium (123,587,328 parameters), initialized from checkpoints/medium/step_500.pt (step 500)
step     10 | train_loss 4.3164 | lr 1.50e-05
step     20 | train_loss 3.7489 | lr 3.00e-05
step     30 | train_loss 3.9701 | lr 4.50e-05
step     40 | train_loss 4.0930 | lr 6.00e-05
step     50 | train_loss 4.0177 | lr 7.50e-05
step     60 | train_loss 3.9229 | lr 9.00e-05
step     70 | train_loss 3.6282 | lr 1.05e-04
step     80 | train_loss 3.7322 | lr 1.20e-04
step     90 | train_loss 4.1093 | lr 1.35e-04
step    100 | train_loss 4.1896 | lr 1.50e-04
step    110 | train_loss 4.0872 | lr 1.50e-04
step    120 | train_loss 3.5947 | lr 1.50e-04
step    130 | train_loss 3.6398 | lr 1.50e-04
step    140 | train_loss 3.7985 | lr 1.50e-04
step    150 | train_loss 3.8368 | lr 1.50e-04
step    160 | train_loss 3.6568 | lr 1.49e-04
step    170 | train_loss 3.6392 | lr 1.49e-04
step    180 | train_loss 3.9377 | lr 1.49e-04
step    190 | train_loss 3.8921 | lr 1.49e-04
step    200 | train_loss 3.9117 | lr 1.49e-04
step    210 | train_loss 3.7268 | lr 1.48e-04
step    220 | train_loss 3.8440 | lr 1.48e-04
step    228 | val_loss 3.8138 | val_ppl 45.32
step    230 | train_loss 3.6162 | lr 1.48e-04
step    240 | train_loss 3.5894 | lr 1.47e-04
step    250 | train_loss 3.6258 | lr 1.47e-04
step    260 | train_loss 3.8013 | lr 1.46e-04
step    270 | train_loss 3.6387 | lr 1.46e-04
step    280 | train_loss 3.7257 | lr 1.45e-04
step    290 | train_loss 3.5868 | lr 1.45e-04
step    300 | train_loss 4.2726 | lr 1.44e-04
step    310 | train_loss 3.6513 | lr 1.44e-04
step    320 | train_loss 3.7720 | lr 1.43e-04
step    330 | train_loss 3.5600 | lr 1.42e-04
step    340 | train_loss 3.9812 | lr 1.42e-04
step    350 | train_loss 3.7747 | lr 1.41e-04
step    360 | train_loss 3.7328 | lr 1.40e-04
step    370 | train_loss 3.5226 | lr 1.40e-04
step    380 | train_loss 3.8150 | lr 1.39e-04
step    390 | train_loss 3.5495 | lr 1.38e-04
step    400 | train_loss 3.7493 | lr 1.37e-04
step    410 | train_loss 3.8491 | lr 1.36e-04
step    420 | train_loss 3.6453 | lr 1.35e-04
step    430 | train_loss 3.5584 | lr 1.35e-04
step    440 | train_loss 3.5441 | lr 1.34e-04
step    450 | train_loss 3.6251 | lr 1.33e-04
step    456 | val_loss 3.7275 | val_ppl 41.58
step    460 | train_loss 3.4678 | lr 1.32e-04
step    470 | train_loss 3.8578 | lr 1.31e-04
step    480 | train_loss 3.3191 | lr 1.30e-04
step    490 | train_loss 3.9258 | lr 1.29e-04
step    500 | train_loss 3.6778 | lr 1.28e-04
step    510 | train_loss 3.7385 | lr 1.27e-04
step    520 | train_loss 3.4991 | lr 1.26e-04
step    530 | train_loss 3.5075 | lr 1.25e-04
step    540 | train_loss 3.7046 | lr 1.23e-04
step    550 | train_loss 3.6848 | lr 1.22e-04
step    560 | train_loss 3.3542 | lr 1.21e-04
step    570 | train_loss 3.8797 | lr 1.20e-04
step    580 | train_loss 3.6525 | lr 1.19e-04
step    590 | train_loss 3.5515 | lr 1.18e-04
step    600 | train_loss 3.4194 | lr 1.16e-04
step    610 | train_loss 3.5739 | lr 1.15e-04
step    620 | train_loss 3.2809 | lr 1.14e-04
step    630 | train_loss 3.6779 | lr 1.13e-04
step    640 | train_loss 3.7225 | lr 1.11e-04
step    650 | train_loss 3.7780 | lr 1.10e-04
step    660 | train_loss 3.4532 | lr 1.09e-04
step    670 | train_loss 3.5773 | lr 1.07e-04
step    680 | train_loss 3.7049 | lr 1.06e-04
step    684 | val_loss 3.6433 | val_ppl 38.22
step    690 | train_loss 3.4631 | lr 1.05e-04
step    700 | train_loss 3.3815 | lr 1.03e-04
step    710 | train_loss 3.7015 | lr 1.02e-04
step    720 | train_loss 3.4668 | lr 1.01e-04
step    730 | train_loss 3.6226 | lr 9.94e-05
step    740 | train_loss 3.5030 | lr 9.81e-05
step    750 | train_loss 3.5757 | lr 9.67e-05
step    760 | train_loss 3.6700 | lr 9.53e-05
step    770 | train_loss 3.5741 | lr 9.39e-05
step    780 | train_loss 3.7286 | lr 9.25e-05
step    790 | train_loss 3.6253 | lr 9.11e-05
step    800 | train_loss 3.6413 | lr 8.97e-05
step    810 | train_loss 3.6410 | lr 8.83e-05
step    820 | train_loss 3.7772 | lr 8.69e-05
step    830 | train_loss 3.6649 | lr 8.55e-05
step    840 | train_loss 3.3562 | lr 8.41e-05
step    850 | train_loss 3.9070 | lr 8.26e-05
step    860 | train_loss 3.8139 | lr 8.12e-05
step    870 | train_loss 3.4625 | lr 7.98e-05
step    880 | train_loss 3.6813 | lr 7.84e-05
step    890 | train_loss 3.7211 | lr 7.70e-05
step    900 | train_loss 3.3796 | lr 7.56e-05
step    910 | train_loss 3.5608 | lr 7.42e-05
step    912 | val_loss 3.5601 | val_ppl 35.17
step    920 | train_loss 3.4558 | lr 7.28e-05
step    930 | train_loss 3.8845 | lr 7.14e-05
step    940 | train_loss 3.1643 | lr 7.00e-05
step    950 | train_loss 3.1404 | lr 6.86e-05
step    960 | train_loss 3.7009 | lr 6.72e-05
step    970 | train_loss 3.7349 | lr 6.59e-05
step    980 | train_loss 3.9724 | lr 6.45e-05
step    990 | train_loss 3.3131 | lr 6.31e-05
step   1000 | train_loss 3.6782 | lr 6.18e-05
step   1010 | train_loss 3.6551 | lr 6.04e-05
step   1020 | train_loss 3.5414 | lr 5.91e-05
step   1030 | train_loss 3.5171 | lr 5.78e-05
step   1040 | train_loss 3.6469 | lr 5.65e-05
step   1050 | train_loss 3.5137 | lr 5.52e-05
step   1060 | train_loss 3.2638 | lr 5.39e-05
step   1070 | train_loss 3.1926 | lr 5.26e-05
step   1080 | train_loss 3.3315 | lr 5.14e-05
step   1090 | train_loss 3.5312 | lr 5.01e-05
step   1100 | train_loss 3.4139 | lr 4.89e-05
step   1110 | train_loss 3.5043 | lr 4.77e-05
step   1120 | train_loss 3.4168 | lr 4.65e-05
step   1130 | train_loss 3.5506 | lr 4.53e-05
step   1140 | train_loss 3.2367 | lr 4.41e-05
step   1140 | val_loss 3.4878 | val_ppl 32.71
step   1150 | train_loss 3.6392 | lr 4.29e-05
step   1160 | train_loss 3.4115 | lr 4.18e-05
step   1170 | train_loss 3.5578 | lr 4.07e-05
step   1180 | train_loss 3.2129 | lr 3.96e-05
step   1190 | train_loss 3.6750 | lr 3.85e-05
step   1200 | train_loss 3.4224 | lr 3.74e-05
step   1210 | train_loss 3.6744 | lr 3.64e-05
step   1220 | train_loss 3.4925 | lr 3.54e-05
step   1230 | train_loss 3.5999 | lr 3.44e-05
step   1240 | train_loss 3.1892 | lr 3.34e-05
step   1250 | train_loss 3.2690 | lr 3.24e-05
step   1260 | train_loss 3.2551 | lr 3.15e-05
step   1270 | train_loss 3.4815 | lr 3.06e-05
step   1280 | train_loss 3.1986 | lr 2.97e-05
step   1290 | train_loss 3.2096 | lr 2.88e-05
step   1300 | train_loss 3.2532 | lr 2.80e-05
step   1310 | train_loss 3.0211 | lr 2.72e-05
step   1320 | train_loss 3.2766 | lr 2.64e-05
step   1330 | train_loss 3.7405 | lr 2.56e-05
step   1340 | train_loss 3.4275 | lr 2.48e-05
step   1350 | train_loss 3.2577 | lr 2.41e-05
step   1360 | train_loss 3.3918 | lr 2.34e-05
step   1368 | val_loss 3.4334 | val_ppl 30.98
step   1370 | train_loss 3.6226 | lr 2.27e-05
step   1380 | train_loss 3.2482 | lr 2.21e-05
step   1390 | train_loss 3.3110 | lr 2.15e-05
step   1400 | train_loss 3.5583 | lr 2.09e-05
step   1410 | train_loss 3.3715 | lr 2.03e-05
step   1420 | train_loss 3.1985 | lr 1.98e-05
step   1430 | train_loss 3.2676 | lr 1.93e-05
step   1440 | train_loss 3.1587 | lr 1.88e-05
step   1450 | train_loss 3.3845 | lr 1.83e-05
step   1460 | train_loss 3.4631 | lr 1.79e-05
step   1470 | train_loss 3.2966 | lr 1.75e-05
step   1480 | train_loss 3.5537 | lr 1.72e-05
step   1490 | train_loss 3.4647 | lr 1.68e-05
step   1500 | train_loss 3.4189 | lr 1.65e-05
step   1510 | train_loss 3.7037 | lr 1.62e-05
step   1520 | train_loss 3.0982 | lr 1.60e-05
step   1530 | train_loss 3.1331 | lr 1.57e-05
step   1540 | train_loss 3.3590 | lr 1.56e-05
step   1550 | train_loss 3.3952 | lr 1.54e-05
step   1560 | train_loss 3.3262 | lr 1.52e-05
step   1570 | train_loss 3.2642 | lr 1.51e-05
step   1580 | train_loss 2.8112 | lr 1.51e-05
step   1590 | train_loss 3.2330 | lr 1.50e-05
step   1596 | val_loss 3.4029 | val_ppl 30.05
step   1600 | train_loss 2.7317 | lr 1.50e-05
step   1600 | val_loss 3.4041 | val_ppl 30.09
Saved checkpoint to /home/system/projects/AuthLLM/checkpoints/lr_scaling_quality/alpaca_unpacked_1600_lr0.00015_seed1339/step_1600.pt
