Data: 50,868 train / 1,038 val examples (68 dropped as longer than 512 tokens)
Packing: 50,868 examples into 11,220 windows (4.5 per window, 98.8% of positions used)
Model: medium (123,587,328 parameters), initialized from checkpoints/medium/step_500.pt (step 500)
step     10 | train_loss 3.9857 | lr 6.82e-05
step     20 | train_loss 3.9317 | lr 1.36e-04
step     30 | train_loss 3.6084 | lr 1.50e-04
step     40 | train_loss 3.6123 | lr 1.49e-04
step     50 | train_loss 3.5412 | lr 1.48e-04
step     50 | val_loss 3.6220 | val_ppl 37.41
step     60 | train_loss 3.5659 | lr 1.46e-04
step     70 | train_loss 3.5816 | lr 1.43e-04
step     80 | train_loss 3.5338 | lr 1.40e-04
step     90 | train_loss 3.4612 | lr 1.37e-04
step    100 | train_loss 3.6084 | lr 1.32e-04
step    100 | val_loss 3.4695 | val_ppl 32.12
step    110 | train_loss 3.5551 | lr 1.28e-04
step    120 | train_loss 3.4457 | lr 1.23e-04
step    130 | train_loss 3.4764 | lr 1.18e-04
step    140 | train_loss 3.4078 | lr 1.12e-04
step    150 | train_loss 3.3269 | lr 1.06e-04
step    150 | val_loss 3.3661 | val_ppl 28.97
step    160 | train_loss 3.4390 | lr 9.98e-05
step    170 | train_loss 3.3473 | lr 9.34e-05
step    180 | train_loss 3.3516 | lr 8.70e-05
step    190 | train_loss 3.2612 | lr 8.06e-05
step    200 | train_loss 3.4142 | lr 7.41e-05
step    200 | val_loss 3.2922 | val_ppl 26.90
step    210 | train_loss 3.2879 | lr 6.78e-05
step    220 | train_loss 3.0290 | lr 6.15e-05
step    230 | train_loss 3.2936 | lr 5.55e-05
step    240 | train_loss 3.2647 | lr 4.97e-05
step    250 | train_loss 3.2357 | lr 4.42e-05
step    250 | val_loss 3.2327 | val_ppl 25.35
step    260 | train_loss 3.2741 | lr 3.91e-05
step    270 | train_loss 3.3598 | lr 3.43e-05
step    280 | train_loss 3.2617 | lr 3.00e-05
step    290 | train_loss 3.1949 | lr 2.62e-05
step    300 | train_loss 3.2269 | lr 2.29e-05
step    300 | val_loss 3.1977 | val_ppl 24.48
step    310 | train_loss 3.1341 | lr 2.01e-05
step    320 | train_loss 3.0761 | lr 1.80e-05
step    330 | train_loss 3.4658 | lr 1.64e-05
step    340 | train_loss 3.1228 | lr 1.54e-05
step    350 | train_loss 3.1953 | lr 1.50e-05
step    350 | val_loss 3.1739 | val_ppl 23.90
Saved checkpoint to /home/system/projects/AuthLLM/checkpoints/lr_scaling_quality/alpaca_packed_350_lr0.00015_seed1337/step_350.pt
