Data: 50,869 train / 1,037 val examples (68 dropped as longer than 512 tokens)
Model: medium (123,587,328 parameters), initialized from checkpoints/medium/step_500.pt (step 500)
step     10 | train_loss 4.4543 | lr 1.50e-05
step     20 | train_loss 3.9172 | lr 3.00e-05
step     30 | train_loss 3.9947 | lr 4.50e-05
step     40 | train_loss 4.0209 | lr 6.00e-05
step     50 | train_loss 4.1300 | lr 7.50e-05
step     60 | train_loss 3.9203 | lr 9.00e-05
step     70 | train_loss 3.6939 | lr 1.05e-04
step     80 | train_loss 3.7085 | lr 1.20e-04
step     90 | train_loss 3.8698 | lr 1.35e-04
step    100 | train_loss 3.9849 | lr 1.50e-04
step    110 | train_loss 3.7710 | lr 1.50e-04
step    120 | train_loss 3.7087 | lr 1.50e-04
step    130 | train_loss 3.5521 | lr 1.50e-04
step    140 | train_loss 3.7606 | lr 1.50e-04
step    150 | train_loss 3.9593 | lr 1.50e-04
step    160 | train_loss 3.7027 | lr 1.49e-04
step    170 | train_loss 3.9857 | lr 1.49e-04
step    180 | train_loss 4.0276 | lr 1.49e-04
step    190 | train_loss 3.7662 | lr 1.49e-04
step    200 | train_loss 3.5359 | lr 1.49e-04
step    210 | train_loss 4.1004 | lr 1.48e-04
step    220 | train_loss 3.6201 | lr 1.48e-04
step    228 | val_loss 3.7332 | val_ppl 41.81
step    230 | train_loss 3.7151 | lr 1.48e-04
step    240 | train_loss 3.8359 | lr 1.47e-04
step    250 | train_loss 3.5920 | lr 1.47e-04
step    260 | train_loss 4.0352 | lr 1.46e-04
step    270 | train_loss 3.7009 | lr 1.46e-04
step    280 | train_loss 3.8773 | lr 1.45e-04
step    290 | train_loss 3.3615 | lr 1.45e-04
step    300 | train_loss 3.8121 | lr 1.44e-04
step    310 | train_loss 3.9228 | lr 1.44e-04
step    320 | train_loss 3.6611 | lr 1.43e-04
step    330 | train_loss 3.8669 | lr 1.42e-04
step    340 | train_loss 3.7585 | lr 1.42e-04
step    350 | train_loss 4.0041 | lr 1.41e-04
step    360 | train_loss 3.7982 | lr 1.40e-04
step    370 | train_loss 3.8079 | lr 1.40e-04
step    380 | train_loss 4.0815 | lr 1.39e-04
step    390 | train_loss 3.5811 | lr 1.38e-04
step    400 | train_loss 3.3480 | lr 1.37e-04
step    410 | train_loss 3.6287 | lr 1.36e-04
step    420 | train_loss 3.9714 | lr 1.35e-04
step    430 | train_loss 3.6558 | lr 1.35e-04
step    440 | train_loss 3.6124 | lr 1.34e-04
step    450 | train_loss 3.8127 | lr 1.33e-04
step    456 | val_loss 3.6265 | val_ppl 37.58
step    460 | train_loss 3.7557 | lr 1.32e-04
step    470 | train_loss 3.2892 | lr 1.31e-04
step    480 | train_loss 3.5558 | lr 1.30e-04
step    490 | train_loss 3.8845 | lr 1.29e-04
step    500 | train_loss 3.8135 | lr 1.28e-04
step    510 | train_loss 3.6186 | lr 1.27e-04
step    520 | train_loss 3.7660 | lr 1.26e-04
step    530 | train_loss 3.8744 | lr 1.25e-04
step    540 | train_loss 3.4733 | lr 1.23e-04
step    550 | train_loss 3.4093 | lr 1.22e-04
step    560 | train_loss 3.6177 | lr 1.21e-04
step    570 | train_loss 3.7535 | lr 1.20e-04
step    580 | train_loss 3.6291 | lr 1.19e-04
step    590 | train_loss 3.7522 | lr 1.18e-04
step    600 | train_loss 3.6929 | lr 1.16e-04
step    610 | train_loss 3.4541 | lr 1.15e-04
step    620 | train_loss 3.6292 | lr 1.14e-04
step    630 | train_loss 3.1151 | lr 1.13e-04
step    640 | train_loss 3.7474 | lr 1.11e-04
step    650 | train_loss 3.5074 | lr 1.10e-04
step    660 | train_loss 3.3850 | lr 1.09e-04
step    670 | train_loss 3.5021 | lr 1.07e-04
step    680 | train_loss 3.6096 | lr 1.06e-04
step    684 | val_loss 3.5347 | val_ppl 34.28
step    690 | train_loss 3.5034 | lr 1.05e-04
step    700 | train_loss 3.5032 | lr 1.03e-04
step    710 | train_loss 3.6752 | lr 1.02e-04
step    720 | train_loss 3.5655 | lr 1.01e-04
step    730 | train_loss 3.3616 | lr 9.94e-05
step    740 | train_loss 3.6556 | lr 9.81e-05
step    750 | train_loss 3.5744 | lr 9.67e-05
step    760 | train_loss 3.6899 | lr 9.53e-05
step    770 | train_loss 3.4185 | lr 9.39e-05
step    780 | train_loss 3.8161 | lr 9.25e-05
step    790 | train_loss 3.5882 | lr 9.11e-05
step    800 | train_loss 3.4451 | lr 8.97e-05
step    810 | train_loss 3.4190 | lr 8.83e-05
step    820 | train_loss 3.4072 | lr 8.69e-05
step    830 | train_loss 3.6627 | lr 8.55e-05
step    840 | train_loss 3.5174 | lr 8.41e-05
step    850 | train_loss 3.6150 | lr 8.26e-05
step    860 | train_loss 3.8420 | lr 8.12e-05
step    870 | train_loss 3.3316 | lr 7.98e-05
step    880 | train_loss 3.5309 | lr 7.84e-05
step    890 | train_loss 3.8402 | lr 7.70e-05
step    900 | train_loss 3.6621 | lr 7.56e-05
step    910 | train_loss 3.5292 | lr 7.42e-05
step    912 | val_loss 3.4380 | val_ppl 31.13
step    920 | train_loss 3.4435 | lr 7.28e-05
step    930 | train_loss 3.3361 | lr 7.14e-05
step    940 | train_loss 3.4560 | lr 7.00e-05
step    950 | train_loss 3.5423 | lr 6.86e-05
step    960 | train_loss 3.4519 | lr 6.72e-05
step    970 | train_loss 3.3673 | lr 6.59e-05
step    980 | train_loss 4.0115 | lr 6.45e-05
step    990 | train_loss 3.4305 | lr 6.31e-05
step   1000 | train_loss 3.4423 | lr 6.18e-05
step   1010 | train_loss 3.3441 | lr 6.04e-05
step   1020 | train_loss 3.7768 | lr 5.91e-05
step   1030 | train_loss 3.4744 | lr 5.78e-05
step   1040 | train_loss 3.4154 | lr 5.65e-05
step   1050 | train_loss 3.1844 | lr 5.52e-05
step   1060 | train_loss 3.4674 | lr 5.39e-05
step   1070 | train_loss 3.3636 | lr 5.26e-05
step   1080 | train_loss 3.3022 | lr 5.14e-05
step   1090 | train_loss 3.4564 | lr 5.01e-05
step   1100 | train_loss 3.4808 | lr 4.89e-05
step   1110 | train_loss 3.4046 | lr 4.77e-05
step   1120 | train_loss 3.6668 | lr 4.65e-05
step   1130 | train_loss 3.3331 | lr 4.53e-05
step   1140 | train_loss 3.3365 | lr 4.41e-05
step   1140 | val_loss 3.3574 | val_ppl 28.71
step   1150 | train_loss 3.6187 | lr 4.29e-05
step   1160 | train_loss 3.6746 | lr 4.18e-05
step   1170 | train_loss 3.3587 | lr 4.07e-05
step   1180 | train_loss 3.7516 | lr 3.96e-05
step   1190 | train_loss 3.6641 | lr 3.85e-05
step   1200 | train_loss 3.6893 | lr 3.74e-05
step   1210 | train_loss 3.5585 | lr 3.64e-05
step   1220 | train_loss 3.2555 | lr 3.54e-05
step   1230 | train_loss 3.1708 | lr 3.44e-05
step   1240 | train_loss 3.3313 | lr 3.34e-05
step   1250 | train_loss 3.7725 | lr 3.24e-05
step   1260 | train_loss 3.5243 | lr 3.15e-05
step   1270 | train_loss 3.5154 | lr 3.06e-05
step   1280 | train_loss 3.5170 | lr 2.97e-05
step   1290 | train_loss 2.9492 | lr 2.88e-05
step   1300 | train_loss 2.9779 | lr 2.80e-05
step   1310 | train_loss 3.2306 | lr 2.72e-05
step   1320 | train_loss 3.1393 | lr 2.64e-05
step   1330 | train_loss 3.6292 | lr 2.56e-05
step   1340 | train_loss 3.5824 | lr 2.48e-05
step   1350 | train_loss 3.4197 | lr 2.41e-05
step   1360 | train_loss 3.3227 | lr 2.34e-05
step   1368 | val_loss 3.2966 | val_ppl 27.02
step   1370 | train_loss 3.1256 | lr 2.27e-05
step   1380 | train_loss 3.2758 | lr 2.21e-05
step   1390 | train_loss 3.0199 | lr 2.15e-05
step   1400 | train_loss 3.3505 | lr 2.09e-05
step   1410 | train_loss 3.5493 | lr 2.03e-05
step   1420 | train_loss 3.3401 | lr 1.98e-05
step   1430 | train_loss 3.2471 | lr 1.93e-05
step   1440 | train_loss 3.3499 | lr 1.88e-05
step   1450 | train_loss 3.7887 | lr 1.83e-05
step   1460 | train_loss 3.5802 | lr 1.79e-05
step   1470 | train_loss 3.5378 | lr 1.75e-05
step   1480 | train_loss 3.4996 | lr 1.72e-05
step   1490 | train_loss 3.2524 | lr 1.68e-05
step   1500 | train_loss 3.0844 | lr 1.65e-05
step   1510 | train_loss 4.0687 | lr 1.62e-05
step   1520 | train_loss 3.0286 | lr 1.60e-05
step   1530 | train_loss 3.5038 | lr 1.57e-05
step   1540 | train_loss 3.1252 | lr 1.56e-05
step   1550 | train_loss 3.4201 | lr 1.54e-05
step   1560 | train_loss 3.2373 | lr 1.52e-05
step   1570 | train_loss 3.5542 | lr 1.51e-05
step   1580 | train_loss 3.3728 | lr 1.51e-05
step   1590 | train_loss 2.9139 | lr 1.50e-05
step   1596 | val_loss 3.2684 | val_ppl 26.27
step   1600 | train_loss 2.9735 | lr 1.50e-05
step   1600 | val_loss 3.2697 | val_ppl 26.30
Saved checkpoint to /home/system/projects/AuthLLM/checkpoints/lr_scaling_quality/alpaca_unpacked_1600_lr0.00015_seed1338/step_1600.pt
