Data: 50,868 train / 1,038 val examples (68 dropped as longer than 512 tokens)
Model: medium (123,587,328 parameters), initialized from checkpoints/medium/step_500.pt (step 500)
step     10 | train_loss 4.4654 | lr 6.00e-06
step     20 | train_loss 4.2786 | lr 1.20e-05
step     30 | train_loss 3.9446 | lr 1.80e-05
step     40 | train_loss 3.8758 | lr 2.40e-05
step     50 | train_loss 3.9282 | lr 3.00e-05
step     60 | train_loss 4.0064 | lr 3.60e-05
step     70 | train_loss 3.6474 | lr 4.20e-05
step     80 | train_loss 3.6064 | lr 4.80e-05
step     90 | train_loss 3.4907 | lr 5.40e-05
step    100 | train_loss 3.7227 | lr 6.00e-05
step    110 | train_loss 3.8448 | lr 6.00e-05
step    120 | train_loss 3.8293 | lr 6.00e-05
step    130 | train_loss 3.6315 | lr 6.00e-05
step    140 | train_loss 3.8848 | lr 5.99e-05
step    150 | train_loss 3.7742 | lr 5.99e-05
step    160 | train_loss 3.6920 | lr 5.98e-05
step    170 | train_loss 3.7305 | lr 5.97e-05
step    180 | train_loss 3.8905 | lr 5.96e-05
step    190 | train_loss 3.8837 | lr 5.95e-05
step    200 | train_loss 3.5965 | lr 5.94e-05
step    210 | train_loss 3.6148 | lr 5.93e-05
step    220 | train_loss 3.6684 | lr 5.92e-05
step    228 | val_loss 3.6404 | val_ppl 38.11
step    230 | train_loss 3.6606 | lr 5.90e-05
step    240 | train_loss 3.7473 | lr 5.89e-05
step    250 | train_loss 3.5440 | lr 5.87e-05
step    260 | train_loss 3.5568 | lr 5.85e-05
step    270 | train_loss 3.5582 | lr 5.83e-05
step    280 | train_loss 3.5790 | lr 5.81e-05
step    290 | train_loss 3.5148 | lr 5.79e-05
step    300 | train_loss 3.7122 | lr 5.77e-05
step    310 | train_loss 3.7422 | lr 5.75e-05
step    320 | train_loss 3.6102 | lr 5.72e-05
step    330 | train_loss 3.9710 | lr 5.70e-05
step    340 | train_loss 3.5759 | lr 5.67e-05
step    350 | train_loss 3.7396 | lr 5.64e-05
step    360 | train_loss 3.6486 | lr 5.61e-05
step    370 | train_loss 3.5439 | lr 5.58e-05
step    380 | train_loss 3.7674 | lr 5.55e-05
step    390 | train_loss 3.6406 | lr 5.52e-05
step    400 | train_loss 3.4335 | lr 5.49e-05
step    410 | train_loss 3.5834 | lr 5.45e-05
step    420 | train_loss 3.7088 | lr 5.42e-05
step    430 | train_loss 3.7918 | lr 5.38e-05
step    440 | train_loss 3.6906 | lr 5.35e-05
step    450 | train_loss 3.7873 | lr 5.31e-05
step    456 | val_loss 3.5280 | val_ppl 34.05
step    460 | train_loss 3.3524 | lr 5.27e-05
step    470 | train_loss 3.6975 | lr 5.23e-05
step    480 | train_loss 3.6091 | lr 5.19e-05
step    490 | train_loss 3.6606 | lr 5.15e-05
step    500 | train_loss 3.4628 | lr 5.11e-05
step    510 | train_loss 3.5469 | lr 5.07e-05
step    520 | train_loss 3.5152 | lr 5.03e-05
step    530 | train_loss 3.2458 | lr 4.98e-05
step    540 | train_loss 3.5325 | lr 4.94e-05
step    550 | train_loss 3.5566 | lr 4.89e-05
step    560 | train_loss 3.4399 | lr 4.85e-05
step    570 | train_loss 3.4221 | lr 4.80e-05
step    580 | train_loss 3.6621 | lr 4.75e-05
step    590 | train_loss 3.3223 | lr 4.70e-05
step    600 | train_loss 3.4640 | lr 4.65e-05
step    610 | train_loss 3.4591 | lr 4.61e-05
step    620 | train_loss 3.7232 | lr 4.56e-05
step    630 | train_loss 3.3797 | lr 4.51e-05
step    640 | train_loss 3.5592 | lr 4.45e-05
step    650 | train_loss 3.4250 | lr 4.40e-05
step    660 | train_loss 3.4740 | lr 4.35e-05
step    670 | train_loss 3.5354 | lr 4.30e-05
step    680 | train_loss 3.0189 | lr 4.25e-05
step    684 | val_loss 3.4571 | val_ppl 31.73
step    690 | train_loss 3.7206 | lr 4.19e-05
step    700 | train_loss 3.4231 | lr 4.14e-05
step    710 | train_loss 3.4805 | lr 4.09e-05
step    720 | train_loss 3.3437 | lr 4.03e-05
step    730 | train_loss 3.4876 | lr 3.98e-05
step    740 | train_loss 3.3960 | lr 3.92e-05
step    750 | train_loss 3.5294 | lr 3.87e-05
step    760 | train_loss 3.5465 | lr 3.81e-05
step    770 | train_loss 3.4412 | lr 3.76e-05
step    780 | train_loss 3.6124 | lr 3.70e-05
step    790 | train_loss 3.6817 | lr 3.64e-05
step    800 | train_loss 3.5761 | lr 3.59e-05
step    810 | train_loss 3.4533 | lr 3.53e-05
step    820 | train_loss 3.2741 | lr 3.48e-05
step    830 | train_loss 3.3673 | lr 3.42e-05
step    840 | train_loss 3.3365 | lr 3.36e-05
step    850 | train_loss 3.3750 | lr 3.31e-05
step    860 | train_loss 3.2002 | lr 3.25e-05
step    870 | train_loss 3.2287 | lr 3.19e-05
step    880 | train_loss 3.3427 | lr 3.14e-05
step    890 | train_loss 3.4025 | lr 3.08e-05
step    900 | train_loss 3.7486 | lr 3.02e-05
step    910 | train_loss 3.0311 | lr 2.97e-05
step    912 | val_loss 3.4070 | val_ppl 30.17
step    920 | train_loss 3.2943 | lr 2.91e-05
step    930 | train_loss 3.3953 | lr 2.86e-05
step    940 | train_loss 3.3226 | lr 2.80e-05
step    950 | train_loss 3.6936 | lr 2.74e-05
step    960 | train_loss 3.8310 | lr 2.69e-05
step    970 | train_loss 3.4692 | lr 2.63e-05
step    980 | train_loss 3.5832 | lr 2.58e-05
step    990 | train_loss 3.4812 | lr 2.53e-05
step   1000 | train_loss 3.0190 | lr 2.47e-05
step   1010 | train_loss 3.5603 | lr 2.42e-05
step   1020 | train_loss 3.3269 | lr 2.36e-05
step   1030 | train_loss 3.5176 | lr 2.31e-05
step   1040 | train_loss 3.5565 | lr 2.26e-05
step   1050 | train_loss 3.4702 | lr 2.21e-05
step   1060 | train_loss 3.5596 | lr 2.16e-05
step   1070 | train_loss 3.5446 | lr 2.10e-05
step   1080 | train_loss 3.2223 | lr 2.05e-05
step   1090 | train_loss 3.5355 | lr 2.00e-05
step   1100 | train_loss 3.1031 | lr 1.95e-05
step   1110 | train_loss 3.4940 | lr 1.91e-05
step   1120 | train_loss 3.3724 | lr 1.86e-05
step   1130 | train_loss 3.4628 | lr 1.81e-05
step   1140 | train_loss 3.4688 | lr 1.76e-05
step   1140 | val_loss 3.3623 | val_ppl 28.85
step   1150 | train_loss 3.5317 | lr 1.72e-05
step   1160 | train_loss 3.4429 | lr 1.67e-05
step   1170 | train_loss 3.4535 | lr 1.63e-05
step   1180 | train_loss 2.9901 | lr 1.58e-05
step   1190 | train_loss 3.4797 | lr 1.54e-05
step   1200 | train_loss 3.5058 | lr 1.50e-05
step   1210 | train_loss 3.1941 | lr 1.46e-05
step   1220 | train_loss 3.3345 | lr 1.41e-05
step   1230 | train_loss 3.4550 | lr 1.37e-05
step   1240 | train_loss 3.3283 | lr 1.34e-05
step   1250 | train_loss 3.6015 | lr 1.30e-05
step   1260 | train_loss 3.0221 | lr 1.26e-05
step   1270 | train_loss 3.2854 | lr 1.22e-05
step   1280 | train_loss 3.4152 | lr 1.19e-05
step   1290 | train_loss 3.1532 | lr 1.15e-05
step   1300 | train_loss 3.7194 | lr 1.12e-05
step   1310 | train_loss 3.2275 | lr 1.09e-05
step   1320 | train_loss 3.1765 | lr 1.05e-05
step   1330 | train_loss 3.6656 | lr 1.02e-05
step   1340 | train_loss 3.4171 | lr 9.93e-06
step   1350 | train_loss 3.4323 | lr 9.65e-06
step   1360 | train_loss 3.4500 | lr 9.37e-06
step   1368 | val_loss 3.3341 | val_ppl 28.05
step   1370 | train_loss 3.1135 | lr 9.10e-06
step   1380 | train_loss 3.5726 | lr 8.84e-06
step   1390 | train_loss 3.2978 | lr 8.59e-06
step   1400 | train_loss 3.4567 | lr 8.36e-06
step   1410 | train_loss 3.1942 | lr 8.13e-06
step   1420 | train_loss 3.4938 | lr 7.92e-06
step   1430 | train_loss 3.6072 | lr 7.71e-06
step   1440 | train_loss 3.3249 | lr 7.52e-06
step   1450 | train_loss 3.2568 | lr 7.34e-06
step   1460 | train_loss 3.4503 | lr 7.17e-06
step   1470 | train_loss 3.3893 | lr 7.01e-06
step   1480 | train_loss 3.1733 | lr 6.86e-06
step   1490 | train_loss 3.6848 | lr 6.73e-06
step   1500 | train_loss 3.4827 | lr 6.60e-06
step   1510 | train_loss 3.0650 | lr 6.49e-06
step   1520 | train_loss 3.3091 | lr 6.39e-06
step   1530 | train_loss 3.3840 | lr 6.30e-06
step   1540 | train_loss 3.2088 | lr 6.22e-06
step   1550 | train_loss 3.4781 | lr 6.15e-06
step   1560 | train_loss 3.1801 | lr 6.10e-06
step   1570 | train_loss 3.2788 | lr 6.06e-06
step   1580 | train_loss 3.3200 | lr 6.03e-06
step   1590 | train_loss 3.1929 | lr 6.01e-06
step   1596 | val_loss 3.3171 | val_ppl 27.58
step   1600 | train_loss 3.2011 | lr 6.00e-06
step   1600 | val_loss 3.3170 | val_ppl 27.58
Saved checkpoint to /home/system/projects/AuthLLM/checkpoints/lr_scaling_quality/alpaca_unpacked_1600_lr6e-05_seed1337/step_1600.pt
