Data: 50,868 train / 1,038 val examples (68 dropped as longer than 512 tokens)
Model: medium (123,587,328 parameters), initialized from checkpoints/medium/step_500.pt (step 500)
step     10 | train_loss 4.4442 | lr 9.00e-06
step     20 | train_loss 4.2383 | lr 1.80e-05
step     30 | train_loss 3.9011 | lr 2.70e-05
step     40 | train_loss 3.8474 | lr 3.60e-05
step     50 | train_loss 3.9022 | lr 4.50e-05
step     60 | train_loss 3.9843 | lr 5.40e-05
step     70 | train_loss 3.6185 | lr 6.30e-05
step     80 | train_loss 3.5869 | lr 7.20e-05
step     90 | train_loss 3.4984 | lr 8.10e-05
step    100 | train_loss 3.7179 | lr 9.00e-05
step    110 | train_loss 3.8239 | lr 9.00e-05
step    120 | train_loss 3.8341 | lr 9.00e-05
step    130 | train_loss 3.6373 | lr 8.99e-05
step    140 | train_loss 3.9110 | lr 8.99e-05
step    150 | train_loss 3.7804 | lr 8.98e-05
step    160 | train_loss 3.6942 | lr 8.97e-05
step    170 | train_loss 3.7489 | lr 8.96e-05
step    180 | train_loss 3.9141 | lr 8.94e-05
step    190 | train_loss 3.9036 | lr 8.93e-05
step    200 | train_loss 3.6058 | lr 8.91e-05
step    210 | train_loss 3.6409 | lr 8.89e-05
step    220 | train_loss 3.6665 | lr 8.87e-05
step    228 | val_loss 3.6571 | val_ppl 38.75
step    230 | train_loss 3.6814 | lr 8.85e-05
step    240 | train_loss 3.7744 | lr 8.83e-05
step    250 | train_loss 3.5532 | lr 8.80e-05
step    260 | train_loss 3.5706 | lr 8.78e-05
step    270 | train_loss 3.5822 | lr 8.75e-05
step    280 | train_loss 3.6102 | lr 8.72e-05
step    290 | train_loss 3.5325 | lr 8.69e-05
step    300 | train_loss 3.7341 | lr 8.65e-05
step    310 | train_loss 3.7746 | lr 8.62e-05
step    320 | train_loss 3.6269 | lr 8.58e-05
step    330 | train_loss 4.0262 | lr 8.54e-05
step    340 | train_loss 3.6337 | lr 8.50e-05
step    350 | train_loss 3.7784 | lr 8.46e-05
step    360 | train_loss 3.6754 | lr 8.42e-05
step    370 | train_loss 3.5687 | lr 8.37e-05
step    380 | train_loss 3.7940 | lr 8.33e-05
step    390 | train_loss 3.6577 | lr 8.28e-05
step    400 | train_loss 3.4571 | lr 8.23e-05
step    410 | train_loss 3.6033 | lr 8.18e-05
step    420 | train_loss 3.7510 | lr 8.13e-05
step    430 | train_loss 3.8233 | lr 8.08e-05
step    440 | train_loss 3.7176 | lr 8.02e-05
step    450 | train_loss 3.8074 | lr 7.97e-05
step    456 | val_loss 3.5568 | val_ppl 35.05
step    460 | train_loss 3.3748 | lr 7.91e-05
step    470 | train_loss 3.7287 | lr 7.85e-05
step    480 | train_loss 3.6253 | lr 7.79e-05
step    490 | train_loss 3.7003 | lr 7.73e-05
step    500 | train_loss 3.4898 | lr 7.67e-05
step    510 | train_loss 3.5671 | lr 7.60e-05
step    520 | train_loss 3.5276 | lr 7.54e-05
step    530 | train_loss 3.2504 | lr 7.47e-05
step    540 | train_loss 3.5330 | lr 7.41e-05
step    550 | train_loss 3.5796 | lr 7.34e-05
step    560 | train_loss 3.4536 | lr 7.27e-05
step    570 | train_loss 3.4677 | lr 7.20e-05
step    580 | train_loss 3.6780 | lr 7.13e-05
step    590 | train_loss 3.3328 | lr 7.06e-05
step    600 | train_loss 3.5037 | lr 6.98e-05
step    610 | train_loss 3.4926 | lr 6.91e-05
step    620 | train_loss 3.7728 | lr 6.83e-05
step    630 | train_loss 3.3992 | lr 6.76e-05
step    640 | train_loss 3.5977 | lr 6.68e-05
step    650 | train_loss 3.4405 | lr 6.61e-05
step    660 | train_loss 3.4994 | lr 6.53e-05
step    670 | train_loss 3.5564 | lr 6.45e-05
step    680 | train_loss 3.0189 | lr 6.37e-05
step    684 | val_loss 3.4817 | val_ppl 32.52
step    690 | train_loss 3.7551 | lr 6.29e-05
step    700 | train_loss 3.4369 | lr 6.21e-05
step    710 | train_loss 3.5212 | lr 6.13e-05
step    720 | train_loss 3.3536 | lr 6.05e-05
step    730 | train_loss 3.5142 | lr 5.97e-05
step    740 | train_loss 3.4132 | lr 5.88e-05
step    750 | train_loss 3.5641 | lr 5.80e-05
step    760 | train_loss 3.5800 | lr 5.72e-05
step    770 | train_loss 3.4364 | lr 5.63e-05
step    780 | train_loss 3.6362 | lr 5.55e-05
step    790 | train_loss 3.7073 | lr 5.47e-05
step    800 | train_loss 3.6033 | lr 5.38e-05
step    810 | train_loss 3.4843 | lr 5.30e-05
step    820 | train_loss 3.3032 | lr 5.21e-05
step    830 | train_loss 3.3684 | lr 5.13e-05
step    840 | train_loss 3.3619 | lr 5.04e-05
step    850 | train_loss 3.3812 | lr 4.96e-05
step    860 | train_loss 3.1939 | lr 4.87e-05
step    870 | train_loss 3.2496 | lr 4.79e-05
step    880 | train_loss 3.3565 | lr 4.70e-05
step    890 | train_loss 3.4058 | lr 4.62e-05
step    900 | train_loss 3.7451 | lr 4.54e-05
step    910 | train_loss 3.0373 | lr 4.45e-05
step    912 | val_loss 3.4208 | val_ppl 30.59
step    920 | train_loss 3.3081 | lr 4.37e-05
step    930 | train_loss 3.3963 | lr 4.28e-05
step    940 | train_loss 3.3244 | lr 4.20e-05
step    950 | train_loss 3.7230 | lr 4.12e-05
step    960 | train_loss 3.8717 | lr 4.03e-05
step    970 | train_loss 3.4840 | lr 3.95e-05
step    980 | train_loss 3.6022 | lr 3.87e-05
step    990 | train_loss 3.4941 | lr 3.79e-05
step   1000 | train_loss 3.0242 | lr 3.71e-05
step   1010 | train_loss 3.5907 | lr 3.63e-05
step   1020 | train_loss 3.3411 | lr 3.55e-05
step   1030 | train_loss 3.5135 | lr 3.47e-05
step   1040 | train_loss 3.5510 | lr 3.39e-05
step   1050 | train_loss 3.4870 | lr 3.31e-05
step   1060 | train_loss 3.5570 | lr 3.23e-05
step   1070 | train_loss 3.5658 | lr 3.16e-05
step   1080 | train_loss 3.2409 | lr 3.08e-05
step   1090 | train_loss 3.5620 | lr 3.01e-05
step   1100 | train_loss 3.1120 | lr 2.93e-05
step   1110 | train_loss 3.5070 | lr 2.86e-05
step   1120 | train_loss 3.3652 | lr 2.79e-05
step   1130 | train_loss 3.4887 | lr 2.72e-05
step   1140 | train_loss 3.4663 | lr 2.65e-05
step   1140 | val_loss 3.3605 | val_ppl 28.80
step   1150 | train_loss 3.5107 | lr 2.58e-05
step   1160 | train_loss 3.4176 | lr 2.51e-05
step   1170 | train_loss 3.4447 | lr 2.44e-05
step   1180 | train_loss 2.9696 | lr 2.37e-05
step   1190 | train_loss 3.4865 | lr 2.31e-05
step   1200 | train_loss 3.4985 | lr 2.25e-05
step   1210 | train_loss 3.2044 | lr 2.18e-05
step   1220 | train_loss 3.3264 | lr 2.12e-05
step   1230 | train_loss 3.4607 | lr 2.06e-05
step   1240 | train_loss 3.3333 | lr 2.00e-05
step   1250 | train_loss 3.6115 | lr 1.95e-05
step   1260 | train_loss 2.9964 | lr 1.89e-05
step   1270 | train_loss 3.2555 | lr 1.83e-05
step   1280 | train_loss 3.4114 | lr 1.78e-05
step   1290 | train_loss 3.1502 | lr 1.73e-05
step   1300 | train_loss 3.6983 | lr 1.68e-05
step   1310 | train_loss 3.2287 | lr 1.63e-05
step   1320 | train_loss 3.1667 | lr 1.58e-05
step   1330 | train_loss 3.6458 | lr 1.54e-05
step   1340 | train_loss 3.4028 | lr 1.49e-05
step   1350 | train_loss 3.4394 | lr 1.45e-05
step   1360 | train_loss 3.4462 | lr 1.41e-05
step   1368 | val_loss 3.3245 | val_ppl 27.79
step   1370 | train_loss 3.0713 | lr 1.36e-05
step   1380 | train_loss 3.5804 | lr 1.33e-05
step   1390 | train_loss 3.2993 | lr 1.29e-05
step   1400 | train_loss 3.4343 | lr 1.25e-05
step   1410 | train_loss 3.1768 | lr 1.22e-05
step   1420 | train_loss 3.4999 | lr 1.19e-05
step   1430 | train_loss 3.6056 | lr 1.16e-05
step   1440 | train_loss 3.3136 | lr 1.13e-05
step   1450 | train_loss 3.2339 | lr 1.10e-05
step   1460 | train_loss 3.4485 | lr 1.08e-05
step   1470 | train_loss 3.3823 | lr 1.05e-05
step   1480 | train_loss 3.1398 | lr 1.03e-05
step   1490 | train_loss 3.6954 | lr 1.01e-05
step   1500 | train_loss 3.4817 | lr 9.90e-06
step   1510 | train_loss 3.0538 | lr 9.73e-06
step   1520 | train_loss 3.3036 | lr 9.58e-06
step   1530 | train_loss 3.3862 | lr 9.45e-06
step   1540 | train_loss 3.1795 | lr 9.33e-06
step   1550 | train_loss 3.4565 | lr 9.23e-06
step   1560 | train_loss 3.1556 | lr 9.15e-06
step   1570 | train_loss 3.2601 | lr 9.09e-06
step   1580 | train_loss 3.3043 | lr 9.04e-06
step   1590 | train_loss 3.1426 | lr 9.01e-06
step   1596 | val_loss 3.3009 | val_ppl 27.14
step   1600 | train_loss 3.1295 | lr 9.00e-06
step   1600 | val_loss 3.3010 | val_ppl 27.14
Saved checkpoint to /home/system/projects/AuthLLM/checkpoints/lr_scaling_quality/alpaca_unpacked_1600_lr9e-05_seed1337/step_1600.pt
