Data: 50,869 train / 1,037 val examples (68 dropped as longer than 512 tokens)
Packing: 50,869 examples into 11,220 windows (4.5 per window, 98.8% of positions used)
Model: medium (123,587,328 parameters), initialized from checkpoints/medium/step_500.pt (step 500)
step     10 | train_loss 3.7915 | lr 2.73e-04
step     20 | train_loss 3.7719 | lr 5.45e-04
step     30 | train_loss 3.9342 | lr 5.99e-04
step     40 | train_loss 3.8302 | lr 5.96e-04
step     50 | train_loss 3.7148 | lr 5.91e-04
step     50 | val_loss 3.7915 | val_ppl 44.32
step     60 | train_loss 3.9600 | lr 5.83e-04
step     70 | train_loss 3.7333 | lr 5.73e-04
step     80 | train_loss 3.7311 | lr 5.61e-04
step     90 | train_loss 3.7931 | lr 5.46e-04
step    100 | train_loss 3.7162 | lr 5.30e-04
step    100 | val_loss 3.6538 | val_ppl 38.62
step    110 | train_loss 3.7350 | lr 5.12e-04
step    120 | train_loss 3.6427 | lr 4.92e-04
step    130 | train_loss 3.5584 | lr 4.70e-04
step    140 | train_loss 3.6274 | lr 4.47e-04
step    150 | train_loss 3.5558 | lr 4.24e-04
step    150 | val_loss 3.4912 | val_ppl 32.82
step    160 | train_loss 3.5044 | lr 3.99e-04
step    170 | train_loss 3.2978 | lr 3.74e-04
step    180 | train_loss 3.4889 | lr 3.48e-04
step    190 | train_loss 3.4048 | lr 3.22e-04
step    200 | train_loss 3.2678 | lr 2.96e-04
step    200 | val_loss 3.3388 | val_ppl 28.19
step    210 | train_loss 3.3292 | lr 2.71e-04
step    220 | train_loss 3.3478 | lr 2.46e-04
step    230 | train_loss 3.1807 | lr 2.22e-04
step    240 | train_loss 3.2736 | lr 1.99e-04
step    250 | train_loss 3.2556 | lr 1.77e-04
step    250 | val_loss 3.2079 | val_ppl 24.73
step    260 | train_loss 3.2319 | lr 1.56e-04
step    270 | train_loss 3.1584 | lr 1.37e-04
step    280 | train_loss 3.2520 | lr 1.20e-04
step    290 | train_loss 3.1514 | lr 1.05e-04
step    300 | train_loss 3.1658 | lr 9.16e-05
step    300 | val_loss 3.1164 | val_ppl 22.56
step    310 | train_loss 3.2421 | lr 8.06e-05
step    320 | train_loss 3.2376 | lr 7.18e-05
step    330 | train_loss 3.1901 | lr 6.54e-05
step    340 | train_loss 3.3039 | lr 6.15e-05
step    350 | train_loss 3.0629 | lr 6.00e-05
step    350 | val_loss 3.0642 | val_ppl 21.42
Saved checkpoint to /home/system/projects/AuthLLM/checkpoints/lr_scaling_quality/alpaca_packed_350_lr0.0006_seed1338/step_350.pt
