Data: 50,867 train / 1,039 val examples (68 dropped as longer than 512 tokens)
Model: medium (123,587,328 parameters), initialized from checkpoints/medium/step_500.pt (step 500)
step     10 | train_loss 4.3805 | lr 6.00e-06
step     20 | train_loss 3.8406 | lr 1.20e-05
step     30 | train_loss 4.0466 | lr 1.80e-05
step     40 | train_loss 4.1581 | lr 2.40e-05
step     50 | train_loss 4.0806 | lr 3.00e-05
step     60 | train_loss 3.9666 | lr 3.60e-05
step     70 | train_loss 3.6526 | lr 4.20e-05
step     80 | train_loss 3.7397 | lr 4.80e-05
step     90 | train_loss 4.1150 | lr 5.40e-05
step    100 | train_loss 4.1082 | lr 6.00e-05
step    110 | train_loss 4.0449 | lr 6.00e-05
step    120 | train_loss 3.5515 | lr 6.00e-05
step    130 | train_loss 3.6266 | lr 6.00e-05
step    140 | train_loss 3.7740 | lr 5.99e-05
step    150 | train_loss 3.7514 | lr 5.99e-05
step    160 | train_loss 3.6028 | lr 5.98e-05
step    170 | train_loss 3.5389 | lr 5.97e-05
step    180 | train_loss 3.8716 | lr 5.96e-05
step    190 | train_loss 3.7986 | lr 5.95e-05
step    200 | train_loss 3.7924 | lr 5.94e-05
step    210 | train_loss 3.6533 | lr 5.93e-05
step    220 | train_loss 3.8048 | lr 5.92e-05
step    228 | val_loss 3.7033 | val_ppl 40.58
step    230 | train_loss 3.4618 | lr 5.90e-05
step    240 | train_loss 3.5205 | lr 5.89e-05
step    250 | train_loss 3.5735 | lr 5.87e-05
step    260 | train_loss 3.6556 | lr 5.85e-05
step    270 | train_loss 3.5736 | lr 5.83e-05
step    280 | train_loss 3.6210 | lr 5.81e-05
step    290 | train_loss 3.5225 | lr 5.79e-05
step    300 | train_loss 4.1140 | lr 5.77e-05
step    310 | train_loss 3.5863 | lr 5.75e-05
step    320 | train_loss 3.6850 | lr 5.72e-05
step    330 | train_loss 3.4475 | lr 5.70e-05
step    340 | train_loss 3.8446 | lr 5.67e-05
step    350 | train_loss 3.6448 | lr 5.64e-05
step    360 | train_loss 3.6114 | lr 5.61e-05
step    370 | train_loss 3.4024 | lr 5.58e-05
step    380 | train_loss 3.6304 | lr 5.55e-05
step    390 | train_loss 3.4619 | lr 5.52e-05
step    400 | train_loss 3.6503 | lr 5.49e-05
step    410 | train_loss 3.7241 | lr 5.45e-05
step    420 | train_loss 3.5498 | lr 5.42e-05
step    430 | train_loss 3.4583 | lr 5.38e-05
step    440 | train_loss 3.4484 | lr 5.35e-05
step    450 | train_loss 3.4706 | lr 5.31e-05
step    456 | val_loss 3.6029 | val_ppl 36.71
step    460 | train_loss 3.3292 | lr 5.27e-05
step    470 | train_loss 3.7141 | lr 5.23e-05
step    480 | train_loss 3.2493 | lr 5.19e-05
step    490 | train_loss 3.7474 | lr 5.15e-05
step    500 | train_loss 3.5836 | lr 5.11e-05
step    510 | train_loss 3.6008 | lr 5.07e-05
step    520 | train_loss 3.4110 | lr 5.03e-05
step    530 | train_loss 3.4113 | lr 4.98e-05
step    540 | train_loss 3.5712 | lr 4.94e-05
step    550 | train_loss 3.5883 | lr 4.89e-05
step    560 | train_loss 3.2628 | lr 4.85e-05
step    570 | train_loss 3.7201 | lr 4.80e-05
step    580 | train_loss 3.5379 | lr 4.75e-05
step    590 | train_loss 3.4062 | lr 4.70e-05
step    600 | train_loss 3.3247 | lr 4.65e-05
step    610 | train_loss 3.4789 | lr 4.61e-05
step    620 | train_loss 3.1686 | lr 4.56e-05
step    630 | train_loss 3.5288 | lr 4.51e-05
step    640 | train_loss 3.6166 | lr 4.45e-05
step    650 | train_loss 3.7355 | lr 4.40e-05
step    660 | train_loss 3.3199 | lr 4.35e-05
step    670 | train_loss 3.4883 | lr 4.30e-05
step    680 | train_loss 3.6061 | lr 4.25e-05
step    684 | val_loss 3.5365 | val_ppl 34.35
step    690 | train_loss 3.3726 | lr 4.19e-05
step    700 | train_loss 3.3031 | lr 4.14e-05
step    710 | train_loss 3.6152 | lr 4.09e-05
step    720 | train_loss 3.3731 | lr 4.03e-05
step    730 | train_loss 3.5106 | lr 3.98e-05
step    740 | train_loss 3.4497 | lr 3.92e-05
step    750 | train_loss 3.4994 | lr 3.87e-05
step    760 | train_loss 3.5687 | lr 3.81e-05
step    770 | train_loss 3.5027 | lr 3.76e-05
step    780 | train_loss 3.6245 | lr 3.70e-05
step    790 | train_loss 3.5222 | lr 3.64e-05
step    800 | train_loss 3.5487 | lr 3.59e-05
step    810 | train_loss 3.5636 | lr 3.53e-05
step    820 | train_loss 3.6820 | lr 3.48e-05
step    830 | train_loss 3.5782 | lr 3.42e-05
step    840 | train_loss 3.3148 | lr 3.36e-05
step    850 | train_loss 3.7749 | lr 3.31e-05
step    860 | train_loss 3.7365 | lr 3.25e-05
step    870 | train_loss 3.3712 | lr 3.19e-05
step    880 | train_loss 3.5975 | lr 3.14e-05
step    890 | train_loss 3.6136 | lr 3.08e-05
step    900 | train_loss 3.3005 | lr 3.02e-05
step    910 | train_loss 3.4890 | lr 2.97e-05
step    912 | val_loss 3.4862 | val_ppl 32.66
step    920 | train_loss 3.4243 | lr 2.91e-05
step    930 | train_loss 3.7517 | lr 2.86e-05
step    940 | train_loss 3.1905 | lr 2.80e-05
step    950 | train_loss 3.1466 | lr 2.74e-05
step    960 | train_loss 3.6502 | lr 2.69e-05
step    970 | train_loss 3.7137 | lr 2.63e-05
step    980 | train_loss 3.8932 | lr 2.58e-05
step    990 | train_loss 3.2648 | lr 2.53e-05
step   1000 | train_loss 3.5844 | lr 2.47e-05
step   1010 | train_loss 3.5750 | lr 2.42e-05
step   1020 | train_loss 3.4961 | lr 2.36e-05
step   1030 | train_loss 3.4918 | lr 2.31e-05
step   1040 | train_loss 3.5361 | lr 2.26e-05
step   1050 | train_loss 3.4714 | lr 2.21e-05
step   1060 | train_loss 3.2469 | lr 2.16e-05
step   1070 | train_loss 3.1696 | lr 2.10e-05
step   1080 | train_loss 3.3113 | lr 2.05e-05
step   1090 | train_loss 3.4752 | lr 2.00e-05
step   1100 | train_loss 3.3385 | lr 1.95e-05
step   1110 | train_loss 3.4930 | lr 1.91e-05
step   1120 | train_loss 3.3778 | lr 1.86e-05
step   1130 | train_loss 3.5277 | lr 1.81e-05
step   1140 | train_loss 3.2312 | lr 1.76e-05
step   1140 | val_loss 3.4473 | val_ppl 31.42
step   1150 | train_loss 3.5541 | lr 1.72e-05
step   1160 | train_loss 3.3874 | lr 1.67e-05
step   1170 | train_loss 3.5511 | lr 1.63e-05
step   1180 | train_loss 3.2280 | lr 1.58e-05
step   1190 | train_loss 3.6186 | lr 1.54e-05
step   1200 | train_loss 3.3964 | lr 1.50e-05
step   1210 | train_loss 3.6537 | lr 1.46e-05
step   1220 | train_loss 3.4687 | lr 1.41e-05
step   1230 | train_loss 3.5882 | lr 1.37e-05
step   1240 | train_loss 3.1664 | lr 1.34e-05
step   1250 | train_loss 3.2683 | lr 1.30e-05
step   1260 | train_loss 3.2747 | lr 1.26e-05
step   1270 | train_loss 3.4514 | lr 1.22e-05
step   1280 | train_loss 3.2039 | lr 1.19e-05
step   1290 | train_loss 3.2170 | lr 1.15e-05
step   1300 | train_loss 3.2044 | lr 1.12e-05
step   1310 | train_loss 3.0346 | lr 1.09e-05
step   1320 | train_loss 3.2571 | lr 1.05e-05
step   1330 | train_loss 3.6726 | lr 1.02e-05
step   1340 | train_loss 3.4049 | lr 9.93e-06
step   1350 | train_loss 3.3044 | lr 9.65e-06
step   1360 | train_loss 3.3696 | lr 9.37e-06
step   1368 | val_loss 3.4212 | val_ppl 30.61
step   1370 | train_loss 3.6519 | lr 9.10e-06
step   1380 | train_loss 3.2290 | lr 8.84e-06
step   1390 | train_loss 3.3440 | lr 8.59e-06
step   1400 | train_loss 3.5400 | lr 8.36e-06
step   1410 | train_loss 3.3908 | lr 8.13e-06
step   1420 | train_loss 3.2366 | lr 7.92e-06
step   1430 | train_loss 3.2996 | lr 7.71e-06
step   1440 | train_loss 3.1867 | lr 7.52e-06
step   1450 | train_loss 3.3900 | lr 7.34e-06
step   1460 | train_loss 3.5064 | lr 7.17e-06
step   1470 | train_loss 3.3195 | lr 7.01e-06
step   1480 | train_loss 3.5092 | lr 6.86e-06
step   1490 | train_loss 3.4484 | lr 6.73e-06
step   1500 | train_loss 3.4428 | lr 6.60e-06
step   1510 | train_loss 3.6928 | lr 6.49e-06
step   1520 | train_loss 3.1552 | lr 6.39e-06
step   1530 | train_loss 3.1654 | lr 6.30e-06
step   1540 | train_loss 3.3410 | lr 6.22e-06
step   1550 | train_loss 3.3634 | lr 6.15e-06
step   1560 | train_loss 3.2947 | lr 6.10e-06
step   1570 | train_loss 3.2972 | lr 6.06e-06
step   1580 | train_loss 2.8764 | lr 6.03e-06
step   1590 | train_loss 3.2904 | lr 6.01e-06
step   1596 | val_loss 3.4093 | val_ppl 30.24
step   1600 | train_loss 2.8267 | lr 6.00e-06
step   1600 | val_loss 3.4092 | val_ppl 30.24
Saved checkpoint to /home/system/projects/AuthLLM/checkpoints/lr_scaling_quality/alpaca_unpacked_1600_lr6e-05_seed1339/step_1600.pt
