Data: 50,868 train / 1,038 val examples (68 dropped as longer than 512 tokens)
Model: medium (123,587,328 parameters), initialized from checkpoints/medium/step_500.pt (step 500)
step     10 | train_loss 4.4154 | lr 1.50e-05
step     20 | train_loss 4.1945 | lr 3.00e-05
step     30 | train_loss 3.8595 | lr 4.50e-05
step     40 | train_loss 3.8233 | lr 6.00e-05
step     50 | train_loss 3.8825 | lr 7.50e-05
step     60 | train_loss 3.9735 | lr 9.00e-05
step     70 | train_loss 3.6091 | lr 1.05e-04
step     80 | train_loss 3.5988 | lr 1.20e-04
step     90 | train_loss 3.5166 | lr 1.35e-04
step    100 | train_loss 3.7545 | lr 1.50e-04
step    110 | train_loss 3.8514 | lr 1.50e-04
step    120 | train_loss 3.8542 | lr 1.50e-04
step    130 | train_loss 3.6833 | lr 1.50e-04
step    140 | train_loss 3.9750 | lr 1.50e-04
step    150 | train_loss 3.8148 | lr 1.50e-04
step    160 | train_loss 3.7568 | lr 1.49e-04
step    170 | train_loss 3.8375 | lr 1.49e-04
step    180 | train_loss 3.9821 | lr 1.49e-04
step    190 | train_loss 3.9843 | lr 1.49e-04
step    200 | train_loss 3.6865 | lr 1.49e-04
step    210 | train_loss 3.7517 | lr 1.48e-04
step    220 | train_loss 3.7223 | lr 1.48e-04
step    228 | val_loss 3.7489 | val_ppl 42.47
step    230 | train_loss 3.7795 | lr 1.48e-04
step    240 | train_loss 3.8697 | lr 1.47e-04
step    250 | train_loss 3.6241 | lr 1.47e-04
step    260 | train_loss 3.6547 | lr 1.46e-04
step    270 | train_loss 3.6487 | lr 1.46e-04
step    280 | train_loss 3.6807 | lr 1.45e-04
step    290 | train_loss 3.5996 | lr 1.45e-04
step    300 | train_loss 3.8098 | lr 1.44e-04
step    310 | train_loss 3.8757 | lr 1.44e-04
step    320 | train_loss 3.7172 | lr 1.43e-04
step    330 | train_loss 4.1444 | lr 1.42e-04
step    340 | train_loss 3.7733 | lr 1.42e-04
step    350 | train_loss 3.9102 | lr 1.41e-04
step    360 | train_loss 3.7545 | lr 1.40e-04
step    370 | train_loss 3.6578 | lr 1.40e-04
step    380 | train_loss 3.9097 | lr 1.39e-04
step    390 | train_loss 3.7380 | lr 1.38e-04
step    400 | train_loss 3.5311 | lr 1.37e-04
step    410 | train_loss 3.6879 | lr 1.36e-04
step    420 | train_loss 3.8679 | lr 1.35e-04
step    430 | train_loss 3.9434 | lr 1.35e-04
step    440 | train_loss 3.8401 | lr 1.34e-04
step    450 | train_loss 3.8997 | lr 1.33e-04
step    456 | val_loss 3.6459 | val_ppl 38.32
step    460 | train_loss 3.4468 | lr 1.32e-04
step    470 | train_loss 3.8259 | lr 1.31e-04
step    480 | train_loss 3.7135 | lr 1.30e-04
step    490 | train_loss 3.7871 | lr 1.29e-04
step    500 | train_loss 3.5659 | lr 1.28e-04
step    510 | train_loss 3.6671 | lr 1.27e-04
step    520 | train_loss 3.5596 | lr 1.26e-04
step    530 | train_loss 3.3192 | lr 1.25e-04
step    540 | train_loss 3.5869 | lr 1.23e-04
step    550 | train_loss 3.6706 | lr 1.22e-04
step    560 | train_loss 3.5258 | lr 1.21e-04
step    570 | train_loss 3.5622 | lr 1.20e-04
step    580 | train_loss 3.7884 | lr 1.19e-04
step    590 | train_loss 3.3973 | lr 1.18e-04
step    600 | train_loss 3.5918 | lr 1.16e-04
step    610 | train_loss 3.5866 | lr 1.15e-04
step    620 | train_loss 3.8681 | lr 1.14e-04
step    630 | train_loss 3.4866 | lr 1.13e-04
step    640 | train_loss 3.6861 | lr 1.11e-04
step    650 | train_loss 3.5017 | lr 1.10e-04
step    660 | train_loss 3.5493 | lr 1.09e-04
step    670 | train_loss 3.6238 | lr 1.07e-04
step    680 | train_loss 3.0743 | lr 1.06e-04
step    684 | val_loss 3.5681 | val_ppl 35.45
step    690 | train_loss 3.8483 | lr 1.05e-04
step    700 | train_loss 3.4768 | lr 1.03e-04
step    710 | train_loss 3.6242 | lr 1.02e-04
step    720 | train_loss 3.4287 | lr 1.01e-04
step    730 | train_loss 3.5906 | lr 9.94e-05
step    740 | train_loss 3.4708 | lr 9.81e-05
step    750 | train_loss 3.6424 | lr 9.67e-05
step    760 | train_loss 3.6787 | lr 9.53e-05
step    770 | train_loss 3.4835 | lr 9.39e-05
step    780 | train_loss 3.7156 | lr 9.25e-05
step    790 | train_loss 3.7982 | lr 9.11e-05
step    800 | train_loss 3.6641 | lr 8.97e-05
step    810 | train_loss 3.5639 | lr 8.83e-05
step    820 | train_loss 3.3749 | lr 8.69e-05
step    830 | train_loss 3.4013 | lr 8.55e-05
step    840 | train_loss 3.4324 | lr 8.41e-05
step    850 | train_loss 3.4069 | lr 8.26e-05
step    860 | train_loss 3.2405 | lr 8.12e-05
step    870 | train_loss 3.3112 | lr 7.98e-05
step    880 | train_loss 3.4098 | lr 7.84e-05
step    890 | train_loss 3.4499 | lr 7.70e-05
step    900 | train_loss 3.8093 | lr 7.56e-05
step    910 | train_loss 3.0900 | lr 7.42e-05
step    912 | val_loss 3.4736 | val_ppl 32.25
step    920 | train_loss 3.3532 | lr 7.28e-05
step    930 | train_loss 3.4368 | lr 7.14e-05
step    940 | train_loss 3.3439 | lr 7.00e-05
step    950 | train_loss 3.8070 | lr 6.86e-05
step    960 | train_loss 3.9484 | lr 6.72e-05
step    970 | train_loss 3.5397 | lr 6.59e-05
step    980 | train_loss 3.6554 | lr 6.45e-05
step    990 | train_loss 3.5449 | lr 6.31e-05
step   1000 | train_loss 3.0715 | lr 6.18e-05
step   1010 | train_loss 3.6340 | lr 6.04e-05
step   1020 | train_loss 3.3853 | lr 5.91e-05
step   1030 | train_loss 3.5328 | lr 5.78e-05
step   1040 | train_loss 3.5759 | lr 5.65e-05
step   1050 | train_loss 3.5474 | lr 5.52e-05
step   1060 | train_loss 3.5901 | lr 5.39e-05
step   1070 | train_loss 3.6218 | lr 5.26e-05
step   1080 | train_loss 3.2879 | lr 5.14e-05
step   1090 | train_loss 3.6179 | lr 5.01e-05
step   1100 | train_loss 3.1422 | lr 4.89e-05
step   1110 | train_loss 3.5554 | lr 4.77e-05
step   1120 | train_loss 3.4014 | lr 4.65e-05
step   1130 | train_loss 3.5256 | lr 4.53e-05
step   1140 | train_loss 3.4775 | lr 4.41e-05
step   1140 | val_loss 3.3876 | val_ppl 29.59
step   1150 | train_loss 3.5159 | lr 4.29e-05
step   1160 | train_loss 3.4189 | lr 4.18e-05
step   1170 | train_loss 3.4579 | lr 4.07e-05
step   1180 | train_loss 2.9658 | lr 3.96e-05
step   1190 | train_loss 3.5199 | lr 3.85e-05
step   1200 | train_loss 3.5198 | lr 3.74e-05
step   1210 | train_loss 3.2463 | lr 3.64e-05
step   1220 | train_loss 3.3322 | lr 3.54e-05
step   1230 | train_loss 3.4882 | lr 3.44e-05
step   1240 | train_loss 3.3609 | lr 3.34e-05
step   1250 | train_loss 3.6369 | lr 3.24e-05
step   1260 | train_loss 2.9871 | lr 3.15e-05
step   1270 | train_loss 3.2450 | lr 3.06e-05
step   1280 | train_loss 3.4535 | lr 2.97e-05
step   1290 | train_loss 3.1704 | lr 2.88e-05
step   1300 | train_loss 3.6960 | lr 2.80e-05
step   1310 | train_loss 3.2369 | lr 2.72e-05
step   1320 | train_loss 3.1929 | lr 2.64e-05
step   1330 | train_loss 3.6526 | lr 2.56e-05
step   1340 | train_loss 3.4022 | lr 2.48e-05
step   1350 | train_loss 3.4633 | lr 2.41e-05
step   1360 | train_loss 3.4682 | lr 2.34e-05
step   1368 | val_loss 3.3367 | val_ppl 28.13
step   1370 | train_loss 3.0551 | lr 2.27e-05
step   1380 | train_loss 3.6236 | lr 2.21e-05
step   1390 | train_loss 3.3090 | lr 2.15e-05
step   1400 | train_loss 3.4212 | lr 2.09e-05
step   1410 | train_loss 3.1572 | lr 2.03e-05
step   1420 | train_loss 3.5411 | lr 1.98e-05
step   1430 | train_loss 3.6110 | lr 1.93e-05
step   1440 | train_loss 3.3156 | lr 1.88e-05
step   1450 | train_loss 3.2311 | lr 1.83e-05
step   1460 | train_loss 3.4572 | lr 1.79e-05
step   1470 | train_loss 3.3831 | lr 1.75e-05
step   1480 | train_loss 3.1370 | lr 1.72e-05
step   1490 | train_loss 3.7279 | lr 1.68e-05
step   1500 | train_loss 3.5043 | lr 1.65e-05
step   1510 | train_loss 3.0506 | lr 1.62e-05
step   1520 | train_loss 3.3069 | lr 1.60e-05
step   1530 | train_loss 3.3998 | lr 1.57e-05
step   1540 | train_loss 3.1568 | lr 1.56e-05
step   1550 | train_loss 3.4657 | lr 1.54e-05
step   1560 | train_loss 3.1480 | lr 1.52e-05
step   1570 | train_loss 3.2529 | lr 1.51e-05
step   1580 | train_loss 3.3108 | lr 1.51e-05
step   1590 | train_loss 3.1225 | lr 1.50e-05
step   1596 | val_loss 3.3022 | val_ppl 27.17
step   1600 | train_loss 3.0700 | lr 1.50e-05
step   1600 | val_loss 3.3028 | val_ppl 27.19
Saved checkpoint to /home/system/projects/AuthLLM/checkpoints/lr_scaling_quality/alpaca_unpacked_1600_lr0.00015_seed1337/step_1600.pt
