Data: 50,868 train / 1,038 val examples (68 dropped as longer than 512 tokens)
Model: medium (123,587,328 parameters), initialized from checkpoints/medium/step_500.pt (step 500)
step     10 | train_loss 4.4944 | lr 3.00e-06
step     20 | train_loss 4.3401 | lr 6.00e-06
step     30 | train_loss 4.0137 | lr 9.00e-06
step     40 | train_loss 3.9196 | lr 1.20e-05
step     50 | train_loss 3.9760 | lr 1.50e-05
step     60 | train_loss 4.0583 | lr 1.80e-05
step     70 | train_loss 3.7062 | lr 2.10e-05
step     80 | train_loss 3.6550 | lr 2.40e-05
step     90 | train_loss 3.5304 | lr 2.70e-05
step    100 | train_loss 3.7725 | lr 3.00e-05
step    110 | train_loss 3.9401 | lr 3.00e-05
step    120 | train_loss 3.8767 | lr 3.00e-05
step    130 | train_loss 3.6692 | lr 3.00e-05
step    140 | train_loss 3.9050 | lr 3.00e-05
step    150 | train_loss 3.8047 | lr 2.99e-05
step    160 | train_loss 3.7518 | lr 2.99e-05
step    170 | train_loss 3.7695 | lr 2.99e-05
step    180 | train_loss 3.9141 | lr 2.98e-05
step    190 | train_loss 3.9096 | lr 2.98e-05
step    200 | train_loss 3.6311 | lr 2.97e-05
step    210 | train_loss 3.6118 | lr 2.96e-05
step    220 | train_loss 3.7356 | lr 2.96e-05
step    228 | val_loss 3.6760 | val_ppl 39.49
step    230 | train_loss 3.6843 | lr 2.95e-05
step    240 | train_loss 3.7590 | lr 2.94e-05
step    250 | train_loss 3.5806 | lr 2.93e-05
step    260 | train_loss 3.5908 | lr 2.93e-05
step    270 | train_loss 3.5846 | lr 2.92e-05
step    280 | train_loss 3.6018 | lr 2.91e-05
step    290 | train_loss 3.5446 | lr 2.90e-05
step    300 | train_loss 3.7422 | lr 2.88e-05
step    310 | train_loss 3.7519 | lr 2.87e-05
step    320 | train_loss 3.6677 | lr 2.86e-05
step    330 | train_loss 3.9493 | lr 2.85e-05
step    340 | train_loss 3.5672 | lr 2.83e-05
step    350 | train_loss 3.7408 | lr 2.82e-05
step    360 | train_loss 3.6690 | lr 2.81e-05
step    370 | train_loss 3.5696 | lr 2.79e-05
step    380 | train_loss 3.7733 | lr 2.78e-05
step    390 | train_loss 3.6715 | lr 2.76e-05
step    400 | train_loss 3.4486 | lr 2.74e-05
step    410 | train_loss 3.6159 | lr 2.73e-05
step    420 | train_loss 3.7176 | lr 2.71e-05
step    430 | train_loss 3.8094 | lr 2.69e-05
step    440 | train_loss 3.7226 | lr 2.67e-05
step    450 | train_loss 3.8165 | lr 2.66e-05
step    456 | val_loss 3.5519 | val_ppl 34.88
step    460 | train_loss 3.3834 | lr 2.64e-05
step    470 | train_loss 3.7127 | lr 2.62e-05
step    480 | train_loss 3.6336 | lr 2.60e-05
step    490 | train_loss 3.6799 | lr 2.58e-05
step    500 | train_loss 3.4956 | lr 2.56e-05
step    510 | train_loss 3.5835 | lr 2.53e-05
step    520 | train_loss 3.5483 | lr 2.51e-05
step    530 | train_loss 3.2980 | lr 2.49e-05
step    540 | train_loss 3.5759 | lr 2.47e-05
step    550 | train_loss 3.5742 | lr 2.45e-05
step    560 | train_loss 3.4968 | lr 2.42e-05
step    570 | train_loss 3.4175 | lr 2.40e-05
step    580 | train_loss 3.6680 | lr 2.38e-05
step    590 | train_loss 3.3608 | lr 2.35e-05
step    600 | train_loss 3.4552 | lr 2.33e-05
step    610 | train_loss 3.4912 | lr 2.30e-05
step    620 | train_loss 3.7098 | lr 2.28e-05
step    630 | train_loss 3.4186 | lr 2.25e-05
step    640 | train_loss 3.5702 | lr 2.23e-05
step    650 | train_loss 3.4589 | lr 2.20e-05
step    660 | train_loss 3.4869 | lr 2.18e-05
step    670 | train_loss 3.5356 | lr 2.15e-05
step    680 | train_loss 3.0789 | lr 2.12e-05
step    684 | val_loss 3.4761 | val_ppl 32.33
step    690 | train_loss 3.7129 | lr 2.10e-05
step    700 | train_loss 3.4545 | lr 2.07e-05
step    710 | train_loss 3.4869 | lr 2.04e-05
step    720 | train_loss 3.3875 | lr 2.02e-05
step    730 | train_loss 3.4975 | lr 1.99e-05
step    740 | train_loss 3.4127 | lr 1.96e-05
step    750 | train_loss 3.5129 | lr 1.93e-05
step    760 | train_loss 3.5353 | lr 1.91e-05
step    770 | train_loss 3.5141 | lr 1.88e-05
step    780 | train_loss 3.6375 | lr 1.85e-05
step    790 | train_loss 3.6884 | lr 1.82e-05
step    800 | train_loss 3.5967 | lr 1.79e-05
step    810 | train_loss 3.4490 | lr 1.77e-05
step    820 | train_loss 3.2837 | lr 1.74e-05
step    830 | train_loss 3.3974 | lr 1.71e-05
step    840 | train_loss 3.3462 | lr 1.68e-05
step    850 | train_loss 3.4263 | lr 1.65e-05
step    860 | train_loss 3.2500 | lr 1.62e-05
step    870 | train_loss 3.2457 | lr 1.60e-05
step    880 | train_loss 3.3864 | lr 1.57e-05
step    890 | train_loss 3.4292 | lr 1.54e-05
step    900 | train_loss 3.7852 | lr 1.51e-05
step    910 | train_loss 3.0828 | lr 1.48e-05
step    912 | val_loss 3.4373 | val_ppl 31.10
step    920 | train_loss 3.3308 | lr 1.46e-05
step    930 | train_loss 3.4406 | lr 1.43e-05
step    940 | train_loss 3.3698 | lr 1.40e-05
step    950 | train_loss 3.6912 | lr 1.37e-05
step    960 | train_loss 3.8216 | lr 1.34e-05
step    970 | train_loss 3.4895 | lr 1.32e-05
step    980 | train_loss 3.6000 | lr 1.29e-05
step    990 | train_loss 3.5098 | lr 1.26e-05
step   1000 | train_loss 3.0508 | lr 1.24e-05
step   1010 | train_loss 3.5539 | lr 1.21e-05
step   1020 | train_loss 3.3316 | lr 1.18e-05
step   1030 | train_loss 3.5558 | lr 1.16e-05
step   1040 | train_loss 3.6452 | lr 1.13e-05
step   1050 | train_loss 3.4758 | lr 1.10e-05
step   1060 | train_loss 3.6103 | lr 1.08e-05
step   1070 | train_loss 3.5477 | lr 1.05e-05
step   1080 | train_loss 3.2404 | lr 1.03e-05
step   1090 | train_loss 3.5339 | lr 1.00e-05
step   1100 | train_loss 3.1469 | lr 9.77e-06
step   1110 | train_loss 3.5186 | lr 9.53e-06
step   1120 | train_loss 3.4075 | lr 9.29e-06
step   1130 | train_loss 3.4535 | lr 9.05e-06
step   1140 | train_loss 3.5183 | lr 8.82e-06
step   1140 | val_loss 3.4037 | val_ppl 30.07
step   1150 | train_loss 3.6342 | lr 8.59e-06
step   1160 | train_loss 3.5307 | lr 8.36e-06
step   1170 | train_loss 3.5086 | lr 8.14e-06
step   1180 | train_loss 3.0772 | lr 7.92e-06
step   1190 | train_loss 3.5208 | lr 7.70e-06
step   1200 | train_loss 3.5423 | lr 7.49e-06
step   1210 | train_loss 3.2152 | lr 7.28e-06
step   1220 | train_loss 3.3862 | lr 7.07e-06
step   1230 | train_loss 3.4842 | lr 6.87e-06
step   1240 | train_loss 3.3658 | lr 6.68e-06
step   1250 | train_loss 3.6244 | lr 6.49e-06
step   1260 | train_loss 3.0950 | lr 6.30e-06
step   1270 | train_loss 3.3765 | lr 6.12e-06
step   1280 | train_loss 3.4613 | lr 5.94e-06
step   1290 | train_loss 3.1925 | lr 5.76e-06
step   1300 | train_loss 3.7651 | lr 5.59e-06
step   1310 | train_loss 3.2779 | lr 5.43e-06
step   1320 | train_loss 3.2194 | lr 5.27e-06
step   1330 | train_loss 3.7543 | lr 5.12e-06
step   1340 | train_loss 3.4768 | lr 4.97e-06
step   1350 | train_loss 3.4462 | lr 4.82e-06
step   1360 | train_loss 3.5005 | lr 4.68e-06
step   1368 | val_loss 3.3855 | val_ppl 29.53
step   1370 | train_loss 3.2293 | lr 4.55e-06
step   1380 | train_loss 3.5846 | lr 4.42e-06
step   1390 | train_loss 3.3233 | lr 4.30e-06
step   1400 | train_loss 3.5233 | lr 4.18e-06
step   1410 | train_loss 3.2641 | lr 4.07e-06
step   1420 | train_loss 3.5016 | lr 3.96e-06
step   1430 | train_loss 3.6301 | lr 3.86e-06
step   1440 | train_loss 3.3803 | lr 3.76e-06
step   1450 | train_loss 3.3303 | lr 3.67e-06
step   1460 | train_loss 3.4749 | lr 3.58e-06
step   1470 | train_loss 3.4181 | lr 3.50e-06
step   1480 | train_loss 3.2588 | lr 3.43e-06
step   1490 | train_loss 3.6850 | lr 3.36e-06
step   1500 | train_loss 3.5050 | lr 3.30e-06
step   1510 | train_loss 3.1056 | lr 3.24e-06
step   1520 | train_loss 3.3522 | lr 3.19e-06
step   1530 | train_loss 3.4032 | lr 3.15e-06
step   1540 | train_loss 3.2857 | lr 3.11e-06
step   1550 | train_loss 3.5448 | lr 3.08e-06
step   1560 | train_loss 3.2505 | lr 3.05e-06
step   1570 | train_loss 3.3501 | lr 3.03e-06
step   1580 | train_loss 3.3815 | lr 3.01e-06
step   1590 | train_loss 3.3276 | lr 3.00e-06
step   1596 | val_loss 3.3740 | val_ppl 29.19
step   1600 | train_loss 3.3375 | lr 3.00e-06
step   1600 | val_loss 3.3737 | val_ppl 29.19
Saved checkpoint to /home/system/projects/AuthLLM/checkpoints/lr_scaling_quality/alpaca_unpacked_1600_lr3e-05_seed1337/step_1600.pt
