Data: 50,869 train / 1,037 val examples (68 dropped as longer than 512 tokens)
Model: medium (123,587,328 parameters), initialized from checkpoints/medium/step_500.pt (step 500)
step     10 | train_loss 4.5199 | lr 6.00e-06
step     20 | train_loss 3.9765 | lr 1.20e-05
step     30 | train_loss 4.0515 | lr 1.80e-05
step     40 | train_loss 4.0919 | lr 2.40e-05
step     50 | train_loss 4.1976 | lr 3.00e-05
step     60 | train_loss 3.9574 | lr 3.60e-05
step     70 | train_loss 3.7244 | lr 4.20e-05
step     80 | train_loss 3.7486 | lr 4.80e-05
step     90 | train_loss 3.8524 | lr 5.40e-05
step    100 | train_loss 3.9633 | lr 6.00e-05
step    110 | train_loss 3.7347 | lr 6.00e-05
step    120 | train_loss 3.7236 | lr 6.00e-05
step    130 | train_loss 3.5296 | lr 6.00e-05
step    140 | train_loss 3.7074 | lr 5.99e-05
step    150 | train_loss 3.8540 | lr 5.99e-05
step    160 | train_loss 3.6110 | lr 5.98e-05
step    170 | train_loss 3.8771 | lr 5.97e-05
step    180 | train_loss 3.8882 | lr 5.96e-05
step    190 | train_loss 3.7298 | lr 5.95e-05
step    200 | train_loss 3.4881 | lr 5.94e-05
step    210 | train_loss 3.9372 | lr 5.93e-05
step    220 | train_loss 3.6074 | lr 5.92e-05
step    228 | val_loss 3.6340 | val_ppl 37.87
step    230 | train_loss 3.6178 | lr 5.90e-05
step    240 | train_loss 3.7374 | lr 5.89e-05
step    250 | train_loss 3.4869 | lr 5.87e-05
step    260 | train_loss 3.8882 | lr 5.85e-05
step    270 | train_loss 3.6181 | lr 5.83e-05
step    280 | train_loss 3.7356 | lr 5.81e-05
step    290 | train_loss 3.2630 | lr 5.79e-05
step    300 | train_loss 3.6967 | lr 5.77e-05
step    310 | train_loss 3.7704 | lr 5.75e-05
step    320 | train_loss 3.5598 | lr 5.72e-05
step    330 | train_loss 3.7550 | lr 5.70e-05
step    340 | train_loss 3.5606 | lr 5.67e-05
step    350 | train_loss 3.8323 | lr 5.64e-05
step    360 | train_loss 3.7011 | lr 5.61e-05
step    370 | train_loss 3.6642 | lr 5.58e-05
step    380 | train_loss 3.9662 | lr 5.55e-05
step    390 | train_loss 3.4499 | lr 5.52e-05
step    400 | train_loss 3.2420 | lr 5.49e-05
step    410 | train_loss 3.4752 | lr 5.45e-05
step    420 | train_loss 3.8249 | lr 5.42e-05
step    430 | train_loss 3.5205 | lr 5.38e-05
step    440 | train_loss 3.5001 | lr 5.35e-05
step    450 | train_loss 3.6963 | lr 5.31e-05
step    456 | val_loss 3.5046 | val_ppl 33.27
step    460 | train_loss 3.6208 | lr 5.27e-05
step    470 | train_loss 3.1747 | lr 5.23e-05
step    480 | train_loss 3.4350 | lr 5.19e-05
step    490 | train_loss 3.7184 | lr 5.15e-05
step    500 | train_loss 3.6619 | lr 5.11e-05
step    510 | train_loss 3.4972 | lr 5.07e-05
step    520 | train_loss 3.6538 | lr 5.03e-05
step    530 | train_loss 3.7352 | lr 4.98e-05
step    540 | train_loss 3.3489 | lr 4.94e-05
step    550 | train_loss 3.3238 | lr 4.89e-05
step    560 | train_loss 3.5112 | lr 4.85e-05
step    570 | train_loss 3.6136 | lr 4.80e-05
step    580 | train_loss 3.5155 | lr 4.75e-05
step    590 | train_loss 3.6703 | lr 4.70e-05
step    600 | train_loss 3.5838 | lr 4.65e-05
step    610 | train_loss 3.3929 | lr 4.61e-05
step    620 | train_loss 3.4674 | lr 4.56e-05
step    630 | train_loss 3.0284 | lr 4.51e-05
step    640 | train_loss 3.6221 | lr 4.45e-05
step    650 | train_loss 3.3951 | lr 4.40e-05
step    660 | train_loss 3.3127 | lr 4.35e-05
step    670 | train_loss 3.3895 | lr 4.30e-05
step    680 | train_loss 3.5345 | lr 4.25e-05
step    684 | val_loss 3.4365 | val_ppl 31.08
step    690 | train_loss 3.4262 | lr 4.19e-05
step    700 | train_loss 3.3992 | lr 4.14e-05
step    710 | train_loss 3.5941 | lr 4.09e-05
step    720 | train_loss 3.5036 | lr 4.03e-05
step    730 | train_loss 3.2394 | lr 3.98e-05
step    740 | train_loss 3.5403 | lr 3.92e-05
step    750 | train_loss 3.4848 | lr 3.87e-05
step    760 | train_loss 3.5870 | lr 3.81e-05
step    770 | train_loss 3.3274 | lr 3.76e-05
step    780 | train_loss 3.6974 | lr 3.70e-05
step    790 | train_loss 3.4991 | lr 3.64e-05
step    800 | train_loss 3.4013 | lr 3.59e-05
step    810 | train_loss 3.3425 | lr 3.53e-05
step    820 | train_loss 3.3601 | lr 3.48e-05
step    830 | train_loss 3.5412 | lr 3.42e-05
step    840 | train_loss 3.4727 | lr 3.36e-05
step    850 | train_loss 3.5333 | lr 3.31e-05
step    860 | train_loss 3.6842 | lr 3.25e-05
step    870 | train_loss 3.2936 | lr 3.19e-05
step    880 | train_loss 3.4027 | lr 3.14e-05
step    890 | train_loss 3.7742 | lr 3.08e-05
step    900 | train_loss 3.5120 | lr 3.02e-05
step    910 | train_loss 3.4807 | lr 2.97e-05
step    912 | val_loss 3.3746 | val_ppl 29.21
step    920 | train_loss 3.3381 | lr 2.91e-05
step    930 | train_loss 3.2703 | lr 2.86e-05
step    940 | train_loss 3.3741 | lr 2.80e-05
step    950 | train_loss 3.4647 | lr 2.74e-05
step    960 | train_loss 3.4240 | lr 2.69e-05
step    970 | train_loss 3.3339 | lr 2.63e-05
step    980 | train_loss 3.8827 | lr 2.58e-05
step    990 | train_loss 3.4003 | lr 2.53e-05
step   1000 | train_loss 3.4092 | lr 2.47e-05
step   1010 | train_loss 3.2794 | lr 2.42e-05
step   1020 | train_loss 3.7190 | lr 2.36e-05
step   1030 | train_loss 3.4599 | lr 2.31e-05
step   1040 | train_loss 3.4179 | lr 2.26e-05
step   1050 | train_loss 3.1391 | lr 2.21e-05
step   1060 | train_loss 3.4354 | lr 2.16e-05
step   1070 | train_loss 3.3692 | lr 2.10e-05
step   1080 | train_loss 3.2983 | lr 2.05e-05
step   1090 | train_loss 3.3952 | lr 2.00e-05
step   1100 | train_loss 3.4451 | lr 1.95e-05
step   1110 | train_loss 3.3687 | lr 1.91e-05
step   1120 | train_loss 3.5400 | lr 1.86e-05
step   1130 | train_loss 3.3082 | lr 1.81e-05
step   1140 | train_loss 3.3171 | lr 1.76e-05
step   1140 | val_loss 3.3330 | val_ppl 28.02
step   1150 | train_loss 3.5935 | lr 1.72e-05
step   1160 | train_loss 3.6201 | lr 1.67e-05
step   1170 | train_loss 3.2874 | lr 1.63e-05
step   1180 | train_loss 3.7312 | lr 1.58e-05
step   1190 | train_loss 3.5956 | lr 1.54e-05
step   1200 | train_loss 3.6680 | lr 1.50e-05
step   1210 | train_loss 3.5310 | lr 1.46e-05
step   1220 | train_loss 3.2146 | lr 1.41e-05
step   1230 | train_loss 3.1478 | lr 1.37e-05
step   1240 | train_loss 3.3109 | lr 1.34e-05
step   1250 | train_loss 3.6729 | lr 1.30e-05
step   1260 | train_loss 3.5543 | lr 1.26e-05
step   1270 | train_loss 3.4492 | lr 1.22e-05
step   1280 | train_loss 3.4738 | lr 1.19e-05
step   1290 | train_loss 2.9800 | lr 1.15e-05
step   1300 | train_loss 2.9647 | lr 1.12e-05
step   1310 | train_loss 3.2457 | lr 1.09e-05
step   1320 | train_loss 3.1444 | lr 1.05e-05
step   1330 | train_loss 3.5752 | lr 1.02e-05
step   1340 | train_loss 3.5790 | lr 9.93e-06
step   1350 | train_loss 3.4457 | lr 9.65e-06
step   1360 | train_loss 3.3374 | lr 9.37e-06
step   1368 | val_loss 3.3037 | val_ppl 27.21
step   1370 | train_loss 3.1582 | lr 9.10e-06
step   1380 | train_loss 3.3002 | lr 8.84e-06
step   1390 | train_loss 3.0597 | lr 8.59e-06
step   1400 | train_loss 3.3646 | lr 8.36e-06
step   1410 | train_loss 3.5529 | lr 8.13e-06
step   1420 | train_loss 3.3496 | lr 7.92e-06
step   1430 | train_loss 3.2420 | lr 7.71e-06
step   1440 | train_loss 3.3316 | lr 7.52e-06
step   1450 | train_loss 3.7741 | lr 7.34e-06
step   1460 | train_loss 3.5811 | lr 7.17e-06
step   1470 | train_loss 3.5349 | lr 7.01e-06
step   1480 | train_loss 3.4909 | lr 6.86e-06
step   1490 | train_loss 3.2567 | lr 6.73e-06
step   1500 | train_loss 3.1598 | lr 6.60e-06
step   1510 | train_loss 4.0292 | lr 6.49e-06
step   1520 | train_loss 3.0363 | lr 6.39e-06
step   1530 | train_loss 3.4754 | lr 6.30e-06
step   1540 | train_loss 3.1603 | lr 6.22e-06
step   1550 | train_loss 3.4285 | lr 6.15e-06
step   1560 | train_loss 3.2874 | lr 6.10e-06
step   1570 | train_loss 3.5730 | lr 6.06e-06
step   1580 | train_loss 3.3644 | lr 6.03e-06
step   1590 | train_loss 2.9382 | lr 6.01e-06
step   1596 | val_loss 3.2896 | val_ppl 26.83
step   1600 | train_loss 3.0670 | lr 6.00e-06
step   1600 | val_loss 3.2900 | val_ppl 26.84
Saved checkpoint to /home/system/projects/AuthLLM/checkpoints/lr_scaling_quality/alpaca_unpacked_1600_lr6e-05_seed1338/step_1600.pt
