Data: 50,868 train / 1,038 val examples (68 dropped as longer than 512 tokens)
Model: medium (123,587,328 parameters), initialized from checkpoints/medium/step_500.pt (step 500)
step     10 | train_loss 4.3613 | lr 4.00e-05
step     20 | train_loss 4.1273 | lr 8.00e-05
step     30 | train_loss 3.8143 | lr 1.20e-04
step     40 | train_loss 3.8598 | lr 1.60e-04
step     50 | train_loss 3.9302 | lr 2.00e-04
step     60 | train_loss 4.0957 | lr 2.40e-04
step     70 | train_loss 3.7612 | lr 2.80e-04
step     80 | train_loss 3.7845 | lr 3.20e-04
step     90 | train_loss 3.7429 | lr 3.60e-04
step    100 | train_loss 4.0310 | lr 4.00e-04
step    110 | train_loss 4.0968 | lr 4.00e-04
step    120 | train_loss 4.1977 | lr 4.00e-04
step    130 | train_loss 3.9876 | lr 4.00e-04
step    140 | train_loss 4.3691 | lr 3.99e-04
step    150 | train_loss 4.1345 | lr 3.99e-04
step    160 | train_loss 4.1442 | lr 3.99e-04
step    170 | train_loss 4.1722 | lr 3.98e-04
step    180 | train_loss 4.3581 | lr 3.98e-04
step    190 | train_loss 4.4523 | lr 3.97e-04
step    200 | train_loss 4.1313 | lr 3.96e-04
step    210 | train_loss 4.2205 | lr 3.95e-04
step    220 | train_loss 4.1575 | lr 3.94e-04
step    228 | val_loss 4.2099 | val_ppl 67.35
step    230 | train_loss 4.3038 | lr 3.93e-04
step    240 | train_loss 4.2893 | lr 3.92e-04
step    250 | train_loss 4.0144 | lr 3.91e-04
step    260 | train_loss 4.0594 | lr 3.90e-04
step    270 | train_loss 4.0499 | lr 3.89e-04
step    280 | train_loss 4.1180 | lr 3.87e-04
step    290 | train_loss 4.0123 | lr 3.86e-04
step    300 | train_loss 4.2756 | lr 3.85e-04
step    310 | train_loss 4.3324 | lr 3.83e-04
step    320 | train_loss 4.0996 | lr 3.81e-04
step    330 | train_loss 4.5929 | lr 3.80e-04
step    340 | train_loss 4.2327 | lr 3.78e-04
step    350 | train_loss 4.4208 | lr 3.76e-04
step    360 | train_loss 4.2577 | lr 3.74e-04
step    370 | train_loss 4.0517 | lr 3.72e-04
step    380 | train_loss 4.4411 | lr 3.70e-04
step    390 | train_loss 4.1008 | lr 3.68e-04
step    400 | train_loss 3.8965 | lr 3.66e-04
step    410 | train_loss 4.0445 | lr 3.64e-04
step    420 | train_loss 4.3440 | lr 3.61e-04
step    430 | train_loss 4.4501 | lr 3.59e-04
step    440 | train_loss 4.2671 | lr 3.57e-04
step    450 | train_loss 4.2897 | lr 3.54e-04
step    456 | val_loss 4.0416 | val_ppl 56.92
step    460 | train_loss 3.7832 | lr 3.51e-04
step    470 | train_loss 4.1822 | lr 3.49e-04
step    480 | train_loss 4.0676 | lr 3.46e-04
step    490 | train_loss 4.2684 | lr 3.43e-04
step    500 | train_loss 3.9224 | lr 3.41e-04
step    510 | train_loss 4.0498 | lr 3.38e-04
step    520 | train_loss 3.9001 | lr 3.35e-04
step    530 | train_loss 3.6120 | lr 3.32e-04
step    540 | train_loss 3.9212 | lr 3.29e-04
step    550 | train_loss 4.0238 | lr 3.26e-04
step    560 | train_loss 3.8169 | lr 3.23e-04
step    570 | train_loss 3.8927 | lr 3.20e-04
step    580 | train_loss 4.1991 | lr 3.17e-04
step    590 | train_loss 3.7124 | lr 3.14e-04
step    600 | train_loss 3.9672 | lr 3.10e-04
step    610 | train_loss 3.9381 | lr 3.07e-04
step    620 | train_loss 4.2353 | lr 3.04e-04
step    630 | train_loss 3.7807 | lr 3.00e-04
step    640 | train_loss 3.9920 | lr 2.97e-04
step    650 | train_loss 3.8316 | lr 2.94e-04
step    660 | train_loss 3.8621 | lr 2.90e-04
step    670 | train_loss 3.9125 | lr 2.87e-04
step    680 | train_loss 3.3411 | lr 2.83e-04
step    684 | val_loss 3.8896 | val_ppl 48.89
step    690 | train_loss 4.1539 | lr 2.80e-04
step    700 | train_loss 3.7482 | lr 2.76e-04
step    710 | train_loss 3.9441 | lr 2.72e-04
step    720 | train_loss 3.7240 | lr 2.69e-04
step    730 | train_loss 3.8817 | lr 2.65e-04
step    740 | train_loss 3.7365 | lr 2.61e-04
step    750 | train_loss 3.9888 | lr 2.58e-04
step    760 | train_loss 4.0538 | lr 2.54e-04
step    770 | train_loss 3.7545 | lr 2.50e-04
step    780 | train_loss 3.9375 | lr 2.47e-04
step    790 | train_loss 4.0499 | lr 2.43e-04
step    800 | train_loss 3.8644 | lr 2.39e-04
step    810 | train_loss 3.8249 | lr 2.35e-04
step    820 | train_loss 3.6443 | lr 2.32e-04
step    830 | train_loss 3.6035 | lr 2.28e-04
step    840 | train_loss 3.6947 | lr 2.24e-04
step    850 | train_loss 3.5666 | lr 2.20e-04
step    860 | train_loss 3.4723 | lr 2.17e-04
step    870 | train_loss 3.5510 | lr 2.13e-04
step    880 | train_loss 3.5837 | lr 2.09e-04
step    890 | train_loss 3.6060 | lr 2.05e-04
step    900 | train_loss 4.0148 | lr 2.02e-04
step    910 | train_loss 3.2807 | lr 1.98e-04
step    912 | val_loss 3.7007 | val_ppl 40.48
step    920 | train_loss 3.5802 | lr 1.94e-04
step    930 | train_loss 3.5990 | lr 1.90e-04
step    940 | train_loss 3.4900 | lr 1.87e-04
step    950 | train_loss 4.0210 | lr 1.83e-04
step    960 | train_loss 4.2145 | lr 1.79e-04
step    970 | train_loss 3.7626 | lr 1.76e-04
step    980 | train_loss 3.8651 | lr 1.72e-04
step    990 | train_loss 3.7279 | lr 1.68e-04
step   1000 | train_loss 3.2818 | lr 1.65e-04
step   1010 | train_loss 3.8559 | lr 1.61e-04
step   1020 | train_loss 3.6011 | lr 1.58e-04
step   1030 | train_loss 3.7294 | lr 1.54e-04
step   1040 | train_loss 3.7565 | lr 1.51e-04
step   1050 | train_loss 3.7611 | lr 1.47e-04
step   1060 | train_loss 3.7722 | lr 1.44e-04
step   1070 | train_loss 3.8884 | lr 1.40e-04
step   1080 | train_loss 3.4702 | lr 1.37e-04
step   1090 | train_loss 3.8636 | lr 1.34e-04
step   1100 | train_loss 3.2910 | lr 1.30e-04
step   1110 | train_loss 3.7597 | lr 1.27e-04
step   1120 | train_loss 3.5699 | lr 1.24e-04
step   1130 | train_loss 3.7476 | lr 1.21e-04
step   1140 | train_loss 3.6184 | lr 1.18e-04
step   1140 | val_loss 3.5516 | val_ppl 34.87
step   1150 | train_loss 3.6555 | lr 1.15e-04
step   1160 | train_loss 3.5354 | lr 1.11e-04
step   1170 | train_loss 3.5849 | lr 1.08e-04
step   1180 | train_loss 3.0459 | lr 1.06e-04
step   1190 | train_loss 3.6738 | lr 1.03e-04
step   1200 | train_loss 3.6442 | lr 9.98e-05
step   1210 | train_loss 3.4401 | lr 9.71e-05
step   1220 | train_loss 3.4816 | lr 9.43e-05
step   1230 | train_loss 3.6350 | lr 9.17e-05
step   1240 | train_loss 3.5491 | lr 8.90e-05
step   1250 | train_loss 3.7468 | lr 8.65e-05
step   1260 | train_loss 3.1164 | lr 8.40e-05
step   1270 | train_loss 3.3323 | lr 8.15e-05
step   1280 | train_loss 3.5890 | lr 7.92e-05
step   1290 | train_loss 3.2939 | lr 7.69e-05
step   1300 | train_loss 3.7436 | lr 7.46e-05
step   1310 | train_loss 3.3190 | lr 7.24e-05
step   1320 | train_loss 3.3132 | lr 7.03e-05
step   1330 | train_loss 3.7455 | lr 6.82e-05
step   1340 | train_loss 3.4962 | lr 6.62e-05
step   1350 | train_loss 3.5924 | lr 6.43e-05
step   1360 | train_loss 3.5988 | lr 6.24e-05
step   1368 | val_loss 3.4520 | val_ppl 31.56
step   1370 | train_loss 3.1409 | lr 6.07e-05
step   1380 | train_loss 3.7728 | lr 5.89e-05
step   1390 | train_loss 3.4059 | lr 5.73e-05
step   1400 | train_loss 3.4954 | lr 5.57e-05
step   1410 | train_loss 3.2373 | lr 5.42e-05
step   1420 | train_loss 3.7051 | lr 5.28e-05
step   1430 | train_loss 3.7207 | lr 5.14e-05
step   1440 | train_loss 3.3875 | lr 5.01e-05
step   1450 | train_loss 3.3474 | lr 4.89e-05
step   1460 | train_loss 3.6073 | lr 4.78e-05
step   1470 | train_loss 3.4809 | lr 4.67e-05
step   1480 | train_loss 3.1720 | lr 4.57e-05
step   1490 | train_loss 3.8774 | lr 4.48e-05
step   1500 | train_loss 3.6078 | lr 4.40e-05
step   1510 | train_loss 3.1131 | lr 4.33e-05
step   1520 | train_loss 3.4018 | lr 4.26e-05
step   1530 | train_loss 3.4754 | lr 4.20e-05
step   1540 | train_loss 3.1868 | lr 4.15e-05
step   1550 | train_loss 3.5331 | lr 4.10e-05
step   1560 | train_loss 3.1994 | lr 4.07e-05
step   1570 | train_loss 3.3328 | lr 4.04e-05
step   1580 | train_loss 3.3839 | lr 4.02e-05
step   1590 | train_loss 3.1929 | lr 4.00e-05
step   1596 | val_loss 3.3942 | val_ppl 29.79
step   1600 | train_loss 3.1181 | lr 4.00e-05
step   1600 | val_loss 3.3946 | val_ppl 29.80
Saved checkpoint to /home/system/projects/AuthLLM/checkpoints/lr_scaling_quality/alpaca_unpacked_1600_lr0.0004_seed1337/step_1600.pt
