Data: 50,868 train / 1,038 val examples (68 dropped as longer than 512 tokens)
Packing: 50,868 examples into 11,220 windows (4.5 per window, 98.8% of positions used)
Model: medium (123,587,328 parameters), initialized from checkpoints/medium/step_500.pt (step 500)
step     10 | train_loss 4.0594 | lr 2.73e-05
step     20 | train_loss 3.9872 | lr 5.45e-05
step     30 | train_loss 3.6776 | lr 5.99e-05
step     40 | train_loss 3.6524 | lr 5.96e-05
step     50 | train_loss 3.6093 | lr 5.91e-05
step     50 | val_loss 3.6854 | val_ppl 39.86
step     60 | train_loss 3.6523 | lr 5.83e-05
step     70 | train_loss 3.6515 | lr 5.73e-05
step     80 | train_loss 3.5981 | lr 5.61e-05
step     90 | train_loss 3.5233 | lr 5.46e-05
step    100 | train_loss 3.6840 | lr 5.30e-05
step    100 | val_loss 3.5443 | val_ppl 34.62
step    110 | train_loss 3.6158 | lr 5.12e-05
step    120 | train_loss 3.5181 | lr 4.92e-05
step    130 | train_loss 3.5453 | lr 4.70e-05
step    140 | train_loss 3.4717 | lr 4.47e-05
step    150 | train_loss 3.4186 | lr 4.24e-05
step    150 | val_loss 3.4569 | val_ppl 31.72
step    160 | train_loss 3.5224 | lr 3.99e-05
step    170 | train_loss 3.4580 | lr 3.74e-05
step    180 | train_loss 3.4556 | lr 3.48e-05
step    190 | train_loss 3.3665 | lr 3.22e-05
step    200 | train_loss 3.5193 | lr 2.96e-05
step    200 | val_loss 3.3959 | val_ppl 29.84
step    210 | train_loss 3.3783 | lr 2.71e-05
step    220 | train_loss 3.1945 | lr 2.46e-05
step    230 | train_loss 3.4084 | lr 2.22e-05
step    240 | train_loss 3.3718 | lr 1.99e-05
step    250 | train_loss 3.3888 | lr 1.77e-05
step    250 | val_loss 3.3594 | val_ppl 28.77
step    260 | train_loss 3.4052 | lr 1.56e-05
step    270 | train_loss 3.5037 | lr 1.37e-05
step    280 | train_loss 3.4073 | lr 1.20e-05
step    290 | train_loss 3.3388 | lr 1.05e-05
step    300 | train_loss 3.3692 | lr 9.16e-06
step    300 | val_loss 3.3367 | val_ppl 28.13
step    310 | train_loss 3.2989 | lr 8.06e-06
step    320 | train_loss 3.2109 | lr 7.18e-06
step    330 | train_loss 3.5857 | lr 6.54e-06
step    340 | train_loss 3.2573 | lr 6.15e-06
step    350 | train_loss 3.3484 | lr 6.00e-06
step    350 | val_loss 3.3238 | val_ppl 27.77
Saved checkpoint to /home/system/projects/AuthLLM/checkpoints/lr_scaling_quality/alpaca_packed_350_lr6e-05_seed1337/step_350.pt
