Data: 50,868 train / 1,038 val examples (68 dropped as longer than 512 tokens)
Model: medium (123,587,328 parameters), initialized from checkpoints/medium/step_2500.pt (step 2500)
step     10 | train_loss 3.3687 | lr 2.00e-06
step     20 | train_loss 3.1815 | lr 4.00e-06
step     30 | train_loss 2.8927 | lr 6.00e-06
step     40 | train_loss 2.7908 | lr 8.00e-06
step     50 | train_loss 2.9041 | lr 1.00e-05
step     60 | train_loss 3.0149 | lr 1.20e-05
step     70 | train_loss 2.5491 | lr 1.40e-05
step     80 | train_loss 2.7127 | lr 1.60e-05
step     90 | train_loss 2.5916 | lr 1.80e-05
step    100 | train_loss 2.7307 | lr 2.00e-05
step    110 | train_loss 2.8820 | lr 2.00e-05
step    120 | train_loss 2.8481 | lr 2.00e-05
step    130 | train_loss 2.6354 | lr 2.00e-05
step    140 | train_loss 2.8107 | lr 2.00e-05
step    150 | train_loss 2.8362 | lr 2.00e-05
step    160 | train_loss 2.7342 | lr 1.99e-05
step    170 | train_loss 2.7170 | lr 1.99e-05
step    180 | train_loss 2.9272 | lr 1.99e-05
step    190 | train_loss 2.8362 | lr 1.98e-05
step    200 | train_loss 2.7046 | lr 1.98e-05
step    210 | train_loss 2.6039 | lr 1.98e-05
step    220 | train_loss 2.6903 | lr 1.97e-05
step    228 | val_loss 2.6746 | val_ppl 14.51
step    230 | train_loss 2.7303 | lr 1.97e-05
step    240 | train_loss 2.7707 | lr 1.96e-05
step    250 | train_loss 2.6334 | lr 1.96e-05
step    260 | train_loss 2.6115 | lr 1.95e-05
step    270 | train_loss 2.6539 | lr 1.94e-05
step    280 | train_loss 2.6618 | lr 1.94e-05
step    290 | train_loss 2.5749 | lr 1.93e-05
step    300 | train_loss 2.7093 | lr 1.92e-05
step    310 | train_loss 2.7691 | lr 1.92e-05
step    320 | train_loss 2.5892 | lr 1.91e-05
step    330 | train_loss 3.0356 | lr 1.90e-05
step    340 | train_loss 2.5363 | lr 1.89e-05
step    350 | train_loss 2.7078 | lr 1.88e-05
step    360 | train_loss 2.6338 | lr 1.87e-05
step    370 | train_loss 2.4957 | lr 1.86e-05
step    380 | train_loss 2.6218 | lr 1.85e-05
step    390 | train_loss 2.7111 | lr 1.84e-05
step    400 | train_loss 2.5804 | lr 1.83e-05
step    410 | train_loss 2.6592 | lr 1.82e-05
step    420 | train_loss 2.6939 | lr 1.81e-05
step    430 | train_loss 2.6852 | lr 1.79e-05
step    440 | train_loss 2.5708 | lr 1.78e-05
step    450 | train_loss 2.8294 | lr 1.77e-05
step    456 | val_loss 2.6000 | val_ppl 13.46
step    460 | train_loss 2.4209 | lr 1.76e-05
step    470 | train_loss 2.8074 | lr 1.74e-05
step    480 | train_loss 2.6373 | lr 1.73e-05
step    490 | train_loss 2.7518 | lr 1.72e-05
step    500 | train_loss 2.5182 | lr 1.70e-05
step    510 | train_loss 2.6554 | lr 1.69e-05
step    520 | train_loss 2.6485 | lr 1.68e-05
step    530 | train_loss 2.4301 | lr 1.66e-05
step    540 | train_loss 2.6486 | lr 1.65e-05
step    550 | train_loss 2.6434 | lr 1.63e-05
step    560 | train_loss 2.5324 | lr 1.62e-05
step    570 | train_loss 2.5127 | lr 1.60e-05
step    580 | train_loss 2.6856 | lr 1.58e-05
step    590 | train_loss 2.4781 | lr 1.57e-05
step    600 | train_loss 2.4938 | lr 1.55e-05
step    610 | train_loss 2.6198 | lr 1.54e-05
step    620 | train_loss 2.6944 | lr 1.52e-05
step    630 | train_loss 2.5120 | lr 1.50e-05
step    640 | train_loss 2.6815 | lr 1.48e-05
step    650 | train_loss 2.6626 | lr 1.47e-05
step    660 | train_loss 2.5916 | lr 1.45e-05
step    670 | train_loss 2.6198 | lr 1.43e-05
step    680 | train_loss 2.2529 | lr 1.42e-05
step    684 | val_loss 2.5605 | val_ppl 12.94
step    690 | train_loss 2.6100 | lr 1.40e-05
step    700 | train_loss 2.5090 | lr 1.38e-05
step    710 | train_loss 2.5260 | lr 1.36e-05
step    720 | train_loss 2.5307 | lr 1.34e-05
step    730 | train_loss 2.5769 | lr 1.33e-05
step    740 | train_loss 2.5748 | lr 1.31e-05
step    750 | train_loss 2.5020 | lr 1.29e-05
step    760 | train_loss 2.5650 | lr 1.27e-05
step    770 | train_loss 2.5834 | lr 1.25e-05
step    780 | train_loss 2.6313 | lr 1.23e-05
step    790 | train_loss 2.9041 | lr 1.21e-05
step    800 | train_loss 2.4836 | lr 1.20e-05
step    810 | train_loss 2.5523 | lr 1.18e-05
step    820 | train_loss 2.4245 | lr 1.16e-05
step    830 | train_loss 2.5700 | lr 1.14e-05
step    840 | train_loss 2.4817 | lr 1.12e-05
step    850 | train_loss 2.4889 | lr 1.10e-05
step    860 | train_loss 2.4406 | lr 1.08e-05
step    870 | train_loss 2.3198 | lr 1.06e-05
step    880 | train_loss 2.4933 | lr 1.05e-05
step    890 | train_loss 2.6003 | lr 1.03e-05
step    900 | train_loss 2.8533 | lr 1.01e-05
step    910 | train_loss 2.2187 | lr 9.89e-06
step    912 | val_loss 2.5389 | val_ppl 12.67
step    920 | train_loss 2.4824 | lr 9.70e-06
step    930 | train_loss 2.6448 | lr 9.52e-06
step    940 | train_loss 2.4463 | lr 9.33e-06
step    950 | train_loss 2.7219 | lr 9.15e-06
step    960 | train_loss 2.8797 | lr 8.96e-06
step    970 | train_loss 2.5162 | lr 8.78e-06
step    980 | train_loss 2.6260 | lr 8.60e-06
step    990 | train_loss 2.5694 | lr 8.42e-06
step   1000 | train_loss 2.2367 | lr 8.24e-06
step   1010 | train_loss 2.6486 | lr 8.06e-06
step   1020 | train_loss 2.5011 | lr 7.88e-06
step   1030 | train_loss 2.6968 | lr 7.70e-06
step   1040 | train_loss 2.7155 | lr 7.53e-06
step   1050 | train_loss 2.5745 | lr 7.36e-06
step   1060 | train_loss 2.7393 | lr 7.19e-06
step   1070 | train_loss 2.5884 | lr 7.02e-06
step   1080 | train_loss 2.3541 | lr 6.85e-06
step   1090 | train_loss 2.5381 | lr 6.68e-06
step   1100 | train_loss 2.2959 | lr 6.52e-06
step   1110 | train_loss 2.6045 | lr 6.35e-06
step   1120 | train_loss 2.4949 | lr 6.19e-06
step   1130 | train_loss 2.4993 | lr 6.04e-06
step   1140 | train_loss 2.5211 | lr 5.88e-06
step   1140 | val_loss 2.5221 | val_ppl 12.45
step   1150 | train_loss 2.7242 | lr 5.73e-06
step   1160 | train_loss 2.6855 | lr 5.57e-06
step   1170 | train_loss 2.6679 | lr 5.42e-06
step   1180 | train_loss 2.2516 | lr 5.28e-06
step   1190 | train_loss 2.6581 | lr 5.13e-06
step   1200 | train_loss 2.6769 | lr 4.99e-06
step   1210 | train_loss 2.3427 | lr 4.85e-06
step   1220 | train_loss 2.5036 | lr 4.72e-06
step   1230 | train_loss 2.5639 | lr 4.58e-06
step   1240 | train_loss 2.4736 | lr 4.45e-06
step   1250 | train_loss 2.6751 | lr 4.32e-06
step   1260 | train_loss 2.3860 | lr 4.20e-06
step   1270 | train_loss 2.4928 | lr 4.08e-06
step   1280 | train_loss 2.6508 | lr 3.96e-06
step   1290 | train_loss 2.3529 | lr 3.84e-06
step   1300 | train_loss 2.8365 | lr 3.73e-06
step   1310 | train_loss 2.4289 | lr 3.62e-06
step   1320 | train_loss 2.3877 | lr 3.51e-06
step   1330 | train_loss 2.7647 | lr 3.41e-06
step   1340 | train_loss 2.5187 | lr 3.31e-06
step   1350 | train_loss 2.5568 | lr 3.22e-06
step   1360 | train_loss 2.7566 | lr 3.12e-06
step   1368 | val_loss 2.5140 | val_ppl 12.35
step   1370 | train_loss 2.4512 | lr 3.03e-06
step   1380 | train_loss 2.6566 | lr 2.95e-06
step   1390 | train_loss 2.3793 | lr 2.86e-06
step   1400 | train_loss 2.6426 | lr 2.79e-06
step   1410 | train_loss 2.4250 | lr 2.71e-06
step   1420 | train_loss 2.5992 | lr 2.64e-06
step   1430 | train_loss 2.6266 | lr 2.57e-06
step   1440 | train_loss 2.5979 | lr 2.51e-06
step   1450 | train_loss 2.4444 | lr 2.45e-06
step   1460 | train_loss 2.5677 | lr 2.39e-06
step   1470 | train_loss 2.5063 | lr 2.34e-06
step   1480 | train_loss 2.3510 | lr 2.29e-06
step   1490 | train_loss 2.7233 | lr 2.24e-06
step   1500 | train_loss 2.6096 | lr 2.20e-06
step   1510 | train_loss 2.3066 | lr 2.16e-06
step   1520 | train_loss 2.4846 | lr 2.13e-06
step   1530 | train_loss 2.6082 | lr 2.10e-06
step   1540 | train_loss 2.4608 | lr 2.07e-06
step   1550 | train_loss 2.6270 | lr 2.05e-06
step   1560 | train_loss 2.4594 | lr 2.03e-06
step   1570 | train_loss 2.3688 | lr 2.02e-06
step   1580 | train_loss 2.4840 | lr 2.01e-06
step   1590 | train_loss 2.5445 | lr 2.00e-06
step   1596 | val_loss 2.5103 | val_ppl 12.31
step   1600 | train_loss 2.5944 | lr 2.00e-06
step   1600 | val_loss 2.5102 | val_ppl 12.31
Saved checkpoint to /home/system/projects/AuthLLM/checkpoints/lr_scaling_quality2500/alpaca_unpacked_1600_lr2e-05_seed1337/step_1600.pt
