Data: 50,868 train / 1,038 val examples (68 dropped as longer than 512 tokens)
Model: medium (123,587,328 parameters), initialized from checkpoints/medium/step_2500.pt (step 2500)
step     10 | train_loss 3.3278 | lr 6.00e-06
step     20 | train_loss 3.0677 | lr 1.20e-05
step     30 | train_loss 2.7991 | lr 1.80e-05
step     40 | train_loss 2.7291 | lr 2.40e-05
step     50 | train_loss 2.8435 | lr 3.00e-05
step     60 | train_loss 2.9517 | lr 3.60e-05
step     70 | train_loss 2.4800 | lr 4.20e-05
step     80 | train_loss 2.6483 | lr 4.80e-05
step     90 | train_loss 2.5288 | lr 5.40e-05
step    100 | train_loss 2.6675 | lr 6.00e-05
step    110 | train_loss 2.7994 | lr 6.00e-05
step    120 | train_loss 2.7809 | lr 6.00e-05
step    130 | train_loss 2.5833 | lr 6.00e-05
step    140 | train_loss 2.7639 | lr 5.99e-05
step    150 | train_loss 2.7764 | lr 5.99e-05
step    160 | train_loss 2.6353 | lr 5.98e-05
step    170 | train_loss 2.6639 | lr 5.97e-05
step    180 | train_loss 2.8723 | lr 5.96e-05
step    190 | train_loss 2.7895 | lr 5.95e-05
step    200 | train_loss 2.6472 | lr 5.94e-05
step    210 | train_loss 2.5676 | lr 5.93e-05
step    220 | train_loss 2.6290 | lr 5.92e-05
step    228 | val_loss 2.6168 | val_ppl 13.69
step    230 | train_loss 2.6726 | lr 5.90e-05
step    240 | train_loss 2.7217 | lr 5.89e-05
step    250 | train_loss 2.5831 | lr 5.87e-05
step    260 | train_loss 2.5649 | lr 5.85e-05
step    270 | train_loss 2.5919 | lr 5.83e-05
step    280 | train_loss 2.6203 | lr 5.81e-05
step    290 | train_loss 2.5276 | lr 5.79e-05
step    300 | train_loss 2.6239 | lr 5.77e-05
step    310 | train_loss 2.7408 | lr 5.75e-05
step    320 | train_loss 2.5399 | lr 5.72e-05
step    330 | train_loss 3.0181 | lr 5.70e-05
step    340 | train_loss 2.5245 | lr 5.67e-05
step    350 | train_loss 2.6843 | lr 5.64e-05
step    360 | train_loss 2.6096 | lr 5.61e-05
step    370 | train_loss 2.4603 | lr 5.58e-05
step    380 | train_loss 2.5784 | lr 5.55e-05
step    390 | train_loss 2.6358 | lr 5.52e-05
step    400 | train_loss 2.5439 | lr 5.49e-05
step    410 | train_loss 2.6274 | lr 5.45e-05
step    420 | train_loss 2.6413 | lr 5.42e-05
step    430 | train_loss 2.6478 | lr 5.38e-05
step    440 | train_loss 2.5650 | lr 5.35e-05
step    450 | train_loss 2.7964 | lr 5.31e-05
step    456 | val_loss 2.5593 | val_ppl 12.93
step    460 | train_loss 2.3798 | lr 5.27e-05
step    470 | train_loss 2.7670 | lr 5.23e-05
step    480 | train_loss 2.5737 | lr 5.19e-05
step    490 | train_loss 2.7222 | lr 5.15e-05
step    500 | train_loss 2.4823 | lr 5.11e-05
step    510 | train_loss 2.6266 | lr 5.07e-05
step    520 | train_loss 2.5826 | lr 5.03e-05
step    530 | train_loss 2.3746 | lr 4.98e-05
step    540 | train_loss 2.5592 | lr 4.94e-05
step    550 | train_loss 2.6403 | lr 4.89e-05
step    560 | train_loss 2.4492 | lr 4.85e-05
step    570 | train_loss 2.4615 | lr 4.80e-05
step    580 | train_loss 2.6767 | lr 4.75e-05
step    590 | train_loss 2.4465 | lr 4.70e-05
step    600 | train_loss 2.5000 | lr 4.65e-05
step    610 | train_loss 2.5716 | lr 4.61e-05
step    620 | train_loss 2.6960 | lr 4.56e-05
step    630 | train_loss 2.4654 | lr 4.51e-05
step    640 | train_loss 2.6517 | lr 4.45e-05
step    650 | train_loss 2.6161 | lr 4.40e-05
step    660 | train_loss 2.5627 | lr 4.35e-05
step    670 | train_loss 2.5844 | lr 4.30e-05
step    680 | train_loss 2.1734 | lr 4.25e-05
step    684 | val_loss 2.5309 | val_ppl 12.56
step    690 | train_loss 2.6322 | lr 4.19e-05
step    700 | train_loss 2.4859 | lr 4.14e-05
step    710 | train_loss 2.5139 | lr 4.09e-05
step    720 | train_loss 2.4890 | lr 4.03e-05
step    730 | train_loss 2.5592 | lr 3.98e-05
step    740 | train_loss 2.5480 | lr 3.92e-05
step    750 | train_loss 2.4915 | lr 3.87e-05
step    760 | train_loss 2.5729 | lr 3.81e-05
step    770 | train_loss 2.5068 | lr 3.76e-05
step    780 | train_loss 2.5752 | lr 3.70e-05
step    790 | train_loss 2.8760 | lr 3.64e-05
step    800 | train_loss 2.4585 | lr 3.59e-05
step    810 | train_loss 2.5468 | lr 3.53e-05
step    820 | train_loss 2.3984 | lr 3.48e-05
step    830 | train_loss 2.5333 | lr 3.42e-05
step    840 | train_loss 2.4626 | lr 3.36e-05
step    850 | train_loss 2.4468 | lr 3.31e-05
step    860 | train_loss 2.3896 | lr 3.25e-05
step    870 | train_loss 2.3078 | lr 3.19e-05
step    880 | train_loss 2.4471 | lr 3.14e-05
step    890 | train_loss 2.5599 | lr 3.08e-05
step    900 | train_loss 2.7983 | lr 3.02e-05
step    910 | train_loss 2.1693 | lr 2.97e-05
step    912 | val_loss 2.5085 | val_ppl 12.29
step    920 | train_loss 2.4516 | lr 2.91e-05
step    930 | train_loss 2.6000 | lr 2.86e-05
step    940 | train_loss 2.3624 | lr 2.80e-05
step    950 | train_loss 2.7373 | lr 2.74e-05
step    960 | train_loss 2.8870 | lr 2.69e-05
step    970 | train_loss 2.4679 | lr 2.63e-05
step    980 | train_loss 2.6304 | lr 2.58e-05
step    990 | train_loss 2.5588 | lr 2.53e-05
step   1000 | train_loss 2.2260 | lr 2.47e-05
step   1010 | train_loss 2.6445 | lr 2.42e-05
step   1020 | train_loss 2.4897 | lr 2.36e-05
step   1030 | train_loss 2.6697 | lr 2.31e-05
step   1040 | train_loss 2.6474 | lr 2.26e-05
step   1050 | train_loss 2.5512 | lr 2.21e-05
step   1060 | train_loss 2.6786 | lr 2.16e-05
step   1070 | train_loss 2.5800 | lr 2.10e-05
step   1080 | train_loss 2.3226 | lr 2.05e-05
step   1090 | train_loss 2.5269 | lr 2.00e-05
step   1100 | train_loss 2.2605 | lr 1.95e-05
step   1110 | train_loss 2.5925 | lr 1.91e-05
step   1120 | train_loss 2.4431 | lr 1.86e-05
step   1130 | train_loss 2.5013 | lr 1.81e-05
step   1140 | train_loss 2.5135 | lr 1.76e-05
step   1140 | val_loss 2.4859 | val_ppl 12.01
step   1150 | train_loss 2.6234 | lr 1.72e-05
step   1160 | train_loss 2.6330 | lr 1.67e-05
step   1170 | train_loss 2.6032 | lr 1.63e-05
step   1180 | train_loss 2.1711 | lr 1.58e-05
step   1190 | train_loss 2.6232 | lr 1.54e-05
step   1200 | train_loss 2.6565 | lr 1.50e-05
step   1210 | train_loss 2.3329 | lr 1.46e-05
step   1220 | train_loss 2.4638 | lr 1.41e-05
step   1230 | train_loss 2.5267 | lr 1.37e-05
step   1240 | train_loss 2.4427 | lr 1.34e-05
step   1250 | train_loss 2.6805 | lr 1.30e-05
step   1260 | train_loss 2.3153 | lr 1.26e-05
step   1270 | train_loss 2.4316 | lr 1.22e-05
step   1280 | train_loss 2.6215 | lr 1.19e-05
step   1290 | train_loss 2.3471 | lr 1.15e-05
step   1300 | train_loss 2.7955 | lr 1.12e-05
step   1310 | train_loss 2.3813 | lr 1.09e-05
step   1320 | train_loss 2.3634 | lr 1.05e-05
step   1330 | train_loss 2.6915 | lr 1.02e-05
step   1340 | train_loss 2.4720 | lr 9.93e-06
step   1350 | train_loss 2.5510 | lr 9.65e-06
step   1360 | train_loss 2.7037 | lr 9.37e-06
step   1368 | val_loss 2.4756 | val_ppl 11.89
step   1370 | train_loss 2.3678 | lr 9.10e-06
step   1380 | train_loss 2.6752 | lr 8.84e-06
step   1390 | train_loss 2.3667 | lr 8.59e-06
step   1400 | train_loss 2.5956 | lr 8.36e-06
step   1410 | train_loss 2.3810 | lr 8.13e-06
step   1420 | train_loss 2.6057 | lr 7.92e-06
step   1430 | train_loss 2.6070 | lr 7.71e-06
step   1440 | train_loss 2.5487 | lr 7.52e-06
step   1450 | train_loss 2.3882 | lr 7.34e-06
step   1460 | train_loss 2.5476 | lr 7.17e-06
step   1470 | train_loss 2.4744 | lr 7.01e-06
step   1480 | train_loss 2.2922 | lr 6.86e-06
step   1490 | train_loss 2.7120 | lr 6.73e-06
step   1500 | train_loss 2.6005 | lr 6.60e-06
step   1510 | train_loss 2.2938 | lr 6.49e-06
step   1520 | train_loss 2.4423 | lr 6.39e-06
step   1530 | train_loss 2.5915 | lr 6.30e-06
step   1540 | train_loss 2.3822 | lr 6.22e-06
step   1550 | train_loss 2.5684 | lr 6.15e-06
step   1560 | train_loss 2.4107 | lr 6.10e-06
step   1570 | train_loss 2.3364 | lr 6.06e-06
step   1580 | train_loss 2.4402 | lr 6.03e-06
step   1590 | train_loss 2.4307 | lr 6.01e-06
step   1596 | val_loss 2.4703 | val_ppl 11.83
step   1600 | train_loss 2.4442 | lr 6.00e-06
step   1600 | val_loss 2.4702 | val_ppl 11.82
Saved checkpoint to /home/system/projects/AuthLLM/checkpoints/lr_scaling_quality2500/alpaca_unpacked_1600_lr6e-05_seed1337/step_1600.pt
