Data: 50,867 train / 1,039 val examples (68 dropped as longer than 512 tokens)
Packing: 50,867 examples into 11,217 windows (4.5 per window, 98.8% of positions used)
Model: medium (123,587,328 parameters), initialized from checkpoints/medium/step_2500.pt (step 2500)
step     10 | train_loss 2.7770 | lr 1.82e-04
step     20 | train_loss 2.6406 | lr 3.64e-04
step     30 | train_loss 2.8479 | lr 4.00e-04
step     40 | train_loss 2.8940 | lr 3.98e-04
step     50 | train_loss 2.7024 | lr 3.94e-04
step     50 | val_loss 2.7734 | val_ppl 16.01
step     60 | train_loss 2.6984 | lr 3.89e-04
step     70 | train_loss 2.6390 | lr 3.82e-04
step     80 | train_loss 2.6196 | lr 3.74e-04
step     90 | train_loss 2.6815 | lr 3.64e-04
step    100 | train_loss 2.6315 | lr 3.53e-04
step    100 | val_loss 2.7081 | val_ppl 15.00
step    110 | train_loss 2.6411 | lr 3.41e-04
step    120 | train_loss 2.5631 | lr 3.28e-04
step    130 | train_loss 2.6262 | lr 3.13e-04
step    140 | train_loss 2.5259 | lr 2.98e-04
step    150 | train_loss 2.4698 | lr 2.82e-04
step    150 | val_loss 2.6398 | val_ppl 14.01
step    160 | train_loss 2.5119 | lr 2.66e-04
step    170 | train_loss 2.3800 | lr 2.49e-04
step    180 | train_loss 2.5136 | lr 2.32e-04
step    190 | train_loss 2.4067 | lr 2.15e-04
step    200 | train_loss 2.5400 | lr 1.98e-04
step    200 | val_loss 2.5756 | val_ppl 13.14
step    210 | train_loss 2.6033 | lr 1.81e-04
step    220 | train_loss 2.3205 | lr 1.64e-04
step    230 | train_loss 2.4862 | lr 1.48e-04
step    240 | train_loss 2.4657 | lr 1.32e-04
step    250 | train_loss 2.3963 | lr 1.18e-04
step    250 | val_loss 2.5298 | val_ppl 12.55
step    260 | train_loss 2.4180 | lr 1.04e-04
step    270 | train_loss 2.3437 | lr 9.15e-05
step    280 | train_loss 2.4361 | lr 8.00e-05
step    290 | train_loss 2.4919 | lr 6.99e-05
step    300 | train_loss 2.5405 | lr 6.11e-05
step    300 | val_loss 2.4913 | val_ppl 12.08
step    310 | train_loss 2.2455 | lr 5.37e-05
step    320 | train_loss 2.4381 | lr 4.79e-05
step    330 | train_loss 2.3902 | lr 4.36e-05
step    340 | train_loss 2.3414 | lr 4.10e-05
step    350 | train_loss 2.4384 | lr 4.00e-05
step    350 | val_loss 2.4698 | val_ppl 11.82
Saved checkpoint to /home/system/projects/AuthLLM/checkpoints/lr_scaling_quality2500/alpaca_packed_350_lr0.0004_seed1339/step_350.pt
