Data: 50,869 train / 1,037 val examples (68 dropped as longer than 512 tokens)
Packing: 50,869 examples into 11,220 windows (4.5 per window, 98.8% of positions used)
Model: medium (123,587,328 parameters), initialized from checkpoints/medium/step_2500.pt (step 2500)
step     10 | train_loss 2.7466 | lr 6.82e-05
step     20 | train_loss 2.6946 | lr 1.36e-04
step     30 | train_loss 2.6884 | lr 1.50e-04
step     40 | train_loss 2.6268 | lr 1.49e-04
step     50 | train_loss 2.5296 | lr 1.48e-04
step     50 | val_loss 2.5843 | val_ppl 13.25
step     60 | train_loss 2.6766 | lr 1.46e-04
step     70 | train_loss 2.5761 | lr 1.43e-04
step     80 | train_loss 2.5936 | lr 1.40e-04
step     90 | train_loss 2.6613 | lr 1.37e-04
step    100 | train_loss 2.5936 | lr 1.32e-04
step    100 | val_loss 2.4873 | val_ppl 12.03
step    110 | train_loss 2.5841 | lr 1.28e-04
step    120 | train_loss 2.4872 | lr 1.23e-04
step    130 | train_loss 2.5470 | lr 1.18e-04
step    140 | train_loss 2.4969 | lr 1.12e-04
step    150 | train_loss 2.5065 | lr 1.06e-04
step    150 | val_loss 2.4377 | val_ppl 11.45
step    160 | train_loss 2.4493 | lr 9.98e-05
step    170 | train_loss 2.3856 | lr 9.34e-05
step    180 | train_loss 2.4631 | lr 8.70e-05
step    190 | train_loss 2.4258 | lr 8.06e-05
step    200 | train_loss 2.3695 | lr 7.41e-05
step    200 | val_loss 2.4006 | val_ppl 11.03
step    210 | train_loss 2.4436 | lr 6.78e-05
step    220 | train_loss 2.4264 | lr 6.15e-05
step    230 | train_loss 2.3653 | lr 5.55e-05
step    240 | train_loss 2.3908 | lr 4.97e-05
step    250 | train_loss 2.4149 | lr 4.42e-05
step    250 | val_loss 2.3720 | val_ppl 10.72
step    260 | train_loss 2.4163 | lr 3.91e-05
step    270 | train_loss 2.3570 | lr 3.43e-05
step    280 | train_loss 2.4609 | lr 3.00e-05
step    290 | train_loss 2.3726 | lr 2.62e-05
step    300 | train_loss 2.4659 | lr 2.29e-05
step    300 | val_loss 2.3533 | val_ppl 10.52
step    310 | train_loss 2.4977 | lr 2.01e-05
step    320 | train_loss 2.4890 | lr 1.80e-05
step    330 | train_loss 2.4693 | lr 1.64e-05
step    340 | train_loss 2.4786 | lr 1.54e-05
step    350 | train_loss 2.3462 | lr 1.50e-05
step    350 | val_loss 2.3443 | val_ppl 10.43
Saved checkpoint to /home/system/projects/AuthLLM/checkpoints/lr_scaling_quality2500/alpaca_packed_350_lr0.00015_seed1338/step_350.pt
