Data: 50,867 train / 1,039 val examples (68 dropped as longer than 512 tokens)
Model: medium (123,587,328 parameters), initialized from checkpoints/medium/step_2500.pt (step 2500)
step     10 | train_loss 3.2221 | lr 3.00e-06
step     20 | train_loss 2.8811 | lr 6.00e-06
step     30 | train_loss 3.0298 | lr 9.00e-06
step     40 | train_loss 3.1117 | lr 1.20e-05
step     50 | train_loss 3.0310 | lr 1.50e-05
step     60 | train_loss 2.7831 | lr 1.80e-05
step     70 | train_loss 2.5940 | lr 2.10e-05
step     80 | train_loss 2.6263 | lr 2.40e-05
step     90 | train_loss 3.0387 | lr 2.70e-05
step    100 | train_loss 2.8413 | lr 3.00e-05
step    110 | train_loss 2.9922 | lr 3.00e-05
step    120 | train_loss 2.4153 | lr 3.00e-05
step    130 | train_loss 2.6364 | lr 3.00e-05
step    140 | train_loss 2.6728 | lr 3.00e-05
step    150 | train_loss 2.7123 | lr 2.99e-05
step    160 | train_loss 2.5944 | lr 2.99e-05
step    170 | train_loss 2.5691 | lr 2.99e-05
step    180 | train_loss 2.8200 | lr 2.98e-05
step    190 | train_loss 2.8037 | lr 2.98e-05
step    200 | train_loss 2.8654 | lr 2.97e-05
step    210 | train_loss 2.6104 | lr 2.96e-05
step    220 | train_loss 2.8083 | lr 2.96e-05
step    228 | val_loss 2.7445 | val_ppl 15.56
step    230 | train_loss 2.4625 | lr 2.95e-05
step    240 | train_loss 2.6003 | lr 2.94e-05
step    250 | train_loss 2.6339 | lr 2.93e-05
step    260 | train_loss 2.6041 | lr 2.93e-05
step    270 | train_loss 2.6099 | lr 2.92e-05
step    280 | train_loss 2.6422 | lr 2.91e-05
step    290 | train_loss 2.6277 | lr 2.90e-05
step    300 | train_loss 3.0870 | lr 2.88e-05
step    310 | train_loss 2.6731 | lr 2.87e-05
step    320 | train_loss 2.6955 | lr 2.86e-05
step    330 | train_loss 2.5154 | lr 2.85e-05
step    340 | train_loss 2.9340 | lr 2.83e-05
step    350 | train_loss 2.6124 | lr 2.82e-05
step    360 | train_loss 2.6477 | lr 2.81e-05
step    370 | train_loss 2.5449 | lr 2.79e-05
step    380 | train_loss 2.6915 | lr 2.78e-05
step    390 | train_loss 2.5885 | lr 2.76e-05
step    400 | train_loss 2.6106 | lr 2.74e-05
step    410 | train_loss 2.7354 | lr 2.73e-05
step    420 | train_loss 2.5899 | lr 2.71e-05
step    430 | train_loss 2.5419 | lr 2.69e-05
step    440 | train_loss 2.6115 | lr 2.67e-05
step    450 | train_loss 2.5578 | lr 2.66e-05
step    456 | val_loss 2.6709 | val_ppl 14.45
step    460 | train_loss 2.3954 | lr 2.64e-05
step    470 | train_loss 2.5787 | lr 2.62e-05
step    480 | train_loss 2.4249 | lr 2.60e-05
step    490 | train_loss 2.6097 | lr 2.58e-05
step    500 | train_loss 2.6340 | lr 2.56e-05
step    510 | train_loss 2.6003 | lr 2.53e-05
step    520 | train_loss 2.4844 | lr 2.51e-05
step    530 | train_loss 2.5043 | lr 2.49e-05
step    540 | train_loss 2.6700 | lr 2.47e-05
step    550 | train_loss 2.6480 | lr 2.45e-05
step    560 | train_loss 2.3185 | lr 2.42e-05
step    570 | train_loss 2.7141 | lr 2.40e-05
step    580 | train_loss 2.5867 | lr 2.38e-05
step    590 | train_loss 2.4097 | lr 2.35e-05
step    600 | train_loss 2.5257 | lr 2.33e-05
step    610 | train_loss 2.5166 | lr 2.30e-05
step    620 | train_loss 2.3869 | lr 2.28e-05
step    630 | train_loss 2.5763 | lr 2.25e-05
step    640 | train_loss 2.6136 | lr 2.23e-05
step    650 | train_loss 2.8354 | lr 2.20e-05
step    660 | train_loss 2.3567 | lr 2.18e-05
step    670 | train_loss 2.5707 | lr 2.15e-05
step    680 | train_loss 2.5605 | lr 2.12e-05
step    684 | val_loss 2.6363 | val_ppl 13.96
step    690 | train_loss 2.4686 | lr 2.10e-05
step    700 | train_loss 2.4601 | lr 2.07e-05
step    710 | train_loss 2.6599 | lr 2.04e-05
step    720 | train_loss 2.4367 | lr 2.02e-05
step    730 | train_loss 2.5858 | lr 1.99e-05
step    740 | train_loss 2.5389 | lr 1.96e-05
step    750 | train_loss 2.5690 | lr 1.93e-05
step    760 | train_loss 2.6250 | lr 1.91e-05
step    770 | train_loss 2.5639 | lr 1.88e-05
step    780 | train_loss 2.6938 | lr 1.85e-05
step    790 | train_loss 2.6281 | lr 1.82e-05
step    800 | train_loss 2.4743 | lr 1.79e-05
step    810 | train_loss 2.6973 | lr 1.77e-05
step    820 | train_loss 2.7002 | lr 1.74e-05
step    830 | train_loss 2.6601 | lr 1.71e-05
step    840 | train_loss 2.3932 | lr 1.68e-05
step    850 | train_loss 2.6686 | lr 1.65e-05
step    860 | train_loss 2.8255 | lr 1.62e-05
step    870 | train_loss 2.5171 | lr 1.60e-05
step    880 | train_loss 2.6948 | lr 1.57e-05
step    890 | train_loss 2.7029 | lr 1.54e-05
step    900 | train_loss 2.3400 | lr 1.51e-05
step    910 | train_loss 2.5630 | lr 1.48e-05
step    912 | val_loss 2.6163 | val_ppl 13.68
step    920 | train_loss 2.6137 | lr 1.46e-05
step    930 | train_loss 2.6996 | lr 1.43e-05
step    940 | train_loss 2.3724 | lr 1.40e-05
step    950 | train_loss 2.3218 | lr 1.37e-05
step    960 | train_loss 2.6453 | lr 1.34e-05
step    970 | train_loss 2.7330 | lr 1.32e-05
step    980 | train_loss 2.8832 | lr 1.29e-05
step    990 | train_loss 2.4888 | lr 1.26e-05
step   1000 | train_loss 2.6593 | lr 1.24e-05
step   1010 | train_loss 2.6344 | lr 1.21e-05
step   1020 | train_loss 2.6257 | lr 1.18e-05
step   1030 | train_loss 2.6647 | lr 1.16e-05
step   1040 | train_loss 2.5637 | lr 1.13e-05
step   1050 | train_loss 2.5764 | lr 1.10e-05
step   1060 | train_loss 2.4043 | lr 1.08e-05
step   1070 | train_loss 2.2570 | lr 1.05e-05
step   1080 | train_loss 2.3778 | lr 1.03e-05
step   1090 | train_loss 2.5829 | lr 1.00e-05
step   1100 | train_loss 2.4072 | lr 9.77e-06
step   1110 | train_loss 2.5894 | lr 9.53e-06
step   1120 | train_loss 2.5374 | lr 9.29e-06
step   1130 | train_loss 2.5835 | lr 9.05e-06
step   1140 | train_loss 2.4319 | lr 8.82e-06
step   1140 | val_loss 2.6014 | val_ppl 13.48
step   1150 | train_loss 2.6101 | lr 8.59e-06
step   1160 | train_loss 2.4703 | lr 8.36e-06
step   1170 | train_loss 2.6104 | lr 8.14e-06
step   1180 | train_loss 2.4358 | lr 7.92e-06
step   1190 | train_loss 2.7435 | lr 7.70e-06
step   1200 | train_loss 2.5664 | lr 7.49e-06
step   1210 | train_loss 2.7955 | lr 7.28e-06
step   1220 | train_loss 2.5742 | lr 7.07e-06
step   1230 | train_loss 2.6065 | lr 6.87e-06
step   1240 | train_loss 2.4134 | lr 6.68e-06
step   1250 | train_loss 2.4037 | lr 6.49e-06
step   1260 | train_loss 2.5602 | lr 6.30e-06
step   1270 | train_loss 2.5537 | lr 6.12e-06
step   1280 | train_loss 2.5364 | lr 5.94e-06
step   1290 | train_loss 2.3581 | lr 5.76e-06
step   1300 | train_loss 2.2981 | lr 5.59e-06
step   1310 | train_loss 2.2758 | lr 5.43e-06
step   1320 | train_loss 2.4923 | lr 5.27e-06
step   1330 | train_loss 2.6603 | lr 5.12e-06
step   1340 | train_loss 2.4961 | lr 4.97e-06
step   1350 | train_loss 2.5615 | lr 4.82e-06
step   1360 | train_loss 2.4832 | lr 4.68e-06
step   1368 | val_loss 2.5934 | val_ppl 13.38
step   1370 | train_loss 2.7753 | lr 4.55e-06
step   1380 | train_loss 2.3679 | lr 4.42e-06
step   1390 | train_loss 2.5249 | lr 4.30e-06
step   1400 | train_loss 2.6628 | lr 4.18e-06
step   1410 | train_loss 2.5729 | lr 4.07e-06
step   1420 | train_loss 2.4966 | lr 3.96e-06
step   1430 | train_loss 2.4356 | lr 3.86e-06
step   1440 | train_loss 2.3611 | lr 3.76e-06
step   1450 | train_loss 2.5324 | lr 3.67e-06
step   1460 | train_loss 2.6677 | lr 3.58e-06
step   1470 | train_loss 2.3918 | lr 3.50e-06
step   1480 | train_loss 2.6880 | lr 3.43e-06
step   1490 | train_loss 2.6331 | lr 3.36e-06
step   1500 | train_loss 2.6344 | lr 3.30e-06
step   1510 | train_loss 2.7084 | lr 3.24e-06
step   1520 | train_loss 2.4399 | lr 3.19e-06
step   1530 | train_loss 2.4806 | lr 3.15e-06
step   1540 | train_loss 2.5375 | lr 3.11e-06
step   1550 | train_loss 2.4732 | lr 3.08e-06
step   1560 | train_loss 2.4956 | lr 3.05e-06
step   1570 | train_loss 2.4417 | lr 3.03e-06
step   1580 | train_loss 2.2354 | lr 3.01e-06
step   1590 | train_loss 2.5449 | lr 3.00e-06
step   1596 | val_loss 2.5899 | val_ppl 13.33
step   1600 | train_loss 2.0754 | lr 3.00e-06
step   1600 | val_loss 2.5899 | val_ppl 13.33
Saved checkpoint to /home/system/projects/AuthLLM/checkpoints/lr_scaling_quality2500/alpaca_unpacked_1600_lr3e-05_seed1339/step_1600.pt
