Data: 50,867 train / 1,039 val examples (68 dropped as longer than 512 tokens)
Model: medium (123,587,328 parameters), initialized from checkpoints/medium/step_2500.pt (step 2500)
step     10 | train_loss 3.1916 | lr 6.00e-06
step     20 | train_loss 2.8148 | lr 1.20e-05
step     30 | train_loss 2.9698 | lr 1.80e-05
step     40 | train_loss 3.0759 | lr 2.40e-05
step     50 | train_loss 2.9784 | lr 3.00e-05
step     60 | train_loss 2.7564 | lr 3.60e-05
step     70 | train_loss 2.5488 | lr 4.20e-05
step     80 | train_loss 2.5914 | lr 4.80e-05
step     90 | train_loss 3.0006 | lr 5.40e-05
step    100 | train_loss 2.8257 | lr 6.00e-05
step    110 | train_loss 2.9640 | lr 6.00e-05
step    120 | train_loss 2.3819 | lr 6.00e-05
step    130 | train_loss 2.5951 | lr 6.00e-05
step    140 | train_loss 2.6386 | lr 5.99e-05
step    150 | train_loss 2.6833 | lr 5.99e-05
step    160 | train_loss 2.5645 | lr 5.98e-05
step    170 | train_loss 2.5446 | lr 5.97e-05
step    180 | train_loss 2.7721 | lr 5.96e-05
step    190 | train_loss 2.7498 | lr 5.95e-05
step    200 | train_loss 2.8386 | lr 5.94e-05
step    210 | train_loss 2.5926 | lr 5.93e-05
step    220 | train_loss 2.7684 | lr 5.92e-05
step    228 | val_loss 2.7174 | val_ppl 15.14
step    230 | train_loss 2.4656 | lr 5.90e-05
step    240 | train_loss 2.5806 | lr 5.89e-05
step    250 | train_loss 2.5896 | lr 5.87e-05
step    260 | train_loss 2.5855 | lr 5.85e-05
step    270 | train_loss 2.5632 | lr 5.83e-05
step    280 | train_loss 2.6307 | lr 5.81e-05
step    290 | train_loss 2.5933 | lr 5.79e-05
step    300 | train_loss 3.0559 | lr 5.77e-05
step    310 | train_loss 2.6098 | lr 5.75e-05
step    320 | train_loss 2.6528 | lr 5.72e-05
step    330 | train_loss 2.5041 | lr 5.70e-05
step    340 | train_loss 2.9122 | lr 5.67e-05
step    350 | train_loss 2.6072 | lr 5.64e-05
step    360 | train_loss 2.6312 | lr 5.61e-05
step    370 | train_loss 2.5138 | lr 5.58e-05
step    380 | train_loss 2.6859 | lr 5.55e-05
step    390 | train_loss 2.5657 | lr 5.52e-05
step    400 | train_loss 2.5752 | lr 5.49e-05
step    410 | train_loss 2.7256 | lr 5.45e-05
step    420 | train_loss 2.5591 | lr 5.42e-05
step    430 | train_loss 2.5155 | lr 5.38e-05
step    440 | train_loss 2.6001 | lr 5.35e-05
step    450 | train_loss 2.5559 | lr 5.31e-05
step    456 | val_loss 2.6589 | val_ppl 14.28
step    460 | train_loss 2.3866 | lr 5.27e-05
step    470 | train_loss 2.5601 | lr 5.23e-05
step    480 | train_loss 2.3849 | lr 5.19e-05
step    490 | train_loss 2.6153 | lr 5.15e-05
step    500 | train_loss 2.6247 | lr 5.11e-05
step    510 | train_loss 2.5933 | lr 5.07e-05
step    520 | train_loss 2.4804 | lr 5.03e-05
step    530 | train_loss 2.5096 | lr 4.98e-05
step    540 | train_loss 2.6730 | lr 4.94e-05
step    550 | train_loss 2.6295 | lr 4.89e-05
step    560 | train_loss 2.2802 | lr 4.85e-05
step    570 | train_loss 2.7279 | lr 4.80e-05
step    580 | train_loss 2.5633 | lr 4.75e-05
step    590 | train_loss 2.4179 | lr 4.70e-05
step    600 | train_loss 2.4986 | lr 4.65e-05
step    610 | train_loss 2.4986 | lr 4.61e-05
step    620 | train_loss 2.3807 | lr 4.56e-05
step    630 | train_loss 2.5840 | lr 4.51e-05
step    640 | train_loss 2.6050 | lr 4.45e-05
step    650 | train_loss 2.7761 | lr 4.40e-05
step    660 | train_loss 2.3575 | lr 4.35e-05
step    670 | train_loss 2.5360 | lr 4.30e-05
step    680 | train_loss 2.5550 | lr 4.25e-05
step    684 | val_loss 2.6326 | val_ppl 13.91
step    690 | train_loss 2.4576 | lr 4.19e-05
step    700 | train_loss 2.4442 | lr 4.14e-05
step    710 | train_loss 2.6526 | lr 4.09e-05
step    720 | train_loss 2.4106 | lr 4.03e-05
step    730 | train_loss 2.5942 | lr 3.98e-05
step    740 | train_loss 2.5281 | lr 3.92e-05
step    750 | train_loss 2.5440 | lr 3.87e-05
step    760 | train_loss 2.6050 | lr 3.81e-05
step    770 | train_loss 2.5430 | lr 3.76e-05
step    780 | train_loss 2.7041 | lr 3.70e-05
step    790 | train_loss 2.6283 | lr 3.64e-05
step    800 | train_loss 2.4775 | lr 3.59e-05
step    810 | train_loss 2.6804 | lr 3.53e-05
step    820 | train_loss 2.7249 | lr 3.48e-05
step    830 | train_loss 2.6579 | lr 3.42e-05
step    840 | train_loss 2.3751 | lr 3.36e-05
step    850 | train_loss 2.6669 | lr 3.31e-05
step    860 | train_loss 2.8228 | lr 3.25e-05
step    870 | train_loss 2.5082 | lr 3.19e-05
step    880 | train_loss 2.6947 | lr 3.14e-05
step    890 | train_loss 2.7010 | lr 3.08e-05
step    900 | train_loss 2.3278 | lr 3.02e-05
step    910 | train_loss 2.5540 | lr 2.97e-05
step    912 | val_loss 2.6094 | val_ppl 13.59
step    920 | train_loss 2.5935 | lr 2.91e-05
step    930 | train_loss 2.7212 | lr 2.86e-05
step    940 | train_loss 2.3570 | lr 2.80e-05
step    950 | train_loss 2.2862 | lr 2.74e-05
step    960 | train_loss 2.6324 | lr 2.69e-05
step    970 | train_loss 2.7421 | lr 2.63e-05
step    980 | train_loss 2.8916 | lr 2.58e-05
step    990 | train_loss 2.4594 | lr 2.53e-05
step   1000 | train_loss 2.6890 | lr 2.47e-05
step   1010 | train_loss 2.5945 | lr 2.42e-05
step   1020 | train_loss 2.6194 | lr 2.36e-05
step   1030 | train_loss 2.6267 | lr 2.31e-05
step   1040 | train_loss 2.5744 | lr 2.26e-05
step   1050 | train_loss 2.5513 | lr 2.21e-05
step   1060 | train_loss 2.3669 | lr 2.16e-05
step   1070 | train_loss 2.2431 | lr 2.10e-05
step   1080 | train_loss 2.3601 | lr 2.05e-05
step   1090 | train_loss 2.5922 | lr 2.00e-05
step   1100 | train_loss 2.4053 | lr 1.95e-05
step   1110 | train_loss 2.5785 | lr 1.91e-05
step   1120 | train_loss 2.5197 | lr 1.86e-05
step   1130 | train_loss 2.5853 | lr 1.81e-05
step   1140 | train_loss 2.4003 | lr 1.76e-05
step   1140 | val_loss 2.5927 | val_ppl 13.37
step   1150 | train_loss 2.6300 | lr 1.72e-05
step   1160 | train_loss 2.4568 | lr 1.67e-05
step   1170 | train_loss 2.6058 | lr 1.63e-05
step   1180 | train_loss 2.4103 | lr 1.58e-05
step   1190 | train_loss 2.7549 | lr 1.54e-05
step   1200 | train_loss 2.5593 | lr 1.50e-05
step   1210 | train_loss 2.7991 | lr 1.46e-05
step   1220 | train_loss 2.5670 | lr 1.41e-05
step   1230 | train_loss 2.5933 | lr 1.37e-05
step   1240 | train_loss 2.4015 | lr 1.34e-05
step   1250 | train_loss 2.3838 | lr 1.30e-05
step   1260 | train_loss 2.5432 | lr 1.26e-05
step   1270 | train_loss 2.5719 | lr 1.22e-05
step   1280 | train_loss 2.5077 | lr 1.19e-05
step   1290 | train_loss 2.3633 | lr 1.15e-05
step   1300 | train_loss 2.3006 | lr 1.12e-05
step   1310 | train_loss 2.2564 | lr 1.09e-05
step   1320 | train_loss 2.4822 | lr 1.05e-05
step   1330 | train_loss 2.6831 | lr 1.02e-05
step   1340 | train_loss 2.5119 | lr 9.93e-06
step   1350 | train_loss 2.5380 | lr 9.65e-06
step   1360 | train_loss 2.4711 | lr 9.37e-06
step   1368 | val_loss 2.5827 | val_ppl 13.23
step   1370 | train_loss 2.7601 | lr 9.10e-06
step   1380 | train_loss 2.3545 | lr 8.84e-06
step   1390 | train_loss 2.4650 | lr 8.59e-06
step   1400 | train_loss 2.6280 | lr 8.36e-06
step   1410 | train_loss 2.5468 | lr 8.13e-06
step   1420 | train_loss 2.4622 | lr 7.92e-06
step   1430 | train_loss 2.3906 | lr 7.71e-06
step   1440 | train_loss 2.3294 | lr 7.52e-06
step   1450 | train_loss 2.5112 | lr 7.34e-06
step   1460 | train_loss 2.6514 | lr 7.17e-06
step   1470 | train_loss 2.3774 | lr 7.01e-06
step   1480 | train_loss 2.6933 | lr 6.86e-06
step   1490 | train_loss 2.6114 | lr 6.73e-06
step   1500 | train_loss 2.5962 | lr 6.60e-06
step   1510 | train_loss 2.7135 | lr 6.49e-06
step   1520 | train_loss 2.3778 | lr 6.39e-06
step   1530 | train_loss 2.4484 | lr 6.30e-06
step   1540 | train_loss 2.5534 | lr 6.22e-06
step   1550 | train_loss 2.4657 | lr 6.15e-06
step   1560 | train_loss 2.4897 | lr 6.10e-06
step   1570 | train_loss 2.4276 | lr 6.06e-06
step   1580 | train_loss 2.1867 | lr 6.03e-06
step   1590 | train_loss 2.4993 | lr 6.01e-06
step   1596 | val_loss 2.5779 | val_ppl 13.17
step   1600 | train_loss 2.0101 | lr 6.00e-06
step   1600 | val_loss 2.5780 | val_ppl 13.17
Saved checkpoint to /home/system/projects/AuthLLM/checkpoints/lr_scaling_quality2500/alpaca_unpacked_1600_lr6e-05_seed1339/step_1600.pt
