Data: 50,869 train / 1,037 val examples (68 dropped as longer than 512 tokens)
Model: medium (123,587,328 parameters), initialized from checkpoints/medium/step_2500.pt (step 2500)
step     10 | train_loss 3.2913 | lr 6.00e-06
step     20 | train_loss 2.7906 | lr 1.20e-05
step     30 | train_loss 2.8554 | lr 1.80e-05
step     40 | train_loss 2.9885 | lr 2.40e-05
step     50 | train_loss 3.1011 | lr 3.00e-05
step     60 | train_loss 2.9087 | lr 3.60e-05
step     70 | train_loss 2.5455 | lr 4.20e-05
step     80 | train_loss 2.7261 | lr 4.80e-05
step     90 | train_loss 2.8487 | lr 5.40e-05
step    100 | train_loss 2.9105 | lr 6.00e-05
step    110 | train_loss 2.6854 | lr 6.00e-05
step    120 | train_loss 2.6201 | lr 6.00e-05
step    130 | train_loss 2.4835 | lr 6.00e-05
step    140 | train_loss 2.6371 | lr 5.99e-05
step    150 | train_loss 2.6558 | lr 5.99e-05
step    160 | train_loss 2.5394 | lr 5.98e-05
step    170 | train_loss 2.8426 | lr 5.97e-05
step    180 | train_loss 2.8230 | lr 5.96e-05
step    190 | train_loss 2.7785 | lr 5.95e-05
step    200 | train_loss 2.5254 | lr 5.94e-05
step    210 | train_loss 2.7843 | lr 5.93e-05
step    220 | train_loss 2.6594 | lr 5.92e-05
step    228 | val_loss 2.5973 | val_ppl 13.43
step    230 | train_loss 2.5405 | lr 5.90e-05
step    240 | train_loss 2.7089 | lr 5.89e-05
step    250 | train_loss 2.4809 | lr 5.87e-05
step    260 | train_loss 2.8752 | lr 5.85e-05
step    270 | train_loss 2.5569 | lr 5.83e-05
step    280 | train_loss 2.5883 | lr 5.81e-05
step    290 | train_loss 2.2405 | lr 5.79e-05
step    300 | train_loss 2.7304 | lr 5.77e-05
step    310 | train_loss 2.7465 | lr 5.75e-05
step    320 | train_loss 2.5238 | lr 5.72e-05
step    330 | train_loss 2.6162 | lr 5.70e-05
step    340 | train_loss 2.5303 | lr 5.67e-05
step    350 | train_loss 2.6885 | lr 5.64e-05
step    360 | train_loss 2.5548 | lr 5.61e-05
step    370 | train_loss 2.6349 | lr 5.58e-05
step    380 | train_loss 2.8660 | lr 5.55e-05
step    390 | train_loss 2.4679 | lr 5.52e-05
step    400 | train_loss 2.3700 | lr 5.49e-05
step    410 | train_loss 2.4437 | lr 5.45e-05
step    420 | train_loss 2.8406 | lr 5.42e-05
step    430 | train_loss 2.5103 | lr 5.38e-05
step    440 | train_loss 2.6038 | lr 5.35e-05
step    450 | train_loss 2.6555 | lr 5.31e-05
step    456 | val_loss 2.5231 | val_ppl 12.47
step    460 | train_loss 2.5432 | lr 5.27e-05
step    470 | train_loss 2.3924 | lr 5.23e-05
step    480 | train_loss 2.5230 | lr 5.19e-05
step    490 | train_loss 2.6496 | lr 5.15e-05
step    500 | train_loss 2.7984 | lr 5.11e-05
step    510 | train_loss 2.5125 | lr 5.07e-05
step    520 | train_loss 2.6670 | lr 5.03e-05
step    530 | train_loss 2.6943 | lr 4.98e-05
step    540 | train_loss 2.4323 | lr 4.94e-05
step    550 | train_loss 2.4663 | lr 4.89e-05
step    560 | train_loss 2.6471 | lr 4.85e-05
step    570 | train_loss 2.7251 | lr 4.80e-05
step    580 | train_loss 2.6358 | lr 4.75e-05
step    590 | train_loss 2.6948 | lr 4.70e-05
step    600 | train_loss 2.6524 | lr 4.65e-05
step    610 | train_loss 2.5272 | lr 4.61e-05
step    620 | train_loss 2.4536 | lr 4.56e-05
step    630 | train_loss 2.2103 | lr 4.51e-05
step    640 | train_loss 2.6897 | lr 4.45e-05
step    650 | train_loss 2.5482 | lr 4.40e-05
step    660 | train_loss 2.2796 | lr 4.35e-05
step    670 | train_loss 2.5268 | lr 4.30e-05
step    680 | train_loss 2.5601 | lr 4.25e-05
step    684 | val_loss 2.4902 | val_ppl 12.06
step    690 | train_loss 2.4332 | lr 4.19e-05
step    700 | train_loss 2.4224 | lr 4.14e-05
step    710 | train_loss 2.6109 | lr 4.09e-05
step    720 | train_loss 2.5349 | lr 4.03e-05
step    730 | train_loss 2.3996 | lr 3.98e-05
step    740 | train_loss 2.7180 | lr 3.92e-05
step    750 | train_loss 2.5165 | lr 3.87e-05
step    760 | train_loss 2.5539 | lr 3.81e-05
step    770 | train_loss 2.4611 | lr 3.76e-05
step    780 | train_loss 2.5926 | lr 3.70e-05
step    790 | train_loss 2.5906 | lr 3.64e-05
step    800 | train_loss 2.6041 | lr 3.59e-05
step    810 | train_loss 2.4627 | lr 3.53e-05
step    820 | train_loss 2.4521 | lr 3.48e-05
step    830 | train_loss 2.6707 | lr 3.42e-05
step    840 | train_loss 2.6694 | lr 3.36e-05
step    850 | train_loss 2.6917 | lr 3.31e-05
step    860 | train_loss 2.6077 | lr 3.25e-05
step    870 | train_loss 2.4766 | lr 3.19e-05
step    880 | train_loss 2.5592 | lr 3.14e-05
step    890 | train_loss 2.6986 | lr 3.08e-05
step    900 | train_loss 2.4773 | lr 3.02e-05
step    910 | train_loss 2.6200 | lr 2.97e-05
step    912 | val_loss 2.4661 | val_ppl 11.78
step    920 | train_loss 2.4811 | lr 2.91e-05
step    930 | train_loss 2.3781 | lr 2.86e-05
step    940 | train_loss 2.4382 | lr 2.80e-05
step    950 | train_loss 2.5281 | lr 2.74e-05
step    960 | train_loss 2.3075 | lr 2.69e-05
step    970 | train_loss 2.4483 | lr 2.63e-05
step    980 | train_loss 2.8452 | lr 2.58e-05
step    990 | train_loss 2.5043 | lr 2.53e-05
step   1000 | train_loss 2.4908 | lr 2.47e-05
step   1010 | train_loss 2.5032 | lr 2.42e-05
step   1020 | train_loss 2.6007 | lr 2.36e-05
step   1030 | train_loss 2.7097 | lr 2.31e-05
step   1040 | train_loss 2.5349 | lr 2.26e-05
step   1050 | train_loss 2.2543 | lr 2.21e-05
step   1060 | train_loss 2.4853 | lr 2.16e-05
step   1070 | train_loss 2.5857 | lr 2.10e-05
step   1080 | train_loss 2.4376 | lr 2.05e-05
step   1090 | train_loss 2.5980 | lr 2.00e-05
step   1100 | train_loss 2.5745 | lr 1.95e-05
step   1110 | train_loss 2.5361 | lr 1.91e-05
step   1120 | train_loss 2.5078 | lr 1.86e-05
step   1130 | train_loss 2.4832 | lr 1.81e-05
step   1140 | train_loss 2.4636 | lr 1.76e-05
step   1140 | val_loss 2.4502 | val_ppl 11.59
step   1150 | train_loss 2.6334 | lr 1.72e-05
step   1160 | train_loss 2.7154 | lr 1.67e-05
step   1170 | train_loss 2.5108 | lr 1.63e-05
step   1180 | train_loss 2.7130 | lr 1.58e-05
step   1190 | train_loss 2.7001 | lr 1.54e-05
step   1200 | train_loss 2.6657 | lr 1.50e-05
step   1210 | train_loss 2.7169 | lr 1.46e-05
step   1220 | train_loss 2.3066 | lr 1.41e-05
step   1230 | train_loss 2.2321 | lr 1.37e-05
step   1240 | train_loss 2.5039 | lr 1.34e-05
step   1250 | train_loss 2.7441 | lr 1.30e-05
step   1260 | train_loss 2.7013 | lr 1.26e-05
step   1270 | train_loss 2.6399 | lr 1.22e-05
step   1280 | train_loss 2.4844 | lr 1.19e-05
step   1290 | train_loss 2.1719 | lr 1.15e-05
step   1300 | train_loss 2.2266 | lr 1.12e-05
step   1310 | train_loss 2.3727 | lr 1.09e-05
step   1320 | train_loss 2.3147 | lr 1.05e-05
step   1330 | train_loss 2.5242 | lr 1.02e-05
step   1340 | train_loss 2.7383 | lr 9.93e-06
step   1350 | train_loss 2.5759 | lr 9.65e-06
step   1360 | train_loss 2.4802 | lr 9.37e-06
step   1368 | val_loss 2.4370 | val_ppl 11.44
step   1370 | train_loss 2.3610 | lr 9.10e-06
step   1380 | train_loss 2.4461 | lr 8.84e-06
step   1390 | train_loss 2.3557 | lr 8.59e-06
step   1400 | train_loss 2.5880 | lr 8.36e-06
step   1410 | train_loss 2.5763 | lr 8.13e-06
step   1420 | train_loss 2.5465 | lr 7.92e-06
step   1430 | train_loss 2.4301 | lr 7.71e-06
step   1440 | train_loss 2.3417 | lr 7.52e-06
step   1450 | train_loss 2.7248 | lr 7.34e-06
step   1460 | train_loss 2.7615 | lr 7.17e-06
step   1470 | train_loss 2.6830 | lr 7.01e-06
step   1480 | train_loss 2.6060 | lr 6.86e-06
step   1490 | train_loss 2.3947 | lr 6.73e-06
step   1500 | train_loss 2.2675 | lr 6.60e-06
step   1510 | train_loss 2.9318 | lr 6.49e-06
step   1520 | train_loss 2.1925 | lr 6.39e-06
step   1530 | train_loss 2.6205 | lr 6.30e-06
step   1540 | train_loss 2.4427 | lr 6.22e-06
step   1550 | train_loss 2.5241 | lr 6.15e-06
step   1560 | train_loss 2.4811 | lr 6.10e-06
step   1570 | train_loss 2.6947 | lr 6.06e-06
step   1580 | train_loss 2.5917 | lr 6.03e-06
step   1590 | train_loss 2.1993 | lr 6.01e-06
step   1596 | val_loss 2.4313 | val_ppl 11.37
step   1600 | train_loss 2.2284 | lr 6.00e-06
step   1600 | val_loss 2.4314 | val_ppl 11.37
Saved checkpoint to /home/system/projects/AuthLLM/checkpoints/lr_scaling_quality2500/alpaca_unpacked_1600_lr6e-05_seed1338/step_1600.pt
