Data: 50,868 train / 1,038 val examples (68 dropped as longer than 512 tokens)
Packing: 50,868 examples into 11,220 windows (4.5 per window, 98.8% of positions used)
Model: medium (123,587,328 parameters), initialized from checkpoints/medium/step_2500.pt (step 2500)
step     10 | train_loss 2.8982 | lr 4.09e-05
step     20 | train_loss 2.8183 | lr 8.18e-05
step     30 | train_loss 2.6233 | lr 8.99e-05
step     40 | train_loss 2.6205 | lr 8.95e-05
step     50 | train_loss 2.5638 | lr 8.87e-05
step     50 | val_loss 2.6262 | val_ppl 13.82
step     60 | train_loss 2.6279 | lr 8.75e-05
step     70 | train_loss 2.5951 | lr 8.60e-05
step     80 | train_loss 2.6505 | lr 8.41e-05
step     90 | train_loss 2.5576 | lr 8.19e-05
step    100 | train_loss 2.6773 | lr 7.95e-05
step    100 | val_loss 2.5412 | val_ppl 12.69
step    110 | train_loss 2.6406 | lr 7.67e-05
step    120 | train_loss 2.5690 | lr 7.37e-05
step    130 | train_loss 2.5531 | lr 7.05e-05
step    140 | train_loss 2.5602 | lr 6.71e-05
step    150 | train_loss 2.5086 | lr 6.36e-05
step    150 | val_loss 2.4932 | val_ppl 12.10
step    160 | train_loss 2.5158 | lr 5.99e-05
step    170 | train_loss 2.4728 | lr 5.61e-05
step    180 | train_loss 2.5009 | lr 5.22e-05
step    190 | train_loss 2.4862 | lr 4.83e-05
step    200 | train_loss 2.5976 | lr 4.45e-05
step    200 | val_loss 2.4604 | val_ppl 11.71
step    210 | train_loss 2.4947 | lr 4.07e-05
step    220 | train_loss 2.2686 | lr 3.69e-05
step    230 | train_loss 2.4971 | lr 3.33e-05
step    240 | train_loss 2.4669 | lr 2.98e-05
step    250 | train_loss 2.4380 | lr 2.65e-05
step    250 | val_loss 2.4397 | val_ppl 11.47
step    260 | train_loss 2.4777 | lr 2.34e-05
step    270 | train_loss 2.5492 | lr 2.06e-05
step    280 | train_loss 2.4960 | lr 1.80e-05
step    290 | train_loss 2.4166 | lr 1.57e-05
step    300 | train_loss 2.4285 | lr 1.37e-05
step    300 | val_loss 2.4249 | val_ppl 11.30
step    310 | train_loss 2.4398 | lr 1.21e-05
step    320 | train_loss 2.3473 | lr 1.08e-05
step    330 | train_loss 2.6859 | lr 9.82e-06
step    340 | train_loss 2.3736 | lr 9.22e-06
step    350 | train_loss 2.4114 | lr 9.00e-06
step    350 | val_loss 2.4193 | val_ppl 11.24
Saved checkpoint to /home/system/projects/AuthLLM/checkpoints/lr_scaling_quality2500/alpaca_packed_350_lr9e-05_seed1337/step_350.pt
