Data: 50,869 train / 1,037 val examples (68 dropped as longer than 512 tokens)
Model: medium (123,587,328 parameters), initialized from checkpoints/medium/step_2500.pt (step 2500)
step     10 | train_loss 3.2691 | lr 9.00e-06
step     20 | train_loss 2.7667 | lr 1.80e-05
step     30 | train_loss 2.8337 | lr 2.70e-05
step     40 | train_loss 2.9648 | lr 3.60e-05
step     50 | train_loss 3.0724 | lr 4.50e-05
step     60 | train_loss 2.8847 | lr 5.40e-05
step     70 | train_loss 2.5222 | lr 6.30e-05
step     80 | train_loss 2.6991 | lr 7.20e-05
step     90 | train_loss 2.8327 | lr 8.10e-05
step    100 | train_loss 2.8972 | lr 9.00e-05
step    110 | train_loss 2.6797 | lr 9.00e-05
step    120 | train_loss 2.6048 | lr 9.00e-05
step    130 | train_loss 2.4686 | lr 8.99e-05
step    140 | train_loss 2.6393 | lr 8.99e-05
step    150 | train_loss 2.6616 | lr 8.98e-05
step    160 | train_loss 2.5446 | lr 8.97e-05
step    170 | train_loss 2.8484 | lr 8.96e-05
step    180 | train_loss 2.8339 | lr 8.94e-05
step    190 | train_loss 2.7577 | lr 8.93e-05
step    200 | train_loss 2.5213 | lr 8.91e-05
step    210 | train_loss 2.8050 | lr 8.89e-05
step    220 | train_loss 2.6422 | lr 8.87e-05
step    228 | val_loss 2.5999 | val_ppl 13.46
step    230 | train_loss 2.5605 | lr 8.85e-05
step    240 | train_loss 2.6963 | lr 8.83e-05
step    250 | train_loss 2.4957 | lr 8.80e-05
step    260 | train_loss 2.8826 | lr 8.78e-05
step    270 | train_loss 2.5599 | lr 8.75e-05
step    280 | train_loss 2.5997 | lr 8.72e-05
step    290 | train_loss 2.2485 | lr 8.69e-05
step    300 | train_loss 2.7335 | lr 8.65e-05
step    310 | train_loss 2.7548 | lr 8.62e-05
step    320 | train_loss 2.5715 | lr 8.58e-05
step    330 | train_loss 2.6376 | lr 8.54e-05
step    340 | train_loss 2.5607 | lr 8.50e-05
step    350 | train_loss 2.7076 | lr 8.46e-05
step    360 | train_loss 2.5698 | lr 8.42e-05
step    370 | train_loss 2.6557 | lr 8.37e-05
step    380 | train_loss 2.8829 | lr 8.33e-05
step    390 | train_loss 2.4803 | lr 8.28e-05
step    400 | train_loss 2.3847 | lr 8.23e-05
step    410 | train_loss 2.4681 | lr 8.18e-05
step    420 | train_loss 2.8561 | lr 8.13e-05
step    430 | train_loss 2.5311 | lr 8.08e-05
step    440 | train_loss 2.6158 | lr 8.02e-05
step    450 | train_loss 2.6780 | lr 7.97e-05
step    456 | val_loss 2.5398 | val_ppl 12.68
step    460 | train_loss 2.5777 | lr 7.91e-05
step    470 | train_loss 2.4079 | lr 7.85e-05
step    480 | train_loss 2.5549 | lr 7.79e-05
step    490 | train_loss 2.6852 | lr 7.73e-05
step    500 | train_loss 2.8310 | lr 7.67e-05
step    510 | train_loss 2.5407 | lr 7.60e-05
step    520 | train_loss 2.6998 | lr 7.54e-05
step    530 | train_loss 2.7204 | lr 7.47e-05
step    540 | train_loss 2.4599 | lr 7.41e-05
step    550 | train_loss 2.4875 | lr 7.34e-05
step    560 | train_loss 2.6677 | lr 7.27e-05
step    570 | train_loss 2.7543 | lr 7.20e-05
step    580 | train_loss 2.6575 | lr 7.13e-05
step    590 | train_loss 2.7129 | lr 7.06e-05
step    600 | train_loss 2.6741 | lr 6.98e-05
step    610 | train_loss 2.5437 | lr 6.91e-05
step    620 | train_loss 2.4743 | lr 6.83e-05
step    630 | train_loss 2.2255 | lr 6.76e-05
step    640 | train_loss 2.7131 | lr 6.68e-05
step    650 | train_loss 2.5794 | lr 6.61e-05
step    660 | train_loss 2.2913 | lr 6.53e-05
step    670 | train_loss 2.5459 | lr 6.45e-05
step    680 | train_loss 2.5840 | lr 6.37e-05
step    684 | val_loss 2.5126 | val_ppl 12.34
step    690 | train_loss 2.4370 | lr 6.29e-05
step    700 | train_loss 2.4457 | lr 6.21e-05
step    710 | train_loss 2.6268 | lr 6.13e-05
step    720 | train_loss 2.5465 | lr 6.05e-05
step    730 | train_loss 2.4125 | lr 5.97e-05
step    740 | train_loss 2.7496 | lr 5.88e-05
step    750 | train_loss 2.5423 | lr 5.80e-05
step    760 | train_loss 2.5780 | lr 5.72e-05
step    770 | train_loss 2.4824 | lr 5.63e-05
step    780 | train_loss 2.6255 | lr 5.55e-05
step    790 | train_loss 2.6181 | lr 5.47e-05
step    800 | train_loss 2.6088 | lr 5.38e-05
step    810 | train_loss 2.4886 | lr 5.30e-05
step    820 | train_loss 2.4844 | lr 5.21e-05
step    830 | train_loss 2.6978 | lr 5.13e-05
step    840 | train_loss 2.6764 | lr 5.04e-05
step    850 | train_loss 2.7217 | lr 4.96e-05
step    860 | train_loss 2.6519 | lr 4.87e-05
step    870 | train_loss 2.4757 | lr 4.79e-05
step    880 | train_loss 2.5980 | lr 4.70e-05
step    890 | train_loss 2.7275 | lr 4.62e-05
step    900 | train_loss 2.5221 | lr 4.54e-05
step    910 | train_loss 2.6392 | lr 4.45e-05
step    912 | val_loss 2.4870 | val_ppl 12.03
step    920 | train_loss 2.4913 | lr 4.37e-05
step    930 | train_loss 2.3901 | lr 4.28e-05
step    940 | train_loss 2.4748 | lr 4.20e-05
step    950 | train_loss 2.5516 | lr 4.12e-05
step    960 | train_loss 2.3565 | lr 4.03e-05
step    970 | train_loss 2.4809 | lr 3.95e-05
step    980 | train_loss 2.8929 | lr 3.87e-05
step    990 | train_loss 2.5064 | lr 3.79e-05
step   1000 | train_loss 2.5075 | lr 3.71e-05
step   1010 | train_loss 2.5222 | lr 3.63e-05
step   1020 | train_loss 2.6556 | lr 3.55e-05
step   1030 | train_loss 2.7163 | lr 3.47e-05
step   1040 | train_loss 2.5460 | lr 3.39e-05
step   1050 | train_loss 2.2765 | lr 3.31e-05
step   1060 | train_loss 2.5095 | lr 3.23e-05
step   1070 | train_loss 2.5981 | lr 3.16e-05
step   1080 | train_loss 2.4450 | lr 3.08e-05
step   1090 | train_loss 2.6213 | lr 3.01e-05
step   1100 | train_loss 2.5894 | lr 2.93e-05
step   1110 | train_loss 2.5466 | lr 2.86e-05
step   1120 | train_loss 2.5685 | lr 2.79e-05
step   1130 | train_loss 2.4985 | lr 2.72e-05
step   1140 | train_loss 2.4837 | lr 2.65e-05
step   1140 | val_loss 2.4680 | val_ppl 11.80
step   1150 | train_loss 2.6564 | lr 2.58e-05
step   1160 | train_loss 2.7553 | lr 2.51e-05
step   1170 | train_loss 2.5410 | lr 2.44e-05
step   1180 | train_loss 2.7343 | lr 2.37e-05
step   1190 | train_loss 2.7222 | lr 2.31e-05
step   1200 | train_loss 2.6808 | lr 2.25e-05
step   1210 | train_loss 2.7187 | lr 2.18e-05
step   1220 | train_loss 2.3304 | lr 2.12e-05
step   1230 | train_loss 2.2604 | lr 2.06e-05
step   1240 | train_loss 2.5183 | lr 2.00e-05
step   1250 | train_loss 2.7909 | lr 1.95e-05
step   1260 | train_loss 2.6961 | lr 1.89e-05
step   1270 | train_loss 2.6783 | lr 1.83e-05
step   1280 | train_loss 2.5217 | lr 1.78e-05
step   1290 | train_loss 2.1688 | lr 1.73e-05
step   1300 | train_loss 2.2386 | lr 1.68e-05
step   1310 | train_loss 2.3876 | lr 1.63e-05
step   1320 | train_loss 2.3168 | lr 1.58e-05
step   1330 | train_loss 2.5647 | lr 1.54e-05
step   1340 | train_loss 2.7667 | lr 1.49e-05
step   1350 | train_loss 2.5710 | lr 1.45e-05
step   1360 | train_loss 2.4908 | lr 1.41e-05
step   1368 | val_loss 2.4513 | val_ppl 11.60
step   1370 | train_loss 2.3652 | lr 1.36e-05
step   1380 | train_loss 2.4516 | lr 1.33e-05
step   1390 | train_loss 2.3530 | lr 1.29e-05
step   1400 | train_loss 2.5938 | lr 1.25e-05
step   1410 | train_loss 2.5953 | lr 1.22e-05
step   1420 | train_loss 2.5608 | lr 1.19e-05
step   1430 | train_loss 2.4384 | lr 1.16e-05
step   1440 | train_loss 2.3787 | lr 1.13e-05
step   1450 | train_loss 2.7550 | lr 1.10e-05
step   1460 | train_loss 2.7807 | lr 1.08e-05
step   1470 | train_loss 2.7074 | lr 1.05e-05
step   1480 | train_loss 2.6203 | lr 1.03e-05
step   1490 | train_loss 2.4047 | lr 1.01e-05
step   1500 | train_loss 2.2697 | lr 9.90e-06
step   1510 | train_loss 2.9708 | lr 9.73e-06
step   1520 | train_loss 2.2201 | lr 9.58e-06
step   1530 | train_loss 2.6314 | lr 9.45e-06
step   1540 | train_loss 2.4513 | lr 9.33e-06
step   1550 | train_loss 2.5253 | lr 9.23e-06
step   1560 | train_loss 2.4780 | lr 9.15e-06
step   1570 | train_loss 2.6957 | lr 9.09e-06
step   1580 | train_loss 2.6083 | lr 9.04e-06
step   1590 | train_loss 2.1961 | lr 9.01e-06
step   1596 | val_loss 2.4447 | val_ppl 11.53
step   1600 | train_loss 2.1884 | lr 9.00e-06
step   1600 | val_loss 2.4450 | val_ppl 11.53
Saved checkpoint to /home/system/projects/AuthLLM/checkpoints/lr_scaling_quality2500/alpaca_unpacked_1600_lr9e-05_seed1338/step_1600.pt
