Data: 50,869 train / 1,037 val examples (68 dropped as longer than 512 tokens)
Packing: 50,869 examples into 11,220 windows (4.5 per window, 98.8% of positions used)
Model: medium (123,587,328 parameters), initialized from checkpoints/medium/step_2500.pt (step 2500)
step     10 | train_loss 2.6966 | lr 1.82e-04
step     20 | train_loss 2.6971 | lr 3.64e-04
step     30 | train_loss 2.7215 | lr 4.00e-04
step     40 | train_loss 2.6531 | lr 3.98e-04
step     50 | train_loss 2.5731 | lr 3.94e-04
step     50 | val_loss 2.6361 | val_ppl 13.96
step     60 | train_loss 2.7547 | lr 3.89e-04
step     70 | train_loss 2.6300 | lr 3.82e-04
step     80 | train_loss 2.6714 | lr 3.74e-04
step     90 | train_loss 2.7330 | lr 3.64e-04
step    100 | train_loss 2.6598 | lr 3.53e-04
step    100 | val_loss 2.5521 | val_ppl 12.83
step    110 | train_loss 2.6519 | lr 3.41e-04
step    120 | train_loss 2.5739 | lr 3.28e-04
step    130 | train_loss 2.6208 | lr 3.13e-04
step    140 | train_loss 2.5796 | lr 2.98e-04
step    150 | train_loss 2.5669 | lr 2.82e-04
step    150 | val_loss 2.4836 | val_ppl 11.98
step    160 | train_loss 2.5121 | lr 2.66e-04
step    170 | train_loss 2.4079 | lr 2.49e-04
step    180 | train_loss 2.5102 | lr 2.32e-04
step    190 | train_loss 2.4733 | lr 2.15e-04
step    200 | train_loss 2.4065 | lr 1.98e-04
step    200 | val_loss 2.4341 | val_ppl 11.41
step    210 | train_loss 2.4723 | lr 1.81e-04
step    220 | train_loss 2.4465 | lr 1.64e-04
step    230 | train_loss 2.3769 | lr 1.48e-04
step    240 | train_loss 2.4039 | lr 1.32e-04
step    250 | train_loss 2.4393 | lr 1.18e-04
step    250 | val_loss 2.3778 | val_ppl 10.78
step    260 | train_loss 2.4189 | lr 1.04e-04
step    270 | train_loss 2.3624 | lr 9.15e-05
step    280 | train_loss 2.4754 | lr 8.00e-05
step    290 | train_loss 2.3719 | lr 6.99e-05
step    300 | train_loss 2.4453 | lr 6.11e-05
step    300 | val_loss 2.3436 | val_ppl 10.42
step    310 | train_loss 2.4999 | lr 5.37e-05
step    320 | train_loss 2.4805 | lr 4.79e-05
step    330 | train_loss 2.4397 | lr 4.36e-05
step    340 | train_loss 2.4811 | lr 4.10e-05
step    350 | train_loss 2.3239 | lr 4.00e-05
step    350 | val_loss 2.3241 | val_ppl 10.22
Saved checkpoint to /home/system/projects/AuthLLM/checkpoints/lr_scaling_quality2500/alpaca_packed_350_lr0.0004_seed1338/step_350.pt
