Data: 50,868 train / 1,038 val examples (68 dropped as longer than 512 tokens)
Model: medium (123,587,328 parameters), initialized from checkpoints/medium/step_2500.pt (step 2500)
step     10 | train_loss 3.3034 | lr 9.00e-06
step     20 | train_loss 3.0218 | lr 1.80e-05
step     30 | train_loss 2.7764 | lr 2.70e-05
step     40 | train_loss 2.7081 | lr 3.60e-05
step     50 | train_loss 2.8216 | lr 4.50e-05
step     60 | train_loss 2.9369 | lr 5.40e-05
step     70 | train_loss 2.4570 | lr 6.30e-05
step     80 | train_loss 2.6345 | lr 7.20e-05
step     90 | train_loss 2.5208 | lr 8.10e-05
step    100 | train_loss 2.6441 | lr 9.00e-05
step    110 | train_loss 2.7920 | lr 9.00e-05
step    120 | train_loss 2.7705 | lr 9.00e-05
step    130 | train_loss 2.5835 | lr 8.99e-05
step    140 | train_loss 2.7633 | lr 8.99e-05
step    150 | train_loss 2.7719 | lr 8.98e-05
step    160 | train_loss 2.6241 | lr 8.97e-05
step    170 | train_loss 2.6619 | lr 8.96e-05
step    180 | train_loss 2.8771 | lr 8.94e-05
step    190 | train_loss 2.7944 | lr 8.93e-05
step    200 | train_loss 2.6459 | lr 8.91e-05
step    210 | train_loss 2.5798 | lr 8.89e-05
step    220 | train_loss 2.6312 | lr 8.87e-05
step    228 | val_loss 2.6188 | val_ppl 13.72
step    230 | train_loss 2.6752 | lr 8.85e-05
step    240 | train_loss 2.7305 | lr 8.83e-05
step    250 | train_loss 2.5890 | lr 8.80e-05
step    260 | train_loss 2.5658 | lr 8.78e-05
step    270 | train_loss 2.5882 | lr 8.75e-05
step    280 | train_loss 2.6348 | lr 8.72e-05
step    290 | train_loss 2.5372 | lr 8.69e-05
step    300 | train_loss 2.6236 | lr 8.65e-05
step    310 | train_loss 2.7555 | lr 8.62e-05
step    320 | train_loss 2.5495 | lr 8.58e-05
step    330 | train_loss 3.0505 | lr 8.54e-05
step    340 | train_loss 2.5533 | lr 8.50e-05
step    350 | train_loss 2.7070 | lr 8.46e-05
step    360 | train_loss 2.6311 | lr 8.42e-05
step    370 | train_loss 2.4794 | lr 8.37e-05
step    380 | train_loss 2.6028 | lr 8.33e-05
step    390 | train_loss 2.6470 | lr 8.28e-05
step    400 | train_loss 2.5640 | lr 8.23e-05
step    410 | train_loss 2.6431 | lr 8.18e-05
step    420 | train_loss 2.6674 | lr 8.13e-05
step    430 | train_loss 2.6729 | lr 8.08e-05
step    440 | train_loss 2.6134 | lr 8.02e-05
step    450 | train_loss 2.8225 | lr 7.97e-05
step    456 | val_loss 2.5778 | val_ppl 13.17
step    460 | train_loss 2.3976 | lr 7.91e-05
step    470 | train_loss 2.7891 | lr 7.85e-05
step    480 | train_loss 2.5964 | lr 7.79e-05
step    490 | train_loss 2.7504 | lr 7.73e-05
step    500 | train_loss 2.4990 | lr 7.67e-05
step    510 | train_loss 2.6453 | lr 7.60e-05
step    520 | train_loss 2.5940 | lr 7.54e-05
step    530 | train_loss 2.3853 | lr 7.47e-05
step    540 | train_loss 2.5600 | lr 7.41e-05
step    550 | train_loss 2.6755 | lr 7.34e-05
step    560 | train_loss 2.4596 | lr 7.27e-05
step    570 | train_loss 2.4822 | lr 7.20e-05
step    580 | train_loss 2.7063 | lr 7.13e-05
step    590 | train_loss 2.4698 | lr 7.06e-05
step    600 | train_loss 2.5375 | lr 6.98e-05
step    610 | train_loss 2.5899 | lr 6.91e-05
step    620 | train_loss 2.7363 | lr 6.83e-05
step    630 | train_loss 2.4771 | lr 6.76e-05
step    640 | train_loss 2.6788 | lr 6.68e-05
step    650 | train_loss 2.6299 | lr 6.61e-05
step    660 | train_loss 2.5881 | lr 6.53e-05
step    670 | train_loss 2.6087 | lr 6.45e-05
step    680 | train_loss 2.1890 | lr 6.37e-05
step    684 | val_loss 2.5546 | val_ppl 12.87
step    690 | train_loss 2.6811 | lr 6.29e-05
step    700 | train_loss 2.5184 | lr 6.21e-05
step    710 | train_loss 2.5483 | lr 6.13e-05
step    720 | train_loss 2.4968 | lr 6.05e-05
step    730 | train_loss 2.5912 | lr 5.97e-05
step    740 | train_loss 2.5683 | lr 5.88e-05
step    750 | train_loss 2.5285 | lr 5.80e-05
step    760 | train_loss 2.6108 | lr 5.72e-05
step    770 | train_loss 2.5194 | lr 5.63e-05
step    780 | train_loss 2.5989 | lr 5.55e-05
step    790 | train_loss 2.9094 | lr 5.47e-05
step    800 | train_loss 2.4851 | lr 5.38e-05
step    810 | train_loss 2.5789 | lr 5.30e-05
step    820 | train_loss 2.4236 | lr 5.21e-05
step    830 | train_loss 2.5574 | lr 5.13e-05
step    840 | train_loss 2.4859 | lr 5.04e-05
step    850 | train_loss 2.4741 | lr 4.96e-05
step    860 | train_loss 2.4086 | lr 4.87e-05
step    870 | train_loss 2.3418 | lr 4.79e-05
step    880 | train_loss 2.4725 | lr 4.70e-05
step    890 | train_loss 2.5833 | lr 4.62e-05
step    900 | train_loss 2.8213 | lr 4.54e-05
step    910 | train_loss 2.1797 | lr 4.45e-05
step    912 | val_loss 2.5311 | val_ppl 12.57
step    920 | train_loss 2.4737 | lr 4.37e-05
step    930 | train_loss 2.6162 | lr 4.28e-05
step    940 | train_loss 2.3628 | lr 4.20e-05
step    950 | train_loss 2.7837 | lr 4.12e-05
step    960 | train_loss 2.9316 | lr 4.03e-05
step    970 | train_loss 2.4900 | lr 3.95e-05
step    980 | train_loss 2.6661 | lr 3.87e-05
step    990 | train_loss 2.5912 | lr 3.79e-05
step   1000 | train_loss 2.2531 | lr 3.71e-05
step   1010 | train_loss 2.6787 | lr 3.63e-05
step   1020 | train_loss 2.5170 | lr 3.55e-05
step   1030 | train_loss 2.6949 | lr 3.47e-05
step   1040 | train_loss 2.6634 | lr 3.39e-05
step   1050 | train_loss 2.5803 | lr 3.31e-05
step   1060 | train_loss 2.6920 | lr 3.23e-05
step   1070 | train_loss 2.6147 | lr 3.16e-05
step   1080 | train_loss 2.3557 | lr 3.08e-05
step   1090 | train_loss 2.5781 | lr 3.01e-05
step   1100 | train_loss 2.2854 | lr 2.93e-05
step   1110 | train_loss 2.6237 | lr 2.86e-05
step   1120 | train_loss 2.4626 | lr 2.79e-05
step   1130 | train_loss 2.5367 | lr 2.72e-05
step   1140 | train_loss 2.5427 | lr 2.65e-05
step   1140 | val_loss 2.5051 | val_ppl 12.25
step   1150 | train_loss 2.6320 | lr 2.58e-05
step   1160 | train_loss 2.6375 | lr 2.51e-05
step   1170 | train_loss 2.6060 | lr 2.44e-05
step   1180 | train_loss 2.1612 | lr 2.37e-05
step   1190 | train_loss 2.6401 | lr 2.31e-05
step   1200 | train_loss 2.6807 | lr 2.25e-05
step   1210 | train_loss 2.3628 | lr 2.18e-05
step   1220 | train_loss 2.4792 | lr 2.12e-05
step   1230 | train_loss 2.5550 | lr 2.06e-05
step   1240 | train_loss 2.4690 | lr 2.00e-05
step   1250 | train_loss 2.7153 | lr 1.95e-05
step   1260 | train_loss 2.3180 | lr 1.89e-05
step   1270 | train_loss 2.4384 | lr 1.83e-05
step   1280 | train_loss 2.6408 | lr 1.78e-05
step   1290 | train_loss 2.3748 | lr 1.73e-05
step   1300 | train_loss 2.8233 | lr 1.68e-05
step   1310 | train_loss 2.3938 | lr 1.63e-05
step   1320 | train_loss 2.3825 | lr 1.58e-05
step   1330 | train_loss 2.6983 | lr 1.54e-05
step   1340 | train_loss 2.4796 | lr 1.49e-05
step   1350 | train_loss 2.5784 | lr 1.45e-05
step   1360 | train_loss 2.7151 | lr 1.41e-05
step   1368 | val_loss 2.4924 | val_ppl 12.09
step   1370 | train_loss 2.3699 | lr 1.36e-05
step   1380 | train_loss 2.7114 | lr 1.33e-05
step   1390 | train_loss 2.3887 | lr 1.29e-05
step   1400 | train_loss 2.6064 | lr 1.25e-05
step   1410 | train_loss 2.3910 | lr 1.22e-05
step   1420 | train_loss 2.6402 | lr 1.19e-05
step   1430 | train_loss 2.6414 | lr 1.16e-05
step   1440 | train_loss 2.5556 | lr 1.13e-05
step   1450 | train_loss 2.3984 | lr 1.10e-05
step   1460 | train_loss 2.5705 | lr 1.08e-05
step   1470 | train_loss 2.4947 | lr 1.05e-05
step   1480 | train_loss 2.3058 | lr 1.03e-05
step   1490 | train_loss 2.7428 | lr 1.01e-05
step   1500 | train_loss 2.6344 | lr 9.90e-06
step   1510 | train_loss 2.3220 | lr 9.73e-06
step   1520 | train_loss 2.4566 | lr 9.58e-06
step   1530 | train_loss 2.6152 | lr 9.45e-06
step   1540 | train_loss 2.3765 | lr 9.33e-06
step   1550 | train_loss 2.5781 | lr 9.23e-06
step   1560 | train_loss 2.4162 | lr 9.15e-06
step   1570 | train_loss 2.3587 | lr 9.09e-06
step   1580 | train_loss 2.4569 | lr 9.04e-06
step   1590 | train_loss 2.4091 | lr 9.01e-06
step   1596 | val_loss 2.4856 | val_ppl 12.01
step   1600 | train_loss 2.3949 | lr 9.00e-06
step   1600 | val_loss 2.4855 | val_ppl 12.01
Saved checkpoint to /home/system/projects/AuthLLM/checkpoints/lr_scaling_quality2500/alpaca_unpacked_1600_lr9e-05_seed1337/step_1600.pt
