Data: 50,868 train / 1,038 val examples (68 dropped as longer than 512 tokens)
Model: medium (123,587,328 parameters), initialized from checkpoints/medium/step_2500.pt (step 2500)
step     10 | train_loss 3.2668 | lr 1.50e-05
step     20 | train_loss 2.9700 | lr 3.00e-05
step     30 | train_loss 2.7453 | lr 4.50e-05
step     40 | train_loss 2.6847 | lr 6.00e-05
step     50 | train_loss 2.8061 | lr 7.50e-05
step     60 | train_loss 2.9235 | lr 9.00e-05
step     70 | train_loss 2.4453 | lr 1.05e-04
step     80 | train_loss 2.6316 | lr 1.20e-04
step     90 | train_loss 2.5240 | lr 1.35e-04
step    100 | train_loss 2.6384 | lr 1.50e-04
step    110 | train_loss 2.7812 | lr 1.50e-04
step    120 | train_loss 2.7787 | lr 1.50e-04
step    130 | train_loss 2.6094 | lr 1.50e-04
step    140 | train_loss 2.7931 | lr 1.50e-04
step    150 | train_loss 2.8007 | lr 1.50e-04
step    160 | train_loss 2.6528 | lr 1.49e-04
step    170 | train_loss 2.6904 | lr 1.49e-04
step    180 | train_loss 2.9260 | lr 1.49e-04
step    190 | train_loss 2.8352 | lr 1.49e-04
step    200 | train_loss 2.6844 | lr 1.49e-04
step    210 | train_loss 2.6302 | lr 1.48e-04
step    220 | train_loss 2.6705 | lr 1.48e-04
step    228 | val_loss 2.6638 | val_ppl 14.35
step    230 | train_loss 2.7197 | lr 1.48e-04
step    240 | train_loss 2.7943 | lr 1.47e-04
step    250 | train_loss 2.6399 | lr 1.47e-04
step    260 | train_loss 2.6070 | lr 1.46e-04
step    270 | train_loss 2.6176 | lr 1.46e-04
step    280 | train_loss 2.6881 | lr 1.45e-04
step    290 | train_loss 2.5972 | lr 1.45e-04
step    300 | train_loss 2.6597 | lr 1.44e-04
step    310 | train_loss 2.8123 | lr 1.44e-04
step    320 | train_loss 2.6049 | lr 1.43e-04
step    330 | train_loss 3.1418 | lr 1.42e-04
step    340 | train_loss 2.6205 | lr 1.42e-04
step    350 | train_loss 2.7783 | lr 1.41e-04
step    360 | train_loss 2.6921 | lr 1.40e-04
step    370 | train_loss 2.5512 | lr 1.40e-04
step    380 | train_loss 2.6906 | lr 1.39e-04
step    390 | train_loss 2.7091 | lr 1.38e-04
step    400 | train_loss 2.6323 | lr 1.37e-04
step    410 | train_loss 2.7014 | lr 1.36e-04
step    420 | train_loss 2.7662 | lr 1.35e-04
step    430 | train_loss 2.7622 | lr 1.35e-04
step    440 | train_loss 2.7289 | lr 1.34e-04
step    450 | train_loss 2.8926 | lr 1.33e-04
step    456 | val_loss 2.6485 | val_ppl 14.13
step    460 | train_loss 2.4595 | lr 1.32e-04
step    470 | train_loss 2.8611 | lr 1.31e-04
step    480 | train_loss 2.6844 | lr 1.30e-04
step    490 | train_loss 2.8371 | lr 1.29e-04
step    500 | train_loss 2.5624 | lr 1.28e-04
step    510 | train_loss 2.7151 | lr 1.27e-04
step    520 | train_loss 2.6433 | lr 1.26e-04
step    530 | train_loss 2.4383 | lr 1.25e-04
step    540 | train_loss 2.6235 | lr 1.23e-04
step    550 | train_loss 2.7596 | lr 1.22e-04
step    560 | train_loss 2.5175 | lr 1.21e-04
step    570 | train_loss 2.5787 | lr 1.20e-04
step    580 | train_loss 2.7965 | lr 1.19e-04
step    590 | train_loss 2.5270 | lr 1.18e-04
step    600 | train_loss 2.6230 | lr 1.16e-04
step    610 | train_loss 2.6595 | lr 1.15e-04
step    620 | train_loss 2.8454 | lr 1.14e-04
step    630 | train_loss 2.5349 | lr 1.13e-04
step    640 | train_loss 2.7619 | lr 1.11e-04
step    650 | train_loss 2.6944 | lr 1.10e-04
step    660 | train_loss 2.6680 | lr 1.09e-04
step    670 | train_loss 2.6849 | lr 1.07e-04
step    680 | train_loss 2.2393 | lr 1.06e-04
step    684 | val_loss 2.6349 | val_ppl 13.94
step    690 | train_loss 2.7814 | lr 1.05e-04
step    700 | train_loss 2.5902 | lr 1.03e-04
step    710 | train_loss 2.6431 | lr 1.02e-04
step    720 | train_loss 2.5569 | lr 1.01e-04
step    730 | train_loss 2.6664 | lr 9.94e-05
step    740 | train_loss 2.6320 | lr 9.81e-05
step    750 | train_loss 2.6245 | lr 9.67e-05
step    760 | train_loss 2.6893 | lr 9.53e-05
step    770 | train_loss 2.5757 | lr 9.39e-05
step    780 | train_loss 2.6803 | lr 9.25e-05
step    790 | train_loss 2.9826 | lr 9.11e-05
step    800 | train_loss 2.5887 | lr 8.97e-05
step    810 | train_loss 2.6577 | lr 8.83e-05
step    820 | train_loss 2.4963 | lr 8.69e-05
step    830 | train_loss 2.6118 | lr 8.55e-05
step    840 | train_loss 2.5609 | lr 8.41e-05
step    850 | train_loss 2.5528 | lr 8.26e-05
step    860 | train_loss 2.4677 | lr 8.12e-05
step    870 | train_loss 2.4246 | lr 7.98e-05
step    880 | train_loss 2.5610 | lr 7.84e-05
step    890 | train_loss 2.6492 | lr 7.70e-05
step    900 | train_loss 2.8960 | lr 7.56e-05
step    910 | train_loss 2.2316 | lr 7.42e-05
step    912 | val_loss 2.6023 | val_ppl 13.49
step    920 | train_loss 2.5535 | lr 7.28e-05
step    930 | train_loss 2.6792 | lr 7.14e-05
step    940 | train_loss 2.4045 | lr 7.00e-05
step    950 | train_loss 2.8830 | lr 6.86e-05
step    960 | train_loss 3.0211 | lr 6.72e-05
step    970 | train_loss 2.5586 | lr 6.59e-05
step    980 | train_loss 2.7457 | lr 6.45e-05
step    990 | train_loss 2.6530 | lr 6.31e-05
step   1000 | train_loss 2.3115 | lr 6.18e-05
step   1010 | train_loss 2.7627 | lr 6.04e-05
step   1020 | train_loss 2.5871 | lr 5.91e-05
step   1030 | train_loss 2.7623 | lr 5.78e-05
step   1040 | train_loss 2.7214 | lr 5.65e-05
step   1050 | train_loss 2.6556 | lr 5.52e-05
step   1060 | train_loss 2.7421 | lr 5.39e-05
step   1070 | train_loss 2.6924 | lr 5.26e-05
step   1080 | train_loss 2.4224 | lr 5.14e-05
step   1090 | train_loss 2.6859 | lr 5.01e-05
step   1100 | train_loss 2.3507 | lr 4.89e-05
step   1110 | train_loss 2.6935 | lr 4.77e-05
step   1120 | train_loss 2.5337 | lr 4.65e-05
step   1130 | train_loss 2.6197 | lr 4.53e-05
step   1140 | train_loss 2.6283 | lr 4.41e-05
step   1140 | val_loss 2.5733 | val_ppl 13.11
step   1150 | train_loss 2.6804 | lr 4.29e-05
step   1160 | train_loss 2.6688 | lr 4.18e-05
step   1170 | train_loss 2.6465 | lr 4.07e-05
step   1180 | train_loss 2.1891 | lr 3.96e-05
step   1190 | train_loss 2.6976 | lr 3.85e-05
step   1200 | train_loss 2.7339 | lr 3.74e-05
step   1210 | train_loss 2.4410 | lr 3.64e-05
step   1220 | train_loss 2.5301 | lr 3.54e-05
step   1230 | train_loss 2.6296 | lr 3.44e-05
step   1240 | train_loss 2.5271 | lr 3.34e-05
step   1250 | train_loss 2.8008 | lr 3.24e-05
step   1260 | train_loss 2.3475 | lr 3.15e-05
step   1270 | train_loss 2.4785 | lr 3.06e-05
step   1280 | train_loss 2.6940 | lr 2.97e-05
step   1290 | train_loss 2.4378 | lr 2.88e-05
step   1300 | train_loss 2.8890 | lr 2.80e-05
step   1310 | train_loss 2.4435 | lr 2.72e-05
step   1320 | train_loss 2.4347 | lr 2.64e-05
step   1330 | train_loss 2.7526 | lr 2.56e-05
step   1340 | train_loss 2.5242 | lr 2.48e-05
step   1350 | train_loss 2.6404 | lr 2.41e-05
step   1360 | train_loss 2.7601 | lr 2.34e-05
step   1368 | val_loss 2.5481 | val_ppl 12.78
step   1370 | train_loss 2.3970 | lr 2.27e-05
step   1380 | train_loss 2.7872 | lr 2.21e-05
step   1390 | train_loss 2.4510 | lr 2.15e-05
step   1400 | train_loss 2.6525 | lr 2.09e-05
step   1410 | train_loss 2.4236 | lr 2.03e-05
step   1420 | train_loss 2.7063 | lr 1.98e-05
step   1430 | train_loss 2.7248 | lr 1.93e-05
step   1440 | train_loss 2.5845 | lr 1.88e-05
step   1450 | train_loss 2.4486 | lr 1.83e-05
step   1460 | train_loss 2.6378 | lr 1.79e-05
step   1470 | train_loss 2.5513 | lr 1.75e-05
step   1480 | train_loss 2.3473 | lr 1.72e-05
step   1490 | train_loss 2.8294 | lr 1.68e-05
step   1500 | train_loss 2.7078 | lr 1.65e-05
step   1510 | train_loss 2.3796 | lr 1.62e-05
step   1520 | train_loss 2.5075 | lr 1.60e-05
step   1530 | train_loss 2.6680 | lr 1.57e-05
step   1540 | train_loss 2.4068 | lr 1.56e-05
step   1550 | train_loss 2.6224 | lr 1.54e-05
step   1560 | train_loss 2.4448 | lr 1.52e-05
step   1570 | train_loss 2.4187 | lr 1.51e-05
step   1580 | train_loss 2.4964 | lr 1.51e-05
step   1590 | train_loss 2.4020 | lr 1.50e-05
step   1596 | val_loss 2.5377 | val_ppl 12.65
step   1600 | train_loss 2.3519 | lr 1.50e-05
step   1600 | val_loss 2.5379 | val_ppl 12.65
Saved checkpoint to /home/system/projects/AuthLLM/checkpoints/lr_scaling_quality2500/alpaca_unpacked_1600_lr0.00015_seed1337/step_1600.pt
