Data: 50,869 train / 1,037 val examples (68 dropped as longer than 512 tokens)
Packing: 50,869 examples into 11,220 windows (4.5 per window, 98.8% of positions used)
Model: medium (123,587,328 parameters), initialized from checkpoints/medium/step_2500.pt (step 2500)
step     10 | train_loss 2.7087 | lr 1.14e-04
step     20 | train_loss 2.6814 | lr 2.27e-04
step     30 | train_loss 2.6817 | lr 2.50e-04
step     40 | train_loss 2.6240 | lr 2.49e-04
step     50 | train_loss 2.5338 | lr 2.46e-04
step     50 | val_loss 2.5872 | val_ppl 13.29
step     60 | train_loss 2.6916 | lr 2.43e-04
step     70 | train_loss 2.5781 | lr 2.39e-04
step     80 | train_loss 2.6109 | lr 2.34e-04
step     90 | train_loss 2.6690 | lr 2.28e-04
step    100 | train_loss 2.6019 | lr 2.21e-04
step    100 | val_loss 2.4996 | val_ppl 12.18
step    110 | train_loss 2.5976 | lr 2.13e-04
step    120 | train_loss 2.5060 | lr 2.05e-04
step    130 | train_loss 2.5563 | lr 1.96e-04
step    140 | train_loss 2.5185 | lr 1.86e-04
step    150 | train_loss 2.5166 | lr 1.77e-04
step    150 | val_loss 2.4406 | val_ppl 11.48
step    160 | train_loss 2.4593 | lr 1.66e-04
step    170 | train_loss 2.3775 | lr 1.56e-04
step    180 | train_loss 2.4708 | lr 1.45e-04
step    190 | train_loss 2.4351 | lr 1.34e-04
step    200 | train_loss 2.3708 | lr 1.24e-04
step    200 | val_loss 2.4001 | val_ppl 11.02
step    210 | train_loss 2.4409 | lr 1.13e-04
step    220 | train_loss 2.4216 | lr 1.03e-04
step    230 | train_loss 2.3549 | lr 9.25e-05
step    240 | train_loss 2.3794 | lr 8.28e-05
step    250 | train_loss 2.4108 | lr 7.37e-05
step    250 | val_loss 2.3593 | val_ppl 10.58
step    260 | train_loss 2.4010 | lr 6.51e-05
step    270 | train_loss 2.3434 | lr 5.72e-05
step    280 | train_loss 2.4536 | lr 5.00e-05
step    290 | train_loss 2.3546 | lr 4.37e-05
step    300 | train_loss 2.4451 | lr 3.82e-05
step    300 | val_loss 2.3355 | val_ppl 10.33
step    310 | train_loss 2.4876 | lr 3.36e-05
step    320 | train_loss 2.4723 | lr 2.99e-05
step    330 | train_loss 2.4453 | lr 2.73e-05
step    340 | train_loss 2.4668 | lr 2.56e-05
step    350 | train_loss 2.3240 | lr 2.50e-05
step    350 | val_loss 2.3225 | val_ppl 10.20
Saved checkpoint to /home/system/projects/AuthLLM/checkpoints/lr_scaling_quality2500/alpaca_packed_350_lr0.00025_seed1338/step_350.pt
