Data: 50,868 train / 1,038 val examples (68 dropped as longer than 512 tokens)
Packing: 50,868 examples into 11,220 windows (4.5 per window, 98.8% of positions used)
Model: medium (123,587,328 parameters), initialized from checkpoints/medium/step_2500.pt (step 2500)
step     10 | train_loss 2.8681 | lr 6.82e-05
step     20 | train_loss 2.7868 | lr 1.36e-04
step     30 | train_loss 2.5963 | lr 1.50e-04
step     40 | train_loss 2.6080 | lr 1.49e-04
step     50 | train_loss 2.5444 | lr 1.48e-04
step     50 | val_loss 2.6116 | val_ppl 13.62
step     60 | train_loss 2.6095 | lr 1.46e-04
step     70 | train_loss 2.5721 | lr 1.43e-04
step     80 | train_loss 2.6359 | lr 1.40e-04
step     90 | train_loss 2.5405 | lr 1.37e-04
step    100 | train_loss 2.6559 | lr 1.32e-04
step    100 | val_loss 2.5280 | val_ppl 12.53
step    110 | train_loss 2.6282 | lr 1.28e-04
step    120 | train_loss 2.5520 | lr 1.23e-04
step    130 | train_loss 2.5376 | lr 1.18e-04
step    140 | train_loss 2.5471 | lr 1.12e-04
step    150 | train_loss 2.4861 | lr 1.06e-04
step    150 | val_loss 2.4774 | val_ppl 11.91
step    160 | train_loss 2.5010 | lr 9.98e-05
step    170 | train_loss 2.4471 | lr 9.34e-05
step    180 | train_loss 2.4745 | lr 8.70e-05
step    190 | train_loss 2.4635 | lr 8.06e-05
step    200 | train_loss 2.5772 | lr 7.41e-05
step    200 | val_loss 2.4343 | val_ppl 11.41
step    210 | train_loss 2.4710 | lr 6.78e-05
step    220 | train_loss 2.2287 | lr 6.15e-05
step    230 | train_loss 2.4715 | lr 5.55e-05
step    240 | train_loss 2.4464 | lr 4.97e-05
step    250 | train_loss 2.3970 | lr 4.42e-05
step    250 | val_loss 2.4096 | val_ppl 11.13
step    260 | train_loss 2.4432 | lr 3.91e-05
step    270 | train_loss 2.5166 | lr 3.43e-05
step    280 | train_loss 2.4589 | lr 3.00e-05
step    290 | train_loss 2.3815 | lr 2.62e-05
step    300 | train_loss 2.3943 | lr 2.29e-05
step    300 | val_loss 2.3907 | val_ppl 10.92
step    310 | train_loss 2.3951 | lr 2.01e-05
step    320 | train_loss 2.3121 | lr 1.80e-05
step    330 | train_loss 2.6548 | lr 1.64e-05
step    340 | train_loss 2.3438 | lr 1.54e-05
step    350 | train_loss 2.3746 | lr 1.50e-05
step    350 | val_loss 2.3827 | val_ppl 10.83
Saved checkpoint to /home/system/projects/AuthLLM/checkpoints/lr_scaling_quality2500/alpaca_packed_350_lr0.00015_seed1337/step_350.pt
