Data: 50,868 train / 1,038 val examples (68 dropped as longer than 512 tokens)
Packing: 50,868 examples into 11,220 windows (4.5 per window, 98.8% of positions used)
Model: medium (123,587,328 parameters), initialized from checkpoints/medium/step_2500.pt (step 2500)
step     10 | train_loss 2.7999 | lr 2.73e-04
step     20 | train_loss 2.8124 | lr 5.45e-04
step     30 | train_loss 2.6824 | lr 5.99e-04
step     40 | train_loss 2.7822 | lr 5.96e-04
step     50 | train_loss 2.7178 | lr 5.91e-04
step     50 | val_loss 2.7795 | val_ppl 16.11
step     60 | train_loss 2.7819 | lr 5.83e-04
step     70 | train_loss 2.7625 | lr 5.73e-04
step     80 | train_loss 2.8185 | lr 5.61e-04
step     90 | train_loss 2.7056 | lr 5.46e-04
step    100 | train_loss 2.8373 | lr 5.30e-04
step    100 | val_loss 2.7051 | val_ppl 14.96
step    110 | train_loss 2.8242 | lr 5.12e-04
step    120 | train_loss 2.7244 | lr 4.92e-04
step    130 | train_loss 2.7191 | lr 4.70e-04
step    140 | train_loss 2.7211 | lr 4.47e-04
step    150 | train_loss 2.6400 | lr 4.24e-04
step    150 | val_loss 2.6213 | val_ppl 13.75
step    160 | train_loss 2.6414 | lr 3.99e-04
step    170 | train_loss 2.5679 | lr 3.74e-04
step    180 | train_loss 2.6240 | lr 3.48e-04
step    190 | train_loss 2.5800 | lr 3.22e-04
step    200 | train_loss 2.6935 | lr 2.96e-04
step    200 | val_loss 2.5607 | val_ppl 12.94
step    210 | train_loss 2.5805 | lr 2.71e-04
step    220 | train_loss 2.2993 | lr 2.46e-04
step    230 | train_loss 2.5495 | lr 2.22e-04
step    240 | train_loss 2.5300 | lr 1.99e-04
step    250 | train_loss 2.4553 | lr 1.77e-04
step    250 | val_loss 2.4874 | val_ppl 12.03
step    260 | train_loss 2.4947 | lr 1.56e-04
step    270 | train_loss 2.5721 | lr 1.37e-04
step    280 | train_loss 2.5008 | lr 1.20e-04
step    290 | train_loss 2.4208 | lr 1.05e-04
step    300 | train_loss 2.4364 | lr 9.16e-05
step    300 | val_loss 2.4311 | val_ppl 11.37
step    310 | train_loss 2.4107 | lr 8.06e-05
step    320 | train_loss 2.3434 | lr 7.18e-05
step    330 | train_loss 2.6955 | lr 6.54e-05
step    340 | train_loss 2.3672 | lr 6.15e-05
step    350 | train_loss 2.3912 | lr 6.00e-05
step    350 | val_loss 2.3998 | val_ppl 11.02
Saved checkpoint to /home/system/projects/AuthLLM/checkpoints/lr_scaling_quality2500/alpaca_packed_350_lr0.0006_seed1337/step_350.pt
