Data: 50,868 train / 1,038 val examples (68 dropped as longer than 512 tokens)
Packing: 50,868 examples into 11,220 windows (4.5 per window, 98.8% of positions used)
Model: medium (123,587,328 parameters), initialized from checkpoints/medium/step_2500.pt (step 2500)
step     10 | train_loss 2.8161 | lr 1.82e-04
step     20 | train_loss 2.7788 | lr 3.64e-04
step     30 | train_loss 2.6251 | lr 4.00e-04
step     40 | train_loss 2.6785 | lr 3.98e-04
step     50 | train_loss 2.6256 | lr 3.94e-04
step     50 | val_loss 2.6853 | val_ppl 14.66
step     60 | train_loss 2.6706 | lr 3.89e-04
step     70 | train_loss 2.6489 | lr 3.82e-04
step     80 | train_loss 2.7055 | lr 3.74e-04
step     90 | train_loss 2.6129 | lr 3.64e-04
step    100 | train_loss 2.7388 | lr 3.53e-04
step    100 | val_loss 2.6036 | val_ppl 13.51
step    110 | train_loss 2.7138 | lr 3.41e-04
step    120 | train_loss 2.6181 | lr 3.28e-04
step    130 | train_loss 2.6109 | lr 3.13e-04
step    140 | train_loss 2.6182 | lr 2.98e-04
step    150 | train_loss 2.5513 | lr 2.82e-04
step    150 | val_loss 2.5342 | val_ppl 12.61
step    160 | train_loss 2.5563 | lr 2.66e-04
step    170 | train_loss 2.4972 | lr 2.49e-04
step    180 | train_loss 2.5307 | lr 2.32e-04
step    190 | train_loss 2.5088 | lr 2.15e-04
step    200 | train_loss 2.6246 | lr 1.98e-04
step    200 | val_loss 2.4828 | val_ppl 11.97
step    210 | train_loss 2.5120 | lr 1.81e-04
step    220 | train_loss 2.2425 | lr 1.64e-04
step    230 | train_loss 2.4916 | lr 1.48e-04
step    240 | train_loss 2.4697 | lr 1.32e-04
step    250 | train_loss 2.4229 | lr 1.18e-04
step    250 | val_loss 2.4324 | val_ppl 11.39
step    260 | train_loss 2.4463 | lr 1.04e-04
step    270 | train_loss 2.5234 | lr 9.15e-05
step    280 | train_loss 2.4650 | lr 8.00e-05
step    290 | train_loss 2.3785 | lr 6.99e-05
step    300 | train_loss 2.3976 | lr 6.11e-05
step    300 | val_loss 2.3962 | val_ppl 10.98
step    310 | train_loss 2.3835 | lr 5.37e-05
step    320 | train_loss 2.3084 | lr 4.79e-05
step    330 | train_loss 2.6602 | lr 4.36e-05
step    340 | train_loss 2.3375 | lr 4.10e-05
step    350 | train_loss 2.3633 | lr 4.00e-05
step    350 | val_loss 2.3747 | val_ppl 10.75
Saved checkpoint to /home/system/projects/AuthLLM/checkpoints/lr_scaling_quality2500/alpaca_packed_350_lr0.0004_seed1337/step_350.pt
