Data: 50,868 train / 1,038 val examples (68 dropped as longer than 512 tokens)
Model: medium (123,587,328 parameters), initialized from checkpoints/medium/step_2500.pt (step 2500)
step     10 | train_loss 3.3574 | lr 3.00e-06
step     20 | train_loss 3.1435 | lr 6.00e-06
step     30 | train_loss 2.8569 | lr 9.00e-06
step     40 | train_loss 2.7621 | lr 1.20e-05
step     50 | train_loss 2.8780 | lr 1.50e-05
step     60 | train_loss 2.9926 | lr 1.80e-05
step     70 | train_loss 2.5236 | lr 2.10e-05
step     80 | train_loss 2.6862 | lr 2.40e-05
step     90 | train_loss 2.5654 | lr 2.70e-05
step    100 | train_loss 2.7066 | lr 3.00e-05
step    110 | train_loss 2.8484 | lr 3.00e-05
step    120 | train_loss 2.8173 | lr 3.00e-05
step    130 | train_loss 2.6121 | lr 3.00e-05
step    140 | train_loss 2.7905 | lr 3.00e-05
step    150 | train_loss 2.8099 | lr 2.99e-05
step    160 | train_loss 2.6931 | lr 2.99e-05
step    170 | train_loss 2.6936 | lr 2.99e-05
step    180 | train_loss 2.9011 | lr 2.98e-05
step    190 | train_loss 2.8135 | lr 2.98e-05
step    200 | train_loss 2.6775 | lr 2.97e-05
step    210 | train_loss 2.5832 | lr 2.96e-05
step    220 | train_loss 2.6594 | lr 2.96e-05
step    228 | val_loss 2.6467 | val_ppl 14.11
step    230 | train_loss 2.7038 | lr 2.95e-05
step    240 | train_loss 2.7471 | lr 2.94e-05
step    250 | train_loss 2.6078 | lr 2.93e-05
step    260 | train_loss 2.5885 | lr 2.93e-05
step    270 | train_loss 2.6252 | lr 2.92e-05
step    280 | train_loss 2.6389 | lr 2.91e-05
step    290 | train_loss 2.5489 | lr 2.90e-05
step    300 | train_loss 2.6727 | lr 2.88e-05
step    310 | train_loss 2.7506 | lr 2.87e-05
step    320 | train_loss 2.5608 | lr 2.86e-05
step    330 | train_loss 3.0161 | lr 2.85e-05
step    340 | train_loss 2.5223 | lr 2.83e-05
step    350 | train_loss 2.6883 | lr 2.82e-05
step    360 | train_loss 2.6164 | lr 2.81e-05
step    370 | train_loss 2.4749 | lr 2.79e-05
step    380 | train_loss 2.5922 | lr 2.78e-05
step    390 | train_loss 2.6707 | lr 2.76e-05
step    400 | train_loss 2.5570 | lr 2.74e-05
step    410 | train_loss 2.6381 | lr 2.73e-05
step    420 | train_loss 2.6630 | lr 2.71e-05
step    430 | train_loss 2.6597 | lr 2.69e-05
step    440 | train_loss 2.5507 | lr 2.67e-05
step    450 | train_loss 2.8053 | lr 2.66e-05
step    456 | val_loss 2.5742 | val_ppl 13.12
step    460 | train_loss 2.3950 | lr 2.64e-05
step    470 | train_loss 2.7788 | lr 2.62e-05
step    480 | train_loss 2.6029 | lr 2.60e-05
step    490 | train_loss 2.7299 | lr 2.58e-05
step    500 | train_loss 2.4955 | lr 2.56e-05
step    510 | train_loss 2.6334 | lr 2.53e-05
step    520 | train_loss 2.6131 | lr 2.51e-05
step    530 | train_loss 2.3998 | lr 2.49e-05
step    540 | train_loss 2.6055 | lr 2.47e-05
step    550 | train_loss 2.6300 | lr 2.45e-05
step    560 | train_loss 2.4871 | lr 2.42e-05
step    570 | train_loss 2.4836 | lr 2.40e-05
step    580 | train_loss 2.6716 | lr 2.38e-05
step    590 | train_loss 2.4579 | lr 2.35e-05
step    600 | train_loss 2.4834 | lr 2.33e-05
step    610 | train_loss 2.5891 | lr 2.30e-05
step    620 | train_loss 2.6825 | lr 2.28e-05
step    630 | train_loss 2.4863 | lr 2.25e-05
step    640 | train_loss 2.6562 | lr 2.23e-05
step    650 | train_loss 2.6342 | lr 2.20e-05
step    660 | train_loss 2.5700 | lr 2.18e-05
step    670 | train_loss 2.6002 | lr 2.15e-05
step    680 | train_loss 2.2084 | lr 2.12e-05
step    684 | val_loss 2.5374 | val_ppl 12.65
step    690 | train_loss 2.6049 | lr 2.10e-05
step    700 | train_loss 2.4871 | lr 2.07e-05
step    710 | train_loss 2.5084 | lr 2.04e-05
step    720 | train_loss 2.5069 | lr 2.02e-05
step    730 | train_loss 2.5576 | lr 1.99e-05
step    740 | train_loss 2.5525 | lr 1.96e-05
step    750 | train_loss 2.4871 | lr 1.93e-05
step    760 | train_loss 2.5551 | lr 1.91e-05
step    770 | train_loss 2.5434 | lr 1.88e-05
step    780 | train_loss 2.5983 | lr 1.85e-05
step    790 | train_loss 2.8797 | lr 1.82e-05
step    800 | train_loss 2.4638 | lr 1.79e-05
step    810 | train_loss 2.5388 | lr 1.77e-05
step    820 | train_loss 2.4008 | lr 1.74e-05
step    830 | train_loss 2.5418 | lr 1.71e-05
step    840 | train_loss 2.4631 | lr 1.68e-05
step    850 | train_loss 2.4602 | lr 1.65e-05
step    860 | train_loss 2.4076 | lr 1.62e-05
step    870 | train_loss 2.3021 | lr 1.60e-05
step    880 | train_loss 2.4650 | lr 1.57e-05
step    890 | train_loss 2.5727 | lr 1.54e-05
step    900 | train_loss 2.8209 | lr 1.51e-05
step    910 | train_loss 2.1901 | lr 1.48e-05
step    912 | val_loss 2.5160 | val_ppl 12.38
step    920 | train_loss 2.4615 | lr 1.46e-05
step    930 | train_loss 2.6188 | lr 1.43e-05
step    940 | train_loss 2.4034 | lr 1.40e-05
step    950 | train_loss 2.7136 | lr 1.37e-05
step    960 | train_loss 2.8675 | lr 1.34e-05
step    970 | train_loss 2.4873 | lr 1.32e-05
step    980 | train_loss 2.6137 | lr 1.29e-05
step    990 | train_loss 2.5501 | lr 1.26e-05
step   1000 | train_loss 2.2209 | lr 1.24e-05
step   1010 | train_loss 2.6367 | lr 1.21e-05
step   1020 | train_loss 2.4887 | lr 1.18e-05
step   1030 | train_loss 2.6744 | lr 1.16e-05
step   1040 | train_loss 2.6754 | lr 1.13e-05
step   1050 | train_loss 2.5544 | lr 1.10e-05
step   1060 | train_loss 2.7063 | lr 1.08e-05
step   1070 | train_loss 2.5737 | lr 1.05e-05
step   1080 | train_loss 2.3277 | lr 1.03e-05
step   1090 | train_loss 2.5167 | lr 1.00e-05
step   1100 | train_loss 2.2697 | lr 9.77e-06
step   1110 | train_loss 2.5873 | lr 9.53e-06
step   1120 | train_loss 2.4622 | lr 9.29e-06
step   1130 | train_loss 2.4900 | lr 9.05e-06
step   1140 | train_loss 2.5063 | lr 8.82e-06
step   1140 | val_loss 2.4974 | val_ppl 12.15
step   1150 | train_loss 2.6714 | lr 8.59e-06
step   1160 | train_loss 2.6537 | lr 8.36e-06
step   1170 | train_loss 2.6367 | lr 8.14e-06
step   1180 | train_loss 2.2138 | lr 7.92e-06
step   1190 | train_loss 2.6360 | lr 7.70e-06
step   1200 | train_loss 2.6562 | lr 7.49e-06
step   1210 | train_loss 2.3289 | lr 7.28e-06
step   1220 | train_loss 2.4791 | lr 7.07e-06
step   1230 | train_loss 2.5377 | lr 6.87e-06
step   1240 | train_loss 2.4494 | lr 6.68e-06
step   1250 | train_loss 2.6651 | lr 6.49e-06
step   1260 | train_loss 2.3498 | lr 6.30e-06
step   1270 | train_loss 2.4620 | lr 6.12e-06
step   1280 | train_loss 2.6296 | lr 5.94e-06
step   1290 | train_loss 2.3401 | lr 5.76e-06
step   1300 | train_loss 2.8020 | lr 5.59e-06
step   1310 | train_loss 2.4005 | lr 5.43e-06
step   1320 | train_loss 2.3675 | lr 5.27e-06
step   1330 | train_loss 2.7213 | lr 5.12e-06
step   1340 | train_loss 2.4911 | lr 4.97e-06
step   1350 | train_loss 2.5447 | lr 4.82e-06
step   1360 | train_loss 2.7255 | lr 4.68e-06
step   1368 | val_loss 2.4890 | val_ppl 12.05
step   1370 | train_loss 2.4102 | lr 4.55e-06
step   1380 | train_loss 2.6520 | lr 4.42e-06
step   1390 | train_loss 2.3662 | lr 4.30e-06
step   1400 | train_loss 2.6162 | lr 4.18e-06
step   1410 | train_loss 2.3985 | lr 4.07e-06
step   1420 | train_loss 2.5893 | lr 3.96e-06
step   1430 | train_loss 2.6056 | lr 3.86e-06
step   1440 | train_loss 2.5702 | lr 3.76e-06
step   1450 | train_loss 2.4129 | lr 3.67e-06
step   1460 | train_loss 2.5488 | lr 3.58e-06
step   1470 | train_loss 2.4859 | lr 3.50e-06
step   1480 | train_loss 2.3158 | lr 3.43e-06
step   1490 | train_loss 2.7076 | lr 3.36e-06
step   1500 | train_loss 2.5939 | lr 3.30e-06
step   1510 | train_loss 2.2898 | lr 3.24e-06
step   1520 | train_loss 2.4586 | lr 3.19e-06
step   1530 | train_loss 2.5905 | lr 3.15e-06
step   1540 | train_loss 2.4240 | lr 3.11e-06
step   1550 | train_loss 2.5958 | lr 3.08e-06
step   1560 | train_loss 2.4326 | lr 3.05e-06
step   1570 | train_loss 2.3446 | lr 3.03e-06
step   1580 | train_loss 2.4562 | lr 3.01e-06
step   1590 | train_loss 2.4943 | lr 3.00e-06
step   1596 | val_loss 2.4850 | val_ppl 12.00
step   1600 | train_loss 2.5393 | lr 3.00e-06
step   1600 | val_loss 2.4849 | val_ppl 12.00
Saved checkpoint to /home/system/projects/AuthLLM/checkpoints/lr_scaling_quality2500/alpaca_unpacked_1600_lr3e-05_seed1337/step_1600.pt
