Data: 50,867 train / 1,039 val examples (68 dropped as longer than 512 tokens)
Model: medium (123,587,328 parameters), initialized from checkpoints/medium/step_2500.pt (step 2500)
step     10 | train_loss 3.1677 | lr 9.00e-06
step     20 | train_loss 2.7711 | lr 1.80e-05
step     30 | train_loss 2.9419 | lr 2.70e-05
step     40 | train_loss 3.0578 | lr 3.60e-05
step     50 | train_loss 2.9501 | lr 4.50e-05
step     60 | train_loss 2.7419 | lr 5.40e-05
step     70 | train_loss 2.5216 | lr 6.30e-05
step     80 | train_loss 2.5793 | lr 7.20e-05
step     90 | train_loss 2.9896 | lr 8.10e-05
step    100 | train_loss 2.8269 | lr 9.00e-05
step    110 | train_loss 2.9549 | lr 9.00e-05
step    120 | train_loss 2.3773 | lr 9.00e-05
step    130 | train_loss 2.5805 | lr 8.99e-05
step    140 | train_loss 2.6328 | lr 8.99e-05
step    150 | train_loss 2.6796 | lr 8.98e-05
step    160 | train_loss 2.5674 | lr 8.97e-05
step    170 | train_loss 2.5492 | lr 8.96e-05
step    180 | train_loss 2.7569 | lr 8.94e-05
step    190 | train_loss 2.7378 | lr 8.93e-05
step    200 | train_loss 2.8496 | lr 8.91e-05
step    210 | train_loss 2.5920 | lr 8.89e-05
step    220 | train_loss 2.7704 | lr 8.87e-05
step    228 | val_loss 2.7257 | val_ppl 15.27
step    230 | train_loss 2.4901 | lr 8.85e-05
step    240 | train_loss 2.5902 | lr 8.83e-05
step    250 | train_loss 2.5787 | lr 8.80e-05
step    260 | train_loss 2.6039 | lr 8.78e-05
step    270 | train_loss 2.5667 | lr 8.75e-05
step    280 | train_loss 2.6461 | lr 8.72e-05
step    290 | train_loss 2.5947 | lr 8.69e-05
step    300 | train_loss 3.0832 | lr 8.65e-05
step    310 | train_loss 2.6355 | lr 8.62e-05
step    320 | train_loss 2.6550 | lr 8.58e-05
step    330 | train_loss 2.5224 | lr 8.54e-05
step    340 | train_loss 2.9384 | lr 8.50e-05
step    350 | train_loss 2.6298 | lr 8.46e-05
step    360 | train_loss 2.6443 | lr 8.42e-05
step    370 | train_loss 2.5229 | lr 8.37e-05
step    380 | train_loss 2.7098 | lr 8.33e-05
step    390 | train_loss 2.5773 | lr 8.28e-05
step    400 | train_loss 2.5794 | lr 8.23e-05
step    410 | train_loss 2.7543 | lr 8.18e-05
step    420 | train_loss 2.5653 | lr 8.13e-05
step    430 | train_loss 2.5261 | lr 8.08e-05
step    440 | train_loss 2.6196 | lr 8.02e-05
step    450 | train_loss 2.5810 | lr 7.97e-05
step    456 | val_loss 2.6788 | val_ppl 14.57
step    460 | train_loss 2.4082 | lr 7.91e-05
step    470 | train_loss 2.5814 | lr 7.85e-05
step    480 | train_loss 2.3806 | lr 7.79e-05
step    490 | train_loss 2.6503 | lr 7.73e-05
step    500 | train_loss 2.6452 | lr 7.67e-05
step    510 | train_loss 2.6097 | lr 7.60e-05
step    520 | train_loss 2.5110 | lr 7.54e-05
step    530 | train_loss 2.5350 | lr 7.47e-05
step    540 | train_loss 2.7036 | lr 7.41e-05
step    550 | train_loss 2.6581 | lr 7.34e-05
step    560 | train_loss 2.2894 | lr 7.27e-05
step    570 | train_loss 2.7675 | lr 7.20e-05
step    580 | train_loss 2.5751 | lr 7.13e-05
step    590 | train_loss 2.4565 | lr 7.06e-05
step    600 | train_loss 2.5094 | lr 6.98e-05
step    610 | train_loss 2.5173 | lr 6.91e-05
step    620 | train_loss 2.4028 | lr 6.83e-05
step    630 | train_loss 2.6221 | lr 6.76e-05
step    640 | train_loss 2.6287 | lr 6.68e-05
step    650 | train_loss 2.8205 | lr 6.61e-05
step    660 | train_loss 2.3931 | lr 6.53e-05
step    670 | train_loss 2.5458 | lr 6.45e-05
step    680 | train_loss 2.5778 | lr 6.37e-05
step    684 | val_loss 2.6559 | val_ppl 14.24
step    690 | train_loss 2.4835 | lr 6.29e-05
step    700 | train_loss 2.4580 | lr 6.21e-05
step    710 | train_loss 2.6794 | lr 6.13e-05
step    720 | train_loss 2.4239 | lr 6.05e-05
step    730 | train_loss 2.6355 | lr 5.97e-05
step    740 | train_loss 2.5518 | lr 5.88e-05
step    750 | train_loss 2.5526 | lr 5.80e-05
step    760 | train_loss 2.6204 | lr 5.72e-05
step    770 | train_loss 2.5596 | lr 5.63e-05
step    780 | train_loss 2.7415 | lr 5.55e-05
step    790 | train_loss 2.6527 | lr 5.47e-05
step    800 | train_loss 2.5155 | lr 5.38e-05
step    810 | train_loss 2.6969 | lr 5.30e-05
step    820 | train_loss 2.7679 | lr 5.21e-05
step    830 | train_loss 2.6857 | lr 5.13e-05
step    840 | train_loss 2.4024 | lr 5.04e-05
step    850 | train_loss 2.6942 | lr 4.96e-05
step    860 | train_loss 2.8535 | lr 4.87e-05
step    870 | train_loss 2.5240 | lr 4.79e-05
step    880 | train_loss 2.7158 | lr 4.70e-05
step    890 | train_loss 2.7333 | lr 4.62e-05
step    900 | train_loss 2.3505 | lr 4.54e-05
step    910 | train_loss 2.5732 | lr 4.45e-05
step    912 | val_loss 2.6307 | val_ppl 13.88
step    920 | train_loss 2.5959 | lr 4.37e-05
step    930 | train_loss 2.7694 | lr 4.28e-05
step    940 | train_loss 2.3658 | lr 4.20e-05
step    950 | train_loss 2.2926 | lr 4.12e-05
step    960 | train_loss 2.6570 | lr 4.03e-05
step    970 | train_loss 2.7691 | lr 3.95e-05
step    980 | train_loss 2.9244 | lr 3.87e-05
step    990 | train_loss 2.4748 | lr 3.79e-05
step   1000 | train_loss 2.7370 | lr 3.71e-05
step   1010 | train_loss 2.6060 | lr 3.63e-05
step   1020 | train_loss 2.6439 | lr 3.55e-05
step   1030 | train_loss 2.6372 | lr 3.47e-05
step   1040 | train_loss 2.6071 | lr 3.39e-05
step   1050 | train_loss 2.5573 | lr 3.31e-05
step   1060 | train_loss 2.3699 | lr 3.23e-05
step   1070 | train_loss 2.2669 | lr 3.16e-05
step   1080 | train_loss 2.3781 | lr 3.08e-05
step   1090 | train_loss 2.6242 | lr 3.01e-05
step   1100 | train_loss 2.4357 | lr 2.93e-05
step   1110 | train_loss 2.6053 | lr 2.86e-05
step   1120 | train_loss 2.5378 | lr 2.79e-05
step   1130 | train_loss 2.6037 | lr 2.72e-05
step   1140 | train_loss 2.4075 | lr 2.65e-05
step   1140 | val_loss 2.6105 | val_ppl 13.61
step   1150 | train_loss 2.6675 | lr 2.58e-05
step   1160 | train_loss 2.4726 | lr 2.51e-05
step   1170 | train_loss 2.6294 | lr 2.44e-05
step   1180 | train_loss 2.4187 | lr 2.37e-05
step   1190 | train_loss 2.7854 | lr 2.31e-05
step   1200 | train_loss 2.5808 | lr 2.25e-05
step   1210 | train_loss 2.8262 | lr 2.18e-05
step   1220 | train_loss 2.5869 | lr 2.12e-05
step   1230 | train_loss 2.6133 | lr 2.06e-05
step   1240 | train_loss 2.4159 | lr 2.00e-05
step   1250 | train_loss 2.3982 | lr 1.95e-05
step   1260 | train_loss 2.5523 | lr 1.89e-05
step   1270 | train_loss 2.6075 | lr 1.83e-05
step   1280 | train_loss 2.5064 | lr 1.78e-05
step   1290 | train_loss 2.3871 | lr 1.73e-05
step   1300 | train_loss 2.3290 | lr 1.68e-05
step   1310 | train_loss 2.2701 | lr 1.63e-05
step   1320 | train_loss 2.5000 | lr 1.58e-05
step   1330 | train_loss 2.7236 | lr 1.54e-05
step   1340 | train_loss 2.5459 | lr 1.49e-05
step   1350 | train_loss 2.5479 | lr 1.45e-05
step   1360 | train_loss 2.4885 | lr 1.41e-05
step   1368 | val_loss 2.5986 | val_ppl 13.44
step   1370 | train_loss 2.7838 | lr 1.36e-05
step   1380 | train_loss 2.3745 | lr 1.33e-05
step   1390 | train_loss 2.4660 | lr 1.29e-05
step   1400 | train_loss 2.6400 | lr 1.25e-05
step   1410 | train_loss 2.5542 | lr 1.22e-05
step   1420 | train_loss 2.4601 | lr 1.19e-05
step   1430 | train_loss 2.3918 | lr 1.16e-05
step   1440 | train_loss 2.3328 | lr 1.13e-05
step   1450 | train_loss 2.5241 | lr 1.10e-05
step   1460 | train_loss 2.6625 | lr 1.08e-05
step   1470 | train_loss 2.3905 | lr 1.05e-05
step   1480 | train_loss 2.7159 | lr 1.03e-05
step   1490 | train_loss 2.6248 | lr 1.01e-05
step   1500 | train_loss 2.5973 | lr 9.90e-06
step   1510 | train_loss 2.7320 | lr 9.73e-06
step   1520 | train_loss 2.3671 | lr 9.58e-06
step   1530 | train_loss 2.4546 | lr 9.45e-06
step   1540 | train_loss 2.5874 | lr 9.33e-06
step   1550 | train_loss 2.4930 | lr 9.23e-06
step   1560 | train_loss 2.5063 | lr 9.15e-06
step   1570 | train_loss 2.4464 | lr 9.09e-06
step   1580 | train_loss 2.1778 | lr 9.04e-06
step   1590 | train_loss 2.4888 | lr 9.01e-06
step   1596 | val_loss 2.5921 | val_ppl 13.36
step   1600 | train_loss 1.9830 | lr 9.00e-06
step   1600 | val_loss 2.5923 | val_ppl 13.36
Saved checkpoint to /home/system/projects/AuthLLM/checkpoints/lr_scaling_quality2500/alpaca_unpacked_1600_lr9e-05_seed1339/step_1600.pt
