Data: 50,869 train / 1,037 val examples (68 dropped as longer than 512 tokens)
Model: medium (123,587,328 parameters), initialized from checkpoints/medium/step_2500.pt (step 2500)
step     10 | train_loss 3.3188 | lr 3.00e-06
step     20 | train_loss 2.8331 | lr 6.00e-06
step     30 | train_loss 2.9019 | lr 9.00e-06
step     40 | train_loss 3.0264 | lr 1.20e-05
step     50 | train_loss 3.1461 | lr 1.50e-05
step     60 | train_loss 2.9479 | lr 1.80e-05
step     70 | train_loss 2.5939 | lr 2.10e-05
step     80 | train_loss 2.7604 | lr 2.40e-05
step     90 | train_loss 2.8929 | lr 2.70e-05
step    100 | train_loss 2.9567 | lr 3.00e-05
step    110 | train_loss 2.7173 | lr 3.00e-05
step    120 | train_loss 2.6569 | lr 3.00e-05
step    130 | train_loss 2.5304 | lr 3.00e-05
step    140 | train_loss 2.6762 | lr 3.00e-05
step    150 | train_loss 2.6829 | lr 2.99e-05
step    160 | train_loss 2.5736 | lr 2.99e-05
step    170 | train_loss 2.8685 | lr 2.99e-05
step    180 | train_loss 2.8443 | lr 2.98e-05
step    190 | train_loss 2.8588 | lr 2.98e-05
step    200 | train_loss 2.5520 | lr 2.97e-05
step    210 | train_loss 2.7929 | lr 2.96e-05
step    220 | train_loss 2.7254 | lr 2.96e-05
step    228 | val_loss 2.6271 | val_ppl 13.83
step    230 | train_loss 2.5645 | lr 2.95e-05
step    240 | train_loss 2.7660 | lr 2.94e-05
step    250 | train_loss 2.5003 | lr 2.93e-05
step    260 | train_loss 2.8937 | lr 2.93e-05
step    270 | train_loss 2.5970 | lr 2.92e-05
step    280 | train_loss 2.6054 | lr 2.91e-05
step    290 | train_loss 2.2621 | lr 2.90e-05
step    300 | train_loss 2.7633 | lr 2.88e-05
step    310 | train_loss 2.7700 | lr 2.87e-05
step    320 | train_loss 2.5557 | lr 2.86e-05
step    330 | train_loss 2.6235 | lr 2.85e-05
step    340 | train_loss 2.5308 | lr 2.83e-05
step    350 | train_loss 2.6983 | lr 2.82e-05
step    360 | train_loss 2.5727 | lr 2.81e-05
step    370 | train_loss 2.6425 | lr 2.79e-05
step    380 | train_loss 2.8720 | lr 2.78e-05
step    390 | train_loss 2.4901 | lr 2.76e-05
step    400 | train_loss 2.3967 | lr 2.74e-05
step    410 | train_loss 2.4604 | lr 2.73e-05
step    420 | train_loss 2.8452 | lr 2.71e-05
step    430 | train_loss 2.5159 | lr 2.69e-05
step    440 | train_loss 2.6467 | lr 2.67e-05
step    450 | train_loss 2.6701 | lr 2.66e-05
step    456 | val_loss 2.5424 | val_ppl 12.71
step    460 | train_loss 2.5446 | lr 2.64e-05
step    470 | train_loss 2.4117 | lr 2.62e-05
step    480 | train_loss 2.5195 | lr 2.60e-05
step    490 | train_loss 2.6499 | lr 2.58e-05
step    500 | train_loss 2.8039 | lr 2.56e-05
step    510 | train_loss 2.5041 | lr 2.53e-05
step    520 | train_loss 2.6601 | lr 2.51e-05
step    530 | train_loss 2.7063 | lr 2.49e-05
step    540 | train_loss 2.4275 | lr 2.47e-05
step    550 | train_loss 2.4727 | lr 2.45e-05
step    560 | train_loss 2.6559 | lr 2.42e-05
step    570 | train_loss 2.7300 | lr 2.40e-05
step    580 | train_loss 2.6372 | lr 2.38e-05
step    590 | train_loss 2.7119 | lr 2.35e-05
step    600 | train_loss 2.6620 | lr 2.33e-05
step    610 | train_loss 2.5433 | lr 2.30e-05
step    620 | train_loss 2.4618 | lr 2.28e-05
step    630 | train_loss 2.2293 | lr 2.25e-05
step    640 | train_loss 2.6916 | lr 2.23e-05
step    650 | train_loss 2.5461 | lr 2.20e-05
step    660 | train_loss 2.3013 | lr 2.18e-05
step    670 | train_loss 2.5744 | lr 2.15e-05
step    680 | train_loss 2.5650 | lr 2.12e-05
step    684 | val_loss 2.5036 | val_ppl 12.23
step    690 | train_loss 2.4691 | lr 2.10e-05
step    700 | train_loss 2.4237 | lr 2.07e-05
step    710 | train_loss 2.6423 | lr 2.04e-05
step    720 | train_loss 2.5727 | lr 2.02e-05
step    730 | train_loss 2.4118 | lr 1.99e-05
step    740 | train_loss 2.7203 | lr 1.96e-05
step    750 | train_loss 2.5179 | lr 1.93e-05
step    760 | train_loss 2.5623 | lr 1.91e-05
step    770 | train_loss 2.4729 | lr 1.88e-05
step    780 | train_loss 2.5879 | lr 1.85e-05
step    790 | train_loss 2.5944 | lr 1.82e-05
step    800 | train_loss 2.6365 | lr 1.79e-05
step    810 | train_loss 2.4666 | lr 1.77e-05
step    820 | train_loss 2.4439 | lr 1.74e-05
step    830 | train_loss 2.6684 | lr 1.71e-05
step    840 | train_loss 2.7004 | lr 1.68e-05
step    850 | train_loss 2.6968 | lr 1.65e-05
step    860 | train_loss 2.5917 | lr 1.62e-05
step    870 | train_loss 2.5230 | lr 1.60e-05
step    880 | train_loss 2.5476 | lr 1.57e-05
step    890 | train_loss 2.6852 | lr 1.54e-05
step    900 | train_loss 2.4568 | lr 1.51e-05
step    910 | train_loss 2.6224 | lr 1.48e-05
step    912 | val_loss 2.4789 | val_ppl 11.93
step    920 | train_loss 2.5017 | lr 1.46e-05
step    930 | train_loss 2.3979 | lr 1.43e-05
step    940 | train_loss 2.4335 | lr 1.40e-05
step    950 | train_loss 2.5276 | lr 1.37e-05
step    960 | train_loss 2.3043 | lr 1.34e-05
step    970 | train_loss 2.4496 | lr 1.32e-05
step    980 | train_loss 2.8201 | lr 1.29e-05
step    990 | train_loss 2.5324 | lr 1.26e-05
step   1000 | train_loss 2.5108 | lr 1.24e-05
step   1010 | train_loss 2.5101 | lr 1.21e-05
step   1020 | train_loss 2.5708 | lr 1.18e-05
step   1030 | train_loss 2.7445 | lr 1.16e-05
step   1040 | train_loss 2.5598 | lr 1.13e-05
step   1050 | train_loss 2.2770 | lr 1.10e-05
step   1060 | train_loss 2.4837 | lr 1.08e-05
step   1070 | train_loss 2.6039 | lr 1.05e-05
step   1080 | train_loss 2.4692 | lr 1.03e-05
step   1090 | train_loss 2.6084 | lr 1.00e-05
step   1100 | train_loss 2.5939 | lr 9.77e-06
step   1110 | train_loss 2.5505 | lr 9.53e-06
step   1120 | train_loss 2.4786 | lr 9.29e-06
step   1130 | train_loss 2.4977 | lr 9.05e-06
step   1140 | train_loss 2.4705 | lr 8.82e-06
step   1140 | val_loss 2.4644 | val_ppl 11.76
step   1150 | train_loss 2.6260 | lr 8.59e-06
step   1160 | train_loss 2.7003 | lr 8.36e-06
step   1170 | train_loss 2.5008 | lr 8.14e-06
step   1180 | train_loss 2.7284 | lr 7.92e-06
step   1190 | train_loss 2.6999 | lr 7.70e-06
step   1200 | train_loss 2.6815 | lr 7.49e-06
step   1210 | train_loss 2.7403 | lr 7.28e-06
step   1220 | train_loss 2.3080 | lr 7.07e-06
step   1230 | train_loss 2.2240 | lr 6.87e-06
step   1240 | train_loss 2.5246 | lr 6.68e-06
step   1250 | train_loss 2.7260 | lr 6.49e-06
step   1260 | train_loss 2.7446 | lr 6.30e-06
step   1270 | train_loss 2.6324 | lr 6.12e-06
step   1280 | train_loss 2.4764 | lr 5.94e-06
step   1290 | train_loss 2.2188 | lr 5.76e-06
step   1300 | train_loss 2.2388 | lr 5.59e-06
step   1310 | train_loss 2.3821 | lr 5.43e-06
step   1320 | train_loss 2.3455 | lr 5.27e-06
step   1330 | train_loss 2.5186 | lr 5.12e-06
step   1340 | train_loss 2.7294 | lr 4.97e-06
step   1350 | train_loss 2.6301 | lr 4.82e-06
step   1360 | train_loss 2.5047 | lr 4.68e-06
step   1368 | val_loss 2.4549 | val_ppl 11.65
step   1370 | train_loss 2.3978 | lr 4.55e-06
step   1380 | train_loss 2.4741 | lr 4.42e-06
step   1390 | train_loss 2.3954 | lr 4.30e-06
step   1400 | train_loss 2.6054 | lr 4.18e-06
step   1410 | train_loss 2.5803 | lr 4.07e-06
step   1420 | train_loss 2.5615 | lr 3.96e-06
step   1430 | train_loss 2.4482 | lr 3.86e-06
step   1440 | train_loss 2.3433 | lr 3.76e-06
step   1450 | train_loss 2.7152 | lr 3.67e-06
step   1460 | train_loss 2.7670 | lr 3.58e-06
step   1470 | train_loss 2.6879 | lr 3.50e-06
step   1480 | train_loss 2.6249 | lr 3.43e-06
step   1490 | train_loss 2.4161 | lr 3.36e-06
step   1500 | train_loss 2.2956 | lr 3.30e-06
step   1510 | train_loss 2.9674 | lr 3.24e-06
step   1520 | train_loss 2.1940 | lr 3.19e-06
step   1530 | train_loss 2.6368 | lr 3.15e-06
step   1540 | train_loss 2.4545 | lr 3.11e-06
step   1550 | train_loss 2.5573 | lr 3.08e-06
step   1560 | train_loss 2.5192 | lr 3.05e-06
step   1570 | train_loss 2.7152 | lr 3.03e-06
step   1580 | train_loss 2.6086 | lr 3.01e-06
step   1590 | train_loss 2.2387 | lr 3.00e-06
step   1596 | val_loss 2.4501 | val_ppl 11.59
step   1600 | train_loss 2.3125 | lr 3.00e-06
step   1600 | val_loss 2.4500 | val_ppl 11.59
Saved checkpoint to /home/system/projects/AuthLLM/checkpoints/lr_scaling_quality2500/alpaca_unpacked_1600_lr3e-05_seed1338/step_1600.pt
