Data: 16,956 train / 346 val examples (0 dropped as longer than 512 tokens)
Packing: 16,956 examples into 3,763 windows (4.5 per window, 98.8% of positions used)
Model: mini (7,292,032 parameters), initialized from checkpoints/mini/step_4400.pt (step 4400)
step     10 | train_loss 4.4027 | lr 1.50e-03
step     16 | val_loss 4.2974 | val_ppl 73.51
step     20 | train_loss 4.3381 | lr 1.46e-03
step     30 | train_loss 4.1699 | lr 1.37e-03
step     32 | val_loss 4.1759 | val_ppl 65.10
step     40 | train_loss 3.9980 | lr 1.24e-03
step     48 | val_loss 4.0933 | val_ppl 59.94
step     50 | train_loss 4.0862 | lr 1.08e-03
step     60 | train_loss 3.9687 | lr 8.92e-04
step     64 | val_loss 4.0041 | val_ppl 54.82
step     70 | train_loss 3.8894 | lr 7.02e-04
step     80 | train_loss 3.9817 | lr 5.21e-04
step     80 | val_loss 3.9227 | val_ppl 50.54
step     90 | train_loss 3.8808 | lr 3.65e-04
step     96 | val_loss 3.8580 | val_ppl 47.37
step    100 | train_loss 3.8715 | lr 2.45e-04
step    110 | train_loss 4.0005 | lr 1.72e-04
step    112 | val_loss 3.8284 | val_ppl 45.99
step    118 | train_loss 3.8743 | lr 1.50e-04
step    118 | val_loss 3.8183 | val_ppl 45.53
Saved checkpoint to /home/system/projects/AuthLLM/checkpoints/lr_scaling_mini/alpaca_third_packed_118_lr0.0015_seed1338/step_118.pt
