Data: 50,867 train / 1,039 val examples (68 dropped as longer than 512 tokens)
Packing: 50,867 examples into 11,217 windows (4.5 per window, 98.8% of positions used)
Model: mini (7,292,032 parameters), initialized from checkpoints/mini/step_4400.pt (step 4400)
step     10 | train_loss 4.1201 | lr 6.82e-04
step     20 | train_loss 4.0459 | lr 1.36e-03
step     30 | train_loss 4.2404 | lr 1.50e-03
step     40 | train_loss 4.2536 | lr 1.49e-03
step     50 | train_loss 4.0351 | lr 1.48e-03
step     50 | val_loss 4.1432 | val_ppl 63.01
step     60 | train_loss 3.9716 | lr 1.46e-03
step     70 | train_loss 3.9819 | lr 1.43e-03
step     80 | train_loss 3.9286 | lr 1.40e-03
step     90 | train_loss 4.1061 | lr 1.37e-03
step    100 | train_loss 4.0280 | lr 1.32e-03
step    100 | val_loss 4.0388 | val_ppl 56.76
step    110 | train_loss 3.9444 | lr 1.28e-03
step    120 | train_loss 3.8125 | lr 1.23e-03
step    130 | train_loss 3.9150 | lr 1.18e-03
step    140 | train_loss 3.8165 | lr 1.12e-03
step    150 | train_loss 3.7662 | lr 1.06e-03
step    150 | val_loss 3.9310 | val_ppl 50.96
step    160 | train_loss 3.6654 | lr 9.98e-04
step    170 | train_loss 3.6385 | lr 9.34e-04
step    180 | train_loss 3.7904 | lr 8.70e-04
step    190 | train_loss 3.6629 | lr 8.06e-04
step    200 | train_loss 3.7096 | lr 7.41e-04
step    200 | val_loss 3.8165 | val_ppl 45.44
step    210 | train_loss 3.8031 | lr 6.78e-04
step    220 | train_loss 3.5569 | lr 6.15e-04
step    230 | train_loss 3.6650 | lr 5.55e-04
step    240 | train_loss 3.6479 | lr 4.97e-04
step    250 | train_loss 3.5722 | lr 4.42e-04
step    250 | val_loss 3.7342 | val_ppl 41.86
step    260 | train_loss 3.5770 | lr 3.91e-04
step    270 | train_loss 3.4689 | lr 3.43e-04
step    280 | train_loss 3.6787 | lr 3.00e-04
step    290 | train_loss 3.7086 | lr 2.62e-04
step    300 | train_loss 3.7378 | lr 2.29e-04
step    300 | val_loss 3.6769 | val_ppl 39.52
step    310 | train_loss 3.4542 | lr 2.01e-04
step    320 | train_loss 3.5569 | lr 1.80e-04
step    330 | train_loss 3.6126 | lr 1.64e-04
step    340 | train_loss 3.5559 | lr 1.54e-04
step    350 | train_loss 3.6232 | lr 1.50e-04
step    350 | val_loss 3.6439 | val_ppl 38.24
Saved checkpoint to /home/system/projects/AuthLLM/checkpoints/lr_scaling_mini/alpaca_packed_350_lr0.0015_seed1339/step_350.pt
