Data: 16,956 train / 346 val examples (0 dropped as longer than 512 tokens)
Packing: 16,956 examples into 3,763 windows (4.5 per window, 98.8% of positions used)
Model: mini (7,292,032 parameters), initialized from checkpoints/mini/step_4400.pt (step 4400)
step     10 | train_loss 4.2299 | lr 8.99e-04
step     16 | val_loss 4.1388 | val_ppl 62.73
step     20 | train_loss 4.1892 | lr 8.77e-04
step     30 | train_loss 4.0263 | lr 8.24e-04
step     32 | val_loss 4.0354 | val_ppl 56.57
step     40 | train_loss 3.8789 | lr 7.45e-04
step     48 | val_loss 3.9766 | val_ppl 53.34
step     50 | train_loss 3.9562 | lr 6.46e-04
step     60 | train_loss 3.8742 | lr 5.35e-04
step     64 | val_loss 3.9142 | val_ppl 50.11
step     70 | train_loss 3.7914 | lr 4.21e-04
step     80 | train_loss 3.9274 | lr 3.13e-04
step     80 | val_loss 3.8569 | val_ppl 47.32
step     90 | train_loss 3.8250 | lr 2.19e-04
step     96 | val_loss 3.8131 | val_ppl 45.29
step    100 | train_loss 3.8172 | lr 1.47e-04
step    110 | train_loss 3.9415 | lr 1.03e-04
step    112 | val_loss 3.7906 | val_ppl 44.28
step    118 | train_loss 3.8441 | lr 9.02e-05
step    118 | val_loss 3.7836 | val_ppl 43.97
Saved checkpoint to /home/system/projects/AuthLLM/checkpoints/lr_scaling_mini/alpaca_third_packed_118_lr0.0009_seed1338/step_118.pt
