Data: 16,956 train / 346 val examples (0 dropped as longer than 512 tokens)
Packing: 16,956 examples into 3,763 windows (4.5 per window, 98.7% of positions used)
Model: mini (7,292,032 parameters), initialized from checkpoints/mini/step_4400.pt (step 4400)
step     10 | train_loss 4.3034 | lr 2.50e-04
step     16 | val_loss 4.0678 | val_ppl 58.43
step     20 | train_loss 4.0129 | lr 2.44e-04
step     30 | train_loss 4.1046 | lr 2.29e-04
step     32 | val_loss 3.9803 | val_ppl 53.53
step     40 | train_loss 3.9292 | lr 2.07e-04
step     48 | val_loss 3.9291 | val_ppl 50.86
step     50 | train_loss 3.9318 | lr 1.79e-04
step     60 | train_loss 3.9809 | lr 1.49e-04
step     64 | val_loss 3.8887 | val_ppl 48.85
step     70 | train_loss 3.8127 | lr 1.17e-04
step     80 | train_loss 3.8929 | lr 8.69e-05
step     80 | val_loss 3.8690 | val_ppl 47.89
step     90 | train_loss 3.7784 | lr 6.08e-05
step     96 | val_loss 3.8493 | val_ppl 46.96
step    100 | train_loss 3.8814 | lr 4.09e-05
step    110 | train_loss 3.8158 | lr 2.86e-05
step    112 | val_loss 3.8408 | val_ppl 46.56
step    118 | train_loss 3.8363 | lr 2.50e-05
step    118 | val_loss 3.8388 | val_ppl 46.47
Saved checkpoint to /home/system/projects/AuthLLM/checkpoints/lr_scaling_mini/alpaca_third_packed_118_lr0.00025_seed1337/step_118.pt
