Data: 50,868 train / 1,038 val examples (68 dropped as longer than 512 tokens)
Model: mini (7,292,032 parameters), initialized from checkpoints/mini/step_4400.pt (step 4400)
step     10 | train_loss 4.5031 | lr 6.00e-05
step     20 | train_loss 4.3884 | lr 1.20e-04
step     30 | train_loss 4.1135 | lr 1.80e-04
step     40 | train_loss 3.9988 | lr 2.40e-04
step     50 | train_loss 4.0812 | lr 3.00e-04
step     60 | train_loss 4.2000 | lr 3.60e-04
step     70 | train_loss 3.9344 | lr 4.20e-04
step     80 | train_loss 3.8515 | lr 4.80e-04
step     90 | train_loss 3.7514 | lr 5.40e-04
step    100 | train_loss 4.0172 | lr 6.00e-04
step    110 | train_loss 4.1140 | lr 6.00e-04
step    120 | train_loss 4.2134 | lr 6.00e-04
step    130 | train_loss 3.9974 | lr 6.00e-04
step    140 | train_loss 4.3598 | lr 5.99e-04
step    150 | train_loss 4.0949 | lr 5.99e-04
step    160 | train_loss 4.1091 | lr 5.98e-04
step    170 | train_loss 4.1333 | lr 5.97e-04
step    180 | train_loss 4.3579 | lr 5.96e-04
step    190 | train_loss 4.3456 | lr 5.95e-04
step    200 | train_loss 3.9863 | lr 5.94e-04
step    210 | train_loss 4.2496 | lr 5.93e-04
step    220 | train_loss 4.1366 | lr 5.92e-04
step    228 | val_loss 4.1410 | val_ppl 62.87
step    230 | train_loss 4.1723 | lr 5.90e-04
step    240 | train_loss 4.2337 | lr 5.89e-04
step    250 | train_loss 4.0709 | lr 5.87e-04
step    260 | train_loss 4.0222 | lr 5.85e-04
step    270 | train_loss 4.0096 | lr 5.83e-04
step    280 | train_loss 4.1058 | lr 5.81e-04
step    290 | train_loss 4.0122 | lr 5.79e-04
step    300 | train_loss 4.2540 | lr 5.77e-04
step    310 | train_loss 4.2932 | lr 5.75e-04
step    320 | train_loss 4.0948 | lr 5.72e-04
step    330 | train_loss 4.5952 | lr 5.70e-04
step    340 | train_loss 4.1919 | lr 5.67e-04
step    350 | train_loss 4.3632 | lr 5.64e-04
step    360 | train_loss 4.1731 | lr 5.61e-04
step    370 | train_loss 4.0886 | lr 5.58e-04
step    380 | train_loss 4.4360 | lr 5.55e-04
step    390 | train_loss 4.1362 | lr 5.52e-04
step    400 | train_loss 3.9199 | lr 5.49e-04
step    410 | train_loss 4.1053 | lr 5.45e-04
step    420 | train_loss 4.4292 | lr 5.42e-04
step    430 | train_loss 4.4521 | lr 5.38e-04
step    440 | train_loss 4.3257 | lr 5.35e-04
step    450 | train_loss 4.2949 | lr 5.31e-04
step    456 | val_loss 4.1093 | val_ppl 60.90
step    460 | train_loss 3.9106 | lr 5.27e-04
step    470 | train_loss 4.2655 | lr 5.23e-04
step    480 | train_loss 4.2051 | lr 5.19e-04
step    490 | train_loss 4.2516 | lr 5.15e-04
step    500 | train_loss 4.0352 | lr 5.11e-04
step    510 | train_loss 4.0990 | lr 5.07e-04
step    520 | train_loss 4.0137 | lr 5.03e-04
step    530 | train_loss 3.7759 | lr 4.98e-04
step    540 | train_loss 4.1138 | lr 4.94e-04
step    550 | train_loss 4.1196 | lr 4.89e-04
step    560 | train_loss 3.9930 | lr 4.85e-04
step    570 | train_loss 4.0093 | lr 4.80e-04
step    580 | train_loss 4.3267 | lr 4.75e-04
step    590 | train_loss 3.8870 | lr 4.70e-04
step    600 | train_loss 4.0698 | lr 4.65e-04
step    610 | train_loss 4.0481 | lr 4.61e-04
step    620 | train_loss 4.3393 | lr 4.56e-04
step    630 | train_loss 3.9432 | lr 4.51e-04
step    640 | train_loss 4.1276 | lr 4.45e-04
step    650 | train_loss 4.0044 | lr 4.40e-04
step    660 | train_loss 4.0151 | lr 4.35e-04
step    670 | train_loss 4.1355 | lr 4.30e-04
step    680 | train_loss 3.5690 | lr 4.25e-04
step    684 | val_loss 4.0369 | val_ppl 56.65
step    690 | train_loss 4.2951 | lr 4.19e-04
step    700 | train_loss 3.9489 | lr 4.14e-04
step    710 | train_loss 4.1056 | lr 4.09e-04
step    720 | train_loss 3.9228 | lr 4.03e-04
step    730 | train_loss 4.0367 | lr 3.98e-04
step    740 | train_loss 3.8966 | lr 3.92e-04
step    750 | train_loss 4.1228 | lr 3.87e-04
step    760 | train_loss 4.2233 | lr 3.81e-04
step    770 | train_loss 3.9715 | lr 3.76e-04
step    780 | train_loss 4.1649 | lr 3.70e-04
step    790 | train_loss 4.2565 | lr 3.64e-04
step    800 | train_loss 4.1674 | lr 3.59e-04
step    810 | train_loss 3.9843 | lr 3.53e-04
step    820 | train_loss 3.8743 | lr 3.48e-04
step    830 | train_loss 3.8664 | lr 3.42e-04
step    840 | train_loss 3.9291 | lr 3.36e-04
step    850 | train_loss 3.8535 | lr 3.31e-04
step    860 | train_loss 3.6744 | lr 3.25e-04
step    870 | train_loss 3.8054 | lr 3.19e-04
step    880 | train_loss 3.8180 | lr 3.14e-04
step    890 | train_loss 3.8547 | lr 3.08e-04
step    900 | train_loss 4.2563 | lr 3.02e-04
step    910 | train_loss 3.5918 | lr 2.97e-04
step    912 | val_loss 3.9725 | val_ppl 53.12
step    920 | train_loss 3.8728 | lr 2.91e-04
step    930 | train_loss 3.8740 | lr 2.86e-04
step    940 | train_loss 3.8172 | lr 2.80e-04
step    950 | train_loss 4.2512 | lr 2.74e-04
step    960 | train_loss 4.4176 | lr 2.69e-04
step    970 | train_loss 4.1101 | lr 2.63e-04
step    980 | train_loss 4.0637 | lr 2.58e-04
step    990 | train_loss 4.0348 | lr 2.53e-04
step   1000 | train_loss 3.5067 | lr 2.47e-04
step   1010 | train_loss 4.1200 | lr 2.42e-04
step   1020 | train_loss 3.9043 | lr 2.36e-04
step   1030 | train_loss 4.0321 | lr 2.31e-04
step   1040 | train_loss 4.1065 | lr 2.26e-04
step   1050 | train_loss 4.0376 | lr 2.21e-04
step   1060 | train_loss 4.0864 | lr 2.16e-04
step   1070 | train_loss 4.1840 | lr 2.10e-04
step   1080 | train_loss 3.8839 | lr 2.05e-04
step   1090 | train_loss 4.1388 | lr 2.00e-04
step   1100 | train_loss 3.6610 | lr 1.95e-04
step   1110 | train_loss 4.0766 | lr 1.91e-04
step   1120 | train_loss 3.9029 | lr 1.86e-04
step   1130 | train_loss 4.0803 | lr 1.81e-04
step   1140 | train_loss 3.9825 | lr 1.76e-04
step   1140 | val_loss 3.9064 | val_ppl 49.72
step   1150 | train_loss 4.0794 | lr 1.72e-04
step   1160 | train_loss 3.9416 | lr 1.67e-04
step   1170 | train_loss 3.9590 | lr 1.63e-04
step   1180 | train_loss 3.4485 | lr 1.58e-04
step   1190 | train_loss 4.0008 | lr 1.54e-04
step   1200 | train_loss 3.9893 | lr 1.50e-04
step   1210 | train_loss 3.8089 | lr 1.46e-04
step   1220 | train_loss 3.8653 | lr 1.41e-04
step   1230 | train_loss 3.9996 | lr 1.37e-04
step   1240 | train_loss 3.9550 | lr 1.34e-04
step   1250 | train_loss 4.0715 | lr 1.30e-04
step   1260 | train_loss 3.5235 | lr 1.26e-04
step   1270 | train_loss 3.7483 | lr 1.22e-04
step   1280 | train_loss 3.9344 | lr 1.19e-04
step   1290 | train_loss 3.6514 | lr 1.15e-04
step   1300 | train_loss 4.1855 | lr 1.12e-04
step   1310 | train_loss 3.7001 | lr 1.09e-04
step   1320 | train_loss 3.7554 | lr 1.05e-04
step   1330 | train_loss 4.2093 | lr 1.02e-04
step   1340 | train_loss 3.9048 | lr 9.93e-05
step   1350 | train_loss 3.9690 | lr 9.65e-05
step   1360 | train_loss 3.9861 | lr 9.37e-05
step   1368 | val_loss 3.8594 | val_ppl 47.44
step   1370 | train_loss 3.6343 | lr 9.10e-05
step   1380 | train_loss 4.0912 | lr 8.84e-05
step   1390 | train_loss 3.8062 | lr 8.59e-05
step   1400 | train_loss 3.9913 | lr 8.36e-05
step   1410 | train_loss 3.7041 | lr 8.13e-05
step   1420 | train_loss 4.0588 | lr 7.92e-05
step   1430 | train_loss 4.1217 | lr 7.71e-05
step   1440 | train_loss 3.7940 | lr 7.52e-05
step   1450 | train_loss 3.7481 | lr 7.34e-05
step   1460 | train_loss 3.9631 | lr 7.17e-05
step   1470 | train_loss 3.8899 | lr 7.01e-05
step   1480 | train_loss 3.6440 | lr 6.86e-05
step   1490 | train_loss 4.2686 | lr 6.73e-05
step   1500 | train_loss 4.0020 | lr 6.60e-05
step   1510 | train_loss 3.5027 | lr 6.49e-05
step   1520 | train_loss 3.8289 | lr 6.39e-05
step   1530 | train_loss 3.8386 | lr 6.30e-05
step   1540 | train_loss 3.6544 | lr 6.22e-05
step   1550 | train_loss 3.9800 | lr 6.15e-05
step   1560 | train_loss 3.6605 | lr 6.10e-05
step   1570 | train_loss 3.8047 | lr 6.06e-05
step   1580 | train_loss 3.8212 | lr 6.03e-05
step   1590 | train_loss 3.6849 | lr 6.01e-05
step   1596 | val_loss 3.8390 | val_ppl 46.48
step   1600 | train_loss 3.7825 | lr 6.00e-05
step   1600 | val_loss 3.8397 | val_ppl 46.51
Saved checkpoint to /home/system/projects/AuthLLM/checkpoints/lr_scaling_mini/alpaca_unpacked_1600_lr0.0006_seed1337/step_1600.pt
