Data: 16,956 train / 346 val examples (0 dropped as longer than 512 tokens)
Model: mini (7,292,032 parameters), initialized from checkpoints/mini/step_4400.pt (step 4400)
step     10 | train_loss 4.4716 | lr 3.03e-06
step     20 | train_loss 4.3155 | lr 6.06e-06
step     30 | train_loss 4.2184 | lr 9.09e-06
step     40 | train_loss 4.3357 | lr 1.00e-05
step     50 | train_loss 4.0762 | lr 9.98e-06
step     60 | train_loss 4.0902 | lr 9.94e-06
step     70 | train_loss 4.1895 | lr 9.88e-06
step     75 | val_loss 4.1576 | val_ppl 63.92
step     80 | train_loss 4.2133 | lr 9.81e-06
step     90 | train_loss 4.0667 | lr 9.72e-06
step    100 | train_loss 3.9224 | lr 9.61e-06
step    110 | train_loss 4.0300 | lr 9.49e-06
step    120 | train_loss 3.9646 | lr 9.35e-06
step    130 | train_loss 4.1402 | lr 9.20e-06
step    140 | train_loss 4.2978 | lr 9.03e-06
step    150 | train_loss 4.0125 | lr 8.84e-06
step    150 | val_loss 4.1097 | val_ppl 60.93
step    160 | train_loss 4.2723 | lr 8.65e-06
step    170 | train_loss 4.1951 | lr 8.44e-06
step    180 | train_loss 4.0431 | lr 8.22e-06
step    190 | train_loss 3.9024 | lr 7.98e-06
step    200 | train_loss 4.1525 | lr 7.74e-06
step    210 | train_loss 4.0021 | lr 7.49e-06
step    220 | train_loss 4.0898 | lr 7.23e-06
step    225 | val_loss 4.0827 | val_ppl 59.31
step    230 | train_loss 4.0838 | lr 6.97e-06
step    240 | train_loss 3.9648 | lr 6.69e-06
step    250 | train_loss 4.1149 | lr 6.42e-06
step    260 | train_loss 4.1310 | lr 6.14e-06
step    270 | train_loss 4.3645 | lr 5.86e-06
step    280 | train_loss 3.9303 | lr 5.57e-06
step    290 | train_loss 4.2619 | lr 5.29e-06
step    300 | train_loss 3.9640 | lr 5.00e-06
step    300 | val_loss 4.0660 | val_ppl 58.33
step    310 | train_loss 4.3111 | lr 4.72e-06
step    320 | train_loss 3.9225 | lr 4.44e-06
step    330 | train_loss 4.0484 | lr 4.17e-06
step    340 | train_loss 4.0823 | lr 3.90e-06
step    350 | train_loss 4.3356 | lr 3.64e-06
step    360 | train_loss 3.9815 | lr 3.38e-06
step    370 | train_loss 4.1243 | lr 3.14e-06
step    375 | val_loss 4.0558 | val_ppl 57.73
step    380 | train_loss 4.4738 | lr 2.90e-06
step    390 | train_loss 3.8342 | lr 2.67e-06
step    400 | train_loss 3.9691 | lr 2.46e-06
step    410 | train_loss 4.0216 | lr 2.25e-06
step    420 | train_loss 3.9444 | lr 2.06e-06
step    430 | train_loss 4.2699 | lr 1.89e-06
step    440 | train_loss 3.9093 | lr 1.72e-06
step    450 | train_loss 4.0650 | lr 1.58e-06
step    450 | val_loss 4.0511 | val_ppl 57.46
step    460 | train_loss 4.2108 | lr 1.45e-06
step    470 | train_loss 3.8155 | lr 1.33e-06
step    480 | train_loss 4.1554 | lr 1.23e-06
step    490 | train_loss 3.9378 | lr 1.15e-06
step    500 | train_loss 4.2219 | lr 1.09e-06
step    510 | train_loss 3.9962 | lr 1.04e-06
step    520 | train_loss 4.0838 | lr 1.01e-06
step    525 | val_loss 4.0486 | val_ppl 57.32
step    530 | train_loss 3.6507 | lr 1.00e-06
step    530 | val_loss 4.0485 | val_ppl 57.31
Saved checkpoint to /home/system/projects/AuthLLM/checkpoints/lr_scaling_mini/alpaca_third_unpacked_530_lr1e-05_seed1337/step_530.pt
