Data: 16,956 train / 346 val examples (0 dropped as longer than 512 tokens)
Packing: 16,956 examples into 3,763 windows (4.5 per window, 98.8% of positions used)
Model: mini (7,292,032 parameters), initialized from checkpoints/mini/step_4400.pt (step 4400)
step     10 | train_loss 4.1693 | lr 4.00e-04
step     16 | val_loss 4.0657 | val_ppl 58.31
step     20 | train_loss 4.1224 | lr 3.90e-04
step     30 | train_loss 3.9710 | lr 3.66e-04
step     32 | val_loss 3.9771 | val_ppl 53.36
step     40 | train_loss 3.8135 | lr 3.31e-04
step     48 | val_loss 3.9201 | val_ppl 50.41
step     50 | train_loss 3.8961 | lr 2.87e-04
step     60 | train_loss 3.8483 | lr 2.38e-04
step     64 | val_loss 3.8800 | val_ppl 48.42
step     70 | train_loss 3.7631 | lr 1.87e-04
step     80 | train_loss 3.9234 | lr 1.39e-04
step     80 | val_loss 3.8444 | val_ppl 46.73
step     90 | train_loss 3.8254 | lr 9.73e-05
step     96 | val_loss 3.8204 | val_ppl 45.62
step    100 | train_loss 3.8288 | lr 6.54e-05
step    110 | train_loss 3.9378 | lr 4.58e-05
step    112 | val_loss 3.8081 | val_ppl 45.06
step    118 | train_loss 3.8903 | lr 4.01e-05
step    118 | val_loss 3.8030 | val_ppl 44.84
Saved checkpoint to /home/system/projects/AuthLLM/checkpoints/lr_scaling_mini/alpaca_third_packed_118_lr0.0004_seed1338/step_118.pt
