Data: 50,869 train / 1,037 val examples (68 dropped as longer than 512 tokens)
Packing: 50,869 examples into 11,220 windows (4.5 per window, 98.8% of positions used)
Model: mini (7,292,032 parameters), initialized from checkpoints/mini/step_4400.pt (step 4400)
step     10 | train_loss 4.0917 | lr 1.14e-03
step     20 | train_loss 4.1310 | lr 2.27e-03
step     30 | train_loss 4.3000 | lr 2.50e-03
step     40 | train_loss 4.2333 | lr 2.49e-03
step     50 | train_loss 4.1262 | lr 2.46e-03
step     50 | val_loss 4.2159 | val_ppl 67.76
step     60 | train_loss 4.3605 | lr 2.43e-03
step     70 | train_loss 4.1523 | lr 2.39e-03
step     80 | train_loss 4.1582 | lr 2.34e-03
step     90 | train_loss 4.1842 | lr 2.28e-03
step    100 | train_loss 4.1270 | lr 2.21e-03
step    100 | val_loss 4.0772 | val_ppl 58.98
step    110 | train_loss 4.1433 | lr 2.13e-03
step    120 | train_loss 4.0461 | lr 2.05e-03
step    130 | train_loss 3.9623 | lr 1.96e-03
step    140 | train_loss 4.0430 | lr 1.86e-03
step    150 | train_loss 3.9544 | lr 1.77e-03
step    150 | val_loss 3.9145 | val_ppl 50.12
step    160 | train_loss 3.9180 | lr 1.66e-03
step    170 | train_loss 3.6923 | lr 1.56e-03
step    180 | train_loss 3.8925 | lr 1.45e-03
step    190 | train_loss 3.8335 | lr 1.34e-03
step    200 | train_loss 3.6853 | lr 1.24e-03
step    200 | val_loss 3.7793 | val_ppl 43.78
step    210 | train_loss 3.7602 | lr 1.13e-03
step    220 | train_loss 3.7814 | lr 1.03e-03
step    230 | train_loss 3.5942 | lr 9.25e-04
step    240 | train_loss 3.6900 | lr 8.28e-04
step    250 | train_loss 3.6704 | lr 7.37e-04
step    250 | val_loss 3.6390 | val_ppl 38.05
step    260 | train_loss 3.6579 | lr 6.51e-04
step    270 | train_loss 3.5708 | lr 5.72e-04
step    280 | train_loss 3.6455 | lr 5.00e-04
step    290 | train_loss 3.5933 | lr 4.37e-04
step    300 | train_loss 3.5876 | lr 3.82e-04
step    300 | val_loss 3.5658 | val_ppl 35.37
step    310 | train_loss 3.6402 | lr 3.36e-04
step    320 | train_loss 3.6417 | lr 2.99e-04
step    330 | train_loss 3.5939 | lr 2.73e-04
step    340 | train_loss 3.7671 | lr 2.56e-04
step    350 | train_loss 3.4795 | lr 2.50e-04
step    350 | val_loss 3.5122 | val_ppl 33.52
Saved checkpoint to /home/system/projects/AuthLLM/checkpoints/lr_scaling_mini/alpaca_packed_350_lr0.0025_seed1338/step_350.pt
