Data: 16,956 train / 346 val examples (0 dropped as longer than 512 tokens)
Model: mini (7,292,032 parameters), initialized from checkpoints/mini/step_4400.pt (step 4400)
step     10 | train_loss 4.4557 | lr 6.06e-06
step     20 | train_loss 4.2767 | lr 1.21e-05
step     30 | train_loss 4.1729 | lr 1.82e-05
step     40 | train_loss 4.2975 | lr 2.00e-05
step     50 | train_loss 4.0443 | lr 2.00e-05
step     60 | train_loss 4.0530 | lr 1.99e-05
step     70 | train_loss 4.1612 | lr 1.98e-05
step     75 | val_loss 4.1221 | val_ppl 61.69
step     80 | train_loss 4.1733 | lr 1.96e-05
step     90 | train_loss 4.0313 | lr 1.94e-05
step    100 | train_loss 3.8825 | lr 1.92e-05
step    110 | train_loss 3.9902 | lr 1.90e-05
step    120 | train_loss 3.9291 | lr 1.87e-05
step    130 | train_loss 4.1023 | lr 1.84e-05
step    140 | train_loss 4.2625 | lr 1.81e-05
step    150 | train_loss 3.9604 | lr 1.77e-05
step    150 | val_loss 4.0664 | val_ppl 58.35
step    160 | train_loss 4.2195 | lr 1.73e-05
step    170 | train_loss 4.1614 | lr 1.69e-05
step    180 | train_loss 4.0070 | lr 1.64e-05
step    190 | train_loss 3.8417 | lr 1.60e-05
step    200 | train_loss 4.1086 | lr 1.55e-05
step    210 | train_loss 3.9591 | lr 1.50e-05
step    220 | train_loss 4.0529 | lr 1.45e-05
step    225 | val_loss 4.0338 | val_ppl 56.48
step    230 | train_loss 4.0181 | lr 1.39e-05
step    240 | train_loss 3.9288 | lr 1.34e-05
step    250 | train_loss 4.0679 | lr 1.28e-05
step    260 | train_loss 4.0746 | lr 1.23e-05
step    270 | train_loss 4.3054 | lr 1.17e-05
step    280 | train_loss 3.8761 | lr 1.11e-05
step    290 | train_loss 4.2040 | lr 1.06e-05
step    300 | train_loss 3.9132 | lr 1.00e-05
step    300 | val_loss 4.0133 | val_ppl 55.33
step    310 | train_loss 4.2457 | lr 9.44e-06
step    320 | train_loss 3.8823 | lr 8.89e-06
step    330 | train_loss 4.0102 | lr 8.34e-06
step    340 | train_loss 4.0318 | lr 7.80e-06
step    350 | train_loss 4.2852 | lr 7.28e-06
step    360 | train_loss 3.9232 | lr 6.77e-06
step    370 | train_loss 4.0666 | lr 6.27e-06
step    375 | val_loss 4.0008 | val_ppl 54.64
step    380 | train_loss 4.4188 | lr 5.80e-06
step    390 | train_loss 3.7854 | lr 5.34e-06
step    400 | train_loss 3.8967 | lr 4.91e-06
step    410 | train_loss 3.9608 | lr 4.51e-06
step    420 | train_loss 3.8835 | lr 4.13e-06
step    430 | train_loss 4.2225 | lr 3.77e-06
step    440 | train_loss 3.8524 | lr 3.45e-06
step    450 | train_loss 4.0171 | lr 3.15e-06
step    450 | val_loss 3.9951 | val_ppl 54.33
step    460 | train_loss 4.1663 | lr 2.89e-06
step    470 | train_loss 3.7455 | lr 2.66e-06
step    480 | train_loss 4.1069 | lr 2.46e-06
step    490 | train_loss 3.8704 | lr 2.30e-06
step    500 | train_loss 4.1777 | lr 2.17e-06
step    510 | train_loss 3.9413 | lr 2.08e-06
step    520 | train_loss 4.0393 | lr 2.02e-06
step    525 | val_loss 3.9917 | val_ppl 54.15
step    530 | train_loss 3.5922 | lr 2.00e-06
step    530 | val_loss 3.9916 | val_ppl 54.14
Saved checkpoint to /home/system/projects/AuthLLM/checkpoints/lr_scaling_mini/alpaca_third_unpacked_530_lr2e-05_seed1337/step_530.pt
