Data: 50,868 train / 1,038 val examples (68 dropped as longer than 512 tokens)
Packing: 50,868 examples into 11,220 windows (4.5 per window, 98.8% of positions used)
Model: mini (7,292,032 parameters), initialized from checkpoints/mini/step_4400.pt (step 4400)
step     10 | train_loss 4.1651 | lr 2.73e-04
step     20 | train_loss 4.1613 | lr 5.45e-04
step     30 | train_loss 3.8856 | lr 5.99e-04
step     40 | train_loss 3.8528 | lr 5.96e-04
step     50 | train_loss 3.8478 | lr 5.91e-04
step     50 | val_loss 3.9157 | val_ppl 50.19
step     60 | train_loss 3.8914 | lr 5.83e-04
step     70 | train_loss 3.9090 | lr 5.73e-04
step     80 | train_loss 3.8378 | lr 5.61e-04
step     90 | train_loss 3.7965 | lr 5.46e-04
step    100 | train_loss 3.9379 | lr 5.30e-04
step    100 | val_loss 3.8089 | val_ppl 45.10
step    110 | train_loss 3.9139 | lr 5.12e-04
step    120 | train_loss 3.7933 | lr 4.92e-04
step    130 | train_loss 3.8183 | lr 4.70e-04
step    140 | train_loss 3.7502 | lr 4.47e-04
step    150 | train_loss 3.6950 | lr 4.24e-04
step    150 | val_loss 3.7339 | val_ppl 41.84
step    160 | train_loss 3.8175 | lr 3.99e-04
step    170 | train_loss 3.7138 | lr 3.74e-04
step    180 | train_loss 3.7463 | lr 3.48e-04
step    190 | train_loss 3.6235 | lr 3.22e-04
step    200 | train_loss 3.7670 | lr 2.96e-04
step    200 | val_loss 3.6794 | val_ppl 39.62
step    210 | train_loss 3.6554 | lr 2.71e-04
step    220 | train_loss 3.4424 | lr 2.46e-04
step    230 | train_loss 3.6857 | lr 2.22e-04
step    240 | train_loss 3.6254 | lr 1.99e-04
step    250 | train_loss 3.6677 | lr 1.77e-04
step    250 | val_loss 3.6292 | val_ppl 37.68
step    260 | train_loss 3.6666 | lr 1.56e-04
step    270 | train_loss 3.7495 | lr 1.37e-04
step    280 | train_loss 3.6726 | lr 1.20e-04
step    290 | train_loss 3.5950 | lr 1.05e-04
step    300 | train_loss 3.6118 | lr 9.16e-05
step    300 | val_loss 3.5971 | val_ppl 36.49
step    310 | train_loss 3.5392 | lr 8.06e-05
step    320 | train_loss 3.4788 | lr 7.18e-05
step    330 | train_loss 3.8353 | lr 6.54e-05
step    340 | train_loss 3.4964 | lr 6.15e-05
step    350 | train_loss 3.5776 | lr 6.00e-05
step    350 | val_loss 3.5769 | val_ppl 35.76
Saved checkpoint to /home/system/projects/AuthLLM/checkpoints/lr_scaling_mini/alpaca_packed_350_lr0.0006_seed1337/step_350.pt
