Data: 50,868 train / 1,038 val examples (68 dropped as longer than 512 tokens)
Model: mini (7,292,032 parameters), initialized from checkpoints/mini/step_4400.pt (step 4400)
step     10 | train_loss 4.6356 | lr 1.00e-06
step     20 | train_loss 4.6085 | lr 2.00e-06
step     30 | train_loss 4.3094 | lr 3.00e-06
step     40 | train_loss 4.1498 | lr 4.00e-06
step     50 | train_loss 4.2003 | lr 5.00e-06
step     60 | train_loss 4.3085 | lr 6.00e-06
step     70 | train_loss 4.0613 | lr 7.00e-06
step     80 | train_loss 3.9306 | lr 8.00e-06
step     90 | train_loss 3.8906 | lr 9.00e-06
step    100 | train_loss 4.0730 | lr 1.00e-05
step    110 | train_loss 4.2642 | lr 1.00e-05
step    120 | train_loss 4.1975 | lr 1.00e-05
step    130 | train_loss 3.9844 | lr 9.99e-06
step    140 | train_loss 4.2313 | lr 9.98e-06
step    150 | train_loss 4.1221 | lr 9.98e-06
step    160 | train_loss 4.0999 | lr 9.97e-06
step    170 | train_loss 4.0824 | lr 9.95e-06
step    180 | train_loss 4.3038 | lr 9.94e-06
step    190 | train_loss 4.2068 | lr 9.92e-06
step    200 | train_loss 3.9749 | lr 9.90e-06
step    210 | train_loss 3.9744 | lr 9.88e-06
step    220 | train_loss 4.1757 | lr 9.86e-06
step    228 | val_loss 4.0857 | val_ppl 59.49
step    230 | train_loss 4.0396 | lr 9.84e-06
step    240 | train_loss 4.0547 | lr 9.81e-06
step    250 | train_loss 4.0244 | lr 9.78e-06
step    260 | train_loss 3.9735 | lr 9.75e-06
step    270 | train_loss 4.0197 | lr 9.72e-06
step    280 | train_loss 4.0938 | lr 9.69e-06
step    290 | train_loss 4.0082 | lr 9.65e-06
step    300 | train_loss 4.1800 | lr 9.61e-06
step    310 | train_loss 4.1069 | lr 9.58e-06
step    320 | train_loss 4.1191 | lr 9.53e-06
step    330 | train_loss 4.2940 | lr 9.49e-06
step    340 | train_loss 3.9047 | lr 9.45e-06
step    350 | train_loss 4.1173 | lr 9.40e-06
step    360 | train_loss 4.0488 | lr 9.35e-06
step    370 | train_loss 4.0032 | lr 9.30e-06
step    380 | train_loss 4.2562 | lr 9.25e-06
step    390 | train_loss 4.2205 | lr 9.20e-06
step    400 | train_loss 3.8429 | lr 9.15e-06
step    410 | train_loss 4.0620 | lr 9.09e-06
step    420 | train_loss 4.2732 | lr 9.03e-06
step    430 | train_loss 4.2578 | lr 8.97e-06
step    440 | train_loss 4.2554 | lr 8.91e-06
step    450 | train_loss 4.2144 | lr 8.85e-06
step    456 | val_loss 4.0250 | val_ppl 55.98
step    460 | train_loss 3.8639 | lr 8.79e-06
step    470 | train_loss 4.2061 | lr 8.72e-06
step    480 | train_loss 4.1862 | lr 8.66e-06
step    490 | train_loss 4.1307 | lr 8.59e-06
step    500 | train_loss 3.9984 | lr 8.52e-06
step    510 | train_loss 4.0300 | lr 8.45e-06
step    520 | train_loss 4.1614 | lr 8.38e-06
step    530 | train_loss 3.8279 | lr 8.30e-06
step    540 | train_loss 4.1436 | lr 8.23e-06
step    550 | train_loss 4.0506 | lr 8.15e-06
step    560 | train_loss 4.1217 | lr 8.08e-06
step    570 | train_loss 3.8845 | lr 8.00e-06
step    580 | train_loss 4.1192 | lr 7.92e-06
step    590 | train_loss 3.8799 | lr 7.84e-06
step    600 | train_loss 3.8452 | lr 7.76e-06
step    610 | train_loss 3.9849 | lr 7.68e-06
step    620 | train_loss 4.1145 | lr 7.59e-06
step    630 | train_loss 3.8712 | lr 7.51e-06
step    640 | train_loss 4.0677 | lr 7.42e-06
step    650 | train_loss 4.0078 | lr 7.34e-06
step    660 | train_loss 3.9599 | lr 7.25e-06
step    670 | train_loss 4.1275 | lr 7.17e-06
step    680 | train_loss 3.7083 | lr 7.08e-06
step    684 | val_loss 3.9887 | val_ppl 53.99
step    690 | train_loss 4.1129 | lr 6.99e-06
step    700 | train_loss 3.9543 | lr 6.90e-06
step    710 | train_loss 3.9736 | lr 6.81e-06
step    720 | train_loss 3.9690 | lr 6.72e-06
step    730 | train_loss 3.9184 | lr 6.63e-06
step    740 | train_loss 3.9201 | lr 6.54e-06
step    750 | train_loss 3.8998 | lr 6.44e-06
step    760 | train_loss 4.0477 | lr 6.35e-06
step    770 | train_loss 4.1265 | lr 6.26e-06
step    780 | train_loss 4.1080 | lr 6.17e-06
step    790 | train_loss 4.1911 | lr 6.07e-06
step    800 | train_loss 4.1297 | lr 5.98e-06
step    810 | train_loss 3.8847 | lr 5.89e-06
step    820 | train_loss 3.7692 | lr 5.79e-06
step    830 | train_loss 3.9601 | lr 5.70e-06
step    840 | train_loss 3.8558 | lr 5.60e-06
step    850 | train_loss 3.9543 | lr 5.51e-06
step    860 | train_loss 3.8078 | lr 5.42e-06
step    870 | train_loss 3.7731 | lr 5.32e-06
step    880 | train_loss 3.9818 | lr 5.23e-06
step    890 | train_loss 3.9079 | lr 5.13e-06
step    900 | train_loss 4.3052 | lr 5.04e-06
step    910 | train_loss 3.7339 | lr 4.95e-06
step    912 | val_loss 3.9668 | val_ppl 52.81
step    920 | train_loss 3.9037 | lr 4.85e-06
step    930 | train_loss 3.9318 | lr 4.76e-06
step    940 | train_loss 3.9353 | lr 4.67e-06
step    950 | train_loss 4.0913 | lr 4.57e-06
step    960 | train_loss 4.2453 | lr 4.48e-06
step    970 | train_loss 3.9775 | lr 4.39e-06
step    980 | train_loss 4.0226 | lr 4.30e-06
step    990 | train_loss 4.0214 | lr 4.21e-06
step   1000 | train_loss 3.5795 | lr 4.12e-06
step   1010 | train_loss 3.9535 | lr 4.03e-06
step   1020 | train_loss 3.7429 | lr 3.94e-06
step   1030 | train_loss 4.1229 | lr 3.85e-06
step   1040 | train_loss 4.3397 | lr 3.76e-06
step   1050 | train_loss 3.8958 | lr 3.68e-06
step   1060 | train_loss 4.2005 | lr 3.59e-06
step   1070 | train_loss 4.0058 | lr 3.51e-06
step   1080 | train_loss 3.8396 | lr 3.42e-06
step   1090 | train_loss 4.0411 | lr 3.34e-06
step   1100 | train_loss 3.8286 | lr 3.26e-06
step   1110 | train_loss 3.9885 | lr 3.18e-06
step   1120 | train_loss 3.9249 | lr 3.10e-06
step   1130 | train_loss 3.8750 | lr 3.02e-06
step   1140 | train_loss 4.0832 | lr 2.94e-06
step   1140 | val_loss 3.9536 | val_ppl 52.12
step   1150 | train_loss 4.3946 | lr 2.86e-06
step   1160 | train_loss 4.2483 | lr 2.79e-06
step   1170 | train_loss 4.0935 | lr 2.71e-06
step   1180 | train_loss 3.7821 | lr 2.64e-06
step   1190 | train_loss 3.9917 | lr 2.57e-06
step   1200 | train_loss 4.0122 | lr 2.50e-06
step   1210 | train_loss 3.7099 | lr 2.43e-06
step   1220 | train_loss 3.9292 | lr 2.36e-06
step   1230 | train_loss 3.9532 | lr 2.29e-06
step   1240 | train_loss 3.9455 | lr 2.23e-06
step   1250 | train_loss 4.0246 | lr 2.16e-06
step   1260 | train_loss 3.8417 | lr 2.10e-06
step   1270 | train_loss 3.9932 | lr 2.04e-06
step   1280 | train_loss 4.0179 | lr 1.98e-06
step   1290 | train_loss 3.6921 | lr 1.92e-06
step   1300 | train_loss 4.3867 | lr 1.86e-06
step   1310 | train_loss 3.8016 | lr 1.81e-06
step   1320 | train_loss 3.8467 | lr 1.76e-06
step   1330 | train_loss 4.5685 | lr 1.71e-06
step   1340 | train_loss 4.0021 | lr 1.66e-06
step   1350 | train_loss 3.8930 | lr 1.61e-06
step   1360 | train_loss 4.1779 | lr 1.56e-06
step   1368 | val_loss 3.9458 | val_ppl 51.72
step   1370 | train_loss 3.8688 | lr 1.52e-06
step   1380 | train_loss 4.0146 | lr 1.47e-06
step   1390 | train_loss 3.8013 | lr 1.43e-06
step   1400 | train_loss 4.1449 | lr 1.39e-06
step   1410 | train_loss 3.8150 | lr 1.36e-06
step   1420 | train_loss 3.9609 | lr 1.32e-06
step   1430 | train_loss 4.0712 | lr 1.29e-06
step   1440 | train_loss 3.9192 | lr 1.25e-06
step   1450 | train_loss 3.9276 | lr 1.22e-06
step   1460 | train_loss 3.8862 | lr 1.19e-06
step   1470 | train_loss 3.9216 | lr 1.17e-06
step   1480 | train_loss 3.9626 | lr 1.14e-06
step   1490 | train_loss 4.1519 | lr 1.12e-06
step   1500 | train_loss 3.9917 | lr 1.10e-06
step   1510 | train_loss 3.6710 | lr 1.08e-06
step   1520 | train_loss 3.9585 | lr 1.06e-06
step   1530 | train_loss 3.8115 | lr 1.05e-06
step   1540 | train_loss 3.9623 | lr 1.04e-06
step   1550 | train_loss 4.0828 | lr 1.03e-06
step   1560 | train_loss 3.8317 | lr 1.02e-06
step   1570 | train_loss 3.9774 | lr 1.01e-06
step   1580 | train_loss 3.9435 | lr 1.00e-06
step   1590 | train_loss 4.0983 | lr 1.00e-06
step   1596 | val_loss 3.9423 | val_ppl 51.54
step   1600 | train_loss 3.9824 | lr 1.00e-06
step   1600 | val_loss 3.9423 | val_ppl 51.54
Saved checkpoint to /home/system/projects/AuthLLM/checkpoints/lr_scaling_mini/alpaca_unpacked_1600_lr1e-05_seed1337/step_1600.pt
