Data: 50,867 train / 1,039 val examples (68 dropped as longer than 512 tokens)
Model: mini (7,292,032 parameters), initialized from checkpoints/mini/step_4400.pt (step 4400)
step     10 | train_loss 4.4935 | lr 2.50e-05
step     20 | train_loss 3.9682 | lr 5.00e-05
step     30 | train_loss 4.1999 | lr 7.50e-05
step     40 | train_loss 4.3013 | lr 1.00e-04
step     50 | train_loss 4.2280 | lr 1.25e-04
step     60 | train_loss 4.0734 | lr 1.50e-04
step     70 | train_loss 3.8910 | lr 1.75e-04
step     80 | train_loss 3.9752 | lr 2.00e-04
step     90 | train_loss 4.3064 | lr 2.25e-04
step    100 | train_loss 4.4078 | lr 2.50e-04
step    110 | train_loss 4.2346 | lr 2.50e-04
step    120 | train_loss 3.8455 | lr 2.50e-04
step    130 | train_loss 3.8574 | lr 2.50e-04
step    140 | train_loss 4.0556 | lr 2.50e-04
step    150 | train_loss 3.9918 | lr 2.49e-04
step    160 | train_loss 3.9238 | lr 2.49e-04
step    170 | train_loss 3.8307 | lr 2.49e-04
step    180 | train_loss 4.1455 | lr 2.48e-04
step    190 | train_loss 4.0819 | lr 2.48e-04
step    200 | train_loss 4.1167 | lr 2.48e-04
step    210 | train_loss 3.9687 | lr 2.47e-04
step    220 | train_loss 4.1387 | lr 2.47e-04
step    228 | val_loss 4.0295 | val_ppl 56.23
step    230 | train_loss 3.7920 | lr 2.46e-04
step    240 | train_loss 3.8265 | lr 2.45e-04
step    250 | train_loss 3.9202 | lr 2.45e-04
step    260 | train_loss 3.9845 | lr 2.44e-04
step    270 | train_loss 3.9154 | lr 2.43e-04
step    280 | train_loss 3.9486 | lr 2.42e-04
step    290 | train_loss 3.8360 | lr 2.41e-04
step    300 | train_loss 4.4153 | lr 2.40e-04
step    310 | train_loss 3.9543 | lr 2.39e-04
step    320 | train_loss 4.0593 | lr 2.38e-04
step    330 | train_loss 3.7263 | lr 2.37e-04
step    340 | train_loss 4.2246 | lr 2.36e-04
step    350 | train_loss 3.9834 | lr 2.35e-04
step    360 | train_loss 3.9048 | lr 2.34e-04
step    370 | train_loss 3.7848 | lr 2.33e-04
step    380 | train_loss 3.9607 | lr 2.31e-04
step    390 | train_loss 3.7829 | lr 2.30e-04
step    400 | train_loss 4.0319 | lr 2.29e-04
step    410 | train_loss 4.1351 | lr 2.27e-04
step    420 | train_loss 3.8837 | lr 2.26e-04
step    430 | train_loss 3.8355 | lr 2.24e-04
step    440 | train_loss 3.7923 | lr 2.23e-04
step    450 | train_loss 3.8321 | lr 2.21e-04
step    456 | val_loss 3.9880 | val_ppl 53.95
step    460 | train_loss 3.7224 | lr 2.20e-04
step    470 | train_loss 4.0498 | lr 2.18e-04
step    480 | train_loss 3.6547 | lr 2.16e-04
step    490 | train_loss 4.1205 | lr 2.15e-04
step    500 | train_loss 3.9930 | lr 2.13e-04
step    510 | train_loss 3.9330 | lr 2.11e-04
step    520 | train_loss 3.7785 | lr 2.09e-04
step    530 | train_loss 3.8350 | lr 2.08e-04
step    540 | train_loss 3.9014 | lr 2.06e-04
step    550 | train_loss 3.9515 | lr 2.04e-04
step    560 | train_loss 3.7280 | lr 2.02e-04
step    570 | train_loss 4.1294 | lr 2.00e-04
step    580 | train_loss 3.9190 | lr 1.98e-04
step    590 | train_loss 3.8159 | lr 1.96e-04
step    600 | train_loss 3.6994 | lr 1.94e-04
step    610 | train_loss 3.9036 | lr 1.92e-04
step    620 | train_loss 3.5898 | lr 1.90e-04
step    630 | train_loss 3.9603 | lr 1.88e-04
step    640 | train_loss 4.0269 | lr 1.86e-04
step    650 | train_loss 4.1181 | lr 1.83e-04
step    660 | train_loss 3.7552 | lr 1.81e-04
step    670 | train_loss 3.8714 | lr 1.79e-04
step    680 | train_loss 4.0075 | lr 1.77e-04
step    684 | val_loss 3.9465 | val_ppl 51.76
step    690 | train_loss 3.8543 | lr 1.75e-04
step    700 | train_loss 3.7133 | lr 1.72e-04
step    710 | train_loss 4.0038 | lr 1.70e-04
step    720 | train_loss 3.7640 | lr 1.68e-04
step    730 | train_loss 3.9269 | lr 1.66e-04
step    740 | train_loss 3.9315 | lr 1.63e-04
step    750 | train_loss 3.9288 | lr 1.61e-04
step    760 | train_loss 3.9873 | lr 1.59e-04
step    770 | train_loss 3.9613 | lr 1.56e-04
step    780 | train_loss 4.0360 | lr 1.54e-04
step    790 | train_loss 3.9364 | lr 1.52e-04
step    800 | train_loss 4.0104 | lr 1.49e-04
step    810 | train_loss 3.9921 | lr 1.47e-04
step    820 | train_loss 4.1009 | lr 1.45e-04
step    830 | train_loss 3.9866 | lr 1.42e-04
step    840 | train_loss 3.7111 | lr 1.40e-04
step    850 | train_loss 4.2227 | lr 1.38e-04
step    860 | train_loss 4.1123 | lr 1.35e-04
step    870 | train_loss 3.7599 | lr 1.33e-04
step    880 | train_loss 3.9569 | lr 1.31e-04
step    890 | train_loss 3.9956 | lr 1.28e-04
step    900 | train_loss 3.7721 | lr 1.26e-04
step    910 | train_loss 3.9126 | lr 1.24e-04
step    912 | val_loss 3.9226 | val_ppl 50.53
step    920 | train_loss 3.7782 | lr 1.21e-04
step    930 | train_loss 4.1650 | lr 1.19e-04
step    940 | train_loss 3.6683 | lr 1.17e-04
step    950 | train_loss 3.5750 | lr 1.14e-04
step    960 | train_loss 4.0770 | lr 1.12e-04
step    970 | train_loss 4.1540 | lr 1.10e-04
step    980 | train_loss 4.3170 | lr 1.07e-04
step    990 | train_loss 3.7060 | lr 1.05e-04
step   1000 | train_loss 4.0054 | lr 1.03e-04
step   1010 | train_loss 4.0783 | lr 1.01e-04
step   1020 | train_loss 3.9402 | lr 9.85e-05
step   1030 | train_loss 3.9355 | lr 9.63e-05
step   1040 | train_loss 3.9464 | lr 9.41e-05
step   1050 | train_loss 3.8888 | lr 9.20e-05
step   1060 | train_loss 3.6976 | lr 8.98e-05
step   1070 | train_loss 3.6134 | lr 8.77e-05
step   1080 | train_loss 3.7788 | lr 8.56e-05
step   1090 | train_loss 3.9164 | lr 8.35e-05
step   1100 | train_loss 3.8397 | lr 8.15e-05
step   1110 | train_loss 3.9129 | lr 7.94e-05
step   1120 | train_loss 3.8493 | lr 7.74e-05
step   1130 | train_loss 3.9935 | lr 7.54e-05
step   1140 | train_loss 3.6340 | lr 7.35e-05
step   1140 | val_loss 3.8959 | val_ppl 49.20
step   1150 | train_loss 4.0069 | lr 7.16e-05
step   1160 | train_loss 3.8299 | lr 6.97e-05
step   1170 | train_loss 3.9909 | lr 6.78e-05
step   1180 | train_loss 3.7051 | lr 6.60e-05
step   1190 | train_loss 3.9926 | lr 6.42e-05
step   1200 | train_loss 3.8280 | lr 6.24e-05
step   1210 | train_loss 4.0708 | lr 6.07e-05
step   1220 | train_loss 3.9180 | lr 5.90e-05
step   1230 | train_loss 4.0472 | lr 5.73e-05
step   1240 | train_loss 3.5205 | lr 5.57e-05
step   1250 | train_loss 3.7917 | lr 5.41e-05
step   1260 | train_loss 3.6978 | lr 5.25e-05
step   1270 | train_loss 3.8653 | lr 5.10e-05
step   1280 | train_loss 3.6035 | lr 4.95e-05
step   1290 | train_loss 3.6708 | lr 4.80e-05
step   1300 | train_loss 3.6736 | lr 4.66e-05
step   1310 | train_loss 3.4833 | lr 4.53e-05
step   1320 | train_loss 3.6665 | lr 4.39e-05
step   1330 | train_loss 4.1022 | lr 4.26e-05
step   1340 | train_loss 3.8437 | lr 4.14e-05
step   1350 | train_loss 3.7697 | lr 4.02e-05
step   1360 | train_loss 3.7969 | lr 3.90e-05
step   1368 | val_loss 3.8754 | val_ppl 48.20
step   1370 | train_loss 4.1350 | lr 3.79e-05
step   1380 | train_loss 3.6803 | lr 3.68e-05
step   1390 | train_loss 3.9053 | lr 3.58e-05
step   1400 | train_loss 3.9903 | lr 3.48e-05
step   1410 | train_loss 3.8986 | lr 3.39e-05
step   1420 | train_loss 3.6360 | lr 3.30e-05
step   1430 | train_loss 3.8861 | lr 3.21e-05
step   1440 | train_loss 3.6799 | lr 3.13e-05
step   1450 | train_loss 3.8290 | lr 3.06e-05
step   1460 | train_loss 3.8942 | lr 2.99e-05
step   1470 | train_loss 3.7273 | lr 2.92e-05
step   1480 | train_loss 3.9836 | lr 2.86e-05
step   1490 | train_loss 3.9298 | lr 2.80e-05
step   1500 | train_loss 3.9104 | lr 2.75e-05
step   1510 | train_loss 4.1044 | lr 2.70e-05
step   1520 | train_loss 3.5691 | lr 2.66e-05
step   1530 | train_loss 3.6727 | lr 2.62e-05
step   1540 | train_loss 3.7700 | lr 2.59e-05
step   1550 | train_loss 3.8153 | lr 2.56e-05
step   1560 | train_loss 3.7204 | lr 2.54e-05
step   1570 | train_loss 3.7285 | lr 2.52e-05
step   1580 | train_loss 3.3484 | lr 2.51e-05
step   1590 | train_loss 3.7661 | lr 2.50e-05
step   1596 | val_loss 3.8655 | val_ppl 47.73
step   1600 | train_loss 3.3624 | lr 2.50e-05
step   1600 | val_loss 3.8659 | val_ppl 47.75
Saved checkpoint to /home/system/projects/AuthLLM/checkpoints/lr_scaling_mini/alpaca_unpacked_1600_lr0.00025_seed1339/step_1600.pt
