Data: 16,956 train / 346 val examples (0 dropped as longer than 512 tokens)
Packing: 16,956 examples into 3,763 windows (4.5 per window, 98.7% of positions used)
Model: mini (7,292,032 parameters), initialized from checkpoints/mini/step_4400.pt (step 4400)
step     10 | train_loss 4.4970 | lr 1.50e-03
step     16 | val_loss 4.2380 | val_ppl 69.27
step     20 | train_loss 4.1984 | lr 1.46e-03
step     30 | train_loss 4.2796 | lr 1.37e-03
step     32 | val_loss 4.1623 | val_ppl 64.22
step     40 | train_loss 4.0768 | lr 1.24e-03
step     48 | val_loss 4.0865 | val_ppl 59.53
step     50 | train_loss 4.0988 | lr 1.08e-03
step     60 | train_loss 4.0926 | lr 8.92e-04
step     64 | val_loss 4.0030 | val_ppl 54.76
step     70 | train_loss 3.9084 | lr 7.02e-04
step     80 | train_loss 3.8841 | lr 5.21e-04
step     80 | val_loss 3.9408 | val_ppl 51.46
step     90 | train_loss 3.8010 | lr 3.65e-04
step     96 | val_loss 3.8768 | val_ppl 48.27
step    100 | train_loss 3.8881 | lr 2.45e-04
step    110 | train_loss 3.8052 | lr 1.72e-04
step    112 | val_loss 3.8402 | val_ppl 46.53
step    118 | train_loss 3.7377 | lr 1.50e-04
step    118 | val_loss 3.8306 | val_ppl 46.09
Saved checkpoint to /home/system/projects/AuthLLM/checkpoints/lr_scaling_mini/alpaca_third_packed_118_lr0.0015_seed1337/step_118.pt
