Data: 16,956 train / 346 val examples (0 dropped as longer than 512 tokens)
Packing: 16,956 examples into 3,763 windows (4.5 per window, 98.7% of positions used)
Model: mini (7,292,032 parameters), initialized from checkpoints/mini/step_4400.pt (step 4400)
step     10 | train_loss 4.3374 | lr 8.99e-05
step     16 | val_loss 4.1123 | val_ppl 61.09
step     20 | train_loss 4.0586 | lr 8.77e-05
step     30 | train_loss 4.1590 | lr 8.24e-05
step     32 | val_loss 4.0377 | val_ppl 56.70
step     40 | train_loss 3.9924 | lr 7.45e-05
step     48 | val_loss 3.9978 | val_ppl 54.48
step     50 | train_loss 4.0039 | lr 6.46e-05
step     60 | train_loss 4.0597 | lr 5.35e-05
step     64 | val_loss 3.9702 | val_ppl 52.99
step     70 | train_loss 3.8907 | lr 4.21e-05
step     80 | train_loss 4.0092 | lr 3.13e-05
step     80 | val_loss 3.9538 | val_ppl 52.13
step     90 | train_loss 3.8713 | lr 2.19e-05
step     96 | val_loss 3.9405 | val_ppl 51.44
step    100 | train_loss 3.9766 | lr 1.47e-05
step    110 | train_loss 3.9236 | lr 1.03e-05
step    112 | val_loss 3.9357 | val_ppl 51.20
step    118 | train_loss 3.9653 | lr 9.02e-06
step    118 | val_loss 3.9344 | val_ppl 51.13
Saved checkpoint to /home/system/projects/AuthLLM/checkpoints/lr_scaling_mini/alpaca_third_packed_118_lr9e-05_seed1337/step_118.pt
