Data: 50,868 train / 1,038 val examples (68 dropped as longer than 512 tokens)
Packing: 50,868 examples into 11,220 windows (4.5 per window, 98.8% of positions used)
Model: mini (7,292,032 parameters), initialized from checkpoints/mini/step_4400.pt (step 4400)
step     10 | train_loss 4.3087 | lr 1.36e-05
step     20 | train_loss 4.2636 | lr 2.73e-05
step     30 | train_loss 4.0401 | lr 3.00e-05
step     40 | train_loss 3.9502 | lr 2.98e-05
step     50 | train_loss 4.0216 | lr 2.96e-05
step     50 | val_loss 4.0793 | val_ppl 59.10
step     60 | train_loss 4.0610 | lr 2.92e-05
step     70 | train_loss 4.0507 | lr 2.87e-05
step     80 | train_loss 4.0272 | lr 2.80e-05
step     90 | train_loss 3.9409 | lr 2.73e-05
step    100 | train_loss 4.1131 | lr 2.65e-05
step    100 | val_loss 4.0050 | val_ppl 54.87
step    110 | train_loss 4.0762 | lr 2.56e-05
step    120 | train_loss 3.9923 | lr 2.46e-05
step    130 | train_loss 3.9676 | lr 2.35e-05
step    140 | train_loss 3.9019 | lr 2.24e-05
step    150 | train_loss 3.9207 | lr 2.12e-05
step    150 | val_loss 3.9659 | val_ppl 52.77
step    160 | train_loss 3.9772 | lr 2.00e-05
step    170 | train_loss 3.9904 | lr 1.87e-05
step    180 | train_loss 3.9960 | lr 1.74e-05
step    190 | train_loss 3.9049 | lr 1.61e-05
step    200 | train_loss 4.0032 | lr 1.48e-05
step    200 | val_loss 3.9414 | val_ppl 51.49
step    210 | train_loss 3.9011 | lr 1.36e-05
step    220 | train_loss 3.8664 | lr 1.23e-05
step    230 | train_loss 3.9502 | lr 1.11e-05
step    240 | train_loss 3.8660 | lr 9.94e-06
step    250 | train_loss 4.0887 | lr 8.84e-06
step    250 | val_loss 3.9268 | val_ppl 50.74
step    260 | train_loss 3.9645 | lr 7.81e-06
step    270 | train_loss 4.0685 | lr 6.86e-06
step    280 | train_loss 4.0469 | lr 6.00e-06
step    290 | train_loss 3.9607 | lr 5.24e-06
step    300 | train_loss 3.9522 | lr 4.58e-06
step    300 | val_loss 3.9200 | val_ppl 50.40
step    310 | train_loss 3.9333 | lr 4.03e-06
step    320 | train_loss 3.7918 | lr 3.59e-06
step    330 | train_loss 4.1289 | lr 3.27e-06
step    340 | train_loss 3.8007 | lr 3.07e-06
step    350 | train_loss 3.9224 | lr 3.00e-06
step    350 | val_loss 3.9160 | val_ppl 50.20
Saved checkpoint to /home/system/projects/AuthLLM/checkpoints/lr_scaling_mini/alpaca_packed_350_lr3e-05_seed1337/step_350.pt
