Data: 16,956 train / 346 val examples (0 dropped as longer than 512 tokens)
Packing: 16,956 examples into 3,763 windows (4.5 per window, 98.7% of positions used)
Model: mini (7,292,032 parameters), initialized from checkpoints/mini/step_4400.pt (step 4400)
step     10 | train_loss 4.3196 | lr 1.50e-04
step     16 | val_loss 4.0925 | val_ppl 59.89
step     20 | train_loss 4.0318 | lr 1.46e-04
step     30 | train_loss 4.1246 | lr 1.37e-04
step     32 | val_loss 4.0060 | val_ppl 54.93
step     40 | train_loss 3.9561 | lr 1.24e-04
step     48 | val_loss 3.9617 | val_ppl 52.54
step     50 | train_loss 3.9624 | lr 1.08e-04
step     60 | train_loss 4.0167 | lr 8.92e-05
step     64 | val_loss 3.9255 | val_ppl 50.68
step     70 | train_loss 3.8477 | lr 7.02e-05
step     80 | train_loss 3.9485 | lr 5.21e-05
step     80 | val_loss 3.9079 | val_ppl 49.79
step     90 | train_loss 3.8222 | lr 3.65e-05
step     96 | val_loss 3.8915 | val_ppl 48.98
step    100 | train_loss 3.9285 | lr 2.45e-05
step    110 | train_loss 3.8677 | lr 1.72e-05
step    112 | val_loss 3.8859 | val_ppl 48.71
step    118 | train_loss 3.9003 | lr 1.50e-05
step    118 | val_loss 3.8841 | val_ppl 48.62
Saved checkpoint to /home/system/projects/AuthLLM/checkpoints/lr_scaling_mini/alpaca_third_packed_118_lr0.00015_seed1337/step_118.pt
