Data: 16,956 train / 346 val examples (0 dropped as longer than 512 tokens)
Packing: 16,956 examples into 3,763 windows (4.5 per window, 98.7% of positions used)
Model: mini (7,292,032 parameters), initialized from checkpoints/mini/step_4400.pt (step 4400)
step     10 | train_loss 4.2879 | lr 4.00e-04
step     16 | val_loss 4.0596 | val_ppl 57.95
step     20 | train_loss 4.0117 | lr 3.90e-04
step     30 | train_loss 4.1039 | lr 3.66e-04
step     32 | val_loss 3.9739 | val_ppl 53.19
step     40 | train_loss 3.9139 | lr 3.31e-04
step     48 | val_loss 3.9170 | val_ppl 50.25
step     50 | train_loss 3.9184 | lr 2.87e-04
step     60 | train_loss 3.9618 | lr 2.38e-04
step     64 | val_loss 3.8726 | val_ppl 48.07
step     70 | train_loss 3.7933 | lr 1.87e-04
step     80 | train_loss 3.8549 | lr 1.39e-04
step     80 | val_loss 3.8472 | val_ppl 46.86
step     90 | train_loss 3.7495 | lr 9.73e-05
step     96 | val_loss 3.8213 | val_ppl 45.66
step    100 | train_loss 3.8478 | lr 6.54e-05
step    110 | train_loss 3.7760 | lr 4.58e-05
step    112 | val_loss 3.8083 | val_ppl 45.08
step    118 | train_loss 3.7863 | lr 4.01e-05
step    118 | val_loss 3.8062 | val_ppl 44.98
Saved checkpoint to /home/system/projects/AuthLLM/checkpoints/lr_scaling_mini/alpaca_third_packed_118_lr0.0004_seed1337/step_118.pt
