Data: 50,869 train / 1,037 val examples (68 dropped as longer than 512 tokens)
Model: mini (7,292,032 parameters), initialized from checkpoints/mini/step_4400.pt (step 4400)
step     10 | train_loss 4.6330 | lr 2.50e-05
step     20 | train_loss 4.1170 | lr 5.00e-05
step     30 | train_loss 4.1665 | lr 7.50e-05
step     40 | train_loss 4.1823 | lr 1.00e-04
step     50 | train_loss 4.4363 | lr 1.25e-04
step     60 | train_loss 4.1238 | lr 1.50e-04
step     70 | train_loss 3.9300 | lr 1.75e-04
step     80 | train_loss 3.9705 | lr 2.00e-04
step     90 | train_loss 4.0399 | lr 2.25e-04
step    100 | train_loss 4.2073 | lr 2.50e-04
step    110 | train_loss 3.9248 | lr 2.50e-04
step    120 | train_loss 3.9660 | lr 2.50e-04
step    130 | train_loss 3.8570 | lr 2.50e-04
step    140 | train_loss 3.9911 | lr 2.50e-04
step    150 | train_loss 4.0751 | lr 2.49e-04
step    160 | train_loss 3.8805 | lr 2.49e-04
step    170 | train_loss 4.1155 | lr 2.49e-04
step    180 | train_loss 4.1778 | lr 2.48e-04
step    190 | train_loss 4.0680 | lr 2.48e-04
step    200 | train_loss 3.7597 | lr 2.48e-04
step    210 | train_loss 4.2267 | lr 2.47e-04
step    220 | train_loss 4.0398 | lr 2.47e-04
step    228 | val_loss 3.9477 | val_ppl 51.82
step    230 | train_loss 3.9572 | lr 2.46e-04
step    240 | train_loss 4.0694 | lr 2.45e-04
step    250 | train_loss 3.8173 | lr 2.45e-04
step    260 | train_loss 4.2313 | lr 2.44e-04
step    270 | train_loss 4.0481 | lr 2.43e-04
step    280 | train_loss 4.0596 | lr 2.42e-04
step    290 | train_loss 3.6132 | lr 2.41e-04
step    300 | train_loss 4.0651 | lr 2.40e-04
step    310 | train_loss 4.1074 | lr 2.39e-04
step    320 | train_loss 3.9978 | lr 2.38e-04
step    330 | train_loss 4.0422 | lr 2.37e-04
step    340 | train_loss 3.8726 | lr 2.36e-04
step    350 | train_loss 4.2594 | lr 2.35e-04
step    360 | train_loss 4.0446 | lr 2.34e-04
step    370 | train_loss 4.0541 | lr 2.33e-04
step    380 | train_loss 4.2689 | lr 2.31e-04
step    390 | train_loss 3.7918 | lr 2.30e-04
step    400 | train_loss 3.5824 | lr 2.29e-04
step    410 | train_loss 3.9180 | lr 2.27e-04
step    420 | train_loss 4.1459 | lr 2.26e-04
step    430 | train_loss 3.9043 | lr 2.24e-04
step    440 | train_loss 3.8476 | lr 2.23e-04
step    450 | train_loss 4.0689 | lr 2.21e-04
step    456 | val_loss 3.8857 | val_ppl 48.70
step    460 | train_loss 4.0230 | lr 2.20e-04
step    470 | train_loss 3.5742 | lr 2.18e-04
step    480 | train_loss 3.7867 | lr 2.16e-04
step    490 | train_loss 4.0994 | lr 2.15e-04
step    500 | train_loss 4.0337 | lr 2.13e-04
step    510 | train_loss 3.8755 | lr 2.11e-04
step    520 | train_loss 4.0328 | lr 2.09e-04
step    530 | train_loss 4.1066 | lr 2.08e-04
step    540 | train_loss 3.7683 | lr 2.06e-04
step    550 | train_loss 3.6912 | lr 2.04e-04
step    560 | train_loss 3.9127 | lr 2.02e-04
step    570 | train_loss 3.9283 | lr 2.00e-04
step    580 | train_loss 3.9052 | lr 1.98e-04
step    590 | train_loss 4.0711 | lr 1.96e-04
step    600 | train_loss 3.9553 | lr 1.94e-04
step    610 | train_loss 3.7771 | lr 1.92e-04
step    620 | train_loss 3.8963 | lr 1.90e-04
step    630 | train_loss 3.4407 | lr 1.88e-04
step    640 | train_loss 3.9745 | lr 1.86e-04
step    650 | train_loss 3.8295 | lr 1.83e-04
step    660 | train_loss 3.7319 | lr 1.81e-04
step    670 | train_loss 3.8766 | lr 1.79e-04
step    680 | train_loss 3.8937 | lr 1.77e-04
step    684 | val_loss 3.8507 | val_ppl 47.03
step    690 | train_loss 3.8535 | lr 1.75e-04
step    700 | train_loss 3.8003 | lr 1.72e-04
step    710 | train_loss 4.1335 | lr 1.70e-04
step    720 | train_loss 3.9463 | lr 1.68e-04
step    730 | train_loss 3.6379 | lr 1.66e-04
step    740 | train_loss 3.9375 | lr 1.63e-04
step    750 | train_loss 3.8577 | lr 1.61e-04
step    760 | train_loss 4.0085 | lr 1.59e-04
step    770 | train_loss 3.7421 | lr 1.56e-04
step    780 | train_loss 4.2010 | lr 1.54e-04
step    790 | train_loss 3.9708 | lr 1.52e-04
step    800 | train_loss 3.8557 | lr 1.49e-04
step    810 | train_loss 3.7075 | lr 1.47e-04
step    820 | train_loss 3.7786 | lr 1.45e-04
step    830 | train_loss 3.9747 | lr 1.42e-04
step    840 | train_loss 3.8631 | lr 1.40e-04
step    850 | train_loss 3.9298 | lr 1.38e-04
step    860 | train_loss 4.1188 | lr 1.35e-04
step    870 | train_loss 3.6998 | lr 1.33e-04
step    880 | train_loss 3.8564 | lr 1.31e-04
step    890 | train_loss 4.1964 | lr 1.28e-04
step    900 | train_loss 3.9538 | lr 1.26e-04
step    910 | train_loss 3.8823 | lr 1.24e-04
step    912 | val_loss 3.8136 | val_ppl 45.32
step    920 | train_loss 3.7526 | lr 1.21e-04
step    930 | train_loss 3.7037 | lr 1.19e-04
step    940 | train_loss 3.7784 | lr 1.17e-04
step    950 | train_loss 3.8299 | lr 1.14e-04
step    960 | train_loss 3.8579 | lr 1.12e-04
step    970 | train_loss 3.8206 | lr 1.10e-04
step    980 | train_loss 4.3919 | lr 1.07e-04
step    990 | train_loss 3.8156 | lr 1.05e-04
step   1000 | train_loss 3.8473 | lr 1.03e-04
step   1010 | train_loss 3.6829 | lr 1.01e-04
step   1020 | train_loss 4.0784 | lr 9.85e-05
step   1030 | train_loss 3.8658 | lr 9.63e-05
step   1040 | train_loss 3.8802 | lr 9.41e-05
step   1050 | train_loss 3.5814 | lr 9.20e-05
step   1060 | train_loss 3.8595 | lr 8.98e-05
step   1070 | train_loss 3.7844 | lr 8.77e-05
step   1080 | train_loss 3.7279 | lr 8.56e-05
step   1090 | train_loss 3.8238 | lr 8.35e-05
step   1100 | train_loss 3.8787 | lr 8.15e-05
step   1110 | train_loss 3.8849 | lr 7.94e-05
step   1120 | train_loss 3.9485 | lr 7.74e-05
step   1130 | train_loss 3.7292 | lr 7.54e-05
step   1140 | train_loss 3.7352 | lr 7.35e-05
step   1140 | val_loss 3.7837 | val_ppl 43.98
step   1150 | train_loss 4.0876 | lr 7.16e-05
step   1160 | train_loss 4.0873 | lr 6.97e-05
step   1170 | train_loss 3.6688 | lr 6.78e-05
step   1180 | train_loss 4.1977 | lr 6.60e-05
step   1190 | train_loss 4.0151 | lr 6.42e-05
step   1200 | train_loss 4.0732 | lr 6.24e-05
step   1210 | train_loss 4.0352 | lr 6.07e-05
step   1220 | train_loss 3.7084 | lr 5.90e-05
step   1230 | train_loss 3.5481 | lr 5.73e-05
step   1240 | train_loss 3.7960 | lr 5.57e-05
step   1250 | train_loss 4.1689 | lr 5.41e-05
step   1260 | train_loss 4.0163 | lr 5.25e-05
step   1270 | train_loss 3.8905 | lr 5.10e-05
step   1280 | train_loss 3.9543 | lr 4.95e-05
step   1290 | train_loss 3.4689 | lr 4.80e-05
step   1300 | train_loss 3.4136 | lr 4.66e-05
step   1310 | train_loss 3.6793 | lr 4.53e-05
step   1320 | train_loss 3.5816 | lr 4.39e-05
step   1330 | train_loss 4.0144 | lr 4.26e-05
step   1340 | train_loss 3.9972 | lr 4.14e-05
step   1350 | train_loss 3.8906 | lr 4.02e-05
step   1360 | train_loss 3.8106 | lr 3.90e-05
step   1368 | val_loss 3.7558 | val_ppl 42.77
step   1370 | train_loss 3.6285 | lr 3.79e-05
step   1380 | train_loss 3.6820 | lr 3.68e-05
step   1390 | train_loss 3.4910 | lr 3.58e-05
step   1400 | train_loss 3.8042 | lr 3.48e-05
step   1410 | train_loss 3.9712 | lr 3.39e-05
step   1420 | train_loss 3.7928 | lr 3.30e-05
step   1430 | train_loss 3.7165 | lr 3.21e-05
step   1440 | train_loss 3.8084 | lr 3.13e-05
step   1450 | train_loss 4.2413 | lr 3.06e-05
step   1460 | train_loss 3.9901 | lr 2.99e-05
step   1470 | train_loss 3.9486 | lr 2.92e-05
step   1480 | train_loss 3.9193 | lr 2.86e-05
step   1490 | train_loss 3.7117 | lr 2.80e-05
step   1500 | train_loss 3.6380 | lr 2.75e-05
step   1510 | train_loss 4.5718 | lr 2.70e-05
step   1520 | train_loss 3.5253 | lr 2.66e-05
step   1530 | train_loss 3.9470 | lr 2.62e-05
step   1540 | train_loss 3.5823 | lr 2.59e-05
step   1550 | train_loss 3.8923 | lr 2.56e-05
step   1560 | train_loss 3.7756 | lr 2.54e-05
step   1570 | train_loss 4.0175 | lr 2.52e-05
step   1580 | train_loss 3.7780 | lr 2.51e-05
step   1590 | train_loss 3.3727 | lr 2.50e-05
step   1596 | val_loss 3.7425 | val_ppl 42.20
step   1600 | train_loss 3.6208 | lr 2.50e-05
step   1600 | val_loss 3.7428 | val_ppl 42.22
Saved checkpoint to /home/system/projects/AuthLLM/checkpoints/lr_scaling_mini/alpaca_unpacked_1600_lr0.00025_seed1338/step_1600.pt
