Data: 16,956 train / 346 val examples (0 dropped as longer than 512 tokens)
Packing: 16,956 examples into 3,763 windows (4.5 per window, 98.8% of positions used)
Model: mini (7,292,032 parameters), initialized from checkpoints/mini/step_4400.pt (step 4400)
step     10 | train_loss 4.1917 | lr 6.00e-04
step     16 | val_loss 4.0829 | val_ppl 59.32
step     20 | train_loss 4.1361 | lr 5.85e-04
step     30 | train_loss 3.9831 | lr 5.49e-04
step     32 | val_loss 3.9904 | val_ppl 54.08
step     40 | train_loss 3.8383 | lr 4.97e-04
step     48 | val_loss 3.9367 | val_ppl 51.25
step     50 | train_loss 3.9119 | lr 4.31e-04
step     60 | train_loss 3.8482 | lr 3.57e-04
step     64 | val_loss 3.8862 | val_ppl 48.73
step     70 | train_loss 3.7635 | lr 2.81e-04
step     80 | train_loss 3.9147 | lr 2.08e-04
step     80 | val_loss 3.8407 | val_ppl 46.56
step     90 | train_loss 3.8154 | lr 1.46e-04
step     96 | val_loss 3.8063 | val_ppl 44.99
step    100 | train_loss 3.8151 | lr 9.81e-05
step    110 | train_loss 3.9298 | lr 6.87e-05
step    112 | val_loss 3.7899 | val_ppl 44.25
step    118 | train_loss 3.8584 | lr 6.01e-05
step    118 | val_loss 3.7848 | val_ppl 44.03
Saved checkpoint to /home/system/projects/AuthLLM/checkpoints/lr_scaling_mini/alpaca_third_packed_118_lr0.0006_seed1338/step_118.pt
