Data: 16,956 train / 346 val examples (0 dropped as longer than 512 tokens)
Packing: 16,956 examples into 3,763 windows (4.5 per window, 98.7% of positions used)
Model: mini (7,292,032 parameters), initialized from checkpoints/mini/step_4400.pt (step 4400)
step     10 | train_loss 4.4105 | lr 2.00e-05
step     16 | val_loss 4.1898 | val_ppl 66.01
step     20 | train_loss 4.1323 | lr 1.95e-05
step     30 | train_loss 4.2484 | lr 1.83e-05
step     32 | val_loss 4.1332 | val_ppl 62.38
step     40 | train_loss 4.1049 | lr 1.66e-05
step     48 | val_loss 4.1048 | val_ppl 60.63
step     50 | train_loss 4.1089 | lr 1.44e-05
step     60 | train_loss 4.1788 | lr 1.19e-05
step     64 | val_loss 4.0872 | val_ppl 59.57
step     70 | train_loss 4.0206 | lr 9.35e-06
step     80 | train_loss 4.1641 | lr 6.95e-06
step     80 | val_loss 4.0767 | val_ppl 58.95
step     90 | train_loss 4.0017 | lr 4.87e-06
step     96 | val_loss 4.0701 | val_ppl 58.56
step    100 | train_loss 4.1015 | lr 3.27e-06
step    110 | train_loss 4.0601 | lr 2.29e-06
step    112 | val_loss 4.0673 | val_ppl 58.40
step    118 | train_loss 4.1290 | lr 2.00e-06
step    118 | val_loss 4.0664 | val_ppl 58.35
Saved checkpoint to /home/system/projects/AuthLLM/checkpoints/lr_scaling_mini/alpaca_third_packed_118_lr2e-05_seed1337/step_118.pt
