Data: 50,868 train / 1,038 val examples (68 dropped as longer than 512 tokens)
Model: mini (7,292,032 parameters), initialized from checkpoints/mini/step_4400.pt (step 4400)
step     10 | train_loss 4.6287 | lr 2.00e-06
step     20 | train_loss 4.5849 | lr 4.00e-06
step     30 | train_loss 4.2703 | lr 6.00e-06
step     40 | train_loss 4.1086 | lr 8.00e-06
step     50 | train_loss 4.1586 | lr 1.00e-05
step     60 | train_loss 4.2649 | lr 1.20e-05
step     70 | train_loss 4.0108 | lr 1.40e-05
step     80 | train_loss 3.8829 | lr 1.60e-05
step     90 | train_loss 3.8487 | lr 1.80e-05
step    100 | train_loss 4.0358 | lr 2.00e-05
step    110 | train_loss 4.2097 | lr 2.00e-05
step    120 | train_loss 4.1667 | lr 2.00e-05
step    130 | train_loss 3.9547 | lr 2.00e-05
step    140 | train_loss 4.1920 | lr 2.00e-05
step    150 | train_loss 4.0816 | lr 2.00e-05
step    160 | train_loss 4.0541 | lr 1.99e-05
step    170 | train_loss 4.0426 | lr 1.99e-05
step    180 | train_loss 4.2545 | lr 1.99e-05
step    190 | train_loss 4.1616 | lr 1.98e-05
step    200 | train_loss 3.9289 | lr 1.98e-05
step    210 | train_loss 3.9459 | lr 1.98e-05
step    220 | train_loss 4.1220 | lr 1.97e-05
step    228 | val_loss 4.0346 | val_ppl 56.52
step    230 | train_loss 3.9970 | lr 1.97e-05
step    240 | train_loss 4.0179 | lr 1.96e-05
step    250 | train_loss 3.9777 | lr 1.96e-05
step    260 | train_loss 3.9178 | lr 1.95e-05
step    270 | train_loss 3.9582 | lr 1.94e-05
step    280 | train_loss 4.0378 | lr 1.94e-05
step    290 | train_loss 3.9672 | lr 1.93e-05
step    300 | train_loss 4.1154 | lr 1.92e-05
step    310 | train_loss 4.0640 | lr 1.92e-05
step    320 | train_loss 4.0652 | lr 1.91e-05
step    330 | train_loss 4.2620 | lr 1.90e-05
step    340 | train_loss 3.8637 | lr 1.89e-05
step    350 | train_loss 4.0757 | lr 1.88e-05
step    360 | train_loss 4.0032 | lr 1.87e-05
step    370 | train_loss 3.9584 | lr 1.86e-05
step    380 | train_loss 4.2061 | lr 1.85e-05
step    390 | train_loss 4.1540 | lr 1.84e-05
step    400 | train_loss 3.7925 | lr 1.83e-05
step    410 | train_loss 4.0146 | lr 1.82e-05
step    420 | train_loss 4.2147 | lr 1.81e-05
step    430 | train_loss 4.2113 | lr 1.79e-05
step    440 | train_loss 4.1892 | lr 1.78e-05
step    450 | train_loss 4.1634 | lr 1.77e-05
step    456 | val_loss 3.9656 | val_ppl 52.75
step    460 | train_loss 3.8175 | lr 1.76e-05
step    470 | train_loss 4.1500 | lr 1.74e-05
step    480 | train_loss 4.1258 | lr 1.73e-05
step    490 | train_loss 4.0692 | lr 1.72e-05
step    500 | train_loss 3.9427 | lr 1.70e-05
step    510 | train_loss 3.9621 | lr 1.69e-05
step    520 | train_loss 4.0722 | lr 1.68e-05
step    530 | train_loss 3.7645 | lr 1.66e-05
step    540 | train_loss 4.0773 | lr 1.65e-05
step    550 | train_loss 3.9782 | lr 1.63e-05
step    560 | train_loss 4.0327 | lr 1.62e-05
step    570 | train_loss 3.8268 | lr 1.60e-05
step    580 | train_loss 4.0701 | lr 1.58e-05
step    590 | train_loss 3.8212 | lr 1.57e-05
step    600 | train_loss 3.8024 | lr 1.55e-05
step    610 | train_loss 3.9101 | lr 1.54e-05
step    620 | train_loss 4.0705 | lr 1.52e-05
step    630 | train_loss 3.8196 | lr 1.50e-05
step    640 | train_loss 3.9995 | lr 1.48e-05
step    650 | train_loss 3.9414 | lr 1.47e-05
step    660 | train_loss 3.9088 | lr 1.45e-05
step    670 | train_loss 4.0535 | lr 1.43e-05
step    680 | train_loss 3.6171 | lr 1.42e-05
step    684 | val_loss 3.9232 | val_ppl 50.56
step    690 | train_loss 4.0567 | lr 1.40e-05
step    700 | train_loss 3.8903 | lr 1.38e-05
step    710 | train_loss 3.9218 | lr 1.36e-05
step    720 | train_loss 3.8796 | lr 1.34e-05
step    730 | train_loss 3.8663 | lr 1.33e-05
step    740 | train_loss 3.8592 | lr 1.31e-05
step    750 | train_loss 3.8477 | lr 1.29e-05
step    760 | train_loss 3.9939 | lr 1.27e-05
step    770 | train_loss 4.0486 | lr 1.25e-05
step    780 | train_loss 4.0459 | lr 1.23e-05
step    790 | train_loss 4.1303 | lr 1.21e-05
step    800 | train_loss 4.0625 | lr 1.20e-05
step    810 | train_loss 3.8236 | lr 1.18e-05
step    820 | train_loss 3.7145 | lr 1.16e-05
step    830 | train_loss 3.8893 | lr 1.14e-05
step    840 | train_loss 3.7885 | lr 1.12e-05
step    850 | train_loss 3.8815 | lr 1.10e-05
step    860 | train_loss 3.7308 | lr 1.08e-05
step    870 | train_loss 3.7079 | lr 1.06e-05
step    880 | train_loss 3.9054 | lr 1.05e-05
step    890 | train_loss 3.8437 | lr 1.03e-05
step    900 | train_loss 4.2280 | lr 1.01e-05
step    910 | train_loss 3.6381 | lr 9.89e-06
step    912 | val_loss 3.8984 | val_ppl 49.32
step    920 | train_loss 3.8444 | lr 9.70e-06
step    930 | train_loss 3.8710 | lr 9.52e-06
step    940 | train_loss 3.8581 | lr 9.33e-06
step    950 | train_loss 4.0377 | lr 9.15e-06
step    960 | train_loss 4.2000 | lr 8.96e-06
step    970 | train_loss 3.9162 | lr 8.78e-06
step    980 | train_loss 3.9492 | lr 8.60e-06
step    990 | train_loss 3.9578 | lr 8.42e-06
step   1000 | train_loss 3.5027 | lr 8.24e-06
step   1010 | train_loss 3.9017 | lr 8.06e-06
step   1020 | train_loss 3.7027 | lr 7.88e-06
step   1030 | train_loss 4.0460 | lr 7.70e-06
step   1040 | train_loss 4.2492 | lr 7.53e-06
step   1050 | train_loss 3.8499 | lr 7.36e-06
step   1060 | train_loss 4.1185 | lr 7.19e-06
step   1070 | train_loss 3.9432 | lr 7.02e-06
step   1080 | train_loss 3.7647 | lr 6.85e-06
step   1090 | train_loss 3.9739 | lr 6.68e-06
step   1100 | train_loss 3.7433 | lr 6.52e-06
step   1110 | train_loss 3.9228 | lr 6.35e-06
step   1120 | train_loss 3.8696 | lr 6.19e-06
step   1130 | train_loss 3.8321 | lr 6.04e-06
step   1140 | train_loss 4.0167 | lr 5.88e-06
step   1140 | val_loss 3.8832 | val_ppl 48.58
step   1150 | train_loss 4.2901 | lr 5.73e-06
step   1160 | train_loss 4.1615 | lr 5.57e-06
step   1170 | train_loss 4.0245 | lr 5.42e-06
step   1180 | train_loss 3.6899 | lr 5.28e-06
step   1190 | train_loss 3.9293 | lr 5.13e-06
step   1200 | train_loss 3.9524 | lr 4.99e-06
step   1210 | train_loss 3.6429 | lr 4.85e-06
step   1220 | train_loss 3.8585 | lr 4.72e-06
step   1230 | train_loss 3.8894 | lr 4.58e-06
step   1240 | train_loss 3.8716 | lr 4.45e-06
step   1250 | train_loss 3.9731 | lr 4.32e-06
step   1260 | train_loss 3.7441 | lr 4.20e-06
step   1270 | train_loss 3.9092 | lr 4.08e-06
step   1280 | train_loss 3.9530 | lr 3.96e-06
step   1290 | train_loss 3.6375 | lr 3.84e-06
step   1300 | train_loss 4.2904 | lr 3.73e-06
step   1310 | train_loss 3.7415 | lr 3.62e-06
step   1320 | train_loss 3.7645 | lr 3.51e-06
step   1330 | train_loss 4.4426 | lr 3.41e-06
step   1340 | train_loss 3.9413 | lr 3.31e-06
step   1350 | train_loss 3.8337 | lr 3.22e-06
step   1360 | train_loss 4.0865 | lr 3.12e-06
step   1368 | val_loss 3.8737 | val_ppl 48.12
step   1370 | train_loss 3.7954 | lr 3.03e-06
step   1380 | train_loss 3.9587 | lr 2.95e-06
step   1390 | train_loss 3.7412 | lr 2.86e-06
step   1400 | train_loss 4.0746 | lr 2.79e-06
step   1410 | train_loss 3.7508 | lr 2.71e-06
step   1420 | train_loss 3.8959 | lr 2.64e-06
step   1430 | train_loss 4.0203 | lr 2.57e-06
step   1440 | train_loss 3.8503 | lr 2.51e-06
step   1450 | train_loss 3.8393 | lr 2.45e-06
step   1460 | train_loss 3.8314 | lr 2.39e-06
step   1470 | train_loss 3.8542 | lr 2.34e-06
step   1480 | train_loss 3.8646 | lr 2.29e-06
step   1490 | train_loss 4.0990 | lr 2.24e-06
step   1500 | train_loss 3.9220 | lr 2.20e-06
step   1510 | train_loss 3.5879 | lr 2.16e-06
step   1520 | train_loss 3.8847 | lr 2.13e-06
step   1530 | train_loss 3.7624 | lr 2.10e-06
step   1540 | train_loss 3.8601 | lr 2.07e-06
step   1550 | train_loss 4.0154 | lr 2.05e-06
step   1560 | train_loss 3.7661 | lr 2.03e-06
step   1570 | train_loss 3.8955 | lr 2.02e-06
step   1580 | train_loss 3.8748 | lr 2.01e-06
step   1590 | train_loss 4.0064 | lr 2.00e-06
step   1596 | val_loss 3.8697 | val_ppl 47.93
step   1600 | train_loss 3.9174 | lr 2.00e-06
step   1600 | val_loss 3.8698 | val_ppl 47.93
Saved checkpoint to /home/system/projects/AuthLLM/checkpoints/lr_scaling_mini/alpaca_unpacked_1600_lr2e-05_seed1337/step_1600.pt
