Data: 50,867 train / 1,039 val examples (68 dropped as longer than 512 tokens)
Model: mini (7,292,032 parameters), initialized from checkpoints/mini/step_4400.pt (step 4400)
step     10 | train_loss 4.5212 | lr 1.50e-05
step     20 | train_loss 3.9990 | lr 3.00e-05
step     30 | train_loss 4.2163 | lr 4.50e-05
step     40 | train_loss 4.3237 | lr 6.00e-05
step     50 | train_loss 4.2480 | lr 7.50e-05
step     60 | train_loss 4.0851 | lr 9.00e-05
step     70 | train_loss 3.8795 | lr 1.05e-04
step     80 | train_loss 3.9687 | lr 1.20e-04
step     90 | train_loss 4.3091 | lr 1.35e-04
step    100 | train_loss 4.3800 | lr 1.50e-04
step    110 | train_loss 4.2116 | lr 1.50e-04
step    120 | train_loss 3.8416 | lr 1.50e-04
step    130 | train_loss 3.8437 | lr 1.50e-04
step    140 | train_loss 4.0521 | lr 1.50e-04
step    150 | train_loss 3.9835 | lr 1.50e-04
step    160 | train_loss 3.8890 | lr 1.49e-04
step    170 | train_loss 3.7965 | lr 1.49e-04
step    180 | train_loss 4.1217 | lr 1.49e-04
step    190 | train_loss 4.0627 | lr 1.49e-04
step    200 | train_loss 4.0988 | lr 1.49e-04
step    210 | train_loss 3.9204 | lr 1.48e-04
step    220 | train_loss 4.1386 | lr 1.48e-04
step    228 | val_loss 3.9947 | val_ppl 54.31
step    230 | train_loss 3.7373 | lr 1.48e-04
step    240 | train_loss 3.8146 | lr 1.47e-04
step    250 | train_loss 3.9116 | lr 1.47e-04
step    260 | train_loss 3.9529 | lr 1.46e-04
step    270 | train_loss 3.8997 | lr 1.46e-04
step    280 | train_loss 3.9118 | lr 1.45e-04
step    290 | train_loss 3.8257 | lr 1.45e-04
step    300 | train_loss 4.3496 | lr 1.44e-04
step    310 | train_loss 3.9365 | lr 1.44e-04
step    320 | train_loss 4.0301 | lr 1.43e-04
step    330 | train_loss 3.6886 | lr 1.42e-04
step    340 | train_loss 4.1749 | lr 1.42e-04
step    350 | train_loss 3.9233 | lr 1.41e-04
step    360 | train_loss 3.8510 | lr 1.40e-04
step    370 | train_loss 3.7656 | lr 1.40e-04
step    380 | train_loss 3.8940 | lr 1.39e-04
step    390 | train_loss 3.7757 | lr 1.38e-04
step    400 | train_loss 4.0271 | lr 1.37e-04
step    410 | train_loss 4.0809 | lr 1.36e-04
step    420 | train_loss 3.8432 | lr 1.35e-04
step    430 | train_loss 3.8188 | lr 1.35e-04
step    440 | train_loss 3.7656 | lr 1.34e-04
step    450 | train_loss 3.7814 | lr 1.33e-04
step    456 | val_loss 3.9438 | val_ppl 51.61
step    460 | train_loss 3.6650 | lr 1.32e-04
step    470 | train_loss 3.9988 | lr 1.31e-04
step    480 | train_loss 3.6432 | lr 1.30e-04
step    490 | train_loss 4.0392 | lr 1.29e-04
step    500 | train_loss 3.9695 | lr 1.28e-04
step    510 | train_loss 3.8870 | lr 1.27e-04
step    520 | train_loss 3.7256 | lr 1.26e-04
step    530 | train_loss 3.7951 | lr 1.25e-04
step    540 | train_loss 3.8451 | lr 1.23e-04
step    550 | train_loss 3.9032 | lr 1.22e-04
step    560 | train_loss 3.7189 | lr 1.21e-04
step    570 | train_loss 4.0650 | lr 1.20e-04
step    580 | train_loss 3.8802 | lr 1.19e-04
step    590 | train_loss 3.7400 | lr 1.18e-04
step    600 | train_loss 3.6696 | lr 1.16e-04
step    610 | train_loss 3.8780 | lr 1.15e-04
step    620 | train_loss 3.5351 | lr 1.14e-04
step    630 | train_loss 3.9042 | lr 1.13e-04
step    640 | train_loss 4.0024 | lr 1.11e-04
step    650 | train_loss 4.1126 | lr 1.10e-04
step    660 | train_loss 3.6970 | lr 1.09e-04
step    670 | train_loss 3.8443 | lr 1.07e-04
step    680 | train_loss 3.9552 | lr 1.06e-04
step    684 | val_loss 3.9012 | val_ppl 49.46
step    690 | train_loss 3.8125 | lr 1.05e-04
step    700 | train_loss 3.6884 | lr 1.03e-04
step    710 | train_loss 3.9635 | lr 1.02e-04
step    720 | train_loss 3.7395 | lr 1.01e-04
step    730 | train_loss 3.8567 | lr 9.94e-05
step    740 | train_loss 3.9008 | lr 9.81e-05
step    750 | train_loss 3.9063 | lr 9.67e-05
step    760 | train_loss 3.9289 | lr 9.53e-05
step    770 | train_loss 3.9283 | lr 9.39e-05
step    780 | train_loss 3.9761 | lr 9.25e-05
step    790 | train_loss 3.8928 | lr 9.11e-05
step    800 | train_loss 3.9584 | lr 8.97e-05
step    810 | train_loss 3.9659 | lr 8.83e-05
step    820 | train_loss 4.0391 | lr 8.69e-05
step    830 | train_loss 3.9402 | lr 8.55e-05
step    840 | train_loss 3.6680 | lr 8.41e-05
step    850 | train_loss 4.1346 | lr 8.26e-05
step    860 | train_loss 4.0661 | lr 8.12e-05
step    870 | train_loss 3.7371 | lr 7.98e-05
step    880 | train_loss 3.9085 | lr 7.84e-05
step    890 | train_loss 3.9177 | lr 7.70e-05
step    900 | train_loss 3.7411 | lr 7.56e-05
step    910 | train_loss 3.8743 | lr 7.42e-05
step    912 | val_loss 3.8809 | val_ppl 48.47
step    920 | train_loss 3.7755 | lr 7.28e-05
step    930 | train_loss 4.0771 | lr 7.14e-05
step    940 | train_loss 3.6589 | lr 7.00e-05
step    950 | train_loss 3.5612 | lr 6.86e-05
step    960 | train_loss 4.0534 | lr 6.72e-05
step    970 | train_loss 4.1199 | lr 6.59e-05
step    980 | train_loss 4.2586 | lr 6.45e-05
step    990 | train_loss 3.6818 | lr 6.31e-05
step   1000 | train_loss 3.9467 | lr 6.18e-05
step   1010 | train_loss 4.0507 | lr 6.04e-05
step   1020 | train_loss 3.9163 | lr 5.91e-05
step   1030 | train_loss 3.9245 | lr 5.78e-05
step   1040 | train_loss 3.8626 | lr 5.65e-05
step   1050 | train_loss 3.8711 | lr 5.52e-05
step   1060 | train_loss 3.6765 | lr 5.39e-05
step   1070 | train_loss 3.5888 | lr 5.26e-05
step   1080 | train_loss 3.7728 | lr 5.14e-05
step   1090 | train_loss 3.8630 | lr 5.01e-05
step   1100 | train_loss 3.7978 | lr 4.89e-05
step   1110 | train_loss 3.8749 | lr 4.77e-05
step   1120 | train_loss 3.8107 | lr 4.65e-05
step   1130 | train_loss 3.9312 | lr 4.53e-05
step   1140 | train_loss 3.6141 | lr 4.41e-05
step   1140 | val_loss 3.8600 | val_ppl 47.46
step   1150 | train_loss 3.9334 | lr 4.29e-05
step   1160 | train_loss 3.8067 | lr 4.18e-05
step   1170 | train_loss 3.9545 | lr 4.07e-05
step   1180 | train_loss 3.7172 | lr 3.96e-05
step   1190 | train_loss 3.9386 | lr 3.85e-05
step   1200 | train_loss 3.8045 | lr 3.74e-05
step   1210 | train_loss 4.0281 | lr 3.64e-05
step   1220 | train_loss 3.8852 | lr 3.54e-05
step   1230 | train_loss 4.0313 | lr 3.44e-05
step   1240 | train_loss 3.5030 | lr 3.34e-05
step   1250 | train_loss 3.7704 | lr 3.24e-05
step   1260 | train_loss 3.6956 | lr 3.15e-05
step   1270 | train_loss 3.8134 | lr 3.06e-05
step   1280 | train_loss 3.5905 | lr 2.97e-05
step   1290 | train_loss 3.6567 | lr 2.88e-05
step   1300 | train_loss 3.6170 | lr 2.80e-05
step   1310 | train_loss 3.4921 | lr 2.72e-05
step   1320 | train_loss 3.6587 | lr 2.64e-05
step   1330 | train_loss 4.0425 | lr 2.56e-05
step   1340 | train_loss 3.8005 | lr 2.48e-05
step   1350 | train_loss 3.7829 | lr 2.41e-05
step   1360 | train_loss 3.7650 | lr 2.34e-05
step   1368 | val_loss 3.8456 | val_ppl 46.79
step   1370 | train_loss 4.1231 | lr 2.27e-05
step   1380 | train_loss 3.6484 | lr 2.21e-05
step   1390 | train_loss 3.9237 | lr 2.15e-05
step   1400 | train_loss 3.9615 | lr 2.09e-05
step   1410 | train_loss 3.8945 | lr 2.03e-05
step   1420 | train_loss 3.6340 | lr 1.98e-05
step   1430 | train_loss 3.9127 | lr 1.93e-05
step   1440 | train_loss 3.6838 | lr 1.88e-05
step   1450 | train_loss 3.8125 | lr 1.83e-05
step   1460 | train_loss 3.8787 | lr 1.79e-05
step   1470 | train_loss 3.7070 | lr 1.75e-05
step   1480 | train_loss 3.9321 | lr 1.72e-05
step   1490 | train_loss 3.9002 | lr 1.68e-05
step   1500 | train_loss 3.8986 | lr 1.65e-05
step   1510 | train_loss 4.0728 | lr 1.62e-05
step   1520 | train_loss 3.5992 | lr 1.60e-05
step   1530 | train_loss 3.6867 | lr 1.57e-05
step   1540 | train_loss 3.7232 | lr 1.56e-05
step   1550 | train_loss 3.7696 | lr 1.54e-05
step   1560 | train_loss 3.6840 | lr 1.52e-05
step   1570 | train_loss 3.7217 | lr 1.51e-05
step   1580 | train_loss 3.3766 | lr 1.51e-05
step   1590 | train_loss 3.7655 | lr 1.50e-05
step   1596 | val_loss 3.8396 | val_ppl 46.51
step   1600 | train_loss 3.3423 | lr 1.50e-05
step   1600 | val_loss 3.8400 | val_ppl 46.52
Saved checkpoint to /home/system/projects/AuthLLM/checkpoints/lr_scaling_mini/alpaca_unpacked_1600_lr0.00015_seed1339/step_1600.pt
