Data: 16,956 train / 346 val examples (0 dropped as longer than 512 tokens)
Packing: 16,956 examples into 3,763 windows (4.5 per window, 98.7% of positions used)
Model: mini (7,292,032 parameters), initialized from checkpoints/mini/step_4400.pt (step 4400)
step     10 | train_loss 5.2067 | lr 2.50e-03
step     16 | val_loss 4.6899 | val_ppl 108.84
step     20 | train_loss 4.5406 | lr 2.44e-03
step     30 | train_loss 4.5649 | lr 2.29e-03
step     32 | val_loss 4.4336 | val_ppl 84.23
step     40 | train_loss 4.3136 | lr 2.07e-03
step     48 | val_loss 4.2956 | val_ppl 73.38
step     50 | train_loss 4.3041 | lr 1.79e-03
step     60 | train_loss 4.2604 | lr 1.49e-03
step     64 | val_loss 4.1989 | val_ppl 66.61
step     70 | train_loss 4.0679 | lr 1.17e-03
step     80 | train_loss 4.0110 | lr 8.69e-04
step     80 | val_loss 4.0963 | val_ppl 60.12
step     90 | train_loss 3.9405 | lr 6.08e-04
step     96 | val_loss 4.0051 | val_ppl 54.88
step    100 | train_loss 4.0242 | lr 4.09e-04
step    110 | train_loss 3.9225 | lr 2.86e-04
step    112 | val_loss 3.9554 | val_ppl 52.22
step    118 | train_loss 3.8236 | lr 2.50e-04
step    118 | val_loss 3.9428 | val_ppl 51.56
Saved checkpoint to /home/system/projects/AuthLLM/checkpoints/lr_scaling_mini/alpaca_third_packed_118_lr0.0025_seed1337/step_118.pt
