Data: 50,867 train / 1,039 val examples (68 dropped as longer than 512 tokens)
Packing: 50,867 examples into 11,217 windows (4.5 per window, 98.8% of positions used)
Model: mini (7,292,032 parameters), initialized from checkpoints/mini/step_4400.pt (step 4400)
step     10 | train_loss 4.0942 | lr 4.09e-04
step     20 | train_loss 3.9924 | lr 8.18e-04
step     30 | train_loss 4.1592 | lr 8.99e-04
step     40 | train_loss 4.1598 | lr 8.95e-04
step     50 | train_loss 3.9562 | lr 8.87e-04
step     50 | val_loss 4.0579 | val_ppl 57.85
step     60 | train_loss 3.8741 | lr 8.75e-04
step     70 | train_loss 3.8944 | lr 8.60e-04
step     80 | train_loss 3.8461 | lr 8.41e-04
step     90 | train_loss 4.0141 | lr 8.19e-04
step    100 | train_loss 3.9252 | lr 7.95e-04
step    100 | val_loss 3.9377 | val_ppl 51.30
step    110 | train_loss 3.8552 | lr 7.67e-04
step    120 | train_loss 3.7489 | lr 7.37e-04
step    130 | train_loss 3.8268 | lr 7.05e-04
step    140 | train_loss 3.7573 | lr 6.71e-04
step    150 | train_loss 3.6935 | lr 6.36e-04
step    150 | val_loss 3.8663 | val_ppl 47.76
step    160 | train_loss 3.6247 | lr 5.99e-04
step    170 | train_loss 3.5772 | lr 5.61e-04
step    180 | train_loss 3.7479 | lr 5.22e-04
step    190 | train_loss 3.6470 | lr 4.83e-04
step    200 | train_loss 3.6662 | lr 4.45e-04
step    200 | val_loss 3.7678 | val_ppl 43.29
step    210 | train_loss 3.7575 | lr 4.07e-04
step    220 | train_loss 3.5291 | lr 3.69e-04
step    230 | train_loss 3.6457 | lr 3.33e-04
step    240 | train_loss 3.6392 | lr 2.98e-04
step    250 | train_loss 3.5661 | lr 2.65e-04
step    250 | val_loss 3.7091 | val_ppl 40.82
step    260 | train_loss 3.5541 | lr 2.34e-04
step    270 | train_loss 3.4709 | lr 2.06e-04
step    280 | train_loss 3.6880 | lr 1.80e-04
step    290 | train_loss 3.7105 | lr 1.57e-04
step    300 | train_loss 3.7356 | lr 1.37e-04
step    300 | val_loss 3.6706 | val_ppl 39.28
step    310 | train_loss 3.4729 | lr 1.21e-04
step    320 | train_loss 3.5598 | lr 1.08e-04
step    330 | train_loss 3.6258 | lr 9.82e-05
step    340 | train_loss 3.5690 | lr 9.22e-05
step    350 | train_loss 3.6221 | lr 9.00e-05
step    350 | val_loss 3.6468 | val_ppl 38.35
Saved checkpoint to /home/system/projects/AuthLLM/checkpoints/lr_scaling_mini/alpaca_packed_350_lr0.0009_seed1339/step_350.pt
