Data: 50,868 train / 1,038 val examples (68 dropped as longer than 512 tokens)
Model: mini (7,292,032 parameters), initialized from checkpoints/mini/step_4400.pt (step 4400)
step     10 | train_loss 4.5417 | lr 2.50e-05
step     20 | train_loss 4.4365 | lr 5.00e-05
step     30 | train_loss 4.1233 | lr 7.50e-05
step     40 | train_loss 4.0000 | lr 1.00e-04
step     50 | train_loss 4.0436 | lr 1.25e-04
step     60 | train_loss 4.1737 | lr 1.50e-04
step     70 | train_loss 3.8969 | lr 1.75e-04
step     80 | train_loss 3.7722 | lr 2.00e-04
step     90 | train_loss 3.7018 | lr 2.25e-04
step    100 | train_loss 3.9189 | lr 2.50e-04
step    110 | train_loss 4.0402 | lr 2.50e-04
step    120 | train_loss 4.0742 | lr 2.50e-04
step    130 | train_loss 3.8797 | lr 2.50e-04
step    140 | train_loss 4.1760 | lr 2.50e-04
step    150 | train_loss 3.9675 | lr 2.49e-04
step    160 | train_loss 3.9500 | lr 2.49e-04
step    170 | train_loss 3.9859 | lr 2.49e-04
step    180 | train_loss 4.1918 | lr 2.48e-04
step    190 | train_loss 4.1311 | lr 2.48e-04
step    200 | train_loss 3.8225 | lr 2.48e-04
step    210 | train_loss 4.0048 | lr 2.47e-04
step    220 | train_loss 3.9724 | lr 2.47e-04
step    228 | val_loss 3.9555 | val_ppl 52.22
step    230 | train_loss 3.9571 | lr 2.46e-04
step    240 | train_loss 4.0121 | lr 2.45e-04
step    250 | train_loss 3.9196 | lr 2.45e-04
step    260 | train_loss 3.8528 | lr 2.44e-04
step    270 | train_loss 3.8640 | lr 2.43e-04
step    280 | train_loss 3.9363 | lr 2.42e-04
step    290 | train_loss 3.8654 | lr 2.41e-04
step    300 | train_loss 4.0451 | lr 2.40e-04
step    310 | train_loss 4.0885 | lr 2.39e-04
step    320 | train_loss 3.9794 | lr 2.38e-04
step    330 | train_loss 4.3398 | lr 2.37e-04
step    340 | train_loss 3.9388 | lr 2.36e-04
step    350 | train_loss 4.0959 | lr 2.35e-04
step    360 | train_loss 3.9681 | lr 2.34e-04
step    370 | train_loss 3.9088 | lr 2.33e-04
step    380 | train_loss 4.2125 | lr 2.31e-04
step    390 | train_loss 4.0144 | lr 2.30e-04
step    400 | train_loss 3.7245 | lr 2.29e-04
step    410 | train_loss 3.9685 | lr 2.27e-04
step    420 | train_loss 4.1603 | lr 2.26e-04
step    430 | train_loss 4.2449 | lr 2.24e-04
step    440 | train_loss 4.1199 | lr 2.23e-04
step    450 | train_loss 4.0963 | lr 2.21e-04
step    456 | val_loss 3.9255 | val_ppl 50.68
step    460 | train_loss 3.7763 | lr 2.20e-04
step    470 | train_loss 4.1079 | lr 2.18e-04
step    480 | train_loss 4.0709 | lr 2.16e-04
step    490 | train_loss 4.0436 | lr 2.15e-04
step    500 | train_loss 3.8712 | lr 2.13e-04
step    510 | train_loss 3.9241 | lr 2.11e-04
step    520 | train_loss 3.9154 | lr 2.09e-04
step    530 | train_loss 3.6525 | lr 2.08e-04
step    540 | train_loss 3.9704 | lr 2.06e-04
step    550 | train_loss 3.9367 | lr 2.04e-04
step    560 | train_loss 3.8570 | lr 2.02e-04
step    570 | train_loss 3.8153 | lr 2.00e-04
step    580 | train_loss 4.1032 | lr 1.98e-04
step    590 | train_loss 3.7473 | lr 1.96e-04
step    600 | train_loss 3.8212 | lr 1.94e-04
step    610 | train_loss 3.8469 | lr 1.92e-04
step    620 | train_loss 4.1226 | lr 1.90e-04
step    630 | train_loss 3.7799 | lr 1.88e-04
step    640 | train_loss 3.9579 | lr 1.86e-04
step    650 | train_loss 3.8593 | lr 1.83e-04
step    660 | train_loss 3.8642 | lr 1.81e-04
step    670 | train_loss 3.9915 | lr 1.79e-04
step    680 | train_loss 3.4541 | lr 1.77e-04
step    684 | val_loss 3.8659 | val_ppl 47.75
step    690 | train_loss 4.0891 | lr 1.75e-04
step    700 | train_loss 3.8086 | lr 1.72e-04
step    710 | train_loss 3.9168 | lr 1.70e-04
step    720 | train_loss 3.7929 | lr 1.68e-04
step    730 | train_loss 3.8788 | lr 1.66e-04
step    740 | train_loss 3.7772 | lr 1.63e-04
step    750 | train_loss 3.9270 | lr 1.61e-04
step    760 | train_loss 4.0140 | lr 1.59e-04
step    770 | train_loss 3.8537 | lr 1.56e-04
step    780 | train_loss 4.0647 | lr 1.54e-04
step    790 | train_loss 4.0963 | lr 1.52e-04
step    800 | train_loss 3.9968 | lr 1.49e-04
step    810 | train_loss 3.8404 | lr 1.47e-04
step    820 | train_loss 3.7070 | lr 1.45e-04
step    830 | train_loss 3.7785 | lr 1.42e-04
step    840 | train_loss 3.7688 | lr 1.40e-04
step    850 | train_loss 3.7606 | lr 1.38e-04
step    860 | train_loss 3.5798 | lr 1.35e-04
step    870 | train_loss 3.6730 | lr 1.33e-04
step    880 | train_loss 3.7367 | lr 1.31e-04
step    890 | train_loss 3.7657 | lr 1.28e-04
step    900 | train_loss 4.1373 | lr 1.26e-04
step    910 | train_loss 3.4889 | lr 1.24e-04
step    912 | val_loss 3.8356 | val_ppl 46.32
step    920 | train_loss 3.7928 | lr 1.21e-04
step    930 | train_loss 3.7937 | lr 1.19e-04
step    940 | train_loss 3.7349 | lr 1.17e-04
step    950 | train_loss 4.0896 | lr 1.14e-04
step    960 | train_loss 4.2900 | lr 1.12e-04
step    970 | train_loss 3.9569 | lr 1.10e-04
step    980 | train_loss 3.9435 | lr 1.07e-04
step    990 | train_loss 3.8844 | lr 1.05e-04
step   1000 | train_loss 3.4109 | lr 1.03e-04
step   1010 | train_loss 3.9679 | lr 1.01e-04
step   1020 | train_loss 3.7631 | lr 9.85e-05
step   1030 | train_loss 3.9442 | lr 9.63e-05
step   1040 | train_loss 4.0511 | lr 9.41e-05
step   1050 | train_loss 3.8930 | lr 9.20e-05
step   1060 | train_loss 3.9899 | lr 8.98e-05
step   1070 | train_loss 3.9984 | lr 8.77e-05
step   1080 | train_loss 3.7298 | lr 8.56e-05
step   1090 | train_loss 4.0110 | lr 8.35e-05
step   1100 | train_loss 3.5967 | lr 8.15e-05
step   1110 | train_loss 3.9643 | lr 7.94e-05
step   1120 | train_loss 3.8048 | lr 7.74e-05
step   1130 | train_loss 3.9119 | lr 7.54e-05
step   1140 | train_loss 3.9216 | lr 7.35e-05
step   1140 | val_loss 3.8040 | val_ppl 44.88
step   1150 | train_loss 4.0509 | lr 7.16e-05
step   1160 | train_loss 3.9319 | lr 6.97e-05
step   1170 | train_loss 3.9087 | lr 6.78e-05
step   1180 | train_loss 3.4466 | lr 6.60e-05
step   1190 | train_loss 3.8989 | lr 6.42e-05
step   1200 | train_loss 3.9204 | lr 6.24e-05
step   1210 | train_loss 3.6745 | lr 6.07e-05
step   1220 | train_loss 3.7906 | lr 5.90e-05
step   1230 | train_loss 3.8747 | lr 5.73e-05
step   1240 | train_loss 3.8410 | lr 5.57e-05
step   1250 | train_loss 3.9760 | lr 5.41e-05
step   1260 | train_loss 3.5012 | lr 5.25e-05
step   1270 | train_loss 3.7312 | lr 5.10e-05
step   1280 | train_loss 3.8609 | lr 4.95e-05
step   1290 | train_loss 3.5665 | lr 4.80e-05
step   1300 | train_loss 4.1610 | lr 4.66e-05
step   1310 | train_loss 3.6458 | lr 4.53e-05
step   1320 | train_loss 3.7089 | lr 4.39e-05
step   1330 | train_loss 4.2105 | lr 4.26e-05
step   1340 | train_loss 3.8504 | lr 4.14e-05
step   1350 | train_loss 3.8485 | lr 4.02e-05
step   1360 | train_loss 3.9005 | lr 3.90e-05
step   1368 | val_loss 3.7831 | val_ppl 43.95
step   1370 | train_loss 3.6138 | lr 3.79e-05
step   1380 | train_loss 3.9895 | lr 3.68e-05
step   1390 | train_loss 3.7239 | lr 3.58e-05
step   1400 | train_loss 3.9647 | lr 3.48e-05
step   1410 | train_loss 3.6529 | lr 3.39e-05
step   1420 | train_loss 3.9377 | lr 3.30e-05
step   1430 | train_loss 4.0360 | lr 3.21e-05
step   1440 | train_loss 3.7635 | lr 3.13e-05
step   1450 | train_loss 3.6874 | lr 3.06e-05
step   1460 | train_loss 3.8396 | lr 2.99e-05
step   1470 | train_loss 3.8021 | lr 2.92e-05
step   1480 | train_loss 3.6416 | lr 2.86e-05
step   1490 | train_loss 4.1485 | lr 2.80e-05
step   1500 | train_loss 3.9112 | lr 2.75e-05
step   1510 | train_loss 3.4615 | lr 2.70e-05
step   1520 | train_loss 3.7964 | lr 2.66e-05
step   1530 | train_loss 3.7658 | lr 2.62e-05
step   1540 | train_loss 3.6439 | lr 2.59e-05
step   1550 | train_loss 3.9291 | lr 2.56e-05
step   1560 | train_loss 3.6271 | lr 2.54e-05
step   1570 | train_loss 3.7370 | lr 2.52e-05
step   1580 | train_loss 3.7713 | lr 2.51e-05
step   1590 | train_loss 3.7136 | lr 2.50e-05
step   1596 | val_loss 3.7732 | val_ppl 43.52
step   1600 | train_loss 3.7632 | lr 2.50e-05
step   1600 | val_loss 3.7739 | val_ppl 43.55
Saved checkpoint to /home/system/projects/AuthLLM/checkpoints/lr_scaling_mini/alpaca_unpacked_1600_lr0.00025_seed1337/step_1600.pt
