Data: 16,956 train / 346 val examples (0 dropped as longer than 512 tokens)
Model: mini (7,292,032 parameters), initialized from checkpoints/mini/step_4400.pt (step 4400)
step     10 | train_loss 4.4421 | lr 9.09e-06
step     20 | train_loss 4.2529 | lr 1.82e-05
step     30 | train_loss 4.1466 | lr 2.73e-05
step     40 | train_loss 4.2848 | lr 3.00e-05
step     50 | train_loss 4.0279 | lr 2.99e-05
step     60 | train_loss 4.0312 | lr 2.98e-05
step     70 | train_loss 4.1410 | lr 2.97e-05
step     75 | val_loss 4.1024 | val_ppl 60.48
step     80 | train_loss 4.1489 | lr 2.94e-05
step     90 | train_loss 4.0097 | lr 2.92e-05
step    100 | train_loss 3.8572 | lr 2.88e-05
step    110 | train_loss 3.9641 | lr 2.85e-05
step    120 | train_loss 3.9063 | lr 2.81e-05
step    130 | train_loss 4.0813 | lr 2.76e-05
step    140 | train_loss 4.2404 | lr 2.71e-05
step    150 | train_loss 3.9254 | lr 2.65e-05
step    150 | val_loss 4.0397 | val_ppl 56.81
step    160 | train_loss 4.1864 | lr 2.59e-05
step    170 | train_loss 4.1414 | lr 2.53e-05
step    180 | train_loss 3.9880 | lr 2.46e-05
step    190 | train_loss 3.8067 | lr 2.40e-05
step    200 | train_loss 4.0844 | lr 2.32e-05
step    210 | train_loss 3.9367 | lr 2.25e-05
step    220 | train_loss 4.0319 | lr 2.17e-05
step    225 | val_loss 4.0036 | val_ppl 54.79
step    230 | train_loss 3.9775 | lr 2.09e-05
step    240 | train_loss 3.9078 | lr 2.01e-05
step    250 | train_loss 4.0370 | lr 1.93e-05
step    260 | train_loss 4.0376 | lr 1.84e-05
step    270 | train_loss 4.2667 | lr 1.76e-05
step    280 | train_loss 3.8413 | lr 1.67e-05
step    290 | train_loss 4.1690 | lr 1.59e-05
step    300 | train_loss 3.8799 | lr 1.50e-05
step    300 | val_loss 3.9803 | val_ppl 53.53
step    310 | train_loss 4.2108 | lr 1.42e-05
step    320 | train_loss 3.8540 | lr 1.33e-05
step    330 | train_loss 3.9868 | lr 1.25e-05
step    340 | train_loss 4.0029 | lr 1.17e-05
step    350 | train_loss 4.2518 | lr 1.09e-05
step    360 | train_loss 3.8878 | lr 1.01e-05
step    370 | train_loss 4.0342 | lr 9.41e-06
step    375 | val_loss 3.9665 | val_ppl 52.80
step    380 | train_loss 4.3845 | lr 8.70e-06
step    390 | train_loss 3.7550 | lr 8.02e-06
step    400 | train_loss 3.8506 | lr 7.37e-06
step    410 | train_loss 3.9210 | lr 6.76e-06
step    420 | train_loss 3.8442 | lr 6.19e-06
step    430 | train_loss 4.1907 | lr 5.66e-06
step    440 | train_loss 3.8175 | lr 5.17e-06
step    450 | train_loss 3.9851 | lr 4.73e-06
step    450 | val_loss 3.9599 | val_ppl 52.45
step    460 | train_loss 4.1418 | lr 4.34e-06
step    470 | train_loss 3.7026 | lr 3.99e-06
step    480 | train_loss 4.0767 | lr 3.70e-06
step    490 | train_loss 3.8272 | lr 3.45e-06
step    500 | train_loss 4.1489 | lr 3.26e-06
step    510 | train_loss 3.9059 | lr 3.12e-06
step    520 | train_loss 4.0135 | lr 3.03e-06
step    525 | val_loss 3.9558 | val_ppl 52.24
step    530 | train_loss 3.5547 | lr 3.00e-06
step    530 | val_loss 3.9555 | val_ppl 52.22
Saved checkpoint to /home/system/projects/AuthLLM/checkpoints/lr_scaling_mini/alpaca_third_unpacked_530_lr3e-05_seed1337/step_530.pt
