Data: 50,868 train / 1,038 val examples (68 dropped as longer than 512 tokens)
Packing: 50,868 examples into 11,220 windows (4.5 per window, 98.8% of positions used)
Model: mini (7,292,032 parameters), initialized from checkpoints/mini/step_4400.pt (step 4400)
step     10 | train_loss 4.2431 | lr 4.09e-05
step     20 | train_loss 4.2121 | lr 8.18e-05
step     30 | train_loss 3.9564 | lr 8.99e-05
step     40 | train_loss 3.8818 | lr 8.95e-05
step     50 | train_loss 3.9369 | lr 8.87e-05
step     50 | val_loss 3.9922 | val_ppl 54.18
step     60 | train_loss 3.9724 | lr 8.75e-05
step     70 | train_loss 3.9613 | lr 8.60e-05
step     80 | train_loss 3.9336 | lr 8.41e-05
step     90 | train_loss 3.8560 | lr 8.19e-05
step    100 | train_loss 4.0174 | lr 7.95e-05
step    100 | val_loss 3.9053 | val_ppl 49.66
step    110 | train_loss 3.9763 | lr 7.67e-05
step    120 | train_loss 3.8905 | lr 7.37e-05
step    130 | train_loss 3.8820 | lr 7.05e-05
step    140 | train_loss 3.8118 | lr 6.71e-05
step    150 | train_loss 3.8203 | lr 6.36e-05
step    150 | val_loss 3.8525 | val_ppl 47.11
step    160 | train_loss 3.8888 | lr 5.99e-05
step    170 | train_loss 3.8637 | lr 5.61e-05
step    180 | train_loss 3.8820 | lr 5.22e-05
step    190 | train_loss 3.7733 | lr 4.83e-05
step    200 | train_loss 3.8944 | lr 4.45e-05
step    200 | val_loss 3.8170 | val_ppl 45.47
step    210 | train_loss 3.7919 | lr 4.07e-05
step    220 | train_loss 3.7031 | lr 3.69e-05
step    230 | train_loss 3.8382 | lr 3.33e-05
step    240 | train_loss 3.7589 | lr 2.98e-05
step    250 | train_loss 3.9223 | lr 2.65e-05
step    250 | val_loss 3.7987 | val_ppl 44.64
step    260 | train_loss 3.8403 | lr 2.34e-05
step    270 | train_loss 3.9436 | lr 2.06e-05
step    280 | train_loss 3.8954 | lr 1.80e-05
step    290 | train_loss 3.8193 | lr 1.57e-05
step    300 | train_loss 3.8186 | lr 1.37e-05
step    300 | val_loss 3.7865 | val_ppl 44.10
step    310 | train_loss 3.7845 | lr 1.21e-05
step    320 | train_loss 3.6600 | lr 1.08e-05
step    330 | train_loss 4.0091 | lr 9.82e-06
step    340 | train_loss 3.6786 | lr 9.22e-06
step    350 | train_loss 3.7900 | lr 9.00e-06
step    350 | val_loss 3.7807 | val_ppl 43.85
Saved checkpoint to /home/system/projects/AuthLLM/checkpoints/lr_scaling_mini/alpaca_packed_350_lr9e-05_seed1337/step_350.pt
