Data: 16,956 train / 346 val examples (0 dropped as longer than 512 tokens)
Packing: 16,956 examples into 3,763 windows (4.5 per window, 98.7% of positions used)
Model: mini (7,292,032 parameters), initialized from checkpoints/mini/step_4400.pt (step 4400)
step     10 | train_loss 4.3701 | lr 8.99e-04
step     16 | val_loss 4.1177 | val_ppl 61.42
step     20 | train_loss 4.0610 | lr 8.77e-04
step     30 | train_loss 4.1548 | lr 8.24e-04
step     32 | val_loss 4.0322 | val_ppl 56.38
step     40 | train_loss 3.9706 | lr 7.45e-04
step     48 | val_loss 3.9770 | val_ppl 53.36
step     50 | train_loss 3.9740 | lr 6.46e-04
step     60 | train_loss 4.0022 | lr 5.35e-04
step     64 | val_loss 3.9163 | val_ppl 50.22
step     70 | train_loss 3.8312 | lr 4.21e-04
step     80 | train_loss 3.8392 | lr 3.13e-04
step     80 | val_loss 3.8672 | val_ppl 47.81
step     90 | train_loss 3.7453 | lr 2.19e-04
step     96 | val_loss 3.8246 | val_ppl 45.82
step    100 | train_loss 3.8427 | lr 1.47e-04
step    110 | train_loss 3.7615 | lr 1.03e-04
step    112 | val_loss 3.7995 | val_ppl 44.68
step    118 | train_loss 3.7296 | lr 9.02e-05
step    118 | val_loss 3.7956 | val_ppl 44.50
Saved checkpoint to /home/system/projects/AuthLLM/checkpoints/lr_scaling_mini/alpaca_third_packed_118_lr0.0009_seed1337/step_118.pt
