Data: 16,956 train / 346 val examples (0 dropped as longer than 512 tokens)
Model: mini (7,292,032 parameters), initialized from checkpoints/mini/step_4400.pt (step 4400)
step     10 | train_loss 4.3632 | lr 4.55e-05
step     20 | train_loss 3.9836 | lr 9.09e-05
step     30 | train_loss 4.0569 | lr 1.36e-04
step     40 | train_loss 4.3015 | lr 1.50e-04
step     50 | train_loss 4.1045 | lr 1.50e-04
step     60 | train_loss 4.2078 | lr 1.49e-04
step     70 | train_loss 4.0901 | lr 1.48e-04
step     75 | val_loss 4.1014 | val_ppl 60.43
step     80 | train_loss 3.9630 | lr 1.47e-04
step     90 | train_loss 3.8975 | lr 1.46e-04
step    100 | train_loss 4.0672 | lr 1.44e-04
step    110 | train_loss 3.8850 | lr 1.42e-04
step    120 | train_loss 3.7043 | lr 1.40e-04
step    130 | train_loss 4.1134 | lr 1.38e-04
step    140 | train_loss 3.8968 | lr 1.35e-04
step    150 | train_loss 4.1226 | lr 1.33e-04
step    150 | val_loss 4.0065 | val_ppl 54.95
step    160 | train_loss 4.3159 | lr 1.30e-04
step    170 | train_loss 3.8864 | lr 1.27e-04
step    180 | train_loss 3.7769 | lr 1.23e-04
step    190 | train_loss 4.1833 | lr 1.20e-04
step    200 | train_loss 4.2156 | lr 1.16e-04
step    210 | train_loss 3.9391 | lr 1.12e-04
step    220 | train_loss 4.0217 | lr 1.08e-04
step    225 | val_loss 3.9585 | val_ppl 52.38
step    230 | train_loss 3.8198 | lr 1.04e-04
step    240 | train_loss 4.1720 | lr 1.00e-04
step    250 | train_loss 3.6313 | lr 9.63e-05
step    260 | train_loss 3.7888 | lr 9.21e-05
step    270 | train_loss 3.7199 | lr 8.78e-05
step    280 | train_loss 3.7195 | lr 8.36e-05
step    290 | train_loss 3.9056 | lr 7.93e-05
step    300 | train_loss 3.7324 | lr 7.50e-05
step    300 | val_loss 3.9209 | val_ppl 50.45
step    310 | train_loss 3.7222 | lr 7.08e-05
step    320 | train_loss 3.9842 | lr 6.66e-05
step    330 | train_loss 3.9767 | lr 6.25e-05
step    340 | train_loss 4.0266 | lr 5.85e-05
step    350 | train_loss 3.9741 | lr 5.46e-05
step    360 | train_loss 3.9504 | lr 5.07e-05
step    370 | train_loss 3.8515 | lr 4.70e-05
step    375 | val_loss 3.8937 | val_ppl 49.09
step    380 | train_loss 3.9539 | lr 4.35e-05
step    390 | train_loss 4.1644 | lr 4.01e-05
step    400 | train_loss 3.8478 | lr 3.68e-05
step    410 | train_loss 3.7522 | lr 3.38e-05
step    420 | train_loss 3.9363 | lr 3.09e-05
step    430 | train_loss 3.9260 | lr 2.83e-05
step    440 | train_loss 4.1944 | lr 2.59e-05
step    450 | train_loss 3.7329 | lr 2.37e-05
step    450 | val_loss 3.8756 | val_ppl 48.21
step    460 | train_loss 3.7004 | lr 2.17e-05
step    470 | train_loss 3.8333 | lr 2.00e-05
step    480 | train_loss 3.7997 | lr 1.85e-05
step    490 | train_loss 3.7912 | lr 1.73e-05
step    500 | train_loss 3.7917 | lr 1.63e-05
step    510 | train_loss 3.8059 | lr 1.56e-05
step    520 | train_loss 3.7881 | lr 1.52e-05
step    525 | val_loss 3.8669 | val_ppl 47.79
step    530 | train_loss 3.9970 | lr 1.50e-05
step    530 | val_loss 3.8665 | val_ppl 47.77
Saved checkpoint to /home/system/projects/AuthLLM/checkpoints/lr_scaling_mini/alpaca_third_unpacked_530_lr0.00015_seed1339/step_530.pt
