Data: 16,956 train / 346 val examples (0 dropped as longer than 512 tokens)
Model: mini (7,292,032 parameters), initialized from checkpoints/mini/step_4400.pt (step 4400)
step     10 | train_loss 4.2951 | lr 7.58e-05
step     20 | train_loss 4.4712 | lr 1.52e-04
step     30 | train_loss 4.2512 | lr 2.27e-04
step     40 | train_loss 4.0061 | lr 2.50e-04
step     50 | train_loss 4.1363 | lr 2.49e-04
step     60 | train_loss 4.0493 | lr 2.48e-04
step     70 | train_loss 4.2450 | lr 2.47e-04
step     75 | val_loss 4.0642 | val_ppl 58.22
step     80 | train_loss 4.0690 | lr 2.45e-04
step     90 | train_loss 4.0589 | lr 2.43e-04
step    100 | train_loss 3.9369 | lr 2.40e-04
step    110 | train_loss 3.9265 | lr 2.37e-04
step    120 | train_loss 3.9368 | lr 2.34e-04
step    130 | train_loss 3.9949 | lr 2.30e-04
step    140 | train_loss 4.1215 | lr 2.26e-04
step    150 | train_loss 3.8061 | lr 2.21e-04
step    150 | val_loss 3.9972 | val_ppl 54.44
step    160 | train_loss 4.0243 | lr 2.16e-04
step    170 | train_loss 4.0677 | lr 2.11e-04
step    180 | train_loss 3.8342 | lr 2.05e-04
step    190 | train_loss 4.1020 | lr 2.00e-04
step    200 | train_loss 3.7857 | lr 1.94e-04
step    210 | train_loss 3.5510 | lr 1.87e-04
step    220 | train_loss 3.8794 | lr 1.81e-04
step    225 | val_loss 3.9557 | val_ppl 52.23
step    230 | train_loss 3.9278 | lr 1.74e-04
step    240 | train_loss 3.6509 | lr 1.67e-04
step    250 | train_loss 3.9172 | lr 1.60e-04
step    260 | train_loss 4.1679 | lr 1.53e-04
step    270 | train_loss 3.8603 | lr 1.46e-04
step    280 | train_loss 3.8648 | lr 1.39e-04
step    290 | train_loss 3.8773 | lr 1.32e-04
step    300 | train_loss 3.9348 | lr 1.25e-04
step    300 | val_loss 3.9156 | val_ppl 50.18
step    310 | train_loss 3.6257 | lr 1.18e-04
step    320 | train_loss 3.8133 | lr 1.11e-04
step    330 | train_loss 4.0996 | lr 1.04e-04
step    340 | train_loss 3.9603 | lr 9.75e-05
step    350 | train_loss 3.8434 | lr 9.09e-05
step    360 | train_loss 3.8088 | lr 8.46e-05
step    370 | train_loss 4.0058 | lr 7.84e-05
step    375 | val_loss 3.8870 | val_ppl 48.76
step    380 | train_loss 3.8513 | lr 7.25e-05
step    390 | train_loss 3.8487 | lr 6.68e-05
step    400 | train_loss 3.8261 | lr 6.14e-05
step    410 | train_loss 3.6662 | lr 5.63e-05
step    420 | train_loss 3.8104 | lr 5.16e-05
step    430 | train_loss 4.2700 | lr 4.72e-05
step    440 | train_loss 3.9484 | lr 4.31e-05
step    450 | train_loss 3.9158 | lr 3.94e-05
step    450 | val_loss 3.8635 | val_ppl 47.63
step    460 | train_loss 3.7174 | lr 3.61e-05
step    470 | train_loss 3.6112 | lr 3.33e-05
step    480 | train_loss 3.4849 | lr 3.08e-05
step    490 | train_loss 4.0702 | lr 2.88e-05
step    500 | train_loss 3.7573 | lr 2.72e-05
step    510 | train_loss 3.9367 | lr 2.60e-05
step    520 | train_loss 3.8404 | lr 2.53e-05
step    525 | val_loss 3.8501 | val_ppl 47.00
step    530 | train_loss 3.9189 | lr 2.50e-05
step    530 | val_loss 3.8503 | val_ppl 47.01
Saved checkpoint to /home/system/projects/AuthLLM/checkpoints/lr_scaling_mini/alpaca_third_unpacked_530_lr0.00025_seed1338/step_530.pt
