Data: 16,956 train / 346 val examples (0 dropped as longer than 512 tokens)
Model: mini (7,292,032 parameters), initialized from checkpoints/mini/step_4400.pt (step 4400)
step     10 | train_loss 4.3329 | lr 7.58e-05
step     20 | train_loss 4.1440 | lr 1.52e-04
step     30 | train_loss 4.0604 | lr 2.27e-04
step     40 | train_loss 4.2109 | lr 2.50e-04
step     50 | train_loss 3.9774 | lr 2.49e-04
step     60 | train_loss 3.9802 | lr 2.48e-04
step     70 | train_loss 4.1484 | lr 2.47e-04
step     75 | val_loss 4.0752 | val_ppl 58.86
step     80 | train_loss 4.1086 | lr 2.45e-04
step     90 | train_loss 3.9945 | lr 2.43e-04
step    100 | train_loss 3.8106 | lr 2.40e-04
step    110 | train_loss 3.9207 | lr 2.37e-04
step    120 | train_loss 3.8473 | lr 2.34e-04
step    130 | train_loss 4.0525 | lr 2.30e-04
step    140 | train_loss 4.2398 | lr 2.26e-04
step    150 | train_loss 3.8625 | lr 2.21e-04
step    150 | val_loss 4.0004 | val_ppl 54.62
step    160 | train_loss 4.0854 | lr 2.16e-04
step    170 | train_loss 4.1426 | lr 2.11e-04
step    180 | train_loss 3.9747 | lr 2.05e-04
step    190 | train_loss 3.7205 | lr 2.00e-04
step    200 | train_loss 4.0512 | lr 1.94e-04
step    210 | train_loss 3.9249 | lr 1.87e-04
step    220 | train_loss 4.0350 | lr 1.81e-04
step    225 | val_loss 3.9461 | val_ppl 51.73
step    230 | train_loss 3.8296 | lr 1.74e-04
step    240 | train_loss 3.9363 | lr 1.67e-04
step    250 | train_loss 3.9461 | lr 1.60e-04
step    260 | train_loss 3.9786 | lr 1.53e-04
step    270 | train_loss 4.1227 | lr 1.46e-04
step    280 | train_loss 3.7590 | lr 1.39e-04
step    290 | train_loss 4.1292 | lr 1.32e-04
step    300 | train_loss 3.8184 | lr 1.25e-04
step    300 | val_loss 3.9170 | val_ppl 50.25
step    310 | train_loss 4.0982 | lr 1.18e-04
step    320 | train_loss 3.7884 | lr 1.11e-04
step    330 | train_loss 3.9825 | lr 1.04e-04
step    340 | train_loss 3.9368 | lr 9.75e-05
step    350 | train_loss 4.1348 | lr 9.09e-05
step    360 | train_loss 3.7993 | lr 8.46e-05
step    370 | train_loss 3.9523 | lr 7.84e-05
step    375 | val_loss 3.8870 | val_ppl 48.76
step    380 | train_loss 4.2921 | lr 7.25e-05
step    390 | train_loss 3.6724 | lr 6.68e-05
step    400 | train_loss 3.7016 | lr 6.14e-05
step    410 | train_loss 3.7432 | lr 5.63e-05
step    420 | train_loss 3.7079 | lr 5.16e-05
step    430 | train_loss 4.1043 | lr 4.72e-05
step    440 | train_loss 3.7080 | lr 4.31e-05
step    450 | train_loss 3.8701 | lr 3.94e-05
step    450 | val_loss 3.8620 | val_ppl 47.56
step    460 | train_loss 4.1524 | lr 3.61e-05
step    470 | train_loss 3.5463 | lr 3.33e-05
step    480 | train_loss 4.0290 | lr 3.08e-05
step    490 | train_loss 3.6404 | lr 2.88e-05
step    500 | train_loss 4.0751 | lr 2.72e-05
step    510 | train_loss 3.7946 | lr 2.60e-05
step    520 | train_loss 3.9632 | lr 2.53e-05
step    525 | val_loss 3.8504 | val_ppl 47.01
step    530 | train_loss 3.4509 | lr 2.50e-05
step    530 | val_loss 3.8490 | val_ppl 46.95
Saved checkpoint to /home/system/projects/AuthLLM/checkpoints/lr_scaling_mini/alpaca_third_unpacked_530_lr0.00025_seed1337/step_530.pt
