Data: 50,868 train / 1,038 val examples (68 dropped as longer than 512 tokens)
Model: mini (7,292,032 parameters), initialized from checkpoints/mini/step_4400.pt (step 4400)
step     10 | train_loss 4.6224 | lr 3.00e-06
step     20 | train_loss 4.5657 | lr 6.00e-06
step     30 | train_loss 4.2430 | lr 9.00e-06
step     40 | train_loss 4.0824 | lr 1.20e-05
step     50 | train_loss 4.1292 | lr 1.50e-05
step     60 | train_loss 4.2452 | lr 1.80e-05
step     70 | train_loss 3.9880 | lr 2.10e-05
step     80 | train_loss 3.8554 | lr 2.40e-05
step     90 | train_loss 3.8261 | lr 2.70e-05
step    100 | train_loss 4.0102 | lr 3.00e-05
step    110 | train_loss 4.1823 | lr 3.00e-05
step    120 | train_loss 4.1486 | lr 3.00e-05
step    130 | train_loss 3.9353 | lr 3.00e-05
step    140 | train_loss 4.1680 | lr 3.00e-05
step    150 | train_loss 4.0572 | lr 2.99e-05
step    160 | train_loss 4.0248 | lr 2.99e-05
step    170 | train_loss 4.0210 | lr 2.99e-05
step    180 | train_loss 4.2256 | lr 2.98e-05
step    190 | train_loss 4.1339 | lr 2.98e-05
step    200 | train_loss 3.9010 | lr 2.97e-05
step    210 | train_loss 3.9301 | lr 2.96e-05
step    220 | train_loss 4.0862 | lr 2.96e-05
step    228 | val_loss 4.0029 | val_ppl 54.75
step    230 | train_loss 3.9695 | lr 2.95e-05
step    240 | train_loss 3.9927 | lr 2.94e-05
step    250 | train_loss 3.9496 | lr 2.93e-05
step    260 | train_loss 3.8838 | lr 2.93e-05
step    270 | train_loss 3.9211 | lr 2.92e-05
step    280 | train_loss 4.0036 | lr 2.91e-05
step    290 | train_loss 3.9406 | lr 2.90e-05
step    300 | train_loss 4.0726 | lr 2.88e-05
step    310 | train_loss 4.0372 | lr 2.87e-05
step    320 | train_loss 4.0296 | lr 2.86e-05
step    330 | train_loss 4.2466 | lr 2.85e-05
step    340 | train_loss 3.8428 | lr 2.83e-05
step    350 | train_loss 4.0517 | lr 2.82e-05
step    360 | train_loss 3.9769 | lr 2.81e-05
step    370 | train_loss 3.9306 | lr 2.79e-05
step    380 | train_loss 4.1779 | lr 2.78e-05
step    390 | train_loss 4.1108 | lr 2.76e-05
step    400 | train_loss 3.7609 | lr 2.74e-05
step    410 | train_loss 3.9861 | lr 2.73e-05
step    420 | train_loss 4.1768 | lr 2.71e-05
step    430 | train_loss 4.1849 | lr 2.69e-05
step    440 | train_loss 4.1490 | lr 2.67e-05
step    450 | train_loss 4.1320 | lr 2.66e-05
step    456 | val_loss 3.9306 | val_ppl 50.94
step    460 | train_loss 3.7908 | lr 2.64e-05
step    470 | train_loss 4.1147 | lr 2.62e-05
step    480 | train_loss 4.0898 | lr 2.60e-05
step    490 | train_loss 4.0336 | lr 2.58e-05
step    500 | train_loss 3.9090 | lr 2.56e-05
step    510 | train_loss 3.9244 | lr 2.53e-05
step    520 | train_loss 4.0201 | lr 2.51e-05
step    530 | train_loss 3.7263 | lr 2.49e-05
step    540 | train_loss 4.0367 | lr 2.47e-05
step    550 | train_loss 3.9350 | lr 2.45e-05
step    560 | train_loss 3.9781 | lr 2.42e-05
step    570 | train_loss 3.7953 | lr 2.40e-05
step    580 | train_loss 4.0426 | lr 2.38e-05
step    590 | train_loss 3.7894 | lr 2.35e-05
step    600 | train_loss 3.7794 | lr 2.33e-05
step    610 | train_loss 3.8677 | lr 2.30e-05
step    620 | train_loss 4.0485 | lr 2.28e-05
step    630 | train_loss 3.7883 | lr 2.25e-05
step    640 | train_loss 3.9582 | lr 2.23e-05
step    650 | train_loss 3.9012 | lr 2.20e-05
step    660 | train_loss 3.8795 | lr 2.18e-05
step    670 | train_loss 4.0072 | lr 2.15e-05
step    680 | train_loss 3.5622 | lr 2.12e-05
step    684 | val_loss 3.8858 | val_ppl 48.71
step    690 | train_loss 4.0264 | lr 2.10e-05
step    700 | train_loss 3.8516 | lr 2.07e-05
step    710 | train_loss 3.8911 | lr 2.04e-05
step    720 | train_loss 3.8296 | lr 2.02e-05
step    730 | train_loss 3.8382 | lr 1.99e-05
step    740 | train_loss 3.8228 | lr 1.96e-05
step    750 | train_loss 3.8207 | lr 1.93e-05
step    760 | train_loss 3.9631 | lr 1.91e-05
step    770 | train_loss 3.9983 | lr 1.88e-05
step    780 | train_loss 4.0131 | lr 1.85e-05
step    790 | train_loss 4.0945 | lr 1.82e-05
step    800 | train_loss 4.0237 | lr 1.79e-05
step    810 | train_loss 3.7932 | lr 1.77e-05
step    820 | train_loss 3.6802 | lr 1.74e-05
step    830 | train_loss 3.8477 | lr 1.71e-05
step    840 | train_loss 3.7519 | lr 1.68e-05
step    850 | train_loss 3.8368 | lr 1.65e-05
step    860 | train_loss 3.6855 | lr 1.62e-05
step    870 | train_loss 3.6731 | lr 1.60e-05
step    880 | train_loss 3.8602 | lr 1.57e-05
step    890 | train_loss 3.8062 | lr 1.54e-05
step    900 | train_loss 4.1857 | lr 1.51e-05
step    910 | train_loss 3.5860 | lr 1.48e-05
step    912 | val_loss 3.8596 | val_ppl 47.45
step    920 | train_loss 3.8113 | lr 1.46e-05
step    930 | train_loss 3.8375 | lr 1.43e-05
step    940 | train_loss 3.8132 | lr 1.40e-05
step    950 | train_loss 4.0121 | lr 1.37e-05
step    960 | train_loss 4.1798 | lr 1.34e-05
step    970 | train_loss 3.8827 | lr 1.32e-05
step    980 | train_loss 3.9134 | lr 1.29e-05
step    990 | train_loss 3.9237 | lr 1.26e-05
step   1000 | train_loss 3.4617 | lr 1.24e-05
step   1010 | train_loss 3.8783 | lr 1.21e-05
step   1020 | train_loss 3.6831 | lr 1.18e-05
step   1030 | train_loss 4.0023 | lr 1.16e-05
step   1040 | train_loss 4.1924 | lr 1.13e-05
step   1050 | train_loss 3.8268 | lr 1.10e-05
step   1060 | train_loss 4.0694 | lr 1.08e-05
step   1070 | train_loss 3.9108 | lr 1.05e-05
step   1080 | train_loss 3.7240 | lr 1.03e-05
step   1090 | train_loss 3.9394 | lr 1.00e-05
step   1100 | train_loss 3.6939 | lr 9.77e-06
step   1110 | train_loss 3.8939 | lr 9.53e-06
step   1120 | train_loss 3.8384 | lr 9.29e-06
step   1130 | train_loss 3.8085 | lr 9.05e-06
step   1140 | train_loss 3.9779 | lr 8.82e-06
step   1140 | val_loss 3.8438 | val_ppl 46.70
step   1150 | train_loss 4.2255 | lr 8.59e-06
step   1160 | train_loss 4.1076 | lr 8.36e-06
step   1170 | train_loss 3.9843 | lr 8.14e-06
step   1180 | train_loss 3.6343 | lr 7.92e-06
step   1190 | train_loss 3.8955 | lr 7.70e-06
step   1200 | train_loss 3.9220 | lr 7.49e-06
step   1210 | train_loss 3.6087 | lr 7.28e-06
step   1220 | train_loss 3.8210 | lr 7.07e-06
step   1230 | train_loss 3.8541 | lr 6.87e-06
step   1240 | train_loss 3.8326 | lr 6.68e-06
step   1250 | train_loss 3.9473 | lr 6.49e-06
step   1260 | train_loss 3.6867 | lr 6.30e-06
step   1270 | train_loss 3.8594 | lr 6.12e-06
step   1280 | train_loss 3.9154 | lr 5.94e-06
step   1290 | train_loss 3.6054 | lr 5.76e-06
step   1300 | train_loss 4.2291 | lr 5.59e-06
step   1310 | train_loss 3.7070 | lr 5.43e-06
step   1320 | train_loss 3.7218 | lr 5.27e-06
step   1330 | train_loss 4.3693 | lr 5.12e-06
step   1340 | train_loss 3.9078 | lr 4.97e-06
step   1350 | train_loss 3.8052 | lr 4.82e-06
step   1360 | train_loss 4.0294 | lr 4.68e-06
step   1368 | val_loss 3.8330 | val_ppl 46.20
step   1370 | train_loss 3.7502 | lr 4.55e-06
step   1380 | train_loss 3.9318 | lr 4.42e-06
step   1390 | train_loss 3.7091 | lr 4.30e-06
step   1400 | train_loss 4.0339 | lr 4.18e-06
step   1410 | train_loss 3.7131 | lr 4.07e-06
step   1420 | train_loss 3.8650 | lr 3.96e-06
step   1430 | train_loss 3.9921 | lr 3.86e-06
step   1440 | train_loss 3.8130 | lr 3.76e-06
step   1450 | train_loss 3.7891 | lr 3.67e-06
step   1460 | train_loss 3.8027 | lr 3.58e-06
step   1470 | train_loss 3.8176 | lr 3.50e-06
step   1480 | train_loss 3.8086 | lr 3.43e-06
step   1490 | train_loss 4.0726 | lr 3.36e-06
step   1500 | train_loss 3.8859 | lr 3.30e-06
step   1510 | train_loss 3.5416 | lr 3.24e-06
step   1520 | train_loss 3.8423 | lr 3.19e-06
step   1530 | train_loss 3.7361 | lr 3.15e-06
step   1540 | train_loss 3.8012 | lr 3.11e-06
step   1550 | train_loss 3.9780 | lr 3.08e-06
step   1560 | train_loss 3.7279 | lr 3.05e-06
step   1570 | train_loss 3.8482 | lr 3.03e-06
step   1580 | train_loss 3.8341 | lr 3.01e-06
step   1590 | train_loss 3.9497 | lr 3.00e-06
step   1596 | val_loss 3.8287 | val_ppl 46.00
step   1600 | train_loss 3.8760 | lr 3.00e-06
step   1600 | val_loss 3.8288 | val_ppl 46.01
Saved checkpoint to /home/system/projects/AuthLLM/checkpoints/lr_scaling_mini/alpaca_unpacked_1600_lr3e-05_seed1337/step_1600.pt
