Data: 50,868 train / 1,038 val examples (68 dropped as longer than 512 tokens)
Model: mini (7,292,032 parameters), initialized from checkpoints/mini/step_4400.pt (step 4400)
step     10 | train_loss 4.6049 | lr 6.00e-06
step     20 | train_loss 4.5252 | lr 1.20e-05
step     30 | train_loss 4.1940 | lr 1.80e-05
step     40 | train_loss 4.0432 | lr 2.40e-05
step     50 | train_loss 4.0846 | lr 3.00e-05
step     60 | train_loss 4.2182 | lr 3.60e-05
step     70 | train_loss 3.9512 | lr 4.20e-05
step     80 | train_loss 3.8163 | lr 4.80e-05
step     90 | train_loss 3.7821 | lr 5.40e-05
step    100 | train_loss 3.9736 | lr 6.00e-05
step    110 | train_loss 4.1216 | lr 6.00e-05
step    120 | train_loss 4.1174 | lr 6.00e-05
step    130 | train_loss 3.9025 | lr 6.00e-05
step    140 | train_loss 4.1323 | lr 5.99e-05
step    150 | train_loss 4.0159 | lr 5.99e-05
step    160 | train_loss 3.9695 | lr 5.98e-05
step    170 | train_loss 3.9900 | lr 5.97e-05
step    180 | train_loss 4.1754 | lr 5.96e-05
step    190 | train_loss 4.0919 | lr 5.95e-05
step    200 | train_loss 3.8564 | lr 5.94e-05
step    210 | train_loss 3.9158 | lr 5.93e-05
step    220 | train_loss 4.0244 | lr 5.92e-05
step    228 | val_loss 3.9528 | val_ppl 52.08
step    230 | train_loss 3.9280 | lr 5.90e-05
step    240 | train_loss 3.9602 | lr 5.89e-05
step    250 | train_loss 3.9040 | lr 5.87e-05
step    260 | train_loss 3.8361 | lr 5.85e-05
step    270 | train_loss 3.8628 | lr 5.83e-05
step    280 | train_loss 3.9466 | lr 5.81e-05
step    290 | train_loss 3.8882 | lr 5.79e-05
step    300 | train_loss 4.0100 | lr 5.77e-05
step    310 | train_loss 3.9980 | lr 5.75e-05
step    320 | train_loss 3.9777 | lr 5.72e-05
step    330 | train_loss 4.2358 | lr 5.70e-05
step    340 | train_loss 3.8207 | lr 5.67e-05
step    350 | train_loss 4.0171 | lr 5.64e-05
step    360 | train_loss 3.9299 | lr 5.61e-05
step    370 | train_loss 3.8878 | lr 5.58e-05
step    380 | train_loss 4.1415 | lr 5.55e-05
step    390 | train_loss 4.0404 | lr 5.52e-05
step    400 | train_loss 3.7097 | lr 5.49e-05
step    410 | train_loss 3.9449 | lr 5.45e-05
step    420 | train_loss 4.1202 | lr 5.42e-05
step    430 | train_loss 4.1570 | lr 5.38e-05
step    440 | train_loss 4.0884 | lr 5.35e-05
step    450 | train_loss 4.0790 | lr 5.31e-05
step    456 | val_loss 3.8806 | val_ppl 48.45
step    460 | train_loss 3.7513 | lr 5.27e-05
step    470 | train_loss 4.0622 | lr 5.23e-05
step    480 | train_loss 4.0419 | lr 5.19e-05
step    490 | train_loss 3.9863 | lr 5.15e-05
step    500 | train_loss 3.8545 | lr 5.11e-05
step    510 | train_loss 3.8730 | lr 5.07e-05
step    520 | train_loss 3.9385 | lr 5.03e-05
step    530 | train_loss 3.6707 | lr 4.98e-05
step    540 | train_loss 3.9739 | lr 4.94e-05
step    550 | train_loss 3.8809 | lr 4.89e-05
step    560 | train_loss 3.8932 | lr 4.85e-05
step    570 | train_loss 3.7557 | lr 4.80e-05
step    580 | train_loss 4.0106 | lr 4.75e-05
step    590 | train_loss 3.7492 | lr 4.70e-05
step    600 | train_loss 3.7483 | lr 4.65e-05
step    610 | train_loss 3.8088 | lr 4.61e-05
step    620 | train_loss 4.0316 | lr 4.56e-05
step    630 | train_loss 3.7468 | lr 4.51e-05
step    640 | train_loss 3.9026 | lr 4.45e-05
step    650 | train_loss 3.8446 | lr 4.40e-05
step    660 | train_loss 3.8387 | lr 4.35e-05
step    670 | train_loss 3.9446 | lr 4.30e-05
step    680 | train_loss 3.4816 | lr 4.25e-05
step    684 | val_loss 3.8343 | val_ppl 46.26
step    690 | train_loss 3.9948 | lr 4.19e-05
step    700 | train_loss 3.7912 | lr 4.14e-05
step    710 | train_loss 3.8505 | lr 4.09e-05
step    720 | train_loss 3.7687 | lr 4.03e-05
step    730 | train_loss 3.8052 | lr 3.98e-05
step    740 | train_loss 3.7717 | lr 3.92e-05
step    750 | train_loss 3.7990 | lr 3.87e-05
step    760 | train_loss 3.9248 | lr 3.81e-05
step    770 | train_loss 3.9129 | lr 3.76e-05
step    780 | train_loss 3.9805 | lr 3.70e-05
step    790 | train_loss 4.0456 | lr 3.64e-05
step    800 | train_loss 3.9736 | lr 3.59e-05
step    810 | train_loss 3.7636 | lr 3.53e-05
step    820 | train_loss 3.6322 | lr 3.48e-05
step    830 | train_loss 3.7892 | lr 3.42e-05
step    840 | train_loss 3.7106 | lr 3.36e-05
step    850 | train_loss 3.7716 | lr 3.31e-05
step    860 | train_loss 3.6131 | lr 3.25e-05
step    870 | train_loss 3.6343 | lr 3.19e-05
step    880 | train_loss 3.7897 | lr 3.14e-05
step    890 | train_loss 3.7530 | lr 3.08e-05
step    900 | train_loss 4.1305 | lr 3.02e-05
step    910 | train_loss 3.5146 | lr 2.97e-05
step    912 | val_loss 3.8094 | val_ppl 45.12
step    920 | train_loss 3.7670 | lr 2.91e-05
step    930 | train_loss 3.7892 | lr 2.86e-05
step    940 | train_loss 3.7467 | lr 2.80e-05
step    950 | train_loss 3.9894 | lr 2.74e-05
step    960 | train_loss 4.1694 | lr 2.69e-05
step    970 | train_loss 3.8502 | lr 2.63e-05
step    980 | train_loss 3.8782 | lr 2.58e-05
step    990 | train_loss 3.8773 | lr 2.53e-05
step   1000 | train_loss 3.4093 | lr 2.47e-05
step   1010 | train_loss 3.8650 | lr 2.42e-05
step   1020 | train_loss 3.6687 | lr 2.36e-05
step   1030 | train_loss 3.9452 | lr 2.31e-05
step   1040 | train_loss 4.1075 | lr 2.26e-05
step   1050 | train_loss 3.8082 | lr 2.21e-05
step   1060 | train_loss 3.9980 | lr 2.16e-05
step   1070 | train_loss 3.8787 | lr 2.10e-05
step   1080 | train_loss 3.6744 | lr 2.05e-05
step   1090 | train_loss 3.9017 | lr 2.00e-05
step   1100 | train_loss 3.6274 | lr 1.95e-05
step   1110 | train_loss 3.8726 | lr 1.91e-05
step   1120 | train_loss 3.7993 | lr 1.86e-05
step   1130 | train_loss 3.7839 | lr 1.81e-05
step   1140 | train_loss 3.9244 | lr 1.76e-05
step   1140 | val_loss 3.7917 | val_ppl 44.33
step   1150 | train_loss 4.1257 | lr 1.72e-05
step   1160 | train_loss 4.0192 | lr 1.67e-05
step   1170 | train_loss 3.9269 | lr 1.63e-05
step   1180 | train_loss 3.5495 | lr 1.58e-05
step   1190 | train_loss 3.8542 | lr 1.54e-05
step   1200 | train_loss 3.8917 | lr 1.50e-05
step   1210 | train_loss 3.5738 | lr 1.46e-05
step   1220 | train_loss 3.7775 | lr 1.41e-05
step   1230 | train_loss 3.8102 | lr 1.37e-05
step   1240 | train_loss 3.7850 | lr 1.34e-05
step   1250 | train_loss 3.9192 | lr 1.30e-05
step   1260 | train_loss 3.5955 | lr 1.26e-05
step   1270 | train_loss 3.7856 | lr 1.22e-05
step   1280 | train_loss 3.8665 | lr 1.19e-05
step   1290 | train_loss 3.5613 | lr 1.15e-05
step   1300 | train_loss 4.1453 | lr 1.12e-05
step   1310 | train_loss 3.6606 | lr 1.09e-05
step   1320 | train_loss 3.6841 | lr 1.05e-05
step   1330 | train_loss 4.2713 | lr 1.02e-05
step   1340 | train_loss 3.8631 | lr 9.93e-06
step   1350 | train_loss 3.7765 | lr 9.65e-06
step   1360 | train_loss 3.9398 | lr 9.37e-06
step   1368 | val_loss 3.7786 | val_ppl 43.76
step   1370 | train_loss 3.6853 | lr 9.10e-06
step   1380 | train_loss 3.9069 | lr 8.84e-06
step   1390 | train_loss 3.6696 | lr 8.59e-06
step   1400 | train_loss 3.9766 | lr 8.36e-06
step   1410 | train_loss 3.6630 | lr 8.13e-06
step   1420 | train_loss 3.8394 | lr 7.92e-06
step   1430 | train_loss 3.9612 | lr 7.71e-06
step   1440 | train_loss 3.7686 | lr 7.52e-06
step   1450 | train_loss 3.7168 | lr 7.34e-06
step   1460 | train_loss 3.7700 | lr 7.17e-06
step   1470 | train_loss 3.7726 | lr 7.01e-06
step   1480 | train_loss 3.7229 | lr 6.86e-06
step   1490 | train_loss 4.0514 | lr 6.73e-06
step   1500 | train_loss 3.8472 | lr 6.60e-06
step   1510 | train_loss 3.4779 | lr 6.49e-06
step   1520 | train_loss 3.7861 | lr 6.39e-06
step   1530 | train_loss 3.7085 | lr 6.30e-06
step   1540 | train_loss 3.7165 | lr 6.22e-06
step   1550 | train_loss 3.9294 | lr 6.15e-06
step   1560 | train_loss 3.6697 | lr 6.10e-06
step   1570 | train_loss 3.7771 | lr 6.06e-06
step   1580 | train_loss 3.7786 | lr 6.03e-06
step   1590 | train_loss 3.8569 | lr 6.01e-06
step   1596 | val_loss 3.7736 | val_ppl 43.54
step   1600 | train_loss 3.8141 | lr 6.00e-06
step   1600 | val_loss 3.7740 | val_ppl 43.55
Saved checkpoint to /home/system/projects/AuthLLM/checkpoints/lr_scaling_mini/alpaca_unpacked_1600_lr6e-05_seed1337/step_1600.pt
