Data: 50,867 train / 1,039 val examples (68 dropped as longer than 512 tokens)
Model: mini (7,292,032 parameters), initialized from checkpoints/mini/step_4400.pt (step 4400)
step     10 | train_loss 4.5427 | lr 9.00e-06
step     20 | train_loss 4.0366 | lr 1.80e-05
step     30 | train_loss 4.2429 | lr 2.70e-05
step     40 | train_loss 4.3467 | lr 3.60e-05
step     50 | train_loss 4.2798 | lr 4.50e-05
step     60 | train_loss 4.1039 | lr 5.40e-05
step     70 | train_loss 3.8848 | lr 6.30e-05
step     80 | train_loss 3.9739 | lr 7.20e-05
step     90 | train_loss 4.3406 | lr 8.10e-05
step    100 | train_loss 4.3732 | lr 9.00e-05
step    110 | train_loss 4.2221 | lr 9.00e-05
step    120 | train_loss 3.8471 | lr 9.00e-05
step    130 | train_loss 3.8515 | lr 8.99e-05
step    140 | train_loss 4.0581 | lr 8.99e-05
step    150 | train_loss 3.9957 | lr 8.98e-05
step    160 | train_loss 3.8999 | lr 8.97e-05
step    170 | train_loss 3.7995 | lr 8.96e-05
step    180 | train_loss 4.1393 | lr 8.94e-05
step    190 | train_loss 4.0812 | lr 8.93e-05
step    200 | train_loss 4.1117 | lr 8.91e-05
step    210 | train_loss 3.9170 | lr 8.89e-05
step    220 | train_loss 4.1597 | lr 8.87e-05
step    228 | val_loss 3.9927 | val_ppl 54.20
step    230 | train_loss 3.7275 | lr 8.85e-05
step    240 | train_loss 3.8374 | lr 8.83e-05
step    250 | train_loss 3.9245 | lr 8.80e-05
step    260 | train_loss 3.9410 | lr 8.78e-05
step    270 | train_loss 3.9223 | lr 8.75e-05
step    280 | train_loss 3.8992 | lr 8.72e-05
step    290 | train_loss 3.8526 | lr 8.69e-05
step    300 | train_loss 4.3538 | lr 8.65e-05
step    310 | train_loss 3.9497 | lr 8.62e-05
step    320 | train_loss 4.0421 | lr 8.58e-05
step    330 | train_loss 3.6789 | lr 8.54e-05
step    340 | train_loss 4.1660 | lr 8.50e-05
step    350 | train_loss 3.9096 | lr 8.46e-05
step    360 | train_loss 3.8339 | lr 8.42e-05
step    370 | train_loss 3.7735 | lr 8.37e-05
step    380 | train_loss 3.8781 | lr 8.33e-05
step    390 | train_loss 3.7942 | lr 8.28e-05
step    400 | train_loss 4.0513 | lr 8.23e-05
step    410 | train_loss 4.0656 | lr 8.18e-05
step    420 | train_loss 3.8509 | lr 8.13e-05
step    430 | train_loss 3.8348 | lr 8.08e-05
step    440 | train_loss 3.7763 | lr 8.02e-05
step    450 | train_loss 3.7643 | lr 7.97e-05
step    456 | val_loss 3.9314 | val_ppl 50.98
step    460 | train_loss 3.6472 | lr 7.91e-05
step    470 | train_loss 3.9815 | lr 7.85e-05
step    480 | train_loss 3.6660 | lr 7.79e-05
step    490 | train_loss 4.0013 | lr 7.73e-05
step    500 | train_loss 3.9747 | lr 7.67e-05
step    510 | train_loss 3.8722 | lr 7.60e-05
step    520 | train_loss 3.7096 | lr 7.54e-05
step    530 | train_loss 3.7739 | lr 7.47e-05
step    540 | train_loss 3.8317 | lr 7.41e-05
step    550 | train_loss 3.8933 | lr 7.34e-05
step    560 | train_loss 3.7309 | lr 7.27e-05
step    570 | train_loss 4.0365 | lr 7.20e-05
step    580 | train_loss 3.8707 | lr 7.13e-05
step    590 | train_loss 3.7176 | lr 7.06e-05
step    600 | train_loss 3.6845 | lr 6.98e-05
step    610 | train_loss 3.8970 | lr 6.91e-05
step    620 | train_loss 3.5215 | lr 6.83e-05
step    630 | train_loss 3.8881 | lr 6.76e-05
step    640 | train_loss 4.0023 | lr 6.68e-05
step    650 | train_loss 4.1593 | lr 6.61e-05
step    660 | train_loss 3.6847 | lr 6.53e-05
step    670 | train_loss 3.8572 | lr 6.45e-05
step    680 | train_loss 3.9381 | lr 6.37e-05
step    684 | val_loss 3.8914 | val_ppl 48.98
step    690 | train_loss 3.8012 | lr 6.29e-05
step    700 | train_loss 3.7011 | lr 6.21e-05
step    710 | train_loss 3.9564 | lr 6.13e-05
step    720 | train_loss 3.7490 | lr 6.05e-05
step    730 | train_loss 3.8265 | lr 5.97e-05
step    740 | train_loss 3.9069 | lr 5.88e-05
step    750 | train_loss 3.9056 | lr 5.80e-05
step    760 | train_loss 3.9013 | lr 5.72e-05
step    770 | train_loss 3.9224 | lr 5.63e-05
step    780 | train_loss 3.9400 | lr 5.55e-05
step    790 | train_loss 3.8785 | lr 5.47e-05
step    800 | train_loss 3.9335 | lr 5.38e-05
step    810 | train_loss 3.9671 | lr 5.30e-05
step    820 | train_loss 4.0070 | lr 5.21e-05
step    830 | train_loss 3.9178 | lr 5.13e-05
step    840 | train_loss 3.6615 | lr 5.04e-05
step    850 | train_loss 4.0840 | lr 4.96e-05
step    860 | train_loss 4.0535 | lr 4.87e-05
step    870 | train_loss 3.7356 | lr 4.79e-05
step    880 | train_loss 3.8914 | lr 4.70e-05
step    890 | train_loss 3.8804 | lr 4.62e-05
step    900 | train_loss 3.7425 | lr 4.54e-05
step    910 | train_loss 3.8674 | lr 4.45e-05
step    912 | val_loss 3.8688 | val_ppl 47.89
step    920 | train_loss 3.7944 | lr 4.37e-05
step    930 | train_loss 4.0207 | lr 4.28e-05
step    940 | train_loss 3.6825 | lr 4.20e-05
step    950 | train_loss 3.5893 | lr 4.12e-05
step    960 | train_loss 4.0572 | lr 4.03e-05
step    970 | train_loss 4.0994 | lr 3.95e-05
step    980 | train_loss 4.2183 | lr 3.87e-05
step    990 | train_loss 3.6836 | lr 3.79e-05
step   1000 | train_loss 3.9183 | lr 3.71e-05
step   1010 | train_loss 4.0665 | lr 3.63e-05
step   1020 | train_loss 3.9104 | lr 3.55e-05
step   1030 | train_loss 3.9462 | lr 3.47e-05
step   1040 | train_loss 3.8031 | lr 3.39e-05
step   1050 | train_loss 3.8815 | lr 3.31e-05
step   1060 | train_loss 3.6914 | lr 3.23e-05
step   1070 | train_loss 3.5956 | lr 3.16e-05
step   1080 | train_loss 3.7992 | lr 3.08e-05
step   1090 | train_loss 3.8413 | lr 3.01e-05
step   1100 | train_loss 3.7827 | lr 2.93e-05
step   1110 | train_loss 3.8606 | lr 2.86e-05
step   1120 | train_loss 3.7998 | lr 2.79e-05
step   1130 | train_loss 3.9054 | lr 2.72e-05
step   1140 | train_loss 3.6264 | lr 2.65e-05
step   1140 | val_loss 3.8515 | val_ppl 47.06
step   1150 | train_loss 3.8930 | lr 2.58e-05
step   1160 | train_loss 3.8041 | lr 2.51e-05
step   1170 | train_loss 3.9421 | lr 2.44e-05
step   1180 | train_loss 3.7422 | lr 2.37e-05
step   1190 | train_loss 3.9109 | lr 2.31e-05
step   1200 | train_loss 3.7980 | lr 2.25e-05
step   1210 | train_loss 4.0078 | lr 2.18e-05
step   1220 | train_loss 3.8813 | lr 2.12e-05
step   1230 | train_loss 4.0331 | lr 2.06e-05
step   1240 | train_loss 3.5043 | lr 2.00e-05
step   1250 | train_loss 3.7621 | lr 1.95e-05
step   1260 | train_loss 3.7136 | lr 1.89e-05
step   1270 | train_loss 3.7823 | lr 1.83e-05
step   1280 | train_loss 3.5993 | lr 1.78e-05
step   1290 | train_loss 3.6618 | lr 1.73e-05
step   1300 | train_loss 3.5872 | lr 1.68e-05
step   1310 | train_loss 3.5212 | lr 1.63e-05
step   1320 | train_loss 3.6792 | lr 1.58e-05
step   1330 | train_loss 4.0021 | lr 1.54e-05
step   1340 | train_loss 3.7896 | lr 1.49e-05
step   1350 | train_loss 3.8069 | lr 1.45e-05
step   1360 | train_loss 3.7596 | lr 1.41e-05
step   1368 | val_loss 3.8394 | val_ppl 46.50
step   1370 | train_loss 4.1279 | lr 1.36e-05
step   1380 | train_loss 3.6324 | lr 1.33e-05
step   1390 | train_loss 3.9580 | lr 1.29e-05
step   1400 | train_loss 3.9674 | lr 1.25e-05
step   1410 | train_loss 3.9044 | lr 1.22e-05
step   1420 | train_loss 3.6517 | lr 1.19e-05
step   1430 | train_loss 3.9563 | lr 1.16e-05
step   1440 | train_loss 3.7070 | lr 1.13e-05
step   1450 | train_loss 3.8135 | lr 1.10e-05
step   1460 | train_loss 3.8813 | lr 1.08e-05
step   1470 | train_loss 3.7029 | lr 1.05e-05
step   1480 | train_loss 3.9021 | lr 1.03e-05
step   1490 | train_loss 3.8945 | lr 1.01e-05
step   1500 | train_loss 3.9077 | lr 9.90e-06
step   1510 | train_loss 4.0480 | lr 9.73e-06
step   1520 | train_loss 3.6559 | lr 9.58e-06
step   1530 | train_loss 3.7278 | lr 9.45e-06
step   1540 | train_loss 3.6941 | lr 9.33e-06
step   1550 | train_loss 3.7482 | lr 9.23e-06
step   1560 | train_loss 3.6569 | lr 9.15e-06
step   1570 | train_loss 3.7386 | lr 9.09e-06
step   1580 | train_loss 3.4325 | lr 9.04e-06
step   1590 | train_loss 3.7848 | lr 9.01e-06
step   1596 | val_loss 3.8355 | val_ppl 46.31
step   1600 | train_loss 3.3450 | lr 9.00e-06
step   1600 | val_loss 3.8356 | val_ppl 46.32
Saved checkpoint to /home/system/projects/AuthLLM/checkpoints/lr_scaling_mini/alpaca_unpacked_1600_lr9e-05_seed1339/step_1600.pt
