Data: 16,956 train / 346 val examples (0 dropped as longer than 512 tokens)
Model: mini (7,292,032 parameters), initialized from checkpoints/mini/step_4400.pt (step 4400)
step     10 | train_loss 4.3421 | lr 7.58e-05
step     20 | train_loss 3.9820 | lr 1.52e-04
step     30 | train_loss 4.0513 | lr 2.27e-04
step     40 | train_loss 4.3151 | lr 2.50e-04
step     50 | train_loss 4.1173 | lr 2.49e-04
step     60 | train_loss 4.2078 | lr 2.48e-04
step     70 | train_loss 4.1117 | lr 2.47e-04
step     75 | val_loss 4.1146 | val_ppl 61.23
step     80 | train_loss 3.9826 | lr 2.45e-04
step     90 | train_loss 3.9149 | lr 2.43e-04
step    100 | train_loss 4.0838 | lr 2.40e-04
step    110 | train_loss 3.8978 | lr 2.37e-04
step    120 | train_loss 3.7111 | lr 2.34e-04
step    130 | train_loss 4.1484 | lr 2.30e-04
step    140 | train_loss 3.9092 | lr 2.26e-04
step    150 | train_loss 4.1070 | lr 2.21e-04
step    150 | val_loss 4.0318 | val_ppl 56.36
step    160 | train_loss 4.3614 | lr 2.16e-04
step    170 | train_loss 3.9018 | lr 2.11e-04
step    180 | train_loss 3.8293 | lr 2.05e-04
step    190 | train_loss 4.1820 | lr 2.00e-04
step    200 | train_loss 4.2535 | lr 1.94e-04
step    210 | train_loss 3.9338 | lr 1.87e-04
step    220 | train_loss 4.0364 | lr 1.81e-04
step    225 | val_loss 3.9840 | val_ppl 53.73
step    230 | train_loss 3.8434 | lr 1.74e-04
step    240 | train_loss 4.2099 | lr 1.67e-04
step    250 | train_loss 3.6618 | lr 1.60e-04
step    260 | train_loss 3.7838 | lr 1.53e-04
step    270 | train_loss 3.7407 | lr 1.46e-04
step    280 | train_loss 3.7331 | lr 1.39e-04
step    290 | train_loss 3.9309 | lr 1.32e-04
step    300 | train_loss 3.7111 | lr 1.25e-04
step    300 | val_loss 3.9311 | val_ppl 50.97
step    310 | train_loss 3.7583 | lr 1.18e-04
step    320 | train_loss 3.9993 | lr 1.11e-04
step    330 | train_loss 4.0080 | lr 1.04e-04
step    340 | train_loss 4.0251 | lr 9.75e-05
step    350 | train_loss 3.9990 | lr 9.09e-05
step    360 | train_loss 3.9466 | lr 8.46e-05
step    370 | train_loss 3.8610 | lr 7.84e-05
step    375 | val_loss 3.8988 | val_ppl 49.34
step    380 | train_loss 3.9875 | lr 7.25e-05
step    390 | train_loss 4.1968 | lr 6.68e-05
step    400 | train_loss 3.8696 | lr 6.14e-05
step    410 | train_loss 3.7939 | lr 5.63e-05
step    420 | train_loss 3.9643 | lr 5.16e-05
step    430 | train_loss 3.9488 | lr 4.72e-05
step    440 | train_loss 4.2280 | lr 4.31e-05
step    450 | train_loss 3.7503 | lr 3.94e-05
step    450 | val_loss 3.8723 | val_ppl 48.05
step    460 | train_loss 3.6817 | lr 3.61e-05
step    470 | train_loss 3.8206 | lr 3.33e-05
step    480 | train_loss 3.7811 | lr 3.08e-05
step    490 | train_loss 3.8000 | lr 2.88e-05
step    500 | train_loss 3.7500 | lr 2.72e-05
step    510 | train_loss 3.8335 | lr 2.60e-05
step    520 | train_loss 3.8155 | lr 2.53e-05
step    525 | val_loss 3.8609 | val_ppl 47.51
step    530 | train_loss 3.9963 | lr 2.50e-05
step    530 | val_loss 3.8606 | val_ppl 47.50
Saved checkpoint to /home/system/projects/AuthLLM/checkpoints/lr_scaling_mini/alpaca_third_unpacked_530_lr0.00025_seed1339/step_530.pt
