Data: 16,956 train / 346 val examples (0 dropped as longer than 512 tokens)
Model: mini (7,292,032 parameters), initialized from checkpoints/mini/step_4400.pt (step 4400)
step     10 | train_loss 4.3289 | lr 1.21e-04
step     20 | train_loss 3.9898 | lr 2.42e-04
step     30 | train_loss 4.0666 | lr 3.64e-04
step     40 | train_loss 4.3347 | lr 4.00e-04
step     50 | train_loss 4.1694 | lr 3.99e-04
step     60 | train_loss 4.2342 | lr 3.98e-04
step     70 | train_loss 4.1712 | lr 3.95e-04
step     75 | val_loss 4.1611 | val_ppl 64.14
step     80 | train_loss 4.0394 | lr 3.92e-04
step     90 | train_loss 3.9784 | lr 3.89e-04
step    100 | train_loss 4.1520 | lr 3.85e-04
step    110 | train_loss 3.9748 | lr 3.80e-04
step    120 | train_loss 3.7725 | lr 3.74e-04
step    130 | train_loss 4.2165 | lr 3.68e-04
step    140 | train_loss 3.9425 | lr 3.61e-04
step    150 | train_loss 4.1646 | lr 3.54e-04
step    150 | val_loss 4.1028 | val_ppl 60.51
step    160 | train_loss 4.4346 | lr 3.46e-04
step    170 | train_loss 3.9618 | lr 3.37e-04
step    180 | train_loss 3.8999 | lr 3.29e-04
step    190 | train_loss 4.2299 | lr 3.19e-04
step    200 | train_loss 4.3395 | lr 3.10e-04
step    210 | train_loss 3.9687 | lr 3.00e-04
step    220 | train_loss 4.0907 | lr 2.89e-04
step    225 | val_loss 4.0375 | val_ppl 56.68
step    230 | train_loss 3.8994 | lr 2.79e-04
step    240 | train_loss 4.2876 | lr 2.68e-04
step    250 | train_loss 3.7271 | lr 2.57e-04
step    260 | train_loss 3.8314 | lr 2.46e-04
step    270 | train_loss 3.7925 | lr 2.34e-04
step    280 | train_loss 3.7751 | lr 2.23e-04
step    290 | train_loss 3.9938 | lr 2.11e-04
step    300 | train_loss 3.7350 | lr 2.00e-04
step    300 | val_loss 3.9783 | val_ppl 53.42
step    310 | train_loss 3.8254 | lr 1.89e-04
step    320 | train_loss 4.0477 | lr 1.78e-04
step    330 | train_loss 4.0771 | lr 1.67e-04
step    340 | train_loss 4.0501 | lr 1.56e-04
step    350 | train_loss 4.0644 | lr 1.46e-04
step    360 | train_loss 3.9856 | lr 1.35e-04
step    370 | train_loss 3.9014 | lr 1.25e-04
step    375 | val_loss 3.9363 | val_ppl 51.23
step    380 | train_loss 4.0366 | lr 1.16e-04
step    390 | train_loss 4.2775 | lr 1.07e-04
step    400 | train_loss 3.9260 | lr 9.83e-05
step    410 | train_loss 3.8761 | lr 9.01e-05
step    420 | train_loss 4.0316 | lr 8.25e-05
step    430 | train_loss 4.0019 | lr 7.55e-05
step    440 | train_loss 4.2771 | lr 6.90e-05
step    450 | train_loss 3.7959 | lr 6.31e-05
step    450 | val_loss 3.8968 | val_ppl 49.24
step    460 | train_loss 3.6893 | lr 5.78e-05
step    470 | train_loss 3.8426 | lr 5.32e-05
step    480 | train_loss 3.7963 | lr 4.93e-05
step    490 | train_loss 3.8359 | lr 4.60e-05
step    500 | train_loss 3.7327 | lr 4.34e-05
step    510 | train_loss 3.8918 | lr 4.16e-05
step    520 | train_loss 3.8609 | lr 4.04e-05
step    525 | val_loss 3.8819 | val_ppl 48.52
step    530 | train_loss 4.0183 | lr 4.00e-05
step    530 | val_loss 3.8814 | val_ppl 48.49
Saved checkpoint to /home/system/projects/AuthLLM/checkpoints/lr_scaling_mini/alpaca_third_unpacked_530_lr0.0004_seed1339/step_530.pt
