Data: 50,868 train / 1,038 val examples (68 dropped as longer than 512 tokens)
Model: mini (7,292,032 parameters), initialized from checkpoints/mini/step_4400.pt (step 4400)
step     10 | train_loss 4.5903 | lr 9.00e-06
step     20 | train_loss 4.5003 | lr 1.80e-05
step     30 | train_loss 4.1629 | lr 2.70e-05
step     40 | train_loss 4.0286 | lr 3.60e-05
step     50 | train_loss 4.0662 | lr 4.50e-05
step     60 | train_loss 4.2017 | lr 5.40e-05
step     70 | train_loss 3.9333 | lr 6.30e-05
step     80 | train_loss 3.7982 | lr 7.20e-05
step     90 | train_loss 3.7504 | lr 8.10e-05
step    100 | train_loss 3.9546 | lr 9.00e-05
step    110 | train_loss 4.0845 | lr 9.00e-05
step    120 | train_loss 4.0920 | lr 9.00e-05
step    130 | train_loss 3.8814 | lr 8.99e-05
step    140 | train_loss 4.1243 | lr 8.99e-05
step    150 | train_loss 3.9950 | lr 8.98e-05
step    160 | train_loss 3.9462 | lr 8.97e-05
step    170 | train_loss 3.9737 | lr 8.96e-05
step    180 | train_loss 4.1554 | lr 8.94e-05
step    190 | train_loss 4.0793 | lr 8.93e-05
step    200 | train_loss 3.8337 | lr 8.91e-05
step    210 | train_loss 3.9176 | lr 8.89e-05
step    220 | train_loss 3.9922 | lr 8.87e-05
step    228 | val_loss 3.9311 | val_ppl 50.96
step    230 | train_loss 3.9096 | lr 8.85e-05
step    240 | train_loss 3.9482 | lr 8.83e-05
step    250 | train_loss 3.8880 | lr 8.80e-05
step    260 | train_loss 3.8162 | lr 8.78e-05
step    270 | train_loss 3.8409 | lr 8.75e-05
step    280 | train_loss 3.9165 | lr 8.72e-05
step    290 | train_loss 3.8650 | lr 8.69e-05
step    300 | train_loss 3.9891 | lr 8.65e-05
step    310 | train_loss 3.9906 | lr 8.62e-05
step    320 | train_loss 3.9664 | lr 8.58e-05
step    330 | train_loss 4.2441 | lr 8.54e-05
step    340 | train_loss 3.8240 | lr 8.50e-05
step    350 | train_loss 4.0109 | lr 8.46e-05
step    360 | train_loss 3.9099 | lr 8.42e-05
step    370 | train_loss 3.8665 | lr 8.37e-05
step    380 | train_loss 4.1309 | lr 8.33e-05
step    390 | train_loss 4.0140 | lr 8.28e-05
step    400 | train_loss 3.6865 | lr 8.23e-05
step    410 | train_loss 3.9281 | lr 8.18e-05
step    420 | train_loss 4.1033 | lr 8.13e-05
step    430 | train_loss 4.1574 | lr 8.08e-05
step    440 | train_loss 4.0663 | lr 8.02e-05
step    450 | train_loss 4.0634 | lr 7.97e-05
step    456 | val_loss 3.8682 | val_ppl 47.86
step    460 | train_loss 3.7395 | lr 7.91e-05
step    470 | train_loss 4.0456 | lr 7.85e-05
step    480 | train_loss 4.0288 | lr 7.79e-05
step    490 | train_loss 3.9750 | lr 7.73e-05
step    500 | train_loss 3.8332 | lr 7.67e-05
step    510 | train_loss 3.8592 | lr 7.60e-05
step    520 | train_loss 3.9065 | lr 7.54e-05
step    530 | train_loss 3.6454 | lr 7.47e-05
step    540 | train_loss 3.9499 | lr 7.41e-05
step    550 | train_loss 3.8702 | lr 7.34e-05
step    560 | train_loss 3.8595 | lr 7.27e-05
step    570 | train_loss 3.7460 | lr 7.20e-05
step    580 | train_loss 4.0086 | lr 7.13e-05
step    590 | train_loss 3.7291 | lr 7.06e-05
step    600 | train_loss 3.7399 | lr 6.98e-05
step    610 | train_loss 3.7911 | lr 6.91e-05
step    620 | train_loss 4.0395 | lr 6.83e-05
step    630 | train_loss 3.7379 | lr 6.76e-05
step    640 | train_loss 3.8873 | lr 6.68e-05
step    650 | train_loss 3.8287 | lr 6.61e-05
step    660 | train_loss 3.8282 | lr 6.53e-05
step    670 | train_loss 3.9323 | lr 6.45e-05
step    680 | train_loss 3.4510 | lr 6.37e-05
step    684 | val_loss 3.8183 | val_ppl 45.53
step    690 | train_loss 3.9991 | lr 6.29e-05
step    700 | train_loss 3.7730 | lr 6.21e-05
step    710 | train_loss 3.8431 | lr 6.13e-05
step    720 | train_loss 3.7520 | lr 6.05e-05
step    730 | train_loss 3.8031 | lr 5.97e-05
step    740 | train_loss 3.7571 | lr 5.88e-05
step    750 | train_loss 3.8109 | lr 5.80e-05
step    760 | train_loss 3.9200 | lr 5.72e-05
step    770 | train_loss 3.8682 | lr 5.63e-05
step    780 | train_loss 3.9869 | lr 5.55e-05
step    790 | train_loss 4.0328 | lr 5.47e-05
step    800 | train_loss 3.9596 | lr 5.38e-05
step    810 | train_loss 3.7649 | lr 5.30e-05
step    820 | train_loss 3.6235 | lr 5.21e-05
step    830 | train_loss 3.7669 | lr 5.13e-05
step    840 | train_loss 3.7034 | lr 5.04e-05
step    850 | train_loss 3.7478 | lr 4.96e-05
step    860 | train_loss 3.5812 | lr 4.87e-05
step    870 | train_loss 3.6283 | lr 4.79e-05
step    880 | train_loss 3.7583 | lr 4.70e-05
step    890 | train_loss 3.7363 | lr 4.62e-05
step    900 | train_loss 4.1112 | lr 4.54e-05
step    910 | train_loss 3.4893 | lr 4.45e-05
step    912 | val_loss 3.7946 | val_ppl 44.46
step    920 | train_loss 3.7560 | lr 4.37e-05
step    930 | train_loss 3.7723 | lr 4.28e-05
step    940 | train_loss 3.7225 | lr 4.20e-05
step    950 | train_loss 3.9943 | lr 4.12e-05
step    960 | train_loss 4.1828 | lr 4.03e-05
step    970 | train_loss 3.8587 | lr 3.95e-05
step    980 | train_loss 3.8756 | lr 3.87e-05
step    990 | train_loss 3.8624 | lr 3.79e-05
step   1000 | train_loss 3.3913 | lr 3.71e-05
step   1010 | train_loss 3.8767 | lr 3.63e-05
step   1020 | train_loss 3.6779 | lr 3.55e-05
step   1030 | train_loss 3.9299 | lr 3.47e-05
step   1040 | train_loss 4.0741 | lr 3.39e-05
step   1050 | train_loss 3.8135 | lr 3.31e-05
step   1060 | train_loss 3.9718 | lr 3.23e-05
step   1070 | train_loss 3.8826 | lr 3.16e-05
step   1080 | train_loss 3.6672 | lr 3.08e-05
step   1090 | train_loss 3.9002 | lr 3.01e-05
step   1100 | train_loss 3.6024 | lr 2.93e-05
step   1110 | train_loss 3.8800 | lr 2.86e-05
step   1120 | train_loss 3.7870 | lr 2.79e-05
step   1130 | train_loss 3.7889 | lr 2.72e-05
step   1140 | train_loss 3.9075 | lr 2.65e-05
step   1140 | val_loss 3.7759 | val_ppl 43.64
step   1150 | train_loss 4.0827 | lr 2.58e-05
step   1160 | train_loss 3.9794 | lr 2.51e-05
step   1170 | train_loss 3.9063 | lr 2.44e-05
step   1180 | train_loss 3.5110 | lr 2.37e-05
step   1190 | train_loss 3.8462 | lr 2.31e-05
step   1200 | train_loss 3.8887 | lr 2.25e-05
step   1210 | train_loss 3.5765 | lr 2.18e-05
step   1220 | train_loss 3.7676 | lr 2.12e-05
step   1230 | train_loss 3.8033 | lr 2.06e-05
step   1240 | train_loss 3.7754 | lr 2.00e-05
step   1250 | train_loss 3.9169 | lr 1.95e-05
step   1260 | train_loss 3.5533 | lr 1.89e-05
step   1270 | train_loss 3.7532 | lr 1.83e-05
step   1280 | train_loss 3.8508 | lr 1.78e-05
step   1290 | train_loss 3.5481 | lr 1.73e-05
step   1300 | train_loss 4.1278 | lr 1.68e-05
step   1310 | train_loss 3.6449 | lr 1.63e-05
step   1320 | train_loss 3.6888 | lr 1.58e-05
step   1330 | train_loss 4.2333 | lr 1.54e-05
step   1340 | train_loss 3.8493 | lr 1.49e-05
step   1350 | train_loss 3.7773 | lr 1.45e-05
step   1360 | train_loss 3.9010 | lr 1.41e-05
step   1368 | val_loss 3.7618 | val_ppl 43.03
step   1370 | train_loss 3.6570 | lr 1.36e-05
step   1380 | train_loss 3.9121 | lr 1.33e-05
step   1390 | train_loss 3.6601 | lr 1.29e-05
step   1400 | train_loss 3.9561 | lr 1.25e-05
step   1410 | train_loss 3.6470 | lr 1.22e-05
step   1420 | train_loss 3.8477 | lr 1.19e-05
step   1430 | train_loss 3.9625 | lr 1.16e-05
step   1440 | train_loss 3.7565 | lr 1.13e-05
step   1450 | train_loss 3.6899 | lr 1.10e-05
step   1460 | train_loss 3.7661 | lr 1.08e-05
step   1470 | train_loss 3.7602 | lr 1.05e-05
step   1480 | train_loss 3.6836 | lr 1.03e-05
step   1490 | train_loss 4.0580 | lr 1.01e-05
step   1500 | train_loss 3.8451 | lr 9.90e-06
step   1510 | train_loss 3.4562 | lr 9.73e-06
step   1520 | train_loss 3.7706 | lr 9.58e-06
step   1530 | train_loss 3.7088 | lr 9.45e-06
step   1540 | train_loss 3.6820 | lr 9.33e-06
step   1550 | train_loss 3.9144 | lr 9.23e-06
step   1560 | train_loss 3.6441 | lr 9.15e-06
step   1570 | train_loss 3.7485 | lr 9.09e-06
step   1580 | train_loss 3.7625 | lr 9.04e-06
step   1590 | train_loss 3.8049 | lr 9.01e-06
step   1596 | val_loss 3.7563 | val_ppl 42.79
step   1600 | train_loss 3.7879 | lr 9.00e-06
step   1600 | val_loss 3.7567 | val_ppl 42.81
Saved checkpoint to /home/system/projects/AuthLLM/checkpoints/lr_scaling_mini/alpaca_unpacked_1600_lr9e-05_seed1337/step_1600.pt
