Data: 16,956 train / 346 val examples (0 dropped as longer than 512 tokens)
Model: mini (7,292,032 parameters), initialized from checkpoints/mini/step_4400.pt (step 4400)
step     10 | train_loss 4.3866 | lr 2.73e-05
step     20 | train_loss 3.9895 | lr 5.45e-05
step     30 | train_loss 4.0827 | lr 8.18e-05
step     40 | train_loss 4.2978 | lr 9.00e-05
step     50 | train_loss 4.1032 | lr 8.98e-05
step     60 | train_loss 4.2383 | lr 8.95e-05
step     70 | train_loss 4.0943 | lr 8.90e-05
step     75 | val_loss 4.1026 | val_ppl 60.50
step     80 | train_loss 3.9706 | lr 8.83e-05
step     90 | train_loss 3.8996 | lr 8.75e-05
step    100 | train_loss 4.0705 | lr 8.65e-05
step    110 | train_loss 3.8923 | lr 8.54e-05
step    120 | train_loss 3.7253 | lr 8.42e-05
step    130 | train_loss 4.1056 | lr 8.28e-05
step    140 | train_loss 3.9145 | lr 8.12e-05
step    150 | train_loss 4.1555 | lr 7.96e-05
step    150 | val_loss 4.0174 | val_ppl 55.56
step    160 | train_loss 4.3084 | lr 7.78e-05
step    170 | train_loss 3.8960 | lr 7.59e-05
step    180 | train_loss 3.7645 | lr 7.39e-05
step    190 | train_loss 4.2116 | lr 7.19e-05
step    200 | train_loss 4.2112 | lr 6.97e-05
step    210 | train_loss 3.9658 | lr 6.74e-05
step    220 | train_loss 4.0402 | lr 6.51e-05
step    225 | val_loss 3.9725 | val_ppl 53.12
step    230 | train_loss 3.8344 | lr 6.27e-05
step    240 | train_loss 4.1733 | lr 6.02e-05
step    250 | train_loss 3.6304 | lr 5.78e-05
step    260 | train_loss 3.8218 | lr 5.52e-05
step    270 | train_loss 3.7465 | lr 5.27e-05
step    280 | train_loss 3.7347 | lr 5.01e-05
step    290 | train_loss 3.9186 | lr 4.76e-05
step    300 | train_loss 3.7755 | lr 4.50e-05
step    300 | val_loss 3.9396 | val_ppl 51.40
step    310 | train_loss 3.7233 | lr 4.25e-05
step    320 | train_loss 3.9978 | lr 4.00e-05
step    330 | train_loss 3.9776 | lr 3.75e-05
step    340 | train_loss 4.0565 | lr 3.51e-05
step    350 | train_loss 3.9863 | lr 3.27e-05
step    360 | train_loss 3.9785 | lr 3.04e-05
step    370 | train_loss 3.8633 | lr 2.82e-05
step    375 | val_loss 3.9172 | val_ppl 50.26
step    380 | train_loss 3.9552 | lr 2.61e-05
step    390 | train_loss 4.1706 | lr 2.40e-05
step    400 | train_loss 3.8577 | lr 2.21e-05
step    410 | train_loss 3.7472 | lr 2.03e-05
step    420 | train_loss 3.9374 | lr 1.86e-05
step    430 | train_loss 3.9357 | lr 1.70e-05
step    440 | train_loss 4.1828 | lr 1.55e-05
step    450 | train_loss 3.7422 | lr 1.42e-05
step    450 | val_loss 3.9025 | val_ppl 49.53
step    460 | train_loss 3.7453 | lr 1.30e-05
step    470 | train_loss 3.8664 | lr 1.20e-05
step    480 | train_loss 3.8433 | lr 1.11e-05
step    490 | train_loss 3.8028 | lr 1.04e-05
step    500 | train_loss 3.8512 | lr 9.78e-06
step    510 | train_loss 3.8083 | lr 9.36e-06
step    520 | train_loss 3.7893 | lr 9.10e-06
step    525 | val_loss 3.8959 | val_ppl 49.20
step    530 | train_loss 4.0220 | lr 9.00e-06
step    530 | val_loss 3.8956 | val_ppl 49.19
Saved checkpoint to /home/system/projects/AuthLLM/checkpoints/lr_scaling_mini/alpaca_third_unpacked_530_lr9e-05_seed1339/step_530.pt
