Data: 16,956 train / 346 val examples (0 dropped as longer than 512 tokens)
Model: mini (7,292,032 parameters), initialized from checkpoints/mini/step_4400.pt (step 4400)
step     10 | train_loss 4.3218 | lr 2.73e-05
step     20 | train_loss 4.5104 | lr 5.45e-05
step     30 | train_loss 4.2346 | lr 8.18e-05
step     40 | train_loss 4.0295 | lr 9.00e-05
step     50 | train_loss 4.1139 | lr 8.98e-05
step     60 | train_loss 4.0496 | lr 8.95e-05
step     70 | train_loss 4.2636 | lr 8.90e-05
step     75 | val_loss 4.0439 | val_ppl 57.05
step     80 | train_loss 4.0717 | lr 8.83e-05
step     90 | train_loss 4.0451 | lr 8.75e-05
step    100 | train_loss 3.9338 | lr 8.65e-05
step    110 | train_loss 3.9034 | lr 8.54e-05
step    120 | train_loss 3.9054 | lr 8.42e-05
step    130 | train_loss 3.9500 | lr 8.28e-05
step    140 | train_loss 4.0659 | lr 8.12e-05
step    150 | train_loss 3.7996 | lr 7.96e-05
step    150 | val_loss 3.9796 | val_ppl 53.50
step    160 | train_loss 3.9920 | lr 7.78e-05
step    170 | train_loss 4.0864 | lr 7.59e-05
step    180 | train_loss 3.8203 | lr 7.39e-05
step    190 | train_loss 4.0666 | lr 7.19e-05
step    200 | train_loss 3.8113 | lr 6.97e-05
step    210 | train_loss 3.5250 | lr 6.74e-05
step    220 | train_loss 3.8631 | lr 6.51e-05
step    225 | val_loss 3.9365 | val_ppl 51.24
step    230 | train_loss 3.9155 | lr 6.27e-05
step    240 | train_loss 3.6379 | lr 6.02e-05
step    250 | train_loss 3.9031 | lr 5.78e-05
step    260 | train_loss 4.1679 | lr 5.52e-05
step    270 | train_loss 3.9211 | lr 5.27e-05
step    280 | train_loss 3.8060 | lr 5.01e-05
step    290 | train_loss 3.8383 | lr 4.76e-05
step    300 | train_loss 3.9185 | lr 4.50e-05
step    300 | val_loss 3.9078 | val_ppl 49.79
step    310 | train_loss 3.6340 | lr 4.25e-05
step    320 | train_loss 3.8206 | lr 4.00e-05
step    330 | train_loss 4.1112 | lr 3.75e-05
step    340 | train_loss 4.0491 | lr 3.51e-05
step    350 | train_loss 3.8487 | lr 3.27e-05
step    360 | train_loss 3.8585 | lr 3.04e-05
step    370 | train_loss 3.9769 | lr 2.82e-05
step    375 | val_loss 3.8878 | val_ppl 48.81
step    380 | train_loss 3.8797 | lr 2.61e-05
step    390 | train_loss 3.8245 | lr 2.40e-05
step    400 | train_loss 3.8350 | lr 2.21e-05
step    410 | train_loss 3.6588 | lr 2.03e-05
step    420 | train_loss 3.8627 | lr 1.86e-05
step    430 | train_loss 4.2649 | lr 1.70e-05
step    440 | train_loss 3.9762 | lr 1.55e-05
step    450 | train_loss 3.9211 | lr 1.42e-05
step    450 | val_loss 3.8751 | val_ppl 48.19
step    460 | train_loss 3.7573 | lr 1.30e-05
step    470 | train_loss 3.6427 | lr 1.20e-05
step    480 | train_loss 3.5011 | lr 1.11e-05
step    490 | train_loss 4.0437 | lr 1.04e-05
step    500 | train_loss 3.8027 | lr 9.78e-06
step    510 | train_loss 3.8919 | lr 9.36e-06
step    520 | train_loss 3.8459 | lr 9.10e-06
step    525 | val_loss 3.8667 | val_ppl 47.79
step    530 | train_loss 3.9219 | lr 9.00e-06
step    530 | val_loss 3.8668 | val_ppl 47.79
Saved checkpoint to /home/system/projects/AuthLLM/checkpoints/lr_scaling_mini/alpaca_third_unpacked_530_lr9e-05_seed1338/step_530.pt
