Data: 16,956 train / 346 val examples (0 dropped as longer than 512 tokens)
Model: mini (7,292,032 parameters), initialized from checkpoints/mini/step_4400.pt (step 4400)
step     10 | train_loss 4.4108 | lr 1.82e-05
step     20 | train_loss 4.2194 | lr 3.64e-05
step     30 | train_loss 4.1012 | lr 5.45e-05
step     40 | train_loss 4.2491 | lr 6.00e-05
step     50 | train_loss 3.9970 | lr 5.99e-05
step     60 | train_loss 3.9952 | lr 5.96e-05
step     70 | train_loss 4.1169 | lr 5.93e-05
step     75 | val_loss 4.0685 | val_ppl 58.47
step     80 | train_loss 4.1202 | lr 5.89e-05
step     90 | train_loss 3.9751 | lr 5.83e-05
step    100 | train_loss 3.8151 | lr 5.77e-05
step    110 | train_loss 3.9213 | lr 5.69e-05
step    120 | train_loss 3.8616 | lr 5.61e-05
step    130 | train_loss 4.0479 | lr 5.52e-05
step    140 | train_loss 4.2099 | lr 5.42e-05
step    150 | train_loss 3.8731 | lr 5.31e-05
step    150 | val_loss 3.9967 | val_ppl 54.42
step    160 | train_loss 4.1311 | lr 5.19e-05
step    170 | train_loss 4.1136 | lr 5.06e-05
step    180 | train_loss 3.9538 | lr 4.93e-05
step    190 | train_loss 3.7479 | lr 4.79e-05
step    200 | train_loss 4.0439 | lr 4.65e-05
step    210 | train_loss 3.9061 | lr 4.49e-05
step    220 | train_loss 4.0023 | lr 4.34e-05
step    225 | val_loss 3.9526 | val_ppl 52.07
step    230 | train_loss 3.9073 | lr 4.18e-05
step    240 | train_loss 3.8787 | lr 4.02e-05
step    250 | train_loss 3.9817 | lr 3.85e-05
step    260 | train_loss 3.9743 | lr 3.68e-05
step    270 | train_loss 4.1990 | lr 3.51e-05
step    280 | train_loss 3.7859 | lr 3.34e-05
step    290 | train_loss 4.1107 | lr 3.17e-05
step    300 | train_loss 3.8242 | lr 3.00e-05
step    300 | val_loss 3.9261 | val_ppl 50.71
step    310 | train_loss 4.1525 | lr 2.83e-05
step    320 | train_loss 3.8020 | lr 2.67e-05
step    330 | train_loss 3.9544 | lr 2.50e-05
step    340 | train_loss 3.9613 | lr 2.34e-05
step    350 | train_loss 4.1875 | lr 2.18e-05
step    360 | train_loss 3.8288 | lr 2.03e-05
step    370 | train_loss 3.9825 | lr 1.88e-05
step    375 | val_loss 3.9098 | val_ppl 49.89
step    380 | train_loss 4.3242 | lr 1.74e-05
step    390 | train_loss 3.7070 | lr 1.60e-05
step    400 | train_loss 3.7748 | lr 1.47e-05
step    410 | train_loss 3.8462 | lr 1.35e-05
step    420 | train_loss 3.7782 | lr 1.24e-05
step    430 | train_loss 4.1328 | lr 1.13e-05
step    440 | train_loss 3.7596 | lr 1.03e-05
step    450 | train_loss 3.9287 | lr 9.46e-06
step    450 | val_loss 3.9009 | val_ppl 49.45
step    460 | train_loss 4.1069 | lr 8.67e-06
step    470 | train_loss 3.6301 | lr 7.98e-06
step    480 | train_loss 4.0296 | lr 7.39e-06
step    490 | train_loss 3.7523 | lr 6.90e-06
step    500 | train_loss 4.1006 | lr 6.52e-06
step    510 | train_loss 3.8443 | lr 6.24e-06
step    520 | train_loss 3.9713 | lr 6.07e-06
step    525 | val_loss 3.8951 | val_ppl 49.16
step    530 | train_loss 3.4906 | lr 6.00e-06
step    530 | val_loss 3.8946 | val_ppl 49.14
Saved checkpoint to /home/system/projects/AuthLLM/checkpoints/lr_scaling_mini/alpaca_third_unpacked_530_lr6e-05_seed1337/step_530.pt
