Data: 50,867 train / 1,039 val examples (68 dropped as longer than 512 tokens)
Model: mini (7,292,032 parameters), initialized from checkpoints/mini/step_4400.pt (step 4400)
step     10 | train_loss 4.5557 | lr 6.00e-06
step     20 | train_loss 4.0703 | lr 1.20e-05
step     30 | train_loss 4.2614 | lr 1.80e-05
step     40 | train_loss 4.3629 | lr 2.40e-05
step     50 | train_loss 4.2979 | lr 3.00e-05
step     60 | train_loss 4.1179 | lr 3.60e-05
step     70 | train_loss 3.8965 | lr 4.20e-05
step     80 | train_loss 3.9943 | lr 4.80e-05
step     90 | train_loss 4.3558 | lr 5.40e-05
step    100 | train_loss 4.3882 | lr 6.00e-05
step    110 | train_loss 4.2324 | lr 6.00e-05
step    120 | train_loss 3.8707 | lr 6.00e-05
step    130 | train_loss 3.8719 | lr 6.00e-05
step    140 | train_loss 4.0781 | lr 5.99e-05
step    150 | train_loss 4.0157 | lr 5.99e-05
step    160 | train_loss 3.9218 | lr 5.98e-05
step    170 | train_loss 3.8154 | lr 5.97e-05
step    180 | train_loss 4.1720 | lr 5.96e-05
step    190 | train_loss 4.1102 | lr 5.95e-05
step    200 | train_loss 4.1406 | lr 5.94e-05
step    210 | train_loss 3.9313 | lr 5.93e-05
step    220 | train_loss 4.1889 | lr 5.92e-05
step    228 | val_loss 4.0068 | val_ppl 54.97
step    230 | train_loss 3.7416 | lr 5.90e-05
step    240 | train_loss 3.8658 | lr 5.89e-05
step    250 | train_loss 3.9507 | lr 5.87e-05
step    260 | train_loss 3.9510 | lr 5.85e-05
step    270 | train_loss 3.9566 | lr 5.83e-05
step    280 | train_loss 3.9115 | lr 5.81e-05
step    290 | train_loss 3.8910 | lr 5.79e-05
step    300 | train_loss 4.3817 | lr 5.77e-05
step    310 | train_loss 3.9841 | lr 5.75e-05
step    320 | train_loss 4.0694 | lr 5.72e-05
step    330 | train_loss 3.6957 | lr 5.70e-05
step    340 | train_loss 4.1769 | lr 5.67e-05
step    350 | train_loss 3.9152 | lr 5.64e-05
step    360 | train_loss 3.8419 | lr 5.61e-05
step    370 | train_loss 3.7949 | lr 5.58e-05
step    380 | train_loss 3.8853 | lr 5.55e-05
step    390 | train_loss 3.8253 | lr 5.52e-05
step    400 | train_loss 4.0863 | lr 5.49e-05
step    410 | train_loss 4.0759 | lr 5.45e-05
step    420 | train_loss 3.8849 | lr 5.42e-05
step    430 | train_loss 3.8633 | lr 5.38e-05
step    440 | train_loss 3.8029 | lr 5.35e-05
step    450 | train_loss 3.7745 | lr 5.31e-05
step    456 | val_loss 3.9415 | val_ppl 51.49
step    460 | train_loss 3.6500 | lr 5.27e-05
step    470 | train_loss 3.9880 | lr 5.23e-05
step    480 | train_loss 3.7027 | lr 5.19e-05
step    490 | train_loss 3.9960 | lr 5.15e-05
step    500 | train_loss 3.9979 | lr 5.11e-05
step    510 | train_loss 3.8805 | lr 5.07e-05
step    520 | train_loss 3.7308 | lr 5.03e-05
step    530 | train_loss 3.7745 | lr 4.98e-05
step    540 | train_loss 3.8373 | lr 4.94e-05
step    550 | train_loss 3.9100 | lr 4.89e-05
step    560 | train_loss 3.7610 | lr 4.85e-05
step    570 | train_loss 4.0368 | lr 4.80e-05
step    580 | train_loss 3.8818 | lr 4.75e-05
step    590 | train_loss 3.7203 | lr 4.70e-05
step    600 | train_loss 3.7146 | lr 4.65e-05
step    610 | train_loss 3.9225 | lr 4.61e-05
step    620 | train_loss 3.5326 | lr 4.56e-05
step    630 | train_loss 3.8896 | lr 4.51e-05
step    640 | train_loss 4.0183 | lr 4.45e-05
step    650 | train_loss 4.2067 | lr 4.40e-05
step    660 | train_loss 3.6948 | lr 4.35e-05
step    670 | train_loss 3.8845 | lr 4.30e-05
step    680 | train_loss 3.9505 | lr 4.25e-05
step    684 | val_loss 3.9011 | val_ppl 49.46
step    690 | train_loss 3.8134 | lr 4.19e-05
step    700 | train_loss 3.7284 | lr 4.14e-05
step    710 | train_loss 3.9711 | lr 4.09e-05
step    720 | train_loss 3.7665 | lr 4.03e-05
step    730 | train_loss 3.8297 | lr 3.98e-05
step    740 | train_loss 3.9345 | lr 3.92e-05
step    750 | train_loss 3.9267 | lr 3.87e-05
step    760 | train_loss 3.9041 | lr 3.81e-05
step    770 | train_loss 3.9353 | lr 3.76e-05
step    780 | train_loss 3.9322 | lr 3.70e-05
step    790 | train_loss 3.8910 | lr 3.64e-05
step    800 | train_loss 3.9368 | lr 3.59e-05
step    810 | train_loss 3.9815 | lr 3.53e-05
step    820 | train_loss 3.9962 | lr 3.48e-05
step    830 | train_loss 3.9224 | lr 3.42e-05
step    840 | train_loss 3.6712 | lr 3.36e-05
step    850 | train_loss 4.0683 | lr 3.31e-05
step    860 | train_loss 4.0648 | lr 3.25e-05
step    870 | train_loss 3.7515 | lr 3.19e-05
step    880 | train_loss 3.8963 | lr 3.14e-05
step    890 | train_loss 3.8771 | lr 3.08e-05
step    900 | train_loss 3.7586 | lr 3.02e-05
step    910 | train_loss 3.8819 | lr 2.97e-05
step    912 | val_loss 3.8776 | val_ppl 48.31
step    920 | train_loss 3.8192 | lr 2.91e-05
step    930 | train_loss 4.0002 | lr 2.86e-05
step    940 | train_loss 3.7164 | lr 2.80e-05
step    950 | train_loss 3.6336 | lr 2.74e-05
step    960 | train_loss 4.0713 | lr 2.69e-05
step    970 | train_loss 4.1000 | lr 2.63e-05
step    980 | train_loss 4.2061 | lr 2.58e-05
step    990 | train_loss 3.7070 | lr 2.53e-05
step   1000 | train_loss 3.9104 | lr 2.47e-05
step   1010 | train_loss 4.0995 | lr 2.42e-05
step   1020 | train_loss 3.9216 | lr 2.36e-05
step   1030 | train_loss 3.9826 | lr 2.31e-05
step   1040 | train_loss 3.7808 | lr 2.26e-05
step   1050 | train_loss 3.9034 | lr 2.21e-05
step   1060 | train_loss 3.7247 | lr 2.16e-05
step   1070 | train_loss 3.6194 | lr 2.10e-05
step   1080 | train_loss 3.8346 | lr 2.05e-05
step   1090 | train_loss 3.8409 | lr 2.00e-05
step   1100 | train_loss 3.7875 | lr 1.95e-05
step   1110 | train_loss 3.8633 | lr 1.91e-05
step   1120 | train_loss 3.8127 | lr 1.86e-05
step   1130 | train_loss 3.9091 | lr 1.81e-05
step   1140 | train_loss 3.6493 | lr 1.76e-05
step   1140 | val_loss 3.8611 | val_ppl 47.52
step   1150 | train_loss 3.8838 | lr 1.72e-05
step   1160 | train_loss 3.8213 | lr 1.67e-05
step   1170 | train_loss 3.9508 | lr 1.63e-05
step   1180 | train_loss 3.7785 | lr 1.58e-05
step   1190 | train_loss 3.9047 | lr 1.54e-05
step   1200 | train_loss 3.8114 | lr 1.50e-05
step   1210 | train_loss 4.0053 | lr 1.46e-05
step   1220 | train_loss 3.8926 | lr 1.41e-05
step   1230 | train_loss 4.0477 | lr 1.37e-05
step   1240 | train_loss 3.5182 | lr 1.34e-05
step   1250 | train_loss 3.7753 | lr 1.30e-05
step   1260 | train_loss 3.7442 | lr 1.26e-05
step   1270 | train_loss 3.7724 | lr 1.22e-05
step   1280 | train_loss 3.6215 | lr 1.19e-05
step   1290 | train_loss 3.6757 | lr 1.15e-05
step   1300 | train_loss 3.5846 | lr 1.12e-05
step   1310 | train_loss 3.5579 | lr 1.09e-05
step   1320 | train_loss 3.7076 | lr 1.05e-05
step   1330 | train_loss 3.9828 | lr 1.02e-05
step   1340 | train_loss 3.7977 | lr 9.93e-06
step   1350 | train_loss 3.8332 | lr 9.65e-06
step   1360 | train_loss 3.7734 | lr 9.37e-06
step   1368 | val_loss 3.8503 | val_ppl 47.01
step   1370 | train_loss 4.1461 | lr 9.10e-06
step   1380 | train_loss 3.6350 | lr 8.84e-06
step   1390 | train_loss 4.0085 | lr 8.59e-06
step   1400 | train_loss 3.9933 | lr 8.36e-06
step   1410 | train_loss 3.9244 | lr 8.13e-06
step   1420 | train_loss 3.6797 | lr 7.92e-06
step   1430 | train_loss 4.0097 | lr 7.71e-06
step   1440 | train_loss 3.7396 | lr 7.52e-06
step   1450 | train_loss 3.8230 | lr 7.34e-06
step   1460 | train_loss 3.8959 | lr 7.17e-06
step   1470 | train_loss 3.7097 | lr 7.01e-06
step   1480 | train_loss 3.8970 | lr 6.86e-06
step   1490 | train_loss 3.9034 | lr 6.73e-06
step   1500 | train_loss 3.9304 | lr 6.60e-06
step   1510 | train_loss 4.0387 | lr 6.49e-06
step   1520 | train_loss 3.7139 | lr 6.39e-06
step   1530 | train_loss 3.7693 | lr 6.30e-06
step   1540 | train_loss 3.6896 | lr 6.22e-06
step   1550 | train_loss 3.7506 | lr 6.15e-06
step   1560 | train_loss 3.6535 | lr 6.10e-06
step   1570 | train_loss 3.7670 | lr 6.06e-06
step   1580 | train_loss 3.4894 | lr 6.03e-06
step   1590 | train_loss 3.8096 | lr 6.01e-06
step   1596 | val_loss 3.8468 | val_ppl 46.84
step   1600 | train_loss 3.3623 | lr 6.00e-06
step   1600 | val_loss 3.8469 | val_ppl 46.85
Saved checkpoint to /home/system/projects/AuthLLM/checkpoints/lr_scaling_mini/alpaca_unpacked_1600_lr6e-05_seed1339/step_1600.pt
