Data: 16,956 train / 346 val examples (0 dropped as longer than 512 tokens)
Packing: 16,956 examples into 3,761 windows (4.5 per window, 98.7% of positions used)
Model: mini (7,292,032 parameters), initialized from checkpoints/mini/step_4400.pt (step 4400)
step     10 | train_loss 4.1703 | lr 8.99e-04
step     16 | val_loss 4.1670 | val_ppl 64.52
step     20 | train_loss 4.1634 | lr 8.77e-04
step     30 | train_loss 3.9425 | lr 8.24e-04
step     32 | val_loss 4.0636 | val_ppl 58.19
step     40 | train_loss 4.0306 | lr 7.45e-04
step     48 | val_loss 3.9963 | val_ppl 54.39
step     50 | train_loss 3.8380 | lr 6.46e-04
step     60 | train_loss 3.7272 | lr 5.35e-04
step     64 | val_loss 3.9264 | val_ppl 50.73
step     70 | train_loss 3.9409 | lr 4.21e-04
step     80 | train_loss 4.0149 | lr 3.13e-04
step     80 | val_loss 3.8652 | val_ppl 47.71
step     90 | train_loss 3.8275 | lr 2.19e-04
step     96 | val_loss 3.8296 | val_ppl 46.05
step    100 | train_loss 3.8307 | lr 1.47e-04
step    110 | train_loss 3.8536 | lr 1.03e-04
step    112 | val_loss 3.8057 | val_ppl 44.95
step    118 | train_loss 3.8126 | lr 9.02e-05
step    118 | val_loss 3.8001 | val_ppl 44.70
Saved checkpoint to /home/system/projects/AuthLLM/checkpoints/lr_scaling_mini/alpaca_third_packed_118_lr0.0009_seed1339/step_118.pt
