Data: 16,956 train / 346 val examples (0 dropped as longer than 512 tokens)
Model: mini (7,292,032 parameters), initialized from checkpoints/mini/step_4400.pt (step 4400)
step     10 | train_loss 4.3299 | lr 1.21e-04
step     20 | train_loss 4.1332 | lr 2.42e-04
step     30 | train_loss 4.0717 | lr 3.64e-04
step     40 | train_loss 4.2515 | lr 4.00e-04
step     50 | train_loss 4.0132 | lr 3.99e-04
step     60 | train_loss 4.0161 | lr 3.98e-04
step     70 | train_loss 4.2095 | lr 3.95e-04
step     75 | val_loss 4.1451 | val_ppl 63.12
step     80 | train_loss 4.1740 | lr 3.92e-04
step     90 | train_loss 4.0453 | lr 3.89e-04
step    100 | train_loss 3.8533 | lr 3.85e-04
step    110 | train_loss 3.9737 | lr 3.80e-04
step    120 | train_loss 3.9035 | lr 3.74e-04
step    130 | train_loss 4.1303 | lr 3.68e-04
step    140 | train_loss 4.3101 | lr 3.61e-04
step    150 | train_loss 3.9178 | lr 3.54e-04
step    150 | val_loss 4.0797 | val_ppl 59.13
step    160 | train_loss 4.1521 | lr 3.46e-04
step    170 | train_loss 4.2201 | lr 3.37e-04
step    180 | train_loss 4.0631 | lr 3.29e-04
step    190 | train_loss 3.7893 | lr 3.19e-04
step    200 | train_loss 4.1192 | lr 3.10e-04
step    210 | train_loss 3.9818 | lr 3.00e-04
step    220 | train_loss 4.1195 | lr 2.89e-04
step    225 | val_loss 4.0131 | val_ppl 55.32
step    230 | train_loss 3.8723 | lr 2.79e-04
step    240 | train_loss 4.0229 | lr 2.68e-04
step    250 | train_loss 3.9899 | lr 2.57e-04
step    260 | train_loss 4.0630 | lr 2.46e-04
step    270 | train_loss 4.1733 | lr 2.34e-04
step    280 | train_loss 3.8155 | lr 2.23e-04
step    290 | train_loss 4.1873 | lr 2.11e-04
step    300 | train_loss 3.8686 | lr 2.00e-04
step    300 | val_loss 3.9759 | val_ppl 53.30
step    310 | train_loss 4.1415 | lr 1.89e-04
step    320 | train_loss 3.8540 | lr 1.78e-04
step    330 | train_loss 4.0405 | lr 1.67e-04
step    340 | train_loss 3.9716 | lr 1.56e-04
step    350 | train_loss 4.1712 | lr 1.46e-04
step    360 | train_loss 3.8492 | lr 1.35e-04
step    370 | train_loss 3.9877 | lr 1.25e-04
step    375 | val_loss 3.9310 | val_ppl 50.96
step    380 | train_loss 4.3445 | lr 1.16e-04
step    390 | train_loss 3.7112 | lr 1.07e-04
step    400 | train_loss 3.7199 | lr 9.83e-05
step    410 | train_loss 3.7478 | lr 9.01e-05
step    420 | train_loss 3.7368 | lr 8.25e-05
step    430 | train_loss 4.1538 | lr 7.55e-05
step    440 | train_loss 3.7375 | lr 6.90e-05
step    450 | train_loss 3.8849 | lr 6.31e-05
step    450 | val_loss 3.8988 | val_ppl 49.35
step    460 | train_loss 4.2260 | lr 5.78e-05
step    470 | train_loss 3.5660 | lr 5.32e-05
step    480 | train_loss 4.0790 | lr 4.93e-05
step    490 | train_loss 3.6376 | lr 4.60e-05
step    500 | train_loss 4.1054 | lr 4.34e-05
step    510 | train_loss 3.8135 | lr 4.16e-05
step    520 | train_loss 4.0074 | lr 4.04e-05
step    525 | val_loss 3.8810 | val_ppl 48.47
step    530 | train_loss 3.4843 | lr 4.00e-05
step    530 | val_loss 3.8796 | val_ppl 48.40
Saved checkpoint to /home/system/projects/AuthLLM/checkpoints/lr_scaling_mini/alpaca_third_unpacked_530_lr0.0004_seed1337/step_530.pt
