Data: 16,956 train / 346 val examples (0 dropped as longer than 512 tokens)
Packing: 16,956 examples into 3,763 windows (4.5 per window, 98.7% of positions used)
Model: mini (7,292,032 parameters), initialized from checkpoints/mini/step_4400.pt (step 4400)
step     10 | train_loss 4.3844 | lr 3.00e-05
step     16 | val_loss 4.1642 | val_ppl 64.34
step     20 | train_loss 4.1102 | lr 2.92e-05
step     30 | train_loss 4.2242 | lr 2.75e-05
step     32 | val_loss 4.1086 | val_ppl 60.86
step     40 | train_loss 4.0776 | lr 2.48e-05
step     48 | val_loss 4.0782 | val_ppl 59.04
step     50 | train_loss 4.0824 | lr 2.15e-05
step     60 | train_loss 4.1492 | lr 1.78e-05
step     64 | val_loss 4.0576 | val_ppl 57.84
step     70 | train_loss 3.9866 | lr 1.40e-05
step     80 | train_loss 4.1246 | lr 1.04e-05
step     80 | val_loss 4.0457 | val_ppl 57.15
step     90 | train_loss 3.9690 | lr 7.30e-06
step     96 | val_loss 4.0385 | val_ppl 56.74
step    100 | train_loss 4.0698 | lr 4.91e-06
step    110 | train_loss 4.0268 | lr 3.44e-06
step    112 | val_loss 4.0352 | val_ppl 56.55
step    118 | train_loss 4.0887 | lr 3.01e-06
step    118 | val_loss 4.0342 | val_ppl 56.50
Saved checkpoint to /home/system/projects/AuthLLM/checkpoints/lr_scaling_mini/alpaca_third_packed_118_lr3e-05_seed1337/step_118.pt
