Data: 16,956 train / 346 val examples (0 dropped as longer than 512 tokens)
Packing: 16,956 examples into 3,761 windows (4.5 per window, 98.7% of positions used)
Model: mini (7,292,032 parameters), initialized from checkpoints/mini/step_4400.pt (step 4400)
step     10 | train_loss 4.3572 | lr 1.50e-03
step     16 | val_loss 4.3015 | val_ppl 73.81
step     20 | train_loss 4.2798 | lr 1.46e-03
step     30 | train_loss 4.0596 | lr 1.37e-03
step     32 | val_loss 4.1726 | val_ppl 64.88
step     40 | train_loss 4.1308 | lr 1.24e-03
step     48 | val_loss 4.0961 | val_ppl 60.10
step     50 | train_loss 3.9504 | lr 1.08e-03
step     60 | train_loss 3.8030 | lr 8.92e-04
step     64 | val_loss 4.0065 | val_ppl 54.95
step     70 | train_loss 4.0172 | lr 7.02e-04
step     80 | train_loss 4.0906 | lr 5.21e-04
step     80 | val_loss 3.9340 | val_ppl 51.11
step     90 | train_loss 3.8884 | lr 3.65e-04
step     96 | val_loss 3.8773 | val_ppl 48.29
step    100 | train_loss 3.8771 | lr 2.45e-04
step    110 | train_loss 3.9018 | lr 1.72e-04
step    112 | val_loss 3.8432 | val_ppl 46.68
step    118 | train_loss 3.8228 | lr 1.50e-04
step    118 | val_loss 3.8321 | val_ppl 46.16
Saved checkpoint to /home/system/projects/AuthLLM/checkpoints/lr_scaling_mini/alpaca_third_packed_118_lr0.0015_seed1339/step_118.pt
