Data: 50,868 train / 1,038 val examples (68 dropped as longer than 512 tokens)
Model: mini (7,292,032 parameters), initialized from checkpoints/mini/step_4400.pt (step 4400)
step     10 | train_loss 4.5185 | lr 4.00e-05
step     20 | train_loss 4.4038 | lr 8.00e-05
step     30 | train_loss 4.1087 | lr 1.20e-04
step     40 | train_loss 3.9943 | lr 1.60e-04
step     50 | train_loss 4.0592 | lr 2.00e-04
step     60 | train_loss 4.1788 | lr 2.40e-04
step     70 | train_loss 3.9035 | lr 2.80e-04
step     80 | train_loss 3.7985 | lr 3.20e-04
step     90 | train_loss 3.7135 | lr 3.60e-04
step    100 | train_loss 3.9577 | lr 4.00e-04
step    110 | train_loss 4.0479 | lr 4.00e-04
step    120 | train_loss 4.1178 | lr 4.00e-04
step    130 | train_loss 3.9199 | lr 4.00e-04
step    140 | train_loss 4.2455 | lr 3.99e-04
step    150 | train_loss 4.0069 | lr 3.99e-04
step    160 | train_loss 4.0046 | lr 3.99e-04
step    170 | train_loss 4.0443 | lr 3.98e-04
step    180 | train_loss 4.2609 | lr 3.98e-04
step    190 | train_loss 4.2179 | lr 3.97e-04
step    200 | train_loss 3.8883 | lr 3.96e-04
step    210 | train_loss 4.1027 | lr 3.95e-04
step    220 | train_loss 4.0328 | lr 3.94e-04
step    228 | val_loss 4.0343 | val_ppl 56.50
step    230 | train_loss 4.0394 | lr 3.93e-04
step    240 | train_loss 4.1145 | lr 3.92e-04
step    250 | train_loss 3.9781 | lr 3.91e-04
step    260 | train_loss 3.9290 | lr 3.90e-04
step    270 | train_loss 3.9141 | lr 3.89e-04
step    280 | train_loss 4.0116 | lr 3.87e-04
step    290 | train_loss 3.9259 | lr 3.86e-04
step    300 | train_loss 4.1221 | lr 3.85e-04
step    310 | train_loss 4.1830 | lr 3.83e-04
step    320 | train_loss 4.0323 | lr 3.81e-04
step    330 | train_loss 4.4642 | lr 3.80e-04
step    340 | train_loss 4.0541 | lr 3.78e-04
step    350 | train_loss 4.2119 | lr 3.76e-04
step    360 | train_loss 4.0562 | lr 3.74e-04
step    370 | train_loss 3.9861 | lr 3.72e-04
step    380 | train_loss 4.3185 | lr 3.70e-04
step    390 | train_loss 4.0665 | lr 3.68e-04
step    400 | train_loss 3.8175 | lr 3.66e-04
step    410 | train_loss 4.0178 | lr 3.64e-04
step    420 | train_loss 4.2684 | lr 3.61e-04
step    430 | train_loss 4.3502 | lr 3.59e-04
step    440 | train_loss 4.1972 | lr 3.57e-04
step    450 | train_loss 4.1763 | lr 3.54e-04
step    456 | val_loss 4.0026 | val_ppl 54.74
step    460 | train_loss 3.8423 | lr 3.51e-04
step    470 | train_loss 4.1862 | lr 3.49e-04
step    480 | train_loss 4.1236 | lr 3.46e-04
step    490 | train_loss 4.1321 | lr 3.43e-04
step    500 | train_loss 3.9438 | lr 3.41e-04
step    510 | train_loss 3.9961 | lr 3.38e-04
step    520 | train_loss 3.9686 | lr 3.35e-04
step    530 | train_loss 3.7047 | lr 3.32e-04
step    540 | train_loss 4.0338 | lr 3.29e-04
step    550 | train_loss 4.0198 | lr 3.26e-04
step    560 | train_loss 3.9035 | lr 3.23e-04
step    570 | train_loss 3.9106 | lr 3.20e-04
step    580 | train_loss 4.1953 | lr 3.17e-04
step    590 | train_loss 3.8100 | lr 3.14e-04
step    600 | train_loss 3.9278 | lr 3.10e-04
step    610 | train_loss 3.9362 | lr 3.07e-04
step    620 | train_loss 4.2196 | lr 3.04e-04
step    630 | train_loss 3.8436 | lr 3.00e-04
step    640 | train_loss 4.0336 | lr 2.97e-04
step    650 | train_loss 3.9300 | lr 2.94e-04
step    660 | train_loss 3.9268 | lr 2.90e-04
step    670 | train_loss 4.0667 | lr 2.87e-04
step    680 | train_loss 3.4971 | lr 2.83e-04
step    684 | val_loss 3.9477 | val_ppl 51.82
step    690 | train_loss 4.1855 | lr 2.80e-04
step    700 | train_loss 3.8759 | lr 2.76e-04
step    710 | train_loss 4.0079 | lr 2.72e-04
step    720 | train_loss 3.8479 | lr 2.69e-04
step    730 | train_loss 3.9577 | lr 2.65e-04
step    740 | train_loss 3.8222 | lr 2.61e-04
step    750 | train_loss 4.0255 | lr 2.58e-04
step    760 | train_loss 4.1082 | lr 2.54e-04
step    770 | train_loss 3.9048 | lr 2.50e-04
step    780 | train_loss 4.1151 | lr 2.47e-04
step    790 | train_loss 4.1767 | lr 2.43e-04
step    800 | train_loss 4.0908 | lr 2.39e-04
step    810 | train_loss 3.9071 | lr 2.35e-04
step    820 | train_loss 3.7940 | lr 2.32e-04
step    830 | train_loss 3.8140 | lr 2.28e-04
step    840 | train_loss 3.8311 | lr 2.24e-04
step    850 | train_loss 3.8037 | lr 2.20e-04
step    860 | train_loss 3.6229 | lr 2.17e-04
step    870 | train_loss 3.7260 | lr 2.13e-04
step    880 | train_loss 3.7751 | lr 2.09e-04
step    890 | train_loss 3.8077 | lr 2.05e-04
step    900 | train_loss 4.1806 | lr 2.02e-04
step    910 | train_loss 3.5320 | lr 1.98e-04
step    912 | val_loss 3.8991 | val_ppl 49.36
step    920 | train_loss 3.8365 | lr 1.94e-04
step    930 | train_loss 3.8314 | lr 1.90e-04
step    940 | train_loss 3.7739 | lr 1.87e-04
step    950 | train_loss 4.1719 | lr 1.83e-04
step    960 | train_loss 4.3523 | lr 1.79e-04
step    970 | train_loss 4.0440 | lr 1.76e-04
step    980 | train_loss 4.0048 | lr 1.72e-04
step    990 | train_loss 3.9464 | lr 1.68e-04
step   1000 | train_loss 3.4624 | lr 1.65e-04
step   1010 | train_loss 4.0418 | lr 1.61e-04
step   1020 | train_loss 3.8179 | lr 1.58e-04
step   1030 | train_loss 3.9854 | lr 1.54e-04
step   1040 | train_loss 4.0724 | lr 1.51e-04
step   1050 | train_loss 3.9621 | lr 1.47e-04
step   1060 | train_loss 4.0398 | lr 1.44e-04
step   1070 | train_loss 4.0871 | lr 1.40e-04
step   1080 | train_loss 3.8050 | lr 1.37e-04
step   1090 | train_loss 4.0846 | lr 1.34e-04
step   1100 | train_loss 3.6318 | lr 1.30e-04
step   1110 | train_loss 4.0254 | lr 1.27e-04
step   1120 | train_loss 3.8521 | lr 1.24e-04
step   1130 | train_loss 4.0047 | lr 1.21e-04
step   1140 | train_loss 3.9433 | lr 1.18e-04
step   1140 | val_loss 3.8549 | val_ppl 47.22
step   1150 | train_loss 4.0509 | lr 1.15e-04
step   1160 | train_loss 3.9269 | lr 1.11e-04
step   1170 | train_loss 3.9366 | lr 1.08e-04
step   1180 | train_loss 3.4347 | lr 1.06e-04
step   1190 | train_loss 3.9537 | lr 1.03e-04
step   1200 | train_loss 3.9571 | lr 9.98e-05
step   1210 | train_loss 3.7470 | lr 9.71e-05
step   1220 | train_loss 3.8305 | lr 9.43e-05
step   1230 | train_loss 3.9393 | lr 9.17e-05
step   1240 | train_loss 3.8912 | lr 8.90e-05
step   1250 | train_loss 4.0139 | lr 8.65e-05
step   1260 | train_loss 3.5061 | lr 8.40e-05
step   1270 | train_loss 3.7404 | lr 8.15e-05
step   1280 | train_loss 3.8949 | lr 7.92e-05
step   1290 | train_loss 3.6072 | lr 7.69e-05
step   1300 | train_loss 4.1574 | lr 7.46e-05
step   1310 | train_loss 3.6707 | lr 7.24e-05
step   1320 | train_loss 3.7316 | lr 7.03e-05
step   1330 | train_loss 4.2091 | lr 6.82e-05
step   1340 | train_loss 3.8670 | lr 6.62e-05
step   1350 | train_loss 3.9162 | lr 6.43e-05
step   1360 | train_loss 3.9413 | lr 6.24e-05
step   1368 | val_loss 3.8216 | val_ppl 45.68
step   1370 | train_loss 3.6195 | lr 6.07e-05
step   1380 | train_loss 4.0403 | lr 5.89e-05
step   1390 | train_loss 3.7714 | lr 5.73e-05
step   1400 | train_loss 3.9812 | lr 5.57e-05
step   1410 | train_loss 3.6770 | lr 5.42e-05
step   1420 | train_loss 3.9941 | lr 5.28e-05
step   1430 | train_loss 4.0798 | lr 5.14e-05
step   1440 | train_loss 3.7793 | lr 5.01e-05
step   1450 | train_loss 3.7159 | lr 4.89e-05
step   1460 | train_loss 3.9090 | lr 4.78e-05
step   1470 | train_loss 3.8532 | lr 4.67e-05
step   1480 | train_loss 3.6483 | lr 4.57e-05
step   1490 | train_loss 4.2183 | lr 4.48e-05
step   1500 | train_loss 3.9601 | lr 4.40e-05
step   1510 | train_loss 3.4821 | lr 4.33e-05
step   1520 | train_loss 3.8114 | lr 4.26e-05
step   1530 | train_loss 3.8047 | lr 4.20e-05
step   1540 | train_loss 3.6481 | lr 4.15e-05
step   1550 | train_loss 3.9522 | lr 4.10e-05
step   1560 | train_loss 3.6469 | lr 4.07e-05
step   1570 | train_loss 3.7638 | lr 4.04e-05
step   1580 | train_loss 3.7989 | lr 4.02e-05
step   1590 | train_loss 3.6981 | lr 4.00e-05
step   1596 | val_loss 3.8062 | val_ppl 44.98
step   1600 | train_loss 3.7728 | lr 4.00e-05
step   1600 | val_loss 3.8061 | val_ppl 44.97
Saved checkpoint to /home/system/projects/AuthLLM/checkpoints/lr_scaling_mini/alpaca_unpacked_1600_lr0.0004_seed1337/step_1600.pt
