Data: 50,868 train / 1,038 val examples (68 dropped as longer than 512 tokens)
Model: mini (7,292,032 parameters), initialized from checkpoints/mini/step_4400.pt (step 4400)
step     10 | train_loss 4.4987 | lr 9.00e-05
step     20 | train_loss 4.3873 | lr 1.80e-04
step     30 | train_loss 4.1167 | lr 2.70e-04
step     40 | train_loss 4.0286 | lr 3.60e-04
step     50 | train_loss 4.1169 | lr 4.50e-04
step     60 | train_loss 4.2438 | lr 5.40e-04
step     70 | train_loss 3.9972 | lr 6.30e-04
step     80 | train_loss 3.9267 | lr 7.20e-04
step     90 | train_loss 3.8623 | lr 8.10e-04
step    100 | train_loss 4.1108 | lr 9.00e-04
step    110 | train_loss 4.2397 | lr 9.00e-04
step    120 | train_loss 4.3905 | lr 9.00e-04
step    130 | train_loss 4.1233 | lr 8.99e-04
step    140 | train_loss 4.4825 | lr 8.99e-04
step    150 | train_loss 4.2667 | lr 8.98e-04
step    160 | train_loss 4.2315 | lr 8.97e-04
step    170 | train_loss 4.2897 | lr 8.96e-04
step    180 | train_loss 4.4980 | lr 8.94e-04
step    190 | train_loss 4.4893 | lr 8.93e-04
step    200 | train_loss 4.1565 | lr 8.91e-04
step    210 | train_loss 4.4126 | lr 8.89e-04
step    220 | train_loss 4.2785 | lr 8.87e-04
step    228 | val_loss 4.2966 | val_ppl 73.45
step    230 | train_loss 4.3198 | lr 8.85e-04
step    240 | train_loss 4.3850 | lr 8.83e-04
step    250 | train_loss 4.1960 | lr 8.80e-04
step    260 | train_loss 4.1473 | lr 8.78e-04
step    270 | train_loss 4.1585 | lr 8.75e-04
step    280 | train_loss 4.2286 | lr 8.72e-04
step    290 | train_loss 4.1211 | lr 8.69e-04
step    300 | train_loss 4.3890 | lr 8.65e-04
step    310 | train_loss 4.4624 | lr 8.62e-04
step    320 | train_loss 4.1943 | lr 8.58e-04
step    330 | train_loss 4.7662 | lr 8.54e-04
step    340 | train_loss 4.3594 | lr 8.50e-04
step    350 | train_loss 4.5468 | lr 8.46e-04
step    360 | train_loss 4.3362 | lr 8.42e-04
step    370 | train_loss 4.2530 | lr 8.37e-04
step    380 | train_loss 4.5779 | lr 8.33e-04
step    390 | train_loss 4.2684 | lr 8.28e-04
step    400 | train_loss 4.0476 | lr 8.23e-04
step    410 | train_loss 4.2553 | lr 8.18e-04
step    420 | train_loss 4.5650 | lr 8.13e-04
step    430 | train_loss 4.5920 | lr 8.08e-04
step    440 | train_loss 4.5060 | lr 8.02e-04
step    450 | train_loss 4.4200 | lr 7.97e-04
step    456 | val_loss 4.2423 | val_ppl 69.57
step    460 | train_loss 3.9967 | lr 7.91e-04
step    470 | train_loss 4.3759 | lr 7.85e-04
step    480 | train_loss 4.3161 | lr 7.79e-04
step    490 | train_loss 4.4350 | lr 7.73e-04
step    500 | train_loss 4.1709 | lr 7.67e-04
step    510 | train_loss 4.2514 | lr 7.60e-04
step    520 | train_loss 4.1149 | lr 7.54e-04
step    530 | train_loss 3.8663 | lr 7.47e-04
step    540 | train_loss 4.2271 | lr 7.41e-04
step    550 | train_loss 4.2571 | lr 7.34e-04
step    560 | train_loss 4.0981 | lr 7.27e-04
step    570 | train_loss 4.1198 | lr 7.20e-04
step    580 | train_loss 4.4566 | lr 7.13e-04
step    590 | train_loss 3.9966 | lr 7.06e-04
step    600 | train_loss 4.2201 | lr 6.98e-04
step    610 | train_loss 4.1730 | lr 6.91e-04
step    620 | train_loss 4.4750 | lr 6.83e-04
step    630 | train_loss 4.0534 | lr 6.76e-04
step    640 | train_loss 4.2537 | lr 6.68e-04
step    650 | train_loss 4.0882 | lr 6.61e-04
step    660 | train_loss 4.1146 | lr 6.53e-04
step    670 | train_loss 4.2271 | lr 6.45e-04
step    680 | train_loss 3.6674 | lr 6.37e-04
step    684 | val_loss 4.1514 | val_ppl 63.52
step    690 | train_loss 4.4127 | lr 6.29e-04
step    700 | train_loss 4.0104 | lr 6.21e-04
step    710 | train_loss 4.2024 | lr 6.13e-04
step    720 | train_loss 4.0073 | lr 6.05e-04
step    730 | train_loss 4.1321 | lr 5.97e-04
step    740 | train_loss 3.9992 | lr 5.88e-04
step    750 | train_loss 4.2444 | lr 5.80e-04
step    760 | train_loss 4.3420 | lr 5.72e-04
step    770 | train_loss 4.0747 | lr 5.63e-04
step    780 | train_loss 4.2840 | lr 5.55e-04
step    790 | train_loss 4.3675 | lr 5.47e-04
step    800 | train_loss 4.2602 | lr 5.38e-04
step    810 | train_loss 4.0897 | lr 5.30e-04
step    820 | train_loss 3.9777 | lr 5.21e-04
step    830 | train_loss 3.9403 | lr 5.13e-04
step    840 | train_loss 4.0416 | lr 5.04e-04
step    850 | train_loss 3.9233 | lr 4.96e-04
step    860 | train_loss 3.7315 | lr 4.87e-04
step    870 | train_loss 3.8783 | lr 4.79e-04
step    880 | train_loss 3.8837 | lr 4.70e-04
step    890 | train_loss 3.9088 | lr 4.62e-04
step    900 | train_loss 4.3332 | lr 4.54e-04
step    910 | train_loss 3.6385 | lr 4.45e-04
step    912 | val_loss 4.0527 | val_ppl 57.55
step    920 | train_loss 3.9421 | lr 4.37e-04
step    930 | train_loss 3.9247 | lr 4.28e-04
step    940 | train_loss 3.9109 | lr 4.20e-04
step    950 | train_loss 4.3351 | lr 4.12e-04
step    960 | train_loss 4.5077 | lr 4.03e-04
step    970 | train_loss 4.1813 | lr 3.95e-04
step    980 | train_loss 4.1273 | lr 3.87e-04
step    990 | train_loss 4.1064 | lr 3.79e-04
step   1000 | train_loss 3.5766 | lr 3.71e-04
step   1010 | train_loss 4.1959 | lr 3.63e-04
step   1020 | train_loss 3.9684 | lr 3.55e-04
step   1030 | train_loss 4.0911 | lr 3.47e-04
step   1040 | train_loss 4.1449 | lr 3.39e-04
step   1050 | train_loss 4.1048 | lr 3.31e-04
step   1060 | train_loss 4.1656 | lr 3.23e-04
step   1070 | train_loss 4.2799 | lr 3.16e-04
step   1080 | train_loss 3.9442 | lr 3.08e-04
step   1090 | train_loss 4.2097 | lr 3.01e-04
step   1100 | train_loss 3.7176 | lr 2.93e-04
step   1110 | train_loss 4.1473 | lr 2.86e-04
step   1120 | train_loss 3.9608 | lr 2.79e-04
step   1130 | train_loss 4.1505 | lr 2.72e-04
step   1140 | train_loss 4.0138 | lr 2.65e-04
step   1140 | val_loss 3.9512 | val_ppl 52.00
step   1150 | train_loss 4.0977 | lr 2.58e-04
step   1160 | train_loss 3.9465 | lr 2.51e-04
step   1170 | train_loss 3.9946 | lr 2.44e-04
step   1180 | train_loss 3.4728 | lr 2.37e-04
step   1190 | train_loss 4.0531 | lr 2.31e-04
step   1200 | train_loss 4.0103 | lr 2.25e-04
step   1210 | train_loss 3.8476 | lr 2.18e-04
step   1220 | train_loss 3.9018 | lr 2.12e-04
step   1230 | train_loss 4.0362 | lr 2.06e-04
step   1240 | train_loss 4.0104 | lr 2.00e-04
step   1250 | train_loss 4.1050 | lr 1.95e-04
step   1260 | train_loss 3.5273 | lr 1.89e-04
step   1270 | train_loss 3.7642 | lr 1.83e-04
step   1280 | train_loss 3.9941 | lr 1.78e-04
step   1290 | train_loss 3.7386 | lr 1.73e-04
step   1300 | train_loss 4.2222 | lr 1.68e-04
step   1310 | train_loss 3.7387 | lr 1.63e-04
step   1320 | train_loss 3.7774 | lr 1.58e-04
step   1330 | train_loss 4.2257 | lr 1.54e-04
step   1340 | train_loss 3.9392 | lr 1.49e-04
step   1350 | train_loss 4.0154 | lr 1.45e-04
step   1360 | train_loss 4.0140 | lr 1.41e-04
step   1368 | val_loss 3.8909 | val_ppl 48.95
step   1370 | train_loss 3.6533 | lr 1.36e-04
step   1380 | train_loss 4.1450 | lr 1.33e-04
step   1390 | train_loss 3.8363 | lr 1.29e-04
step   1400 | train_loss 4.0214 | lr 1.25e-04
step   1410 | train_loss 3.7111 | lr 1.22e-04
step   1420 | train_loss 4.1328 | lr 1.19e-04
step   1430 | train_loss 4.1603 | lr 1.16e-04
step   1440 | train_loss 3.8121 | lr 1.13e-04
step   1450 | train_loss 3.7826 | lr 1.10e-04
step   1460 | train_loss 4.0179 | lr 1.08e-04
step   1470 | train_loss 3.9248 | lr 1.05e-04
step   1480 | train_loss 3.6794 | lr 1.03e-04
step   1490 | train_loss 4.3116 | lr 1.01e-04
step   1500 | train_loss 4.0626 | lr 9.90e-05
step   1510 | train_loss 3.5055 | lr 9.73e-05
step   1520 | train_loss 3.8518 | lr 9.58e-05
step   1530 | train_loss 3.8637 | lr 9.45e-05
step   1540 | train_loss 3.6629 | lr 9.33e-05
step   1550 | train_loss 4.0045 | lr 9.23e-05
step   1560 | train_loss 3.6635 | lr 9.15e-05
step   1570 | train_loss 3.8403 | lr 9.09e-05
step   1580 | train_loss 3.8438 | lr 9.04e-05
step   1590 | train_loss 3.6501 | lr 9.01e-05
step   1596 | val_loss 3.8612 | val_ppl 47.52
step   1600 | train_loss 3.7837 | lr 9.00e-05
step   1600 | val_loss 3.8627 | val_ppl 47.59
Saved checkpoint to /home/system/projects/AuthLLM/checkpoints/lr_scaling_mini/alpaca_unpacked_1600_lr0.0009_seed1337/step_1600.pt
