Data: 16,956 train / 346 val examples (0 dropped as longer than 512 tokens)
Packing: 16,956 examples into 3,763 windows (4.5 per window, 98.7% of positions used)
Model: mini (7,292,032 parameters), initialized from checkpoints/mini/step_4400.pt (step 4400)
step     10 | train_loss 4.3547 | lr 6.00e-05
step     16 | val_loss 4.1308 | val_ppl 62.23
step     20 | train_loss 4.0769 | lr 5.85e-05
step     30 | train_loss 4.1853 | lr 5.49e-05
step     32 | val_loss 4.0654 | val_ppl 58.29
step     40 | train_loss 4.0230 | lr 4.97e-05
step     48 | val_loss 4.0277 | val_ppl 56.13
step     50 | train_loss 4.0324 | lr 4.31e-05
step     60 | train_loss 4.0946 | lr 3.57e-05
step     64 | val_loss 4.0044 | val_ppl 54.84
step     70 | train_loss 3.9269 | lr 2.81e-05
step     80 | train_loss 4.0526 | lr 2.08e-05
step     80 | val_loss 3.9892 | val_ppl 54.01
step     90 | train_loss 3.9092 | lr 1.46e-05
step     96 | val_loss 3.9788 | val_ppl 53.45
step    100 | train_loss 4.0126 | lr 9.81e-06
step    110 | train_loss 3.9647 | lr 6.87e-06
step    112 | val_loss 3.9748 | val_ppl 53.24
step    118 | train_loss 4.0133 | lr 6.01e-06
step    118 | val_loss 3.9735 | val_ppl 53.17
Saved checkpoint to /home/system/projects/AuthLLM/checkpoints/lr_scaling_mini/alpaca_third_packed_118_lr6e-05_seed1337/step_118.pt
