Data: 50,869 train / 1,037 val examples (68 dropped as longer than 512 tokens)
Model: mini (7,292,032 parameters), initialized from checkpoints/mini/step_4400.pt (step 4400)
step     10 | train_loss 4.6546 | lr 1.50e-05
step     20 | train_loss 4.1387 | lr 3.00e-05
step     30 | train_loss 4.1771 | lr 4.50e-05
step     40 | train_loss 4.2118 | lr 6.00e-05
step     50 | train_loss 4.4533 | lr 7.50e-05
step     60 | train_loss 4.1300 | lr 9.00e-05
step     70 | train_loss 3.9393 | lr 1.05e-04
step     80 | train_loss 3.9914 | lr 1.20e-04
step     90 | train_loss 4.0462 | lr 1.35e-04
step    100 | train_loss 4.1977 | lr 1.50e-04
step    110 | train_loss 3.8936 | lr 1.50e-04
step    120 | train_loss 3.9503 | lr 1.50e-04
step    130 | train_loss 3.8421 | lr 1.50e-04
step    140 | train_loss 3.9916 | lr 1.50e-04
step    150 | train_loss 4.0528 | lr 1.50e-04
step    160 | train_loss 3.8692 | lr 1.49e-04
step    170 | train_loss 4.0688 | lr 1.49e-04
step    180 | train_loss 4.1276 | lr 1.49e-04
step    190 | train_loss 4.0766 | lr 1.49e-04
step    200 | train_loss 3.7496 | lr 1.49e-04
step    210 | train_loss 4.1646 | lr 1.48e-04
step    220 | train_loss 4.0470 | lr 1.48e-04
step    228 | val_loss 3.9197 | val_ppl 50.39
step    230 | train_loss 3.9316 | lr 1.48e-04
step    240 | train_loss 4.0326 | lr 1.47e-04
step    250 | train_loss 3.7796 | lr 1.47e-04
step    260 | train_loss 4.1673 | lr 1.46e-04
step    270 | train_loss 4.0265 | lr 1.46e-04
step    280 | train_loss 3.9814 | lr 1.45e-04
step    290 | train_loss 3.5781 | lr 1.45e-04
step    300 | train_loss 4.0248 | lr 1.44e-04
step    310 | train_loss 4.0607 | lr 1.44e-04
step    320 | train_loss 3.9952 | lr 1.43e-04
step    330 | train_loss 4.0036 | lr 1.42e-04
step    340 | train_loss 3.8085 | lr 1.42e-04
step    350 | train_loss 4.1999 | lr 1.41e-04
step    360 | train_loss 4.0041 | lr 1.40e-04
step    370 | train_loss 3.9949 | lr 1.40e-04
step    380 | train_loss 4.2199 | lr 1.39e-04
step    390 | train_loss 3.7722 | lr 1.38e-04
step    400 | train_loss 3.5675 | lr 1.37e-04
step    410 | train_loss 3.8470 | lr 1.36e-04
step    420 | train_loss 4.0998 | lr 1.35e-04
step    430 | train_loss 3.8573 | lr 1.35e-04
step    440 | train_loss 3.8345 | lr 1.34e-04
step    450 | train_loss 3.9899 | lr 1.33e-04
step    456 | val_loss 3.8474 | val_ppl 46.87
step    460 | train_loss 3.9684 | lr 1.32e-04
step    470 | train_loss 3.5451 | lr 1.31e-04
step    480 | train_loss 3.7381 | lr 1.30e-04
step    490 | train_loss 4.0371 | lr 1.29e-04
step    500 | train_loss 3.9678 | lr 1.28e-04
step    510 | train_loss 3.8169 | lr 1.27e-04
step    520 | train_loss 3.9635 | lr 1.26e-04
step    530 | train_loss 4.0487 | lr 1.25e-04
step    540 | train_loss 3.7086 | lr 1.23e-04
step    550 | train_loss 3.6542 | lr 1.22e-04
step    560 | train_loss 3.8885 | lr 1.21e-04
step    570 | train_loss 3.8997 | lr 1.20e-04
step    580 | train_loss 3.8785 | lr 1.19e-04
step    590 | train_loss 4.0408 | lr 1.18e-04
step    600 | train_loss 3.9233 | lr 1.16e-04
step    610 | train_loss 3.7660 | lr 1.15e-04
step    620 | train_loss 3.8331 | lr 1.14e-04
step    630 | train_loss 3.4230 | lr 1.13e-04
step    640 | train_loss 3.8926 | lr 1.11e-04
step    650 | train_loss 3.7638 | lr 1.10e-04
step    660 | train_loss 3.7119 | lr 1.09e-04
step    670 | train_loss 3.8549 | lr 1.07e-04
step    680 | train_loss 3.8642 | lr 1.06e-04
step    684 | val_loss 3.8093 | val_ppl 45.12
step    690 | train_loss 3.8316 | lr 1.05e-04
step    700 | train_loss 3.7489 | lr 1.03e-04
step    710 | train_loss 4.1037 | lr 1.02e-04
step    720 | train_loss 3.9348 | lr 1.01e-04
step    730 | train_loss 3.6033 | lr 9.94e-05
step    740 | train_loss 3.8733 | lr 9.81e-05
step    750 | train_loss 3.8044 | lr 9.67e-05
step    760 | train_loss 3.9434 | lr 9.53e-05
step    770 | train_loss 3.7061 | lr 9.39e-05
step    780 | train_loss 4.1348 | lr 9.25e-05
step    790 | train_loss 3.9054 | lr 9.11e-05
step    800 | train_loss 3.8649 | lr 8.97e-05
step    810 | train_loss 3.6756 | lr 8.83e-05
step    820 | train_loss 3.7352 | lr 8.69e-05
step    830 | train_loss 3.9118 | lr 8.55e-05
step    840 | train_loss 3.8439 | lr 8.41e-05
step    850 | train_loss 3.8887 | lr 8.26e-05
step    860 | train_loss 4.0328 | lr 8.12e-05
step    870 | train_loss 3.6828 | lr 7.98e-05
step    880 | train_loss 3.8045 | lr 7.84e-05
step    890 | train_loss 4.1372 | lr 7.70e-05
step    900 | train_loss 3.8557 | lr 7.56e-05
step    910 | train_loss 3.8492 | lr 7.42e-05
step    912 | val_loss 3.7782 | val_ppl 43.74
step    920 | train_loss 3.7081 | lr 7.28e-05
step    930 | train_loss 3.6587 | lr 7.14e-05
step    940 | train_loss 3.7264 | lr 7.00e-05
step    950 | train_loss 3.7874 | lr 6.86e-05
step    960 | train_loss 3.8502 | lr 6.72e-05
step    970 | train_loss 3.8002 | lr 6.59e-05
step    980 | train_loss 4.3099 | lr 6.45e-05
step    990 | train_loss 3.7967 | lr 6.31e-05
step   1000 | train_loss 3.8244 | lr 6.18e-05
step   1010 | train_loss 3.6468 | lr 6.04e-05
step   1020 | train_loss 4.0288 | lr 5.91e-05
step   1030 | train_loss 3.8680 | lr 5.78e-05
step   1040 | train_loss 3.8900 | lr 5.65e-05
step   1050 | train_loss 3.5712 | lr 5.52e-05
step   1060 | train_loss 3.8008 | lr 5.39e-05
step   1070 | train_loss 3.7699 | lr 5.26e-05
step   1080 | train_loss 3.7190 | lr 5.14e-05
step   1090 | train_loss 3.7899 | lr 5.01e-05
step   1100 | train_loss 3.8499 | lr 4.89e-05
step   1110 | train_loss 3.8598 | lr 4.77e-05
step   1120 | train_loss 3.8520 | lr 4.65e-05
step   1130 | train_loss 3.7245 | lr 4.53e-05
step   1140 | train_loss 3.7220 | lr 4.41e-05
step   1140 | val_loss 3.7563 | val_ppl 42.79
step   1150 | train_loss 4.0653 | lr 4.29e-05
step   1160 | train_loss 4.0263 | lr 4.18e-05
step   1170 | train_loss 3.6306 | lr 4.07e-05
step   1180 | train_loss 4.1648 | lr 3.96e-05
step   1190 | train_loss 3.9532 | lr 3.85e-05
step   1200 | train_loss 4.0481 | lr 3.74e-05
step   1210 | train_loss 3.9940 | lr 3.64e-05
step   1220 | train_loss 3.6899 | lr 3.54e-05
step   1230 | train_loss 3.5337 | lr 3.44e-05
step   1240 | train_loss 3.7692 | lr 3.34e-05
step   1250 | train_loss 4.0718 | lr 3.24e-05
step   1260 | train_loss 4.0183 | lr 3.15e-05
step   1270 | train_loss 3.8326 | lr 3.06e-05
step   1280 | train_loss 3.8920 | lr 2.97e-05
step   1290 | train_loss 3.4747 | lr 2.88e-05
step   1300 | train_loss 3.3941 | lr 2.80e-05
step   1310 | train_loss 3.6773 | lr 2.72e-05
step   1320 | train_loss 3.5679 | lr 2.64e-05
step   1330 | train_loss 3.9356 | lr 2.56e-05
step   1340 | train_loss 3.9537 | lr 2.48e-05
step   1350 | train_loss 3.8717 | lr 2.41e-05
step   1360 | train_loss 3.8047 | lr 2.34e-05
step   1368 | val_loss 3.7355 | val_ppl 41.91
step   1370 | train_loss 3.6327 | lr 2.27e-05
step   1380 | train_loss 3.6812 | lr 2.21e-05
step   1390 | train_loss 3.4952 | lr 2.15e-05
step   1400 | train_loss 3.7973 | lr 2.09e-05
step   1410 | train_loss 3.9322 | lr 2.03e-05
step   1420 | train_loss 3.7744 | lr 1.98e-05
step   1430 | train_loss 3.7115 | lr 1.93e-05
step   1440 | train_loss 3.7694 | lr 1.88e-05
step   1450 | train_loss 4.1836 | lr 1.83e-05
step   1460 | train_loss 3.9580 | lr 1.79e-05
step   1470 | train_loss 3.9127 | lr 1.75e-05
step   1480 | train_loss 3.8858 | lr 1.72e-05
step   1490 | train_loss 3.6928 | lr 1.68e-05
step   1500 | train_loss 3.6529 | lr 1.65e-05
step   1510 | train_loss 4.5527 | lr 1.62e-05
step   1520 | train_loss 3.5086 | lr 1.60e-05
step   1530 | train_loss 3.9339 | lr 1.57e-05
step   1540 | train_loss 3.5866 | lr 1.56e-05
step   1550 | train_loss 3.8896 | lr 1.54e-05
step   1560 | train_loss 3.7739 | lr 1.52e-05
step   1570 | train_loss 3.9932 | lr 1.51e-05
step   1580 | train_loss 3.7653 | lr 1.51e-05
step   1590 | train_loss 3.3659 | lr 1.50e-05
step   1596 | val_loss 3.7281 | val_ppl 41.60
step   1600 | train_loss 3.6227 | lr 1.50e-05
step   1600 | val_loss 3.7279 | val_ppl 41.59
Saved checkpoint to /home/system/projects/AuthLLM/checkpoints/lr_scaling_mini/alpaca_unpacked_1600_lr0.00015_seed1338/step_1600.pt
