Data: 50,868 train / 1,038 val examples (68 dropped as longer than 512 tokens)
Packing: 50,868 examples into 11,220 windows (4.5 per window, 98.8% of positions used)
Model: mini (7,292,032 parameters), initialized from checkpoints/mini/step_4400.pt (step 4400)
step     10 | train_loss 4.3293 | lr 9.09e-06
step     20 | train_loss 4.2880 | lr 1.82e-05
step     30 | train_loss 4.0638 | lr 2.00e-05
step     40 | train_loss 3.9769 | lr 1.99e-05
step     50 | train_loss 4.0476 | lr 1.97e-05
step     50 | val_loss 4.1069 | val_ppl 60.76
step     60 | train_loss 4.0914 | lr 1.94e-05
step     70 | train_loss 4.0829 | lr 1.91e-05
step     80 | train_loss 4.0588 | lr 1.87e-05
step     90 | train_loss 3.9686 | lr 1.82e-05
step    100 | train_loss 4.1458 | lr 1.77e-05
step    100 | val_loss 4.0398 | val_ppl 56.81
step    110 | train_loss 4.1092 | lr 1.71e-05
step    120 | train_loss 4.0249 | lr 1.64e-05
step    130 | train_loss 3.9990 | lr 1.57e-05
step    140 | train_loss 3.9328 | lr 1.49e-05
step    150 | train_loss 3.9554 | lr 1.41e-05
step    150 | val_loss 4.0043 | val_ppl 54.83
step    160 | train_loss 4.0073 | lr 1.33e-05
step    170 | train_loss 4.0302 | lr 1.25e-05
step    180 | train_loss 4.0345 | lr 1.16e-05
step    190 | train_loss 3.9503 | lr 1.07e-05
step    200 | train_loss 4.0382 | lr 9.88e-06
step    200 | val_loss 3.9826 | val_ppl 53.65
step    210 | train_loss 3.9380 | lr 9.03e-06
step    220 | train_loss 3.9171 | lr 8.20e-06
step    230 | train_loss 3.9874 | lr 7.40e-06
step    240 | train_loss 3.9007 | lr 6.62e-06
step    250 | train_loss 4.1388 | lr 5.89e-06
step    250 | val_loss 3.9699 | val_ppl 52.98
step    260 | train_loss 4.0072 | lr 5.21e-06
step    270 | train_loss 4.1077 | lr 4.58e-06
step    280 | train_loss 4.0952 | lr 4.00e-06
step    290 | train_loss 4.0060 | lr 3.49e-06
step    300 | train_loss 3.9952 | lr 3.05e-06
step    300 | val_loss 3.9637 | val_ppl 52.65
step    310 | train_loss 3.9805 | lr 2.69e-06
step    320 | train_loss 3.8369 | lr 2.39e-06
step    330 | train_loss 4.1683 | lr 2.18e-06
step    340 | train_loss 3.8425 | lr 2.05e-06
step    350 | train_loss 3.9657 | lr 2.00e-06
step    350 | val_loss 3.9603 | val_ppl 52.47
Saved checkpoint to /home/system/projects/AuthLLM/checkpoints/lr_scaling_mini/alpaca_packed_350_lr2e-05_seed1337/step_350.pt
