Data: 16,956 train / 346 val examples (0 dropped as longer than 512 tokens)
Packing: 16,956 examples into 3,761 windows (4.5 per window, 98.7% of positions used)
Model: mini (7,292,032 parameters), initialized from checkpoints/mini/step_4400.pt (step 4400)
step     10 | train_loss 4.1509 | lr 6.00e-04
step     16 | val_loss 4.1299 | val_ppl 62.17
step     20 | train_loss 4.1247 | lr 5.85e-04
step     30 | train_loss 3.8998 | lr 5.49e-04
step     32 | val_loss 4.0260 | val_ppl 56.04
step     40 | train_loss 3.9706 | lr 4.97e-04
step     48 | val_loss 3.9659 | val_ppl 52.77
step     50 | train_loss 3.8007 | lr 4.31e-04
step     60 | train_loss 3.7037 | lr 3.57e-04
step     64 | val_loss 3.9053 | val_ppl 49.66
step     70 | train_loss 3.9223 | lr 2.81e-04
step     80 | train_loss 3.9930 | lr 2.08e-04
step     80 | val_loss 3.8522 | val_ppl 47.09
step     90 | train_loss 3.8178 | lr 1.46e-04
step     96 | val_loss 3.8295 | val_ppl 46.04
step    100 | train_loss 3.8185 | lr 9.81e-05
step    110 | train_loss 3.8415 | lr 6.87e-05
step    112 | val_loss 3.8102 | val_ppl 45.16
step    118 | train_loss 3.8268 | lr 6.01e-05
step    118 | val_loss 3.8061 | val_ppl 44.98
Saved checkpoint to /home/system/projects/AuthLLM/checkpoints/lr_scaling_mini/alpaca_third_packed_118_lr0.0006_seed1339/step_118.pt
