Data: 50,869 train / 1,037 val examples (68 dropped as longer than 512 tokens)
Model: mini (7,292,032 parameters), initialized from checkpoints/mini/step_4400.pt (step 4400)
step     10 | train_loss 4.6738 | lr 9.00e-06
step     20 | train_loss 4.1580 | lr 1.80e-05
step     30 | train_loss 4.1949 | lr 2.70e-05
step     40 | train_loss 4.2362 | lr 3.60e-05
step     50 | train_loss 4.4716 | lr 4.50e-05
step     60 | train_loss 4.1416 | lr 5.40e-05
step     70 | train_loss 3.9495 | lr 6.30e-05
step     80 | train_loss 4.0211 | lr 7.20e-05
step     90 | train_loss 4.0649 | lr 8.10e-05
step    100 | train_loss 4.2115 | lr 9.00e-05
step    110 | train_loss 3.9073 | lr 9.00e-05
step    120 | train_loss 3.9652 | lr 9.00e-05
step    130 | train_loss 3.8592 | lr 8.99e-05
step    140 | train_loss 4.0181 | lr 8.99e-05
step    150 | train_loss 4.0497 | lr 8.98e-05
step    160 | train_loss 3.8893 | lr 8.97e-05
step    170 | train_loss 4.0615 | lr 8.96e-05
step    180 | train_loss 4.1106 | lr 8.94e-05
step    190 | train_loss 4.1075 | lr 8.93e-05
step    200 | train_loss 3.7686 | lr 8.91e-05
step    210 | train_loss 4.1502 | lr 8.89e-05
step    220 | train_loss 4.0768 | lr 8.87e-05
step    228 | val_loss 3.9269 | val_ppl 50.75
step    230 | train_loss 3.9392 | lr 8.85e-05
step    240 | train_loss 4.0343 | lr 8.83e-05
step    250 | train_loss 3.7809 | lr 8.80e-05
step    260 | train_loss 4.1587 | lr 8.78e-05
step    270 | train_loss 4.0521 | lr 8.75e-05
step    280 | train_loss 3.9486 | lr 8.72e-05
step    290 | train_loss 3.5667 | lr 8.69e-05
step    300 | train_loss 4.0330 | lr 8.65e-05
step    310 | train_loss 4.0506 | lr 8.62e-05
step    320 | train_loss 3.9990 | lr 8.58e-05
step    330 | train_loss 3.9987 | lr 8.54e-05
step    340 | train_loss 3.7849 | lr 8.50e-05
step    350 | train_loss 4.1864 | lr 8.46e-05
step    360 | train_loss 3.9900 | lr 8.42e-05
step    370 | train_loss 3.9730 | lr 8.37e-05
step    380 | train_loss 4.1951 | lr 8.33e-05
step    390 | train_loss 3.7750 | lr 8.28e-05
step    400 | train_loss 3.5860 | lr 8.23e-05
step    410 | train_loss 3.8180 | lr 8.18e-05
step    420 | train_loss 4.0919 | lr 8.13e-05
step    430 | train_loss 3.8378 | lr 8.08e-05
step    440 | train_loss 3.8443 | lr 8.02e-05
step    450 | train_loss 3.9687 | lr 7.97e-05
step    456 | val_loss 3.8453 | val_ppl 46.77
step    460 | train_loss 3.9586 | lr 7.91e-05
step    470 | train_loss 3.5420 | lr 7.85e-05
step    480 | train_loss 3.7261 | lr 7.79e-05
step    490 | train_loss 4.0131 | lr 7.73e-05
step    500 | train_loss 3.9534 | lr 7.67e-05
step    510 | train_loss 3.7924 | lr 7.60e-05
step    520 | train_loss 3.9390 | lr 7.54e-05
step    530 | train_loss 4.0260 | lr 7.47e-05
step    540 | train_loss 3.6870 | lr 7.41e-05
step    550 | train_loss 3.6507 | lr 7.34e-05
step    560 | train_loss 3.8959 | lr 7.27e-05
step    570 | train_loss 3.9014 | lr 7.20e-05
step    580 | train_loss 3.8916 | lr 7.13e-05
step    590 | train_loss 4.0286 | lr 7.06e-05
step    600 | train_loss 3.9265 | lr 6.98e-05
step    610 | train_loss 3.7729 | lr 6.91e-05
step    620 | train_loss 3.8096 | lr 6.83e-05
step    630 | train_loss 3.4234 | lr 6.76e-05
step    640 | train_loss 3.8553 | lr 6.68e-05
step    650 | train_loss 3.7360 | lr 6.61e-05
step    660 | train_loss 3.7143 | lr 6.53e-05
step    670 | train_loss 3.8776 | lr 6.45e-05
step    680 | train_loss 3.8591 | lr 6.37e-05
step    684 | val_loss 3.8035 | val_ppl 44.86
step    690 | train_loss 3.8408 | lr 6.29e-05
step    700 | train_loss 3.7350 | lr 6.21e-05
step    710 | train_loss 4.0992 | lr 6.13e-05
step    720 | train_loss 3.9766 | lr 6.05e-05
step    730 | train_loss 3.5879 | lr 5.97e-05
step    740 | train_loss 3.8553 | lr 5.88e-05
step    750 | train_loss 3.7869 | lr 5.80e-05
step    760 | train_loss 3.9150 | lr 5.72e-05
step    770 | train_loss 3.7104 | lr 5.63e-05
step    780 | train_loss 4.0940 | lr 5.55e-05
step    790 | train_loss 3.8755 | lr 5.47e-05
step    800 | train_loss 3.8984 | lr 5.38e-05
step    810 | train_loss 3.6513 | lr 5.30e-05
step    820 | train_loss 3.7313 | lr 5.21e-05
step    830 | train_loss 3.8794 | lr 5.13e-05
step    840 | train_loss 3.8551 | lr 5.04e-05
step    850 | train_loss 3.8857 | lr 4.96e-05
step    860 | train_loss 3.9833 | lr 4.87e-05
step    870 | train_loss 3.7096 | lr 4.79e-05
step    880 | train_loss 3.7792 | lr 4.70e-05
step    890 | train_loss 4.1079 | lr 4.62e-05
step    900 | train_loss 3.7837 | lr 4.54e-05
step    910 | train_loss 3.8431 | lr 4.45e-05
step    912 | val_loss 3.7722 | val_ppl 43.47
step    920 | train_loss 3.7062 | lr 4.37e-05
step    930 | train_loss 3.6521 | lr 4.28e-05
step    940 | train_loss 3.7068 | lr 4.20e-05
step    950 | train_loss 3.7696 | lr 4.12e-05
step    960 | train_loss 3.8620 | lr 4.03e-05
step    970 | train_loss 3.8080 | lr 3.95e-05
step    980 | train_loss 4.2509 | lr 3.87e-05
step    990 | train_loss 3.7949 | lr 3.79e-05
step   1000 | train_loss 3.8318 | lr 3.71e-05
step   1010 | train_loss 3.6357 | lr 3.63e-05
step   1020 | train_loss 4.0044 | lr 3.55e-05
step   1030 | train_loss 3.8856 | lr 3.47e-05
step   1040 | train_loss 3.9302 | lr 3.39e-05
step   1050 | train_loss 3.5960 | lr 3.31e-05
step   1060 | train_loss 3.7794 | lr 3.23e-05
step   1070 | train_loss 3.7895 | lr 3.16e-05
step   1080 | train_loss 3.7287 | lr 3.08e-05
step   1090 | train_loss 3.7827 | lr 3.01e-05
step   1100 | train_loss 3.8481 | lr 2.93e-05
step   1110 | train_loss 3.8569 | lr 2.86e-05
step   1120 | train_loss 3.7905 | lr 2.79e-05
step   1130 | train_loss 3.7429 | lr 2.72e-05
step   1140 | train_loss 3.7364 | lr 2.65e-05
step   1140 | val_loss 3.7520 | val_ppl 42.61
step   1150 | train_loss 4.0590 | lr 2.58e-05
step   1160 | train_loss 3.9947 | lr 2.51e-05
step   1170 | train_loss 3.6206 | lr 2.44e-05
step   1180 | train_loss 4.1668 | lr 2.37e-05
step   1190 | train_loss 3.9178 | lr 2.31e-05
step   1200 | train_loss 4.0326 | lr 2.25e-05
step   1210 | train_loss 3.9903 | lr 2.18e-05
step   1220 | train_loss 3.6849 | lr 2.12e-05
step   1230 | train_loss 3.5370 | lr 2.06e-05
step   1240 | train_loss 3.7700 | lr 2.00e-05
step   1250 | train_loss 4.0206 | lr 1.95e-05
step   1260 | train_loss 4.0389 | lr 1.89e-05
step   1270 | train_loss 3.8028 | lr 1.83e-05
step   1280 | train_loss 3.8532 | lr 1.78e-05
step   1290 | train_loss 3.5096 | lr 1.73e-05
step   1300 | train_loss 3.4077 | lr 1.68e-05
step   1310 | train_loss 3.6917 | lr 1.63e-05
step   1320 | train_loss 3.5795 | lr 1.58e-05
step   1330 | train_loss 3.8823 | lr 1.54e-05
step   1340 | train_loss 3.9392 | lr 1.49e-05
step   1350 | train_loss 3.8713 | lr 1.45e-05
step   1360 | train_loss 3.8155 | lr 1.41e-05
step   1368 | val_loss 3.7388 | val_ppl 42.05
step   1370 | train_loss 3.6657 | lr 1.36e-05
step   1380 | train_loss 3.7055 | lr 1.33e-05
step   1390 | train_loss 3.5287 | lr 1.29e-05
step   1400 | train_loss 3.8155 | lr 1.25e-05
step   1410 | train_loss 3.9112 | lr 1.22e-05
step   1420 | train_loss 3.7729 | lr 1.19e-05
step   1430 | train_loss 3.7249 | lr 1.16e-05
step   1440 | train_loss 3.7513 | lr 1.13e-05
step   1450 | train_loss 4.1488 | lr 1.10e-05
step   1460 | train_loss 3.9504 | lr 1.08e-05
step   1470 | train_loss 3.9003 | lr 1.05e-05
step   1480 | train_loss 3.8756 | lr 1.03e-05
step   1490 | train_loss 3.6976 | lr 1.01e-05
step   1500 | train_loss 3.6853 | lr 9.90e-06
step   1510 | train_loss 4.5616 | lr 9.73e-06
step   1520 | train_loss 3.5102 | lr 9.58e-06
step   1530 | train_loss 3.9383 | lr 9.45e-06
step   1540 | train_loss 3.6012 | lr 9.33e-06
step   1550 | train_loss 3.9033 | lr 9.23e-06
step   1560 | train_loss 3.7933 | lr 9.15e-06
step   1570 | train_loss 3.9865 | lr 9.09e-06
step   1580 | train_loss 3.7691 | lr 9.04e-06
step   1590 | train_loss 3.3769 | lr 9.01e-06
step   1596 | val_loss 3.7327 | val_ppl 41.79
step   1600 | train_loss 3.6445 | lr 9.00e-06
step   1600 | val_loss 3.7327 | val_ppl 41.79
Saved checkpoint to /home/system/projects/AuthLLM/checkpoints/lr_scaling_mini/alpaca_unpacked_1600_lr9e-05_seed1338/step_1600.pt
