Data: 50,868 train / 1,038 val examples (68 dropped as longer than 512 tokens)
Packing: 50,868 examples into 11,220 windows (4.5 per window, 98.8% of positions used)
Model: mini (7,292,032 parameters), initialized from checkpoints/mini/step_4400.pt (step 4400)
step     10 | train_loss 4.2674 | lr 2.73e-05
step     20 | train_loss 4.2272 | lr 5.45e-05
step     30 | train_loss 3.9865 | lr 5.99e-05
step     40 | train_loss 3.9068 | lr 5.96e-05
step     50 | train_loss 3.9702 | lr 5.91e-05
step     50 | val_loss 4.0239 | val_ppl 55.92
step     60 | train_loss 4.0054 | lr 5.83e-05
step     70 | train_loss 3.9907 | lr 5.73e-05
step     80 | train_loss 3.9680 | lr 5.61e-05
step     90 | train_loss 3.8877 | lr 5.46e-05
step    100 | train_loss 4.0540 | lr 5.30e-05
step    100 | val_loss 3.9423 | val_ppl 51.53
step    110 | train_loss 4.0136 | lr 5.12e-05
step    120 | train_loss 3.9294 | lr 4.92e-05
step    130 | train_loss 3.9136 | lr 4.70e-05
step    140 | train_loss 3.8482 | lr 4.47e-05
step    150 | train_loss 3.8583 | lr 4.24e-05
step    150 | val_loss 3.8958 | val_ppl 49.19
step    160 | train_loss 3.9195 | lr 3.99e-05
step    170 | train_loss 3.9129 | lr 3.74e-05
step    180 | train_loss 3.9235 | lr 3.48e-05
step    190 | train_loss 3.8224 | lr 3.22e-05
step    200 | train_loss 3.9357 | lr 2.96e-05
step    200 | val_loss 3.8646 | val_ppl 47.68
step    210 | train_loss 3.8324 | lr 2.71e-05
step    220 | train_loss 3.7661 | lr 2.46e-05
step    230 | train_loss 3.8805 | lr 2.22e-05
step    240 | train_loss 3.7996 | lr 1.99e-05
step    250 | train_loss 3.9868 | lr 1.77e-05
step    250 | val_loss 3.8469 | val_ppl 46.85
step    260 | train_loss 3.8875 | lr 1.56e-05
step    270 | train_loss 3.9926 | lr 1.37e-05
step    280 | train_loss 3.9533 | lr 1.20e-05
step    290 | train_loss 3.8736 | lr 1.05e-05
step    300 | train_loss 3.8701 | lr 9.16e-06
step    300 | val_loss 3.8376 | val_ppl 46.42
step    310 | train_loss 3.8420 | lr 8.06e-06
step    320 | train_loss 3.7096 | lr 7.18e-06
step    330 | train_loss 4.0544 | lr 6.54e-06
step    340 | train_loss 3.7243 | lr 6.15e-06
step    350 | train_loss 3.8409 | lr 6.00e-06
step    350 | val_loss 3.8325 | val_ppl 46.18
Saved checkpoint to /home/system/projects/AuthLLM/checkpoints/lr_scaling_mini/alpaca_packed_350_lr6e-05_seed1337/step_350.pt
