Data: 50,868 train / 1,038 val examples (68 dropped as longer than 512 tokens)
Model: mini (7,292,032 parameters), initialized from checkpoints/mini/step_4400.pt (step 4400)
step     10 | train_loss 4.5674 | lr 1.50e-05
step     20 | train_loss 4.4721 | lr 3.00e-05
step     30 | train_loss 4.1318 | lr 4.50e-05
step     40 | train_loss 4.0109 | lr 6.00e-05
step     50 | train_loss 4.0530 | lr 7.50e-05
step     60 | train_loss 4.1814 | lr 9.00e-05
step     70 | train_loss 3.9110 | lr 1.05e-04
step     80 | train_loss 3.7799 | lr 1.20e-04
step     90 | train_loss 3.7179 | lr 1.35e-04
step    100 | train_loss 3.9310 | lr 1.50e-04
step    110 | train_loss 4.0531 | lr 1.50e-04
step    120 | train_loss 4.0682 | lr 1.50e-04
step    130 | train_loss 3.8706 | lr 1.50e-04
step    140 | train_loss 4.1338 | lr 1.50e-04
step    150 | train_loss 3.9738 | lr 1.50e-04
step    160 | train_loss 3.9449 | lr 1.49e-04
step    170 | train_loss 3.9727 | lr 1.49e-04
step    180 | train_loss 4.1613 | lr 1.49e-04
step    190 | train_loss 4.0835 | lr 1.49e-04
step    200 | train_loss 3.8116 | lr 1.49e-04
step    210 | train_loss 3.9382 | lr 1.48e-04
step    220 | train_loss 3.9536 | lr 1.48e-04
step    228 | val_loss 3.9232 | val_ppl 50.56
step    230 | train_loss 3.9129 | lr 1.48e-04
step    240 | train_loss 3.9613 | lr 1.47e-04
step    250 | train_loss 3.8910 | lr 1.47e-04
step    260 | train_loss 3.8092 | lr 1.46e-04
step    270 | train_loss 3.8350 | lr 1.46e-04
step    280 | train_loss 3.9063 | lr 1.45e-04
step    290 | train_loss 3.8481 | lr 1.45e-04
step    300 | train_loss 3.9986 | lr 1.44e-04
step    310 | train_loss 4.0190 | lr 1.44e-04
step    320 | train_loss 3.9681 | lr 1.43e-04
step    330 | train_loss 4.2759 | lr 1.42e-04
step    340 | train_loss 3.8601 | lr 1.42e-04
step    350 | train_loss 4.0335 | lr 1.41e-04
step    360 | train_loss 3.9137 | lr 1.40e-04
step    370 | train_loss 3.8665 | lr 1.40e-04
step    380 | train_loss 4.1518 | lr 1.39e-04
step    390 | train_loss 4.0000 | lr 1.38e-04
step    400 | train_loss 3.6874 | lr 1.37e-04
step    410 | train_loss 3.9331 | lr 1.36e-04
step    420 | train_loss 4.1079 | lr 1.35e-04
step    430 | train_loss 4.1786 | lr 1.35e-04
step    440 | train_loss 4.0787 | lr 1.34e-04
step    450 | train_loss 4.0614 | lr 1.33e-04
step    456 | val_loss 3.8780 | val_ppl 48.33
step    460 | train_loss 3.7395 | lr 1.32e-04
step    470 | train_loss 4.0539 | lr 1.31e-04
step    480 | train_loss 4.0366 | lr 1.30e-04
step    490 | train_loss 3.9830 | lr 1.29e-04
step    500 | train_loss 3.8293 | lr 1.28e-04
step    510 | train_loss 3.8683 | lr 1.27e-04
step    520 | train_loss 3.8957 | lr 1.26e-04
step    530 | train_loss 3.6323 | lr 1.25e-04
step    540 | train_loss 3.9456 | lr 1.23e-04
step    550 | train_loss 3.8885 | lr 1.22e-04
step    560 | train_loss 3.8420 | lr 1.21e-04
step    570 | train_loss 3.7583 | lr 1.20e-04
step    580 | train_loss 4.0326 | lr 1.19e-04
step    590 | train_loss 3.7219 | lr 1.18e-04
step    600 | train_loss 3.7581 | lr 1.16e-04
step    610 | train_loss 3.7972 | lr 1.15e-04
step    620 | train_loss 4.0682 | lr 1.14e-04
step    630 | train_loss 3.7465 | lr 1.13e-04
step    640 | train_loss 3.8957 | lr 1.11e-04
step    650 | train_loss 3.8314 | lr 1.10e-04
step    660 | train_loss 3.8304 | lr 1.09e-04
step    670 | train_loss 3.9490 | lr 1.07e-04
step    680 | train_loss 3.4393 | lr 1.06e-04
step    684 | val_loss 3.8230 | val_ppl 45.74
step    690 | train_loss 4.0318 | lr 1.05e-04
step    700 | train_loss 3.7771 | lr 1.03e-04
step    710 | train_loss 3.8634 | lr 1.02e-04
step    720 | train_loss 3.7554 | lr 1.01e-04
step    730 | train_loss 3.8221 | lr 9.94e-05
step    740 | train_loss 3.7551 | lr 9.81e-05
step    750 | train_loss 3.8529 | lr 9.67e-05
step    760 | train_loss 3.9486 | lr 9.53e-05
step    770 | train_loss 3.8363 | lr 9.39e-05
step    780 | train_loss 4.0232 | lr 9.25e-05
step    790 | train_loss 4.0460 | lr 9.11e-05
step    800 | train_loss 3.9622 | lr 8.97e-05
step    810 | train_loss 3.7920 | lr 8.83e-05
step    820 | train_loss 3.6457 | lr 8.69e-05
step    830 | train_loss 3.7601 | lr 8.55e-05
step    840 | train_loss 3.7173 | lr 8.41e-05
step    850 | train_loss 3.7387 | lr 8.26e-05
step    860 | train_loss 3.5625 | lr 8.12e-05
step    870 | train_loss 3.6424 | lr 7.98e-05
step    880 | train_loss 3.7376 | lr 7.84e-05
step    890 | train_loss 3.7424 | lr 7.70e-05
step    900 | train_loss 4.1059 | lr 7.56e-05
step    910 | train_loss 3.4785 | lr 7.42e-05
step    912 | val_loss 3.7981 | val_ppl 44.62
step    920 | train_loss 3.7604 | lr 7.28e-05
step    930 | train_loss 3.7702 | lr 7.14e-05
step    940 | train_loss 3.7126 | lr 7.00e-05
step    950 | train_loss 4.0277 | lr 6.86e-05
step    960 | train_loss 4.2250 | lr 6.72e-05
step    970 | train_loss 3.8925 | lr 6.59e-05
step    980 | train_loss 3.8966 | lr 6.45e-05
step    990 | train_loss 3.8582 | lr 6.31e-05
step   1000 | train_loss 3.3875 | lr 6.18e-05
step   1010 | train_loss 3.9067 | lr 6.04e-05
step   1020 | train_loss 3.7124 | lr 5.91e-05
step   1030 | train_loss 3.9277 | lr 5.78e-05
step   1040 | train_loss 4.0554 | lr 5.65e-05
step   1050 | train_loss 3.8407 | lr 5.52e-05
step   1060 | train_loss 3.9635 | lr 5.39e-05
step   1070 | train_loss 3.9200 | lr 5.26e-05
step   1080 | train_loss 3.6816 | lr 5.14e-05
step   1090 | train_loss 3.9333 | lr 5.01e-05
step   1100 | train_loss 3.5879 | lr 4.89e-05
step   1110 | train_loss 3.9093 | lr 4.77e-05
step   1120 | train_loss 3.7828 | lr 4.65e-05
step   1130 | train_loss 3.8314 | lr 4.53e-05
step   1140 | train_loss 3.9041 | lr 4.41e-05
step   1140 | val_loss 3.7762 | val_ppl 43.65
step   1150 | train_loss 4.0536 | lr 4.29e-05
step   1160 | train_loss 3.9445 | lr 4.18e-05
step   1170 | train_loss 3.8982 | lr 4.07e-05
step   1180 | train_loss 3.4708 | lr 3.96e-05
step   1190 | train_loss 3.8587 | lr 3.85e-05
step   1200 | train_loss 3.8978 | lr 3.74e-05
step   1210 | train_loss 3.6098 | lr 3.64e-05
step   1220 | train_loss 3.7678 | lr 3.54e-05
step   1230 | train_loss 3.8205 | lr 3.44e-05
step   1240 | train_loss 3.7923 | lr 3.34e-05
step   1250 | train_loss 3.9341 | lr 3.24e-05
step   1260 | train_loss 3.5172 | lr 3.15e-05
step   1270 | train_loss 3.7322 | lr 3.06e-05
step   1280 | train_loss 3.8445 | lr 2.97e-05
step   1290 | train_loss 3.5476 | lr 2.88e-05
step   1300 | train_loss 4.1412 | lr 2.80e-05
step   1310 | train_loss 3.6372 | lr 2.72e-05
step   1320 | train_loss 3.7020 | lr 2.64e-05
step   1330 | train_loss 4.2149 | lr 2.56e-05
step   1340 | train_loss 3.8455 | lr 2.48e-05
step   1350 | train_loss 3.8016 | lr 2.41e-05
step   1360 | train_loss 3.8802 | lr 2.34e-05
step   1368 | val_loss 3.7603 | val_ppl 42.96
step   1370 | train_loss 3.6279 | lr 2.27e-05
step   1380 | train_loss 3.9412 | lr 2.21e-05
step   1390 | train_loss 3.6773 | lr 2.15e-05
step   1400 | train_loss 3.9474 | lr 2.09e-05
step   1410 | train_loss 3.6392 | lr 2.03e-05
step   1420 | train_loss 3.8841 | lr 1.98e-05
step   1430 | train_loss 3.9872 | lr 1.93e-05
step   1440 | train_loss 3.7541 | lr 1.88e-05
step   1450 | train_loss 3.6774 | lr 1.83e-05
step   1460 | train_loss 3.7866 | lr 1.79e-05
step   1470 | train_loss 3.7656 | lr 1.75e-05
step   1480 | train_loss 3.6502 | lr 1.72e-05
step   1490 | train_loss 4.0911 | lr 1.68e-05
step   1500 | train_loss 3.8673 | lr 1.65e-05
step   1510 | train_loss 3.4493 | lr 1.62e-05
step   1520 | train_loss 3.7733 | lr 1.60e-05
step   1530 | train_loss 3.7298 | lr 1.57e-05
step   1540 | train_loss 3.6570 | lr 1.56e-05
step   1550 | train_loss 3.9118 | lr 1.54e-05
step   1560 | train_loss 3.6249 | lr 1.52e-05
step   1570 | train_loss 3.7328 | lr 1.51e-05
step   1580 | train_loss 3.7605 | lr 1.51e-05
step   1590 | train_loss 3.7464 | lr 1.50e-05
step   1596 | val_loss 3.7533 | val_ppl 42.66
step   1600 | train_loss 3.7672 | lr 1.50e-05
step   1600 | val_loss 3.7540 | val_ppl 42.69
Saved checkpoint to /home/system/projects/AuthLLM/checkpoints/lr_scaling_mini/alpaca_unpacked_1600_lr0.00015_seed1337/step_1600.pt
