Data: 16,956 train / 346 val examples (0 dropped as longer than 512 tokens)
Packing: 16,956 examples into 3,763 windows (4.5 per window, 98.7% of positions used)
Model: small (29,938,560 parameters), initialized from checkpoints/small/step_9000.pt (step 9000)
step     10 | train_loss 3.0941 | lr 4.00e-04
step     16 | val_loss 2.8640 | val_ppl 17.53
step     20 | train_loss 2.9372 | lr 3.90e-04
step     30 | train_loss 3.0162 | lr 3.66e-04
step     32 | val_loss 2.8241 | val_ppl 16.85
step     40 | train_loss 2.8133 | lr 3.31e-04
step     48 | val_loss 2.7769 | val_ppl 16.07
step     50 | train_loss 2.8834 | lr 2.87e-04
step     60 | train_loss 2.8324 | lr 2.38e-04
step     64 | val_loss 2.7390 | val_ppl 15.47
step     70 | train_loss 2.7531 | lr 1.87e-04
step     80 | train_loss 2.7342 | lr 1.39e-04
step     80 | val_loss 2.7057 | val_ppl 14.96
step     90 | train_loss 2.6507 | lr 9.73e-05
step     96 | val_loss 2.6788 | val_ppl 14.57
step    100 | train_loss 2.7118 | lr 6.54e-05
step    110 | train_loss 2.6351 | lr 4.58e-05
step    112 | val_loss 2.6627 | val_ppl 14.34
step    118 | train_loss 2.6322 | lr 4.01e-05
step    118 | val_loss 2.6600 | val_ppl 14.30
Saved checkpoint to /home/system/projects/AuthLLM/checkpoints/lr_scaling_small9k/alpaca_third_packed_118_lr0.0004_seed1337/step_118.pt
