Data: 50,868 train / 1,038 val examples (68 dropped as longer than 512 tokens)
Model: small (29,938,560 parameters), initialized from checkpoints/small/step_9000.pt (step 9000)
step     10 | train_loss 3.4658 | lr 6.00e-06
step     20 | train_loss 3.2159 | lr 1.20e-05
step     30 | train_loss 2.9662 | lr 1.80e-05
step     40 | train_loss 2.8899 | lr 2.40e-05
step     50 | train_loss 3.0117 | lr 3.00e-05
step     60 | train_loss 3.1329 | lr 3.60e-05
step     70 | train_loss 2.6151 | lr 4.20e-05
step     80 | train_loss 2.7583 | lr 4.80e-05
step     90 | train_loss 2.7018 | lr 5.40e-05
step    100 | train_loss 2.8038 | lr 6.00e-05
step    110 | train_loss 2.9263 | lr 6.00e-05
step    120 | train_loss 2.9271 | lr 6.00e-05
step    130 | train_loss 2.7210 | lr 6.00e-05
step    140 | train_loss 2.9650 | lr 5.99e-05
step    150 | train_loss 2.9384 | lr 5.99e-05
step    160 | train_loss 2.7802 | lr 5.98e-05
step    170 | train_loss 2.8197 | lr 5.97e-05
step    180 | train_loss 3.0286 | lr 5.96e-05
step    190 | train_loss 2.9595 | lr 5.95e-05
step    200 | train_loss 2.7687 | lr 5.94e-05
step    210 | train_loss 2.7244 | lr 5.93e-05
step    220 | train_loss 2.7933 | lr 5.92e-05
step    228 | val_loss 2.7843 | val_ppl 16.19
step    230 | train_loss 2.8250 | lr 5.90e-05
step    240 | train_loss 2.8607 | lr 5.89e-05
step    250 | train_loss 2.7713 | lr 5.87e-05
step    260 | train_loss 2.7067 | lr 5.85e-05
step    270 | train_loss 2.6837 | lr 5.83e-05
step    280 | train_loss 2.7664 | lr 5.81e-05
step    290 | train_loss 2.6689 | lr 5.79e-05
step    300 | train_loss 2.7996 | lr 5.77e-05
step    310 | train_loss 2.8817 | lr 5.75e-05
step    320 | train_loss 2.7065 | lr 5.72e-05
step    330 | train_loss 3.1824 | lr 5.70e-05
step    340 | train_loss 2.7020 | lr 5.67e-05
step    350 | train_loss 2.8511 | lr 5.64e-05
step    360 | train_loss 2.7872 | lr 5.61e-05
step    370 | train_loss 2.6386 | lr 5.58e-05
step    380 | train_loss 2.7632 | lr 5.55e-05
step    390 | train_loss 2.8309 | lr 5.52e-05
step    400 | train_loss 2.6861 | lr 5.49e-05
step    410 | train_loss 2.7481 | lr 5.45e-05
step    420 | train_loss 2.8617 | lr 5.42e-05
step    430 | train_loss 2.8277 | lr 5.38e-05
step    440 | train_loss 2.7475 | lr 5.35e-05
step    450 | train_loss 2.9853 | lr 5.31e-05
step    456 | val_loss 2.7296 | val_ppl 15.33
step    460 | train_loss 2.5722 | lr 5.27e-05
step    470 | train_loss 2.9507 | lr 5.23e-05
step    480 | train_loss 2.8168 | lr 5.19e-05
step    490 | train_loss 2.8603 | lr 5.15e-05
step    500 | train_loss 2.6131 | lr 5.11e-05
step    510 | train_loss 2.7954 | lr 5.07e-05
step    520 | train_loss 2.7568 | lr 5.03e-05
step    530 | train_loss 2.5426 | lr 4.98e-05
step    540 | train_loss 2.7546 | lr 4.94e-05
step    550 | train_loss 2.7670 | lr 4.89e-05
step    560 | train_loss 2.6909 | lr 4.85e-05
step    570 | train_loss 2.6477 | lr 4.80e-05
step    580 | train_loss 2.8116 | lr 4.75e-05
step    590 | train_loss 2.6404 | lr 4.70e-05
step    600 | train_loss 2.6685 | lr 4.65e-05
step    610 | train_loss 2.7472 | lr 4.61e-05
step    620 | train_loss 2.9176 | lr 4.56e-05
step    630 | train_loss 2.6076 | lr 4.51e-05
step    640 | train_loss 2.8321 | lr 4.45e-05
step    650 | train_loss 2.8095 | lr 4.40e-05
step    660 | train_loss 2.7498 | lr 4.35e-05
step    670 | train_loss 2.7709 | lr 4.30e-05
step    680 | train_loss 2.3482 | lr 4.25e-05
step    684 | val_loss 2.7022 | val_ppl 14.91
step    690 | train_loss 2.8297 | lr 4.19e-05
step    700 | train_loss 2.6871 | lr 4.14e-05
step    710 | train_loss 2.7016 | lr 4.09e-05
step    720 | train_loss 2.6682 | lr 4.03e-05
step    730 | train_loss 2.7482 | lr 3.98e-05
step    740 | train_loss 2.7161 | lr 3.92e-05
step    750 | train_loss 2.6660 | lr 3.87e-05
step    760 | train_loss 2.7132 | lr 3.81e-05
step    770 | train_loss 2.6836 | lr 3.76e-05
step    780 | train_loss 2.7384 | lr 3.70e-05
step    790 | train_loss 3.0265 | lr 3.64e-05
step    800 | train_loss 2.6257 | lr 3.59e-05
step    810 | train_loss 2.7018 | lr 3.53e-05
step    820 | train_loss 2.5793 | lr 3.48e-05
step    830 | train_loss 2.7055 | lr 3.42e-05
step    840 | train_loss 2.6354 | lr 3.36e-05
step    850 | train_loss 2.6742 | lr 3.31e-05
step    860 | train_loss 2.5682 | lr 3.25e-05
step    870 | train_loss 2.4895 | lr 3.19e-05
step    880 | train_loss 2.6186 | lr 3.14e-05
step    890 | train_loss 2.7356 | lr 3.08e-05
step    900 | train_loss 2.9567 | lr 3.02e-05
step    910 | train_loss 2.3267 | lr 2.97e-05
step    912 | val_loss 2.6920 | val_ppl 14.76
step    920 | train_loss 2.6442 | lr 2.91e-05
step    930 | train_loss 2.7828 | lr 2.86e-05
step    940 | train_loss 2.5775 | lr 2.80e-05
step    950 | train_loss 2.9233 | lr 2.74e-05
step    960 | train_loss 3.1006 | lr 2.69e-05
step    970 | train_loss 2.7114 | lr 2.63e-05
step    980 | train_loss 2.7562 | lr 2.58e-05
step    990 | train_loss 2.7455 | lr 2.53e-05
step   1000 | train_loss 2.3816 | lr 2.47e-05
step   1010 | train_loss 2.8147 | lr 2.42e-05
step   1020 | train_loss 2.6527 | lr 2.36e-05
step   1030 | train_loss 2.8587 | lr 2.31e-05
step   1040 | train_loss 2.8841 | lr 2.26e-05
step   1050 | train_loss 2.7433 | lr 2.21e-05
step   1060 | train_loss 2.8738 | lr 2.16e-05
step   1070 | train_loss 2.7279 | lr 2.10e-05
step   1080 | train_loss 2.5375 | lr 2.05e-05
step   1090 | train_loss 2.7304 | lr 2.00e-05
step   1100 | train_loss 2.4431 | lr 1.95e-05
step   1110 | train_loss 2.7609 | lr 1.91e-05
step   1120 | train_loss 2.6659 | lr 1.86e-05
step   1130 | train_loss 2.6692 | lr 1.81e-05
step   1140 | train_loss 2.6911 | lr 1.76e-05
step   1140 | val_loss 2.6774 | val_ppl 14.55
step   1150 | train_loss 2.8909 | lr 1.72e-05
step   1160 | train_loss 2.8064 | lr 1.67e-05
step   1170 | train_loss 2.8136 | lr 1.63e-05
step   1180 | train_loss 2.3554 | lr 1.58e-05
step   1190 | train_loss 2.7867 | lr 1.54e-05
step   1200 | train_loss 2.8391 | lr 1.50e-05
step   1210 | train_loss 2.4951 | lr 1.46e-05
step   1220 | train_loss 2.6581 | lr 1.41e-05
step   1230 | train_loss 2.7225 | lr 1.37e-05
step   1240 | train_loss 2.6349 | lr 1.34e-05
step   1250 | train_loss 2.8743 | lr 1.30e-05
step   1260 | train_loss 2.5096 | lr 1.26e-05
step   1270 | train_loss 2.5942 | lr 1.22e-05
step   1280 | train_loss 2.7895 | lr 1.19e-05
step   1290 | train_loss 2.4831 | lr 1.15e-05
step   1300 | train_loss 3.0013 | lr 1.12e-05
step   1310 | train_loss 2.5604 | lr 1.09e-05
step   1320 | train_loss 2.5193 | lr 1.05e-05
step   1330 | train_loss 2.9258 | lr 1.02e-05
step   1340 | train_loss 2.6800 | lr 9.93e-06
step   1350 | train_loss 2.7478 | lr 9.65e-06
step   1360 | train_loss 2.9355 | lr 9.37e-06
step   1368 | val_loss 2.6696 | val_ppl 14.43
step   1370 | train_loss 2.5900 | lr 9.10e-06
step   1380 | train_loss 2.8323 | lr 8.84e-06
step   1390 | train_loss 2.5157 | lr 8.59e-06
step   1400 | train_loss 2.8260 | lr 8.36e-06
step   1410 | train_loss 2.6009 | lr 8.13e-06
step   1420 | train_loss 2.7877 | lr 7.92e-06
step   1430 | train_loss 2.8219 | lr 7.71e-06
step   1440 | train_loss 2.7436 | lr 7.52e-06
step   1450 | train_loss 2.5928 | lr 7.34e-06
step   1460 | train_loss 2.7482 | lr 7.17e-06
step   1470 | train_loss 2.6642 | lr 7.01e-06
step   1480 | train_loss 2.4921 | lr 6.86e-06
step   1490 | train_loss 2.9534 | lr 6.73e-06
step   1500 | train_loss 2.7840 | lr 6.60e-06
step   1510 | train_loss 2.4341 | lr 6.49e-06
step   1520 | train_loss 2.6372 | lr 6.39e-06
step   1530 | train_loss 2.7713 | lr 6.30e-06
step   1540 | train_loss 2.5658 | lr 6.22e-06
step   1550 | train_loss 2.7753 | lr 6.15e-06
step   1560 | train_loss 2.5585 | lr 6.10e-06
step   1570 | train_loss 2.4982 | lr 6.06e-06
step   1580 | train_loss 2.6517 | lr 6.03e-06
step   1590 | train_loss 2.7039 | lr 6.01e-06
step   1596 | val_loss 2.6660 | val_ppl 14.38
step   1600 | train_loss 2.7017 | lr 6.00e-06
step   1600 | val_loss 2.6659 | val_ppl 14.38
Saved checkpoint to /home/system/projects/AuthLLM/checkpoints/lr_scaling_small9k/alpaca_unpacked_1600_lr6e-05_seed1337/step_1600.pt
