Data: 50,868 train / 1,038 val examples (68 dropped as longer than 512 tokens)
Packing: 50,868 examples into 11,220 windows (4.5 per window, 98.8% of positions used)
Model: small (29,938,560 parameters), initialized from checkpoints/small/step_9000.pt (step 9000)
step     10 | train_loss 3.1820 | lr 9.09e-06
step     20 | train_loss 3.0858 | lr 1.82e-05
step     30 | train_loss 2.9175 | lr 2.00e-05
step     40 | train_loss 2.8712 | lr 1.99e-05
step     50 | train_loss 2.8234 | lr 1.97e-05
step     50 | val_loss 2.9103 | val_ppl 18.36
step     60 | train_loss 2.9117 | lr 1.94e-05
step     70 | train_loss 2.8833 | lr 1.91e-05
step     80 | train_loss 2.9129 | lr 1.87e-05
step     90 | train_loss 2.8138 | lr 1.82e-05
step    100 | train_loss 2.9444 | lr 1.77e-05
step    100 | val_loss 2.8363 | val_ppl 17.05
step    110 | train_loss 2.8899 | lr 1.71e-05
step    120 | train_loss 2.8604 | lr 1.64e-05
step    130 | train_loss 2.8131 | lr 1.57e-05
step    140 | train_loss 2.8101 | lr 1.49e-05
step    150 | train_loss 2.8082 | lr 1.41e-05
step    150 | val_loss 2.8006 | val_ppl 16.45
step    160 | train_loss 2.8064 | lr 1.33e-05
step    170 | train_loss 2.8062 | lr 1.25e-05
step    180 | train_loss 2.8168 | lr 1.16e-05
step    190 | train_loss 2.7983 | lr 1.07e-05
step    200 | train_loss 2.9057 | lr 9.88e-06
step    200 | val_loss 2.7790 | val_ppl 16.10
step    210 | train_loss 2.7907 | lr 9.03e-06
step    220 | train_loss 2.6395 | lr 8.20e-06
step    230 | train_loss 2.8118 | lr 7.40e-06
step    240 | train_loss 2.7566 | lr 6.62e-06
step    250 | train_loss 2.8144 | lr 5.89e-06
step    250 | val_loss 2.7652 | val_ppl 15.88
step    260 | train_loss 2.8062 | lr 5.21e-06
step    270 | train_loss 2.8872 | lr 4.58e-06
step    280 | train_loss 2.8359 | lr 4.00e-06
step    290 | train_loss 2.7395 | lr 3.49e-06
step    300 | train_loss 2.7768 | lr 3.05e-06
step    300 | val_loss 2.7581 | val_ppl 15.77
step    310 | train_loss 2.8215 | lr 2.69e-06
step    320 | train_loss 2.6957 | lr 2.39e-06
step    330 | train_loss 3.0086 | lr 2.18e-06
step    340 | train_loss 2.6731 | lr 2.05e-06
step    350 | train_loss 2.7368 | lr 2.00e-06
step    350 | val_loss 2.7549 | val_ppl 15.72
Saved checkpoint to /home/system/projects/AuthLLM/checkpoints/lr_scaling_small9k/alpaca_packed_350_lr2e-05_seed1337/step_350.pt
