Data: 16,956 train / 346 val examples (0 dropped as longer than 512 tokens)
Packing: 16,956 examples into 3,761 windows (4.5 per window, 98.7% of positions used)
Model: small (29,938,560 parameters), initialized from checkpoints/small/step_9000.pt (step 9000)
step     10 | train_loss 2.9237 | lr 2.50e-04
step     16 | val_loss 2.9159 | val_ppl 18.47
step     20 | train_loss 2.9141 | lr 2.44e-04
step     30 | train_loss 2.7658 | lr 2.29e-04
step     32 | val_loss 2.8443 | val_ppl 17.19
step     40 | train_loss 2.8586 | lr 2.07e-04
step     48 | val_loss 2.7915 | val_ppl 16.30
step     50 | train_loss 2.6815 | lr 1.79e-04
step     60 | train_loss 2.6490 | lr 1.49e-04
step     64 | val_loss 2.7550 | val_ppl 15.72
step     70 | train_loss 2.7902 | lr 1.17e-04
step     80 | train_loss 2.8448 | lr 8.69e-05
step     80 | val_loss 2.7271 | val_ppl 15.29
step     90 | train_loss 2.7353 | lr 6.08e-05
step     96 | val_loss 2.7069 | val_ppl 14.98
step    100 | train_loss 2.7472 | lr 4.09e-05
step    110 | train_loss 2.7812 | lr 2.86e-05
step    112 | val_loss 2.6953 | val_ppl 14.81
step    118 | train_loss 2.5959 | lr 2.50e-05
step    118 | val_loss 2.6929 | val_ppl 14.77
Saved checkpoint to /home/system/projects/AuthLLM/checkpoints/lr_scaling_small9k/alpaca_third_packed_118_lr0.00025_seed1339/step_118.pt
