Data: 16,956 train / 346 val examples (0 dropped as longer than 512 tokens)
Packing: 16,956 examples into 3,763 windows (4.5 per window, 98.7% of positions used)
Model: small (29,938,560 parameters), initialized from checkpoints/small/step_9000.pt (step 9000)
step     10 | train_loss 3.1103 | lr 2.50e-04
step     16 | val_loss 2.8460 | val_ppl 17.22
step     20 | train_loss 2.9033 | lr 2.44e-04
step     30 | train_loss 2.9721 | lr 2.29e-04
step     32 | val_loss 2.7816 | val_ppl 16.14
step     40 | train_loss 2.7891 | lr 2.07e-04
step     48 | val_loss 2.7486 | val_ppl 15.62
step     50 | train_loss 2.8410 | lr 1.79e-04
step     60 | train_loss 2.8011 | lr 1.49e-04
step     64 | val_loss 2.7134 | val_ppl 15.08
step     70 | train_loss 2.7282 | lr 1.17e-04
step     80 | train_loss 2.7337 | lr 8.69e-05
step     80 | val_loss 2.6878 | val_ppl 14.70
step     90 | train_loss 2.6479 | lr 6.08e-05
step     96 | val_loss 2.6689 | val_ppl 14.42
step    100 | train_loss 2.7112 | lr 4.09e-05
step    110 | train_loss 2.6290 | lr 2.86e-05
step    112 | val_loss 2.6568 | val_ppl 14.25
step    118 | train_loss 2.6589 | lr 2.50e-05
step    118 | val_loss 2.6553 | val_ppl 14.23
Saved checkpoint to /home/system/projects/AuthLLM/checkpoints/lr_scaling_small9k/alpaca_third_packed_118_lr0.00025_seed1337/step_118.pt
