Data: 50,868 train / 1,038 val examples (68 dropped as longer than 512 tokens)
Model: small (29,938,560 parameters), initialized from checkpoints/small/step_9000.pt (step 9000)
step     10 | train_loss 3.4455 | lr 9.00e-06
step     20 | train_loss 3.1687 | lr 1.80e-05
step     30 | train_loss 2.9412 | lr 2.70e-05
step     40 | train_loss 2.8728 | lr 3.60e-05
step     50 | train_loss 2.9923 | lr 4.50e-05
step     60 | train_loss 3.1132 | lr 5.40e-05
step     70 | train_loss 2.5989 | lr 6.30e-05
step     80 | train_loss 2.7385 | lr 7.20e-05
step     90 | train_loss 2.6857 | lr 8.10e-05
step    100 | train_loss 2.7843 | lr 9.00e-05
step    110 | train_loss 2.9166 | lr 9.00e-05
step    120 | train_loss 2.9132 | lr 9.00e-05
step    130 | train_loss 2.7176 | lr 8.99e-05
step    140 | train_loss 2.9605 | lr 8.99e-05
step    150 | train_loss 2.9339 | lr 8.98e-05
step    160 | train_loss 2.7638 | lr 8.97e-05
step    170 | train_loss 2.8106 | lr 8.96e-05
step    180 | train_loss 3.0267 | lr 8.94e-05
step    190 | train_loss 2.9642 | lr 8.93e-05
step    200 | train_loss 2.7656 | lr 8.91e-05
step    210 | train_loss 2.7279 | lr 8.89e-05
step    220 | train_loss 2.7864 | lr 8.87e-05
step    228 | val_loss 2.7810 | val_ppl 16.14
step    230 | train_loss 2.8244 | lr 8.85e-05
step    240 | train_loss 2.8666 | lr 8.83e-05
step    250 | train_loss 2.7688 | lr 8.80e-05
step    260 | train_loss 2.7061 | lr 8.78e-05
step    270 | train_loss 2.6738 | lr 8.75e-05
step    280 | train_loss 2.7717 | lr 8.72e-05
step    290 | train_loss 2.6659 | lr 8.69e-05
step    300 | train_loss 2.7964 | lr 8.65e-05
step    310 | train_loss 2.8920 | lr 8.62e-05
step    320 | train_loss 2.7054 | lr 8.58e-05
step    330 | train_loss 3.2053 | lr 8.54e-05
step    340 | train_loss 2.7231 | lr 8.50e-05
step    350 | train_loss 2.8622 | lr 8.46e-05
step    360 | train_loss 2.8040 | lr 8.42e-05
step    370 | train_loss 2.6470 | lr 8.37e-05
step    380 | train_loss 2.7731 | lr 8.33e-05
step    390 | train_loss 2.8337 | lr 8.28e-05
step    400 | train_loss 2.7013 | lr 8.23e-05
step    410 | train_loss 2.7611 | lr 8.18e-05
step    420 | train_loss 2.8796 | lr 8.13e-05
step    430 | train_loss 2.8500 | lr 8.08e-05
step    440 | train_loss 2.7725 | lr 8.02e-05
step    450 | train_loss 2.9983 | lr 7.97e-05
step    456 | val_loss 2.7421 | val_ppl 15.52
step    460 | train_loss 2.5820 | lr 7.91e-05
step    470 | train_loss 2.9625 | lr 7.85e-05
step    480 | train_loss 2.8230 | lr 7.79e-05
step    490 | train_loss 2.8797 | lr 7.73e-05
step    500 | train_loss 2.6180 | lr 7.67e-05
step    510 | train_loss 2.8058 | lr 7.60e-05
step    520 | train_loss 2.7715 | lr 7.54e-05
step    530 | train_loss 2.5414 | lr 7.47e-05
step    540 | train_loss 2.7517 | lr 7.41e-05
step    550 | train_loss 2.7793 | lr 7.34e-05
step    560 | train_loss 2.6852 | lr 7.27e-05
step    570 | train_loss 2.6651 | lr 7.20e-05
step    580 | train_loss 2.8343 | lr 7.13e-05
step    590 | train_loss 2.6597 | lr 7.06e-05
step    600 | train_loss 2.6909 | lr 6.98e-05
step    610 | train_loss 2.7678 | lr 6.91e-05
step    620 | train_loss 2.9582 | lr 6.83e-05
step    630 | train_loss 2.6166 | lr 6.76e-05
step    640 | train_loss 2.8491 | lr 6.68e-05
step    650 | train_loss 2.8225 | lr 6.61e-05
step    660 | train_loss 2.7668 | lr 6.53e-05
step    670 | train_loss 2.7937 | lr 6.45e-05
step    680 | train_loss 2.3383 | lr 6.37e-05
step    684 | val_loss 2.7202 | val_ppl 15.18
step    690 | train_loss 2.8747 | lr 6.29e-05
step    700 | train_loss 2.6940 | lr 6.21e-05
step    710 | train_loss 2.7218 | lr 6.13e-05
step    720 | train_loss 2.6753 | lr 6.05e-05
step    730 | train_loss 2.7615 | lr 5.97e-05
step    740 | train_loss 2.7371 | lr 5.88e-05
step    750 | train_loss 2.6998 | lr 5.80e-05
step    760 | train_loss 2.7512 | lr 5.72e-05
step    770 | train_loss 2.6977 | lr 5.63e-05
step    780 | train_loss 2.7644 | lr 5.55e-05
step    790 | train_loss 3.0504 | lr 5.47e-05
step    800 | train_loss 2.6572 | lr 5.38e-05
step    810 | train_loss 2.7285 | lr 5.30e-05
step    820 | train_loss 2.6001 | lr 5.21e-05
step    830 | train_loss 2.7211 | lr 5.13e-05
step    840 | train_loss 2.6566 | lr 5.04e-05
step    850 | train_loss 2.6909 | lr 4.96e-05
step    860 | train_loss 2.5738 | lr 4.87e-05
step    870 | train_loss 2.5206 | lr 4.79e-05
step    880 | train_loss 2.6400 | lr 4.70e-05
step    890 | train_loss 2.7494 | lr 4.62e-05
step    900 | train_loss 2.9636 | lr 4.54e-05
step    910 | train_loss 2.3466 | lr 4.45e-05
step    912 | val_loss 2.7109 | val_ppl 15.04
step    920 | train_loss 2.6599 | lr 4.37e-05
step    930 | train_loss 2.7875 | lr 4.28e-05
step    940 | train_loss 2.5757 | lr 4.20e-05
step    950 | train_loss 2.9613 | lr 4.12e-05
step    960 | train_loss 3.1409 | lr 4.03e-05
step    970 | train_loss 2.7324 | lr 3.95e-05
step    980 | train_loss 2.7931 | lr 3.87e-05
step    990 | train_loss 2.7616 | lr 3.79e-05
step   1000 | train_loss 2.4037 | lr 3.71e-05
step   1010 | train_loss 2.8468 | lr 3.63e-05
step   1020 | train_loss 2.6850 | lr 3.55e-05
step   1030 | train_loss 2.8734 | lr 3.47e-05
step   1040 | train_loss 2.8874 | lr 3.39e-05
step   1050 | train_loss 2.7662 | lr 3.31e-05
step   1060 | train_loss 2.8770 | lr 3.23e-05
step   1070 | train_loss 2.7593 | lr 3.16e-05
step   1080 | train_loss 2.5669 | lr 3.08e-05
step   1090 | train_loss 2.7616 | lr 3.01e-05
step   1100 | train_loss 2.4578 | lr 2.93e-05
step   1110 | train_loss 2.7926 | lr 2.86e-05
step   1120 | train_loss 2.6777 | lr 2.79e-05
step   1130 | train_loss 2.7072 | lr 2.72e-05
step   1140 | train_loss 2.7119 | lr 2.65e-05
step   1140 | val_loss 2.6942 | val_ppl 14.79
step   1150 | train_loss 2.8929 | lr 2.58e-05
step   1160 | train_loss 2.8151 | lr 2.51e-05
step   1170 | train_loss 2.8175 | lr 2.44e-05
step   1180 | train_loss 2.3483 | lr 2.37e-05
step   1190 | train_loss 2.8000 | lr 2.31e-05
step   1200 | train_loss 2.8555 | lr 2.25e-05
step   1210 | train_loss 2.5279 | lr 2.18e-05
step   1220 | train_loss 2.6754 | lr 2.12e-05
step   1230 | train_loss 2.7473 | lr 2.06e-05
step   1240 | train_loss 2.6460 | lr 2.00e-05
step   1250 | train_loss 2.9037 | lr 1.95e-05
step   1260 | train_loss 2.5040 | lr 1.89e-05
step   1270 | train_loss 2.5982 | lr 1.83e-05
step   1280 | train_loss 2.8083 | lr 1.78e-05
step   1290 | train_loss 2.5056 | lr 1.73e-05
step   1300 | train_loss 3.0184 | lr 1.68e-05
step   1310 | train_loss 2.5714 | lr 1.63e-05
step   1320 | train_loss 2.5421 | lr 1.58e-05
step   1330 | train_loss 2.9182 | lr 1.54e-05
step   1340 | train_loss 2.6817 | lr 1.49e-05
step   1350 | train_loss 2.7755 | lr 1.45e-05
step   1360 | train_loss 2.9443 | lr 1.41e-05
step   1368 | val_loss 2.6860 | val_ppl 14.67
step   1370 | train_loss 2.5875 | lr 1.36e-05
step   1380 | train_loss 2.8686 | lr 1.33e-05
step   1390 | train_loss 2.5397 | lr 1.29e-05
step   1400 | train_loss 2.8373 | lr 1.25e-05
step   1410 | train_loss 2.6072 | lr 1.22e-05
step   1420 | train_loss 2.8226 | lr 1.19e-05
step   1430 | train_loss 2.8607 | lr 1.16e-05
step   1440 | train_loss 2.7440 | lr 1.13e-05
step   1450 | train_loss 2.5969 | lr 1.10e-05
step   1460 | train_loss 2.7763 | lr 1.08e-05
step   1470 | train_loss 2.6869 | lr 1.05e-05
step   1480 | train_loss 2.4862 | lr 1.03e-05
step   1490 | train_loss 2.9896 | lr 1.01e-05
step   1500 | train_loss 2.8167 | lr 9.90e-06
step   1510 | train_loss 2.4593 | lr 9.73e-06
step   1520 | train_loss 2.6568 | lr 9.58e-06
step   1530 | train_loss 2.7955 | lr 9.45e-06
step   1540 | train_loss 2.5627 | lr 9.33e-06
step   1550 | train_loss 2.7909 | lr 9.23e-06
step   1560 | train_loss 2.5608 | lr 9.15e-06
step   1570 | train_loss 2.5151 | lr 9.09e-06
step   1580 | train_loss 2.6580 | lr 9.04e-06
step   1590 | train_loss 2.6788 | lr 9.01e-06
step   1596 | val_loss 2.6808 | val_ppl 14.60
step   1600 | train_loss 2.6746 | lr 9.00e-06
step   1600 | val_loss 2.6807 | val_ppl 14.59
Saved checkpoint to /home/system/projects/AuthLLM/checkpoints/lr_scaling_small9k/alpaca_unpacked_1600_lr9e-05_seed1337/step_1600.pt
