Data: 50,869 train / 1,037 val examples (68 dropped as longer than 512 tokens)
Model: small (29,938,560 parameters), initialized from checkpoints/small/step_9000.pt (step 9000)
step     10 | train_loss 3.4757 | lr 9.00e-06
step     20 | train_loss 2.9444 | lr 1.80e-05
step     30 | train_loss 2.9500 | lr 2.70e-05
step     40 | train_loss 3.1234 | lr 3.60e-05
step     50 | train_loss 3.2413 | lr 4.50e-05
step     60 | train_loss 3.0640 | lr 5.40e-05
step     70 | train_loss 2.7690 | lr 6.30e-05
step     80 | train_loss 2.7937 | lr 7.20e-05
step     90 | train_loss 2.9559 | lr 8.10e-05
step    100 | train_loss 3.0410 | lr 9.00e-05
step    110 | train_loss 2.8289 | lr 9.00e-05
step    120 | train_loss 2.7945 | lr 9.00e-05
step    130 | train_loss 2.5899 | lr 8.99e-05
step    140 | train_loss 2.7506 | lr 8.99e-05
step    150 | train_loss 2.8029 | lr 8.98e-05
step    160 | train_loss 2.7127 | lr 8.97e-05
step    170 | train_loss 2.9891 | lr 8.96e-05
step    180 | train_loss 3.0028 | lr 8.94e-05
step    190 | train_loss 2.9175 | lr 8.93e-05
step    200 | train_loss 2.7234 | lr 8.91e-05
step    210 | train_loss 2.9199 | lr 8.89e-05
step    220 | train_loss 2.8497 | lr 8.87e-05
step    228 | val_loss 2.7577 | val_ppl 15.76
step    230 | train_loss 2.7356 | lr 8.85e-05
step    240 | train_loss 2.8391 | lr 8.83e-05
step    250 | train_loss 2.6616 | lr 8.80e-05
step    260 | train_loss 3.0293 | lr 8.78e-05
step    270 | train_loss 2.7477 | lr 8.75e-05
step    280 | train_loss 2.7192 | lr 8.72e-05
step    290 | train_loss 2.4437 | lr 8.69e-05
step    300 | train_loss 2.9317 | lr 8.65e-05
step    310 | train_loss 2.9106 | lr 8.62e-05
step    320 | train_loss 2.6828 | lr 8.58e-05
step    330 | train_loss 2.8207 | lr 8.54e-05
step    340 | train_loss 2.7332 | lr 8.50e-05
step    350 | train_loss 2.8674 | lr 8.46e-05
step    360 | train_loss 2.7356 | lr 8.42e-05
step    370 | train_loss 2.8140 | lr 8.37e-05
step    380 | train_loss 3.0382 | lr 8.33e-05
step    390 | train_loss 2.6343 | lr 8.28e-05
step    400 | train_loss 2.5286 | lr 8.23e-05
step    410 | train_loss 2.6391 | lr 8.18e-05
step    420 | train_loss 3.0165 | lr 8.13e-05
step    430 | train_loss 2.6972 | lr 8.08e-05
step    440 | train_loss 2.7996 | lr 8.02e-05
step    450 | train_loss 2.8104 | lr 7.97e-05
step    456 | val_loss 2.6970 | val_ppl 14.84
step    460 | train_loss 2.7429 | lr 7.91e-05
step    470 | train_loss 2.5463 | lr 7.85e-05
step    480 | train_loss 2.6521 | lr 7.79e-05
step    490 | train_loss 2.8512 | lr 7.73e-05
step    500 | train_loss 3.0061 | lr 7.67e-05
step    510 | train_loss 2.6853 | lr 7.60e-05
step    520 | train_loss 2.8729 | lr 7.54e-05
step    530 | train_loss 2.8876 | lr 7.47e-05
step    540 | train_loss 2.5798 | lr 7.41e-05
step    550 | train_loss 2.6158 | lr 7.34e-05
step    560 | train_loss 2.7943 | lr 7.27e-05
step    570 | train_loss 2.8552 | lr 7.20e-05
step    580 | train_loss 2.8114 | lr 7.13e-05
step    590 | train_loss 2.9039 | lr 7.06e-05
step    600 | train_loss 2.8483 | lr 6.98e-05
step    610 | train_loss 2.6912 | lr 6.91e-05
step    620 | train_loss 2.6455 | lr 6.83e-05
step    630 | train_loss 2.3764 | lr 6.76e-05
step    640 | train_loss 2.8495 | lr 6.68e-05
step    650 | train_loss 2.7318 | lr 6.61e-05
step    660 | train_loss 2.4828 | lr 6.53e-05
step    670 | train_loss 2.7491 | lr 6.45e-05
step    680 | train_loss 2.7736 | lr 6.37e-05
step    684 | val_loss 2.6757 | val_ppl 14.52
step    690 | train_loss 2.6227 | lr 6.29e-05
step    700 | train_loss 2.6193 | lr 6.21e-05
step    710 | train_loss 2.8092 | lr 6.13e-05
step    720 | train_loss 2.7633 | lr 6.05e-05
step    730 | train_loss 2.5719 | lr 5.97e-05
step    740 | train_loss 2.8748 | lr 5.88e-05
step    750 | train_loss 2.7278 | lr 5.80e-05
step    760 | train_loss 2.7831 | lr 5.72e-05
step    770 | train_loss 2.6844 | lr 5.63e-05
step    780 | train_loss 2.7792 | lr 5.55e-05
step    790 | train_loss 2.7874 | lr 5.47e-05
step    800 | train_loss 2.8000 | lr 5.38e-05
step    810 | train_loss 2.6360 | lr 5.30e-05
step    820 | train_loss 2.6628 | lr 5.21e-05
step    830 | train_loss 2.8267 | lr 5.13e-05
step    840 | train_loss 2.8895 | lr 5.04e-05
step    850 | train_loss 2.8965 | lr 4.96e-05
step    860 | train_loss 2.7500 | lr 4.87e-05
step    870 | train_loss 2.6853 | lr 4.79e-05
step    880 | train_loss 2.7469 | lr 4.70e-05
step    890 | train_loss 2.9314 | lr 4.62e-05
step    900 | train_loss 2.6923 | lr 4.54e-05
step    910 | train_loss 2.8058 | lr 4.45e-05
step    912 | val_loss 2.6612 | val_ppl 14.31
step    920 | train_loss 2.7010 | lr 4.37e-05
step    930 | train_loss 2.5687 | lr 4.28e-05
step    940 | train_loss 2.6273 | lr 4.20e-05
step    950 | train_loss 2.7300 | lr 4.12e-05
step    960 | train_loss 2.5348 | lr 4.03e-05
step    970 | train_loss 2.6782 | lr 3.95e-05
step    980 | train_loss 3.0772 | lr 3.87e-05
step    990 | train_loss 2.7007 | lr 3.79e-05
step   1000 | train_loss 2.7242 | lr 3.71e-05
step   1010 | train_loss 2.6324 | lr 3.63e-05
step   1020 | train_loss 2.8273 | lr 3.55e-05
step   1030 | train_loss 2.9021 | lr 3.47e-05
step   1040 | train_loss 2.7473 | lr 3.39e-05
step   1050 | train_loss 2.4382 | lr 3.31e-05
step   1060 | train_loss 2.7100 | lr 3.23e-05
step   1070 | train_loss 2.7683 | lr 3.16e-05
step   1080 | train_loss 2.6517 | lr 3.08e-05
step   1090 | train_loss 2.7987 | lr 3.01e-05
step   1100 | train_loss 2.8110 | lr 2.93e-05
step   1110 | train_loss 2.7820 | lr 2.86e-05
step   1120 | train_loss 2.6808 | lr 2.79e-05
step   1130 | train_loss 2.6663 | lr 2.72e-05
step   1140 | train_loss 2.6330 | lr 2.65e-05
step   1140 | val_loss 2.6453 | val_ppl 14.09
step   1150 | train_loss 2.8702 | lr 2.58e-05
step   1160 | train_loss 2.9493 | lr 2.51e-05
step   1170 | train_loss 2.6788 | lr 2.44e-05
step   1180 | train_loss 2.9036 | lr 2.37e-05
step   1190 | train_loss 2.9100 | lr 2.31e-05
step   1200 | train_loss 2.8747 | lr 2.25e-05
step   1210 | train_loss 2.8752 | lr 2.18e-05
step   1220 | train_loss 2.5456 | lr 2.12e-05
step   1230 | train_loss 2.4147 | lr 2.06e-05
step   1240 | train_loss 2.7325 | lr 2.00e-05
step   1250 | train_loss 2.9760 | lr 1.95e-05
step   1260 | train_loss 2.9174 | lr 1.89e-05
step   1270 | train_loss 2.8320 | lr 1.83e-05
step   1280 | train_loss 2.6983 | lr 1.78e-05
step   1290 | train_loss 2.3730 | lr 1.73e-05
step   1300 | train_loss 2.4083 | lr 1.68e-05
step   1310 | train_loss 2.6022 | lr 1.63e-05
step   1320 | train_loss 2.4803 | lr 1.58e-05
step   1330 | train_loss 2.7397 | lr 1.54e-05
step   1340 | train_loss 2.9466 | lr 1.49e-05
step   1350 | train_loss 2.7658 | lr 1.45e-05
step   1360 | train_loss 2.6853 | lr 1.41e-05
step   1368 | val_loss 2.6363 | val_ppl 13.96
step   1370 | train_loss 2.5486 | lr 1.36e-05
step   1380 | train_loss 2.6199 | lr 1.33e-05
step   1390 | train_loss 2.5489 | lr 1.29e-05
step   1400 | train_loss 2.7854 | lr 1.25e-05
step   1410 | train_loss 2.7952 | lr 1.22e-05
step   1420 | train_loss 2.7552 | lr 1.19e-05
step   1430 | train_loss 2.6413 | lr 1.16e-05
step   1440 | train_loss 2.5745 | lr 1.13e-05
step   1450 | train_loss 2.9392 | lr 1.10e-05
step   1460 | train_loss 2.9747 | lr 1.08e-05
step   1470 | train_loss 2.8927 | lr 1.05e-05
step   1480 | train_loss 2.7994 | lr 1.03e-05
step   1490 | train_loss 2.6143 | lr 1.01e-05
step   1500 | train_loss 2.4843 | lr 9.90e-06
step   1510 | train_loss 3.2152 | lr 9.73e-06
step   1520 | train_loss 2.3939 | lr 9.58e-06
step   1530 | train_loss 2.8307 | lr 9.45e-06
step   1540 | train_loss 2.6151 | lr 9.33e-06
step   1550 | train_loss 2.7556 | lr 9.23e-06
step   1560 | train_loss 2.6750 | lr 9.15e-06
step   1570 | train_loss 2.8881 | lr 9.09e-06
step   1580 | train_loss 2.8324 | lr 9.04e-06
step   1590 | train_loss 2.4076 | lr 9.01e-06
step   1596 | val_loss 2.6309 | val_ppl 13.89
step   1600 | train_loss 2.4961 | lr 9.00e-06
step   1600 | val_loss 2.6309 | val_ppl 13.89
Saved checkpoint to /home/system/projects/AuthLLM/checkpoints/lr_scaling_small9k/alpaca_unpacked_1600_lr9e-05_seed1338/step_1600.pt
