Data: 16,956 train / 346 val examples (0 dropped as longer than 512 tokens)
Model: small (29,938,560 parameters), initialized from checkpoints/small/step_9000.pt (step 9000)
step     10 | train_loss 3.2249 | lr 1.82e-05
step     20 | train_loss 3.0440 | lr 3.64e-05
step     30 | train_loss 2.8388 | lr 5.45e-05
step     40 | train_loss 3.0275 | lr 6.00e-05
step     50 | train_loss 2.8997 | lr 5.99e-05
step     60 | train_loss 2.8603 | lr 5.96e-05
step     70 | train_loss 2.9577 | lr 5.93e-05
step     75 | val_loss 2.8398 | val_ppl 17.11
step     80 | train_loss 2.9716 | lr 5.89e-05
step     90 | train_loss 2.8036 | lr 5.83e-05
step    100 | train_loss 2.7063 | lr 5.77e-05
step    110 | train_loss 2.6890 | lr 5.69e-05
step    120 | train_loss 2.6082 | lr 5.61e-05
step    130 | train_loss 2.8946 | lr 5.52e-05
step    140 | train_loss 3.0601 | lr 5.42e-05
step    150 | train_loss 2.6251 | lr 5.31e-05
step    150 | val_loss 2.7819 | val_ppl 16.15
step    160 | train_loss 2.9414 | lr 5.19e-05
step    170 | train_loss 2.9171 | lr 5.06e-05
step    180 | train_loss 2.8136 | lr 4.93e-05
step    190 | train_loss 2.6171 | lr 4.79e-05
step    200 | train_loss 2.9407 | lr 4.65e-05
step    210 | train_loss 2.7577 | lr 4.49e-05
step    220 | train_loss 2.8239 | lr 4.34e-05
step    225 | val_loss 2.7490 | val_ppl 15.63
step    230 | train_loss 2.8151 | lr 4.18e-05
step    240 | train_loss 2.7440 | lr 4.02e-05
step    250 | train_loss 2.8684 | lr 3.85e-05
step    260 | train_loss 2.8119 | lr 3.68e-05
step    270 | train_loss 2.8025 | lr 3.51e-05
step    280 | train_loss 2.6965 | lr 3.34e-05
step    290 | train_loss 2.9130 | lr 3.17e-05
step    300 | train_loss 2.7480 | lr 3.00e-05
step    300 | val_loss 2.7259 | val_ppl 15.27
step    310 | train_loss 3.1026 | lr 2.83e-05
step    320 | train_loss 2.6755 | lr 2.67e-05
step    330 | train_loss 2.8500 | lr 2.50e-05
step    340 | train_loss 2.7324 | lr 2.34e-05
step    350 | train_loss 2.9994 | lr 2.18e-05
step    360 | train_loss 2.6649 | lr 2.03e-05
step    370 | train_loss 2.8544 | lr 1.88e-05
step    375 | val_loss 2.7137 | val_ppl 15.08
step    380 | train_loss 3.1050 | lr 1.74e-05
step    390 | train_loss 2.5733 | lr 1.60e-05
step    400 | train_loss 2.4903 | lr 1.47e-05
step    410 | train_loss 2.6572 | lr 1.35e-05
step    420 | train_loss 2.7086 | lr 1.24e-05
step    430 | train_loss 2.8520 | lr 1.13e-05
step    440 | train_loss 2.6046 | lr 1.03e-05
step    450 | train_loss 2.7134 | lr 9.46e-06
step    450 | val_loss 2.7044 | val_ppl 14.95
step    460 | train_loss 2.9614 | lr 8.67e-06
step    470 | train_loss 2.5453 | lr 7.98e-06
step    480 | train_loss 2.9325 | lr 7.39e-06
step    490 | train_loss 2.7142 | lr 6.90e-06
step    500 | train_loss 2.9973 | lr 6.52e-06
step    510 | train_loss 2.7465 | lr 6.24e-06
step    520 | train_loss 2.8171 | lr 6.07e-06
step    525 | val_loss 2.7006 | val_ppl 14.89
step    530 | train_loss 2.5157 | lr 6.00e-06
step    530 | val_loss 2.7003 | val_ppl 14.88
Saved checkpoint to /home/system/projects/AuthLLM/checkpoints/lr_scaling_small9k/alpaca_third_unpacked_530_lr6e-05_seed1337/step_530.pt
