Data: 16,956 train / 346 val examples (0 dropped as longer than 512 tokens)
Model: small (29,938,560 parameters), initialized from checkpoints/small/step_9000.pt (step 9000)
step     10 | train_loss 3.2875 | lr 9.09e-06
step     20 | train_loss 3.0889 | lr 1.82e-05
step     30 | train_loss 2.8680 | lr 2.73e-05
step     40 | train_loss 3.0605 | lr 3.00e-05
step     50 | train_loss 2.9254 | lr 2.99e-05
step     60 | train_loss 2.8953 | lr 2.98e-05
step     70 | train_loss 2.9838 | lr 2.97e-05
step     75 | val_loss 2.8723 | val_ppl 17.68
step     80 | train_loss 3.0276 | lr 2.94e-05
step     90 | train_loss 2.8347 | lr 2.92e-05
step    100 | train_loss 2.7380 | lr 2.88e-05
step    110 | train_loss 2.7161 | lr 2.85e-05
step    120 | train_loss 2.6502 | lr 2.81e-05
step    130 | train_loss 2.9269 | lr 2.76e-05
step    140 | train_loss 3.0845 | lr 2.71e-05
step    150 | train_loss 2.6515 | lr 2.65e-05
step    150 | val_loss 2.8123 | val_ppl 16.65
step    160 | train_loss 2.9905 | lr 2.59e-05
step    170 | train_loss 2.9414 | lr 2.53e-05
step    180 | train_loss 2.8363 | lr 2.46e-05
step    190 | train_loss 2.6636 | lr 2.40e-05
step    200 | train_loss 2.9672 | lr 2.32e-05
step    210 | train_loss 2.7828 | lr 2.25e-05
step    220 | train_loss 2.8545 | lr 2.17e-05
step    225 | val_loss 2.7796 | val_ppl 16.11
step    230 | train_loss 2.8741 | lr 2.09e-05
step    240 | train_loss 2.7553 | lr 2.01e-05
step    250 | train_loss 2.8942 | lr 1.93e-05
step    260 | train_loss 2.8348 | lr 1.84e-05
step    270 | train_loss 2.8428 | lr 1.76e-05
step    280 | train_loss 2.7426 | lr 1.67e-05
step    290 | train_loss 2.9532 | lr 1.59e-05
step    300 | train_loss 2.7811 | lr 1.50e-05
step    300 | val_loss 2.7580 | val_ppl 15.77
step    310 | train_loss 3.1506 | lr 1.42e-05
step    320 | train_loss 2.7037 | lr 1.33e-05
step    330 | train_loss 2.8631 | lr 1.25e-05
step    340 | train_loss 2.7570 | lr 1.17e-05
step    350 | train_loss 3.0400 | lr 1.09e-05
step    360 | train_loss 2.6948 | lr 1.01e-05
step    370 | train_loss 2.8884 | lr 9.41e-06
step    375 | val_loss 2.7460 | val_ppl 15.58
step    380 | train_loss 3.1404 | lr 8.70e-06
step    390 | train_loss 2.5889 | lr 8.02e-06
step    400 | train_loss 2.5408 | lr 7.37e-06
step    410 | train_loss 2.7168 | lr 6.76e-06
step    420 | train_loss 2.7463 | lr 6.19e-06
step    430 | train_loss 2.8895 | lr 5.66e-06
step    440 | train_loss 2.6477 | lr 5.17e-06
step    450 | train_loss 2.7522 | lr 4.73e-06
step    450 | val_loss 2.7392 | val_ppl 15.48
step    460 | train_loss 2.9737 | lr 4.34e-06
step    470 | train_loss 2.5878 | lr 3.99e-06
step    480 | train_loss 2.9619 | lr 3.70e-06
step    490 | train_loss 2.7669 | lr 3.45e-06
step    500 | train_loss 3.0151 | lr 3.26e-06
step    510 | train_loss 2.7862 | lr 3.12e-06
step    520 | train_loss 2.8311 | lr 3.03e-06
step    525 | val_loss 2.7360 | val_ppl 15.43
step    530 | train_loss 2.5328 | lr 3.00e-06
step    530 | val_loss 2.7358 | val_ppl 15.42
Saved checkpoint to /home/system/projects/AuthLLM/checkpoints/lr_scaling_small9k/alpaca_third_unpacked_530_lr3e-05_seed1337/step_530.pt
