Data: 16,956 train / 346 val examples (0 dropped as longer than 512 tokens)
Model: small (29,938,560 parameters), initialized from checkpoints/small/step_9000.pt (step 9000)
step     10 | train_loss 3.1319 | lr 1.82e-05
step     20 | train_loss 3.0395 | lr 3.64e-05
step     30 | train_loss 3.0199 | lr 5.45e-05
step     40 | train_loss 2.8494 | lr 6.00e-05
step     50 | train_loss 2.9502 | lr 5.99e-05
step     60 | train_loss 2.9102 | lr 5.96e-05
step     70 | train_loss 2.8755 | lr 5.93e-05
step     75 | val_loss 2.8984 | val_ppl 18.14
step     80 | train_loss 2.9002 | lr 5.89e-05
step     90 | train_loss 2.8614 | lr 5.83e-05
step    100 | train_loss 2.6662 | lr 5.77e-05
step    110 | train_loss 2.9097 | lr 5.69e-05
step    120 | train_loss 2.7906 | lr 5.61e-05
step    130 | train_loss 2.7855 | lr 5.52e-05
step    140 | train_loss 2.8922 | lr 5.42e-05
step    150 | train_loss 2.6816 | lr 5.31e-05
step    150 | val_loss 2.8406 | val_ppl 17.13
step    160 | train_loss 2.7821 | lr 5.19e-05
step    170 | train_loss 2.9829 | lr 5.06e-05
step    180 | train_loss 2.6898 | lr 4.93e-05
step    190 | train_loss 2.8732 | lr 4.79e-05
step    200 | train_loss 2.7644 | lr 4.65e-05
step    210 | train_loss 2.4171 | lr 4.49e-05
step    220 | train_loss 2.6258 | lr 4.34e-05
step    225 | val_loss 2.8072 | val_ppl 16.56
step    230 | train_loss 2.7985 | lr 4.18e-05
step    240 | train_loss 2.6298 | lr 4.02e-05
step    250 | train_loss 2.7187 | lr 3.85e-05
step    260 | train_loss 2.9396 | lr 3.68e-05
step    270 | train_loss 2.8296 | lr 3.51e-05
step    280 | train_loss 2.7064 | lr 3.34e-05
step    290 | train_loss 2.8119 | lr 3.17e-05
step    300 | train_loss 2.8585 | lr 3.00e-05
step    300 | val_loss 2.7864 | val_ppl 16.22
step    310 | train_loss 2.5768 | lr 2.83e-05
step    320 | train_loss 2.7262 | lr 2.67e-05
step    330 | train_loss 2.8977 | lr 2.50e-05
step    340 | train_loss 2.9047 | lr 2.34e-05
step    350 | train_loss 2.7766 | lr 2.18e-05
step    360 | train_loss 2.8173 | lr 2.03e-05
step    370 | train_loss 2.9270 | lr 1.88e-05
step    375 | val_loss 2.7712 | val_ppl 15.98
step    380 | train_loss 2.7285 | lr 1.74e-05
step    390 | train_loss 2.6935 | lr 1.60e-05
step    400 | train_loss 2.8149 | lr 1.47e-05
step    410 | train_loss 2.6568 | lr 1.35e-05
step    420 | train_loss 2.6816 | lr 1.24e-05
step    430 | train_loss 3.1755 | lr 1.13e-05
step    440 | train_loss 2.7041 | lr 1.03e-05
step    450 | train_loss 2.8973 | lr 9.46e-06
step    450 | val_loss 2.7626 | val_ppl 15.84
step    460 | train_loss 2.6901 | lr 8.67e-06
step    470 | train_loss 2.6254 | lr 7.98e-06
step    480 | train_loss 2.2259 | lr 7.39e-06
step    490 | train_loss 2.7428 | lr 6.90e-06
step    500 | train_loss 2.6023 | lr 6.52e-06
step    510 | train_loss 2.7700 | lr 6.24e-06
step    520 | train_loss 2.7578 | lr 6.07e-06
step    525 | val_loss 2.7564 | val_ppl 15.74
step    530 | train_loss 2.7463 | lr 6.00e-06
step    530 | val_loss 2.7560 | val_ppl 15.74
Saved checkpoint to /home/system/projects/AuthLLM/checkpoints/lr_scaling_small9k/alpaca_third_unpacked_530_lr6e-05_seed1338/step_530.pt
