Data: 50,868 train / 1,038 val examples (68 dropped as longer than 512 tokens)
Model: small (29,938,560 parameters), initialized from checkpoints/small/step_9000.pt (step 9000)
step     10 | train_loss 3.5064 | lr 1.00e-06
step     20 | train_loss 3.3572 | lr 2.00e-06
step     30 | train_loss 3.1015 | lr 3.00e-06
step     40 | train_loss 3.0261 | lr 4.00e-06
step     50 | train_loss 3.1359 | lr 5.00e-06
step     60 | train_loss 3.2431 | lr 6.00e-06
step     70 | train_loss 2.7157 | lr 7.00e-06
step     80 | train_loss 2.8691 | lr 8.00e-06
step     90 | train_loss 2.8129 | lr 9.00e-06
step    100 | train_loss 2.9015 | lr 1.00e-05
step    110 | train_loss 3.0609 | lr 1.00e-05
step    120 | train_loss 3.0268 | lr 1.00e-05
step    130 | train_loss 2.7996 | lr 9.99e-06
step    140 | train_loss 3.0475 | lr 9.98e-06
step    150 | train_loss 3.0318 | lr 9.98e-06
step    160 | train_loss 2.9311 | lr 9.97e-06
step    170 | train_loss 2.9164 | lr 9.95e-06
step    180 | train_loss 3.1309 | lr 9.94e-06
step    190 | train_loss 3.0474 | lr 9.92e-06
step    200 | train_loss 2.8823 | lr 9.90e-06
step    210 | train_loss 2.7913 | lr 9.88e-06
step    220 | train_loss 2.9109 | lr 9.86e-06
step    228 | val_loss 2.8944 | val_ppl 18.07
step    230 | train_loss 2.9099 | lr 9.84e-06
step    240 | train_loss 2.9337 | lr 9.81e-06
step    250 | train_loss 2.8567 | lr 9.78e-06
step    260 | train_loss 2.8098 | lr 9.75e-06
step    270 | train_loss 2.8286 | lr 9.72e-06
step    280 | train_loss 2.8923 | lr 9.69e-06
step    290 | train_loss 2.7757 | lr 9.65e-06
step    300 | train_loss 2.9440 | lr 9.61e-06
step    310 | train_loss 2.9614 | lr 9.58e-06
step    320 | train_loss 2.8243 | lr 9.53e-06
step    330 | train_loss 3.2310 | lr 9.49e-06
step    340 | train_loss 2.7505 | lr 9.45e-06
step    350 | train_loss 2.9298 | lr 9.40e-06
step    360 | train_loss 2.8549 | lr 9.35e-06
step    370 | train_loss 2.7201 | lr 9.30e-06
step    380 | train_loss 2.8458 | lr 9.25e-06
step    390 | train_loss 2.9616 | lr 9.20e-06
step    400 | train_loss 2.7566 | lr 9.15e-06
step    410 | train_loss 2.8358 | lr 9.09e-06
step    420 | train_loss 2.9523 | lr 9.03e-06
step    430 | train_loss 2.8855 | lr 8.97e-06
step    440 | train_loss 2.8410 | lr 8.91e-06
step    450 | train_loss 3.0826 | lr 8.85e-06
step    456 | val_loss 2.8285 | val_ppl 16.92
step    460 | train_loss 2.6600 | lr 8.79e-06
step    470 | train_loss 3.0612 | lr 8.72e-06
step    480 | train_loss 2.9261 | lr 8.66e-06
step    490 | train_loss 2.9485 | lr 8.59e-06
step    500 | train_loss 2.7136 | lr 8.52e-06
step    510 | train_loss 2.8821 | lr 8.45e-06
step    520 | train_loss 2.8611 | lr 8.38e-06
step    530 | train_loss 2.6576 | lr 8.30e-06
step    540 | train_loss 2.8971 | lr 8.23e-06
step    550 | train_loss 2.8420 | lr 8.15e-06
step    560 | train_loss 2.8662 | lr 8.08e-06
step    570 | train_loss 2.7184 | lr 8.00e-06
step    580 | train_loss 2.8677 | lr 7.92e-06
step    590 | train_loss 2.7137 | lr 7.84e-06
step    600 | train_loss 2.7251 | lr 7.76e-06
step    610 | train_loss 2.8370 | lr 7.68e-06
step    620 | train_loss 2.9373 | lr 7.59e-06
step    630 | train_loss 2.6935 | lr 7.51e-06
step    640 | train_loss 2.9157 | lr 7.42e-06
step    650 | train_loss 2.9137 | lr 7.34e-06
step    660 | train_loss 2.8148 | lr 7.25e-06
step    670 | train_loss 2.8466 | lr 7.17e-06
step    680 | train_loss 2.5484 | lr 7.08e-06
step    684 | val_loss 2.7940 | val_ppl 16.35
step    690 | train_loss 2.8275 | lr 6.99e-06
step    700 | train_loss 2.7929 | lr 6.90e-06
step    710 | train_loss 2.7679 | lr 6.81e-06
step    720 | train_loss 2.7577 | lr 6.72e-06
step    730 | train_loss 2.8209 | lr 6.63e-06
step    740 | train_loss 2.7992 | lr 6.54e-06
step    750 | train_loss 2.7203 | lr 6.44e-06
step    760 | train_loss 2.7556 | lr 6.35e-06
step    770 | train_loss 2.8285 | lr 6.26e-06
step    780 | train_loss 2.8169 | lr 6.17e-06
step    790 | train_loss 3.1073 | lr 6.07e-06
step    800 | train_loss 2.7094 | lr 5.98e-06
step    810 | train_loss 2.7394 | lr 5.89e-06
step    820 | train_loss 2.6652 | lr 5.79e-06
step    830 | train_loss 2.7943 | lr 5.70e-06
step    840 | train_loss 2.7222 | lr 5.60e-06
step    850 | train_loss 2.7455 | lr 5.51e-06
step    860 | train_loss 2.6800 | lr 5.42e-06
step    870 | train_loss 2.5102 | lr 5.32e-06
step    880 | train_loss 2.7128 | lr 5.23e-06
step    890 | train_loss 2.8311 | lr 5.13e-06
step    900 | train_loss 3.0608 | lr 5.04e-06
step    910 | train_loss 2.4114 | lr 4.95e-06
step    912 | val_loss 2.7754 | val_ppl 16.04
step    920 | train_loss 2.7096 | lr 4.85e-06
step    930 | train_loss 2.8752 | lr 4.76e-06
step    940 | train_loss 2.7175 | lr 4.67e-06
step    950 | train_loss 2.9342 | lr 4.57e-06
step    960 | train_loss 3.1127 | lr 4.48e-06
step    970 | train_loss 2.7910 | lr 4.39e-06
step    980 | train_loss 2.7974 | lr 4.30e-06
step    990 | train_loss 2.8411 | lr 4.21e-06
step   1000 | train_loss 2.4444 | lr 4.12e-06
step   1010 | train_loss 2.8317 | lr 4.03e-06
step   1020 | train_loss 2.6596 | lr 3.94e-06
step   1030 | train_loss 2.9461 | lr 3.85e-06
step   1040 | train_loss 3.0328 | lr 3.76e-06
step   1050 | train_loss 2.7900 | lr 3.68e-06
step   1060 | train_loss 3.0103 | lr 3.59e-06
step   1070 | train_loss 2.7625 | lr 3.51e-06
step   1080 | train_loss 2.6086 | lr 3.42e-06
step   1090 | train_loss 2.8033 | lr 3.34e-06
step   1100 | train_loss 2.5531 | lr 3.26e-06
step   1110 | train_loss 2.8068 | lr 3.18e-06
step   1120 | train_loss 2.7594 | lr 3.10e-06
step   1130 | train_loss 2.6754 | lr 3.02e-06
step   1140 | train_loss 2.7497 | lr 2.94e-06
step   1140 | val_loss 2.7632 | val_ppl 15.85
step   1150 | train_loss 3.0897 | lr 2.86e-06
step   1160 | train_loss 2.9532 | lr 2.79e-06
step   1170 | train_loss 2.9295 | lr 2.71e-06
step   1180 | train_loss 2.4906 | lr 2.64e-06
step   1190 | train_loss 2.8719 | lr 2.57e-06
step   1200 | train_loss 2.9093 | lr 2.50e-06
step   1210 | train_loss 2.5434 | lr 2.43e-06
step   1220 | train_loss 2.7557 | lr 2.36e-06
step   1230 | train_loss 2.8177 | lr 2.29e-06
step   1240 | train_loss 2.7494 | lr 2.23e-06
step   1250 | train_loss 2.8978 | lr 2.16e-06
step   1260 | train_loss 2.6419 | lr 2.10e-06
step   1270 | train_loss 2.7360 | lr 2.04e-06
step   1280 | train_loss 2.8528 | lr 1.98e-06
step   1290 | train_loss 2.5186 | lr 1.92e-06
step   1300 | train_loss 3.0974 | lr 1.86e-06
step   1310 | train_loss 2.6376 | lr 1.81e-06
step   1320 | train_loss 2.5941 | lr 1.76e-06
step   1330 | train_loss 3.1004 | lr 1.71e-06
step   1340 | train_loss 2.7733 | lr 1.66e-06
step   1350 | train_loss 2.8090 | lr 1.61e-06
step   1360 | train_loss 3.0634 | lr 1.56e-06
step   1368 | val_loss 2.7554 | val_ppl 15.73
step   1370 | train_loss 2.7122 | lr 1.52e-06
step   1380 | train_loss 2.8560 | lr 1.47e-06
step   1390 | train_loss 2.5647 | lr 1.43e-06
step   1400 | train_loss 2.9049 | lr 1.39e-06
step   1410 | train_loss 2.6919 | lr 1.36e-06
step   1420 | train_loss 2.8029 | lr 1.32e-06
step   1430 | train_loss 2.8725 | lr 1.29e-06
step   1440 | train_loss 2.8312 | lr 1.25e-06
step   1450 | train_loss 2.7208 | lr 1.22e-06
step   1460 | train_loss 2.8133 | lr 1.19e-06
step   1470 | train_loss 2.7284 | lr 1.17e-06
step   1480 | train_loss 2.6589 | lr 1.14e-06
step   1490 | train_loss 2.9532 | lr 1.12e-06
step   1500 | train_loss 2.8330 | lr 1.10e-06
step   1510 | train_loss 2.5020 | lr 1.08e-06
step   1520 | train_loss 2.7129 | lr 1.06e-06
step   1530 | train_loss 2.7993 | lr 1.05e-06
step   1540 | train_loss 2.7180 | lr 1.04e-06
step   1550 | train_loss 2.8397 | lr 1.03e-06
step   1560 | train_loss 2.6627 | lr 1.02e-06
step   1570 | train_loss 2.5823 | lr 1.01e-06
step   1580 | train_loss 2.7192 | lr 1.00e-06
step   1590 | train_loss 2.8689 | lr 1.00e-06
step   1596 | val_loss 2.7525 | val_ppl 15.68
step   1600 | train_loss 2.8423 | lr 1.00e-06
step   1600 | val_loss 2.7525 | val_ppl 15.68
Saved checkpoint to /home/system/projects/AuthLLM/checkpoints/lr_scaling_small9k/alpaca_unpacked_1600_lr1e-05_seed1337/step_1600.pt
