Data: 50,869 train / 1,037 val examples (68 dropped as longer than 512 tokens)
Model: small (29,938,560 parameters), initialized from checkpoints/small/step_9000.pt (step 9000)
step     10 | train_loss 3.4945 | lr 6.00e-06
step     20 | train_loss 2.9706 | lr 1.20e-05
step     30 | train_loss 2.9730 | lr 1.80e-05
step     40 | train_loss 3.1427 | lr 2.40e-05
step     50 | train_loss 3.2701 | lr 3.00e-05
step     60 | train_loss 3.0848 | lr 3.60e-05
step     70 | train_loss 2.7874 | lr 4.20e-05
step     80 | train_loss 2.8156 | lr 4.80e-05
step     90 | train_loss 2.9768 | lr 5.40e-05
step    100 | train_loss 3.0609 | lr 6.00e-05
step    110 | train_loss 2.8407 | lr 6.00e-05
step    120 | train_loss 2.8080 | lr 6.00e-05
step    130 | train_loss 2.6043 | lr 6.00e-05
step    140 | train_loss 2.7632 | lr 5.99e-05
step    150 | train_loss 2.7995 | lr 5.99e-05
step    160 | train_loss 2.7303 | lr 5.98e-05
step    170 | train_loss 2.9961 | lr 5.97e-05
step    180 | train_loss 2.9947 | lr 5.96e-05
step    190 | train_loss 2.9438 | lr 5.95e-05
step    200 | train_loss 2.7305 | lr 5.94e-05
step    210 | train_loss 2.9052 | lr 5.93e-05
step    220 | train_loss 2.8799 | lr 5.92e-05
step    228 | val_loss 2.7572 | val_ppl 15.76
step    230 | train_loss 2.7311 | lr 5.90e-05
step    240 | train_loss 2.8524 | lr 5.89e-05
step    250 | train_loss 2.6512 | lr 5.87e-05
step    260 | train_loss 3.0205 | lr 5.85e-05
step    270 | train_loss 2.7570 | lr 5.83e-05
step    280 | train_loss 2.7104 | lr 5.81e-05
step    290 | train_loss 2.4401 | lr 5.79e-05
step    300 | train_loss 2.9356 | lr 5.77e-05
step    310 | train_loss 2.9098 | lr 5.75e-05
step    320 | train_loss 2.6824 | lr 5.72e-05
step    330 | train_loss 2.8066 | lr 5.70e-05
step    340 | train_loss 2.7115 | lr 5.67e-05
step    350 | train_loss 2.8525 | lr 5.64e-05
step    360 | train_loss 2.7202 | lr 5.61e-05
step    370 | train_loss 2.7992 | lr 5.58e-05
step    380 | train_loss 3.0217 | lr 5.55e-05
step    390 | train_loss 2.6278 | lr 5.52e-05
step    400 | train_loss 2.5335 | lr 5.49e-05
step    410 | train_loss 2.6250 | lr 5.45e-05
step    420 | train_loss 3.0040 | lr 5.42e-05
step    430 | train_loss 2.6837 | lr 5.38e-05
step    440 | train_loss 2.8057 | lr 5.35e-05
step    450 | train_loss 2.7983 | lr 5.31e-05
step    456 | val_loss 2.6885 | val_ppl 14.71
step    460 | train_loss 2.7280 | lr 5.27e-05
step    470 | train_loss 2.5327 | lr 5.23e-05
step    480 | train_loss 2.6293 | lr 5.19e-05
step    490 | train_loss 2.8293 | lr 5.15e-05
step    500 | train_loss 2.9771 | lr 5.11e-05
step    510 | train_loss 2.6613 | lr 5.07e-05
step    520 | train_loss 2.8446 | lr 5.03e-05
step    530 | train_loss 2.8667 | lr 4.98e-05
step    540 | train_loss 2.5641 | lr 4.94e-05
step    550 | train_loss 2.6021 | lr 4.89e-05
step    560 | train_loss 2.7898 | lr 4.85e-05
step    570 | train_loss 2.8379 | lr 4.80e-05
step    580 | train_loss 2.7956 | lr 4.75e-05
step    590 | train_loss 2.8895 | lr 4.70e-05
step    600 | train_loss 2.8375 | lr 4.65e-05
step    610 | train_loss 2.6744 | lr 4.61e-05
step    620 | train_loss 2.6210 | lr 4.56e-05
step    630 | train_loss 2.3644 | lr 4.51e-05
step    640 | train_loss 2.8257 | lr 4.45e-05
step    650 | train_loss 2.7080 | lr 4.40e-05
step    660 | train_loss 2.4671 | lr 4.35e-05
step    670 | train_loss 2.7617 | lr 4.30e-05
step    680 | train_loss 2.7561 | lr 4.25e-05
step    684 | val_loss 2.6596 | val_ppl 14.29
step    690 | train_loss 2.6212 | lr 4.19e-05
step    700 | train_loss 2.6007 | lr 4.14e-05
step    710 | train_loss 2.8086 | lr 4.09e-05
step    720 | train_loss 2.7632 | lr 4.03e-05
step    730 | train_loss 2.5594 | lr 3.98e-05
step    740 | train_loss 2.8552 | lr 3.92e-05
step    750 | train_loss 2.7020 | lr 3.87e-05
step    760 | train_loss 2.7566 | lr 3.81e-05
step    770 | train_loss 2.6596 | lr 3.76e-05
step    780 | train_loss 2.7518 | lr 3.70e-05
step    790 | train_loss 2.7629 | lr 3.64e-05
step    800 | train_loss 2.8060 | lr 3.59e-05
step    810 | train_loss 2.6149 | lr 3.53e-05
step    820 | train_loss 2.6412 | lr 3.48e-05
step    830 | train_loss 2.8023 | lr 3.42e-05
step    840 | train_loss 2.8888 | lr 3.36e-05
step    850 | train_loss 2.8816 | lr 3.31e-05
step    860 | train_loss 2.7121 | lr 3.25e-05
step    870 | train_loss 2.6989 | lr 3.19e-05
step    880 | train_loss 2.7236 | lr 3.14e-05
step    890 | train_loss 2.8954 | lr 3.08e-05
step    900 | train_loss 2.6461 | lr 3.02e-05
step    910 | train_loss 2.7881 | lr 2.97e-05
step    912 | val_loss 2.6445 | val_ppl 14.08
step    920 | train_loss 2.6861 | lr 2.91e-05
step    930 | train_loss 2.5659 | lr 2.86e-05
step    940 | train_loss 2.6011 | lr 2.80e-05
step    950 | train_loss 2.7078 | lr 2.74e-05
step    960 | train_loss 2.5017 | lr 2.69e-05
step    970 | train_loss 2.6632 | lr 2.63e-05
step    980 | train_loss 3.0390 | lr 2.58e-05
step    990 | train_loss 2.6927 | lr 2.53e-05
step   1000 | train_loss 2.7073 | lr 2.47e-05
step   1010 | train_loss 2.6162 | lr 2.42e-05
step   1020 | train_loss 2.7854 | lr 2.36e-05
step   1030 | train_loss 2.8926 | lr 2.31e-05
step   1040 | train_loss 2.7487 | lr 2.26e-05
step   1050 | train_loss 2.4431 | lr 2.21e-05
step   1060 | train_loss 2.6870 | lr 2.16e-05
step   1070 | train_loss 2.7646 | lr 2.10e-05
step   1080 | train_loss 2.6458 | lr 2.05e-05
step   1090 | train_loss 2.7800 | lr 2.00e-05
step   1100 | train_loss 2.7969 | lr 1.95e-05
step   1110 | train_loss 2.7733 | lr 1.91e-05
step   1120 | train_loss 2.6263 | lr 1.86e-05
step   1130 | train_loss 2.6557 | lr 1.81e-05
step   1140 | train_loss 2.6173 | lr 1.76e-05
step   1140 | val_loss 2.6320 | val_ppl 13.90
step   1150 | train_loss 2.8483 | lr 1.72e-05
step   1160 | train_loss 2.9096 | lr 1.67e-05
step   1170 | train_loss 2.6508 | lr 1.63e-05
step   1180 | train_loss 2.8833 | lr 1.58e-05
step   1190 | train_loss 2.8824 | lr 1.54e-05
step   1200 | train_loss 2.8456 | lr 1.50e-05
step   1210 | train_loss 2.8676 | lr 1.46e-05
step   1220 | train_loss 2.5202 | lr 1.41e-05
step   1230 | train_loss 2.3962 | lr 1.37e-05
step   1240 | train_loss 2.7151 | lr 1.34e-05
step   1250 | train_loss 2.9283 | lr 1.30e-05
step   1260 | train_loss 2.9134 | lr 1.26e-05
step   1270 | train_loss 2.7946 | lr 1.22e-05
step   1280 | train_loss 2.6556 | lr 1.19e-05
step   1290 | train_loss 2.3830 | lr 1.15e-05
step   1300 | train_loss 2.4056 | lr 1.12e-05
step   1310 | train_loss 2.5907 | lr 1.09e-05
step   1320 | train_loss 2.4787 | lr 1.05e-05
step   1330 | train_loss 2.7023 | lr 1.02e-05
step   1340 | train_loss 2.9289 | lr 9.93e-06
step   1350 | train_loss 2.7743 | lr 9.65e-06
step   1360 | train_loss 2.6785 | lr 9.37e-06
step   1368 | val_loss 2.6238 | val_ppl 13.79
step   1370 | train_loss 2.5510 | lr 9.10e-06
step   1380 | train_loss 2.6096 | lr 8.84e-06
step   1390 | train_loss 2.5563 | lr 8.59e-06
step   1400 | train_loss 2.7758 | lr 8.36e-06
step   1410 | train_loss 2.7690 | lr 8.13e-06
step   1420 | train_loss 2.7461 | lr 7.92e-06
step   1430 | train_loss 2.6342 | lr 7.71e-06
step   1440 | train_loss 2.5477 | lr 7.52e-06
step   1450 | train_loss 2.9110 | lr 7.34e-06
step   1460 | train_loss 2.9554 | lr 7.17e-06
step   1470 | train_loss 2.8730 | lr 7.01e-06
step   1480 | train_loss 2.7826 | lr 6.86e-06
step   1490 | train_loss 2.6066 | lr 6.73e-06
step   1500 | train_loss 2.4839 | lr 6.60e-06
step   1510 | train_loss 3.2088 | lr 6.49e-06
step   1520 | train_loss 2.3756 | lr 6.39e-06
step   1530 | train_loss 2.8137 | lr 6.30e-06
step   1540 | train_loss 2.6074 | lr 6.22e-06
step   1550 | train_loss 2.7454 | lr 6.15e-06
step   1560 | train_loss 2.6737 | lr 6.10e-06
step   1570 | train_loss 2.8818 | lr 6.06e-06
step   1580 | train_loss 2.8118 | lr 6.03e-06
step   1590 | train_loss 2.3990 | lr 6.01e-06
step   1596 | val_loss 2.6198 | val_ppl 13.73
step   1600 | train_loss 2.5166 | lr 6.00e-06
step   1600 | val_loss 2.6197 | val_ppl 13.73
Saved checkpoint to /home/system/projects/AuthLLM/checkpoints/lr_scaling_small9k/alpaca_unpacked_1600_lr6e-05_seed1338/step_1600.pt
