Data: 50,868 train / 1,038 val examples (68 dropped as longer than 512 tokens)
Model: small (29,938,560 parameters), initialized from checkpoints/small/step_9000.pt (step 9000)
step     10 | train_loss 3.3736 | lr 2.50e-05
step     20 | train_loss 3.0797 | lr 5.00e-05
step     30 | train_loss 2.8705 | lr 7.50e-05
step     40 | train_loss 2.8396 | lr 1.00e-04
step     50 | train_loss 2.9582 | lr 1.25e-04
step     60 | train_loss 3.0824 | lr 1.50e-04
step     70 | train_loss 2.5949 | lr 1.75e-04
step     80 | train_loss 2.7363 | lr 2.00e-04
step     90 | train_loss 2.6954 | lr 2.25e-04
step    100 | train_loss 2.7943 | lr 2.50e-04
step    110 | train_loss 2.9033 | lr 2.50e-04
step    120 | train_loss 2.9498 | lr 2.50e-04
step    130 | train_loss 2.7710 | lr 2.50e-04
step    140 | train_loss 3.0429 | lr 2.50e-04
step    150 | train_loss 3.0011 | lr 2.49e-04
step    160 | train_loss 2.8473 | lr 2.49e-04
step    170 | train_loss 2.9083 | lr 2.49e-04
step    180 | train_loss 3.1219 | lr 2.48e-04
step    190 | train_loss 3.0801 | lr 2.48e-04
step    200 | train_loss 2.8784 | lr 2.48e-04
step    210 | train_loss 2.8605 | lr 2.47e-04
step    220 | train_loss 2.8734 | lr 2.47e-04
step    228 | val_loss 2.8965 | val_ppl 18.11
step    230 | train_loss 2.9468 | lr 2.46e-04
step    240 | train_loss 3.0334 | lr 2.45e-04
step    250 | train_loss 2.8679 | lr 2.45e-04
step    260 | train_loss 2.8253 | lr 2.44e-04
step    270 | train_loss 2.7749 | lr 2.43e-04
step    280 | train_loss 2.8958 | lr 2.42e-04
step    290 | train_loss 2.7758 | lr 2.41e-04
step    300 | train_loss 2.9515 | lr 2.40e-04
step    310 | train_loss 3.0567 | lr 2.39e-04
step    320 | train_loss 2.7988 | lr 2.38e-04
step    330 | train_loss 3.4024 | lr 2.37e-04
step    340 | train_loss 2.9132 | lr 2.36e-04
step    350 | train_loss 3.0378 | lr 2.35e-04
step    360 | train_loss 2.9655 | lr 2.34e-04
step    370 | train_loss 2.8052 | lr 2.33e-04
step    380 | train_loss 2.9453 | lr 2.31e-04
step    390 | train_loss 2.9868 | lr 2.30e-04
step    400 | train_loss 2.8546 | lr 2.29e-04
step    410 | train_loss 2.8887 | lr 2.27e-04
step    420 | train_loss 3.0877 | lr 2.26e-04
step    430 | train_loss 3.0400 | lr 2.24e-04
step    440 | train_loss 2.9821 | lr 2.23e-04
step    450 | train_loss 3.1564 | lr 2.21e-04
step    456 | val_loss 2.9143 | val_ppl 18.44
step    460 | train_loss 2.7219 | lr 2.20e-04
step    470 | train_loss 3.1117 | lr 2.18e-04
step    480 | train_loss 2.9800 | lr 2.16e-04
step    490 | train_loss 3.0788 | lr 2.15e-04
step    500 | train_loss 2.7530 | lr 2.13e-04
step    510 | train_loss 2.9643 | lr 2.11e-04
step    520 | train_loss 2.9033 | lr 2.09e-04
step    530 | train_loss 2.6589 | lr 2.08e-04
step    540 | train_loss 2.8929 | lr 2.06e-04
step    550 | train_loss 2.9555 | lr 2.04e-04
step    560 | train_loss 2.8033 | lr 2.02e-04
step    570 | train_loss 2.9289 | lr 2.00e-04
step    580 | train_loss 3.0231 | lr 1.98e-04
step    590 | train_loss 2.7933 | lr 1.96e-04
step    600 | train_loss 2.9064 | lr 1.94e-04
step    610 | train_loss 2.9281 | lr 1.92e-04
step    620 | train_loss 3.1958 | lr 1.90e-04
step    630 | train_loss 2.7519 | lr 1.88e-04
step    640 | train_loss 3.0210 | lr 1.86e-04
step    650 | train_loss 2.9465 | lr 1.83e-04
step    660 | train_loss 2.9118 | lr 1.81e-04
step    670 | train_loss 2.9583 | lr 1.79e-04
step    680 | train_loss 2.4364 | lr 1.77e-04
step    684 | val_loss 2.8981 | val_ppl 18.14
step    690 | train_loss 3.1074 | lr 1.75e-04
step    700 | train_loss 2.8494 | lr 1.72e-04
step    710 | train_loss 2.9168 | lr 1.70e-04
step    720 | train_loss 2.8175 | lr 1.68e-04
step    730 | train_loss 2.9339 | lr 1.66e-04
step    740 | train_loss 2.8847 | lr 1.63e-04
step    750 | train_loss 2.9112 | lr 1.61e-04
step    760 | train_loss 2.9678 | lr 1.59e-04
step    770 | train_loss 2.8438 | lr 1.56e-04
step    780 | train_loss 2.9323 | lr 1.54e-04
step    790 | train_loss 3.2238 | lr 1.52e-04
step    800 | train_loss 2.9091 | lr 1.49e-04
step    810 | train_loss 2.9174 | lr 1.47e-04
step    820 | train_loss 2.7614 | lr 1.45e-04
step    830 | train_loss 2.8620 | lr 1.42e-04
step    840 | train_loss 2.8408 | lr 1.40e-04
step    850 | train_loss 2.8341 | lr 1.38e-04
step    860 | train_loss 2.6894 | lr 1.35e-04
step    870 | train_loss 2.7113 | lr 1.33e-04
step    880 | train_loss 2.7815 | lr 1.31e-04
step    890 | train_loss 2.8892 | lr 1.28e-04
step    900 | train_loss 3.0949 | lr 1.26e-04
step    910 | train_loss 2.5052 | lr 1.24e-04
step    912 | val_loss 2.8700 | val_ppl 17.64
step    920 | train_loss 2.8152 | lr 1.21e-04
step    930 | train_loss 2.8922 | lr 1.19e-04
step    940 | train_loss 2.6999 | lr 1.17e-04
step    950 | train_loss 3.1743 | lr 1.14e-04
step    960 | train_loss 3.3282 | lr 1.12e-04
step    970 | train_loss 2.9189 | lr 1.10e-04
step    980 | train_loss 2.9954 | lr 1.07e-04
step    990 | train_loss 2.8984 | lr 1.05e-04
step   1000 | train_loss 2.5810 | lr 1.03e-04
step   1010 | train_loss 3.0301 | lr 1.01e-04
step   1020 | train_loss 2.8535 | lr 9.85e-05
step   1030 | train_loss 3.0275 | lr 9.63e-05
step   1040 | train_loss 3.0003 | lr 9.41e-05
step   1050 | train_loss 2.9480 | lr 9.20e-05
step   1060 | train_loss 2.9956 | lr 8.98e-05
step   1070 | train_loss 2.9898 | lr 8.77e-05
step   1080 | train_loss 2.7469 | lr 8.56e-05
step   1090 | train_loss 2.9615 | lr 8.35e-05
step   1100 | train_loss 2.5840 | lr 8.15e-05
step   1110 | train_loss 2.9694 | lr 7.94e-05
step   1120 | train_loss 2.8220 | lr 7.74e-05
step   1130 | train_loss 2.8918 | lr 7.54e-05
step   1140 | train_loss 2.8457 | lr 7.35e-05
step   1140 | val_loss 2.8304 | val_ppl 16.95
step   1150 | train_loss 2.9917 | lr 7.16e-05
step   1160 | train_loss 2.8884 | lr 6.97e-05
step   1170 | train_loss 2.9181 | lr 6.78e-05
step   1180 | train_loss 2.4222 | lr 6.60e-05
step   1190 | train_loss 2.9469 | lr 6.42e-05
step   1200 | train_loss 3.0044 | lr 6.24e-05
step   1210 | train_loss 2.7381 | lr 6.07e-05
step   1220 | train_loss 2.7970 | lr 5.90e-05
step   1230 | train_loss 2.9318 | lr 5.73e-05
step   1240 | train_loss 2.8010 | lr 5.57e-05
step   1250 | train_loss 3.0663 | lr 5.41e-05
step   1260 | train_loss 2.5632 | lr 5.25e-05
step   1270 | train_loss 2.6971 | lr 5.10e-05
step   1280 | train_loss 2.9384 | lr 4.95e-05
step   1290 | train_loss 2.6407 | lr 4.80e-05
step   1300 | train_loss 3.1452 | lr 4.66e-05
step   1310 | train_loss 2.6788 | lr 4.53e-05
step   1320 | train_loss 2.7084 | lr 4.39e-05
step   1330 | train_loss 2.9992 | lr 4.26e-05
step   1340 | train_loss 2.7813 | lr 4.14e-05
step   1350 | train_loss 2.9504 | lr 4.02e-05
step   1360 | train_loss 3.0435 | lr 3.90e-05
step   1368 | val_loss 2.8050 | val_ppl 16.53
step   1370 | train_loss 2.6478 | lr 3.79e-05
step   1380 | train_loss 3.0578 | lr 3.68e-05
step   1390 | train_loss 2.6923 | lr 3.58e-05
step   1400 | train_loss 2.9319 | lr 3.48e-05
step   1410 | train_loss 2.6750 | lr 3.39e-05
step   1420 | train_loss 2.9786 | lr 3.30e-05
step   1430 | train_loss 3.0268 | lr 3.21e-05
step   1440 | train_loss 2.8078 | lr 3.13e-05
step   1450 | train_loss 2.6845 | lr 3.06e-05
step   1460 | train_loss 2.9228 | lr 2.99e-05
step   1470 | train_loss 2.8205 | lr 2.92e-05
step   1480 | train_loss 2.5772 | lr 2.86e-05
step   1490 | train_loss 3.1538 | lr 2.80e-05
step   1500 | train_loss 3.0117 | lr 2.75e-05
step   1510 | train_loss 2.5930 | lr 2.70e-05
step   1520 | train_loss 2.7770 | lr 2.66e-05
step   1530 | train_loss 2.9222 | lr 2.62e-05
step   1540 | train_loss 2.6262 | lr 2.59e-05
step   1550 | train_loss 2.8915 | lr 2.56e-05
step   1560 | train_loss 2.6578 | lr 2.54e-05
step   1570 | train_loss 2.6579 | lr 2.52e-05
step   1580 | train_loss 2.7688 | lr 2.51e-05
step   1590 | train_loss 2.6757 | lr 2.50e-05
step   1596 | val_loss 2.7910 | val_ppl 16.30
step   1600 | train_loss 2.6521 | lr 2.50e-05
step   1600 | val_loss 2.7910 | val_ppl 16.30
Saved checkpoint to /home/system/projects/AuthLLM/checkpoints/lr_scaling_small9k/alpaca_unpacked_1600_lr0.00025_seed1337/step_1600.pt
