Data: 50,869 train / 1,037 val examples (68 dropped as longer than 512 tokens)
Model: small (29,938,560 parameters), initialized from checkpoints/small/step_9000.pt (step 9000)
step     10 | train_loss 3.5166 | lr 3.00e-06
step     20 | train_loss 3.0133 | lr 6.00e-06
step     30 | train_loss 3.0268 | lr 9.00e-06
step     40 | train_loss 3.1860 | lr 1.20e-05
step     50 | train_loss 3.3261 | lr 1.50e-05
step     60 | train_loss 3.1134 | lr 1.80e-05
step     70 | train_loss 2.8223 | lr 2.10e-05
step     80 | train_loss 2.8638 | lr 2.40e-05
step     90 | train_loss 3.0203 | lr 2.70e-05
step    100 | train_loss 3.0908 | lr 3.00e-05
step    110 | train_loss 2.8780 | lr 3.00e-05
step    120 | train_loss 2.8396 | lr 3.00e-05
step    130 | train_loss 2.6427 | lr 3.00e-05
step    140 | train_loss 2.7999 | lr 3.00e-05
step    150 | train_loss 2.8252 | lr 2.99e-05
step    160 | train_loss 2.7671 | lr 2.99e-05
step    170 | train_loss 3.0244 | lr 2.99e-05
step    180 | train_loss 3.0073 | lr 2.98e-05
step    190 | train_loss 3.0066 | lr 2.98e-05
step    200 | train_loss 2.7586 | lr 2.97e-05
step    210 | train_loss 2.9102 | lr 2.96e-05
step    220 | train_loss 2.9461 | lr 2.96e-05
step    228 | val_loss 2.7879 | val_ppl 16.25
step    230 | train_loss 2.7557 | lr 2.95e-05
step    240 | train_loss 2.8982 | lr 2.94e-05
step    250 | train_loss 2.6692 | lr 2.93e-05
step    260 | train_loss 3.0410 | lr 2.93e-05
step    270 | train_loss 2.8045 | lr 2.92e-05
step    280 | train_loss 2.7283 | lr 2.91e-05
step    290 | train_loss 2.4662 | lr 2.90e-05
step    300 | train_loss 2.9810 | lr 2.88e-05
step    310 | train_loss 2.9405 | lr 2.87e-05
step    320 | train_loss 2.7178 | lr 2.86e-05
step    330 | train_loss 2.8170 | lr 2.85e-05
step    340 | train_loss 2.7217 | lr 2.83e-05
step    350 | train_loss 2.8662 | lr 2.82e-05
step    360 | train_loss 2.7327 | lr 2.81e-05
step    370 | train_loss 2.8049 | lr 2.79e-05
step    380 | train_loss 3.0230 | lr 2.78e-05
step    390 | train_loss 2.6533 | lr 2.76e-05
step    400 | train_loss 2.5717 | lr 2.74e-05
step    410 | train_loss 2.6434 | lr 2.73e-05
step    420 | train_loss 3.0249 | lr 2.71e-05
step    430 | train_loss 2.6940 | lr 2.69e-05
step    440 | train_loss 2.8502 | lr 2.67e-05
step    450 | train_loss 2.8233 | lr 2.66e-05
step    456 | val_loss 2.7146 | val_ppl 15.10
step    460 | train_loss 2.7439 | lr 2.64e-05
step    470 | train_loss 2.5501 | lr 2.62e-05
step    480 | train_loss 2.6314 | lr 2.60e-05
step    490 | train_loss 2.8373 | lr 2.58e-05
step    500 | train_loss 2.9759 | lr 2.56e-05
step    510 | train_loss 2.6616 | lr 2.53e-05
step    520 | train_loss 2.8407 | lr 2.51e-05
step    530 | train_loss 2.8773 | lr 2.49e-05
step    540 | train_loss 2.5700 | lr 2.47e-05
step    550 | train_loss 2.6159 | lr 2.45e-05
step    560 | train_loss 2.8141 | lr 2.42e-05
step    570 | train_loss 2.8471 | lr 2.40e-05
step    580 | train_loss 2.8019 | lr 2.38e-05
step    590 | train_loss 2.9110 | lr 2.35e-05
step    600 | train_loss 2.8473 | lr 2.33e-05
step    610 | train_loss 2.7044 | lr 2.30e-05
step    620 | train_loss 2.6263 | lr 2.28e-05
step    630 | train_loss 2.3854 | lr 2.25e-05
step    640 | train_loss 2.8224 | lr 2.23e-05
step    650 | train_loss 2.7065 | lr 2.20e-05
step    660 | train_loss 2.4867 | lr 2.18e-05
step    670 | train_loss 2.8275 | lr 2.15e-05
step    680 | train_loss 2.7675 | lr 2.12e-05
step    684 | val_loss 2.6788 | val_ppl 14.57
step    690 | train_loss 2.6505 | lr 2.10e-05
step    700 | train_loss 2.6077 | lr 2.07e-05
step    710 | train_loss 2.8436 | lr 2.04e-05
step    720 | train_loss 2.8159 | lr 2.02e-05
step    730 | train_loss 2.5680 | lr 1.99e-05
step    740 | train_loss 2.8678 | lr 1.96e-05
step    750 | train_loss 2.6969 | lr 1.93e-05
step    760 | train_loss 2.7591 | lr 1.91e-05
step    770 | train_loss 2.6628 | lr 1.88e-05
step    780 | train_loss 2.7466 | lr 1.85e-05
step    790 | train_loss 2.7659 | lr 1.82e-05
step    800 | train_loss 2.8507 | lr 1.79e-05
step    810 | train_loss 2.6152 | lr 1.77e-05
step    820 | train_loss 2.6517 | lr 1.74e-05
step    830 | train_loss 2.7988 | lr 1.71e-05
step    840 | train_loss 2.9182 | lr 1.68e-05
step    850 | train_loss 2.8994 | lr 1.65e-05
step    860 | train_loss 2.6949 | lr 1.62e-05
step    870 | train_loss 2.7538 | lr 1.60e-05
step    880 | train_loss 2.7288 | lr 1.57e-05
step    890 | train_loss 2.8839 | lr 1.54e-05
step    900 | train_loss 2.6175 | lr 1.51e-05
step    910 | train_loss 2.7919 | lr 1.48e-05
step    912 | val_loss 2.6593 | val_ppl 14.29
step    920 | train_loss 2.7009 | lr 1.46e-05
step    930 | train_loss 2.5827 | lr 1.43e-05
step    940 | train_loss 2.5951 | lr 1.40e-05
step    950 | train_loss 2.7163 | lr 1.37e-05
step    960 | train_loss 2.4952 | lr 1.34e-05
step    970 | train_loss 2.6742 | lr 1.32e-05
step    980 | train_loss 3.0181 | lr 1.29e-05
step    990 | train_loss 2.7185 | lr 1.26e-05
step   1000 | train_loss 2.7209 | lr 1.24e-05
step   1010 | train_loss 2.6149 | lr 1.21e-05
step   1020 | train_loss 2.7579 | lr 1.18e-05
step   1030 | train_loss 2.9180 | lr 1.16e-05
step   1040 | train_loss 2.7856 | lr 1.13e-05
step   1050 | train_loss 2.4801 | lr 1.10e-05
step   1060 | train_loss 2.6943 | lr 1.08e-05
step   1070 | train_loss 2.7894 | lr 1.05e-05
step   1080 | train_loss 2.6773 | lr 1.03e-05
step   1090 | train_loss 2.7861 | lr 1.00e-05
step   1100 | train_loss 2.8019 | lr 9.77e-06
step   1110 | train_loss 2.7938 | lr 9.53e-06
step   1120 | train_loss 2.6034 | lr 9.29e-06
step   1130 | train_loss 2.6772 | lr 9.05e-06
step   1140 | train_loss 2.6300 | lr 8.82e-06
step   1140 | val_loss 2.6475 | val_ppl 14.12
step   1150 | train_loss 2.8577 | lr 8.59e-06
step   1160 | train_loss 2.8897 | lr 8.36e-06
step   1170 | train_loss 2.6385 | lr 8.14e-06
step   1180 | train_loss 2.8954 | lr 7.92e-06
step   1190 | train_loss 2.8725 | lr 7.70e-06
step   1200 | train_loss 2.8450 | lr 7.49e-06
step   1210 | train_loss 2.8946 | lr 7.28e-06
step   1220 | train_loss 2.5155 | lr 7.07e-06
step   1230 | train_loss 2.4004 | lr 6.87e-06
step   1240 | train_loss 2.7245 | lr 6.68e-06
step   1250 | train_loss 2.9103 | lr 6.49e-06
step   1260 | train_loss 2.9432 | lr 6.30e-06
step   1270 | train_loss 2.7798 | lr 6.12e-06
step   1280 | train_loss 2.6354 | lr 5.94e-06
step   1290 | train_loss 2.4358 | lr 5.76e-06
step   1300 | train_loss 2.4263 | lr 5.59e-06
step   1310 | train_loss 2.6059 | lr 5.43e-06
step   1320 | train_loss 2.5089 | lr 5.27e-06
step   1330 | train_loss 2.6973 | lr 5.12e-06
step   1340 | train_loss 2.9330 | lr 4.97e-06
step   1350 | train_loss 2.8190 | lr 4.82e-06
step   1360 | train_loss 2.7015 | lr 4.68e-06
step   1368 | val_loss 2.6404 | val_ppl 14.02
step   1370 | train_loss 2.5960 | lr 4.55e-06
step   1380 | train_loss 2.6307 | lr 4.42e-06
step   1390 | train_loss 2.6019 | lr 4.30e-06
step   1400 | train_loss 2.7947 | lr 4.18e-06
step   1410 | train_loss 2.7588 | lr 4.07e-06
step   1420 | train_loss 2.7635 | lr 3.96e-06
step   1430 | train_loss 2.6577 | lr 3.86e-06
step   1440 | train_loss 2.5451 | lr 3.76e-06
step   1450 | train_loss 2.8999 | lr 3.67e-06
step   1460 | train_loss 2.9583 | lr 3.58e-06
step   1470 | train_loss 2.8779 | lr 3.50e-06
step   1480 | train_loss 2.7930 | lr 3.43e-06
step   1490 | train_loss 2.6252 | lr 3.36e-06
step   1500 | train_loss 2.5121 | lr 3.30e-06
step   1510 | train_loss 3.2562 | lr 3.24e-06
step   1520 | train_loss 2.3836 | lr 3.19e-06
step   1530 | train_loss 2.8148 | lr 3.15e-06
step   1540 | train_loss 2.6201 | lr 3.11e-06
step   1550 | train_loss 2.7677 | lr 3.08e-06
step   1560 | train_loss 2.7010 | lr 3.05e-06
step   1570 | train_loss 2.8952 | lr 3.03e-06
step   1580 | train_loss 2.8153 | lr 3.01e-06
step   1590 | train_loss 2.4163 | lr 3.00e-06
step   1596 | val_loss 2.6371 | val_ppl 13.97
step   1600 | train_loss 2.5618 | lr 3.00e-06
step   1600 | val_loss 2.6370 | val_ppl 13.97
Saved checkpoint to /home/system/projects/AuthLLM/checkpoints/lr_scaling_small9k/alpaca_unpacked_1600_lr3e-05_seed1338/step_1600.pt
