Data: 16,956 train / 346 val examples (0 dropped as longer than 512 tokens)
Packing: 16,956 examples into 3,763 windows (4.5 per window, 98.7% of positions used)
Model: small (29,938,560 parameters), initialized from checkpoints/small/step_9000.pt (step 9000)
step     10 | train_loss 3.1165 | lr 1.50e-04
step     16 | val_loss 2.8541 | val_ppl 17.36
step     20 | train_loss 2.8984 | lr 1.46e-04
step     30 | train_loss 2.9651 | lr 1.37e-04
step     32 | val_loss 2.7774 | val_ppl 16.08
step     40 | train_loss 2.7961 | lr 1.24e-04
step     48 | val_loss 2.7435 | val_ppl 15.54
step     50 | train_loss 2.8310 | lr 1.08e-04
step     60 | train_loss 2.8016 | lr 8.92e-05
step     64 | val_loss 2.7156 | val_ppl 15.11
step     70 | train_loss 2.7259 | lr 7.02e-05
step     80 | train_loss 2.7568 | lr 5.21e-05
step     80 | val_loss 2.6962 | val_ppl 14.82
step     90 | train_loss 2.6669 | lr 3.65e-05
step     96 | val_loss 2.6816 | val_ppl 14.61
step    100 | train_loss 2.7284 | lr 2.45e-05
step    110 | train_loss 2.6497 | lr 1.72e-05
step    112 | val_loss 2.6738 | val_ppl 14.49
step    118 | train_loss 2.7056 | lr 1.50e-05
step    118 | val_loss 2.6724 | val_ppl 14.47
Saved checkpoint to /home/system/projects/AuthLLM/checkpoints/lr_scaling_small9k/alpaca_third_packed_118_lr0.00015_seed1337/step_118.pt
