Data: 16,956 train / 346 val examples (0 dropped as longer than 512 tokens)
Model: small (29,938,560 parameters), initialized from checkpoints/small/step_9000.pt (step 9000)
step     10 | train_loss 3.1103 | lr 2.73e-05
step     20 | train_loss 3.0134 | lr 5.45e-05
step     30 | train_loss 3.0126 | lr 8.18e-05
step     40 | train_loss 2.8299 | lr 9.00e-05
step     50 | train_loss 2.9328 | lr 8.98e-05
step     60 | train_loss 2.8984 | lr 8.95e-05
step     70 | train_loss 2.8641 | lr 8.90e-05
step     75 | val_loss 2.8891 | val_ppl 17.98
step     80 | train_loss 2.8860 | lr 8.83e-05
step     90 | train_loss 2.8563 | lr 8.75e-05
step    100 | train_loss 2.6619 | lr 8.65e-05
step    110 | train_loss 2.9111 | lr 8.54e-05
step    120 | train_loss 2.7818 | lr 8.42e-05
step    130 | train_loss 2.7966 | lr 8.28e-05
step    140 | train_loss 2.8962 | lr 8.12e-05
step    150 | train_loss 2.6802 | lr 7.96e-05
step    150 | val_loss 2.8354 | val_ppl 17.04
step    160 | train_loss 2.7833 | lr 7.78e-05
step    170 | train_loss 2.9580 | lr 7.59e-05
step    180 | train_loss 2.6827 | lr 7.39e-05
step    190 | train_loss 2.8744 | lr 7.19e-05
step    200 | train_loss 2.7521 | lr 6.97e-05
step    210 | train_loss 2.4129 | lr 6.74e-05
step    220 | train_loss 2.6283 | lr 6.51e-05
step    225 | val_loss 2.8044 | val_ppl 16.52
step    230 | train_loss 2.7943 | lr 6.27e-05
step    240 | train_loss 2.6303 | lr 6.02e-05
step    250 | train_loss 2.7122 | lr 5.78e-05
step    260 | train_loss 2.9360 | lr 5.52e-05
step    270 | train_loss 2.8094 | lr 5.27e-05
step    280 | train_loss 2.7246 | lr 5.01e-05
step    290 | train_loss 2.8180 | lr 4.76e-05
step    300 | train_loss 2.8618 | lr 4.50e-05
step    300 | val_loss 2.7824 | val_ppl 16.16
step    310 | train_loss 2.5773 | lr 4.25e-05
step    320 | train_loss 2.7180 | lr 4.00e-05
step    330 | train_loss 2.8799 | lr 3.75e-05
step    340 | train_loss 2.8655 | lr 3.51e-05
step    350 | train_loss 2.7728 | lr 3.27e-05
step    360 | train_loss 2.8021 | lr 3.04e-05
step    370 | train_loss 2.9337 | lr 2.82e-05
step    375 | val_loss 2.7660 | val_ppl 15.90
step    380 | train_loss 2.7130 | lr 2.61e-05
step    390 | train_loss 2.6859 | lr 2.40e-05
step    400 | train_loss 2.8116 | lr 2.21e-05
step    410 | train_loss 2.6547 | lr 2.03e-05
step    420 | train_loss 2.6656 | lr 1.86e-05
step    430 | train_loss 3.1836 | lr 1.70e-05
step    440 | train_loss 2.7120 | lr 1.55e-05
step    450 | train_loss 2.8863 | lr 1.42e-05
step    450 | val_loss 2.7547 | val_ppl 15.72
step    460 | train_loss 2.6829 | lr 1.30e-05
step    470 | train_loss 2.6068 | lr 1.20e-05
step    480 | train_loss 2.2152 | lr 1.11e-05
step    490 | train_loss 2.7454 | lr 1.04e-05
step    500 | train_loss 2.5896 | lr 9.78e-06
step    510 | train_loss 2.7783 | lr 9.36e-06
step    520 | train_loss 2.7559 | lr 9.10e-06
step    525 | val_loss 2.7476 | val_ppl 15.61
step    530 | train_loss 2.7436 | lr 9.00e-06
step    530 | val_loss 2.7469 | val_ppl 15.59
Saved checkpoint to /home/system/projects/AuthLLM/checkpoints/lr_scaling_small9k/alpaca_third_unpacked_530_lr9e-05_seed1338/step_530.pt
