Data: 50,868 train / 1,038 val examples (68 dropped as longer than 512 tokens)
Model: small (29,938,560 parameters), initialized from checkpoints/small/step_9000.pt (step 9000)
step     10 | train_loss 3.3405 | lr 4.00e-05
step     20 | train_loss 3.0404 | lr 8.00e-05
step     30 | train_loss 2.8362 | lr 1.20e-04
step     40 | train_loss 2.8460 | lr 1.60e-04
step     50 | train_loss 2.9650 | lr 2.00e-04
step     60 | train_loss 3.1118 | lr 2.40e-04
step     70 | train_loss 2.6210 | lr 2.80e-04
step     80 | train_loss 2.7935 | lr 3.20e-04
step     90 | train_loss 2.7546 | lr 3.60e-04
step    100 | train_loss 2.8689 | lr 4.00e-04
step    110 | train_loss 2.9800 | lr 4.00e-04
step    120 | train_loss 3.0659 | lr 4.00e-04
step    130 | train_loss 2.8620 | lr 4.00e-04
step    140 | train_loss 3.1683 | lr 3.99e-04
step    150 | train_loss 3.1067 | lr 3.99e-04
step    160 | train_loss 3.0039 | lr 3.99e-04
step    170 | train_loss 3.0302 | lr 3.98e-04
step    180 | train_loss 3.2619 | lr 3.98e-04
step    190 | train_loss 3.2425 | lr 3.97e-04
step    200 | train_loss 3.0472 | lr 3.96e-04
step    210 | train_loss 3.0458 | lr 3.95e-04
step    220 | train_loss 3.0073 | lr 3.94e-04
step    228 | val_loss 3.0544 | val_ppl 21.21
step    230 | train_loss 3.1081 | lr 3.93e-04
step    240 | train_loss 3.2029 | lr 3.92e-04
step    250 | train_loss 2.9976 | lr 3.91e-04
step    260 | train_loss 2.9766 | lr 3.90e-04
step    270 | train_loss 2.9408 | lr 3.89e-04
step    280 | train_loss 3.0687 | lr 3.87e-04
step    290 | train_loss 2.9421 | lr 3.86e-04
step    300 | train_loss 3.1321 | lr 3.85e-04
step    310 | train_loss 3.2384 | lr 3.83e-04
step    320 | train_loss 2.9488 | lr 3.81e-04
step    330 | train_loss 3.5844 | lr 3.80e-04
step    340 | train_loss 3.1025 | lr 3.78e-04
step    350 | train_loss 3.2685 | lr 3.76e-04
step    360 | train_loss 3.1250 | lr 3.74e-04
step    370 | train_loss 2.9899 | lr 3.72e-04
step    380 | train_loss 3.1547 | lr 3.70e-04
step    390 | train_loss 3.1346 | lr 3.68e-04
step    400 | train_loss 3.0252 | lr 3.66e-04
step    410 | train_loss 3.0415 | lr 3.64e-04
step    420 | train_loss 3.2928 | lr 3.61e-04
step    430 | train_loss 3.2344 | lr 3.59e-04
step    440 | train_loss 3.1942 | lr 3.57e-04
step    450 | train_loss 3.3117 | lr 3.54e-04
step    456 | val_loss 3.0883 | val_ppl 21.94
step    460 | train_loss 2.8998 | lr 3.51e-04
step    470 | train_loss 3.2800 | lr 3.49e-04
step    480 | train_loss 3.1293 | lr 3.46e-04
step    490 | train_loss 3.2634 | lr 3.43e-04
step    500 | train_loss 2.8974 | lr 3.41e-04
step    510 | train_loss 3.1163 | lr 3.38e-04
step    520 | train_loss 3.0501 | lr 3.35e-04
step    530 | train_loss 2.7698 | lr 3.32e-04
step    540 | train_loss 3.0277 | lr 3.29e-04
step    550 | train_loss 3.1264 | lr 3.26e-04
step    560 | train_loss 2.9623 | lr 3.23e-04
step    570 | train_loss 3.0623 | lr 3.20e-04
step    580 | train_loss 3.2046 | lr 3.17e-04
step    590 | train_loss 2.9184 | lr 3.14e-04
step    600 | train_loss 3.0940 | lr 3.10e-04
step    610 | train_loss 3.0819 | lr 3.07e-04
step    620 | train_loss 3.4000 | lr 3.04e-04
step    630 | train_loss 2.9065 | lr 3.00e-04
step    640 | train_loss 3.2135 | lr 2.97e-04
step    650 | train_loss 3.0866 | lr 2.94e-04
step    660 | train_loss 3.0546 | lr 2.90e-04
step    670 | train_loss 3.1232 | lr 2.87e-04
step    680 | train_loss 2.5634 | lr 2.83e-04
step    684 | val_loss 3.0599 | val_ppl 21.33
step    690 | train_loss 3.3048 | lr 2.80e-04
step    700 | train_loss 2.9727 | lr 2.76e-04
step    710 | train_loss 3.0848 | lr 2.72e-04
step    720 | train_loss 2.9398 | lr 2.69e-04
step    730 | train_loss 3.0798 | lr 2.65e-04
step    740 | train_loss 3.0310 | lr 2.61e-04
step    750 | train_loss 3.0738 | lr 2.58e-04
step    760 | train_loss 3.1539 | lr 2.54e-04
step    770 | train_loss 2.9886 | lr 2.50e-04
step    780 | train_loss 3.0777 | lr 2.47e-04
step    790 | train_loss 3.3713 | lr 2.43e-04
step    800 | train_loss 3.0714 | lr 2.39e-04
step    810 | train_loss 3.0800 | lr 2.35e-04
step    820 | train_loss 2.9068 | lr 2.32e-04
step    830 | train_loss 3.0013 | lr 2.28e-04
step    840 | train_loss 3.0209 | lr 2.24e-04
step    850 | train_loss 2.9453 | lr 2.20e-04
step    860 | train_loss 2.8062 | lr 2.17e-04
step    870 | train_loss 2.8628 | lr 2.13e-04
step    880 | train_loss 2.8954 | lr 2.09e-04
step    890 | train_loss 3.0062 | lr 2.05e-04
step    900 | train_loss 3.2437 | lr 2.02e-04
step    910 | train_loss 2.6407 | lr 1.98e-04
step    912 | val_loss 2.9994 | val_ppl 20.07
step    920 | train_loss 2.9537 | lr 1.94e-04
step    930 | train_loss 3.0131 | lr 1.90e-04
step    940 | train_loss 2.8434 | lr 1.87e-04
step    950 | train_loss 3.3262 | lr 1.83e-04
step    960 | train_loss 3.4584 | lr 1.79e-04
step    970 | train_loss 3.0629 | lr 1.76e-04
step    980 | train_loss 3.1516 | lr 1.72e-04
step    990 | train_loss 3.0387 | lr 1.68e-04
step   1000 | train_loss 2.6942 | lr 1.65e-04
step   1010 | train_loss 3.1754 | lr 1.61e-04
step   1020 | train_loss 2.9704 | lr 1.58e-04
step   1030 | train_loss 3.1500 | lr 1.54e-04
step   1040 | train_loss 3.0985 | lr 1.51e-04
step   1050 | train_loss 3.0855 | lr 1.47e-04
step   1060 | train_loss 3.1118 | lr 1.44e-04
step   1070 | train_loss 3.1231 | lr 1.40e-04
step   1080 | train_loss 2.9078 | lr 1.37e-04
step   1090 | train_loss 3.0931 | lr 1.34e-04
step   1100 | train_loss 2.6514 | lr 1.30e-04
step   1110 | train_loss 3.0846 | lr 1.27e-04
step   1120 | train_loss 2.9316 | lr 1.24e-04
step   1130 | train_loss 3.0597 | lr 1.21e-04
step   1140 | train_loss 2.9564 | lr 1.18e-04
step   1140 | val_loss 2.9357 | val_ppl 18.83
step   1150 | train_loss 3.0704 | lr 1.15e-04
step   1160 | train_loss 2.9719 | lr 1.11e-04
step   1170 | train_loss 3.0073 | lr 1.08e-04
step   1180 | train_loss 2.4918 | lr 1.06e-04
step   1190 | train_loss 3.0523 | lr 1.03e-04
step   1200 | train_loss 3.1063 | lr 9.98e-05
step   1210 | train_loss 2.8685 | lr 9.71e-05
step   1220 | train_loss 2.8963 | lr 9.43e-05
step   1230 | train_loss 3.0715 | lr 9.17e-05
step   1240 | train_loss 2.9251 | lr 8.90e-05
step   1250 | train_loss 3.1886 | lr 8.65e-05
step   1260 | train_loss 2.6357 | lr 8.40e-05
step   1270 | train_loss 2.8037 | lr 8.15e-05
step   1280 | train_loss 3.0318 | lr 7.92e-05
step   1290 | train_loss 2.7522 | lr 7.69e-05
step   1300 | train_loss 3.2292 | lr 7.46e-05
step   1310 | train_loss 2.7522 | lr 7.24e-05
step   1320 | train_loss 2.8109 | lr 7.03e-05
step   1330 | train_loss 3.0930 | lr 6.82e-05
step   1340 | train_loss 2.8797 | lr 6.62e-05
step   1350 | train_loss 3.0559 | lr 6.43e-05
step   1360 | train_loss 3.1333 | lr 6.24e-05
step   1368 | val_loss 2.8929 | val_ppl 18.05
step   1370 | train_loss 2.7140 | lr 6.07e-05
step   1380 | train_loss 3.2017 | lr 5.89e-05
step   1390 | train_loss 2.8075 | lr 5.73e-05
step   1400 | train_loss 3.0078 | lr 5.57e-05
step   1410 | train_loss 2.7430 | lr 5.42e-05
step   1420 | train_loss 3.0948 | lr 5.28e-05
step   1430 | train_loss 3.1335 | lr 5.14e-05
step   1440 | train_loss 2.8718 | lr 5.01e-05
step   1450 | train_loss 2.7656 | lr 4.89e-05
step   1460 | train_loss 3.0193 | lr 4.78e-05
step   1470 | train_loss 2.9205 | lr 4.67e-05
step   1480 | train_loss 2.6460 | lr 4.57e-05
step   1490 | train_loss 3.2788 | lr 4.48e-05
step   1500 | train_loss 3.1335 | lr 4.40e-05
step   1510 | train_loss 2.6729 | lr 4.33e-05
step   1520 | train_loss 2.8551 | lr 4.26e-05
step   1530 | train_loss 2.9888 | lr 4.20e-05
step   1540 | train_loss 2.6940 | lr 4.15e-05
step   1550 | train_loss 2.9643 | lr 4.10e-05
step   1560 | train_loss 2.7312 | lr 4.07e-05
step   1570 | train_loss 2.7497 | lr 4.04e-05
step   1580 | train_loss 2.8502 | lr 4.02e-05
step   1590 | train_loss 2.7155 | lr 4.00e-05
step   1596 | val_loss 2.8709 | val_ppl 17.65
step   1600 | train_loss 2.6771 | lr 4.00e-05
step   1600 | val_loss 2.8704 | val_ppl 17.64
Saved checkpoint to /home/system/projects/AuthLLM/checkpoints/lr_scaling_small9k/alpaca_unpacked_1600_lr0.0004_seed1337/step_1600.pt
