Data: 50,869 train / 1,037 val examples (68 dropped as longer than 512 tokens)
Packing: 50,869 examples into 11,220 windows (4.5 per window, 98.8% of positions used)
Model: small (29,938,560 parameters), initialized from checkpoints/small/step_9000.pt (step 9000)
step     10 | train_loss 2.8693 | lr 1.14e-04
step     20 | train_loss 2.8437 | lr 2.27e-04
step     30 | train_loss 2.8326 | lr 2.50e-04
step     40 | train_loss 2.7961 | lr 2.49e-04
step     50 | train_loss 2.6743 | lr 2.46e-04
step     50 | val_loss 2.7345 | val_ppl 15.40
step     60 | train_loss 2.8312 | lr 2.43e-04
step     70 | train_loss 2.7362 | lr 2.39e-04
step     80 | train_loss 2.7657 | lr 2.34e-04
step     90 | train_loss 2.8220 | lr 2.28e-04
step    100 | train_loss 2.7481 | lr 2.21e-04
step    100 | val_loss 2.6552 | val_ppl 14.23
step    110 | train_loss 2.7715 | lr 2.13e-04
step    120 | train_loss 2.6754 | lr 2.05e-04
step    130 | train_loss 2.6980 | lr 1.96e-04
step    140 | train_loss 2.6741 | lr 1.86e-04
step    150 | train_loss 2.6760 | lr 1.77e-04
step    150 | val_loss 2.6065 | val_ppl 13.55
step    160 | train_loss 2.5977 | lr 1.66e-04
step    170 | train_loss 2.5529 | lr 1.56e-04
step    180 | train_loss 2.6340 | lr 1.45e-04
step    190 | train_loss 2.5789 | lr 1.34e-04
step    200 | train_loss 2.5264 | lr 1.24e-04
step    200 | val_loss 2.5607 | val_ppl 12.94
step    210 | train_loss 2.6047 | lr 1.13e-04
step    220 | train_loss 2.5903 | lr 1.03e-04
step    230 | train_loss 2.5396 | lr 9.25e-05
step    240 | train_loss 2.5698 | lr 8.28e-05
step    250 | train_loss 2.5800 | lr 7.37e-05
step    250 | val_loss 2.5267 | val_ppl 12.51
step    260 | train_loss 2.5853 | lr 6.51e-05
step    270 | train_loss 2.5313 | lr 5.72e-05
step    280 | train_loss 2.6247 | lr 5.00e-05
step    290 | train_loss 2.5114 | lr 4.37e-05
step    300 | train_loss 2.6236 | lr 3.82e-05
step    300 | val_loss 2.5068 | val_ppl 12.27
step    310 | train_loss 2.6398 | lr 3.36e-05
step    320 | train_loss 2.6542 | lr 2.99e-05
step    330 | train_loss 2.6218 | lr 2.73e-05
step    340 | train_loss 2.6610 | lr 2.56e-05
step    350 | train_loss 2.4955 | lr 2.50e-05
step    350 | val_loss 2.4957 | val_ppl 12.13
Saved checkpoint to /home/system/projects/AuthLLM/checkpoints/lr_scaling_small9k/alpaca_packed_350_lr0.00025_seed1338/step_350.pt
