Data: 16,956 train / 346 val examples (0 dropped as longer than 512 tokens)
Model: small (29,938,560 parameters), initialized from checkpoints/small/step_9000.pt (step 9000)
step     10 | train_loss 3.2449 | lr 1.82e-05
step     20 | train_loss 2.9095 | lr 3.64e-05
step     30 | train_loss 2.9288 | lr 5.45e-05
step     40 | train_loss 3.1295 | lr 6.00e-05
step     50 | train_loss 3.1190 | lr 5.99e-05
step     60 | train_loss 3.0588 | lr 5.96e-05
step     70 | train_loss 2.8915 | lr 5.93e-05
step     75 | val_loss 2.9035 | val_ppl 18.24
step     80 | train_loss 2.7664 | lr 5.89e-05
step     90 | train_loss 2.8967 | lr 5.83e-05
step    100 | train_loss 2.8802 | lr 5.77e-05
step    110 | train_loss 2.6868 | lr 5.69e-05
step    120 | train_loss 2.5676 | lr 5.61e-05
step    130 | train_loss 3.0051 | lr 5.52e-05
step    140 | train_loss 2.7183 | lr 5.42e-05
step    150 | train_loss 3.0085 | lr 5.31e-05
step    150 | val_loss 2.8384 | val_ppl 17.09
step    160 | train_loss 2.9637 | lr 5.19e-05
step    170 | train_loss 2.8215 | lr 5.06e-05
step    180 | train_loss 2.7141 | lr 4.93e-05
step    190 | train_loss 2.9703 | lr 4.79e-05
step    200 | train_loss 3.0814 | lr 4.65e-05
step    210 | train_loss 2.7238 | lr 4.49e-05
step    220 | train_loss 2.9085 | lr 4.34e-05
step    225 | val_loss 2.7965 | val_ppl 16.39
step    230 | train_loss 2.7450 | lr 4.18e-05
step    240 | train_loss 2.9856 | lr 4.02e-05
step    250 | train_loss 2.5464 | lr 3.85e-05
step    260 | train_loss 2.6948 | lr 3.68e-05
step    270 | train_loss 2.6822 | lr 3.51e-05
step    280 | train_loss 2.6871 | lr 3.34e-05
step    290 | train_loss 2.7473 | lr 3.17e-05
step    300 | train_loss 2.6624 | lr 3.00e-05
step    300 | val_loss 2.7734 | val_ppl 16.01
step    310 | train_loss 2.5784 | lr 2.83e-05
step    320 | train_loss 2.8331 | lr 2.67e-05
step    330 | train_loss 2.8178 | lr 2.50e-05
step    340 | train_loss 2.9718 | lr 2.34e-05
step    350 | train_loss 2.7194 | lr 2.18e-05
step    360 | train_loss 2.6966 | lr 2.03e-05
step    370 | train_loss 2.8356 | lr 1.88e-05
step    375 | val_loss 2.7602 | val_ppl 15.80
step    380 | train_loss 2.7663 | lr 1.74e-05
step    390 | train_loss 3.0514 | lr 1.60e-05
step    400 | train_loss 2.5410 | lr 1.47e-05
step    410 | train_loss 2.5502 | lr 1.35e-05
step    420 | train_loss 2.8445 | lr 1.24e-05
step    430 | train_loss 2.8694 | lr 1.13e-05
step    440 | train_loss 3.0389 | lr 1.03e-05
step    450 | train_loss 2.6965 | lr 9.46e-06
step    450 | val_loss 2.7487 | val_ppl 15.62
step    460 | train_loss 2.6250 | lr 8.67e-06
step    470 | train_loss 2.7663 | lr 7.98e-06
step    480 | train_loss 2.8021 | lr 7.39e-06
step    490 | train_loss 2.7771 | lr 6.90e-06
step    500 | train_loss 2.6616 | lr 6.52e-06
step    510 | train_loss 2.6857 | lr 6.24e-06
step    520 | train_loss 2.6618 | lr 6.07e-06
step    525 | val_loss 2.7437 | val_ppl 15.54
step    530 | train_loss 2.8804 | lr 6.00e-06
step    530 | val_loss 2.7436 | val_ppl 15.54
Saved checkpoint to /home/system/projects/AuthLLM/checkpoints/lr_scaling_small9k/alpaca_third_unpacked_530_lr6e-05_seed1339/step_530.pt
