Data: 50,867 train / 1,039 val examples (68 dropped as longer than 512 tokens)
Packing: 50,867 examples into 11,217 windows (4.5 per window, 98.8% of positions used)
Model: small (29,938,560 parameters), initialized from checkpoints/small/step_9000.pt (step 9000)
step     10 | train_loss 2.9033 | lr 1.82e-04
step     20 | train_loss 2.7866 | lr 3.64e-04
step     30 | train_loss 2.9946 | lr 4.00e-04
step     40 | train_loss 3.0071 | lr 3.98e-04
step     50 | train_loss 2.8341 | lr 3.94e-04
step     50 | val_loss 2.9034 | val_ppl 18.24
step     60 | train_loss 2.7387 | lr 3.89e-04
step     70 | train_loss 2.7644 | lr 3.82e-04
step     80 | train_loss 2.6862 | lr 3.74e-04
step     90 | train_loss 2.8366 | lr 3.64e-04
step    100 | train_loss 2.7744 | lr 3.53e-04
step    100 | val_loss 2.8379 | val_ppl 17.08
step    110 | train_loss 2.7719 | lr 3.41e-04
step    120 | train_loss 2.6823 | lr 3.28e-04
step    130 | train_loss 2.7526 | lr 3.13e-04
step    140 | train_loss 2.6685 | lr 2.98e-04
step    150 | train_loss 2.5965 | lr 2.82e-04
step    150 | val_loss 2.7717 | val_ppl 15.99
step    160 | train_loss 2.6215 | lr 2.66e-04
step    170 | train_loss 2.5296 | lr 2.49e-04
step    180 | train_loss 2.6674 | lr 2.32e-04
step    190 | train_loss 2.5355 | lr 2.15e-04
step    200 | train_loss 2.6858 | lr 1.98e-04
step    200 | val_loss 2.7289 | val_ppl 15.32
step    210 | train_loss 2.7500 | lr 1.81e-04
step    220 | train_loss 2.4597 | lr 1.64e-04
step    230 | train_loss 2.6335 | lr 1.48e-04
step    240 | train_loss 2.6159 | lr 1.32e-04
step    250 | train_loss 2.5571 | lr 1.18e-04
step    250 | val_loss 2.6879 | val_ppl 14.70
step    260 | train_loss 2.5785 | lr 1.04e-04
step    270 | train_loss 2.4882 | lr 9.15e-05
step    280 | train_loss 2.6056 | lr 8.00e-05
step    290 | train_loss 2.6609 | lr 6.99e-05
step    300 | train_loss 2.7049 | lr 6.11e-05
step    300 | val_loss 2.6590 | val_ppl 14.28
step    310 | train_loss 2.4300 | lr 5.37e-05
step    320 | train_loss 2.6092 | lr 4.79e-05
step    330 | train_loss 2.5681 | lr 4.36e-05
step    340 | train_loss 2.4926 | lr 4.10e-05
step    350 | train_loss 2.6178 | lr 4.00e-05
step    350 | val_loss 2.6417 | val_ppl 14.04
Saved checkpoint to /home/system/projects/AuthLLM/checkpoints/lr_scaling_small9k/alpaca_packed_350_lr0.0004_seed1339/step_350.pt
