Data: 50,868 train / 1,038 val examples (68 dropped as longer than 512 tokens)
Packing: 50,868 examples into 11,220 windows (4.5 per window, 98.8% of positions used)
Model: small (29,938,560 parameters), initialized from checkpoints/small/step_9000.pt (step 9000)
step     10 | train_loss 3.0313 | lr 6.82e-05
step     20 | train_loss 2.9584 | lr 1.36e-04
step     30 | train_loss 2.7709 | lr 1.50e-04
step     40 | train_loss 2.7609 | lr 1.49e-04
step     50 | train_loss 2.7014 | lr 1.48e-04
step     50 | val_loss 2.7741 | val_ppl 16.02
step     60 | train_loss 2.7588 | lr 1.46e-04
step     70 | train_loss 2.7337 | lr 1.43e-04
step     80 | train_loss 2.7807 | lr 1.40e-04
step     90 | train_loss 2.6926 | lr 1.37e-04
step    100 | train_loss 2.8034 | lr 1.32e-04
step    100 | val_loss 2.6916 | val_ppl 14.76
step    110 | train_loss 2.7623 | lr 1.28e-04
step    120 | train_loss 2.7096 | lr 1.23e-04
step    130 | train_loss 2.6952 | lr 1.18e-04
step    140 | train_loss 2.6971 | lr 1.12e-04
step    150 | train_loss 2.6542 | lr 1.06e-04
step    150 | val_loss 2.6462 | val_ppl 14.10
step    160 | train_loss 2.6750 | lr 9.98e-05
step    170 | train_loss 2.6307 | lr 9.34e-05
step    180 | train_loss 2.6578 | lr 8.70e-05
step    190 | train_loss 2.6218 | lr 8.06e-05
step    200 | train_loss 2.7571 | lr 7.41e-05
step    200 | val_loss 2.6136 | val_ppl 13.65
step    210 | train_loss 2.6338 | lr 6.78e-05
step    220 | train_loss 2.4050 | lr 6.15e-05
step    230 | train_loss 2.6501 | lr 5.55e-05
step    240 | train_loss 2.6204 | lr 4.97e-05
step    250 | train_loss 2.5863 | lr 4.42e-05
step    250 | val_loss 2.5928 | val_ppl 13.37
step    260 | train_loss 2.6302 | lr 3.91e-05
step    270 | train_loss 2.7062 | lr 3.43e-05
step    280 | train_loss 2.6353 | lr 3.00e-05
step    290 | train_loss 2.5533 | lr 2.62e-05
step    300 | train_loss 2.5942 | lr 2.29e-05
step    300 | val_loss 2.5782 | val_ppl 13.17
step    310 | train_loss 2.5978 | lr 2.01e-05
step    320 | train_loss 2.5129 | lr 1.80e-05
step    330 | train_loss 2.8446 | lr 1.64e-05
step    340 | train_loss 2.5206 | lr 1.54e-05
step    350 | train_loss 2.5568 | lr 1.50e-05
step    350 | val_loss 2.5711 | val_ppl 13.08
Saved checkpoint to /home/system/projects/AuthLLM/checkpoints/lr_scaling_small9k/alpaca_packed_350_lr0.00015_seed1337/step_350.pt
