Data: 50,868 train / 1,038 val examples (68 dropped as longer than 512 tokens)
Model: small (29,938,560 parameters), initialized from checkpoints/small/step_9000.pt (step 9000)
step     10 | train_loss 3.4126 | lr 1.50e-05
step     20 | train_loss 3.1155 | lr 3.00e-05
step     30 | train_loss 2.9032 | lr 4.50e-05
step     40 | train_loss 2.8503 | lr 6.00e-05
step     50 | train_loss 2.9717 | lr 7.50e-05
step     60 | train_loss 3.0894 | lr 9.00e-05
step     70 | train_loss 2.5866 | lr 1.05e-04
step     80 | train_loss 2.7218 | lr 1.20e-04
step     90 | train_loss 2.6773 | lr 1.35e-04
step    100 | train_loss 2.7761 | lr 1.50e-04
step    110 | train_loss 2.8961 | lr 1.50e-04
step    120 | train_loss 2.9140 | lr 1.50e-04
step    130 | train_loss 2.7328 | lr 1.50e-04
step    140 | train_loss 2.9806 | lr 1.50e-04
step    150 | train_loss 2.9516 | lr 1.50e-04
step    160 | train_loss 2.7737 | lr 1.49e-04
step    170 | train_loss 2.8276 | lr 1.49e-04
step    180 | train_loss 3.0526 | lr 1.49e-04
step    190 | train_loss 2.9999 | lr 1.49e-04
step    200 | train_loss 2.7903 | lr 1.49e-04
step    210 | train_loss 2.7624 | lr 1.48e-04
step    220 | train_loss 2.8084 | lr 1.48e-04
step    228 | val_loss 2.8101 | val_ppl 16.61
step    230 | train_loss 2.8554 | lr 1.48e-04
step    240 | train_loss 2.9117 | lr 1.47e-04
step    250 | train_loss 2.7909 | lr 1.47e-04
step    260 | train_loss 2.7438 | lr 1.46e-04
step    270 | train_loss 2.6927 | lr 1.46e-04
step    280 | train_loss 2.8053 | lr 1.45e-04
step    290 | train_loss 2.6920 | lr 1.45e-04
step    300 | train_loss 2.8329 | lr 1.44e-04
step    310 | train_loss 2.9393 | lr 1.44e-04
step    320 | train_loss 2.7251 | lr 1.43e-04
step    330 | train_loss 3.2726 | lr 1.42e-04
step    340 | train_loss 2.7872 | lr 1.42e-04
step    350 | train_loss 2.9096 | lr 1.41e-04
step    360 | train_loss 2.8564 | lr 1.40e-04
step    370 | train_loss 2.6926 | lr 1.40e-04
step    380 | train_loss 2.8167 | lr 1.39e-04
step    390 | train_loss 2.8783 | lr 1.38e-04
step    400 | train_loss 2.7508 | lr 1.37e-04
step    410 | train_loss 2.7979 | lr 1.36e-04
step    420 | train_loss 2.9437 | lr 1.35e-04
step    430 | train_loss 2.9140 | lr 1.35e-04
step    440 | train_loss 2.8448 | lr 1.34e-04
step    450 | train_loss 3.0453 | lr 1.33e-04
step    456 | val_loss 2.7979 | val_ppl 16.41
step    460 | train_loss 2.6284 | lr 1.32e-04
step    470 | train_loss 3.0102 | lr 1.31e-04
step    480 | train_loss 2.8732 | lr 1.30e-04
step    490 | train_loss 2.9470 | lr 1.29e-04
step    500 | train_loss 2.6543 | lr 1.28e-04
step    510 | train_loss 2.8556 | lr 1.27e-04
step    520 | train_loss 2.8155 | lr 1.26e-04
step    530 | train_loss 2.5780 | lr 1.25e-04
step    540 | train_loss 2.7975 | lr 1.23e-04
step    550 | train_loss 2.8306 | lr 1.22e-04
step    560 | train_loss 2.7116 | lr 1.21e-04
step    570 | train_loss 2.7598 | lr 1.20e-04
step    580 | train_loss 2.9050 | lr 1.19e-04
step    590 | train_loss 2.7080 | lr 1.18e-04
step    600 | train_loss 2.7653 | lr 1.16e-04
step    610 | train_loss 2.8332 | lr 1.15e-04
step    620 | train_loss 3.0545 | lr 1.14e-04
step    630 | train_loss 2.6554 | lr 1.13e-04
step    640 | train_loss 2.9033 | lr 1.11e-04
step    650 | train_loss 2.8634 | lr 1.10e-04
step    660 | train_loss 2.8174 | lr 1.09e-04
step    670 | train_loss 2.8446 | lr 1.07e-04
step    680 | train_loss 2.3699 | lr 1.06e-04
step    684 | val_loss 2.7787 | val_ppl 16.10
step    690 | train_loss 2.9627 | lr 1.05e-04
step    700 | train_loss 2.7422 | lr 1.03e-04
step    710 | train_loss 2.7919 | lr 1.02e-04
step    720 | train_loss 2.7209 | lr 1.01e-04
step    730 | train_loss 2.8209 | lr 9.94e-05
step    740 | train_loss 2.7906 | lr 9.81e-05
step    750 | train_loss 2.7794 | lr 9.67e-05
step    760 | train_loss 2.8334 | lr 9.53e-05
step    770 | train_loss 2.7383 | lr 9.39e-05
step    780 | train_loss 2.8295 | lr 9.25e-05
step    790 | train_loss 3.1177 | lr 9.11e-05
step    800 | train_loss 2.7485 | lr 8.97e-05
step    810 | train_loss 2.7932 | lr 8.83e-05
step    820 | train_loss 2.6580 | lr 8.69e-05
step    830 | train_loss 2.7754 | lr 8.55e-05
step    840 | train_loss 2.7253 | lr 8.41e-05
step    850 | train_loss 2.7411 | lr 8.26e-05
step    860 | train_loss 2.6144 | lr 8.12e-05
step    870 | train_loss 2.5874 | lr 7.98e-05
step    880 | train_loss 2.6966 | lr 7.84e-05
step    890 | train_loss 2.7994 | lr 7.70e-05
step    900 | train_loss 3.0106 | lr 7.56e-05
step    910 | train_loss 2.4145 | lr 7.42e-05
step    912 | val_loss 2.7678 | val_ppl 15.92
step    920 | train_loss 2.7157 | lr 7.28e-05
step    930 | train_loss 2.8193 | lr 7.14e-05
step    940 | train_loss 2.6037 | lr 7.00e-05
step    950 | train_loss 3.0433 | lr 6.86e-05
step    960 | train_loss 3.2193 | lr 6.72e-05
step    970 | train_loss 2.8038 | lr 6.59e-05
step    980 | train_loss 2.8745 | lr 6.45e-05
step    990 | train_loss 2.8133 | lr 6.31e-05
step   1000 | train_loss 2.4699 | lr 6.18e-05
step   1010 | train_loss 2.9212 | lr 6.04e-05
step   1020 | train_loss 2.7512 | lr 5.91e-05
step   1030 | train_loss 2.9263 | lr 5.78e-05
step   1040 | train_loss 2.9238 | lr 5.65e-05
step   1050 | train_loss 2.8328 | lr 5.52e-05
step   1060 | train_loss 2.9161 | lr 5.39e-05
step   1070 | train_loss 2.8479 | lr 5.26e-05
step   1080 | train_loss 2.6276 | lr 5.14e-05
step   1090 | train_loss 2.8389 | lr 5.01e-05
step   1100 | train_loss 2.5054 | lr 4.89e-05
step   1110 | train_loss 2.8654 | lr 4.77e-05
step   1120 | train_loss 2.7292 | lr 4.65e-05
step   1130 | train_loss 2.7781 | lr 4.53e-05
step   1140 | train_loss 2.7617 | lr 4.41e-05
step   1140 | val_loss 2.7461 | val_ppl 15.58
step   1150 | train_loss 2.9281 | lr 4.29e-05
step   1160 | train_loss 2.8419 | lr 4.18e-05
step   1170 | train_loss 2.8540 | lr 4.07e-05
step   1180 | train_loss 2.3681 | lr 3.96e-05
step   1190 | train_loss 2.8501 | lr 3.85e-05
step   1200 | train_loss 2.9084 | lr 3.74e-05
step   1210 | train_loss 2.6134 | lr 3.64e-05
step   1220 | train_loss 2.7216 | lr 3.54e-05
step   1230 | train_loss 2.8182 | lr 3.44e-05
step   1240 | train_loss 2.6976 | lr 3.34e-05
step   1250 | train_loss 2.9661 | lr 3.24e-05
step   1260 | train_loss 2.5192 | lr 3.15e-05
step   1270 | train_loss 2.6327 | lr 3.06e-05
step   1280 | train_loss 2.8583 | lr 2.97e-05
step   1290 | train_loss 2.5564 | lr 2.88e-05
step   1300 | train_loss 3.0701 | lr 2.80e-05
step   1310 | train_loss 2.6120 | lr 2.72e-05
step   1320 | train_loss 2.6059 | lr 2.64e-05
step   1330 | train_loss 2.9435 | lr 2.56e-05
step   1340 | train_loss 2.7108 | lr 2.48e-05
step   1350 | train_loss 2.8427 | lr 2.41e-05
step   1360 | train_loss 2.9826 | lr 2.34e-05
step   1368 | val_loss 2.7330 | val_ppl 15.38
step   1370 | train_loss 2.6057 | lr 2.27e-05
step   1380 | train_loss 2.9459 | lr 2.21e-05
step   1390 | train_loss 2.6015 | lr 2.15e-05
step   1400 | train_loss 2.8729 | lr 2.09e-05
step   1410 | train_loss 2.6340 | lr 2.03e-05
step   1420 | train_loss 2.8836 | lr 1.98e-05
step   1430 | train_loss 2.9366 | lr 1.93e-05
step   1440 | train_loss 2.7600 | lr 1.88e-05
step   1450 | train_loss 2.6265 | lr 1.83e-05
step   1460 | train_loss 2.8407 | lr 1.79e-05
step   1470 | train_loss 2.7396 | lr 1.75e-05
step   1480 | train_loss 2.5121 | lr 1.72e-05
step   1490 | train_loss 3.0574 | lr 1.68e-05
step   1500 | train_loss 2.8947 | lr 1.65e-05
step   1510 | train_loss 2.5167 | lr 1.62e-05
step   1520 | train_loss 2.7065 | lr 1.60e-05
step   1530 | train_loss 2.8438 | lr 1.57e-05
step   1540 | train_loss 2.5797 | lr 1.56e-05
step   1550 | train_loss 2.8314 | lr 1.54e-05
step   1560 | train_loss 2.5914 | lr 1.52e-05
step   1570 | train_loss 2.5691 | lr 1.51e-05
step   1580 | train_loss 2.6943 | lr 1.51e-05
step   1590 | train_loss 2.6601 | lr 1.50e-05
step   1596 | val_loss 2.7248 | val_ppl 15.25
step   1600 | train_loss 2.6520 | lr 1.50e-05
step   1600 | val_loss 2.7249 | val_ppl 15.25
Saved checkpoint to /home/system/projects/AuthLLM/checkpoints/lr_scaling_small9k/alpaca_unpacked_1600_lr0.00015_seed1337/step_1600.pt
