Data: 50,867 train / 1,039 val examples (68 dropped as longer than 512 tokens)
Packing: 50,867 examples into 11,217 windows (4.5 per window, 98.8% of positions used)
Model: small (29,938,560 parameters), initialized from checkpoints/small/step_9000.pt (step 9000)
step     10 | train_loss 2.8964 | lr 2.73e-04
step     20 | train_loss 2.8028 | lr 5.45e-04
step     30 | train_loss 3.0465 | lr 5.99e-04
step     40 | train_loss 3.0764 | lr 5.96e-04
step     50 | train_loss 2.9002 | lr 5.91e-04
step     50 | val_loss 2.9784 | val_ppl 19.66
step     60 | train_loss 2.8095 | lr 5.83e-04
step     70 | train_loss 2.8315 | lr 5.73e-04
step     80 | train_loss 2.7743 | lr 5.61e-04
step     90 | train_loss 2.8976 | lr 5.46e-04
step    100 | train_loss 2.8417 | lr 5.30e-04
step    100 | val_loss 2.9194 | val_ppl 18.53
step    110 | train_loss 2.8302 | lr 5.12e-04
step    120 | train_loss 2.7296 | lr 4.92e-04
step    130 | train_loss 2.8211 | lr 4.70e-04
step    140 | train_loss 2.7342 | lr 4.47e-04
step    150 | train_loss 2.6664 | lr 4.24e-04
step    150 | val_loss 2.8382 | val_ppl 17.09
step    160 | train_loss 2.6783 | lr 3.99e-04
step    170 | train_loss 2.5827 | lr 3.74e-04
step    180 | train_loss 2.7213 | lr 3.48e-04
step    190 | train_loss 2.5748 | lr 3.22e-04
step    200 | train_loss 2.7366 | lr 2.96e-04
step    200 | val_loss 2.7732 | val_ppl 16.01
step    210 | train_loss 2.7989 | lr 2.71e-04
step    220 | train_loss 2.4922 | lr 2.46e-04
step    230 | train_loss 2.6644 | lr 2.22e-04
step    240 | train_loss 2.6562 | lr 1.99e-04
step    250 | train_loss 2.5839 | lr 1.77e-04
step    250 | val_loss 2.7236 | val_ppl 15.24
step    260 | train_loss 2.6111 | lr 1.56e-04
step    270 | train_loss 2.5089 | lr 1.37e-04
step    280 | train_loss 2.6286 | lr 1.20e-04
step    290 | train_loss 2.6820 | lr 1.05e-04
step    300 | train_loss 2.7284 | lr 9.16e-05
step    300 | val_loss 2.6794 | val_ppl 14.58
step    310 | train_loss 2.4480 | lr 8.06e-05
step    320 | train_loss 2.6263 | lr 7.18e-05
step    330 | train_loss 2.5902 | lr 6.54e-05
step    340 | train_loss 2.5089 | lr 6.15e-05
step    350 | train_loss 2.6375 | lr 6.00e-05
step    350 | val_loss 2.6547 | val_ppl 14.22
Saved checkpoint to /home/system/projects/AuthLLM/checkpoints/lr_scaling_small9k/alpaca_packed_350_lr0.0006_seed1339/step_350.pt
