Data: 16,956 train / 346 val examples (0 dropped as longer than 512 tokens)
Packing: 16,956 examples into 3,763 windows (4.5 per window, 98.7% of positions used)
Model: small (29,938,560 parameters), initialized from checkpoints/small/step_9000.pt (step 9000)
step     10 | train_loss 3.1297 | lr 8.99e-05
step     16 | val_loss 2.8779 | val_ppl 17.78
step     20 | train_loss 2.9152 | lr 8.77e-05
step     30 | train_loss 2.9803 | lr 8.24e-05
step     32 | val_loss 2.8022 | val_ppl 16.48
step     40 | train_loss 2.8166 | lr 7.45e-05
step     48 | val_loss 2.7629 | val_ppl 15.85
step     50 | train_loss 2.8434 | lr 6.46e-05
step     60 | train_loss 2.8274 | lr 5.35e-05
step     64 | val_loss 2.7404 | val_ppl 15.49
step     70 | train_loss 2.7485 | lr 4.21e-05
step     80 | train_loss 2.7936 | lr 3.13e-05
step     80 | val_loss 2.7234 | val_ppl 15.23
step     90 | train_loss 2.7004 | lr 2.19e-05
step     96 | val_loss 2.7128 | val_ppl 15.07
step    100 | train_loss 2.7602 | lr 1.47e-05
step    110 | train_loss 2.6841 | lr 1.03e-05
step    112 | val_loss 2.7069 | val_ppl 14.98
step    118 | train_loss 2.7633 | lr 9.02e-06
step    118 | val_loss 2.7058 | val_ppl 14.97
Saved checkpoint to /home/system/projects/AuthLLM/checkpoints/lr_scaling_small9k/alpaca_third_packed_118_lr9e-05_seed1337/step_118.pt
