Data: 50,868 train / 1,038 val examples (68 dropped as longer than 512 tokens)
Packing: 50,868 examples into 11,220 windows (4.5 per window, 98.8% of positions used)
Model: small (29,938,560 parameters), initialized from checkpoints/small/step_9000.pt (step 9000)
step     10 | train_loss 3.0917 | lr 2.73e-05
step     20 | train_loss 3.0092 | lr 5.45e-05
step     30 | train_loss 2.8316 | lr 5.99e-05
step     40 | train_loss 2.8009 | lr 5.96e-05
step     50 | train_loss 2.7445 | lr 5.91e-05
step     50 | val_loss 2.8217 | val_ppl 16.80
step     60 | train_loss 2.8191 | lr 5.83e-05
step     70 | train_loss 2.7907 | lr 5.73e-05
step     80 | train_loss 2.8254 | lr 5.61e-05
step     90 | train_loss 2.7324 | lr 5.46e-05
step    100 | train_loss 2.8544 | lr 5.30e-05
step    100 | val_loss 2.7431 | val_ppl 15.54
step    110 | train_loss 2.8048 | lr 5.12e-05
step    120 | train_loss 2.7641 | lr 4.92e-05
step    130 | train_loss 2.7334 | lr 4.70e-05
step    140 | train_loss 2.7347 | lr 4.47e-05
step    150 | train_loss 2.7119 | lr 4.24e-05
step    150 | val_loss 2.7014 | val_ppl 14.90
step    160 | train_loss 2.7233 | lr 3.99e-05
step    170 | train_loss 2.6957 | lr 3.74e-05
step    180 | train_loss 2.7151 | lr 3.48e-05
step    190 | train_loss 2.6845 | lr 3.22e-05
step    200 | train_loss 2.8102 | lr 2.96e-05
step    200 | val_loss 2.6735 | val_ppl 14.49
step    210 | train_loss 2.6927 | lr 2.71e-05
step    220 | train_loss 2.4997 | lr 2.46e-05
step    230 | train_loss 2.7117 | lr 2.22e-05
step    240 | train_loss 2.6699 | lr 1.99e-05
step    250 | train_loss 2.6824 | lr 1.77e-05
step    250 | val_loss 2.6571 | val_ppl 14.25
step    260 | train_loss 2.7017 | lr 1.56e-05
step    270 | train_loss 2.7765 | lr 1.37e-05
step    280 | train_loss 2.7142 | lr 1.20e-05
step    290 | train_loss 2.6259 | lr 1.05e-05
step    300 | train_loss 2.6682 | lr 9.16e-06
step    300 | val_loss 2.6475 | val_ppl 14.12
step    310 | train_loss 2.6898 | lr 8.06e-06
step    320 | train_loss 2.5852 | lr 7.18e-06
step    330 | train_loss 2.9111 | lr 6.54e-06
step    340 | train_loss 2.5807 | lr 6.15e-06
step    350 | train_loss 2.6302 | lr 6.00e-06
step    350 | val_loss 2.6431 | val_ppl 14.06
Saved checkpoint to /home/system/projects/AuthLLM/checkpoints/lr_scaling_small9k/alpaca_packed_350_lr6e-05_seed1337/step_350.pt
