Data: 50,868 train / 1,038 val examples (68 dropped as longer than 512 tokens)
Packing: 50,868 examples into 11,220 windows (4.5 per window, 98.8% of positions used)
Model: small (29,938,560 parameters), initialized from checkpoints/small/step_9000.pt (step 9000)
step     10 | train_loss 2.9658 | lr 2.73e-04
step     20 | train_loss 2.9545 | lr 5.45e-04
step     30 | train_loss 2.8307 | lr 5.99e-04
step     40 | train_loss 2.8825 | lr 5.96e-04
step     50 | train_loss 2.7890 | lr 5.91e-04
step     50 | val_loss 2.8663 | val_ppl 17.57
step     60 | train_loss 2.8621 | lr 5.83e-04
step     70 | train_loss 2.8317 | lr 5.73e-04
step     80 | train_loss 2.9005 | lr 5.61e-04
step     90 | train_loss 2.8052 | lr 5.46e-04
step    100 | train_loss 2.9333 | lr 5.30e-04
step    100 | val_loss 2.8041 | val_ppl 16.51
step    110 | train_loss 2.9021 | lr 5.12e-04
step    120 | train_loss 2.8214 | lr 4.92e-04
step    130 | train_loss 2.8177 | lr 4.70e-04
step    140 | train_loss 2.8046 | lr 4.47e-04
step    150 | train_loss 2.7501 | lr 4.24e-04
step    150 | val_loss 2.7319 | val_ppl 15.36
step    160 | train_loss 2.7670 | lr 3.99e-04
step    170 | train_loss 2.6891 | lr 3.74e-04
step    180 | train_loss 2.7331 | lr 3.48e-04
step    190 | train_loss 2.6900 | lr 3.22e-04
step    200 | train_loss 2.8116 | lr 2.96e-04
step    200 | val_loss 2.6788 | val_ppl 14.57
step    210 | train_loss 2.6907 | lr 2.71e-04
step    220 | train_loss 2.4103 | lr 2.46e-04
step    230 | train_loss 2.6719 | lr 2.22e-04
step    240 | train_loss 2.6559 | lr 1.99e-04
step    250 | train_loss 2.5945 | lr 1.77e-04
step    250 | val_loss 2.6232 | val_ppl 13.78
step    260 | train_loss 2.6359 | lr 1.56e-04
step    270 | train_loss 2.7243 | lr 1.37e-04
step    280 | train_loss 2.6299 | lr 1.20e-04
step    290 | train_loss 2.5527 | lr 1.05e-04
step    300 | train_loss 2.5822 | lr 9.16e-05
step    300 | val_loss 2.5835 | val_ppl 13.24
step    310 | train_loss 2.5662 | lr 8.06e-05
step    320 | train_loss 2.4956 | lr 7.18e-05
step    330 | train_loss 2.8480 | lr 6.54e-05
step    340 | train_loss 2.5197 | lr 6.15e-05
step    350 | train_loss 2.5489 | lr 6.00e-05
step    350 | val_loss 2.5627 | val_ppl 12.97
Saved checkpoint to /home/system/projects/AuthLLM/checkpoints/lr_scaling_small9k/alpaca_packed_350_lr0.0006_seed1337/step_350.pt
