Data: 16,956 train / 346 val examples (0 dropped as longer than 512 tokens)
Model: small (29,938,560 parameters), initialized from checkpoints/small/step_9000.pt (step 9000)
step     10 | train_loss 3.1848 | lr 4.55e-05
step     20 | train_loss 2.8783 | lr 9.09e-05
step     30 | train_loss 2.8957 | lr 1.36e-04
step     40 | train_loss 3.1388 | lr 1.50e-04
step     50 | train_loss 3.1267 | lr 1.50e-04
step     60 | train_loss 3.0523 | lr 1.49e-04
step     70 | train_loss 2.9083 | lr 1.48e-04
step     75 | val_loss 2.9011 | val_ppl 18.19
step     80 | train_loss 2.7831 | lr 1.47e-04
step     90 | train_loss 2.9021 | lr 1.46e-04
step    100 | train_loss 2.9005 | lr 1.44e-04
step    110 | train_loss 2.6979 | lr 1.42e-04
step    120 | train_loss 2.5855 | lr 1.40e-04
step    130 | train_loss 3.0399 | lr 1.38e-04
step    140 | train_loss 2.7353 | lr 1.35e-04
step    150 | train_loss 2.9988 | lr 1.33e-04
step    150 | val_loss 2.8511 | val_ppl 17.31
step    160 | train_loss 2.9972 | lr 1.30e-04
step    170 | train_loss 2.8246 | lr 1.27e-04
step    180 | train_loss 2.7712 | lr 1.23e-04
step    190 | train_loss 2.9649 | lr 1.20e-04
step    200 | train_loss 3.1012 | lr 1.16e-04
step    210 | train_loss 2.7479 | lr 1.12e-04
step    220 | train_loss 2.9232 | lr 1.08e-04
step    225 | val_loss 2.8160 | val_ppl 16.71
step    230 | train_loss 2.7368 | lr 1.04e-04
step    240 | train_loss 3.0174 | lr 1.00e-04
step    250 | train_loss 2.5765 | lr 9.63e-05
step    260 | train_loss 2.6853 | lr 9.21e-05
step    270 | train_loss 2.7124 | lr 8.78e-05
step    280 | train_loss 2.6934 | lr 8.36e-05
step    290 | train_loss 2.7611 | lr 7.93e-05
step    300 | train_loss 2.6548 | lr 7.50e-05
step    300 | val_loss 2.7883 | val_ppl 16.25
step    310 | train_loss 2.6107 | lr 7.08e-05
step    320 | train_loss 2.8614 | lr 6.66e-05
step    330 | train_loss 2.8570 | lr 6.25e-05
step    340 | train_loss 2.9636 | lr 5.85e-05
step    350 | train_loss 2.7404 | lr 5.46e-05
step    360 | train_loss 2.7176 | lr 5.07e-05
step    370 | train_loss 2.8691 | lr 4.70e-05
step    375 | val_loss 2.7723 | val_ppl 16.00
step    380 | train_loss 2.7985 | lr 4.35e-05
step    390 | train_loss 3.0878 | lr 4.01e-05
step    400 | train_loss 2.5376 | lr 3.68e-05
step    410 | train_loss 2.6001 | lr 3.38e-05
step    420 | train_loss 2.8732 | lr 3.09e-05
step    430 | train_loss 2.8785 | lr 2.83e-05
step    440 | train_loss 3.0937 | lr 2.59e-05
step    450 | train_loss 2.7146 | lr 2.37e-05
step    450 | val_loss 2.7528 | val_ppl 15.69
step    460 | train_loss 2.6015 | lr 2.17e-05
step    470 | train_loss 2.7520 | lr 2.00e-05
step    480 | train_loss 2.7779 | lr 1.85e-05
step    490 | train_loss 2.8007 | lr 1.73e-05
step    500 | train_loss 2.6201 | lr 1.63e-05
step    510 | train_loss 2.7226 | lr 1.56e-05
step    520 | train_loss 2.6774 | lr 1.52e-05
step    525 | val_loss 2.7433 | val_ppl 15.54
step    530 | train_loss 2.8666 | lr 1.50e-05
step    530 | val_loss 2.7430 | val_ppl 15.53
Saved checkpoint to /home/system/projects/AuthLLM/checkpoints/lr_scaling_small9k/alpaca_third_unpacked_530_lr0.00015_seed1339/step_530.pt
