Data: 16,956 train / 346 val examples (0 dropped as longer than 512 tokens)
Model: small (29,938,560 parameters), initialized from checkpoints/small/step_9000.pt (step 9000)
step     10 | train_loss 3.3141 | lr 6.06e-06
step     20 | train_loss 3.1217 | lr 1.21e-05
step     30 | train_loss 2.8856 | lr 1.82e-05
step     40 | train_loss 3.0827 | lr 2.00e-05
step     50 | train_loss 2.9468 | lr 2.00e-05
step     60 | train_loss 2.9205 | lr 1.99e-05
step     70 | train_loss 3.0010 | lr 1.98e-05
step     75 | val_loss 2.8961 | val_ppl 18.10
step     80 | train_loss 3.0601 | lr 1.96e-05
step     90 | train_loss 2.8586 | lr 1.94e-05
step    100 | train_loss 2.7635 | lr 1.92e-05
step    110 | train_loss 2.7376 | lr 1.90e-05
step    120 | train_loss 2.6798 | lr 1.87e-05
step    130 | train_loss 2.9543 | lr 1.84e-05
step    140 | train_loss 3.1067 | lr 1.81e-05
step    150 | train_loss 2.6769 | lr 1.77e-05
step    150 | val_loss 2.8380 | val_ppl 17.08
step    160 | train_loss 3.0243 | lr 1.73e-05
step    170 | train_loss 2.9626 | lr 1.69e-05
step    180 | train_loss 2.8576 | lr 1.64e-05
step    190 | train_loss 2.6989 | lr 1.60e-05
step    200 | train_loss 2.9916 | lr 1.55e-05
step    210 | train_loss 2.8064 | lr 1.50e-05
step    220 | train_loss 2.8770 | lr 1.45e-05
step    225 | val_loss 2.8066 | val_ppl 16.55
step    230 | train_loss 2.9176 | lr 1.39e-05
step    240 | train_loss 2.7717 | lr 1.34e-05
step    250 | train_loss 2.9176 | lr 1.28e-05
step    260 | train_loss 2.8558 | lr 1.23e-05
step    270 | train_loss 2.8754 | lr 1.17e-05
step    280 | train_loss 2.7755 | lr 1.11e-05
step    290 | train_loss 2.9841 | lr 1.06e-05
step    300 | train_loss 2.8080 | lr 1.00e-05
step    300 | val_loss 2.7861 | val_ppl 16.22
step    310 | train_loss 3.1868 | lr 9.44e-06
step    320 | train_loss 2.7293 | lr 8.89e-06
step    330 | train_loss 2.8808 | lr 8.34e-06
step    340 | train_loss 2.7788 | lr 7.80e-06
step    350 | train_loss 3.0754 | lr 7.28e-06
step    360 | train_loss 2.7213 | lr 6.77e-06
step    370 | train_loss 2.9162 | lr 6.27e-06
step    375 | val_loss 2.7746 | val_ppl 16.03
step    380 | train_loss 3.1716 | lr 5.80e-06
step    390 | train_loss 2.6082 | lr 5.34e-06
step    400 | train_loss 2.5766 | lr 4.91e-06
step    410 | train_loss 2.7551 | lr 4.51e-06
step    420 | train_loss 2.7748 | lr 4.13e-06
step    430 | train_loss 2.9216 | lr 3.77e-06
step    440 | train_loss 2.6783 | lr 3.45e-06
step    450 | train_loss 2.7809 | lr 3.15e-06
step    450 | val_loss 2.7683 | val_ppl 15.93
step    460 | train_loss 2.9928 | lr 2.89e-06
step    470 | train_loss 2.6197 | lr 2.66e-06
step    480 | train_loss 2.9890 | lr 2.46e-06
step    490 | train_loss 2.8011 | lr 2.30e-06
step    500 | train_loss 3.0353 | lr 2.17e-06
step    510 | train_loss 2.8156 | lr 2.08e-06
step    520 | train_loss 2.8507 | lr 2.02e-06
step    525 | val_loss 2.7654 | val_ppl 15.88
step    530 | train_loss 2.5497 | lr 2.00e-06
step    530 | val_loss 2.7652 | val_ppl 15.88
Saved checkpoint to /home/system/projects/AuthLLM/checkpoints/lr_scaling_small9k/alpaca_third_unpacked_530_lr2e-05_seed1337/step_530.pt
