Data: 50,868 train / 1,038 val examples (68 dropped as longer than 512 tokens)
Model: small (29,938,560 parameters), initialized from checkpoints/small/step_9000.pt (step 9000)
step     10 | train_loss 3.4889 | lr 3.00e-06
step     20 | train_loss 3.2869 | lr 6.00e-06
step     30 | train_loss 3.0213 | lr 9.00e-06
step     40 | train_loss 2.9340 | lr 1.20e-05
step     50 | train_loss 3.0477 | lr 1.50e-05
step     60 | train_loss 3.1720 | lr 1.80e-05
step     70 | train_loss 2.6449 | lr 2.10e-05
step     80 | train_loss 2.7994 | lr 2.40e-05
step     90 | train_loss 2.7421 | lr 2.70e-05
step    100 | train_loss 2.8427 | lr 3.00e-05
step    110 | train_loss 2.9777 | lr 3.00e-05
step    120 | train_loss 2.9636 | lr 3.00e-05
step    130 | train_loss 2.7471 | lr 3.00e-05
step    140 | train_loss 2.9886 | lr 3.00e-05
step    150 | train_loss 2.9703 | lr 2.99e-05
step    160 | train_loss 2.8356 | lr 2.99e-05
step    170 | train_loss 2.8495 | lr 2.99e-05
step    180 | train_loss 3.0567 | lr 2.98e-05
step    190 | train_loss 2.9824 | lr 2.98e-05
step    200 | train_loss 2.7988 | lr 2.97e-05
step    210 | train_loss 2.7432 | lr 2.96e-05
step    220 | train_loss 2.8318 | lr 2.96e-05
step    228 | val_loss 2.8166 | val_ppl 16.72
step    230 | train_loss 2.8513 | lr 2.95e-05
step    240 | train_loss 2.8818 | lr 2.94e-05
step    250 | train_loss 2.7945 | lr 2.93e-05
step    260 | train_loss 2.7360 | lr 2.93e-05
step    270 | train_loss 2.7312 | lr 2.92e-05
step    280 | train_loss 2.8014 | lr 2.91e-05
step    290 | train_loss 2.7027 | lr 2.90e-05
step    300 | train_loss 2.8385 | lr 2.88e-05
step    310 | train_loss 2.8992 | lr 2.87e-05
step    320 | train_loss 2.7369 | lr 2.86e-05
step    330 | train_loss 3.1846 | lr 2.85e-05
step    340 | train_loss 2.7025 | lr 2.83e-05
step    350 | train_loss 2.8642 | lr 2.82e-05
step    360 | train_loss 2.7944 | lr 2.81e-05
step    370 | train_loss 2.6564 | lr 2.79e-05
step    380 | train_loss 2.7712 | lr 2.78e-05
step    390 | train_loss 2.8643 | lr 2.76e-05
step    400 | train_loss 2.7002 | lr 2.74e-05
step    410 | train_loss 2.7640 | lr 2.73e-05
step    420 | train_loss 2.8747 | lr 2.71e-05
step    430 | train_loss 2.8263 | lr 2.69e-05
step    440 | train_loss 2.7558 | lr 2.67e-05
step    450 | train_loss 3.0020 | lr 2.66e-05
step    456 | val_loss 2.7494 | val_ppl 15.63
step    460 | train_loss 2.5891 | lr 2.64e-05
step    470 | train_loss 2.9721 | lr 2.62e-05
step    480 | train_loss 2.8444 | lr 2.60e-05
step    490 | train_loss 2.8718 | lr 2.58e-05
step    500 | train_loss 2.6385 | lr 2.56e-05
step    510 | train_loss 2.8131 | lr 2.53e-05
step    520 | train_loss 2.7750 | lr 2.51e-05
step    530 | train_loss 2.5751 | lr 2.49e-05
step    540 | train_loss 2.7961 | lr 2.47e-05
step    550 | train_loss 2.7796 | lr 2.45e-05
step    560 | train_loss 2.7341 | lr 2.42e-05
step    570 | train_loss 2.6512 | lr 2.40e-05
step    580 | train_loss 2.8135 | lr 2.38e-05
step    590 | train_loss 2.6450 | lr 2.35e-05
step    600 | train_loss 2.6711 | lr 2.33e-05
step    610 | train_loss 2.7571 | lr 2.30e-05
step    620 | train_loss 2.8963 | lr 2.28e-05
step    630 | train_loss 2.6232 | lr 2.25e-05
step    640 | train_loss 2.8407 | lr 2.23e-05
step    650 | train_loss 2.8255 | lr 2.20e-05
step    660 | train_loss 2.7528 | lr 2.18e-05
step    670 | train_loss 2.7770 | lr 2.15e-05
step    680 | train_loss 2.4069 | lr 2.12e-05
step    684 | val_loss 2.7157 | val_ppl 15.12
step    690 | train_loss 2.7986 | lr 2.10e-05
step    700 | train_loss 2.7082 | lr 2.07e-05
step    710 | train_loss 2.7084 | lr 2.04e-05
step    720 | train_loss 2.6865 | lr 2.02e-05
step    730 | train_loss 2.7568 | lr 1.99e-05
step    740 | train_loss 2.7230 | lr 1.96e-05
step    750 | train_loss 2.6634 | lr 1.93e-05
step    760 | train_loss 2.7008 | lr 1.91e-05
step    770 | train_loss 2.7204 | lr 1.88e-05
step    780 | train_loss 2.7439 | lr 1.85e-05
step    790 | train_loss 3.0330 | lr 1.82e-05
step    800 | train_loss 2.6322 | lr 1.79e-05
step    810 | train_loss 2.6930 | lr 1.77e-05
step    820 | train_loss 2.5885 | lr 1.74e-05
step    830 | train_loss 2.7203 | lr 1.71e-05
step    840 | train_loss 2.6443 | lr 1.68e-05
step    850 | train_loss 2.6802 | lr 1.65e-05
step    860 | train_loss 2.5940 | lr 1.62e-05
step    870 | train_loss 2.4764 | lr 1.60e-05
step    880 | train_loss 2.6317 | lr 1.57e-05
step    890 | train_loss 2.7492 | lr 1.54e-05
step    900 | train_loss 2.9787 | lr 1.51e-05
step    910 | train_loss 2.3369 | lr 1.48e-05
step    912 | val_loss 2.6999 | val_ppl 14.88
step    920 | train_loss 2.6509 | lr 1.46e-05
step    930 | train_loss 2.8037 | lr 1.43e-05
step    940 | train_loss 2.6128 | lr 1.40e-05
step    950 | train_loss 2.8994 | lr 1.37e-05
step    960 | train_loss 3.0774 | lr 1.34e-05
step    970 | train_loss 2.7227 | lr 1.32e-05
step    980 | train_loss 2.7413 | lr 1.29e-05
step    990 | train_loss 2.7589 | lr 1.26e-05
step   1000 | train_loss 2.3828 | lr 1.24e-05
step   1010 | train_loss 2.7969 | lr 1.21e-05
step   1020 | train_loss 2.6362 | lr 1.18e-05
step   1030 | train_loss 2.8743 | lr 1.16e-05
step   1040 | train_loss 2.9201 | lr 1.13e-05
step   1050 | train_loss 2.7397 | lr 1.10e-05
step   1060 | train_loss 2.9037 | lr 1.08e-05
step   1070 | train_loss 2.7167 | lr 1.05e-05
step   1080 | train_loss 2.5316 | lr 1.03e-05
step   1090 | train_loss 2.7288 | lr 1.00e-05
step   1100 | train_loss 2.4599 | lr 9.77e-06
step   1110 | train_loss 2.7513 | lr 9.53e-06
step   1120 | train_loss 2.6864 | lr 9.29e-06
step   1130 | train_loss 2.6439 | lr 9.05e-06
step   1140 | train_loss 2.6876 | lr 8.82e-06
step   1140 | val_loss 2.6873 | val_ppl 14.69
step   1150 | train_loss 2.9450 | lr 8.59e-06
step   1160 | train_loss 2.8350 | lr 8.36e-06
step   1170 | train_loss 2.8393 | lr 8.14e-06
step   1180 | train_loss 2.3961 | lr 7.92e-06
step   1190 | train_loss 2.7992 | lr 7.70e-06
step   1200 | train_loss 2.8459 | lr 7.49e-06
step   1210 | train_loss 2.4897 | lr 7.28e-06
step   1220 | train_loss 2.6701 | lr 7.07e-06
step   1230 | train_loss 2.7311 | lr 6.87e-06
step   1240 | train_loss 2.6570 | lr 6.68e-06
step   1250 | train_loss 2.8586 | lr 6.49e-06
step   1260 | train_loss 2.5402 | lr 6.30e-06
step   1270 | train_loss 2.6260 | lr 6.12e-06
step   1280 | train_loss 2.7900 | lr 5.94e-06
step   1290 | train_loss 2.4766 | lr 5.76e-06
step   1300 | train_loss 3.0041 | lr 5.59e-06
step   1310 | train_loss 2.5727 | lr 5.43e-06
step   1320 | train_loss 2.5233 | lr 5.27e-06
step   1330 | train_loss 2.9662 | lr 5.12e-06
step   1340 | train_loss 2.7010 | lr 4.97e-06
step   1350 | train_loss 2.7471 | lr 4.82e-06
step   1360 | train_loss 2.9580 | lr 4.68e-06
step   1368 | val_loss 2.6791 | val_ppl 14.57
step   1370 | train_loss 2.6236 | lr 4.55e-06
step   1380 | train_loss 2.8125 | lr 4.42e-06
step   1390 | train_loss 2.5138 | lr 4.30e-06
step   1400 | train_loss 2.8391 | lr 4.18e-06
step   1410 | train_loss 2.6199 | lr 4.07e-06
step   1420 | train_loss 2.7664 | lr 3.96e-06
step   1430 | train_loss 2.8090 | lr 3.86e-06
step   1440 | train_loss 2.7631 | lr 3.76e-06
step   1450 | train_loss 2.6188 | lr 3.67e-06
step   1460 | train_loss 2.7470 | lr 3.58e-06
step   1470 | train_loss 2.6617 | lr 3.50e-06
step   1480 | train_loss 2.5380 | lr 3.43e-06
step   1490 | train_loss 2.9243 | lr 3.36e-06
step   1500 | train_loss 2.7742 | lr 3.30e-06
step   1510 | train_loss 2.4349 | lr 3.24e-06
step   1520 | train_loss 2.6396 | lr 3.19e-06
step   1530 | train_loss 2.7591 | lr 3.15e-06
step   1540 | train_loss 2.6021 | lr 3.11e-06
step   1550 | train_loss 2.7787 | lr 3.08e-06
step   1560 | train_loss 2.5809 | lr 3.05e-06
step   1570 | train_loss 2.5071 | lr 3.03e-06
step   1580 | train_loss 2.6636 | lr 3.01e-06
step   1590 | train_loss 2.7572 | lr 3.00e-06
step   1596 | val_loss 2.6766 | val_ppl 14.54
step   1600 | train_loss 2.7525 | lr 3.00e-06
step   1600 | val_loss 2.6764 | val_ppl 14.53
Saved checkpoint to /home/system/projects/AuthLLM/checkpoints/lr_scaling_small9k/alpaca_unpacked_1600_lr3e-05_seed1337/step_1600.pt
