Data: 16,956 train / 346 val examples (0 dropped as longer than 512 tokens)
Model: small (29,938,560 parameters), initialized from checkpoints/small/step_9000.pt (step 9000)
step     10 | train_loss 3.1417 | lr 4.55e-05
step     20 | train_loss 2.9869 | lr 9.09e-05
step     30 | train_loss 2.8023 | lr 1.36e-04
step     40 | train_loss 2.9986 | lr 1.50e-04
step     50 | train_loss 2.9283 | lr 1.50e-04
step     60 | train_loss 2.8726 | lr 1.49e-04
step     70 | train_loss 2.9684 | lr 1.48e-04
step     75 | val_loss 2.8468 | val_ppl 17.23
step     80 | train_loss 2.9499 | lr 1.47e-04
step     90 | train_loss 2.8051 | lr 1.46e-04
step    100 | train_loss 2.7156 | lr 1.44e-04
step    110 | train_loss 2.7113 | lr 1.42e-04
step    120 | train_loss 2.6140 | lr 1.40e-04
step    130 | train_loss 2.9179 | lr 1.38e-04
step    140 | train_loss 3.0800 | lr 1.35e-04
step    150 | train_loss 2.6497 | lr 1.33e-04
step    150 | val_loss 2.8081 | val_ppl 16.58
step    160 | train_loss 2.9534 | lr 1.30e-04
step    170 | train_loss 2.9425 | lr 1.27e-04
step    180 | train_loss 2.8246 | lr 1.23e-04
step    190 | train_loss 2.6154 | lr 1.20e-04
step    200 | train_loss 2.9839 | lr 1.16e-04
step    210 | train_loss 2.7982 | lr 1.12e-04
step    220 | train_loss 2.8525 | lr 1.08e-04
step    225 | val_loss 2.7792 | val_ppl 16.11
step    230 | train_loss 2.7871 | lr 1.04e-04
step    240 | train_loss 2.7939 | lr 1.00e-04
step    250 | train_loss 2.9003 | lr 9.63e-05
step    260 | train_loss 2.8404 | lr 9.21e-05
step    270 | train_loss 2.8018 | lr 8.78e-05
step    280 | train_loss 2.7045 | lr 8.36e-05
step    290 | train_loss 2.9339 | lr 7.93e-05
step    300 | train_loss 2.7780 | lr 7.50e-05
step    300 | val_loss 2.7545 | val_ppl 15.71
step    310 | train_loss 3.0924 | lr 7.08e-05
step    320 | train_loss 2.6960 | lr 6.66e-05
step    330 | train_loss 2.8957 | lr 6.25e-05
step    340 | train_loss 2.7492 | lr 5.85e-05
step    350 | train_loss 3.0027 | lr 5.46e-05
step    360 | train_loss 2.6788 | lr 5.07e-05
step    370 | train_loss 2.8682 | lr 4.70e-05
step    375 | val_loss 2.7356 | val_ppl 15.42
step    380 | train_loss 3.1235 | lr 4.35e-05
step    390 | train_loss 2.6099 | lr 4.01e-05
step    400 | train_loss 2.4893 | lr 3.68e-05
step    410 | train_loss 2.6261 | lr 3.38e-05
step    420 | train_loss 2.7160 | lr 3.09e-05
step    430 | train_loss 2.8852 | lr 2.83e-05
step    440 | train_loss 2.5978 | lr 2.59e-05
step    450 | train_loss 2.7153 | lr 2.37e-05
step    450 | val_loss 2.7172 | val_ppl 15.14
step    460 | train_loss 3.0202 | lr 2.17e-05
step    470 | train_loss 2.5347 | lr 2.00e-05
step    480 | train_loss 2.9518 | lr 1.85e-05
step    490 | train_loss 2.6909 | lr 1.73e-05
step    500 | train_loss 3.0254 | lr 1.63e-05
step    510 | train_loss 2.7435 | lr 1.56e-05
step    520 | train_loss 2.8539 | lr 1.52e-05
step    525 | val_loss 2.7102 | val_ppl 15.03
step    530 | train_loss 2.5367 | lr 1.50e-05
step    530 | val_loss 2.7098 | val_ppl 15.03
Saved checkpoint to /home/system/projects/AuthLLM/checkpoints/lr_scaling_small9k/alpaca_third_unpacked_530_lr0.00015_seed1337/step_530.pt
