Data: 50,867 train / 1,039 val examples (68 dropped as longer than 512 tokens)
Model: small (29,938,560 parameters), initialized from checkpoints/small/step_9000.pt (step 9000)
step     10 | train_loss 3.4256 | lr 3.00e-06
step     20 | train_loss 3.0648 | lr 6.00e-06
step     30 | train_loss 3.1943 | lr 9.00e-06
step     40 | train_loss 3.2690 | lr 1.20e-05
step     50 | train_loss 3.2127 | lr 1.50e-05
step     60 | train_loss 2.9168 | lr 1.80e-05
step     70 | train_loss 2.7194 | lr 2.10e-05
step     80 | train_loss 2.8004 | lr 2.40e-05
step     90 | train_loss 3.2301 | lr 2.70e-05
step    100 | train_loss 3.0123 | lr 3.00e-05
step    110 | train_loss 3.1350 | lr 3.00e-05
step    120 | train_loss 2.6080 | lr 3.00e-05
step    130 | train_loss 2.8258 | lr 3.00e-05
step    140 | train_loss 2.8817 | lr 3.00e-05
step    150 | train_loss 2.8570 | lr 2.99e-05
step    160 | train_loss 2.7888 | lr 2.99e-05
step    170 | train_loss 2.6966 | lr 2.99e-05
step    180 | train_loss 2.9755 | lr 2.98e-05
step    190 | train_loss 3.0209 | lr 2.98e-05
step    200 | train_loss 3.0034 | lr 2.97e-05
step    210 | train_loss 2.8389 | lr 2.96e-05
step    220 | train_loss 2.9415 | lr 2.96e-05
step    228 | val_loss 2.9017 | val_ppl 18.21
step    230 | train_loss 2.6128 | lr 2.95e-05
step    240 | train_loss 2.7433 | lr 2.94e-05
step    250 | train_loss 2.7940 | lr 2.93e-05
step    260 | train_loss 2.8024 | lr 2.93e-05
step    270 | train_loss 2.7732 | lr 2.92e-05
step    280 | train_loss 2.7780 | lr 2.91e-05
step    290 | train_loss 2.7421 | lr 2.90e-05
step    300 | train_loss 3.3336 | lr 2.88e-05
step    310 | train_loss 2.9067 | lr 2.87e-05
step    320 | train_loss 2.8699 | lr 2.86e-05
step    330 | train_loss 2.6564 | lr 2.85e-05
step    340 | train_loss 3.0983 | lr 2.83e-05
step    350 | train_loss 2.7902 | lr 2.82e-05
step    360 | train_loss 2.8402 | lr 2.81e-05
step    370 | train_loss 2.7453 | lr 2.79e-05
step    380 | train_loss 2.8963 | lr 2.78e-05
step    390 | train_loss 2.7345 | lr 2.76e-05
step    400 | train_loss 2.8286 | lr 2.74e-05
step    410 | train_loss 2.9166 | lr 2.73e-05
step    420 | train_loss 2.7810 | lr 2.71e-05
step    430 | train_loss 2.7378 | lr 2.69e-05
step    440 | train_loss 2.7696 | lr 2.67e-05
step    450 | train_loss 2.7278 | lr 2.66e-05
step    456 | val_loss 2.8430 | val_ppl 17.17
step    460 | train_loss 2.5558 | lr 2.64e-05
step    470 | train_loss 2.8084 | lr 2.62e-05
step    480 | train_loss 2.5906 | lr 2.60e-05
step    490 | train_loss 2.7139 | lr 2.58e-05
step    500 | train_loss 2.8005 | lr 2.56e-05
step    510 | train_loss 2.7383 | lr 2.53e-05
step    520 | train_loss 2.6494 | lr 2.51e-05
step    530 | train_loss 2.6438 | lr 2.49e-05
step    540 | train_loss 2.8366 | lr 2.47e-05
step    550 | train_loss 2.8280 | lr 2.45e-05
step    560 | train_loss 2.5164 | lr 2.42e-05
step    570 | train_loss 2.8970 | lr 2.40e-05
step    580 | train_loss 2.7558 | lr 2.38e-05
step    590 | train_loss 2.5842 | lr 2.35e-05
step    600 | train_loss 2.7184 | lr 2.33e-05
step    610 | train_loss 2.7001 | lr 2.30e-05
step    620 | train_loss 2.5501 | lr 2.28e-05
step    630 | train_loss 2.7325 | lr 2.25e-05
step    640 | train_loss 2.8000 | lr 2.23e-05
step    650 | train_loss 3.0850 | lr 2.20e-05
step    660 | train_loss 2.5201 | lr 2.18e-05
step    670 | train_loss 2.7795 | lr 2.15e-05
step    680 | train_loss 2.7307 | lr 2.12e-05
step    684 | val_loss 2.8151 | val_ppl 16.70
step    690 | train_loss 2.6389 | lr 2.10e-05
step    700 | train_loss 2.6147 | lr 2.07e-05
step    710 | train_loss 2.8208 | lr 2.04e-05
step    720 | train_loss 2.6327 | lr 2.02e-05
step    730 | train_loss 2.7602 | lr 1.99e-05
step    740 | train_loss 2.7590 | lr 1.96e-05
step    750 | train_loss 2.7951 | lr 1.93e-05
step    760 | train_loss 2.8258 | lr 1.91e-05
step    770 | train_loss 2.7408 | lr 1.88e-05
step    780 | train_loss 2.8465 | lr 1.85e-05
step    790 | train_loss 2.7890 | lr 1.82e-05
step    800 | train_loss 2.6928 | lr 1.79e-05
step    810 | train_loss 2.8957 | lr 1.77e-05
step    820 | train_loss 2.9308 | lr 1.74e-05
step    830 | train_loss 2.7872 | lr 1.71e-05
step    840 | train_loss 2.6270 | lr 1.68e-05
step    850 | train_loss 2.8824 | lr 1.65e-05
step    860 | train_loss 3.0181 | lr 1.62e-05
step    870 | train_loss 2.6763 | lr 1.60e-05
step    880 | train_loss 2.8406 | lr 1.57e-05
step    890 | train_loss 2.8819 | lr 1.54e-05
step    900 | train_loss 2.5332 | lr 1.51e-05
step    910 | train_loss 2.7619 | lr 1.48e-05
step    912 | val_loss 2.7966 | val_ppl 16.39
step    920 | train_loss 2.8025 | lr 1.46e-05
step    930 | train_loss 2.8885 | lr 1.43e-05
step    940 | train_loss 2.5751 | lr 1.40e-05
step    950 | train_loss 2.5126 | lr 1.37e-05
step    960 | train_loss 2.8393 | lr 1.34e-05
step    970 | train_loss 2.9127 | lr 1.32e-05
step    980 | train_loss 3.0730 | lr 1.29e-05
step    990 | train_loss 2.6761 | lr 1.26e-05
step   1000 | train_loss 2.8250 | lr 1.24e-05
step   1010 | train_loss 2.8480 | lr 1.21e-05
step   1020 | train_loss 2.8083 | lr 1.18e-05
step   1030 | train_loss 2.8935 | lr 1.16e-05
step   1040 | train_loss 2.7394 | lr 1.13e-05
step   1050 | train_loss 2.7620 | lr 1.10e-05
step   1060 | train_loss 2.5801 | lr 1.08e-05
step   1070 | train_loss 2.4146 | lr 1.05e-05
step   1080 | train_loss 2.5660 | lr 1.03e-05
step   1090 | train_loss 2.7473 | lr 1.00e-05
step   1100 | train_loss 2.5965 | lr 9.77e-06
step   1110 | train_loss 2.7841 | lr 9.53e-06
step   1120 | train_loss 2.7264 | lr 9.29e-06
step   1130 | train_loss 2.7788 | lr 9.05e-06
step   1140 | train_loss 2.5994 | lr 8.82e-06
step   1140 | val_loss 2.7843 | val_ppl 16.19
step   1150 | train_loss 2.7320 | lr 8.59e-06
step   1160 | train_loss 2.6678 | lr 8.36e-06
step   1170 | train_loss 2.7721 | lr 8.14e-06
step   1180 | train_loss 2.6480 | lr 7.92e-06
step   1190 | train_loss 2.9287 | lr 7.70e-06
step   1200 | train_loss 2.7472 | lr 7.49e-06
step   1210 | train_loss 2.9631 | lr 7.28e-06
step   1220 | train_loss 2.7768 | lr 7.07e-06
step   1230 | train_loss 2.8015 | lr 6.87e-06
step   1240 | train_loss 2.5603 | lr 6.68e-06
step   1250 | train_loss 2.5844 | lr 6.49e-06
step   1260 | train_loss 2.7506 | lr 6.30e-06
step   1270 | train_loss 2.6938 | lr 6.12e-06
step   1280 | train_loss 2.7479 | lr 5.94e-06
step   1290 | train_loss 2.5332 | lr 5.76e-06
step   1300 | train_loss 2.4678 | lr 5.59e-06
step   1310 | train_loss 2.4611 | lr 5.43e-06
step   1320 | train_loss 2.6421 | lr 5.27e-06
step   1330 | train_loss 2.8295 | lr 5.12e-06
step   1340 | train_loss 2.6922 | lr 4.97e-06
step   1350 | train_loss 2.7196 | lr 4.82e-06
step   1360 | train_loss 2.6579 | lr 4.68e-06
step   1368 | val_loss 2.7787 | val_ppl 16.10
step   1370 | train_loss 2.9567 | lr 4.55e-06
step   1380 | train_loss 2.5573 | lr 4.42e-06
step   1390 | train_loss 2.7540 | lr 4.30e-06
step   1400 | train_loss 2.8847 | lr 4.18e-06
step   1410 | train_loss 2.7469 | lr 4.07e-06
step   1420 | train_loss 2.6904 | lr 3.96e-06
step   1430 | train_loss 2.6668 | lr 3.86e-06
step   1440 | train_loss 2.5401 | lr 3.76e-06
step   1450 | train_loss 2.7045 | lr 3.67e-06
step   1460 | train_loss 2.8610 | lr 3.58e-06
step   1470 | train_loss 2.5548 | lr 3.50e-06
step   1480 | train_loss 2.8667 | lr 3.43e-06
step   1490 | train_loss 2.7972 | lr 3.36e-06
step   1500 | train_loss 2.8278 | lr 3.30e-06
step   1510 | train_loss 2.8784 | lr 3.24e-06
step   1520 | train_loss 2.6715 | lr 3.19e-06
step   1530 | train_loss 2.6839 | lr 3.15e-06
step   1540 | train_loss 2.7182 | lr 3.11e-06
step   1550 | train_loss 2.6351 | lr 3.08e-06
step   1560 | train_loss 2.6673 | lr 3.05e-06
step   1570 | train_loss 2.6706 | lr 3.03e-06
step   1580 | train_loss 2.4299 | lr 3.01e-06
step   1590 | train_loss 2.7527 | lr 3.00e-06
step   1596 | val_loss 2.7755 | val_ppl 16.05
step   1600 | train_loss 2.2984 | lr 3.00e-06
step   1600 | val_loss 2.7755 | val_ppl 16.05
Saved checkpoint to /home/system/projects/AuthLLM/checkpoints/lr_scaling_small9k/alpaca_unpacked_1600_lr3e-05_seed1339/step_1600.pt
