Data: 50,868 train / 1,038 val examples (68 dropped as longer than 512 tokens)
Model: small (29,938,560 parameters), initialized from checkpoints/small/step_9000.pt (step 9000)
step     10 | train_loss 3.4973 | lr 2.00e-06
step     20 | train_loss 3.3193 | lr 4.00e-06
step     30 | train_loss 3.0540 | lr 6.00e-06
step     40 | train_loss 2.9685 | lr 8.00e-06
step     50 | train_loss 3.0774 | lr 1.00e-05
step     60 | train_loss 3.1955 | lr 1.20e-05
step     70 | train_loss 2.6667 | lr 1.40e-05
step     80 | train_loss 2.8241 | lr 1.60e-05
step     90 | train_loss 2.7679 | lr 1.80e-05
step    100 | train_loss 2.8633 | lr 2.00e-05
step    110 | train_loss 3.0102 | lr 2.00e-05
step    120 | train_loss 2.9864 | lr 2.00e-05
step    130 | train_loss 2.7670 | lr 2.00e-05
step    140 | train_loss 3.0107 | lr 2.00e-05
step    150 | train_loss 2.9918 | lr 2.00e-05
step    160 | train_loss 2.8729 | lr 1.99e-05
step    170 | train_loss 2.8737 | lr 1.99e-05
step    180 | train_loss 3.0841 | lr 1.99e-05
step    190 | train_loss 3.0047 | lr 1.98e-05
step    200 | train_loss 2.8269 | lr 1.98e-05
step    210 | train_loss 2.7596 | lr 1.98e-05
step    220 | train_loss 2.8600 | lr 1.97e-05
step    228 | val_loss 2.8436 | val_ppl 17.18
step    230 | train_loss 2.8716 | lr 1.97e-05
step    240 | train_loss 2.8995 | lr 1.96e-05
step    250 | train_loss 2.8158 | lr 1.96e-05
step    260 | train_loss 2.7604 | lr 1.95e-05
step    270 | train_loss 2.7675 | lr 1.94e-05
step    280 | train_loss 2.8331 | lr 1.94e-05
step    290 | train_loss 2.7294 | lr 1.93e-05
step    300 | train_loss 2.8727 | lr 1.92e-05
step    310 | train_loss 2.9201 | lr 1.92e-05
step    320 | train_loss 2.7657 | lr 1.91e-05
step    330 | train_loss 3.1987 | lr 1.90e-05
step    340 | train_loss 2.7157 | lr 1.89e-05
step    350 | train_loss 2.8835 | lr 1.88e-05
step    360 | train_loss 2.8133 | lr 1.87e-05
step    370 | train_loss 2.6763 | lr 1.86e-05
step    380 | train_loss 2.7943 | lr 1.85e-05
step    390 | train_loss 2.8978 | lr 1.84e-05
step    400 | train_loss 2.7172 | lr 1.83e-05
step    410 | train_loss 2.7871 | lr 1.82e-05
step    420 | train_loss 2.8988 | lr 1.81e-05
step    430 | train_loss 2.8431 | lr 1.79e-05
step    440 | train_loss 2.7813 | lr 1.78e-05
step    450 | train_loss 3.0272 | lr 1.77e-05
step    456 | val_loss 2.7753 | val_ppl 16.04
step    460 | train_loss 2.6122 | lr 1.76e-05
step    470 | train_loss 3.0012 | lr 1.74e-05
step    480 | train_loss 2.8722 | lr 1.73e-05
step    490 | train_loss 2.8957 | lr 1.72e-05
step    500 | train_loss 2.6644 | lr 1.70e-05
step    510 | train_loss 2.8347 | lr 1.69e-05
step    520 | train_loss 2.8017 | lr 1.68e-05
step    530 | train_loss 2.6039 | lr 1.66e-05
step    540 | train_loss 2.8307 | lr 1.65e-05
step    550 | train_loss 2.7988 | lr 1.63e-05
step    560 | train_loss 2.7786 | lr 1.62e-05
step    570 | train_loss 2.6707 | lr 1.60e-05
step    580 | train_loss 2.8303 | lr 1.58e-05
step    590 | train_loss 2.6642 | lr 1.57e-05
step    600 | train_loss 2.6862 | lr 1.55e-05
step    610 | train_loss 2.7811 | lr 1.54e-05
step    620 | train_loss 2.9049 | lr 1.52e-05
step    630 | train_loss 2.6447 | lr 1.50e-05
step    640 | train_loss 2.8627 | lr 1.48e-05
step    650 | train_loss 2.8532 | lr 1.47e-05
step    660 | train_loss 2.7702 | lr 1.45e-05
step    670 | train_loss 2.7971 | lr 1.43e-05
step    680 | train_loss 2.4547 | lr 1.42e-05
step    684 | val_loss 2.7403 | val_ppl 15.49
step    690 | train_loss 2.8016 | lr 1.40e-05
step    700 | train_loss 2.7351 | lr 1.38e-05
step    710 | train_loss 2.7260 | lr 1.36e-05
step    720 | train_loss 2.7080 | lr 1.34e-05
step    730 | train_loss 2.7753 | lr 1.33e-05
step    740 | train_loss 2.7457 | lr 1.31e-05
step    750 | train_loss 2.6797 | lr 1.29e-05
step    760 | train_loss 2.7148 | lr 1.27e-05
step    770 | train_loss 2.7586 | lr 1.25e-05
step    780 | train_loss 2.7645 | lr 1.23e-05
step    790 | train_loss 3.0550 | lr 1.21e-05
step    800 | train_loss 2.6564 | lr 1.20e-05
step    810 | train_loss 2.7035 | lr 1.18e-05
step    820 | train_loss 2.6117 | lr 1.16e-05
step    830 | train_loss 2.7434 | lr 1.14e-05
step    840 | train_loss 2.6667 | lr 1.12e-05
step    850 | train_loss 2.6989 | lr 1.10e-05
step    860 | train_loss 2.6215 | lr 1.08e-05
step    870 | train_loss 2.4838 | lr 1.06e-05
step    880 | train_loss 2.6570 | lr 1.05e-05
step    890 | train_loss 2.7737 | lr 1.03e-05
step    900 | train_loss 3.0037 | lr 1.01e-05
step    910 | train_loss 2.3587 | lr 9.89e-06
step    912 | val_loss 2.7219 | val_ppl 15.21
step    920 | train_loss 2.6677 | lr 9.70e-06
step    930 | train_loss 2.8264 | lr 9.52e-06
step    940 | train_loss 2.6463 | lr 9.33e-06
step    950 | train_loss 2.9041 | lr 9.15e-06
step    960 | train_loss 3.0825 | lr 8.96e-06
step    970 | train_loss 2.7456 | lr 8.78e-06
step    980 | train_loss 2.7536 | lr 8.60e-06
step    990 | train_loss 2.7828 | lr 8.42e-06
step   1000 | train_loss 2.3985 | lr 8.24e-06
step   1010 | train_loss 2.8028 | lr 8.06e-06
step   1020 | train_loss 2.6405 | lr 7.88e-06
step   1030 | train_loss 2.8959 | lr 7.70e-06
step   1040 | train_loss 2.9581 | lr 7.53e-06
step   1050 | train_loss 2.7528 | lr 7.36e-06
step   1060 | train_loss 2.9362 | lr 7.19e-06
step   1070 | train_loss 2.7276 | lr 7.02e-06
step   1080 | train_loss 2.5502 | lr 6.85e-06
step   1090 | train_loss 2.7501 | lr 6.68e-06
step   1100 | train_loss 2.4877 | lr 6.52e-06
step   1110 | train_loss 2.7653 | lr 6.35e-06
step   1120 | train_loss 2.7093 | lr 6.19e-06
step   1130 | train_loss 2.6484 | lr 6.04e-06
step   1140 | train_loss 2.7045 | lr 5.88e-06
step   1140 | val_loss 2.7096 | val_ppl 15.02
step   1150 | train_loss 2.9959 | lr 5.73e-06
step   1160 | train_loss 2.8724 | lr 5.57e-06
step   1170 | train_loss 2.8675 | lr 5.42e-06
step   1180 | train_loss 2.4278 | lr 5.28e-06
step   1190 | train_loss 2.8205 | lr 5.13e-06
step   1200 | train_loss 2.8642 | lr 4.99e-06
step   1210 | train_loss 2.5035 | lr 4.85e-06
step   1220 | train_loss 2.6950 | lr 4.72e-06
step   1230 | train_loss 2.7563 | lr 4.58e-06
step   1240 | train_loss 2.6862 | lr 4.45e-06
step   1250 | train_loss 2.8656 | lr 4.32e-06
step   1260 | train_loss 2.5702 | lr 4.20e-06
step   1270 | train_loss 2.6605 | lr 4.08e-06
step   1280 | train_loss 2.8062 | lr 3.96e-06
step   1290 | train_loss 2.4876 | lr 3.84e-06
step   1300 | train_loss 3.0289 | lr 3.73e-06
step   1310 | train_loss 2.5925 | lr 3.62e-06
step   1320 | train_loss 2.5431 | lr 3.51e-06
step   1330 | train_loss 3.0104 | lr 3.41e-06
step   1340 | train_loss 2.7230 | lr 3.31e-06
step   1350 | train_loss 2.7651 | lr 3.22e-06
step   1360 | train_loss 2.9892 | lr 3.12e-06
step   1368 | val_loss 2.7010 | val_ppl 14.89
step   1370 | train_loss 2.6537 | lr 3.03e-06
step   1380 | train_loss 2.8213 | lr 2.95e-06
step   1390 | train_loss 2.5274 | lr 2.86e-06
step   1400 | train_loss 2.8586 | lr 2.79e-06
step   1410 | train_loss 2.6422 | lr 2.71e-06
step   1420 | train_loss 2.7720 | lr 2.64e-06
step   1430 | train_loss 2.8247 | lr 2.57e-06
step   1440 | train_loss 2.7837 | lr 2.51e-06
step   1450 | train_loss 2.6498 | lr 2.45e-06
step   1460 | train_loss 2.7651 | lr 2.39e-06
step   1470 | train_loss 2.6787 | lr 2.34e-06
step   1480 | train_loss 2.5795 | lr 2.29e-06
step   1490 | train_loss 2.9260 | lr 2.24e-06
step   1500 | train_loss 2.7880 | lr 2.20e-06
step   1510 | train_loss 2.4532 | lr 2.16e-06
step   1520 | train_loss 2.6597 | lr 2.13e-06
step   1530 | train_loss 2.7676 | lr 2.10e-06
step   1540 | train_loss 2.6383 | lr 2.07e-06
step   1550 | train_loss 2.7939 | lr 2.05e-06
step   1560 | train_loss 2.6064 | lr 2.03e-06
step   1570 | train_loss 2.5282 | lr 2.02e-06
step   1580 | train_loss 2.6798 | lr 2.01e-06
step   1590 | train_loss 2.7941 | lr 2.00e-06
step   1596 | val_loss 2.6984 | val_ppl 14.86
step   1600 | train_loss 2.7841 | lr 2.00e-06
step   1600 | val_loss 2.6983 | val_ppl 14.85
Saved checkpoint to /home/system/projects/AuthLLM/checkpoints/lr_scaling_small9k/alpaca_unpacked_1600_lr2e-05_seed1337/step_1600.pt
