Data: 50,867 train / 1,039 val examples (68 dropped as longer than 512 tokens)
Model: small (29,938,560 parameters), initialized from checkpoints/small/step_9000.pt (step 9000)
step     10 | train_loss 3.3741 | lr 9.00e-06
step     20 | train_loss 2.9555 | lr 1.80e-05
step     30 | train_loss 3.0870 | lr 2.70e-05
step     40 | train_loss 3.2096 | lr 3.60e-05
step     50 | train_loss 3.1343 | lr 4.50e-05
step     60 | train_loss 2.8695 | lr 5.40e-05
step     70 | train_loss 2.6584 | lr 6.30e-05
step     80 | train_loss 2.7445 | lr 7.20e-05
step     90 | train_loss 3.2006 | lr 8.10e-05
step    100 | train_loss 2.9927 | lr 9.00e-05
step    110 | train_loss 3.0868 | lr 9.00e-05
step    120 | train_loss 2.5551 | lr 9.00e-05
step    130 | train_loss 2.7940 | lr 8.99e-05
step    140 | train_loss 2.8299 | lr 8.99e-05
step    150 | train_loss 2.8071 | lr 8.98e-05
step    160 | train_loss 2.7411 | lr 8.97e-05
step    170 | train_loss 2.6760 | lr 8.96e-05
step    180 | train_loss 2.9270 | lr 8.94e-05
step    190 | train_loss 2.9536 | lr 8.93e-05
step    200 | train_loss 2.9715 | lr 8.91e-05
step    210 | train_loss 2.8019 | lr 8.89e-05
step    220 | train_loss 2.8706 | lr 8.87e-05
step    228 | val_loss 2.8778 | val_ppl 17.77
step    230 | train_loss 2.6244 | lr 8.85e-05
step    240 | train_loss 2.6993 | lr 8.83e-05
step    250 | train_loss 2.7163 | lr 8.80e-05
step    260 | train_loss 2.7833 | lr 8.78e-05
step    270 | train_loss 2.7002 | lr 8.75e-05
step    280 | train_loss 2.7774 | lr 8.72e-05
step    290 | train_loss 2.6945 | lr 8.69e-05
step    300 | train_loss 3.2938 | lr 8.65e-05
step    310 | train_loss 2.8278 | lr 8.62e-05
step    320 | train_loss 2.8061 | lr 8.58e-05
step    330 | train_loss 2.6623 | lr 8.54e-05
step    340 | train_loss 3.0759 | lr 8.50e-05
step    350 | train_loss 2.7952 | lr 8.46e-05
step    360 | train_loss 2.8282 | lr 8.42e-05
step    370 | train_loss 2.7240 | lr 8.37e-05
step    380 | train_loss 2.9149 | lr 8.33e-05
step    390 | train_loss 2.7065 | lr 8.28e-05
step    400 | train_loss 2.7636 | lr 8.23e-05
step    410 | train_loss 2.9187 | lr 8.18e-05
step    420 | train_loss 2.7379 | lr 8.13e-05
step    430 | train_loss 2.7092 | lr 8.08e-05
step    440 | train_loss 2.7672 | lr 8.02e-05
step    450 | train_loss 2.7339 | lr 7.97e-05
step    456 | val_loss 2.8419 | val_ppl 17.15
step    460 | train_loss 2.5716 | lr 7.91e-05
step    470 | train_loss 2.7949 | lr 7.85e-05
step    480 | train_loss 2.5347 | lr 7.79e-05
step    490 | train_loss 2.7405 | lr 7.73e-05
step    500 | train_loss 2.7861 | lr 7.67e-05
step    510 | train_loss 2.7298 | lr 7.60e-05
step    520 | train_loss 2.6636 | lr 7.54e-05
step    530 | train_loss 2.6538 | lr 7.47e-05
step    540 | train_loss 2.8577 | lr 7.41e-05
step    550 | train_loss 2.8176 | lr 7.34e-05
step    560 | train_loss 2.4511 | lr 7.27e-05
step    570 | train_loss 2.8997 | lr 7.20e-05
step    580 | train_loss 2.7551 | lr 7.13e-05
step    590 | train_loss 2.6149 | lr 7.06e-05
step    600 | train_loss 2.6867 | lr 6.98e-05
step    610 | train_loss 2.6860 | lr 6.91e-05
step    620 | train_loss 2.5588 | lr 6.83e-05
step    630 | train_loss 2.7680 | lr 6.76e-05
step    640 | train_loss 2.7870 | lr 6.68e-05
step    650 | train_loss 3.0710 | lr 6.61e-05
step    660 | train_loss 2.5409 | lr 6.53e-05
step    670 | train_loss 2.7194 | lr 6.45e-05
step    680 | train_loss 2.7245 | lr 6.37e-05
step    684 | val_loss 2.8271 | val_ppl 16.90
step    690 | train_loss 2.6469 | lr 6.29e-05
step    700 | train_loss 2.5949 | lr 6.21e-05
step    710 | train_loss 2.8297 | lr 6.13e-05
step    720 | train_loss 2.6206 | lr 6.05e-05
step    730 | train_loss 2.8029 | lr 5.97e-05
step    740 | train_loss 2.7419 | lr 5.88e-05
step    750 | train_loss 2.7764 | lr 5.80e-05
step    760 | train_loss 2.8201 | lr 5.72e-05
step    770 | train_loss 2.7511 | lr 5.63e-05
step    780 | train_loss 2.8810 | lr 5.55e-05
step    790 | train_loss 2.8066 | lr 5.47e-05
step    800 | train_loss 2.7212 | lr 5.38e-05
step    810 | train_loss 2.8873 | lr 5.30e-05
step    820 | train_loss 2.9649 | lr 5.21e-05
step    830 | train_loss 2.8177 | lr 5.13e-05
step    840 | train_loss 2.5973 | lr 5.04e-05
step    850 | train_loss 2.9073 | lr 4.96e-05
step    860 | train_loss 3.0021 | lr 4.87e-05
step    870 | train_loss 2.6992 | lr 4.79e-05
step    880 | train_loss 2.8615 | lr 4.70e-05
step    890 | train_loss 2.9204 | lr 4.62e-05
step    900 | train_loss 2.5369 | lr 4.54e-05
step    910 | train_loss 2.7691 | lr 4.45e-05
step    912 | val_loss 2.8111 | val_ppl 16.63
step    920 | train_loss 2.7815 | lr 4.37e-05
step    930 | train_loss 2.9613 | lr 4.28e-05
step    940 | train_loss 2.5449 | lr 4.20e-05
step    950 | train_loss 2.4686 | lr 4.12e-05
step    960 | train_loss 2.8440 | lr 4.03e-05
step    970 | train_loss 2.9457 | lr 3.95e-05
step    980 | train_loss 3.1045 | lr 3.87e-05
step    990 | train_loss 2.6515 | lr 3.79e-05
step   1000 | train_loss 2.8888 | lr 3.71e-05
step   1010 | train_loss 2.8066 | lr 3.63e-05
step   1020 | train_loss 2.8025 | lr 3.55e-05
step   1030 | train_loss 2.8466 | lr 3.47e-05
step   1040 | train_loss 2.7973 | lr 3.39e-05
step   1050 | train_loss 2.7400 | lr 3.31e-05
step   1060 | train_loss 2.5451 | lr 3.23e-05
step   1070 | train_loss 2.4107 | lr 3.16e-05
step   1080 | train_loss 2.5473 | lr 3.08e-05
step   1090 | train_loss 2.7826 | lr 3.01e-05
step   1100 | train_loss 2.6081 | lr 2.93e-05
step   1110 | train_loss 2.8083 | lr 2.86e-05
step   1120 | train_loss 2.7231 | lr 2.79e-05
step   1130 | train_loss 2.8328 | lr 2.72e-05
step   1140 | train_loss 2.5771 | lr 2.65e-05
step   1140 | val_loss 2.7996 | val_ppl 16.44
step   1150 | train_loss 2.8003 | lr 2.58e-05
step   1160 | train_loss 2.6583 | lr 2.51e-05
step   1170 | train_loss 2.7760 | lr 2.44e-05
step   1180 | train_loss 2.6233 | lr 2.37e-05
step   1190 | train_loss 2.9669 | lr 2.31e-05
step   1200 | train_loss 2.7588 | lr 2.25e-05
step   1210 | train_loss 3.0016 | lr 2.18e-05
step   1220 | train_loss 2.7803 | lr 2.12e-05
step   1230 | train_loss 2.8013 | lr 2.06e-05
step   1240 | train_loss 2.5640 | lr 2.00e-05
step   1250 | train_loss 2.5789 | lr 1.95e-05
step   1260 | train_loss 2.7195 | lr 1.89e-05
step   1270 | train_loss 2.7476 | lr 1.83e-05
step   1280 | train_loss 2.7208 | lr 1.78e-05
step   1290 | train_loss 2.5454 | lr 1.73e-05
step   1300 | train_loss 2.5095 | lr 1.68e-05
step   1310 | train_loss 2.4397 | lr 1.63e-05
step   1320 | train_loss 2.6450 | lr 1.58e-05
step   1330 | train_loss 2.9036 | lr 1.54e-05
step   1340 | train_loss 2.7189 | lr 1.49e-05
step   1350 | train_loss 2.7100 | lr 1.45e-05
step   1360 | train_loss 2.6784 | lr 1.41e-05
step   1368 | val_loss 2.7903 | val_ppl 16.29
step   1370 | train_loss 2.9516 | lr 1.36e-05
step   1380 | train_loss 2.5633 | lr 1.33e-05
step   1390 | train_loss 2.6910 | lr 1.29e-05
step   1400 | train_loss 2.8595 | lr 1.25e-05
step   1410 | train_loss 2.7359 | lr 1.22e-05
step   1420 | train_loss 2.6504 | lr 1.19e-05
step   1430 | train_loss 2.6046 | lr 1.16e-05
step   1440 | train_loss 2.5302 | lr 1.13e-05
step   1450 | train_loss 2.6917 | lr 1.10e-05
step   1460 | train_loss 2.8577 | lr 1.08e-05
step   1470 | train_loss 2.5738 | lr 1.05e-05
step   1480 | train_loss 2.9117 | lr 1.03e-05
step   1490 | train_loss 2.8033 | lr 1.01e-05
step   1500 | train_loss 2.8037 | lr 9.90e-06
step   1510 | train_loss 2.9106 | lr 9.73e-06
step   1520 | train_loss 2.5908 | lr 9.58e-06
step   1530 | train_loss 2.6363 | lr 9.45e-06
step   1540 | train_loss 2.7730 | lr 9.33e-06
step   1550 | train_loss 2.6544 | lr 9.23e-06
step   1560 | train_loss 2.7005 | lr 9.15e-06
step   1570 | train_loss 2.6628 | lr 9.09e-06
step   1580 | train_loss 2.3744 | lr 9.04e-06
step   1590 | train_loss 2.7234 | lr 9.01e-06
step   1596 | val_loss 2.7854 | val_ppl 16.21
step   1600 | train_loss 2.2412 | lr 9.00e-06
step   1600 | val_loss 2.7854 | val_ppl 16.21
Saved checkpoint to /home/system/projects/AuthLLM/checkpoints/lr_scaling_small9k/alpaca_unpacked_1600_lr9e-05_seed1339/step_1600.pt
