Data: 50,868 train / 1,038 val examples (68 dropped as longer than 512 tokens)
Packing: 50,868 examples into 11,220 windows (4.5 per window, 98.8% of positions used)
Model: small (29,938,560 parameters), initialized from checkpoints/small/step_9000.pt (step 9000)
step     10 | train_loss 3.0021 | lr 1.14e-04
step     20 | train_loss 2.9295 | lr 2.27e-04
step     30 | train_loss 2.7576 | lr 2.50e-04
step     40 | train_loss 2.7661 | lr 2.49e-04
step     50 | train_loss 2.7065 | lr 2.46e-04
step     50 | val_loss 2.7711 | val_ppl 15.98
step     60 | train_loss 2.7578 | lr 2.43e-04
step     70 | train_loss 2.7343 | lr 2.39e-04
step     80 | train_loss 2.7902 | lr 2.34e-04
step     90 | train_loss 2.6999 | lr 2.28e-04
step    100 | train_loss 2.8086 | lr 2.21e-04
step    100 | val_loss 2.6931 | val_ppl 14.78
step    110 | train_loss 2.7718 | lr 2.13e-04
step    120 | train_loss 2.7114 | lr 2.05e-04
step    130 | train_loss 2.7058 | lr 1.96e-04
step    140 | train_loss 2.7033 | lr 1.86e-04
step    150 | train_loss 2.6511 | lr 1.77e-04
step    150 | val_loss 2.6459 | val_ppl 14.10
step    160 | train_loss 2.6726 | lr 1.66e-04
step    170 | train_loss 2.6198 | lr 1.56e-04
step    180 | train_loss 2.6537 | lr 1.45e-04
step    190 | train_loss 2.6123 | lr 1.34e-04
step    200 | train_loss 2.7490 | lr 1.24e-04
step    200 | val_loss 2.6059 | val_ppl 13.54
step    210 | train_loss 2.6230 | lr 1.13e-04
step    220 | train_loss 2.3764 | lr 1.03e-04
step    230 | train_loss 2.6338 | lr 9.25e-05
step    240 | train_loss 2.6090 | lr 8.28e-05
step    250 | train_loss 2.5651 | lr 7.37e-05
step    250 | val_loss 2.5797 | val_ppl 13.19
step    260 | train_loss 2.6093 | lr 6.51e-05
step    270 | train_loss 2.6899 | lr 5.72e-05
step    280 | train_loss 2.6102 | lr 5.00e-05
step    290 | train_loss 2.5312 | lr 4.37e-05
step    300 | train_loss 2.5676 | lr 3.82e-05
step    300 | val_loss 2.5580 | val_ppl 12.91
step    310 | train_loss 2.5659 | lr 3.36e-05
step    320 | train_loss 2.4863 | lr 2.99e-05
step    330 | train_loss 2.8242 | lr 2.73e-05
step    340 | train_loss 2.5032 | lr 2.56e-05
step    350 | train_loss 2.5320 | lr 2.50e-05
step    350 | val_loss 2.5479 | val_ppl 12.78
Saved checkpoint to /home/system/projects/AuthLLM/checkpoints/lr_scaling_small9k/alpaca_packed_350_lr0.00025_seed1337/step_350.pt
