Data: 16,956 train / 346 val examples (0 dropped as longer than 512 tokens)
Model: small (29,938,560 parameters), initialized from checkpoints/small/step_9000.pt (step 9000)
step     10 | train_loss 3.0864 | lr 4.55e-05
step     20 | train_loss 2.9858 | lr 9.09e-05
step     30 | train_loss 2.9909 | lr 1.36e-04
step     40 | train_loss 2.7936 | lr 1.50e-04
step     50 | train_loss 2.9286 | lr 1.50e-04
step     60 | train_loss 2.9068 | lr 1.49e-04
step     70 | train_loss 2.8667 | lr 1.48e-04
step     75 | val_loss 2.9017 | val_ppl 18.21
step     80 | train_loss 2.8747 | lr 1.47e-04
step     90 | train_loss 2.8695 | lr 1.46e-04
step    100 | train_loss 2.6710 | lr 1.44e-04
step    110 | train_loss 2.9359 | lr 1.42e-04
step    120 | train_loss 2.7969 | lr 1.40e-04
step    130 | train_loss 2.8332 | lr 1.38e-04
step    140 | train_loss 2.9371 | lr 1.35e-04
step    150 | train_loss 2.7019 | lr 1.33e-04
step    150 | val_loss 2.8570 | val_ppl 17.41
step    160 | train_loss 2.8131 | lr 1.30e-04
step    170 | train_loss 2.9614 | lr 1.27e-04
step    180 | train_loss 2.6979 | lr 1.23e-04
step    190 | train_loss 2.9054 | lr 1.20e-04
step    200 | train_loss 2.7630 | lr 1.16e-04
step    210 | train_loss 2.4471 | lr 1.12e-04
step    220 | train_loss 2.6606 | lr 1.08e-04
step    225 | val_loss 2.8309 | val_ppl 16.96
step    230 | train_loss 2.8082 | lr 1.04e-04
step    240 | train_loss 2.6564 | lr 1.00e-04
step    250 | train_loss 2.7418 | lr 9.63e-05
step    260 | train_loss 2.9596 | lr 9.21e-05
step    270 | train_loss 2.8097 | lr 8.78e-05
step    280 | train_loss 2.7788 | lr 8.36e-05
step    290 | train_loss 2.8502 | lr 7.93e-05
step    300 | train_loss 2.8883 | lr 7.50e-05
step    300 | val_loss 2.8040 | val_ppl 16.51
step    310 | train_loss 2.6023 | lr 7.08e-05
step    320 | train_loss 2.7372 | lr 6.66e-05
step    330 | train_loss 2.8889 | lr 6.25e-05
step    340 | train_loss 2.8401 | lr 5.85e-05
step    350 | train_loss 2.7884 | lr 5.46e-05
step    360 | train_loss 2.8098 | lr 5.07e-05
step    370 | train_loss 2.9672 | lr 4.70e-05
step    375 | val_loss 2.7850 | val_ppl 16.20
step    380 | train_loss 2.7164 | lr 4.35e-05
step    390 | train_loss 2.6958 | lr 4.01e-05
step    400 | train_loss 2.8271 | lr 3.68e-05
step    410 | train_loss 2.6771 | lr 3.38e-05
step    420 | train_loss 2.6684 | lr 3.09e-05
step    430 | train_loss 3.2168 | lr 2.83e-05
step    440 | train_loss 2.7335 | lr 2.59e-05
step    450 | train_loss 2.8972 | lr 2.37e-05
step    450 | val_loss 2.7668 | val_ppl 15.91
step    460 | train_loss 2.6900 | lr 2.17e-05
step    470 | train_loss 2.6001 | lr 2.00e-05
step    480 | train_loss 2.2276 | lr 1.85e-05
step    490 | train_loss 2.7773 | lr 1.73e-05
step    500 | train_loss 2.5923 | lr 1.63e-05
step    510 | train_loss 2.8060 | lr 1.56e-05
step    520 | train_loss 2.7793 | lr 1.52e-05
step    525 | val_loss 2.7565 | val_ppl 15.75
step    530 | train_loss 2.7675 | lr 1.50e-05
step    530 | val_loss 2.7554 | val_ppl 15.73
Saved checkpoint to /home/system/projects/AuthLLM/checkpoints/lr_scaling_small9k/alpaca_third_unpacked_530_lr0.00015_seed1338/step_530.pt
