Data: 50,869 train / 1,037 val examples (68 dropped as longer than 512 tokens)
Packing: 50,869 examples into 11,220 windows (4.5 per window, 98.8% of positions used)
Model: small (29,938,560 parameters), initialized from checkpoints/small/step_9000.pt (step 9000)
step     10 | train_loss 2.8375 | lr 2.73e-04
step     20 | train_loss 2.8591 | lr 5.45e-04
step     30 | train_loss 2.9080 | lr 5.99e-04
step     40 | train_loss 2.8655 | lr 5.96e-04
step     50 | train_loss 2.7701 | lr 5.91e-04
step     50 | val_loss 2.8326 | val_ppl 16.99
step     60 | train_loss 2.9544 | lr 5.83e-04
step     70 | train_loss 2.8512 | lr 5.73e-04
step     80 | train_loss 2.8722 | lr 5.61e-04
step     90 | train_loss 2.9269 | lr 5.46e-04
step    100 | train_loss 2.8497 | lr 5.30e-04
step    100 | val_loss 2.7555 | val_ppl 15.73
step    110 | train_loss 2.8720 | lr 5.12e-04
step    120 | train_loss 2.7910 | lr 4.92e-04
step    130 | train_loss 2.7972 | lr 4.70e-04
step    140 | train_loss 2.7849 | lr 4.47e-04
step    150 | train_loss 2.7771 | lr 4.24e-04
step    150 | val_loss 2.6956 | val_ppl 14.81
step    160 | train_loss 2.7012 | lr 3.99e-04
step    170 | train_loss 2.5938 | lr 3.74e-04
step    180 | train_loss 2.7043 | lr 3.48e-04
step    190 | train_loss 2.6504 | lr 3.22e-04
step    200 | train_loss 2.5890 | lr 2.96e-04
step    200 | val_loss 2.6173 | val_ppl 13.70
step    210 | train_loss 2.6536 | lr 2.71e-04
step    220 | train_loss 2.6472 | lr 2.46e-04
step    230 | train_loss 2.5785 | lr 2.22e-04
step    240 | train_loss 2.6196 | lr 1.99e-04
step    250 | train_loss 2.6277 | lr 1.77e-04
step    250 | val_loss 2.5636 | val_ppl 12.98
step    260 | train_loss 2.6192 | lr 1.56e-04
step    270 | train_loss 2.5596 | lr 1.37e-04
step    280 | train_loss 2.6563 | lr 1.20e-04
step    290 | train_loss 2.5377 | lr 1.05e-04
step    300 | train_loss 2.6222 | lr 9.16e-05
step    300 | val_loss 2.5221 | val_ppl 12.45
step    310 | train_loss 2.6680 | lr 8.06e-05
step    320 | train_loss 2.6661 | lr 7.18e-05
step    330 | train_loss 2.6244 | lr 6.54e-05
step    340 | train_loss 2.6892 | lr 6.15e-05
step    350 | train_loss 2.5113 | lr 6.00e-05
step    350 | val_loss 2.4997 | val_ppl 12.18
Saved checkpoint to /home/system/projects/AuthLLM/checkpoints/lr_scaling_small9k/alpaca_packed_350_lr0.0006_seed1338/step_350.pt
