Data: 16,956 train / 346 val examples (0 dropped as longer than 512 tokens)
Model: small (29,938,560 parameters), initialized from checkpoints/small/step_9000.pt (step 9000)
step     10 | train_loss 3.1307 | lr 1.21e-04
step     20 | train_loss 2.9755 | lr 2.42e-04
step     30 | train_loss 2.8189 | lr 3.64e-04
step     40 | train_loss 3.0980 | lr 4.00e-04
step     50 | train_loss 3.0162 | lr 3.99e-04
step     60 | train_loss 3.0076 | lr 3.98e-04
step     70 | train_loss 3.1620 | lr 3.95e-04
step     75 | val_loss 3.0393 | val_ppl 20.89
step     80 | train_loss 3.0641 | lr 3.92e-04
step     90 | train_loss 2.9915 | lr 3.89e-04
step    100 | train_loss 2.8913 | lr 3.85e-04
step    110 | train_loss 2.8892 | lr 3.80e-04
step    120 | train_loss 2.8106 | lr 3.74e-04
step    130 | train_loss 3.1339 | lr 3.68e-04
step    140 | train_loss 3.3258 | lr 3.61e-04
step    150 | train_loss 2.8267 | lr 3.54e-04
step    150 | val_loss 3.0359 | val_ppl 20.82
step    160 | train_loss 3.1338 | lr 3.46e-04
step    170 | train_loss 3.1621 | lr 3.37e-04
step    180 | train_loss 3.0488 | lr 3.29e-04
step    190 | train_loss 2.7865 | lr 3.19e-04
step    200 | train_loss 3.1866 | lr 3.10e-04
step    210 | train_loss 3.0208 | lr 3.00e-04
step    220 | train_loss 3.1176 | lr 2.89e-04
step    225 | val_loss 2.9997 | val_ppl 20.08
step    230 | train_loss 2.9329 | lr 2.79e-04
step    240 | train_loss 3.0339 | lr 2.68e-04
step    250 | train_loss 3.0686 | lr 2.57e-04
step    260 | train_loss 3.0327 | lr 2.46e-04
step    270 | train_loss 3.0092 | lr 2.34e-04
step    280 | train_loss 2.8944 | lr 2.23e-04
step    290 | train_loss 3.1202 | lr 2.11e-04
step    300 | train_loss 2.9719 | lr 2.00e-04
step    300 | val_loss 2.9558 | val_ppl 19.22
step    310 | train_loss 3.2666 | lr 1.89e-04
step    320 | train_loss 2.8813 | lr 1.78e-04
step    330 | train_loss 3.1152 | lr 1.67e-04
step    340 | train_loss 2.9251 | lr 1.56e-04
step    350 | train_loss 3.1518 | lr 1.46e-04
step    360 | train_loss 2.8298 | lr 1.35e-04
step    370 | train_loss 3.0440 | lr 1.25e-04
step    375 | val_loss 2.9065 | val_ppl 18.29
step    380 | train_loss 3.2997 | lr 1.16e-04
step    390 | train_loss 2.7475 | lr 1.07e-04
step    400 | train_loss 2.6291 | lr 9.83e-05
step    410 | train_loss 2.7192 | lr 9.01e-05
step    420 | train_loss 2.8169 | lr 8.25e-05
step    430 | train_loss 3.0621 | lr 7.55e-05
step    440 | train_loss 2.7252 | lr 6.90e-05
step    450 | train_loss 2.8483 | lr 6.31e-05
step    450 | val_loss 2.8643 | val_ppl 17.54
step    460 | train_loss 3.2761 | lr 5.78e-05
step    470 | train_loss 2.6521 | lr 5.32e-05
step    480 | train_loss 3.0743 | lr 4.93e-05
step    490 | train_loss 2.7485 | lr 4.60e-05
step    500 | train_loss 3.1783 | lr 4.34e-05
step    510 | train_loss 2.8735 | lr 4.16e-05
step    520 | train_loss 3.0200 | lr 4.04e-05
step    525 | val_loss 2.8441 | val_ppl 17.19
step    530 | train_loss 2.6577 | lr 4.00e-05
step    530 | val_loss 2.8438 | val_ppl 17.18
Saved checkpoint to /home/system/projects/AuthLLM/checkpoints/lr_scaling_small9k/alpaca_third_unpacked_530_lr0.0004_seed1337/step_530.pt
