Data: 16,956 train / 346 val examples (0 dropped as longer than 512 tokens)
Packing: 16,956 examples into 3,761 windows (4.5 per window, 98.7% of positions used)
Model: small (29,938,560 parameters), initialized from checkpoints/small/step_9000.pt (step 9000)
step     10 | train_loss 2.9333 | lr 1.50e-04
step     16 | val_loss 2.9240 | val_ppl 18.62
step     20 | train_loss 2.8956 | lr 1.46e-04
step     30 | train_loss 2.7655 | lr 1.37e-04
step     32 | val_loss 2.8399 | val_ppl 17.11
step     40 | train_loss 2.8629 | lr 1.24e-04
step     48 | val_loss 2.7942 | val_ppl 16.35
step     50 | train_loss 2.6768 | lr 1.08e-04
step     60 | train_loss 2.6529 | lr 8.92e-05
step     64 | val_loss 2.7619 | val_ppl 15.83
step     70 | train_loss 2.7971 | lr 7.02e-05
step     80 | train_loss 2.8473 | lr 5.21e-05
step     80 | val_loss 2.7405 | val_ppl 15.49
step     90 | train_loss 2.7447 | lr 3.65e-05
step     96 | val_loss 2.7250 | val_ppl 15.26
step    100 | train_loss 2.7604 | lr 2.45e-05
step    110 | train_loss 2.7883 | lr 1.72e-05
step    112 | val_loss 2.7159 | val_ppl 15.12
step    118 | train_loss 2.6286 | lr 1.50e-05
step    118 | val_loss 2.7142 | val_ppl 15.09
Saved checkpoint to /home/system/projects/AuthLLM/checkpoints/lr_scaling_small9k/alpaca_third_packed_118_lr0.00015_seed1339/step_118.pt
