Data: 16,956 train / 346 val examples (0 dropped as longer than 512 tokens)
Packing: 16,956 examples into 3,763 windows (4.5 per window, 98.7% of positions used)
Model: small (29,938,560 parameters), initialized from checkpoints/small/step_9000.pt (step 9000)
step     10 | train_loss 3.1578 | lr 6.00e-05
step     16 | val_loss 2.8984 | val_ppl 18.15
step     20 | train_loss 2.9414 | lr 5.85e-05
step     30 | train_loss 3.0038 | lr 5.49e-05
step     32 | val_loss 2.8273 | val_ppl 16.90
step     40 | train_loss 2.8490 | lr 4.97e-05
step     48 | val_loss 2.7896 | val_ppl 16.27
step     50 | train_loss 2.8601 | lr 4.31e-05
step     60 | train_loss 2.8549 | lr 3.57e-05
step     64 | val_loss 2.7674 | val_ppl 15.92
step     70 | train_loss 2.7748 | lr 2.81e-05
step     80 | train_loss 2.8323 | lr 2.08e-05
step     80 | val_loss 2.7532 | val_ppl 15.69
step     90 | train_loss 2.7347 | lr 1.46e-05
step     96 | val_loss 2.7445 | val_ppl 15.56
step    100 | train_loss 2.7930 | lr 9.81e-06
step    110 | train_loss 2.7177 | lr 6.87e-06
step    112 | val_loss 2.7395 | val_ppl 15.48
step    118 | train_loss 2.8129 | lr 6.01e-06
step    118 | val_loss 2.7384 | val_ppl 15.46
Saved checkpoint to /home/system/projects/AuthLLM/checkpoints/lr_scaling_small9k/alpaca_third_packed_118_lr6e-05_seed1337/step_118.pt
