Data: 16,956 train / 346 val examples (0 dropped as longer than 512 tokens)
Model: small (29,938,560 parameters), initialized from checkpoints/small/step_9000.pt (step 9000)
step     10 | train_loss 3.1223 | lr 7.58e-05
step     20 | train_loss 2.9671 | lr 1.52e-04
step     30 | train_loss 2.7971 | lr 2.27e-04
step     40 | train_loss 3.0220 | lr 2.50e-04
step     50 | train_loss 2.9288 | lr 2.49e-04
step     60 | train_loss 2.9111 | lr 2.48e-04
step     70 | train_loss 3.0381 | lr 2.47e-04
step     75 | val_loss 2.9086 | val_ppl 18.33
step     80 | train_loss 2.9606 | lr 2.45e-04
step     90 | train_loss 2.8679 | lr 2.43e-04
step    100 | train_loss 2.7717 | lr 2.40e-04
step    110 | train_loss 2.7828 | lr 2.37e-04
step    120 | train_loss 2.6777 | lr 2.34e-04
step    130 | train_loss 2.9949 | lr 2.30e-04
step    140 | train_loss 3.1657 | lr 2.26e-04
step    150 | train_loss 2.7030 | lr 2.21e-04
step    150 | val_loss 2.8885 | val_ppl 17.97
step    160 | train_loss 3.0031 | lr 2.16e-04
step    170 | train_loss 3.0098 | lr 2.11e-04
step    180 | train_loss 2.8975 | lr 2.05e-04
step    190 | train_loss 2.6796 | lr 2.00e-04
step    200 | train_loss 3.0552 | lr 1.94e-04
step    210 | train_loss 2.8795 | lr 1.87e-04
step    220 | train_loss 2.9478 | lr 1.81e-04
step    225 | val_loss 2.8547 | val_ppl 17.37
step    230 | train_loss 2.8242 | lr 1.74e-04
step    240 | train_loss 2.8784 | lr 1.67e-04
step    250 | train_loss 2.9517 | lr 1.60e-04
step    260 | train_loss 2.9019 | lr 1.53e-04
step    270 | train_loss 2.8697 | lr 1.46e-04
step    280 | train_loss 2.7657 | lr 1.39e-04
step    290 | train_loss 3.0013 | lr 1.32e-04
step    300 | train_loss 2.8491 | lr 1.25e-04
step    300 | val_loss 2.8273 | val_ppl 16.90
step    310 | train_loss 3.1495 | lr 1.18e-04
step    320 | train_loss 2.7639 | lr 1.11e-04
step    330 | train_loss 2.9706 | lr 1.04e-04
step    340 | train_loss 2.8186 | lr 9.75e-05
step    350 | train_loss 3.0518 | lr 9.09e-05
step    360 | train_loss 2.7373 | lr 8.46e-05
step    370 | train_loss 2.9326 | lr 7.84e-05
step    375 | val_loss 2.7979 | val_ppl 16.41
step    380 | train_loss 3.1867 | lr 7.25e-05
step    390 | train_loss 2.6658 | lr 6.68e-05
step    400 | train_loss 2.5427 | lr 6.14e-05
step    410 | train_loss 2.6548 | lr 5.63e-05
step    420 | train_loss 2.7518 | lr 5.16e-05
step    430 | train_loss 2.9552 | lr 4.72e-05
step    440 | train_loss 2.6404 | lr 4.31e-05
step    450 | train_loss 2.7574 | lr 3.94e-05
step    450 | val_loss 2.7719 | val_ppl 15.99
step    460 | train_loss 3.1275 | lr 3.61e-05
step    470 | train_loss 2.5728 | lr 3.33e-05
step    480 | train_loss 2.9988 | lr 3.08e-05
step    490 | train_loss 2.7059 | lr 2.88e-05
step    500 | train_loss 3.0838 | lr 2.72e-05
step    510 | train_loss 2.7858 | lr 2.60e-05
step    520 | train_loss 2.9219 | lr 2.53e-05
step    525 | val_loss 2.7591 | val_ppl 15.79
step    530 | train_loss 2.5815 | lr 2.50e-05
step    530 | val_loss 2.7587 | val_ppl 15.78
Saved checkpoint to /home/system/projects/AuthLLM/checkpoints/lr_scaling_small9k/alpaca_third_unpacked_530_lr0.00025_seed1337/step_530.pt
