Data: 16,956 train / 346 val examples (0 dropped as longer than 512 tokens)
Model: small (29,938,560 parameters), initialized from checkpoints/small/step_9000.pt (step 9000)
step     10 | train_loss 3.2162 | lr 2.73e-05
step     20 | train_loss 2.8923 | lr 5.45e-05
step     30 | train_loss 2.9084 | lr 8.18e-05
step     40 | train_loss 3.1349 | lr 9.00e-05
step     50 | train_loss 3.1122 | lr 8.98e-05
step     60 | train_loss 3.0477 | lr 8.95e-05
step     70 | train_loss 2.8889 | lr 8.90e-05
step     75 | val_loss 2.8920 | val_ppl 18.03
step     80 | train_loss 2.7621 | lr 8.83e-05
step     90 | train_loss 2.8859 | lr 8.75e-05
step    100 | train_loss 2.8793 | lr 8.65e-05
step    110 | train_loss 2.6803 | lr 8.54e-05
step    120 | train_loss 2.5648 | lr 8.42e-05
step    130 | train_loss 3.0099 | lr 8.28e-05
step    140 | train_loss 2.7108 | lr 8.12e-05
step    150 | train_loss 3.0034 | lr 7.96e-05
step    150 | val_loss 2.8313 | val_ppl 16.97
step    160 | train_loss 2.9609 | lr 7.78e-05
step    170 | train_loss 2.8128 | lr 7.59e-05
step    180 | train_loss 2.7274 | lr 7.39e-05
step    190 | train_loss 2.9576 | lr 7.19e-05
step    200 | train_loss 3.0730 | lr 6.97e-05
step    210 | train_loss 2.7238 | lr 6.74e-05
step    220 | train_loss 2.9032 | lr 6.51e-05
step    225 | val_loss 2.7922 | val_ppl 16.32
step    230 | train_loss 2.7318 | lr 6.27e-05
step    240 | train_loss 2.9852 | lr 6.02e-05
step    250 | train_loss 2.5461 | lr 5.78e-05
step    260 | train_loss 2.6796 | lr 5.52e-05
step    270 | train_loss 2.6855 | lr 5.27e-05
step    280 | train_loss 2.6788 | lr 5.01e-05
step    290 | train_loss 2.7434 | lr 4.76e-05
step    300 | train_loss 2.6485 | lr 4.50e-05
step    300 | val_loss 2.7674 | val_ppl 15.92
step    310 | train_loss 2.5820 | lr 4.25e-05
step    320 | train_loss 2.8332 | lr 4.00e-05
step    330 | train_loss 2.8228 | lr 3.75e-05
step    340 | train_loss 2.9581 | lr 3.51e-05
step    350 | train_loss 2.7160 | lr 3.27e-05
step    360 | train_loss 2.6918 | lr 3.04e-05
step    370 | train_loss 2.8406 | lr 2.82e-05
step    375 | val_loss 2.7532 | val_ppl 15.69
step    380 | train_loss 2.7685 | lr 2.61e-05
step    390 | train_loss 3.0549 | lr 2.40e-05
step    400 | train_loss 2.5306 | lr 2.21e-05
step    410 | train_loss 2.5566 | lr 2.03e-05
step    420 | train_loss 2.8463 | lr 1.86e-05
step    430 | train_loss 2.8627 | lr 1.70e-05
step    440 | train_loss 3.0525 | lr 1.55e-05
step    450 | train_loss 2.6932 | lr 1.42e-05
step    450 | val_loss 2.7395 | val_ppl 15.48
step    460 | train_loss 2.6064 | lr 1.30e-05
step    470 | train_loss 2.7520 | lr 1.20e-05
step    480 | train_loss 2.7811 | lr 1.11e-05
step    490 | train_loss 2.7778 | lr 1.04e-05
step    500 | train_loss 2.6346 | lr 9.78e-06
step    510 | train_loss 2.6914 | lr 9.36e-06
step    520 | train_loss 2.6608 | lr 9.10e-06
step    525 | val_loss 2.7330 | val_ppl 15.38
step    530 | train_loss 2.8681 | lr 9.00e-06
step    530 | val_loss 2.7328 | val_ppl 15.38
Saved checkpoint to /home/system/projects/AuthLLM/checkpoints/lr_scaling_small9k/alpaca_third_unpacked_530_lr9e-05_seed1339/step_530.pt
