Data: 16,956 train / 346 val examples (0 dropped as longer than 512 tokens)
Model: small (29,938,560 parameters), initialized from checkpoints/small/step_9000.pt (step 9000)
step     10 | train_loss 3.3437 | lr 3.03e-06
step     20 | train_loss 3.1764 | lr 6.06e-06
step     30 | train_loss 2.9384 | lr 9.09e-06
step     40 | train_loss 3.1306 | lr 1.00e-05
step     50 | train_loss 2.9906 | lr 9.98e-06
step     60 | train_loss 2.9625 | lr 9.94e-06
step     70 | train_loss 3.0372 | lr 9.88e-06
step     75 | val_loss 2.9379 | val_ppl 18.88
step     80 | train_loss 3.1122 | lr 9.81e-06
step     90 | train_loss 2.9033 | lr 9.72e-06
step    100 | train_loss 2.8078 | lr 9.61e-06
step    110 | train_loss 2.7722 | lr 9.49e-06
step    120 | train_loss 2.7329 | lr 9.35e-06
step    130 | train_loss 3.0043 | lr 9.20e-06
step    140 | train_loss 3.1486 | lr 9.03e-06
step    150 | train_loss 2.7226 | lr 8.84e-06
step    150 | val_loss 2.8844 | val_ppl 17.89
step    160 | train_loss 3.0864 | lr 8.65e-06
step    170 | train_loss 3.0038 | lr 8.44e-06
step    180 | train_loss 2.9005 | lr 8.22e-06
step    190 | train_loss 2.7605 | lr 7.98e-06
step    200 | train_loss 3.0360 | lr 7.74e-06
step    210 | train_loss 2.8492 | lr 7.49e-06
step    220 | train_loss 2.9137 | lr 7.23e-06
step    225 | val_loss 2.8565 | val_ppl 17.40
step    230 | train_loss 2.9952 | lr 6.97e-06
step    240 | train_loss 2.8038 | lr 6.69e-06
step    250 | train_loss 2.9621 | lr 6.42e-06
step    260 | train_loss 2.9006 | lr 6.14e-06
step    270 | train_loss 2.9309 | lr 5.86e-06
step    280 | train_loss 2.8327 | lr 5.57e-06
step    290 | train_loss 3.0401 | lr 5.29e-06
step    300 | train_loss 2.8562 | lr 5.00e-06
step    300 | val_loss 2.8384 | val_ppl 17.09
step    310 | train_loss 3.2527 | lr 4.72e-06
step    320 | train_loss 2.7751 | lr 4.44e-06
step    330 | train_loss 2.9172 | lr 4.17e-06
step    340 | train_loss 2.8205 | lr 3.90e-06
step    350 | train_loss 3.1388 | lr 3.64e-06
step    360 | train_loss 2.7694 | lr 3.38e-06
step    370 | train_loss 2.9683 | lr 3.14e-06
step    375 | val_loss 2.8279 | val_ppl 16.91
step    380 | train_loss 3.2251 | lr 2.90e-06
step    390 | train_loss 2.6481 | lr 2.67e-06
step    400 | train_loss 2.6416 | lr 2.46e-06
step    410 | train_loss 2.8182 | lr 2.25e-06
step    420 | train_loss 2.8242 | lr 2.06e-06
step    430 | train_loss 2.9790 | lr 1.89e-06
step    440 | train_loss 2.7281 | lr 1.72e-06
step    450 | train_loss 2.8318 | lr 1.58e-06
step    450 | val_loss 2.8223 | val_ppl 16.82
step    460 | train_loss 3.0350 | lr 1.45e-06
step    470 | train_loss 2.6781 | lr 1.33e-06
step    480 | train_loss 3.0388 | lr 1.23e-06
step    490 | train_loss 2.8575 | lr 1.15e-06
step    500 | train_loss 3.0774 | lr 1.09e-06
step    510 | train_loss 2.8655 | lr 1.04e-06
step    520 | train_loss 2.8941 | lr 1.01e-06
step    525 | val_loss 2.8197 | val_ppl 16.77
step    530 | train_loss 2.5847 | lr 1.00e-06
step    530 | val_loss 2.8196 | val_ppl 16.77
Saved checkpoint to /home/system/projects/AuthLLM/checkpoints/lr_scaling_small9k/alpaca_third_unpacked_530_lr1e-05_seed1337/step_530.pt
