Data: 50,868 train / 1,038 val examples (68 dropped as longer than 512 tokens)
Packing: 50,868 examples into 11,220 windows (4.5 per window, 98.8% of positions used)
Model: small (29,938,560 parameters), initialized from checkpoints/small/step_9000.pt (step 9000)
step     10 | train_loss 3.2197 | lr 4.55e-06
step     20 | train_loss 3.1499 | lr 9.09e-06
step     30 | train_loss 2.9729 | lr 9.99e-06
step     40 | train_loss 2.9215 | lr 9.94e-06
step     50 | train_loss 2.8764 | lr 9.85e-06
step     50 | val_loss 2.9645 | val_ppl 19.38
step     60 | train_loss 2.9660 | lr 9.72e-06
step     70 | train_loss 2.9372 | lr 9.55e-06
step     80 | train_loss 2.9679 | lr 9.35e-06
step     90 | train_loss 2.8639 | lr 9.10e-06
step    100 | train_loss 3.0007 | lr 8.83e-06
step    100 | val_loss 2.8965 | val_ppl 18.11
step    110 | train_loss 2.9419 | lr 8.53e-06
step    120 | train_loss 2.9203 | lr 8.19e-06
step    130 | train_loss 2.8669 | lr 7.84e-06
step    140 | train_loss 2.8578 | lr 7.46e-06
step    150 | train_loss 2.8685 | lr 7.06e-06
step    150 | val_loss 2.8639 | val_ppl 17.53
step    160 | train_loss 2.8573 | lr 6.65e-06
step    170 | train_loss 2.8721 | lr 6.23e-06
step    180 | train_loss 2.8812 | lr 5.80e-06
step    190 | train_loss 2.8663 | lr 5.37e-06
step    200 | train_loss 2.9662 | lr 4.94e-06
step    200 | val_loss 2.8441 | val_ppl 17.19
step    210 | train_loss 2.8526 | lr 4.52e-06
step    220 | train_loss 2.7216 | lr 4.10e-06
step    230 | train_loss 2.8744 | lr 3.70e-06
step    240 | train_loss 2.8148 | lr 3.31e-06
step    250 | train_loss 2.8879 | lr 2.95e-06
step    250 | val_loss 2.8323 | val_ppl 16.98
step    260 | train_loss 2.8688 | lr 2.60e-06
step    270 | train_loss 2.9529 | lr 2.29e-06
step    280 | train_loss 2.9076 | lr 2.00e-06
step    290 | train_loss 2.8096 | lr 1.75e-06
step    300 | train_loss 2.8418 | lr 1.53e-06
step    300 | val_loss 2.8262 | val_ppl 16.88
step    310 | train_loss 2.9002 | lr 1.34e-06
step    320 | train_loss 2.7643 | lr 1.20e-06
step    330 | train_loss 3.0650 | lr 1.09e-06
step    340 | train_loss 2.7304 | lr 1.02e-06
step    350 | train_loss 2.8031 | lr 1.00e-06
step    350 | val_loss 2.8233 | val_ppl 16.83
Saved checkpoint to /home/system/projects/AuthLLM/checkpoints/lr_scaling_small9k/alpaca_packed_350_lr1e-05_seed1337/step_350.pt
