Data: 16,956 train / 346 val examples (0 dropped as longer than 512 tokens)
Model: medium (123,587,328 parameters), initialized from /home/system/projects/AuthLLM/checkpoints/medium/step_20000.pt (step 20000)
step     10 | train_loss 2.4411 | lr 7.58e-05
step     20 | train_loss 2.1220 | lr 1.52e-04
step     30 | train_loss 2.2020 | lr 2.27e-04
step     40 | train_loss 2.2773 | lr 2.50e-04
step     50 | train_loss 2.1655 | lr 2.49e-04
step     60 | train_loss 2.5941 | lr 2.48e-04
step     70 | train_loss 2.3958 | lr 2.47e-04
step     75 | val_loss 2.3204 | val_ppl 10.18
step     80 | train_loss 2.2626 | lr 2.45e-04
step     90 | train_loss 2.4872 | lr 2.43e-04
step    100 | train_loss 2.5858 | lr 2.40e-04
step    110 | train_loss 2.4462 | lr 2.37e-04
step    120 | train_loss 2.1746 | lr 2.34e-04
step    130 | train_loss 2.1443 | lr 2.30e-04
step    140 | train_loss 2.4210 | lr 2.26e-04
step    150 | train_loss 2.3414 | lr 2.21e-04
step    150 | val_loss 2.3099 | val_ppl 10.07
step    160 | train_loss 2.4209 | lr 2.16e-04
step    170 | train_loss 2.2867 | lr 2.11e-04
step    180 | train_loss 2.4374 | lr 2.05e-04
step    190 | train_loss 2.1947 | lr 2.00e-04
step    200 | train_loss 2.2778 | lr 1.94e-04
step    210 | train_loss 2.3996 | lr 1.87e-04
step    220 | train_loss 2.3036 | lr 1.81e-04
step    225 | val_loss 2.2758 | val_ppl 9.74
step    230 | train_loss 2.3584 | lr 1.74e-04
step    240 | train_loss 2.3960 | lr 1.67e-04
step    250 | train_loss 2.3998 | lr 1.60e-04
step    260 | train_loss 2.3626 | lr 1.53e-04
step    270 | train_loss 2.2453 | lr 1.46e-04
step    280 | train_loss 2.3013 | lr 1.39e-04
step    290 | train_loss 2.3278 | lr 1.32e-04
step    300 | train_loss 2.3646 | lr 1.25e-04
step    300 | val_loss 2.2232 | val_ppl 9.24
step    310 | train_loss 2.2841 | lr 1.18e-04
step    320 | train_loss 2.1968 | lr 1.11e-04
step    330 | train_loss 2.3002 | lr 1.04e-04
step    340 | train_loss 2.2435 | lr 9.75e-05
step    350 | train_loss 2.4176 | lr 9.09e-05
step    360 | train_loss 2.3010 | lr 8.46e-05
step    370 | train_loss 2.2979 | lr 7.84e-05
step    375 | val_loss 2.1865 | val_ppl 8.90
step    380 | train_loss 2.2946 | lr 7.25e-05
step    390 | train_loss 2.2913 | lr 6.68e-05
step    400 | train_loss 2.1830 | lr 6.14e-05
step    410 | train_loss 2.2666 | lr 5.63e-05
step    420 | train_loss 2.1171 | lr 5.16e-05
step    430 | train_loss 2.2386 | lr 4.72e-05
step    440 | train_loss 2.2280 | lr 4.31e-05
step    450 | train_loss 2.1975 | lr 3.94e-05
step    450 | val_loss 2.1524 | val_ppl 8.61
step    460 | train_loss 2.1357 | lr 3.61e-05
step    470 | train_loss 2.2773 | lr 3.33e-05
step    480 | train_loss 2.1238 | lr 3.08e-05
step    490 | train_loss 2.1681 | lr 2.88e-05
step    500 | train_loss 2.0550 | lr 2.72e-05
step    510 | train_loss 2.1754 | lr 2.60e-05
step    520 | train_loss 2.0944 | lr 2.53e-05
step    525 | val_loss 2.1354 | val_ppl 8.46
step    530 | train_loss 2.2666 | lr 2.50e-05
step    530 | val_loss 2.1348 | val_ppl 8.46
Saved checkpoint to /home/system/projects/AuthLLM/checkpoints/lr_scaling/alpaca_long_unpacked_530_lr0.00025_seed1337/step_530.pt
