Data: 16,956 train / 346 val examples (0 dropped as longer than 512 tokens)
Model: medium (123,587,328 parameters), initialized from /home/system/projects/AuthLLM/checkpoints/medium/step_20000.pt (step 20000)
step     10 | train_loss 2.1535 | lr 1.82e-05
step     20 | train_loss 2.6736 | lr 3.64e-05
step     30 | train_loss 2.2724 | lr 5.45e-05
step     40 | train_loss 2.6314 | lr 6.00e-05
step     50 | train_loss 2.0231 | lr 5.99e-05
step     60 | train_loss 2.1807 | lr 5.96e-05
step     70 | train_loss 2.3382 | lr 5.93e-05
step     75 | val_loss 2.2713 | val_ppl 9.69
step     80 | train_loss 2.3047 | lr 5.89e-05
step     90 | train_loss 2.1999 | lr 5.83e-05
step    100 | train_loss 2.0947 | lr 5.77e-05
step    110 | train_loss 1.7866 | lr 5.69e-05
step    120 | train_loss 1.9705 | lr 5.61e-05
step    130 | train_loss 2.0480 | lr 5.52e-05
step    140 | train_loss 1.7664 | lr 5.42e-05
step    150 | train_loss 2.2507 | lr 5.31e-05
step    150 | val_loss 2.2075 | val_ppl 9.09
step    160 | train_loss 2.1467 | lr 5.19e-05
step    170 | train_loss 1.7204 | lr 5.06e-05
step    180 | train_loss 2.3584 | lr 4.93e-05
step    190 | train_loss 2.0164 | lr 4.79e-05
step    200 | train_loss 2.0900 | lr 4.65e-05
step    210 | train_loss 1.7897 | lr 4.49e-05
step    220 | train_loss 2.1117 | lr 4.34e-05
step    225 | val_loss 2.1507 | val_ppl 8.59
step    230 | train_loss 1.7314 | lr 4.18e-05
step    240 | train_loss 2.1275 | lr 4.02e-05
step    250 | train_loss 1.9290 | lr 3.85e-05
step    260 | train_loss 1.9433 | lr 3.68e-05
step    270 | train_loss 1.9145 | lr 3.51e-05
step    280 | train_loss 2.1319 | lr 3.34e-05
step    290 | train_loss 1.8891 | lr 3.17e-05
step    300 | train_loss 2.2658 | lr 3.00e-05
step    300 | val_loss 2.1191 | val_ppl 8.32
step    310 | train_loss 2.0264 | lr 2.83e-05
step    320 | train_loss 1.9712 | lr 2.67e-05
step    330 | train_loss 2.3663 | lr 2.50e-05
step    340 | train_loss 1.9445 | lr 2.34e-05
step    350 | train_loss 2.2252 | lr 2.18e-05
step    360 | train_loss 1.7436 | lr 2.03e-05
step    370 | train_loss 2.3550 | lr 1.88e-05
step    375 | val_loss 2.0951 | val_ppl 8.13
step    380 | train_loss 2.2823 | lr 1.74e-05
step    390 | train_loss 1.6705 | lr 1.60e-05
step    400 | train_loss 1.9930 | lr 1.47e-05
step    410 | train_loss 1.9170 | lr 1.35e-05
step    420 | train_loss 1.9947 | lr 1.24e-05
step    430 | train_loss 2.0327 | lr 1.13e-05
step    440 | train_loss 2.1211 | lr 1.03e-05
step    450 | train_loss 1.9101 | lr 9.46e-06
step    450 | val_loss 2.0746 | val_ppl 7.96
step    460 | train_loss 1.5655 | lr 8.67e-06
step    470 | train_loss 1.9856 | lr 7.98e-06
step    480 | train_loss 2.2642 | lr 7.39e-06
step    490 | train_loss 2.4237 | lr 6.90e-06
step    500 | train_loss 1.8916 | lr 6.52e-06
step    510 | train_loss 1.8167 | lr 6.24e-06
step    520 | train_loss 1.7328 | lr 6.07e-06
step    525 | val_loss 2.0658 | val_ppl 7.89
step    530 | train_loss 2.0167 | lr 6.00e-06
step    530 | val_loss 2.0655 | val_ppl 7.89
Saved checkpoint to /home/system/projects/AuthLLM/checkpoints/lr_scaling/alpaca_short_unpacked_530_lr6e-05_seed1337/step_530.pt
