Data: 50,869 train / 1,037 val examples (68 dropped as longer than 512 tokens)
Packing: 50,869 examples into 11,220 windows (4.5 per window, 98.8% of positions used)
Model: medium (123,587,328 parameters), initialized from /home/system/projects/AuthLLM/checkpoints/medium/step_20000.pt (step 20000)
step     10 | train_loss 2.2543 | lr 4.09e-05
step     20 | train_loss 2.1971 | lr 8.18e-05
step     30 | train_loss 2.2139 | lr 8.99e-05
step     40 | train_loss 2.1325 | lr 8.95e-05
step     50 | train_loss 2.0658 | lr 8.87e-05
step     50 | val_loss 2.1224 | val_ppl 8.35
step     60 | train_loss 2.2136 | lr 8.75e-05
step     70 | train_loss 2.1233 | lr 8.60e-05
step     80 | train_loss 2.1695 | lr 8.41e-05
step     90 | train_loss 2.2513 | lr 8.19e-05
step    100 | train_loss 2.1474 | lr 7.95e-05
step    100 | val_loss 2.0680 | val_ppl 7.91
step    110 | train_loss 2.1878 | lr 7.67e-05
step    120 | train_loss 2.0700 | lr 7.37e-05
step    130 | train_loss 2.1472 | lr 7.05e-05
step    140 | train_loss 2.0805 | lr 6.71e-05
step    150 | train_loss 2.1059 | lr 6.36e-05
step    150 | val_loss 2.0384 | val_ppl 7.68
step    160 | train_loss 2.0536 | lr 5.99e-05
step    170 | train_loss 2.0245 | lr 5.61e-05
step    180 | train_loss 2.0649 | lr 5.22e-05
step    190 | train_loss 2.0223 | lr 4.83e-05
step    200 | train_loss 1.9868 | lr 4.45e-05
step    200 | val_loss 2.0155 | val_ppl 7.50
step    210 | train_loss 2.0431 | lr 4.07e-05
step    220 | train_loss 2.0285 | lr 3.69e-05
step    230 | train_loss 1.9981 | lr 3.33e-05
step    240 | train_loss 1.9950 | lr 2.98e-05
step    250 | train_loss 2.0542 | lr 2.65e-05
step    250 | val_loss 2.0028 | val_ppl 7.41
step    260 | train_loss 2.0523 | lr 2.34e-05
step    270 | train_loss 1.9918 | lr 2.06e-05
step    280 | train_loss 2.1068 | lr 1.80e-05
step    290 | train_loss 2.0075 | lr 1.57e-05
step    300 | train_loss 2.1213 | lr 1.37e-05
step    300 | val_loss 1.9904 | val_ppl 7.32
step    310 | train_loss 2.1044 | lr 1.21e-05
step    320 | train_loss 2.1114 | lr 1.08e-05
step    330 | train_loss 2.0846 | lr 9.82e-06
step    340 | train_loss 2.0938 | lr 9.22e-06
step    350 | train_loss 2.0006 | lr 9.00e-06
step    350 | val_loss 1.9845 | val_ppl 7.28
Saved checkpoint to /home/system/projects/AuthLLM/checkpoints/lr_scaling/alpaca_packed_350_lr9e-05_seed1338/step_350.pt
