Data: 50,868 train / 1,038 val examples (68 dropped as longer than 512 tokens)
Packing: 50,868 examples into 11,220 windows (4.5 per window, 98.8% of positions used)
Model: medium (123,587,328 parameters), initialized from /home/system/projects/AuthLLM/checkpoints/medium/step_20000.pt (step 20000)
step     10 | train_loss 2.3472 | lr 2.73e-05
step     20 | train_loss 2.2828 | lr 5.45e-05
step     30 | train_loss 2.1530 | lr 5.99e-05
step     40 | train_loss 2.1630 | lr 5.96e-05
step     50 | train_loss 2.0934 | lr 5.91e-05
step     50 | val_loss 2.1544 | val_ppl 8.62
step     60 | train_loss 2.1609 | lr 5.83e-05
step     70 | train_loss 2.1269 | lr 5.73e-05
step     80 | train_loss 2.2116 | lr 5.61e-05
step     90 | train_loss 2.1157 | lr 5.46e-05
step    100 | train_loss 2.2208 | lr 5.30e-05
step    100 | val_loss 2.1072 | val_ppl 8.23
step    110 | train_loss 2.1723 | lr 5.12e-05
step    120 | train_loss 2.1513 | lr 4.92e-05
step    130 | train_loss 2.1079 | lr 4.70e-05
step    140 | train_loss 2.1353 | lr 4.47e-05
step    150 | train_loss 2.0992 | lr 4.24e-05
step    150 | val_loss 2.0793 | val_ppl 8.00
step    160 | train_loss 2.0861 | lr 3.99e-05
step    170 | train_loss 2.0748 | lr 3.74e-05
step    180 | train_loss 2.1033 | lr 3.48e-05
step    190 | train_loss 2.0856 | lr 3.22e-05
step    200 | train_loss 2.1776 | lr 2.96e-05
step    200 | val_loss 2.0602 | val_ppl 7.85
step    210 | train_loss 2.0841 | lr 2.71e-05
step    220 | train_loss 1.9073 | lr 2.46e-05
step    230 | train_loss 2.1055 | lr 2.22e-05
step    240 | train_loss 2.0578 | lr 1.99e-05
step    250 | train_loss 2.0832 | lr 1.77e-05
step    250 | val_loss 2.0470 | val_ppl 7.74
step    260 | train_loss 2.0943 | lr 1.56e-05
step    270 | train_loss 2.1339 | lr 1.37e-05
step    280 | train_loss 2.1080 | lr 1.20e-05
step    290 | train_loss 2.0313 | lr 1.05e-05
step    300 | train_loss 2.0219 | lr 9.16e-06
step    300 | val_loss 2.0392 | val_ppl 7.68
step    310 | train_loss 2.0425 | lr 8.06e-06
step    320 | train_loss 1.9699 | lr 7.18e-06
step    330 | train_loss 2.2799 | lr 6.54e-06
step    340 | train_loss 1.9979 | lr 6.15e-06
step    350 | train_loss 2.0119 | lr 6.00e-06
step    350 | val_loss 2.0352 | val_ppl 7.65
Saved checkpoint to /home/system/projects/AuthLLM/checkpoints/lr_scaling/alpaca_packed_350_lr6e-05_seed1337/step_350.pt
