Data: 16,956 train / 346 val examples (0 dropped as longer than 512 tokens)
Model: medium (123,587,328 parameters), initialized from /home/system/projects/AuthLLM/checkpoints/medium/step_20000.pt (step 20000)
step     10 | train_loss 2.4674 | lr 9.09e-06
step     20 | train_loss 2.2890 | lr 1.82e-05
step     30 | train_loss 2.3381 | lr 2.73e-05
step     40 | train_loss 2.2114 | lr 3.00e-05
step     50 | train_loss 2.2589 | lr 2.99e-05
step     60 | train_loss 2.3191 | lr 2.98e-05
step     70 | train_loss 2.2812 | lr 2.97e-05
step     75 | val_loss 2.2498 | val_ppl 9.49
step     80 | train_loss 2.2067 | lr 2.94e-05
step     90 | train_loss 2.1541 | lr 2.92e-05
step    100 | train_loss 2.0680 | lr 2.88e-05
step    110 | train_loss 2.3152 | lr 2.85e-05
step    120 | train_loss 2.1726 | lr 2.81e-05
step    130 | train_loss 2.1932 | lr 2.76e-05
step    140 | train_loss 2.2084 | lr 2.71e-05
step    150 | train_loss 2.0442 | lr 2.65e-05
step    150 | val_loss 2.2070 | val_ppl 9.09
step    160 | train_loss 2.0966 | lr 2.59e-05
step    170 | train_loss 2.3288 | lr 2.53e-05
step    180 | train_loss 2.1122 | lr 2.46e-05
step    190 | train_loss 2.1593 | lr 2.40e-05
step    200 | train_loss 2.1703 | lr 2.32e-05
step    210 | train_loss 1.8677 | lr 2.25e-05
step    220 | train_loss 2.0778 | lr 2.17e-05
step    225 | val_loss 2.1793 | val_ppl 8.84
step    230 | train_loss 2.1681 | lr 2.09e-05
step    240 | train_loss 2.0381 | lr 2.01e-05
step    250 | train_loss 2.0976 | lr 1.93e-05
step    260 | train_loss 2.2404 | lr 1.84e-05
step    270 | train_loss 2.1323 | lr 1.76e-05
step    280 | train_loss 2.0482 | lr 1.67e-05
step    290 | train_loss 2.2499 | lr 1.59e-05
step    300 | train_loss 2.2119 | lr 1.50e-05
step    300 | val_loss 2.1649 | val_ppl 8.71
step    310 | train_loss 2.0039 | lr 1.42e-05
step    320 | train_loss 2.1142 | lr 1.33e-05
step    330 | train_loss 2.2214 | lr 1.25e-05
step    340 | train_loss 2.1699 | lr 1.17e-05
step    350 | train_loss 2.1547 | lr 1.09e-05
step    360 | train_loss 2.2103 | lr 1.01e-05
step    370 | train_loss 2.3137 | lr 9.41e-06
step    375 | val_loss 2.1561 | val_ppl 8.64
step    380 | train_loss 2.1588 | lr 8.70e-06
step    390 | train_loss 2.0418 | lr 8.02e-06
step    400 | train_loss 2.1399 | lr 7.37e-06
step    410 | train_loss 2.0698 | lr 6.76e-06
step    420 | train_loss 2.0259 | lr 6.19e-06
step    430 | train_loss 2.5220 | lr 5.66e-06
step    440 | train_loss 2.1245 | lr 5.17e-06
step    450 | train_loss 2.2575 | lr 4.73e-06
step    450 | val_loss 2.1475 | val_ppl 8.56
step    460 | train_loss 2.1305 | lr 4.34e-06
step    470 | train_loss 2.0394 | lr 3.99e-06
step    480 | train_loss 1.7070 | lr 3.70e-06
step    490 | train_loss 2.0846 | lr 3.45e-06
step    500 | train_loss 1.9510 | lr 3.26e-06
step    510 | train_loss 2.1226 | lr 3.12e-06
step    520 | train_loss 2.1739 | lr 3.03e-06
step    525 | val_loss 2.1445 | val_ppl 8.54
step    530 | train_loss 2.1310 | lr 3.00e-06
step    530 | val_loss 2.1443 | val_ppl 8.54
Saved checkpoint to /home/system/projects/AuthLLM/checkpoints/lr_scaling/alpaca_third_unpacked_530_lr3e-05_seed1338/step_530.pt
