Data: 16,956 train / 346 val examples (0 dropped as longer than 512 tokens)
Model: medium (123,587,328 parameters), initialized from /home/system/projects/AuthLLM/checkpoints/medium/step_20000.pt (step 20000)
step     10 | train_loss 2.3845 | lr 1.82e-05
step     20 | train_loss 2.4322 | lr 3.64e-05
step     30 | train_loss 2.2666 | lr 5.45e-05
step     40 | train_loss 2.3750 | lr 6.00e-05
step     50 | train_loss 2.5124 | lr 5.99e-05
step     60 | train_loss 2.1673 | lr 5.96e-05
step     70 | train_loss 2.1467 | lr 5.93e-05
step     75 | val_loss 2.1957 | val_ppl 8.99
step     80 | train_loss 2.1578 | lr 5.89e-05
step     90 | train_loss 2.1211 | lr 5.83e-05
step    100 | train_loss 2.2904 | lr 5.77e-05
step    110 | train_loss 2.0392 | lr 5.69e-05
step    120 | train_loss 2.2596 | lr 5.61e-05
step    130 | train_loss 2.0693 | lr 5.52e-05
step    140 | train_loss 2.2499 | lr 5.42e-05
step    150 | train_loss 2.3005 | lr 5.31e-05
step    150 | val_loss 2.1610 | val_ppl 8.68
step    160 | train_loss 2.0453 | lr 5.19e-05
step    170 | train_loss 2.1165 | lr 5.06e-05
step    180 | train_loss 2.2097 | lr 4.93e-05
step    190 | train_loss 2.2627 | lr 4.79e-05
step    200 | train_loss 2.1948 | lr 4.65e-05
step    210 | train_loss 2.1523 | lr 4.49e-05
step    220 | train_loss 2.1713 | lr 4.34e-05
step    225 | val_loss 2.1339 | val_ppl 8.45
step    230 | train_loss 2.2912 | lr 4.18e-05
step    240 | train_loss 2.3185 | lr 4.02e-05
step    250 | train_loss 1.9523 | lr 3.85e-05
step    260 | train_loss 2.1115 | lr 3.68e-05
step    270 | train_loss 2.0333 | lr 3.51e-05
step    280 | train_loss 2.0127 | lr 3.34e-05
step    290 | train_loss 2.0280 | lr 3.17e-05
step    300 | train_loss 1.9937 | lr 3.00e-05
step    300 | val_loss 2.1161 | val_ppl 8.30
step    310 | train_loss 2.1266 | lr 2.83e-05
step    320 | train_loss 2.1717 | lr 2.67e-05
step    330 | train_loss 2.0143 | lr 2.50e-05
step    340 | train_loss 2.2044 | lr 2.34e-05
step    350 | train_loss 2.1518 | lr 2.18e-05
step    360 | train_loss 2.2090 | lr 2.03e-05
step    370 | train_loss 2.0708 | lr 1.88e-05
step    375 | val_loss 2.1024 | val_ppl 8.19
step    380 | train_loss 2.2492 | lr 1.74e-05
step    390 | train_loss 2.0004 | lr 1.60e-05
step    400 | train_loss 2.2219 | lr 1.47e-05
step    410 | train_loss 2.1151 | lr 1.35e-05
step    420 | train_loss 1.8973 | lr 1.24e-05
step    430 | train_loss 1.9210 | lr 1.13e-05
step    440 | train_loss 2.1335 | lr 1.03e-05
step    450 | train_loss 2.1875 | lr 9.46e-06
step    450 | val_loss 2.0935 | val_ppl 8.11
step    460 | train_loss 1.9933 | lr 8.67e-06
step    470 | train_loss 2.1248 | lr 7.98e-06
step    480 | train_loss 2.0319 | lr 7.39e-06
step    490 | train_loss 2.0444 | lr 6.90e-06
step    500 | train_loss 2.0663 | lr 6.52e-06
step    510 | train_loss 2.2523 | lr 6.24e-06
step    520 | train_loss 2.0207 | lr 6.07e-06
step    525 | val_loss 2.0892 | val_ppl 8.08
step    530 | train_loss 1.9337 | lr 6.00e-06
step    530 | val_loss 2.0888 | val_ppl 8.08
Saved checkpoint to /home/system/projects/AuthLLM/checkpoints/lr_scaling/alpaca_long_unpacked_530_lr6e-05_seed1339/step_530.pt
