Data: 16,956 train / 346 val examples (0 dropped as longer than 512 tokens)
Model: medium (123,587,328 parameters), initialized from /home/system/projects/AuthLLM/checkpoints/medium/step_20000.pt (step 20000)
step     10 | train_loss 2.4360 | lr 1.21e-04
step     20 | train_loss 2.1361 | lr 2.42e-04
step     30 | train_loss 2.2719 | lr 3.64e-04
step     40 | train_loss 2.4135 | lr 4.00e-04
step     50 | train_loss 2.3121 | lr 3.99e-04
step     60 | train_loss 2.7359 | lr 3.98e-04
step     70 | train_loss 2.5414 | lr 3.95e-04
step     75 | val_loss 2.4730 | val_ppl 11.86
step     80 | train_loss 2.4318 | lr 3.92e-04
step     90 | train_loss 2.6356 | lr 3.89e-04
step    100 | train_loss 2.7406 | lr 3.85e-04
step    110 | train_loss 2.6128 | lr 3.80e-04
step    120 | train_loss 2.3587 | lr 3.74e-04
step    130 | train_loss 2.2780 | lr 3.68e-04
step    140 | train_loss 2.5835 | lr 3.61e-04
step    150 | train_loss 2.4956 | lr 3.54e-04
step    150 | val_loss 2.4755 | val_ppl 11.89
step    160 | train_loss 2.5819 | lr 3.46e-04
step    170 | train_loss 2.4691 | lr 3.37e-04
step    180 | train_loss 2.5926 | lr 3.29e-04
step    190 | train_loss 2.3630 | lr 3.19e-04
step    200 | train_loss 2.4519 | lr 3.10e-04
step    210 | train_loss 2.5481 | lr 3.00e-04
step    220 | train_loss 2.4566 | lr 2.89e-04
step    225 | val_loss 2.4359 | val_ppl 11.43
step    230 | train_loss 2.5056 | lr 2.79e-04
step    240 | train_loss 2.5396 | lr 2.68e-04
step    250 | train_loss 2.5288 | lr 2.57e-04
step    260 | train_loss 2.5081 | lr 2.46e-04
step    270 | train_loss 2.3653 | lr 2.34e-04
step    280 | train_loss 2.4421 | lr 2.23e-04
step    290 | train_loss 2.4507 | lr 2.11e-04
step    300 | train_loss 2.4784 | lr 2.00e-04
step    300 | val_loss 2.3528 | val_ppl 10.51
step    310 | train_loss 2.4214 | lr 1.89e-04
step    320 | train_loss 2.3313 | lr 1.78e-04
step    330 | train_loss 2.4370 | lr 1.67e-04
step    340 | train_loss 2.3448 | lr 1.56e-04
step    350 | train_loss 2.5598 | lr 1.46e-04
step    360 | train_loss 2.4101 | lr 1.35e-04
step    370 | train_loss 2.3947 | lr 1.25e-04
step    375 | val_loss 2.2935 | val_ppl 9.91
step    380 | train_loss 2.4079 | lr 1.16e-04
step    390 | train_loss 2.3865 | lr 1.07e-04
step    400 | train_loss 2.2919 | lr 9.83e-05
step    410 | train_loss 2.3832 | lr 9.01e-05
step    420 | train_loss 2.2000 | lr 8.25e-05
step    430 | train_loss 2.3449 | lr 7.55e-05
step    440 | train_loss 2.3393 | lr 6.90e-05
step    450 | train_loss 2.2750 | lr 6.31e-05
step    450 | val_loss 2.2440 | val_ppl 9.43
step    460 | train_loss 2.2353 | lr 5.78e-05
step    470 | train_loss 2.3889 | lr 5.32e-05
step    480 | train_loss 2.2005 | lr 4.93e-05
step    490 | train_loss 2.2417 | lr 4.60e-05
step    500 | train_loss 2.1114 | lr 4.34e-05
step    510 | train_loss 2.2558 | lr 4.16e-05
step    520 | train_loss 2.1812 | lr 4.04e-05
step    525 | val_loss 2.2160 | val_ppl 9.17
step    530 | train_loss 2.3498 | lr 4.00e-05
step    530 | val_loss 2.2151 | val_ppl 9.16
Saved checkpoint to /home/system/projects/AuthLLM/checkpoints/lr_scaling/alpaca_long_unpacked_530_lr0.0004_seed1337/step_530.pt
