Data: 16,956 train / 346 val examples (0 dropped as longer than 512 tokens)
Packing: 16,956 examples into 3,763 windows (4.5 per window, 98.8% of positions used)
Model: medium (123,587,328 parameters), initialized from /home/system/projects/AuthLLM/checkpoints/medium/step_20000.pt (step 20000)
step     10 | train_loss 2.3235 | lr 8.99e-05
step     16 | val_loss 2.2640 | val_ppl 9.62
step     20 | train_loss 2.2842 | lr 8.77e-05
step     30 | train_loss 2.2454 | lr 8.24e-05
step     32 | val_loss 2.2113 | val_ppl 9.13
step     40 | train_loss 2.0790 | lr 7.45e-05
step     48 | val_loss 2.1853 | val_ppl 8.89
step     50 | train_loss 2.1723 | lr 6.46e-05
step     60 | train_loss 2.1438 | lr 5.35e-05
step     64 | val_loss 2.1617 | val_ppl 8.69
step     70 | train_loss 2.0089 | lr 4.21e-05
step     80 | train_loss 2.1113 | lr 3.13e-05
step     80 | val_loss 2.1489 | val_ppl 8.58
step     90 | train_loss 2.0711 | lr 2.19e-05
step     96 | val_loss 2.1385 | val_ppl 8.49
step    100 | train_loss 2.2022 | lr 1.47e-05
step    110 | train_loss 2.2387 | lr 1.03e-05
step    112 | val_loss 2.1329 | val_ppl 8.44
step    118 | train_loss 2.0933 | lr 9.02e-06
step    118 | val_loss 2.1310 | val_ppl 8.42
Saved checkpoint to /home/system/projects/AuthLLM/checkpoints/lr_scaling/alpaca_third_packed_118_lr9e-05_seed1338/step_118.pt
