Data: 16,956 train / 346 val examples (0 dropped as longer than 512 tokens)
Model: medium (123,587,328 parameters), initialized from /home/system/projects/AuthLLM/checkpoints/medium/step_20000.pt (step 20000)
step     10 | train_loss 2.3040 | lr 1.82e-05
step     20 | train_loss 2.2078 | lr 3.64e-05
step     30 | train_loss 2.2763 | lr 5.45e-05
step     40 | train_loss 2.0995 | lr 6.00e-05
step     50 | train_loss 2.1770 | lr 5.99e-05
step     60 | train_loss 2.0524 | lr 5.96e-05
step     70 | train_loss 2.1652 | lr 5.93e-05
step     75 | val_loss 2.2587 | val_ppl 9.57
step     80 | train_loss 1.9688 | lr 5.89e-05
step     90 | train_loss 2.2084 | lr 5.83e-05
step    100 | train_loss 2.2912 | lr 5.77e-05
step    110 | train_loss 2.1600 | lr 5.69e-05
step    120 | train_loss 2.2100 | lr 5.61e-05
step    130 | train_loss 2.3198 | lr 5.52e-05
step    140 | train_loss 2.2527 | lr 5.42e-05
step    150 | train_loss 2.3707 | lr 5.31e-05
step    150 | val_loss 2.2289 | val_ppl 9.29
step    160 | train_loss 2.0312 | lr 5.19e-05
step    170 | train_loss 2.1784 | lr 5.06e-05
step    180 | train_loss 2.2622 | lr 4.93e-05
step    190 | train_loss 2.2201 | lr 4.79e-05
step    200 | train_loss 2.1675 | lr 4.65e-05
step    210 | train_loss 2.1975 | lr 4.49e-05
step    220 | train_loss 2.1982 | lr 4.34e-05
step    225 | val_loss 2.2060 | val_ppl 9.08
step    230 | train_loss 2.1624 | lr 4.18e-05
step    240 | train_loss 2.1243 | lr 4.02e-05
step    250 | train_loss 2.0180 | lr 3.85e-05
step    260 | train_loss 2.0740 | lr 3.68e-05
step    270 | train_loss 2.0011 | lr 3.51e-05
step    280 | train_loss 2.1227 | lr 3.34e-05
step    290 | train_loss 2.0794 | lr 3.17e-05
step    300 | train_loss 2.2095 | lr 3.00e-05
step    300 | val_loss 2.1913 | val_ppl 8.95
step    310 | train_loss 2.1099 | lr 2.83e-05
step    320 | train_loss 2.0516 | lr 2.67e-05
step    330 | train_loss 2.1591 | lr 2.50e-05
step    340 | train_loss 2.1331 | lr 2.34e-05
step    350 | train_loss 1.9716 | lr 2.18e-05
step    360 | train_loss 2.1322 | lr 2.03e-05
step    370 | train_loss 2.0695 | lr 1.88e-05
step    375 | val_loss 2.1803 | val_ppl 8.85
step    380 | train_loss 2.1160 | lr 1.74e-05
step    390 | train_loss 2.1216 | lr 1.60e-05
step    400 | train_loss 2.2367 | lr 1.47e-05
step    410 | train_loss 1.9367 | lr 1.35e-05
step    420 | train_loss 2.1110 | lr 1.24e-05
step    430 | train_loss 2.0380 | lr 1.13e-05
step    440 | train_loss 2.2455 | lr 1.03e-05
step    450 | train_loss 2.0382 | lr 9.46e-06
step    450 | val_loss 2.1719 | val_ppl 8.78
step    460 | train_loss 2.3575 | lr 8.67e-06
step    470 | train_loss 1.9597 | lr 7.98e-06
step    480 | train_loss 2.1868 | lr 7.39e-06
step    490 | train_loss 2.2865 | lr 6.90e-06
step    500 | train_loss 2.2556 | lr 6.52e-06
step    510 | train_loss 2.2344 | lr 6.24e-06
step    520 | train_loss 1.9515 | lr 6.07e-06
step    525 | val_loss 2.1663 | val_ppl 8.73
step    530 | train_loss 2.1085 | lr 6.00e-06
step    530 | val_loss 2.1662 | val_ppl 8.73
Saved checkpoint to /home/system/projects/AuthLLM/checkpoints/lr_scaling/alpaca_long_unpacked_530_lr6e-05_seed1338/step_530.pt
