Data: 16,956 train / 346 val examples (0 dropped as longer than 512 tokens)
Model: medium (123,587,328 parameters), initialized from /home/system/projects/AuthLLM/checkpoints/medium/step_20000.pt (step 20000)
step     10 | train_loss 2.5903 | lr 3.00e-06
step     16 | val_loss 2.4301 | val_ppl 11.36
step     20 | train_loss 2.4234 | lr 2.92e-06
step     30 | train_loss 2.2825 | lr 2.75e-06
step     32 | val_loss 2.3644 | val_ppl 10.64
step     40 | train_loss 2.4732 | lr 2.48e-06
step     48 | val_loss 2.3279 | val_ppl 10.26
step     50 | train_loss 2.2991 | lr 2.15e-06
step     60 | train_loss 2.3665 | lr 1.78e-06
step     64 | val_loss 2.3106 | val_ppl 10.08
step     70 | train_loss 2.3595 | lr 1.40e-06
step     80 | train_loss 2.3938 | lr 1.04e-06
step     80 | val_loss 2.3022 | val_ppl 10.00
step     90 | train_loss 2.2529 | lr 7.30e-07
step     96 | val_loss 2.2977 | val_ppl 9.95
step    100 | train_loss 2.2065 | lr 4.91e-07
step    110 | train_loss 2.1233 | lr 3.44e-07
step    112 | val_loss 2.2955 | val_ppl 9.93
step    118 | train_loss 2.3028 | lr 3.01e-07
step    118 | val_loss 2.2949 | val_ppl 9.92
Saved checkpoint to /home/system/projects/AuthLLM/checkpoints/lr_scaling/alpaca_third_unpacked_118_lr3e-06_seed1337/step_118.pt
