Data: 16,956 train / 346 val examples (0 dropped as longer than 512 tokens)
Packing: 16,956 examples into 3,763 windows (4.5 per window, 98.8% of positions used)
Model: medium (123,587,328 parameters), initialized from /home/system/projects/AuthLLM/checkpoints/medium/step_20000.pt (step 20000)
step     10 | train_loss 2.3286 | lr 2.50e-04
step     16 | val_loss 2.3029 | val_ppl 10.00
step     20 | train_loss 2.3476 | lr 2.44e-04
step     30 | train_loss 2.3068 | lr 2.29e-04
step     32 | val_loss 2.2760 | val_ppl 9.74
step     40 | train_loss 2.1394 | lr 2.07e-04
step     48 | val_loss 2.2520 | val_ppl 9.51
step     50 | train_loss 2.2275 | lr 1.79e-04
step     60 | train_loss 2.2050 | lr 1.49e-04
step     64 | val_loss 2.2122 | val_ppl 9.14
step     70 | train_loss 2.0660 | lr 1.17e-04
step     80 | train_loss 2.1458 | lr 8.69e-05
step     80 | val_loss 2.1837 | val_ppl 8.88
step     90 | train_loss 2.1075 | lr 6.08e-05
step     96 | val_loss 2.1628 | val_ppl 8.70
step    100 | train_loss 2.2311 | lr 4.09e-05
step    110 | train_loss 2.2702 | lr 2.86e-05
step    112 | val_loss 2.1488 | val_ppl 8.57
step    118 | train_loss 2.0434 | lr 2.50e-05
step    118 | val_loss 2.1442 | val_ppl 8.54
Saved checkpoint to /home/system/projects/AuthLLM/checkpoints/lr_scaling/alpaca_third_packed_118_lr0.00025_seed1338/step_118.pt
