Data: 16,956 train / 346 val examples (0 dropped as longer than 512 tokens)
Model: medium (123,587,328 parameters), initialized from /home/system/projects/AuthLLM/checkpoints/medium/step_20000.pt (step 20000)
step     10 | train_loss 2.3624 | lr 2.73e-05
step     20 | train_loss 2.4188 | lr 5.45e-05
step     30 | train_loss 2.1777 | lr 8.18e-05
step     40 | train_loss 2.4584 | lr 9.00e-05
step     50 | train_loss 2.2963 | lr 8.98e-05
step     60 | train_loss 2.6412 | lr 8.95e-05
step     70 | train_loss 2.1643 | lr 8.90e-05
step     75 | val_loss 2.0415 | val_ppl 7.70
step     80 | train_loss 2.0712 | lr 8.83e-05
step     90 | train_loss 2.0871 | lr 8.75e-05
step    100 | train_loss 2.0824 | lr 8.65e-05
step    110 | train_loss 2.1611 | lr 8.54e-05
step    120 | train_loss 2.1223 | lr 8.42e-05
step    130 | train_loss 2.1110 | lr 8.28e-05
step    140 | train_loss 2.3242 | lr 8.12e-05
step    150 | train_loss 2.0584 | lr 7.96e-05
step    150 | val_loss 1.9901 | val_ppl 7.32
step    160 | train_loss 1.9843 | lr 7.78e-05
step    170 | train_loss 2.3345 | lr 7.59e-05
step    180 | train_loss 2.6582 | lr 7.39e-05
step    190 | train_loss 1.9447 | lr 7.19e-05
step    200 | train_loss 2.2211 | lr 6.97e-05
step    210 | train_loss 2.2924 | lr 6.74e-05
step    220 | train_loss 2.2150 | lr 6.51e-05
step    225 | val_loss 1.9527 | val_ppl 7.05
step    230 | train_loss 1.8011 | lr 6.27e-05
step    240 | train_loss 2.0413 | lr 6.02e-05
step    250 | train_loss 1.9910 | lr 5.78e-05
step    260 | train_loss 1.8868 | lr 5.52e-05
step    270 | train_loss 2.0012 | lr 5.27e-05
step    280 | train_loss 1.9429 | lr 5.01e-05
step    290 | train_loss 1.9138 | lr 4.76e-05
step    300 | train_loss 2.1086 | lr 4.50e-05
step    300 | val_loss 1.9148 | val_ppl 6.79
step    310 | train_loss 1.8730 | lr 4.25e-05
step    320 | train_loss 2.1632 | lr 4.00e-05
step    330 | train_loss 1.8348 | lr 3.75e-05
step    340 | train_loss 2.0213 | lr 3.51e-05
step    350 | train_loss 1.9529 | lr 3.27e-05
step    360 | train_loss 2.1041 | lr 3.04e-05
step    370 | train_loss 1.9022 | lr 2.82e-05
step    375 | val_loss 1.8859 | val_ppl 6.59
step    380 | train_loss 1.7443 | lr 2.61e-05
step    390 | train_loss 1.7244 | lr 2.40e-05
step    400 | train_loss 1.8733 | lr 2.21e-05
step    410 | train_loss 2.0842 | lr 2.03e-05
step    420 | train_loss 2.4448 | lr 1.86e-05
step    430 | train_loss 1.7248 | lr 1.70e-05
step    440 | train_loss 2.2918 | lr 1.55e-05
step    450 | train_loss 1.9561 | lr 1.42e-05
step    450 | val_loss 1.8704 | val_ppl 6.49
step    460 | train_loss 2.0005 | lr 1.30e-05
step    470 | train_loss 2.2072 | lr 1.20e-05
step    480 | train_loss 2.3501 | lr 1.11e-05
step    490 | train_loss 1.7983 | lr 1.04e-05
step    500 | train_loss 1.8818 | lr 9.78e-06
step    510 | train_loss 1.9223 | lr 9.36e-06
step    520 | train_loss 1.7769 | lr 9.10e-06
step    525 | val_loss 1.8570 | val_ppl 6.40
step    530 | train_loss 1.6820 | lr 9.00e-06
step    530 | val_loss 1.8564 | val_ppl 6.40
Saved checkpoint to /home/system/projects/AuthLLM/checkpoints/lr_scaling/alpaca_short_unpacked_530_lr9e-05_seed1339/step_530.pt
