Data: 16,956 train / 346 val examples (0 dropped as longer than 512 tokens)
Model: small (29,938,560 parameters), initialized from checkpoints/small/step_18000.pt (step 18000)
step     10 | train_loss 2.9643 | lr 4.55e-05
step     20 | train_loss 2.8149 | lr 9.09e-05
step     30 | train_loss 2.6736 | lr 1.36e-04
step     40 | train_loss 2.9035 | lr 1.50e-04
step     50 | train_loss 2.8104 | lr 1.50e-04
step     60 | train_loss 2.7564 | lr 1.49e-04
step     70 | train_loss 2.8780 | lr 1.48e-04
step     75 | val_loss 2.7725 | val_ppl 16.00
step     80 | train_loss 2.8372 | lr 1.47e-04
step     90 | train_loss 2.7162 | lr 1.46e-04
step    100 | train_loss 2.6591 | lr 1.44e-04
step    110 | train_loss 2.6322 | lr 1.42e-04
step    120 | train_loss 2.5294 | lr 1.40e-04
step    130 | train_loss 2.8600 | lr 1.38e-04
step    140 | train_loss 3.0215 | lr 1.35e-04
step    150 | train_loss 2.5694 | lr 1.33e-04
step    150 | val_loss 2.7489 | val_ppl 15.63
step    160 | train_loss 2.8363 | lr 1.30e-04
step    170 | train_loss 2.8778 | lr 1.27e-04
step    180 | train_loss 2.7824 | lr 1.23e-04
step    190 | train_loss 2.5222 | lr 1.20e-04
step    200 | train_loss 2.9202 | lr 1.16e-04
step    210 | train_loss 2.7315 | lr 1.12e-04
step    220 | train_loss 2.7723 | lr 1.08e-04
step    225 | val_loss 2.7208 | val_ppl 15.19
step    230 | train_loss 2.7037 | lr 1.04e-04
step    240 | train_loss 2.7500 | lr 1.00e-04
step    250 | train_loss 2.8475 | lr 9.63e-05
step    260 | train_loss 2.7842 | lr 9.21e-05
step    270 | train_loss 2.7472 | lr 8.78e-05
step    280 | train_loss 2.6249 | lr 8.36e-05
step    290 | train_loss 2.8890 | lr 7.93e-05
step    300 | train_loss 2.7284 | lr 7.50e-05
step    300 | val_loss 2.6994 | val_ppl 14.87
step    310 | train_loss 3.0161 | lr 7.08e-05
step    320 | train_loss 2.6381 | lr 6.66e-05
step    330 | train_loss 2.8333 | lr 6.25e-05
step    340 | train_loss 2.7200 | lr 5.85e-05
step    350 | train_loss 2.9460 | lr 5.46e-05
step    360 | train_loss 2.5928 | lr 5.07e-05
step    370 | train_loss 2.7851 | lr 4.70e-05
step    375 | val_loss 2.6785 | val_ppl 14.56
step    380 | train_loss 3.0488 | lr 4.35e-05
step    390 | train_loss 2.5718 | lr 4.01e-05
step    400 | train_loss 2.4494 | lr 3.68e-05
step    410 | train_loss 2.5894 | lr 3.38e-05
step    420 | train_loss 2.6453 | lr 3.09e-05
step    430 | train_loss 2.8220 | lr 2.83e-05
step    440 | train_loss 2.5116 | lr 2.59e-05
step    450 | train_loss 2.6473 | lr 2.37e-05
step    450 | val_loss 2.6564 | val_ppl 14.24
step    460 | train_loss 2.9437 | lr 2.17e-05
step    470 | train_loss 2.4697 | lr 2.00e-05
step    480 | train_loss 2.8686 | lr 1.85e-05
step    490 | train_loss 2.6183 | lr 1.73e-05
step    500 | train_loss 2.9831 | lr 1.63e-05
step    510 | train_loss 2.6674 | lr 1.56e-05
step    520 | train_loss 2.7970 | lr 1.52e-05
step    525 | val_loss 2.6467 | val_ppl 14.11
step    530 | train_loss 2.4665 | lr 1.50e-05
step    530 | val_loss 2.6464 | val_ppl 14.10
Saved checkpoint to /home/system/projects/AuthLLM/checkpoints/lr_scaling/alpaca_third_unpacked_530_lr0.00015_seed1337/step_530.pt
