Data: 16,956 train / 346 val examples (0 dropped as longer than 512 tokens)
Packing: 16,956 examples into 3,483 windows (4.9 per window, 93.4% of positions used)
Model: medium (123,587,328 parameters), initialized from /home/system/projects/AuthLLM/checkpoints/medium/step_20000.pt (step 20000)
step     10 | train_loss 2.2310 | lr 1.50e-04
step     15 | val_loss 2.1832 | val_ppl 8.87
step     20 | train_loss 2.1784 | lr 1.45e-04
step     30 | train_loss 2.2552 | lr 1.35e-04
step     30 | val_loss 2.1415 | val_ppl 8.51
step     40 | train_loss 2.1565 | lr 1.20e-04
step     45 | val_loss 2.1146 | val_ppl 8.29
step     50 | train_loss 2.2054 | lr 1.01e-04
step     60 | train_loss 2.1139 | lr 8.04e-05
step     60 | val_loss 2.0873 | val_ppl 8.06
step     70 | train_loss 2.0360 | lr 6.01e-05
step     75 | val_loss 2.0685 | val_ppl 7.91
step     80 | train_loss 2.1176 | lr 4.18e-05
step     90 | train_loss 2.0565 | lr 2.74e-05
step     90 | val_loss 2.0538 | val_ppl 7.80
step    100 | train_loss 2.1456 | lr 1.82e-05
step    105 | val_loss 2.0454 | val_ppl 7.73
step    109 | train_loss 2.0559 | lr 1.50e-05
step    109 | val_loss 2.0432 | val_ppl 7.72
Saved checkpoint to /home/system/projects/AuthLLM/checkpoints/lr_scaling/alpaca_mid_packed_109_lr0.00015_seed1337/step_109.pt
