Data: 16,956 train / 346 val examples (0 dropped as longer than 512 tokens)
Model: medium (123,587,328 parameters), initialized from /home/system/projects/AuthLLM/checkpoints/medium/step_20000.pt (step 20000)
step     10 | train_loss 2.5783 | lr 9.09e-06
step     20 | train_loss 2.2675 | lr 1.82e-05
step     30 | train_loss 2.3030 | lr 2.73e-05
step     40 | train_loss 2.4606 | lr 3.00e-05
step     50 | train_loss 2.4623 | lr 2.99e-05
step     60 | train_loss 2.4404 | lr 2.98e-05
step     70 | train_loss 2.2308 | lr 2.97e-05
step     75 | val_loss 2.2453 | val_ppl 9.44
step     80 | train_loss 2.1603 | lr 2.94e-05
step     90 | train_loss 2.2937 | lr 2.92e-05
step    100 | train_loss 2.2014 | lr 2.88e-05
step    110 | train_loss 2.0319 | lr 2.85e-05
step    120 | train_loss 2.0060 | lr 2.81e-05
step    130 | train_loss 2.3547 | lr 2.76e-05
step    140 | train_loss 2.1414 | lr 2.71e-05
step    150 | train_loss 2.3778 | lr 2.65e-05
step    150 | val_loss 2.1992 | val_ppl 9.02
step    160 | train_loss 2.2026 | lr 2.59e-05
step    170 | train_loss 2.2136 | lr 2.53e-05
step    180 | train_loss 2.1380 | lr 2.46e-05
step    190 | train_loss 2.3185 | lr 2.40e-05
step    200 | train_loss 2.3531 | lr 2.32e-05
step    210 | train_loss 2.1251 | lr 2.25e-05
step    220 | train_loss 2.2303 | lr 2.17e-05
step    225 | val_loss 2.1740 | val_ppl 8.79
step    230 | train_loss 2.1486 | lr 2.09e-05
step    240 | train_loss 2.3709 | lr 2.01e-05
step    250 | train_loss 2.0205 | lr 1.93e-05
step    260 | train_loss 2.1171 | lr 1.84e-05
step    270 | train_loss 2.0826 | lr 1.76e-05
step    280 | train_loss 2.1104 | lr 1.67e-05
step    290 | train_loss 2.1075 | lr 1.59e-05
step    300 | train_loss 2.0378 | lr 1.50e-05
step    300 | val_loss 2.1571 | val_ppl 8.65
step    310 | train_loss 1.9835 | lr 1.42e-05
step    320 | train_loss 2.2378 | lr 1.33e-05
step    330 | train_loss 2.2005 | lr 1.25e-05
step    340 | train_loss 2.3269 | lr 1.17e-05
step    350 | train_loss 2.0996 | lr 1.09e-05
step    360 | train_loss 2.1277 | lr 1.01e-05
step    370 | train_loss 2.2584 | lr 9.41e-06
step    375 | val_loss 2.1481 | val_ppl 8.57
step    380 | train_loss 2.1500 | lr 8.70e-06
step    390 | train_loss 2.3351 | lr 8.02e-06
step    400 | train_loss 1.9333 | lr 7.37e-06
step    410 | train_loss 1.9509 | lr 6.76e-06
step    420 | train_loss 2.1908 | lr 6.19e-06
step    430 | train_loss 2.2073 | lr 5.66e-06
step    440 | train_loss 2.3793 | lr 5.17e-06
step    450 | train_loss 2.1029 | lr 4.73e-06
step    450 | val_loss 2.1397 | val_ppl 8.50
step    460 | train_loss 2.0198 | lr 4.34e-06
step    470 | train_loss 2.2082 | lr 3.99e-06
step    480 | train_loss 2.1943 | lr 3.70e-06
step    490 | train_loss 2.1992 | lr 3.45e-06
step    500 | train_loss 2.0144 | lr 3.26e-06
step    510 | train_loss 2.0457 | lr 3.12e-06
step    520 | train_loss 2.0404 | lr 3.03e-06
step    525 | val_loss 2.1347 | val_ppl 8.45
step    530 | train_loss 2.1849 | lr 3.00e-06
step    530 | val_loss 2.1343 | val_ppl 8.45
Saved checkpoint to /home/system/projects/AuthLLM/checkpoints/lr_scaling/alpaca_third_unpacked_530_lr3e-05_seed1339/step_530.pt
