Data: 16,956 train / 346 val examples (0 dropped as longer than 512 tokens)
Model: medium (123,587,328 parameters), initialized from /home/system/projects/AuthLLM/checkpoints/medium/step_20000.pt (step 20000)
step     10 | train_loss 2.4380 | lr 9.09e-06
step     20 | train_loss 2.4576 | lr 1.82e-05
step     30 | train_loss 2.3108 | lr 2.73e-05
step     40 | train_loss 2.2744 | lr 3.00e-05
step     50 | train_loss 1.9443 | lr 2.99e-05
step     60 | train_loss 2.2457 | lr 2.98e-05
step     70 | train_loss 2.1858 | lr 2.97e-05
step     75 | val_loss 2.1514 | val_ppl 8.60
step     80 | train_loss 2.3452 | lr 2.94e-05
step     90 | train_loss 2.2485 | lr 2.92e-05
step    100 | train_loss 2.0749 | lr 2.88e-05
step    110 | train_loss 2.3518 | lr 2.85e-05
step    120 | train_loss 2.1265 | lr 2.81e-05
step    130 | train_loss 2.0951 | lr 2.76e-05
step    140 | train_loss 2.3544 | lr 2.71e-05
step    150 | train_loss 1.9141 | lr 2.65e-05
step    150 | val_loss 2.1030 | val_ppl 8.19
step    160 | train_loss 2.1231 | lr 2.59e-05
step    170 | train_loss 2.1438 | lr 2.53e-05
step    180 | train_loss 2.1213 | lr 2.46e-05
step    190 | train_loss 2.1538 | lr 2.40e-05
step    200 | train_loss 1.9523 | lr 2.32e-05
step    210 | train_loss 1.8983 | lr 2.25e-05
step    220 | train_loss 2.2235 | lr 2.17e-05
step    225 | val_loss 2.0807 | val_ppl 8.01
step    230 | train_loss 2.2113 | lr 2.09e-05
step    240 | train_loss 1.9846 | lr 2.01e-05
step    250 | train_loss 2.0758 | lr 1.93e-05
step    260 | train_loss 2.1468 | lr 1.84e-05
step    270 | train_loss 2.1593 | lr 1.76e-05
step    280 | train_loss 1.9558 | lr 1.67e-05
step    290 | train_loss 2.1209 | lr 1.59e-05
step    300 | train_loss 2.0806 | lr 1.50e-05
step    300 | val_loss 2.0656 | val_ppl 7.89
step    310 | train_loss 2.1067 | lr 1.42e-05
step    320 | train_loss 1.9869 | lr 1.33e-05
step    330 | train_loss 2.1408 | lr 1.25e-05
step    340 | train_loss 1.9183 | lr 1.17e-05
step    350 | train_loss 2.1706 | lr 1.09e-05
step    360 | train_loss 2.0777 | lr 1.01e-05
step    370 | train_loss 2.0734 | lr 9.41e-06
step    375 | val_loss 2.0572 | val_ppl 7.82
step    380 | train_loss 2.0911 | lr 8.70e-06
step    390 | train_loss 2.0529 | lr 8.02e-06
step    400 | train_loss 2.1232 | lr 7.37e-06
step    410 | train_loss 2.1046 | lr 6.76e-06
step    420 | train_loss 2.1974 | lr 6.19e-06
step    430 | train_loss 2.3407 | lr 5.66e-06
step    440 | train_loss 1.9693 | lr 5.17e-06
step    450 | train_loss 2.0769 | lr 4.73e-06
step    450 | val_loss 2.0499 | val_ppl 7.77
step    460 | train_loss 2.0218 | lr 4.34e-06
step    470 | train_loss 2.2273 | lr 3.99e-06
step    480 | train_loss 2.2271 | lr 3.70e-06
step    490 | train_loss 2.0024 | lr 3.45e-06
step    500 | train_loss 1.9393 | lr 3.26e-06
step    510 | train_loss 1.8848 | lr 3.12e-06
step    520 | train_loss 2.1546 | lr 3.03e-06
step    525 | val_loss 2.0464 | val_ppl 7.74
step    530 | train_loss 2.0332 | lr 3.00e-06
step    530 | val_loss 2.0463 | val_ppl 7.74
Saved checkpoint to /home/system/projects/AuthLLM/checkpoints/lr_scaling/alpaca_mid_unpacked_530_lr3e-05_seed1339/step_530.pt
