Data: 16,956 train / 346 val examples (0 dropped as longer than 512 tokens)
Model: medium (123,587,328 parameters), initialized from /home/system/projects/AuthLLM/checkpoints/medium/step_20000.pt (step 20000)
step     10 | train_loss 2.3381 | lr 9.09e-06
step     20 | train_loss 2.2382 | lr 1.82e-05
step     30 | train_loss 2.2941 | lr 2.73e-05
step     40 | train_loss 2.1168 | lr 3.00e-05
step     50 | train_loss 2.1946 | lr 2.99e-05
step     60 | train_loss 2.0663 | lr 2.98e-05
step     70 | train_loss 2.1743 | lr 2.97e-05
step     75 | val_loss 2.2718 | val_ppl 9.70
step     80 | train_loss 1.9618 | lr 2.94e-05
step     90 | train_loss 2.2313 | lr 2.92e-05
step    100 | train_loss 2.2927 | lr 2.88e-05
step    110 | train_loss 2.1763 | lr 2.85e-05
step    120 | train_loss 2.2141 | lr 2.81e-05
step    130 | train_loss 2.3173 | lr 2.76e-05
step    140 | train_loss 2.2553 | lr 2.71e-05
step    150 | train_loss 2.3729 | lr 2.65e-05
step    150 | val_loss 2.2326 | val_ppl 9.32
step    160 | train_loss 2.0340 | lr 2.59e-05
step    170 | train_loss 2.1922 | lr 2.53e-05
step    180 | train_loss 2.2544 | lr 2.46e-05
step    190 | train_loss 2.2197 | lr 2.40e-05
step    200 | train_loss 2.1659 | lr 2.32e-05
step    210 | train_loss 2.1998 | lr 2.25e-05
step    220 | train_loss 2.2009 | lr 2.17e-05
step    225 | val_loss 2.2093 | val_ppl 9.11
step    230 | train_loss 2.1536 | lr 2.09e-05
step    240 | train_loss 2.1369 | lr 2.01e-05
step    250 | train_loss 2.0479 | lr 1.93e-05
step    260 | train_loss 2.0894 | lr 1.84e-05
step    270 | train_loss 2.0020 | lr 1.76e-05
step    280 | train_loss 2.1267 | lr 1.67e-05
step    290 | train_loss 2.0814 | lr 1.59e-05
step    300 | train_loss 2.2191 | lr 1.50e-05
step    300 | val_loss 2.1958 | val_ppl 8.99
step    310 | train_loss 2.1201 | lr 1.42e-05
step    320 | train_loss 2.0650 | lr 1.33e-05
step    330 | train_loss 2.1783 | lr 1.25e-05
step    340 | train_loss 2.1369 | lr 1.17e-05
step    350 | train_loss 2.0006 | lr 1.09e-05
step    360 | train_loss 2.1451 | lr 1.01e-05
step    370 | train_loss 2.0906 | lr 9.41e-06
step    375 | val_loss 2.1872 | val_ppl 8.91
step    380 | train_loss 2.1445 | lr 8.70e-06
step    390 | train_loss 2.1335 | lr 8.02e-06
step    400 | train_loss 2.2530 | lr 7.37e-06
step    410 | train_loss 1.9524 | lr 6.76e-06
step    420 | train_loss 2.1226 | lr 6.19e-06
step    430 | train_loss 2.0526 | lr 5.66e-06
step    440 | train_loss 2.2659 | lr 5.17e-06
step    450 | train_loss 2.0539 | lr 4.73e-06
step    450 | val_loss 2.1815 | val_ppl 8.86
step    460 | train_loss 2.3562 | lr 4.34e-06
step    470 | train_loss 1.9809 | lr 3.99e-06
step    480 | train_loss 2.2152 | lr 3.70e-06
step    490 | train_loss 2.2982 | lr 3.45e-06
step    500 | train_loss 2.2643 | lr 3.26e-06
step    510 | train_loss 2.2563 | lr 3.12e-06
step    520 | train_loss 1.9688 | lr 3.03e-06
step    525 | val_loss 2.1777 | val_ppl 8.83
step    530 | train_loss 2.1339 | lr 3.00e-06
step    530 | val_loss 2.1776 | val_ppl 8.83
Saved checkpoint to /home/system/projects/AuthLLM/checkpoints/lr_scaling/alpaca_long_unpacked_530_lr3e-05_seed1338/step_530.pt
