Data: 16,956 train / 346 val examples (0 dropped as longer than 512 tokens)
Model: medium (123,587,328 parameters), initialized from /home/system/projects/AuthLLM/checkpoints/medium/step_20000.pt (step 20000)
step     10 | train_loss 2.5052 | lr 9.99e-06
step     16 | val_loss 2.3318 | val_ppl 10.30
step     20 | train_loss 2.3316 | lr 9.74e-06
step     30 | train_loss 2.2132 | lr 9.16e-06
step     32 | val_loss 2.2806 | val_ppl 9.78
step     40 | train_loss 2.3955 | lr 8.28e-06
step     48 | val_loss 2.2571 | val_ppl 9.56
step     50 | train_loss 2.2259 | lr 7.18e-06
step     60 | train_loss 2.2968 | lr 5.95e-06
step     64 | val_loss 2.2455 | val_ppl 9.45
step     70 | train_loss 2.3070 | lr 4.68e-06
step     80 | train_loss 2.3287 | lr 3.47e-06
step     80 | val_loss 2.2387 | val_ppl 9.38
step     90 | train_loss 2.1875 | lr 2.43e-06
step     96 | val_loss 2.2346 | val_ppl 9.34
step    100 | train_loss 2.1410 | lr 1.64e-06
step    110 | train_loss 2.0761 | lr 1.15e-06
step    112 | val_loss 2.2325 | val_ppl 9.32
step    118 | train_loss 2.2576 | lr 1.00e-06
step    118 | val_loss 2.2319 | val_ppl 9.32
Saved checkpoint to /home/system/projects/AuthLLM/checkpoints/lr_scaling/alpaca_third_unpacked_118_lr1e-05_seed1337/step_118.pt
