Data: 50,867 train / 1,039 val examples (68 dropped as longer than 512 tokens)
Model: medium (123,587,328 parameters), initialized from /home/system/projects/AuthLLM/checkpoints/medium/step_20000.pt (step 20000)
step     10 | train_loss 2.6719 | lr 3.00e-06
step     20 | train_loss 2.3544 | lr 6.00e-06
step     30 | train_loss 2.4608 | lr 9.00e-06
step     40 | train_loss 2.5389 | lr 1.20e-05
step     50 | train_loss 2.4575 | lr 1.50e-05
step     60 | train_loss 2.2259 | lr 1.80e-05
step     70 | train_loss 2.0527 | lr 2.10e-05
step     80 | train_loss 2.1397 | lr 2.40e-05
step     90 | train_loss 2.4655 | lr 2.70e-05
step    100 | train_loss 2.2892 | lr 3.00e-05
step    110 | train_loss 2.4220 | lr 3.00e-05
step    120 | train_loss 1.9245 | lr 3.00e-05
step    130 | train_loss 2.0500 | lr 3.00e-05
step    140 | train_loss 2.1167 | lr 3.00e-05
step    150 | train_loss 2.1930 | lr 2.99e-05
step    160 | train_loss 2.1222 | lr 2.99e-05
step    170 | train_loss 2.0919 | lr 2.99e-05
step    180 | train_loss 2.3114 | lr 2.98e-05
step    190 | train_loss 2.2894 | lr 2.98e-05
step    200 | train_loss 2.3548 | lr 2.97e-05
step    210 | train_loss 2.1323 | lr 2.96e-05
step    220 | train_loss 2.2828 | lr 2.96e-05
step    228 | val_loss 2.2417 | val_ppl 9.41
step    230 | train_loss 1.9892 | lr 2.95e-05
step    240 | train_loss 2.1404 | lr 2.94e-05
step    250 | train_loss 2.1204 | lr 2.93e-05
step    260 | train_loss 2.1451 | lr 2.93e-05
step    270 | train_loss 2.1217 | lr 2.92e-05
step    280 | train_loss 2.1568 | lr 2.91e-05
step    290 | train_loss 2.1431 | lr 2.90e-05
step    300 | train_loss 2.5149 | lr 2.88e-05
step    310 | train_loss 2.1852 | lr 2.87e-05
step    320 | train_loss 2.1925 | lr 2.86e-05
step    330 | train_loss 2.0688 | lr 2.85e-05
step    340 | train_loss 2.3727 | lr 2.83e-05
step    350 | train_loss 2.1529 | lr 2.82e-05
step    360 | train_loss 2.2067 | lr 2.81e-05
step    370 | train_loss 2.1048 | lr 2.79e-05
step    380 | train_loss 2.2552 | lr 2.78e-05
step    390 | train_loss 2.1286 | lr 2.76e-05
step    400 | train_loss 2.1746 | lr 2.74e-05
step    410 | train_loss 2.2843 | lr 2.73e-05
step    420 | train_loss 2.1170 | lr 2.71e-05
step    430 | train_loss 2.1063 | lr 2.69e-05
step    440 | train_loss 2.1413 | lr 2.67e-05
step    450 | train_loss 2.1092 | lr 2.66e-05
step    456 | val_loss 2.2028 | val_ppl 9.05
step    460 | train_loss 1.8911 | lr 2.64e-05
step    470 | train_loss 2.1166 | lr 2.62e-05
step    480 | train_loss 1.9279 | lr 2.60e-05
step    490 | train_loss 2.0693 | lr 2.58e-05
step    500 | train_loss 2.1921 | lr 2.56e-05
step    510 | train_loss 2.1437 | lr 2.53e-05
step    520 | train_loss 2.0244 | lr 2.51e-05
step    530 | train_loss 2.0700 | lr 2.49e-05
step    540 | train_loss 2.2385 | lr 2.47e-05
step    550 | train_loss 2.1646 | lr 2.45e-05
step    560 | train_loss 1.8274 | lr 2.42e-05
step    570 | train_loss 2.2797 | lr 2.40e-05
step    580 | train_loss 2.1150 | lr 2.38e-05
step    590 | train_loss 1.9663 | lr 2.35e-05
step    600 | train_loss 2.0989 | lr 2.33e-05
step    610 | train_loss 2.0355 | lr 2.30e-05
step    620 | train_loss 1.9421 | lr 2.28e-05
step    630 | train_loss 2.1323 | lr 2.25e-05
step    640 | train_loss 2.1781 | lr 2.23e-05
step    650 | train_loss 2.3651 | lr 2.20e-05
step    660 | train_loss 1.9587 | lr 2.18e-05
step    670 | train_loss 2.1236 | lr 2.15e-05
step    680 | train_loss 2.0970 | lr 2.12e-05
step    684 | val_loss 2.1862 | val_ppl 8.90
step    690 | train_loss 2.0781 | lr 2.10e-05
step    700 | train_loss 2.0487 | lr 2.07e-05
step    710 | train_loss 2.1622 | lr 2.04e-05
step    720 | train_loss 2.0191 | lr 2.02e-05
step    730 | train_loss 2.1671 | lr 1.99e-05
step    740 | train_loss 2.1197 | lr 1.96e-05
step    750 | train_loss 2.1228 | lr 1.93e-05
step    760 | train_loss 2.1757 | lr 1.91e-05
step    770 | train_loss 2.0720 | lr 1.88e-05
step    780 | train_loss 2.2733 | lr 1.85e-05
step    790 | train_loss 2.1400 | lr 1.82e-05
step    800 | train_loss 2.0511 | lr 1.79e-05
step    810 | train_loss 2.2645 | lr 1.77e-05
step    820 | train_loss 2.2762 | lr 1.74e-05
step    830 | train_loss 2.1459 | lr 1.71e-05
step    840 | train_loss 2.0403 | lr 1.68e-05
step    850 | train_loss 2.1850 | lr 1.65e-05
step    860 | train_loss 2.3783 | lr 1.62e-05
step    870 | train_loss 2.0444 | lr 1.60e-05
step    880 | train_loss 2.2243 | lr 1.57e-05
step    890 | train_loss 2.2686 | lr 1.54e-05
step    900 | train_loss 1.9093 | lr 1.51e-05
step    910 | train_loss 2.1250 | lr 1.48e-05
step    912 | val_loss 2.1729 | val_ppl 8.78
step    920 | train_loss 2.1559 | lr 1.46e-05
step    930 | train_loss 2.2620 | lr 1.43e-05
step    940 | train_loss 1.9429 | lr 1.40e-05
step    950 | train_loss 1.9080 | lr 1.37e-05
step    960 | train_loss 2.1682 | lr 1.34e-05
step    970 | train_loss 2.2753 | lr 1.32e-05
step    980 | train_loss 2.3941 | lr 1.29e-05
step    990 | train_loss 2.0470 | lr 1.26e-05
step   1000 | train_loss 2.2229 | lr 1.24e-05
step   1010 | train_loss 2.1252 | lr 1.21e-05
step   1020 | train_loss 2.2470 | lr 1.18e-05
step   1030 | train_loss 2.1905 | lr 1.16e-05
step   1040 | train_loss 2.1207 | lr 1.13e-05
step   1050 | train_loss 2.1078 | lr 1.10e-05
step   1060 | train_loss 1.9592 | lr 1.08e-05
step   1070 | train_loss 1.8177 | lr 1.05e-05
step   1080 | train_loss 1.9550 | lr 1.03e-05
step   1090 | train_loss 2.1688 | lr 1.00e-05
step   1100 | train_loss 2.0012 | lr 9.77e-06
step   1110 | train_loss 2.1614 | lr 9.53e-06
step   1120 | train_loss 2.0935 | lr 9.29e-06
step   1130 | train_loss 2.1081 | lr 9.05e-06
step   1140 | train_loss 1.9890 | lr 8.82e-06
step   1140 | val_loss 2.1638 | val_ppl 8.70
step   1150 | train_loss 2.1361 | lr 8.59e-06
step   1160 | train_loss 2.0407 | lr 8.36e-06
step   1170 | train_loss 2.1137 | lr 8.14e-06
step   1180 | train_loss 2.0226 | lr 7.92e-06
step   1190 | train_loss 2.2815 | lr 7.70e-06
step   1200 | train_loss 2.1444 | lr 7.49e-06
step   1210 | train_loss 2.3698 | lr 7.28e-06
step   1220 | train_loss 2.1027 | lr 7.07e-06
step   1230 | train_loss 2.1316 | lr 6.87e-06
step   1240 | train_loss 1.9998 | lr 6.68e-06
step   1250 | train_loss 1.9326 | lr 6.49e-06
step   1260 | train_loss 2.2270 | lr 6.30e-06
step   1270 | train_loss 2.1452 | lr 6.12e-06
step   1280 | train_loss 2.1648 | lr 5.94e-06
step   1290 | train_loss 1.9812 | lr 5.76e-06
step   1300 | train_loss 1.8764 | lr 5.59e-06
step   1310 | train_loss 1.9182 | lr 5.43e-06
step   1320 | train_loss 2.0893 | lr 5.27e-06
step   1330 | train_loss 2.1758 | lr 5.12e-06
step   1340 | train_loss 2.0917 | lr 4.97e-06
step   1350 | train_loss 2.1953 | lr 4.82e-06
step   1360 | train_loss 2.0363 | lr 4.68e-06
step   1368 | val_loss 2.1579 | val_ppl 8.65
step   1370 | train_loss 2.2863 | lr 4.55e-06
step   1380 | train_loss 1.9647 | lr 4.42e-06
step   1390 | train_loss 2.1444 | lr 4.30e-06
step   1400 | train_loss 2.2310 | lr 4.18e-06
step   1410 | train_loss 2.1654 | lr 4.07e-06
step   1420 | train_loss 2.0701 | lr 3.96e-06
step   1430 | train_loss 2.0346 | lr 3.86e-06
step   1440 | train_loss 1.9621 | lr 3.76e-06
step   1450 | train_loss 2.0982 | lr 3.67e-06
step   1460 | train_loss 2.2412 | lr 3.58e-06
step   1470 | train_loss 1.9468 | lr 3.50e-06
step   1480 | train_loss 2.2537 | lr 3.43e-06
step   1490 | train_loss 2.1816 | lr 3.36e-06
step   1500 | train_loss 2.1846 | lr 3.30e-06
step   1510 | train_loss 2.2799 | lr 3.24e-06
step   1520 | train_loss 2.0063 | lr 3.19e-06
step   1530 | train_loss 2.0880 | lr 3.15e-06
step   1540 | train_loss 2.1474 | lr 3.11e-06
step   1550 | train_loss 2.0094 | lr 3.08e-06
step   1560 | train_loss 2.0927 | lr 3.05e-06
step   1570 | train_loss 2.0223 | lr 3.03e-06
step   1580 | train_loss 1.8479 | lr 3.01e-06
step   1590 | train_loss 2.1277 | lr 3.00e-06
step   1596 | val_loss 2.1547 | val_ppl 8.63
step   1600 | train_loss 1.7622 | lr 3.00e-06
step   1600 | val_loss 2.1548 | val_ppl 8.63
Saved checkpoint to /home/system/projects/AuthLLM/checkpoints/lr_scaling/alpaca_unpacked_1600_lr3e-05_seed1339/step_1600.pt
