Data: 50,868 train / 1,038 val examples (68 dropped as longer than 512 tokens)
Packing: 50,868 examples into 11,220 windows (4.5 per window, 98.8% of positions used)
Model: medium (123,587,328 parameters), initialized from /home/system/projects/AuthLLM/checkpoints/medium/step_20000.pt (step 20000)
step     10 | train_loss 2.2876 | lr 1.14e-04
step     20 | train_loss 2.2605 | lr 2.27e-04
step     30 | train_loss 2.1686 | lr 2.50e-04
step     40 | train_loss 2.2188 | lr 2.49e-04
step     50 | train_loss 2.1462 | lr 2.46e-04
step     50 | val_loss 2.2229 | val_ppl 9.23
step     60 | train_loss 2.2216 | lr 2.43e-04
step     70 | train_loss 2.2002 | lr 2.39e-04
step     80 | train_loss 2.2878 | lr 2.34e-04
step     90 | train_loss 2.1923 | lr 2.28e-04
step    100 | train_loss 2.2854 | lr 2.21e-04
step    100 | val_loss 2.1886 | val_ppl 8.92
step    110 | train_loss 2.2547 | lr 2.13e-04
step    120 | train_loss 2.2158 | lr 2.05e-04
step    130 | train_loss 2.1783 | lr 1.96e-04
step    140 | train_loss 2.1984 | lr 1.86e-04
step    150 | train_loss 2.1567 | lr 1.77e-04
step    150 | val_loss 2.1441 | val_ppl 8.53
step    160 | train_loss 2.1555 | lr 1.66e-04
step    170 | train_loss 2.1155 | lr 1.56e-04
step    180 | train_loss 2.1507 | lr 1.45e-04
step    190 | train_loss 2.1307 | lr 1.34e-04
step    200 | train_loss 2.2252 | lr 1.24e-04
step    200 | val_loss 2.1012 | val_ppl 8.18
step    210 | train_loss 2.1225 | lr 1.13e-04
step    220 | train_loss 1.9090 | lr 1.03e-04
step    230 | train_loss 2.1348 | lr 9.25e-05
step    240 | train_loss 2.0918 | lr 8.28e-05
step    250 | train_loss 2.0856 | lr 7.37e-05
step    250 | val_loss 2.0705 | val_ppl 7.93
step    260 | train_loss 2.0995 | lr 6.51e-05
step    270 | train_loss 2.1393 | lr 5.72e-05
step    280 | train_loss 2.1104 | lr 5.00e-05
step    290 | train_loss 2.0304 | lr 4.37e-05
step    300 | train_loss 2.0361 | lr 3.82e-05
step    300 | val_loss 2.0448 | val_ppl 7.73
step    310 | train_loss 2.0339 | lr 3.36e-05
step    320 | train_loss 1.9728 | lr 2.99e-05
step    330 | train_loss 2.2980 | lr 2.73e-05
step    340 | train_loss 2.0059 | lr 2.56e-05
step    350 | train_loss 2.0167 | lr 2.50e-05
step    350 | val_loss 2.0319 | val_ppl 7.63
Saved checkpoint to /home/system/projects/AuthLLM/checkpoints/lr_scaling/alpaca_packed_350_lr0.00025_seed1337/step_350.pt
