Data: 50,868 train / 1,038 val examples (68 dropped as longer than 512 tokens)
Model: small (29,938,560 parameters), initialized from checkpoints/small/step_18000.pt (step 18000)
step     10 | train_loss 3.3221 | lr 2.00e-06
step     20 | train_loss 3.1484 | lr 4.00e-06
step     30 | train_loss 2.8889 | lr 6.00e-06
step     40 | train_loss 2.8027 | lr 8.00e-06
step     50 | train_loss 2.9041 | lr 1.00e-05
step     60 | train_loss 3.0405 | lr 1.20e-05
step     70 | train_loss 2.5308 | lr 1.40e-05
step     80 | train_loss 2.6959 | lr 1.60e-05
step     90 | train_loss 2.6199 | lr 1.80e-05
step    100 | train_loss 2.7325 | lr 2.00e-05
step    110 | train_loss 2.8478 | lr 2.00e-05
step    120 | train_loss 2.8544 | lr 2.00e-05
step    130 | train_loss 2.6182 | lr 2.00e-05
step    140 | train_loss 2.8491 | lr 2.00e-05
step    150 | train_loss 2.8607 | lr 2.00e-05
step    160 | train_loss 2.7359 | lr 1.99e-05
step    170 | train_loss 2.7458 | lr 1.99e-05
step    180 | train_loss 2.9663 | lr 1.99e-05
step    190 | train_loss 2.8867 | lr 1.98e-05
step    200 | train_loss 2.6970 | lr 1.98e-05
step    210 | train_loss 2.6210 | lr 1.98e-05
step    220 | train_loss 2.7226 | lr 1.97e-05
step    228 | val_loss 2.7082 | val_ppl 15.00
step    230 | train_loss 2.7274 | lr 1.97e-05
step    240 | train_loss 2.7584 | lr 1.96e-05
step    250 | train_loss 2.6690 | lr 1.96e-05
step    260 | train_loss 2.6288 | lr 1.95e-05
step    270 | train_loss 2.6503 | lr 1.94e-05
step    280 | train_loss 2.7012 | lr 1.94e-05
step    290 | train_loss 2.5834 | lr 1.93e-05
step    300 | train_loss 2.7376 | lr 1.92e-05
step    310 | train_loss 2.7736 | lr 1.92e-05
step    320 | train_loss 2.6506 | lr 1.91e-05
step    330 | train_loss 3.0604 | lr 1.90e-05
step    340 | train_loss 2.5802 | lr 1.89e-05
step    350 | train_loss 2.7562 | lr 1.88e-05
step    360 | train_loss 2.7084 | lr 1.87e-05
step    370 | train_loss 2.5637 | lr 1.86e-05
step    380 | train_loss 2.6698 | lr 1.85e-05
step    390 | train_loss 2.7794 | lr 1.84e-05
step    400 | train_loss 2.6178 | lr 1.83e-05
step    410 | train_loss 2.6745 | lr 1.82e-05
step    420 | train_loss 2.7524 | lr 1.81e-05
step    430 | train_loss 2.7219 | lr 1.79e-05
step    440 | train_loss 2.6924 | lr 1.78e-05
step    450 | train_loss 2.8852 | lr 1.77e-05
step    456 | val_loss 2.6521 | val_ppl 14.18
step    460 | train_loss 2.4714 | lr 1.76e-05
step    470 | train_loss 2.8648 | lr 1.74e-05
step    480 | train_loss 2.7834 | lr 1.73e-05
step    490 | train_loss 2.7865 | lr 1.72e-05
step    500 | train_loss 2.5447 | lr 1.70e-05
step    510 | train_loss 2.7039 | lr 1.69e-05
step    520 | train_loss 2.6997 | lr 1.68e-05
step    530 | train_loss 2.4922 | lr 1.66e-05
step    540 | train_loss 2.7284 | lr 1.65e-05
step    550 | train_loss 2.6706 | lr 1.63e-05
step    560 | train_loss 2.6281 | lr 1.62e-05
step    570 | train_loss 2.5487 | lr 1.60e-05
step    580 | train_loss 2.7088 | lr 1.58e-05
step    590 | train_loss 2.5606 | lr 1.57e-05
step    600 | train_loss 2.5663 | lr 1.55e-05
step    610 | train_loss 2.6746 | lr 1.54e-05
step    620 | train_loss 2.7589 | lr 1.52e-05
step    630 | train_loss 2.5459 | lr 1.50e-05
step    640 | train_loss 2.7611 | lr 1.48e-05
step    650 | train_loss 2.7503 | lr 1.47e-05
step    660 | train_loss 2.6510 | lr 1.45e-05
step    670 | train_loss 2.6761 | lr 1.43e-05
step    680 | train_loss 2.3347 | lr 1.42e-05
step    684 | val_loss 2.6236 | val_ppl 13.79
step    690 | train_loss 2.6914 | lr 1.40e-05
step    700 | train_loss 2.6154 | lr 1.38e-05
step    710 | train_loss 2.6046 | lr 1.36e-05
step    720 | train_loss 2.6020 | lr 1.34e-05
step    730 | train_loss 2.6585 | lr 1.33e-05
step    740 | train_loss 2.6464 | lr 1.31e-05
step    750 | train_loss 2.5498 | lr 1.29e-05
step    760 | train_loss 2.6295 | lr 1.27e-05
step    770 | train_loss 2.6383 | lr 1.25e-05
step    780 | train_loss 2.6597 | lr 1.23e-05
step    790 | train_loss 2.9694 | lr 1.21e-05
step    800 | train_loss 2.5619 | lr 1.20e-05
step    810 | train_loss 2.5992 | lr 1.18e-05
step    820 | train_loss 2.4973 | lr 1.16e-05
step    830 | train_loss 2.6632 | lr 1.14e-05
step    840 | train_loss 2.5491 | lr 1.12e-05
step    850 | train_loss 2.5925 | lr 1.10e-05
step    860 | train_loss 2.5269 | lr 1.08e-05
step    870 | train_loss 2.3890 | lr 1.06e-05
step    880 | train_loss 2.5594 | lr 1.05e-05
step    890 | train_loss 2.6713 | lr 1.03e-05
step    900 | train_loss 2.9036 | lr 1.01e-05
step    910 | train_loss 2.2786 | lr 9.89e-06
step    912 | val_loss 2.6107 | val_ppl 13.61
step    920 | train_loss 2.5569 | lr 9.70e-06
step    930 | train_loss 2.6952 | lr 9.52e-06
step    940 | train_loss 2.5256 | lr 9.33e-06
step    950 | train_loss 2.8020 | lr 9.15e-06
step    960 | train_loss 2.9633 | lr 8.96e-06
step    970 | train_loss 2.6330 | lr 8.78e-06
step    980 | train_loss 2.6651 | lr 8.60e-06
step    990 | train_loss 2.6633 | lr 8.42e-06
step   1000 | train_loss 2.2988 | lr 8.24e-06
step   1010 | train_loss 2.7234 | lr 8.06e-06
step   1020 | train_loss 2.5453 | lr 7.88e-06
step   1030 | train_loss 2.7917 | lr 7.70e-06
step   1040 | train_loss 2.8164 | lr 7.53e-06
step   1050 | train_loss 2.6515 | lr 7.36e-06
step   1060 | train_loss 2.8340 | lr 7.19e-06
step   1070 | train_loss 2.6158 | lr 7.02e-06
step   1080 | train_loss 2.4405 | lr 6.85e-06
step   1090 | train_loss 2.6287 | lr 6.68e-06
step   1100 | train_loss 2.3938 | lr 6.52e-06
step   1110 | train_loss 2.6468 | lr 6.35e-06
step   1120 | train_loss 2.5944 | lr 6.19e-06
step   1130 | train_loss 2.5519 | lr 6.04e-06
step   1140 | train_loss 2.6047 | lr 5.88e-06
step   1140 | val_loss 2.5994 | val_ppl 13.46
step   1150 | train_loss 2.8472 | lr 5.73e-06
step   1160 | train_loss 2.7604 | lr 5.57e-06
step   1170 | train_loss 2.7614 | lr 5.42e-06
step   1180 | train_loss 2.3310 | lr 5.28e-06
step   1190 | train_loss 2.7235 | lr 5.13e-06
step   1200 | train_loss 2.7794 | lr 4.99e-06
step   1210 | train_loss 2.3981 | lr 4.85e-06
step   1220 | train_loss 2.5619 | lr 4.72e-06
step   1230 | train_loss 2.6426 | lr 4.58e-06
step   1240 | train_loss 2.5320 | lr 4.45e-06
step   1250 | train_loss 2.7392 | lr 4.32e-06
step   1260 | train_loss 2.4695 | lr 4.20e-06
step   1270 | train_loss 2.5219 | lr 4.08e-06
step   1280 | train_loss 2.7057 | lr 3.96e-06
step   1290 | train_loss 2.3743 | lr 3.84e-06
step   1300 | train_loss 2.9645 | lr 3.73e-06
step   1310 | train_loss 2.4812 | lr 3.62e-06
step   1320 | train_loss 2.4382 | lr 3.51e-06
step   1330 | train_loss 2.8771 | lr 3.41e-06
step   1340 | train_loss 2.5995 | lr 3.31e-06
step   1350 | train_loss 2.6443 | lr 3.22e-06
step   1360 | train_loss 2.8660 | lr 3.12e-06
step   1368 | val_loss 2.5922 | val_ppl 13.36
step   1370 | train_loss 2.5347 | lr 3.03e-06
step   1380 | train_loss 2.7341 | lr 2.95e-06
step   1390 | train_loss 2.4030 | lr 2.86e-06
step   1400 | train_loss 2.7556 | lr 2.79e-06
step   1410 | train_loss 2.5199 | lr 2.71e-06
step   1420 | train_loss 2.6557 | lr 2.64e-06
step   1430 | train_loss 2.6982 | lr 2.57e-06
step   1440 | train_loss 2.6741 | lr 2.51e-06
step   1450 | train_loss 2.5481 | lr 2.45e-06
step   1460 | train_loss 2.6387 | lr 2.39e-06
step   1470 | train_loss 2.5911 | lr 2.34e-06
step   1480 | train_loss 2.4636 | lr 2.29e-06
step   1490 | train_loss 2.8094 | lr 2.24e-06
step   1500 | train_loss 2.6646 | lr 2.20e-06
step   1510 | train_loss 2.3508 | lr 2.16e-06
step   1520 | train_loss 2.5687 | lr 2.13e-06
step   1530 | train_loss 2.6682 | lr 2.10e-06
step   1540 | train_loss 2.5274 | lr 2.07e-06
step   1550 | train_loss 2.6657 | lr 2.05e-06
step   1560 | train_loss 2.5053 | lr 2.03e-06
step   1570 | train_loss 2.4426 | lr 2.02e-06
step   1580 | train_loss 2.5716 | lr 2.01e-06
step   1590 | train_loss 2.6736 | lr 2.00e-06
step   1596 | val_loss 2.5900 | val_ppl 13.33
step   1600 | train_loss 2.6796 | lr 2.00e-06
step   1600 | val_loss 2.5900 | val_ppl 13.33
Saved checkpoint to /home/system/projects/AuthLLM/checkpoints/lr_scaling/alpaca_unpacked_1600_lr2e-05_seed1337/step_1600.pt
