Data: 50,868 train / 1,038 val examples (68 dropped as longer than 512 tokens)
Model: medium (123,587,328 parameters), initialized from /home/system/projects/AuthLLM/checkpoints/medium/step_20000.pt (step 20000)
step     10 | train_loss 2.3612 | lr 4.09e-05
step     20 | train_loss 2.2025 | lr 8.18e-05
step     30 | train_loss 2.1671 | lr 8.99e-05
step     40 | train_loss 2.2704 | lr 8.95e-05
step     50 | train_loss 2.1092 | lr 8.87e-05
step     50 | val_loss 2.1677 | val_ppl 8.74
step     60 | train_loss 2.1595 | lr 8.75e-05
step     70 | train_loss 2.0895 | lr 8.60e-05
step     80 | train_loss 2.1176 | lr 8.41e-05
step     90 | train_loss 2.1195 | lr 8.19e-05
step    100 | train_loss 2.2172 | lr 7.95e-05
step    100 | val_loss 2.1137 | val_ppl 8.28
step    110 | train_loss 2.1201 | lr 7.67e-05
step    120 | train_loss 2.0920 | lr 7.37e-05
step    130 | train_loss 2.1448 | lr 7.05e-05
step    140 | train_loss 2.1121 | lr 6.71e-05
step    150 | train_loss 2.1547 | lr 6.36e-05
step    150 | val_loss 2.0847 | val_ppl 8.04
step    160 | train_loss 2.0933 | lr 5.99e-05
step    170 | train_loss 2.0847 | lr 5.61e-05
step    180 | train_loss 2.0420 | lr 5.22e-05
step    190 | train_loss 2.1166 | lr 4.83e-05
step    200 | train_loss 2.1816 | lr 4.45e-05
step    200 | val_loss 2.0606 | val_ppl 7.85
step    210 | train_loss 2.0732 | lr 4.07e-05
step    220 | train_loss 2.0952 | lr 3.69e-05
step    230 | train_loss 2.0827 | lr 3.33e-05
step    240 | train_loss 2.0310 | lr 2.98e-05
step    250 | train_loss 2.0937 | lr 2.65e-05
step    250 | val_loss 2.0440 | val_ppl 7.72
step    260 | train_loss 1.9417 | lr 2.34e-05
step    270 | train_loss 2.1520 | lr 2.06e-05
step    280 | train_loss 2.0450 | lr 1.80e-05
step    290 | train_loss 1.9596 | lr 1.57e-05
step    300 | train_loss 2.1172 | lr 1.37e-05
step    300 | val_loss 2.0326 | val_ppl 7.63
step    310 | train_loss 2.0778 | lr 1.21e-05
step    320 | train_loss 2.0731 | lr 1.08e-05
step    330 | train_loss 2.0417 | lr 9.82e-06
step    340 | train_loss 2.1005 | lr 9.22e-06
step    350 | train_loss 2.0818 | lr 9.00e-06
step    350 | val_loss 2.0281 | val_ppl 7.60
Saved checkpoint to /home/system/projects/AuthLLM/checkpoints/lr_scaling/alpaca_wide_350_lr9e-05_seed1337/step_350.pt
