Data: 16,956 train / 346 val examples (0 dropped as longer than 512 tokens)
Packing: 16,956 examples into 3,763 windows (4.5 per window, 98.8% of positions used)
Model: medium (123,587,328 parameters), initialized from /home/system/projects/AuthLLM/checkpoints/medium/step_20000.pt (step 20000)
step     10 | train_loss 2.3111 | lr 1.50e-04
step     16 | val_loss 2.2691 | val_ppl 9.67
step     20 | train_loss 2.2924 | lr 1.46e-04
step     30 | train_loss 2.2557 | lr 1.37e-04
step     32 | val_loss 2.2301 | val_ppl 9.30
step     40 | train_loss 2.0960 | lr 1.24e-04
step     48 | val_loss 2.2033 | val_ppl 9.05
step     50 | train_loss 2.1832 | lr 1.08e-04
step     60 | train_loss 2.1533 | lr 8.92e-05
step     64 | val_loss 2.1701 | val_ppl 8.76
step     70 | train_loss 2.0210 | lr 7.02e-05
step     80 | train_loss 2.1148 | lr 5.21e-05
step     80 | val_loss 2.1535 | val_ppl 8.61
step     90 | train_loss 2.0778 | lr 3.65e-05
step     96 | val_loss 2.1377 | val_ppl 8.48
step    100 | train_loss 2.2048 | lr 2.45e-05
step    110 | train_loss 2.2446 | lr 1.72e-05
step    112 | val_loss 2.1295 | val_ppl 8.41
step    118 | train_loss 2.0601 | lr 1.50e-05
step    118 | val_loss 2.1269 | val_ppl 8.39
Saved checkpoint to /home/system/projects/AuthLLM/checkpoints/lr_scaling/alpaca_third_packed_118_lr0.00015_seed1338/step_118.pt
