Data: 16,956 train / 346 val examples (0 dropped as longer than 512 tokens)
Model: medium (123,587,328 parameters), initialized from /home/system/projects/AuthLLM/checkpoints/medium/step_20000.pt (step 20000)
step     10 | train_loss 2.4592 | lr 2.50e-04
step     16 | val_loss 2.3921 | val_ppl 10.94
step     20 | train_loss 2.3887 | lr 2.44e-04
step     30 | train_loss 2.3469 | lr 2.29e-04
step     32 | val_loss 2.4063 | val_ppl 11.09
step     40 | train_loss 2.5194 | lr 2.07e-04
step     48 | val_loss 2.3998 | val_ppl 11.02
step     50 | train_loss 2.3983 | lr 1.79e-04
step     60 | train_loss 2.4120 | lr 1.49e-04
step     64 | val_loss 2.3663 | val_ppl 10.66
step     70 | train_loss 2.4075 | lr 1.17e-04
step     80 | train_loss 2.3418 | lr 8.69e-05
step     80 | val_loss 2.3431 | val_ppl 10.41
step     90 | train_loss 2.2670 | lr 6.08e-05
step     96 | val_loss 2.3180 | val_ppl 10.15
step    100 | train_loss 2.2029 | lr 4.09e-05
step    110 | train_loss 2.1797 | lr 2.86e-05
step    112 | val_loss 2.2976 | val_ppl 9.95
step    118 | train_loss 2.2949 | lr 2.50e-05
step    118 | val_loss 2.2923 | val_ppl 9.90
Saved checkpoint to /home/system/projects/AuthLLM/checkpoints/lr_scaling/alpaca_third_unpacked_118_lr0.00025_seed1337/step_118.pt
