Data: 50,868 train / 1,038 val examples (68 dropped as longer than 512 tokens)
Packing: 50,868 examples into 11,220 windows (4.5 per window, 98.8% of positions used)
Model: medium (123,587,328 parameters), initialized from /home/system/projects/AuthLLM/checkpoints/medium/step_20000.pt (step 20000)
step     10 | train_loss 2.4845 | lr 4.55e-06
step     20 | train_loss 2.3810 | lr 9.09e-06
step     30 | train_loss 2.2596 | lr 9.99e-06
step     40 | train_loss 2.2341 | lr 9.94e-06
step     50 | train_loss 2.1741 | lr 9.85e-06
step     50 | val_loss 2.2467 | val_ppl 9.46
step     60 | train_loss 2.2503 | lr 9.72e-06
step     70 | train_loss 2.2112 | lr 9.55e-06
step     80 | train_loss 2.2914 | lr 9.35e-06
step     90 | train_loss 2.1793 | lr 9.10e-06
step    100 | train_loss 2.3065 | lr 8.83e-06
step    100 | val_loss 2.1915 | val_ppl 8.95
step    110 | train_loss 2.2542 | lr 8.53e-06
step    120 | train_loss 2.2431 | lr 8.19e-06
step    130 | train_loss 2.1781 | lr 7.84e-06
step    140 | train_loss 2.2071 | lr 7.46e-06
step    150 | train_loss 2.1801 | lr 7.06e-06
step    150 | val_loss 2.1662 | val_ppl 8.73
step    160 | train_loss 2.1562 | lr 6.65e-06
step    170 | train_loss 2.1788 | lr 6.23e-06
step    180 | train_loss 2.2011 | lr 5.80e-06
step    190 | train_loss 2.1784 | lr 5.37e-06
step    200 | train_loss 2.2585 | lr 4.94e-06
step    200 | val_loss 2.1513 | val_ppl 8.60
step    210 | train_loss 2.1712 | lr 4.52e-06
step    220 | train_loss 2.0298 | lr 4.10e-06
step    230 | train_loss 2.1974 | lr 3.70e-06
step    240 | train_loss 2.1365 | lr 3.31e-06
step    250 | train_loss 2.2201 | lr 2.95e-06
step    250 | val_loss 2.1419 | val_ppl 8.52
step    260 | train_loss 2.1874 | lr 2.60e-06
step    270 | train_loss 2.2482 | lr 2.29e-06
step    280 | train_loss 2.2237 | lr 2.00e-06
step    290 | train_loss 2.1349 | lr 1.75e-06
step    300 | train_loss 2.1189 | lr 1.53e-06
step    300 | val_loss 2.1378 | val_ppl 8.48
step    310 | train_loss 2.1575 | lr 1.34e-06
step    320 | train_loss 2.0689 | lr 1.20e-06
step    330 | train_loss 2.3661 | lr 1.09e-06
step    340 | train_loss 2.0789 | lr 1.02e-06
step    350 | train_loss 2.1053 | lr 1.00e-06
step    350 | val_loss 2.1353 | val_ppl 8.46
Saved checkpoint to /home/system/projects/AuthLLM/checkpoints/lr_scaling/alpaca_packed_350_lr1e-05_seed1337/step_350.pt
