Data: 16,956 train / 346 val examples (0 dropped as longer than 512 tokens)
Model: medium (123,587,328 parameters), initialized from /home/system/projects/AuthLLM/checkpoints/medium/step_20000.pt (step 20000)
step     10 | train_loss 2.4311 | lr 1.82e-05
step     20 | train_loss 2.2543 | lr 3.64e-05
step     30 | train_loss 2.3166 | lr 5.45e-05
step     40 | train_loss 2.1845 | lr 6.00e-05
step     50 | train_loss 2.2371 | lr 5.99e-05
step     60 | train_loss 2.2962 | lr 5.96e-05
step     70 | train_loss 2.2458 | lr 5.93e-05
step     75 | val_loss 2.2412 | val_ppl 9.40
step     80 | train_loss 2.1949 | lr 5.89e-05
step     90 | train_loss 2.1531 | lr 5.83e-05
step    100 | train_loss 2.0603 | lr 5.77e-05
step    110 | train_loss 2.3239 | lr 5.69e-05
step    120 | train_loss 2.1737 | lr 5.61e-05
step    130 | train_loss 2.2157 | lr 5.52e-05
step    140 | train_loss 2.2286 | lr 5.42e-05
step    150 | train_loss 2.0511 | lr 5.31e-05
step    150 | val_loss 2.2073 | val_ppl 9.09
step    160 | train_loss 2.1100 | lr 5.19e-05
step    170 | train_loss 2.3140 | lr 5.06e-05
step    180 | train_loss 2.1095 | lr 4.93e-05
step    190 | train_loss 2.1725 | lr 4.79e-05
step    200 | train_loss 2.1641 | lr 4.65e-05
step    210 | train_loss 1.8794 | lr 4.49e-05
step    220 | train_loss 2.0846 | lr 4.34e-05
step    225 | val_loss 2.1858 | val_ppl 8.90
step    230 | train_loss 2.1706 | lr 4.18e-05
step    240 | train_loss 2.0496 | lr 4.02e-05
step    250 | train_loss 2.0997 | lr 3.85e-05
step    260 | train_loss 2.2394 | lr 3.68e-05
step    270 | train_loss 2.1230 | lr 3.51e-05
step    280 | train_loss 2.0618 | lr 3.34e-05
step    290 | train_loss 2.2693 | lr 3.17e-05
step    300 | train_loss 2.2309 | lr 3.00e-05
step    300 | val_loss 2.1701 | val_ppl 8.76
step    310 | train_loss 2.0172 | lr 2.83e-05
step    320 | train_loss 2.1236 | lr 2.67e-05
step    330 | train_loss 2.2137 | lr 2.50e-05
step    340 | train_loss 2.1418 | lr 2.34e-05
step    350 | train_loss 2.1562 | lr 2.18e-05
step    360 | train_loss 2.2086 | lr 2.03e-05
step    370 | train_loss 2.3252 | lr 1.88e-05
step    375 | val_loss 2.1567 | val_ppl 8.64
step    380 | train_loss 2.1466 | lr 1.74e-05
step    390 | train_loss 2.0541 | lr 1.60e-05
step    400 | train_loss 2.1491 | lr 1.47e-05
step    410 | train_loss 2.0853 | lr 1.35e-05
step    420 | train_loss 2.0219 | lr 1.24e-05
step    430 | train_loss 2.5335 | lr 1.13e-05
step    440 | train_loss 2.1299 | lr 1.03e-05
step    450 | train_loss 2.2678 | lr 9.46e-06
step    450 | val_loss 2.1450 | val_ppl 8.54
step    460 | train_loss 2.1344 | lr 8.67e-06
step    470 | train_loss 2.0290 | lr 7.98e-06
step    480 | train_loss 1.6956 | lr 7.39e-06
step    490 | train_loss 2.0945 | lr 6.90e-06
step    500 | train_loss 1.9549 | lr 6.52e-06
step    510 | train_loss 2.1366 | lr 6.24e-06
step    520 | train_loss 2.1813 | lr 6.07e-06
step    525 | val_loss 2.1402 | val_ppl 8.50
step    530 | train_loss 2.1290 | lr 6.00e-06
step    530 | val_loss 2.1395 | val_ppl 8.50
Saved checkpoint to /home/system/projects/AuthLLM/checkpoints/lr_scaling/alpaca_third_unpacked_530_lr6e-05_seed1338/step_530.pt
