Data: 16,956 train / 346 val examples (0 dropped as longer than 512 tokens)
Model: medium (123,587,328 parameters), initialized from /home/system/projects/AuthLLM/checkpoints/medium/step_20000.pt (step 20000)
step     10 | train_loss 2.6672 | lr 9.09e-07
step     20 | train_loss 2.2672 | lr 1.82e-06
step     30 | train_loss 2.3450 | lr 2.73e-06
step     40 | train_loss 2.3707 | lr 3.00e-06
step     50 | train_loss 2.2084 | lr 2.99e-06
step     60 | train_loss 2.5562 | lr 2.98e-06
step     70 | train_loss 2.3722 | lr 2.97e-06
step     75 | val_loss 2.3038 | val_ppl 10.01
step     80 | train_loss 2.3118 | lr 2.94e-06
step     90 | train_loss 2.4452 | lr 2.92e-06
step    100 | train_loss 2.5393 | lr 2.88e-06
step    110 | train_loss 2.4642 | lr 2.85e-06
step    120 | train_loss 2.1589 | lr 2.81e-06
step    130 | train_loss 2.1462 | lr 2.76e-06
step    140 | train_loss 2.3492 | lr 2.71e-06
step    150 | train_loss 2.3225 | lr 2.65e-06
step    150 | val_loss 2.2618 | val_ppl 9.60
step    160 | train_loss 2.3941 | lr 2.59e-06
step    170 | train_loss 2.2081 | lr 2.53e-06
step    180 | train_loss 2.3685 | lr 2.46e-06
step    190 | train_loss 2.0990 | lr 2.40e-06
step    200 | train_loss 2.2262 | lr 2.32e-06
step    210 | train_loss 2.2954 | lr 2.25e-06
step    220 | train_loss 2.3050 | lr 2.17e-06
step    225 | val_loss 2.2418 | val_ppl 9.41
step    230 | train_loss 2.3342 | lr 2.09e-06
step    240 | train_loss 2.3831 | lr 2.01e-06
step    250 | train_loss 2.3596 | lr 1.93e-06
step    260 | train_loss 2.3271 | lr 1.84e-06
step    270 | train_loss 2.2475 | lr 1.76e-06
step    280 | train_loss 2.2549 | lr 1.67e-06
step    290 | train_loss 2.3118 | lr 1.59e-06
step    300 | train_loss 2.4089 | lr 1.50e-06
step    300 | val_loss 2.2293 | val_ppl 9.29
step    310 | train_loss 2.3131 | lr 1.42e-06
step    320 | train_loss 2.1545 | lr 1.33e-06
step    330 | train_loss 2.2055 | lr 1.25e-06
step    340 | train_loss 2.2672 | lr 1.17e-06
step    350 | train_loss 2.3660 | lr 1.09e-06
step    360 | train_loss 2.3320 | lr 1.01e-06
step    370 | train_loss 2.3564 | lr 9.41e-07
step    375 | val_loss 2.2221 | val_ppl 9.23
step    380 | train_loss 2.2887 | lr 8.70e-07
step    390 | train_loss 2.3283 | lr 8.02e-07
step    400 | train_loss 2.2228 | lr 7.37e-07
step    410 | train_loss 2.2438 | lr 6.76e-07
step    420 | train_loss 2.1161 | lr 6.19e-07
step    430 | train_loss 2.2287 | lr 5.66e-07
step    440 | train_loss 2.2195 | lr 5.17e-07
step    450 | train_loss 2.2021 | lr 4.73e-07
step    450 | val_loss 2.2188 | val_ppl 9.20
step    460 | train_loss 2.1963 | lr 4.34e-07
step    470 | train_loss 2.2877 | lr 3.99e-07
step    480 | train_loss 2.2912 | lr 3.70e-07
step    490 | train_loss 2.2320 | lr 3.45e-07
step    500 | train_loss 2.4158 | lr 3.26e-07
step    510 | train_loss 2.2359 | lr 3.12e-07
step    520 | train_loss 2.1791 | lr 3.03e-07
step    525 | val_loss 2.2167 | val_ppl 9.18
step    530 | train_loss 2.2824 | lr 3.00e-07
step    530 | val_loss 2.2166 | val_ppl 9.18
Saved checkpoint to /home/system/projects/AuthLLM/checkpoints/lr_scaling/alpaca_long_unpacked_530_lr3e-06_seed1337/step_530.pt
