Data: 16,956 train / 346 val examples (0 dropped as longer than 512 tokens)
Model: medium (123,587,328 parameters), initialized from /home/system/projects/AuthLLM/checkpoints/medium/step_20000.pt (step 20000)
step     10 | train_loss 2.1027 | lr 2.73e-05
step     20 | train_loss 2.5881 | lr 5.45e-05
step     30 | train_loss 2.2587 | lr 8.18e-05
step     40 | train_loss 2.6218 | lr 9.00e-05
step     50 | train_loss 2.0194 | lr 8.98e-05
step     60 | train_loss 2.2091 | lr 8.95e-05
step     70 | train_loss 2.3534 | lr 8.90e-05
step     75 | val_loss 2.2873 | val_ppl 9.85
step     80 | train_loss 2.3280 | lr 8.83e-05
step     90 | train_loss 2.2360 | lr 8.75e-05
step    100 | train_loss 2.1394 | lr 8.65e-05
step    110 | train_loss 1.8492 | lr 8.54e-05
step    120 | train_loss 2.0348 | lr 8.42e-05
step    130 | train_loss 2.0832 | lr 8.28e-05
step    140 | train_loss 1.8056 | lr 8.12e-05
step    150 | train_loss 2.3088 | lr 7.96e-05
step    150 | val_loss 2.2472 | val_ppl 9.46
step    160 | train_loss 2.1987 | lr 7.78e-05
step    170 | train_loss 1.7705 | lr 7.59e-05
step    180 | train_loss 2.4057 | lr 7.39e-05
step    190 | train_loss 2.0520 | lr 7.19e-05
step    200 | train_loss 2.1520 | lr 6.97e-05
step    210 | train_loss 1.8359 | lr 6.74e-05
step    220 | train_loss 2.1592 | lr 6.51e-05
step    225 | val_loss 2.1940 | val_ppl 8.97
step    230 | train_loss 1.7814 | lr 6.27e-05
step    240 | train_loss 2.1887 | lr 6.02e-05
step    250 | train_loss 1.9321 | lr 5.78e-05
step    260 | train_loss 1.9676 | lr 5.52e-05
step    270 | train_loss 1.9326 | lr 5.27e-05
step    280 | train_loss 2.1874 | lr 5.01e-05
step    290 | train_loss 1.9074 | lr 4.76e-05
step    300 | train_loss 2.2983 | lr 4.50e-05
step    300 | val_loss 2.1609 | val_ppl 8.68
step    310 | train_loss 2.0488 | lr 4.25e-05
step    320 | train_loss 2.0223 | lr 4.00e-05
step    330 | train_loss 2.4352 | lr 3.75e-05
step    340 | train_loss 1.9751 | lr 3.51e-05
step    350 | train_loss 2.2804 | lr 3.27e-05
step    360 | train_loss 1.7735 | lr 3.04e-05
step    370 | train_loss 2.3995 | lr 2.82e-05
step    375 | val_loss 2.1291 | val_ppl 8.41
step    380 | train_loss 2.3389 | lr 2.61e-05
step    390 | train_loss 1.6833 | lr 2.40e-05
step    400 | train_loss 2.0124 | lr 2.21e-05
step    410 | train_loss 1.9636 | lr 2.03e-05
step    420 | train_loss 2.0291 | lr 1.86e-05
step    430 | train_loss 2.0697 | lr 1.70e-05
step    440 | train_loss 2.1555 | lr 1.55e-05
step    450 | train_loss 1.9347 | lr 1.42e-05
step    450 | val_loss 2.1063 | val_ppl 8.22
step    460 | train_loss 1.5866 | lr 1.30e-05
step    470 | train_loss 1.9843 | lr 1.20e-05
step    480 | train_loss 2.3136 | lr 1.11e-05
step    490 | train_loss 2.4732 | lr 1.04e-05
step    500 | train_loss 1.9134 | lr 9.78e-06
step    510 | train_loss 1.8447 | lr 9.36e-06
step    520 | train_loss 1.7549 | lr 9.10e-06
step    525 | val_loss 2.0942 | val_ppl 8.12
step    530 | train_loss 2.0256 | lr 9.00e-06
step    530 | val_loss 2.0939 | val_ppl 8.12
Saved checkpoint to /home/system/projects/AuthLLM/checkpoints/lr_scaling/alpaca_short_unpacked_530_lr9e-05_seed1337/step_530.pt
