Data: 50,867 train / 1,039 val examples (68 dropped as longer than 512 tokens)
Model: medium (123,587,328 parameters), initialized from /home/system/projects/AuthLLM/checkpoints/medium/step_20000.pt (step 20000)
step     10 | train_loss 2.6331 | lr 6.00e-06
step     20 | train_loss 2.2754 | lr 1.20e-05
step     30 | train_loss 2.4089 | lr 1.80e-05
step     40 | train_loss 2.4982 | lr 2.40e-05
step     50 | train_loss 2.4173 | lr 3.00e-05
step     60 | train_loss 2.1997 | lr 3.60e-05
step     70 | train_loss 2.0288 | lr 4.20e-05
step     80 | train_loss 2.1212 | lr 4.80e-05
step     90 | train_loss 2.4515 | lr 5.40e-05
step    100 | train_loss 2.2989 | lr 6.00e-05
step    110 | train_loss 2.4144 | lr 6.00e-05
step    120 | train_loss 1.9088 | lr 6.00e-05
step    130 | train_loss 2.0420 | lr 6.00e-05
step    140 | train_loss 2.1099 | lr 5.99e-05
step    150 | train_loss 2.1869 | lr 5.99e-05
step    160 | train_loss 2.1189 | lr 5.98e-05
step    170 | train_loss 2.0976 | lr 5.97e-05
step    180 | train_loss 2.2941 | lr 5.96e-05
step    190 | train_loss 2.2737 | lr 5.95e-05
step    200 | train_loss 2.3415 | lr 5.94e-05
step    210 | train_loss 2.1425 | lr 5.93e-05
step    220 | train_loss 2.2934 | lr 5.92e-05
step    228 | val_loss 2.2521 | val_ppl 9.51
step    230 | train_loss 2.0094 | lr 5.90e-05
step    240 | train_loss 2.1592 | lr 5.89e-05
step    250 | train_loss 2.1164 | lr 5.87e-05
step    260 | train_loss 2.1661 | lr 5.85e-05
step    270 | train_loss 2.1095 | lr 5.83e-05
step    280 | train_loss 2.1857 | lr 5.81e-05
step    290 | train_loss 2.1586 | lr 5.79e-05
step    300 | train_loss 2.5322 | lr 5.77e-05
step    310 | train_loss 2.1587 | lr 5.75e-05
step    320 | train_loss 2.1937 | lr 5.72e-05
step    330 | train_loss 2.0981 | lr 5.70e-05
step    340 | train_loss 2.3909 | lr 5.67e-05
step    350 | train_loss 2.1783 | lr 5.64e-05
step    360 | train_loss 2.2266 | lr 5.61e-05
step    370 | train_loss 2.1248 | lr 5.58e-05
step    380 | train_loss 2.2983 | lr 5.55e-05
step    390 | train_loss 2.1584 | lr 5.52e-05
step    400 | train_loss 2.1715 | lr 5.49e-05
step    410 | train_loss 2.3147 | lr 5.45e-05
step    420 | train_loss 2.1222 | lr 5.42e-05
step    430 | train_loss 2.1210 | lr 5.38e-05
step    440 | train_loss 2.1667 | lr 5.35e-05
step    450 | train_loss 2.1457 | lr 5.31e-05
step    456 | val_loss 2.2274 | val_ppl 9.28
step    460 | train_loss 1.9363 | lr 5.27e-05
step    470 | train_loss 2.1451 | lr 5.23e-05
step    480 | train_loss 1.9363 | lr 5.19e-05
step    490 | train_loss 2.1053 | lr 5.15e-05
step    500 | train_loss 2.2182 | lr 5.11e-05
step    510 | train_loss 2.1691 | lr 5.07e-05
step    520 | train_loss 2.0536 | lr 5.03e-05
step    530 | train_loss 2.1012 | lr 4.98e-05
step    540 | train_loss 2.2776 | lr 4.94e-05
step    550 | train_loss 2.1881 | lr 4.89e-05
step    560 | train_loss 1.8358 | lr 4.85e-05
step    570 | train_loss 2.3219 | lr 4.80e-05
step    580 | train_loss 2.1394 | lr 4.75e-05
step    590 | train_loss 2.0052 | lr 4.70e-05
step    600 | train_loss 2.1148 | lr 4.65e-05
step    610 | train_loss 2.0509 | lr 4.61e-05
step    620 | train_loss 1.9706 | lr 4.56e-05
step    630 | train_loss 2.1791 | lr 4.51e-05
step    640 | train_loss 2.1999 | lr 4.45e-05
step    650 | train_loss 2.3631 | lr 4.40e-05
step    660 | train_loss 2.0004 | lr 4.35e-05
step    670 | train_loss 2.1438 | lr 4.30e-05
step    680 | train_loss 2.1131 | lr 4.25e-05
step    684 | val_loss 2.2198 | val_ppl 9.21
step    690 | train_loss 2.1064 | lr 4.19e-05
step    700 | train_loss 2.0804 | lr 4.14e-05
step    710 | train_loss 2.2032 | lr 4.09e-05
step    720 | train_loss 2.0334 | lr 4.03e-05
step    730 | train_loss 2.2019 | lr 3.98e-05
step    740 | train_loss 2.1311 | lr 3.92e-05
step    750 | train_loss 2.1356 | lr 3.87e-05
step    760 | train_loss 2.2086 | lr 3.81e-05
step    770 | train_loss 2.0949 | lr 3.76e-05
step    780 | train_loss 2.3135 | lr 3.70e-05
step    790 | train_loss 2.1758 | lr 3.64e-05
step    800 | train_loss 2.0961 | lr 3.59e-05
step    810 | train_loss 2.2890 | lr 3.53e-05
step    820 | train_loss 2.3283 | lr 3.48e-05
step    830 | train_loss 2.1742 | lr 3.42e-05
step    840 | train_loss 2.0500 | lr 3.36e-05
step    850 | train_loss 2.2244 | lr 3.31e-05
step    860 | train_loss 2.4106 | lr 3.25e-05
step    870 | train_loss 2.0723 | lr 3.19e-05
step    880 | train_loss 2.2574 | lr 3.14e-05
step    890 | train_loss 2.3074 | lr 3.08e-05
step    900 | train_loss 1.9366 | lr 3.02e-05
step    910 | train_loss 2.1466 | lr 2.97e-05
step    912 | val_loss 2.2043 | val_ppl 9.06
step    920 | train_loss 2.1584 | lr 2.91e-05
step    930 | train_loss 2.3221 | lr 2.86e-05
step    940 | train_loss 1.9625 | lr 2.80e-05
step    950 | train_loss 1.9009 | lr 2.74e-05
step    960 | train_loss 2.2045 | lr 2.69e-05
step    970 | train_loss 2.3238 | lr 2.63e-05
step    980 | train_loss 2.4368 | lr 2.58e-05
step    990 | train_loss 2.0698 | lr 2.53e-05
step   1000 | train_loss 2.2916 | lr 2.47e-05
step   1010 | train_loss 2.1428 | lr 2.42e-05
step   1020 | train_loss 2.2773 | lr 2.36e-05
step   1030 | train_loss 2.2029 | lr 2.31e-05
step   1040 | train_loss 2.1645 | lr 2.26e-05
step   1050 | train_loss 2.1345 | lr 2.21e-05
step   1060 | train_loss 1.9680 | lr 2.16e-05
step   1070 | train_loss 1.8389 | lr 2.10e-05
step   1080 | train_loss 1.9786 | lr 2.05e-05
step   1090 | train_loss 2.1990 | lr 2.00e-05
step   1100 | train_loss 2.0416 | lr 1.95e-05
step   1110 | train_loss 2.1899 | lr 1.91e-05
step   1120 | train_loss 2.1190 | lr 1.86e-05
step   1130 | train_loss 2.1502 | lr 1.81e-05
step   1140 | train_loss 2.0094 | lr 1.76e-05
step   1140 | val_loss 2.1927 | val_ppl 8.96
step   1150 | train_loss 2.1877 | lr 1.72e-05
step   1160 | train_loss 2.0598 | lr 1.67e-05
step   1170 | train_loss 2.1431 | lr 1.63e-05
step   1180 | train_loss 2.0333 | lr 1.58e-05
step   1190 | train_loss 2.3197 | lr 1.54e-05
step   1200 | train_loss 2.1647 | lr 1.50e-05
step   1210 | train_loss 2.4087 | lr 1.46e-05
step   1220 | train_loss 2.1380 | lr 1.41e-05
step   1230 | train_loss 2.1657 | lr 1.37e-05
step   1240 | train_loss 2.0255 | lr 1.34e-05
step   1250 | train_loss 1.9619 | lr 1.30e-05
step   1260 | train_loss 2.2447 | lr 1.26e-05
step   1270 | train_loss 2.1906 | lr 1.22e-05
step   1280 | train_loss 2.1622 | lr 1.19e-05
step   1290 | train_loss 2.0109 | lr 1.15e-05
step   1300 | train_loss 1.9083 | lr 1.12e-05
step   1310 | train_loss 1.9413 | lr 1.09e-05
step   1320 | train_loss 2.1108 | lr 1.05e-05
step   1330 | train_loss 2.2238 | lr 1.02e-05
step   1340 | train_loss 2.1302 | lr 9.93e-06
step   1350 | train_loss 2.2203 | lr 9.65e-06
step   1360 | train_loss 2.0648 | lr 9.37e-06
step   1368 | val_loss 2.1846 | val_ppl 8.89
step   1370 | train_loss 2.3208 | lr 9.10e-06
step   1380 | train_loss 1.9939 | lr 8.84e-06
step   1390 | train_loss 2.1318 | lr 8.59e-06
step   1400 | train_loss 2.2279 | lr 8.36e-06
step   1410 | train_loss 2.1825 | lr 8.13e-06
step   1420 | train_loss 2.0674 | lr 7.92e-06
step   1430 | train_loss 2.0331 | lr 7.71e-06
step   1440 | train_loss 1.9763 | lr 7.52e-06
step   1450 | train_loss 2.1118 | lr 7.34e-06
step   1460 | train_loss 2.2526 | lr 7.17e-06
step   1470 | train_loss 1.9621 | lr 7.01e-06
step   1480 | train_loss 2.2925 | lr 6.86e-06
step   1490 | train_loss 2.2143 | lr 6.73e-06
step   1500 | train_loss 2.1966 | lr 6.60e-06
step   1510 | train_loss 2.3025 | lr 6.49e-06
step   1520 | train_loss 1.9962 | lr 6.39e-06
step   1530 | train_loss 2.1076 | lr 6.30e-06
step   1540 | train_loss 2.1835 | lr 6.22e-06
step   1550 | train_loss 2.0428 | lr 6.15e-06
step   1560 | train_loss 2.1285 | lr 6.10e-06
step   1570 | train_loss 2.0501 | lr 6.06e-06
step   1580 | train_loss 1.8533 | lr 6.03e-06
step   1590 | train_loss 2.1109 | lr 6.01e-06
step   1596 | val_loss 2.1799 | val_ppl 8.85
step   1600 | train_loss 1.7038 | lr 6.00e-06
step   1600 | val_loss 2.1801 | val_ppl 8.85
Saved checkpoint to /home/system/projects/AuthLLM/checkpoints/lr_scaling/alpaca_unpacked_1600_lr6e-05_seed1339/step_1600.pt
