Data: 16,956 train / 346 val examples (0 dropped as longer than 512 tokens)
Model: small (29,938,560 parameters), initialized from checkpoints/small/step_18000.pt (step 18000)
step     10 | train_loss 2.9459 | lr 1.21e-04
step     20 | train_loss 2.8714 | lr 2.42e-04
step     30 | train_loss 2.7735 | lr 3.64e-04
step     40 | train_loss 3.0657 | lr 4.00e-04
step     50 | train_loss 3.0746 | lr 3.99e-04
step     60 | train_loss 2.9655 | lr 3.98e-04
step     70 | train_loss 3.1274 | lr 3.95e-04
step     75 | val_loss 3.0529 | val_ppl 21.18
step     80 | train_loss 3.0251 | lr 3.92e-04
step     90 | train_loss 2.9724 | lr 3.89e-04
step    100 | train_loss 2.9154 | lr 3.85e-04
step    110 | train_loss 2.9005 | lr 3.80e-04
step    120 | train_loss 2.8241 | lr 3.74e-04
step    130 | train_loss 3.1688 | lr 3.68e-04
step    140 | train_loss 3.3235 | lr 3.61e-04
step    150 | train_loss 2.9068 | lr 3.54e-04
step    150 | val_loss 3.0789 | val_ppl 21.73
step    160 | train_loss 3.1448 | lr 3.46e-04
step    170 | train_loss 3.1764 | lr 3.37e-04
step    180 | train_loss 3.1105 | lr 3.29e-04
step    190 | train_loss 2.7844 | lr 3.19e-04
step    200 | train_loss 3.2073 | lr 3.10e-04
step    210 | train_loss 3.0409 | lr 3.00e-04
step    220 | train_loss 3.1279 | lr 2.89e-04
step    225 | val_loss 3.0217 | val_ppl 20.53
step    230 | train_loss 2.9185 | lr 2.79e-04
step    240 | train_loss 3.0688 | lr 2.68e-04
step    250 | train_loss 3.1048 | lr 2.57e-04
step    260 | train_loss 3.0397 | lr 2.46e-04
step    270 | train_loss 3.0296 | lr 2.34e-04
step    280 | train_loss 2.8862 | lr 2.23e-04
step    290 | train_loss 3.1342 | lr 2.11e-04
step    300 | train_loss 2.9882 | lr 2.00e-04
step    300 | val_loss 2.9719 | val_ppl 19.53
step    310 | train_loss 3.2815 | lr 1.89e-04
step    320 | train_loss 2.9219 | lr 1.78e-04
step    330 | train_loss 3.0986 | lr 1.67e-04
step    340 | train_loss 2.9355 | lr 1.56e-04
step    350 | train_loss 3.1344 | lr 1.46e-04
step    360 | train_loss 2.8410 | lr 1.35e-04
step    370 | train_loss 3.0267 | lr 1.25e-04
step    375 | val_loss 2.9085 | val_ppl 18.33
step    380 | train_loss 3.2857 | lr 1.16e-04
step    390 | train_loss 2.7645 | lr 1.07e-04
step    400 | train_loss 2.6434 | lr 9.83e-05
step    410 | train_loss 2.7291 | lr 9.01e-05
step    420 | train_loss 2.7969 | lr 8.25e-05
step    430 | train_loss 3.0371 | lr 7.55e-05
step    440 | train_loss 2.7013 | lr 6.90e-05
step    450 | train_loss 2.8222 | lr 6.31e-05
step    450 | val_loss 2.8537 | val_ppl 17.35
step    460 | train_loss 3.2546 | lr 5.78e-05
step    470 | train_loss 2.6512 | lr 5.32e-05
step    480 | train_loss 3.0444 | lr 4.93e-05
step    490 | train_loss 2.7280 | lr 4.60e-05
step    500 | train_loss 3.1847 | lr 4.34e-05
step    510 | train_loss 2.8321 | lr 4.16e-05
step    520 | train_loss 3.0252 | lr 4.04e-05
step    525 | val_loss 2.8284 | val_ppl 16.92
step    530 | train_loss 2.6042 | lr 4.00e-05
step    530 | val_loss 2.8271 | val_ppl 16.90
Saved checkpoint to /home/system/projects/AuthLLM/checkpoints/lr_scaling/alpaca_third_unpacked_530_lr0.0004_seed1337/step_530.pt
