Data: 16,956 train / 346 val examples (0 dropped as longer than 512 tokens)
Model: medium (123,587,328 parameters), initialized from /home/system/projects/AuthLLM/checkpoints/medium/step_20000.pt (step 20000)
step     10 | train_loss 2.6959 | lr 1.82e-05
step     20 | train_loss 2.4099 | lr 3.64e-05
step     30 | train_loss 2.4200 | lr 5.45e-05
step     40 | train_loss 2.0545 | lr 6.00e-05
step     50 | train_loss 2.3288 | lr 5.99e-05
step     60 | train_loss 2.2268 | lr 5.96e-05
step     70 | train_loss 2.2388 | lr 5.93e-05
step     75 | val_loss 2.0798 | val_ppl 8.00
step     80 | train_loss 2.1400 | lr 5.89e-05
step     90 | train_loss 2.0371 | lr 5.83e-05
step    100 | train_loss 2.0519 | lr 5.77e-05
step    110 | train_loss 2.2995 | lr 5.69e-05
step    120 | train_loss 1.9804 | lr 5.61e-05
step    130 | train_loss 1.9652 | lr 5.52e-05
step    140 | train_loss 2.2876 | lr 5.42e-05
step    150 | train_loss 1.9866 | lr 5.31e-05
step    150 | val_loss 2.0304 | val_ppl 7.62
step    160 | train_loss 2.1719 | lr 5.19e-05
step    170 | train_loss 2.2010 | lr 5.06e-05
step    180 | train_loss 2.0473 | lr 4.93e-05
step    190 | train_loss 2.3999 | lr 4.79e-05
step    200 | train_loss 2.0810 | lr 4.65e-05
step    210 | train_loss 2.2601 | lr 4.49e-05
step    220 | train_loss 1.7300 | lr 4.34e-05
step    225 | val_loss 1.9926 | val_ppl 7.33
step    230 | train_loss 1.9866 | lr 4.18e-05
step    240 | train_loss 1.8365 | lr 4.02e-05
step    250 | train_loss 2.2261 | lr 3.85e-05
step    260 | train_loss 1.5617 | lr 3.68e-05
step    270 | train_loss 2.0408 | lr 3.51e-05
step    280 | train_loss 2.1840 | lr 3.34e-05
step    290 | train_loss 2.0877 | lr 3.17e-05
step    300 | train_loss 2.0093 | lr 3.00e-05
step    300 | val_loss 1.9635 | val_ppl 7.12
step    310 | train_loss 2.0717 | lr 2.83e-05
step    320 | train_loss 2.1270 | lr 2.67e-05
step    330 | train_loss 2.1018 | lr 2.50e-05
step    340 | train_loss 2.2678 | lr 2.34e-05
step    350 | train_loss 2.1540 | lr 2.18e-05
step    360 | train_loss 1.8591 | lr 2.03e-05
step    370 | train_loss 1.9013 | lr 1.88e-05
step    375 | val_loss 1.9394 | val_ppl 6.95
step    380 | train_loss 2.2547 | lr 1.74e-05
step    390 | train_loss 1.9251 | lr 1.60e-05
step    400 | train_loss 2.0050 | lr 1.47e-05
step    410 | train_loss 1.8919 | lr 1.35e-05
step    420 | train_loss 1.9955 | lr 1.24e-05
step    430 | train_loss 1.8280 | lr 1.13e-05
step    440 | train_loss 1.6381 | lr 1.03e-05
step    450 | train_loss 2.2739 | lr 9.46e-06
step    450 | val_loss 1.9250 | val_ppl 6.86
step    460 | train_loss 1.8586 | lr 8.67e-06
step    470 | train_loss 2.0738 | lr 7.98e-06
step    480 | train_loss 1.9125 | lr 7.39e-06
step    490 | train_loss 1.7583 | lr 6.90e-06
step    500 | train_loss 2.0132 | lr 6.52e-06
step    510 | train_loss 1.6178 | lr 6.24e-06
step    520 | train_loss 1.7761 | lr 6.07e-06
step    525 | val_loss 1.9178 | val_ppl 6.81
step    530 | train_loss 1.7678 | lr 6.00e-06
step    530 | val_loss 1.9173 | val_ppl 6.80
Saved checkpoint to /home/system/projects/AuthLLM/checkpoints/lr_scaling/alpaca_short_unpacked_530_lr6e-05_seed1338/step_530.pt
