Data: 16,956 train / 346 val examples (0 dropped as longer than 512 tokens)
Model: medium (123,587,328 parameters), initialized from /home/system/projects/AuthLLM/checkpoints/medium/step_20000.pt (step 20000)
step     10 | train_loss 2.4276 | lr 1.82e-05
step     20 | train_loss 2.4475 | lr 3.64e-05
step     30 | train_loss 2.1864 | lr 5.45e-05
step     40 | train_loss 2.4623 | lr 6.00e-05
step     50 | train_loss 2.2899 | lr 5.99e-05
step     60 | train_loss 2.6609 | lr 5.96e-05
step     70 | train_loss 2.1277 | lr 5.93e-05
step     75 | val_loss 2.0281 | val_ppl 7.60
step     80 | train_loss 2.0537 | lr 5.89e-05
step     90 | train_loss 2.0461 | lr 5.83e-05
step    100 | train_loss 2.0341 | lr 5.77e-05
step    110 | train_loss 2.1082 | lr 5.69e-05
step    120 | train_loss 2.0658 | lr 5.61e-05
step    130 | train_loss 2.0784 | lr 5.52e-05
step    140 | train_loss 2.2852 | lr 5.42e-05
step    150 | train_loss 2.0159 | lr 5.31e-05
step    150 | val_loss 1.9586 | val_ppl 7.09
step    160 | train_loss 1.9281 | lr 5.19e-05
step    170 | train_loss 2.3252 | lr 5.06e-05
step    180 | train_loss 2.6261 | lr 4.93e-05
step    190 | train_loss 1.9287 | lr 4.79e-05
step    200 | train_loss 2.1636 | lr 4.65e-05
step    210 | train_loss 2.2377 | lr 4.49e-05
step    220 | train_loss 2.1572 | lr 4.34e-05
step    225 | val_loss 1.9132 | val_ppl 6.77
step    230 | train_loss 1.7528 | lr 4.18e-05
step    240 | train_loss 1.9959 | lr 4.02e-05
step    250 | train_loss 1.9471 | lr 3.85e-05
step    260 | train_loss 1.8764 | lr 3.68e-05
step    270 | train_loss 1.9599 | lr 3.51e-05
step    280 | train_loss 1.9196 | lr 3.34e-05
step    290 | train_loss 1.8443 | lr 3.17e-05
step    300 | train_loss 2.0810 | lr 3.00e-05
step    300 | val_loss 1.8801 | val_ppl 6.55
step    310 | train_loss 1.8166 | lr 2.83e-05
step    320 | train_loss 2.1378 | lr 2.67e-05
step    330 | train_loss 1.7979 | lr 2.50e-05
step    340 | train_loss 1.9705 | lr 2.34e-05
step    350 | train_loss 1.9019 | lr 2.18e-05
step    360 | train_loss 2.0910 | lr 2.03e-05
step    370 | train_loss 1.8832 | lr 1.88e-05
step    375 | val_loss 1.8567 | val_ppl 6.40
step    380 | train_loss 1.6782 | lr 1.74e-05
step    390 | train_loss 1.7140 | lr 1.60e-05
step    400 | train_loss 1.8407 | lr 1.47e-05
step    410 | train_loss 2.0571 | lr 1.35e-05
step    420 | train_loss 2.4078 | lr 1.24e-05
step    430 | train_loss 1.6942 | lr 1.13e-05
step    440 | train_loss 2.2345 | lr 1.03e-05
step    450 | train_loss 1.9224 | lr 9.46e-06
step    450 | val_loss 1.8452 | val_ppl 6.33
step    460 | train_loss 1.9484 | lr 8.67e-06
step    470 | train_loss 2.1861 | lr 7.98e-06
step    480 | train_loss 2.3052 | lr 7.39e-06
step    490 | train_loss 1.7766 | lr 6.90e-06
step    500 | train_loss 1.8746 | lr 6.52e-06
step    510 | train_loss 1.8848 | lr 6.24e-06
step    520 | train_loss 1.7282 | lr 6.07e-06
step    525 | val_loss 1.8350 | val_ppl 6.27
step    530 | train_loss 1.6502 | lr 6.00e-06
step    530 | val_loss 1.8345 | val_ppl 6.26
Saved checkpoint to /home/system/projects/AuthLLM/checkpoints/lr_scaling/alpaca_short_unpacked_530_lr6e-05_seed1339/step_530.pt
