Data: 16,956 train / 346 val examples (0 dropped as longer than 512 tokens)
Packing: 16,956 examples into 3,763 windows (4.5 per window, 98.7% of positions used)
Model: small (29,938,560 parameters), initialized from checkpoints/small/step_18000.pt (step 18000)
step     10 | train_loss 3.1040 | lr 9.99e-06
step     16 | val_loss 2.8590 | val_ppl 17.44
step     20 | train_loss 2.8881 | lr 9.74e-06
step     30 | train_loss 2.9521 | lr 9.16e-06
step     32 | val_loss 2.7981 | val_ppl 16.41
step     40 | train_loss 2.8262 | lr 8.28e-06
step     48 | val_loss 2.7729 | val_ppl 16.01
step     50 | train_loss 2.8255 | lr 7.18e-06
step     60 | train_loss 2.8389 | lr 5.95e-06
step     64 | val_loss 2.7583 | val_ppl 15.77
step     70 | train_loss 2.7702 | lr 4.68e-06
step     80 | train_loss 2.8491 | lr 3.47e-06
step     80 | val_loss 2.7494 | val_ppl 15.63
step     90 | train_loss 2.7341 | lr 2.43e-06
step     96 | val_loss 2.7444 | val_ppl 15.55
step    100 | train_loss 2.8063 | lr 1.64e-06
step    110 | train_loss 2.7131 | lr 1.15e-06
step    112 | val_loss 2.7419 | val_ppl 15.52
step    118 | train_loss 2.8259 | lr 1.00e-06
step    118 | val_loss 2.7413 | val_ppl 15.51
Saved checkpoint to /home/system/projects/AuthLLM/checkpoints/lr_scaling/alpaca_third_packed_118_lr1e-05_seed1337/step_118.pt
