Data: 5,652 train / 115 val examples (0 dropped as longer than 512 tokens)
Model: medium (123,587,328 parameters), initialized from /home/system/projects/AuthLLM/checkpoints/medium/step_20000.pt (step 20000)
step     10 | train_loss 2.5871 | lr 2.73e-06
step     20 | train_loss 2.4215 | lr 2.98e-06
step     25 | val_loss 2.4930 | val_ppl 12.10
step     30 | train_loss 2.5068 | lr 2.92e-06
step     40 | train_loss 2.4397 | lr 2.81e-06
step     50 | train_loss 2.4962 | lr 2.67e-06
step     50 | val_loss 2.4210 | val_ppl 11.26
step     60 | train_loss 2.3733 | lr 2.48e-06
step     70 | train_loss 2.5489 | lr 2.27e-06
step     75 | val_loss 2.3958 | val_ppl 10.98
step     80 | train_loss 2.2113 | lr 2.03e-06
step     90 | train_loss 2.4277 | lr 1.78e-06
step    100 | train_loss 2.3019 | lr 1.52e-06
step    100 | val_loss 2.3807 | val_ppl 10.81
step    110 | train_loss 2.5649 | lr 1.27e-06
step    120 | train_loss 2.3387 | lr 1.03e-06
step    125 | val_loss 2.3727 | val_ppl 10.73
step    130 | train_loss 2.0818 | lr 8.20e-07
step    140 | train_loss 2.3983 | lr 6.34e-07
step    150 | train_loss 2.3291 | lr 4.85e-07
step    150 | val_loss 2.3690 | val_ppl 10.69
step    160 | train_loss 2.2713 | lr 3.78e-07
step    170 | train_loss 2.2559 | lr 3.15e-07
step    175 | val_loss 2.3671 | val_ppl 10.67
step    177 | train_loss 2.3350 | lr 3.00e-07
step    177 | val_loss 2.3670 | val_ppl 10.67
Saved checkpoint to /home/system/projects/AuthLLM/checkpoints/lr_scaling/alpaca_ninth_unpacked_177_lr3e-06_seed1337/step_177.pt
