Data: 16,956 train / 346 val examples (0 dropped as longer than 512 tokens)
Model: medium (123,587,328 parameters), initialized from /home/system/projects/AuthLLM/checkpoints/medium/step_20000.pt (step 20000)
step     10 | train_loss 2.6248 | lr 3.03e-06
step     20 | train_loss 2.2019 | lr 6.06e-06
step     30 | train_loss 2.2719 | lr 9.09e-06
step     40 | train_loss 2.2842 | lr 1.00e-05
step     50 | train_loss 2.1383 | lr 9.98e-06
step     60 | train_loss 2.4978 | lr 9.94e-06
step     70 | train_loss 2.3125 | lr 9.88e-06
step     75 | val_loss 2.2445 | val_ppl 9.44
step     80 | train_loss 2.2403 | lr 9.81e-06
step     90 | train_loss 2.3862 | lr 9.72e-06
step    100 | train_loss 2.4842 | lr 9.61e-06
step    110 | train_loss 2.3929 | lr 9.49e-06
step    120 | train_loss 2.0999 | lr 9.35e-06
step    130 | train_loss 2.0831 | lr 9.20e-06
step    140 | train_loss 2.2968 | lr 9.03e-06
step    150 | train_loss 2.2586 | lr 8.84e-06
step    150 | val_loss 2.1988 | val_ppl 9.01
step    160 | train_loss 2.3336 | lr 8.65e-06
step    170 | train_loss 2.1570 | lr 8.44e-06
step    180 | train_loss 2.3150 | lr 8.22e-06
step    190 | train_loss 2.0442 | lr 7.98e-06
step    200 | train_loss 2.1560 | lr 7.74e-06
step    210 | train_loss 2.2378 | lr 7.49e-06
step    220 | train_loss 2.2312 | lr 7.23e-06
step    225 | val_loss 2.1753 | val_ppl 8.80
step    230 | train_loss 2.2681 | lr 6.97e-06
step    240 | train_loss 2.3223 | lr 6.69e-06
step    250 | train_loss 2.2909 | lr 6.42e-06
step    260 | train_loss 2.2612 | lr 6.14e-06
step    270 | train_loss 2.1763 | lr 5.86e-06
step    280 | train_loss 2.1932 | lr 5.57e-06
step    290 | train_loss 2.2453 | lr 5.29e-06
step    300 | train_loss 2.3275 | lr 5.00e-06
step    300 | val_loss 2.1610 | val_ppl 8.68
step    310 | train_loss 2.2510 | lr 4.72e-06
step    320 | train_loss 2.0994 | lr 4.44e-06
step    330 | train_loss 2.1587 | lr 4.17e-06
step    340 | train_loss 2.2018 | lr 3.90e-06
step    350 | train_loss 2.3029 | lr 3.64e-06
step    360 | train_loss 2.2672 | lr 3.38e-06
step    370 | train_loss 2.2827 | lr 3.14e-06
step    375 | val_loss 2.1524 | val_ppl 8.61
step    380 | train_loss 2.2240 | lr 2.90e-06
step    390 | train_loss 2.2695 | lr 2.67e-06
step    400 | train_loss 2.1510 | lr 2.46e-06
step    410 | train_loss 2.1863 | lr 2.25e-06
step    420 | train_loss 2.0625 | lr 2.06e-06
step    430 | train_loss 2.1699 | lr 1.89e-06
step    440 | train_loss 2.1525 | lr 1.72e-06
step    450 | train_loss 2.1469 | lr 1.58e-06
step    450 | val_loss 2.1485 | val_ppl 8.57
step    460 | train_loss 2.1191 | lr 1.45e-06
step    470 | train_loss 2.2252 | lr 1.33e-06
step    480 | train_loss 2.1964 | lr 1.23e-06
step    490 | train_loss 2.1639 | lr 1.15e-06
step    500 | train_loss 2.2936 | lr 1.09e-06
step    510 | train_loss 2.1798 | lr 1.04e-06
step    520 | train_loss 2.1138 | lr 1.01e-06
step    525 | val_loss 2.1457 | val_ppl 8.55
step    530 | train_loss 2.2246 | lr 1.00e-06
step    530 | val_loss 2.1456 | val_ppl 8.55
Saved checkpoint to /home/system/projects/AuthLLM/checkpoints/lr_scaling/alpaca_long_unpacked_530_lr1e-05_seed1337/step_530.pt
