Data: 50,867 train / 1,039 val examples (68 dropped as longer than 512 tokens)
Packing: 50,867 examples into 11,217 windows (4.5 per window, 98.8% of positions used)
Model: medium (123,587,328 parameters), initialized from /home/system/projects/AuthLLM/checkpoints/medium/step_20000.pt (step 20000)
step     10 | train_loss 2.4435 | lr 3.00e-06
step     20 | train_loss 2.3390 | lr 6.00e-06
step     30 | train_loss 2.4172 | lr 9.00e-06
step     40 | train_loss 2.4177 | lr 1.20e-05
step     50 | train_loss 2.2517 | lr 1.50e-05
step     60 | train_loss 2.2102 | lr 1.80e-05
step     70 | train_loss 2.2178 | lr 2.10e-05
step     80 | train_loss 2.1543 | lr 2.40e-05
step     90 | train_loss 2.2594 | lr 2.70e-05
step    100 | train_loss 2.2163 | lr 3.00e-05
step    110 | train_loss 2.2259 | lr 3.00e-05
step    120 | train_loss 2.1460 | lr 3.00e-05
step    130 | train_loss 2.2022 | lr 3.00e-05
step    140 | train_loss 2.0942 | lr 3.00e-05
step    150 | train_loss 2.0358 | lr 2.99e-05
step    160 | train_loss 2.1452 | lr 2.99e-05
step    170 | train_loss 1.9828 | lr 2.99e-05
step    180 | train_loss 2.1038 | lr 2.98e-05
step    190 | train_loss 2.0522 | lr 2.98e-05
step    200 | train_loss 2.1553 | lr 2.97e-05
step    210 | train_loss 2.2116 | lr 2.96e-05
step    220 | train_loss 1.9496 | lr 2.96e-05
step    228 | val_loss 2.1681 | val_ppl 8.74
step    230 | train_loss 2.1334 | lr 2.95e-05
step    240 | train_loss 2.1151 | lr 2.94e-05
step    250 | train_loss 2.0353 | lr 2.93e-05
step    260 | train_loss 2.0800 | lr 2.93e-05
step    270 | train_loss 2.0421 | lr 2.92e-05
step    280 | train_loss 2.0886 | lr 2.91e-05
step    290 | train_loss 2.1359 | lr 2.90e-05
step    300 | train_loss 2.1868 | lr 2.88e-05
step    310 | train_loss 1.9546 | lr 2.87e-05
step    320 | train_loss 2.1103 | lr 2.86e-05
step    330 | train_loss 2.0653 | lr 2.85e-05
step    340 | train_loss 2.0139 | lr 2.83e-05
step    350 | train_loss 2.1240 | lr 2.82e-05
step    360 | train_loss 2.0486 | lr 2.81e-05
step    370 | train_loss 1.9522 | lr 2.79e-05
step    380 | train_loss 2.0223 | lr 2.78e-05
step    390 | train_loss 1.9382 | lr 2.76e-05
step    400 | train_loss 1.9302 | lr 2.74e-05
step    410 | train_loss 1.8951 | lr 2.73e-05
step    420 | train_loss 1.9934 | lr 2.71e-05
step    430 | train_loss 1.9726 | lr 2.69e-05
step    440 | train_loss 2.0082 | lr 2.67e-05
step    450 | train_loss 1.9525 | lr 2.66e-05
step    456 | val_loss 2.1218 | val_ppl 8.35
step    460 | train_loss 1.9069 | lr 2.64e-05
step    470 | train_loss 1.8752 | lr 2.62e-05
step    480 | train_loss 1.9863 | lr 2.60e-05
step    490 | train_loss 1.9078 | lr 2.58e-05
step    500 | train_loss 1.9525 | lr 2.56e-05
step    510 | train_loss 1.9622 | lr 2.53e-05
step    520 | train_loss 1.9149 | lr 2.51e-05
step    530 | train_loss 1.9987 | lr 2.49e-05
step    540 | train_loss 1.9309 | lr 2.47e-05
step    550 | train_loss 1.9382 | lr 2.45e-05
step    560 | train_loss 1.9215 | lr 2.42e-05
step    570 | train_loss 1.9159 | lr 2.40e-05
step    580 | train_loss 1.9822 | lr 2.38e-05
step    590 | train_loss 1.9730 | lr 2.35e-05
step    600 | train_loss 1.8635 | lr 2.33e-05
step    610 | train_loss 2.0101 | lr 2.30e-05
step    620 | train_loss 1.9285 | lr 2.28e-05
step    630 | train_loss 1.9186 | lr 2.25e-05
step    640 | train_loss 1.9144 | lr 2.23e-05
step    650 | train_loss 1.8765 | lr 2.20e-05
step    660 | train_loss 1.9687 | lr 2.18e-05
step    670 | train_loss 1.8212 | lr 2.15e-05
step    680 | train_loss 1.8959 | lr 2.12e-05
step    684 | val_loss 2.0987 | val_ppl 8.16
step    690 | train_loss 1.9519 | lr 2.10e-05
step    700 | train_loss 1.9830 | lr 2.07e-05
step    710 | train_loss 1.6969 | lr 2.04e-05
step    720 | train_loss 1.7724 | lr 2.02e-05
step    730 | train_loss 1.7802 | lr 1.99e-05
step    740 | train_loss 1.8807 | lr 1.96e-05
step    750 | train_loss 1.8246 | lr 1.93e-05
step    760 | train_loss 1.7698 | lr 1.91e-05
step    770 | train_loss 1.9255 | lr 1.88e-05
step    780 | train_loss 1.7700 | lr 1.85e-05
step    790 | train_loss 1.9001 | lr 1.82e-05
step    800 | train_loss 1.8184 | lr 1.79e-05
step    810 | train_loss 1.8290 | lr 1.77e-05
step    820 | train_loss 1.7556 | lr 1.74e-05
step    830 | train_loss 1.8593 | lr 1.71e-05
step    840 | train_loss 1.8057 | lr 1.68e-05
step    850 | train_loss 1.8142 | lr 1.65e-05
step    860 | train_loss 1.8166 | lr 1.62e-05
step    870 | train_loss 1.8116 | lr 1.60e-05
step    880 | train_loss 1.7784 | lr 1.57e-05
step    890 | train_loss 1.7295 | lr 1.54e-05
step    900 | train_loss 1.7205 | lr 1.51e-05
step    910 | train_loss 1.8805 | lr 1.48e-05
step    912 | val_loss 2.0952 | val_ppl 8.13
step    920 | train_loss 1.9310 | lr 1.46e-05
step    930 | train_loss 1.8250 | lr 1.43e-05
step    940 | train_loss 1.8604 | lr 1.40e-05
step    950 | train_loss 1.7041 | lr 1.37e-05
step    960 | train_loss 1.8040 | lr 1.34e-05
step    970 | train_loss 1.7805 | lr 1.32e-05
step    980 | train_loss 1.8483 | lr 1.29e-05
step    990 | train_loss 1.8028 | lr 1.26e-05
step   1000 | train_loss 1.8652 | lr 1.24e-05
step   1010 | train_loss 1.8941 | lr 1.21e-05
step   1020 | train_loss 1.8168 | lr 1.18e-05
step   1030 | train_loss 1.8364 | lr 1.16e-05
step   1040 | train_loss 1.7478 | lr 1.13e-05
step   1050 | train_loss 1.8705 | lr 1.10e-05
step   1060 | train_loss 1.7966 | lr 1.08e-05
step   1070 | train_loss 1.7282 | lr 1.05e-05
step   1080 | train_loss 1.7638 | lr 1.03e-05
step   1090 | train_loss 1.7669 | lr 1.00e-05
step   1100 | train_loss 1.7873 | lr 9.77e-06
step   1110 | train_loss 1.7493 | lr 9.53e-06
step   1120 | train_loss 1.7049 | lr 9.29e-06
step   1130 | train_loss 1.8060 | lr 9.05e-06
step   1140 | train_loss 1.6743 | lr 8.82e-06
step   1140 | val_loss 2.0960 | val_ppl 8.13
step   1150 | train_loss 1.7824 | lr 8.59e-06
step   1160 | train_loss 1.7769 | lr 8.36e-06
step   1170 | train_loss 1.6785 | lr 8.14e-06
step   1180 | train_loss 1.6663 | lr 7.92e-06
step   1190 | train_loss 1.7009 | lr 7.70e-06
step   1200 | train_loss 1.6673 | lr 7.49e-06
step   1210 | train_loss 1.7789 | lr 7.28e-06
step   1220 | train_loss 1.7836 | lr 7.07e-06
step   1230 | train_loss 1.7789 | lr 6.87e-06
step   1240 | train_loss 1.7446 | lr 6.68e-06
step   1250 | train_loss 1.7269 | lr 6.49e-06
step   1260 | train_loss 1.7616 | lr 6.30e-06
step   1270 | train_loss 1.7368 | lr 6.12e-06
step   1280 | train_loss 1.7929 | lr 5.94e-06
step   1290 | train_loss 1.7330 | lr 5.76e-06
step   1300 | train_loss 1.7087 | lr 5.59e-06
step   1310 | train_loss 1.7283 | lr 5.43e-06
step   1320 | train_loss 1.7913 | lr 5.27e-06
step   1330 | train_loss 1.7782 | lr 5.12e-06
step   1340 | train_loss 1.7084 | lr 4.97e-06
step   1350 | train_loss 1.7184 | lr 4.82e-06
step   1360 | train_loss 1.7252 | lr 4.68e-06
step   1368 | val_loss 2.0934 | val_ppl 8.11
step   1370 | train_loss 1.6830 | lr 4.55e-06
step   1380 | train_loss 1.6589 | lr 4.42e-06
step   1390 | train_loss 1.6611 | lr 4.30e-06
step   1400 | train_loss 1.7691 | lr 4.18e-06
step   1410 | train_loss 1.6109 | lr 4.07e-06
step   1420 | train_loss 1.7765 | lr 3.96e-06
step   1430 | train_loss 1.7210 | lr 3.86e-06
step   1440 | train_loss 1.7213 | lr 3.76e-06
step   1450 | train_loss 1.8186 | lr 3.67e-06
step   1460 | train_loss 1.6093 | lr 3.58e-06
step   1470 | train_loss 1.6501 | lr 3.50e-06
step   1480 | train_loss 1.7544 | lr 3.43e-06
step   1490 | train_loss 1.7697 | lr 3.36e-06
step   1500 | train_loss 1.6761 | lr 3.30e-06
step   1510 | train_loss 1.7481 | lr 3.24e-06
step   1520 | train_loss 1.6751 | lr 3.19e-06
step   1530 | train_loss 1.7905 | lr 3.15e-06
step   1540 | train_loss 1.7530 | lr 3.11e-06
step   1550 | train_loss 1.7106 | lr 3.08e-06
step   1560 | train_loss 1.6843 | lr 3.05e-06
step   1570 | train_loss 1.6283 | lr 3.03e-06
step   1580 | train_loss 1.6246 | lr 3.01e-06
step   1590 | train_loss 1.8142 | lr 3.00e-06
step   1596 | val_loss 2.0963 | val_ppl 8.14
step   1600 | train_loss 1.7160 | lr 3.00e-06
step   1600 | val_loss 2.0968 | val_ppl 8.14
Saved checkpoint to /home/system/projects/AuthLLM/checkpoints/lr_scaling/alpaca_packed_1600_lr3e-05_seed1339/step_1600.pt
