Data: 5,652 train / 115 val examples (0 dropped as longer than 512 tokens)
Model: medium (123,587,328 parameters), initialized from /home/system/projects/AuthLLM/checkpoints/medium/step_20000.pt (step 20000)
step     10 | train_loss 2.5144 | lr 9.09e-06
step     20 | train_loss 2.3130 | lr 9.95e-06
step     25 | val_loss 2.4016 | val_ppl 11.04
step     30 | train_loss 2.4358 | lr 9.74e-06
step     40 | train_loss 2.3528 | lr 9.38e-06
step     50 | train_loss 2.4250 | lr 8.89e-06
step     50 | val_loss 2.3528 | val_ppl 10.51
step     60 | train_loss 2.3064 | lr 8.27e-06
step     70 | train_loss 2.4678 | lr 7.55e-06
step     75 | val_loss 2.3307 | val_ppl 10.29
step     80 | train_loss 2.1211 | lr 6.76e-06
step     90 | train_loss 2.3523 | lr 5.93e-06
step    100 | train_loss 2.2433 | lr 5.07e-06
step    100 | val_loss 2.3136 | val_ppl 10.11
step    110 | train_loss 2.4994 | lr 4.24e-06
step    120 | train_loss 2.2718 | lr 3.45e-06
step    125 | val_loss 2.3065 | val_ppl 10.04
step    130 | train_loss 2.0158 | lr 2.73e-06
step    140 | train_loss 2.3394 | lr 2.11e-06
step    150 | train_loss 2.2551 | lr 1.62e-06
step    150 | val_loss 2.3030 | val_ppl 10.00
step    160 | train_loss 2.1921 | lr 1.26e-06
step    170 | train_loss 2.1879 | lr 1.05e-06
step    175 | val_loss 2.3005 | val_ppl 9.98
step    177 | train_loss 2.2595 | lr 1.00e-06
step    177 | val_loss 2.3004 | val_ppl 9.98
Saved checkpoint to /home/system/projects/AuthLLM/checkpoints/lr_scaling/alpaca_ninth_unpacked_177_lr1e-05_seed1337/step_177.pt
