Data: 16,956 train / 346 val examples (0 dropped as longer than 512 tokens)
Model: medium (123,587,328 parameters), initialized from /home/system/projects/AuthLLM/checkpoints/medium/step_20000.pt (step 20000)
step     10 | train_loss 2.5252 | lr 1.82e-05
step     20 | train_loss 2.2390 | lr 3.64e-05
step     30 | train_loss 2.2770 | lr 5.45e-05
step     40 | train_loss 2.4459 | lr 6.00e-05
step     50 | train_loss 2.4481 | lr 5.99e-05
step     60 | train_loss 2.4235 | lr 5.96e-05
step     70 | train_loss 2.2254 | lr 5.93e-05
step     75 | val_loss 2.2386 | val_ppl 9.38
step     80 | train_loss 2.1603 | lr 5.89e-05
step     90 | train_loss 2.2968 | lr 5.83e-05
step    100 | train_loss 2.2075 | lr 5.77e-05
step    110 | train_loss 2.0340 | lr 5.69e-05
step    120 | train_loss 2.0089 | lr 5.61e-05
step    130 | train_loss 2.3670 | lr 5.52e-05
step    140 | train_loss 2.1392 | lr 5.42e-05
step    150 | train_loss 2.3138 | lr 5.31e-05
step    150 | val_loss 2.2016 | val_ppl 9.04
step    160 | train_loss 2.2119 | lr 5.19e-05
step    170 | train_loss 2.2148 | lr 5.06e-05
step    180 | train_loss 2.1547 | lr 4.93e-05
step    190 | train_loss 2.3103 | lr 4.79e-05
step    200 | train_loss 2.3479 | lr 4.65e-05
step    210 | train_loss 2.1169 | lr 4.49e-05
step    220 | train_loss 2.2286 | lr 4.34e-05
step    225 | val_loss 2.1803 | val_ppl 8.85
step    230 | train_loss 2.1487 | lr 4.18e-05
step    240 | train_loss 2.3845 | lr 4.02e-05
step    250 | train_loss 2.0266 | lr 3.85e-05
step    260 | train_loss 2.1076 | lr 3.68e-05
step    270 | train_loss 2.0841 | lr 3.51e-05
step    280 | train_loss 2.1032 | lr 3.34e-05
step    290 | train_loss 2.1186 | lr 3.17e-05
step    300 | train_loss 2.0347 | lr 3.00e-05
step    300 | val_loss 2.1622 | val_ppl 8.69
step    310 | train_loss 1.9869 | lr 2.83e-05
step    320 | train_loss 2.2448 | lr 2.67e-05
step    330 | train_loss 2.2102 | lr 2.50e-05
step    340 | train_loss 2.3208 | lr 2.34e-05
step    350 | train_loss 2.0991 | lr 2.18e-05
step    360 | train_loss 2.1283 | lr 2.03e-05
step    370 | train_loss 2.2686 | lr 1.88e-05
step    375 | val_loss 2.1482 | val_ppl 8.57
step    380 | train_loss 2.1639 | lr 1.74e-05
step    390 | train_loss 2.3436 | lr 1.60e-05
step    400 | train_loss 1.9336 | lr 1.47e-05
step    410 | train_loss 1.9604 | lr 1.35e-05
step    420 | train_loss 2.1915 | lr 1.24e-05
step    430 | train_loss 2.2119 | lr 1.13e-05
step    440 | train_loss 2.4018 | lr 1.03e-05
step    450 | train_loss 2.1094 | lr 9.46e-06
step    450 | val_loss 2.1360 | val_ppl 8.47
step    460 | train_loss 2.0069 | lr 8.67e-06
step    470 | train_loss 2.2029 | lr 7.98e-06
step    480 | train_loss 2.1823 | lr 7.39e-06
step    490 | train_loss 2.2052 | lr 6.90e-06
step    500 | train_loss 1.9973 | lr 6.52e-06
step    510 | train_loss 2.0541 | lr 6.24e-06
step    520 | train_loss 2.0330 | lr 6.07e-06
step    525 | val_loss 2.1293 | val_ppl 8.41
step    530 | train_loss 2.1704 | lr 6.00e-06
step    530 | val_loss 2.1288 | val_ppl 8.41
Saved checkpoint to /home/system/projects/AuthLLM/checkpoints/lr_scaling/alpaca_third_unpacked_530_lr6e-05_seed1339/step_530.pt
