Data: 16,956 train / 346 val examples (0 dropped as longer than 512 tokens)
Packing: 16,956 examples into 3,483 windows (4.9 per window, 93.4% of positions used)
Model: medium (123,587,328 parameters), initialized from /home/system/projects/AuthLLM/checkpoints/medium/step_20000.pt (step 20000)
step     10 | train_loss 2.2348 | lr 1.50e-04
step     15 | val_loss 2.1957 | val_ppl 8.99
step     20 | train_loss 2.1843 | lr 1.45e-04
step     30 | train_loss 2.1275 | lr 1.35e-04
step     30 | val_loss 2.1563 | val_ppl 8.64
step     40 | train_loss 2.1078 | lr 1.20e-04
step     45 | val_loss 2.1310 | val_ppl 8.42
step     50 | train_loss 2.1485 | lr 1.01e-04
step     60 | train_loss 2.0324 | lr 8.04e-05
step     60 | val_loss 2.1038 | val_ppl 8.20
step     70 | train_loss 2.0608 | lr 6.01e-05
step     75 | val_loss 2.0820 | val_ppl 8.02
step     80 | train_loss 2.1604 | lr 4.18e-05
step     90 | train_loss 2.0711 | lr 2.74e-05
step     90 | val_loss 2.0667 | val_ppl 7.90
step    100 | train_loss 2.0442 | lr 1.82e-05
step    105 | val_loss 2.0569 | val_ppl 7.82
step    109 | train_loss 2.2646 | lr 1.50e-05
step    109 | val_loss 2.0550 | val_ppl 7.81
Saved checkpoint to /home/system/projects/AuthLLM/checkpoints/lr_scaling/alpaca_mid_packed_109_lr0.00015_seed1338/step_109.pt
