Data: 50,868 train / 1,038 val examples (68 dropped as longer than 512 tokens)
Model: medium (123,587,328 parameters), initialized from /home/system/projects/AuthLLM/checkpoints/medium/step_20000.pt (step 20000)
step     10 | train_loss 2.6203 | lr 4.09e-05
step     20 | train_loss 2.3444 | lr 8.18e-05
step     30 | train_loss 2.1865 | lr 8.99e-05
step     40 | train_loss 2.1625 | lr 8.95e-05
step     50 | train_loss 2.3179 | lr 8.87e-05
step     50 | val_loss 2.2466 | val_ppl 9.46
step     60 | train_loss 2.4352 | lr 8.75e-05
step     70 | train_loss 1.9962 | lr 8.60e-05
step     80 | train_loss 2.1573 | lr 8.41e-05
step     90 | train_loss 2.1098 | lr 8.19e-05
step    100 | train_loss 2.1782 | lr 7.95e-05
step    100 | val_loss 2.2197 | val_ppl 9.20
step    110 | train_loss 2.2117 | lr 7.67e-05
step    120 | train_loss 2.2634 | lr 7.37e-05
step    130 | train_loss 2.1213 | lr 7.05e-05
step    140 | train_loss 2.2569 | lr 6.71e-05
step    150 | train_loss 2.3493 | lr 6.36e-05
step    150 | val_loss 2.1937 | val_ppl 8.97
step    160 | train_loss 2.1461 | lr 5.99e-05
step    170 | train_loss 2.2237 | lr 5.61e-05
step    180 | train_loss 2.3994 | lr 5.22e-05
step    190 | train_loss 2.3345 | lr 4.83e-05
step    200 | train_loss 2.2329 | lr 4.45e-05
step    200 | val_loss 2.1898 | val_ppl 8.93
step    210 | train_loss 2.0897 | lr 4.07e-05
step    220 | train_loss 2.1781 | lr 3.69e-05
step    230 | train_loss 2.1831 | lr 3.33e-05
step    240 | train_loss 2.2830 | lr 2.98e-05
step    250 | train_loss 2.1150 | lr 2.65e-05
step    250 | val_loss 2.1630 | val_ppl 8.70
step    260 | train_loss 2.1532 | lr 2.34e-05
step    270 | train_loss 2.1511 | lr 2.06e-05
step    280 | train_loss 2.1943 | lr 1.80e-05
step    290 | train_loss 2.0773 | lr 1.57e-05
step    300 | train_loss 2.1239 | lr 1.37e-05
step    300 | val_loss 2.1539 | val_ppl 8.62
step    310 | train_loss 2.2496 | lr 1.21e-05
step    320 | train_loss 2.1431 | lr 1.08e-05
step    330 | train_loss 2.5409 | lr 9.82e-06
step    340 | train_loss 2.0139 | lr 9.22e-06
step    350 | train_loss 2.2329 | lr 9.00e-06
step    350 | val_loss 2.1466 | val_ppl 8.56
Saved checkpoint to /home/system/projects/AuthLLM/checkpoints/lr_scaling/alpaca_unpacked_350_lr9e-05_seed1337/step_350.pt
