Data: 16,956 train / 346 val examples (0 dropped as longer than 512 tokens)
Model: medium (123,587,328 parameters), initialized from /home/system/projects/AuthLLM/checkpoints/medium/step_20000.pt (step 20000)
step     10 | train_loss 2.0524 | lr 7.58e-05
step     20 | train_loss 2.5421 | lr 1.52e-04
step     30 | train_loss 2.2683 | lr 2.27e-04
step     40 | train_loss 2.7928 | lr 2.50e-04
step     50 | train_loss 2.1640 | lr 2.49e-04
step     60 | train_loss 2.4478 | lr 2.48e-04
step     70 | train_loss 2.6700 | lr 2.47e-04
step     75 | val_loss 2.5462 | val_ppl 12.76
step     80 | train_loss 2.5360 | lr 2.45e-04
step     90 | train_loss 2.5694 | lr 2.43e-04
step    100 | train_loss 2.4496 | lr 2.40e-04
step    110 | train_loss 2.2268 | lr 2.37e-04
step    120 | train_loss 2.4854 | lr 2.34e-04
step    130 | train_loss 2.4446 | lr 2.30e-04
step    140 | train_loss 2.1144 | lr 2.26e-04
step    150 | train_loss 2.6799 | lr 2.21e-04
step    150 | val_loss 2.5632 | val_ppl 12.98
step    160 | train_loss 2.5682 | lr 2.16e-04
step    170 | train_loss 2.1065 | lr 2.11e-04
step    180 | train_loss 2.8462 | lr 2.05e-04
step    190 | train_loss 2.3782 | lr 2.00e-04
step    200 | train_loss 2.4524 | lr 1.94e-04
step    210 | train_loss 2.1569 | lr 1.87e-04
step    220 | train_loss 2.5632 | lr 1.81e-04
step    225 | val_loss 2.5518 | val_ppl 12.83
step    230 | train_loss 2.1638 | lr 1.74e-04
step    240 | train_loss 2.5900 | lr 1.67e-04
step    250 | train_loss 2.2079 | lr 1.60e-04
step    260 | train_loss 2.2671 | lr 1.53e-04
step    270 | train_loss 2.2507 | lr 1.46e-04
step    280 | train_loss 2.4616 | lr 1.39e-04
step    290 | train_loss 2.1922 | lr 1.32e-04
step    300 | train_loss 2.6223 | lr 1.25e-04
step    300 | val_loss 2.5034 | val_ppl 12.22
step    310 | train_loss 2.3158 | lr 1.18e-04
step    320 | train_loss 2.3772 | lr 1.11e-04
step    330 | train_loss 2.8107 | lr 1.04e-04
step    340 | train_loss 2.2638 | lr 9.75e-05
step    350 | train_loss 2.6117 | lr 9.09e-05
step    360 | train_loss 2.0669 | lr 8.46e-05
step    370 | train_loss 2.7061 | lr 7.84e-05
step    375 | val_loss 2.4361 | val_ppl 11.43
step    380 | train_loss 2.7527 | lr 7.25e-05
step    390 | train_loss 1.9295 | lr 6.68e-05
step    400 | train_loss 2.2559 | lr 6.14e-05
step    410 | train_loss 2.2762 | lr 5.63e-05
step    420 | train_loss 2.3215 | lr 5.16e-05
step    430 | train_loss 2.3484 | lr 4.72e-05
step    440 | train_loss 2.4228 | lr 4.31e-05
step    450 | train_loss 2.1460 | lr 3.94e-05
step    450 | val_loss 2.3826 | val_ppl 10.83
step    460 | train_loss 1.8184 | lr 3.61e-05
step    470 | train_loss 2.1461 | lr 3.33e-05
step    480 | train_loss 2.6279 | lr 3.08e-05
step    490 | train_loss 2.8441 | lr 2.88e-05
step    500 | train_loss 2.1156 | lr 2.72e-05
step    510 | train_loss 2.0752 | lr 2.60e-05
step    520 | train_loss 2.0336 | lr 2.53e-05
step    525 | val_loss 2.3520 | val_ppl 10.51
step    530 | train_loss 2.2070 | lr 2.50e-05
step    530 | val_loss 2.3506 | val_ppl 10.49
Saved checkpoint to /home/system/projects/AuthLLM/checkpoints/lr_scaling/alpaca_short_unpacked_530_lr0.00025_seed1337/step_530.pt
