Data: 16,956 train / 346 val examples (0 dropped as longer than 512 tokens)
Packing: 16,956 examples into 3,763 windows (4.5 per window, 98.7% of positions used)
Model: small (29,938,560 parameters), initialized from checkpoints/small/step_18000.pt (step 18000)
step     10 | train_loss 3.0071 | lr 4.00e-04
step     16 | val_loss 2.7929 | val_ppl 16.33
step     20 | train_loss 2.8767 | lr 3.90e-04
step     30 | train_loss 2.9466 | lr 3.66e-04
step     32 | val_loss 2.7725 | val_ppl 16.00
step     40 | train_loss 2.7741 | lr 3.31e-04
step     48 | val_loss 2.7368 | val_ppl 15.44
step     50 | train_loss 2.8466 | lr 2.87e-04
step     60 | train_loss 2.7894 | lr 2.38e-04
step     64 | val_loss 2.6942 | val_ppl 14.79
step     70 | train_loss 2.7057 | lr 1.87e-04
step     80 | train_loss 2.6667 | lr 1.39e-04
step     80 | val_loss 2.6525 | val_ppl 14.19
step     90 | train_loss 2.5896 | lr 9.73e-05
step     96 | val_loss 2.6193 | val_ppl 13.73
step    100 | train_loss 2.6567 | lr 6.54e-05
step    110 | train_loss 2.5708 | lr 4.58e-05
step    112 | val_loss 2.6043 | val_ppl 13.52
step    118 | train_loss 2.5564 | lr 4.01e-05
step    118 | val_loss 2.6003 | val_ppl 13.47
Saved checkpoint to /home/system/projects/AuthLLM/checkpoints/lr_scaling/alpaca_third_packed_118_lr0.0004_seed1337/step_118.pt
