Data: 16,956 train / 346 val examples (0 dropped as longer than 512 tokens)
Packing: 16,956 examples into 3,483 windows (4.9 per window, 93.4% of positions used)
Model: medium (123,587,328 parameters), initialized from /home/system/projects/AuthLLM/checkpoints/medium/step_20000.pt (step 20000)
step     10 | train_loss 2.2704 | lr 8.99e-05
step     15 | val_loss 2.1635 | val_ppl 8.70
step     20 | train_loss 2.1245 | lr 8.73e-05
step     30 | train_loss 2.1610 | lr 8.11e-05
step     30 | val_loss 2.1121 | val_ppl 8.27
step     40 | train_loss 2.1572 | lr 7.19e-05
step     45 | val_loss 2.0814 | val_ppl 8.02
step     50 | train_loss 2.0942 | lr 6.06e-05
step     60 | train_loss 2.1498 | lr 4.83e-05
step     60 | val_loss 2.0611 | val_ppl 7.85
step     70 | train_loss 2.1002 | lr 3.60e-05
step     75 | val_loss 2.0500 | val_ppl 7.77
step     80 | train_loss 2.0995 | lr 2.51e-05
step     90 | train_loss 2.0806 | lr 1.64e-05
step     90 | val_loss 2.0404 | val_ppl 7.69
step    100 | train_loss 2.1232 | lr 1.09e-05
step    105 | val_loss 2.0348 | val_ppl 7.65
step    109 | train_loss 2.2637 | lr 9.02e-06
step    109 | val_loss 2.0337 | val_ppl 7.64
Saved checkpoint to /home/system/projects/AuthLLM/checkpoints/lr_scaling/alpaca_mid_packed_109_lr9e-05_seed1339/step_109.pt
