Data: 50,868 train / 1,038 val examples (68 dropped as longer than 512 tokens)
Model: medium (123,587,328 parameters), initialized from /home/system/projects/AuthLLM/checkpoints/medium/step_20000.pt (step 20000)
step     10 | train_loss 2.4603 | lr 9.09e-06
step     20 | train_loss 2.2836 | lr 1.82e-05
step     30 | train_loss 2.2380 | lr 2.00e-05
step     40 | train_loss 2.3242 | lr 1.99e-05
step     50 | train_loss 2.1671 | lr 1.97e-05
step     50 | val_loss 2.2090 | val_ppl 9.11
step     60 | train_loss 2.1995 | lr 1.94e-05
step     70 | train_loss 2.1278 | lr 1.91e-05
step     80 | train_loss 2.1621 | lr 1.87e-05
step     90 | train_loss 2.1792 | lr 1.82e-05
step    100 | train_loss 2.2769 | lr 1.77e-05
step    100 | val_loss 2.1552 | val_ppl 8.63
step    110 | train_loss 2.1545 | lr 1.71e-05
step    120 | train_loss 2.1520 | lr 1.64e-05
step    130 | train_loss 2.1810 | lr 1.57e-05
step    140 | train_loss 2.1619 | lr 1.49e-05
step    150 | train_loss 2.2002 | lr 1.41e-05
step    150 | val_loss 2.1292 | val_ppl 8.41
step    160 | train_loss 2.1611 | lr 1.33e-05
step    170 | train_loss 2.1305 | lr 1.25e-05
step    180 | train_loss 2.0881 | lr 1.16e-05
step    190 | train_loss 2.1673 | lr 1.07e-05
step    200 | train_loss 2.2549 | lr 9.88e-06
step    200 | val_loss 2.1131 | val_ppl 8.27
step    210 | train_loss 2.1166 | lr 9.03e-06
step    220 | train_loss 2.1623 | lr 8.20e-06
step    230 | train_loss 2.1504 | lr 7.40e-06
step    240 | train_loss 2.1000 | lr 6.62e-06
step    250 | train_loss 2.1736 | lr 5.89e-06
step    250 | val_loss 2.1029 | val_ppl 8.19
step    260 | train_loss 2.0375 | lr 5.21e-06
step    270 | train_loss 2.2169 | lr 4.58e-06
step    280 | train_loss 2.1271 | lr 4.00e-06
step    290 | train_loss 2.0327 | lr 3.49e-06
step    300 | train_loss 2.1678 | lr 3.05e-06
step    300 | val_loss 2.0978 | val_ppl 8.15
step    310 | train_loss 2.1506 | lr 2.69e-06
step    320 | train_loss 2.1512 | lr 2.39e-06
step    330 | train_loss 2.1223 | lr 2.18e-06
step    340 | train_loss 2.1514 | lr 2.05e-06
step    350 | train_loss 2.1303 | lr 2.00e-06
step    350 | val_loss 2.0955 | val_ppl 8.13
Saved checkpoint to /home/system/projects/AuthLLM/checkpoints/lr_scaling/alpaca_wide_350_lr2e-05_seed1337/step_350.pt
