Data: 16,956 train / 346 val examples (0 dropped as longer than 512 tokens)
Model: medium (123,587,328 parameters), initialized from /home/system/projects/AuthLLM/checkpoints/medium/step_20000.pt (step 20000)
step     10 | train_loss 2.3851 | lr 2.73e-05
step     20 | train_loss 2.3422 | lr 5.45e-05
step     30 | train_loss 2.1714 | lr 8.18e-05
step     40 | train_loss 2.2255 | lr 9.00e-05
step     50 | train_loss 2.3055 | lr 8.98e-05
step     60 | train_loss 2.2536 | lr 8.95e-05
step     70 | train_loss 2.0143 | lr 8.90e-05
step     75 | val_loss 2.1881 | val_ppl 8.92
step     80 | train_loss 2.1397 | lr 8.83e-05
step     90 | train_loss 2.1144 | lr 8.75e-05
step    100 | train_loss 2.0572 | lr 8.65e-05
step    110 | train_loss 2.0715 | lr 8.54e-05
step    120 | train_loss 2.1573 | lr 8.42e-05
step    130 | train_loss 2.1095 | lr 8.28e-05
step    140 | train_loss 2.0350 | lr 8.12e-05
step    150 | train_loss 2.1606 | lr 7.96e-05
step    150 | val_loss 2.1578 | val_ppl 8.65
step    160 | train_loss 2.1751 | lr 7.78e-05
step    170 | train_loss 2.0103 | lr 7.59e-05
step    180 | train_loss 2.3021 | lr 7.39e-05
step    190 | train_loss 2.2717 | lr 7.19e-05
step    200 | train_loss 2.3463 | lr 6.97e-05
step    210 | train_loss 2.2329 | lr 6.74e-05
step    220 | train_loss 2.1360 | lr 6.51e-05
step    225 | val_loss 2.1351 | val_ppl 8.46
step    230 | train_loss 2.3708 | lr 6.27e-05
step    240 | train_loss 2.2743 | lr 6.02e-05
step    250 | train_loss 1.9549 | lr 5.78e-05
step    260 | train_loss 2.1952 | lr 5.52e-05
step    270 | train_loss 1.9936 | lr 5.27e-05
step    280 | train_loss 2.1278 | lr 5.01e-05
step    290 | train_loss 2.1060 | lr 4.76e-05
step    300 | train_loss 2.1942 | lr 4.50e-05
step    300 | val_loss 2.1132 | val_ppl 8.27
step    310 | train_loss 2.2129 | lr 4.25e-05
step    320 | train_loss 1.9501 | lr 4.00e-05
step    330 | train_loss 1.8459 | lr 3.75e-05
step    340 | train_loss 2.0578 | lr 3.51e-05
step    350 | train_loss 1.9737 | lr 3.27e-05
step    360 | train_loss 2.2060 | lr 3.04e-05
step    370 | train_loss 1.9966 | lr 2.82e-05
step    375 | val_loss 2.1003 | val_ppl 8.17
step    380 | train_loss 2.2880 | lr 2.61e-05
step    390 | train_loss 2.0515 | lr 2.40e-05
step    400 | train_loss 2.0847 | lr 2.21e-05
step    410 | train_loss 2.1422 | lr 2.03e-05
step    420 | train_loss 2.1517 | lr 1.86e-05
step    430 | train_loss 2.0709 | lr 1.70e-05
step    440 | train_loss 2.0471 | lr 1.55e-05
step    450 | train_loss 2.2830 | lr 1.42e-05
step    450 | val_loss 2.0828 | val_ppl 8.03
step    460 | train_loss 1.9800 | lr 1.30e-05
step    470 | train_loss 1.9635 | lr 1.20e-05
step    480 | train_loss 2.0829 | lr 1.11e-05
step    490 | train_loss 1.9965 | lr 1.04e-05
step    500 | train_loss 2.3194 | lr 9.78e-06
step    510 | train_loss 2.1103 | lr 9.36e-06
step    520 | train_loss 2.1782 | lr 9.10e-06
step    525 | val_loss 2.0759 | val_ppl 7.97
step    530 | train_loss 2.1115 | lr 9.00e-06
step    530 | val_loss 2.0754 | val_ppl 7.97
Saved checkpoint to /home/system/projects/AuthLLM/checkpoints/lr_scaling/alpaca_mid_unpacked_530_lr9e-05_seed1337/step_530.pt
