Data: 16,956 train / 346 val examples (0 dropped as longer than 512 tokens)
Packing: 16,956 examples into 3,761 windows (4.5 per window, 98.7% of positions used)
Model: medium (123,587,328 parameters), initialized from /home/system/projects/AuthLLM/checkpoints/medium/step_20000.pt (step 20000)
step     10 | train_loss 2.2241 | lr 2.50e-04
step     16 | val_loss 2.3081 | val_ppl 10.06
step     20 | train_loss 2.2905 | lr 2.44e-04
step     30 | train_loss 2.2069 | lr 2.29e-04
step     32 | val_loss 2.2669 | val_ppl 9.65
step     40 | train_loss 2.3119 | lr 2.07e-04
step     48 | val_loss 2.2390 | val_ppl 9.38
step     50 | train_loss 2.1346 | lr 1.79e-04
step     60 | train_loss 2.1215 | lr 1.49e-04
step     64 | val_loss 2.2049 | val_ppl 9.07
step     70 | train_loss 2.2211 | lr 1.17e-04
step     80 | train_loss 2.2825 | lr 8.69e-05
step     80 | val_loss 2.1772 | val_ppl 8.82
step     90 | train_loss 2.1858 | lr 6.08e-05
step     96 | val_loss 2.1522 | val_ppl 8.60
step    100 | train_loss 2.1704 | lr 4.09e-05
step    110 | train_loss 2.2122 | lr 2.86e-05
step    112 | val_loss 2.1390 | val_ppl 8.49
step    118 | train_loss 1.9948 | lr 2.50e-05
step    118 | val_loss 2.1357 | val_ppl 8.46
Saved checkpoint to /home/system/projects/AuthLLM/checkpoints/lr_scaling/alpaca_third_packed_118_lr0.00025_seed1339/step_118.pt
