Data: 50,867 train / 1,039 val examples (68 dropped as longer than 512 tokens)
Packing: 50,867 examples into 11,217 windows (4.5 per window, 98.8% of positions used)
Model: medium (123,587,328 parameters), initialized from /home/system/projects/AuthLLM/checkpoints/medium/step_20000.pt (step 20000)
step     10 | train_loss 2.2520 | lr 1.14e-04
step     20 | train_loss 2.1477 | lr 2.27e-04
step     30 | train_loss 2.3431 | lr 2.50e-04
step     40 | train_loss 2.3970 | lr 2.49e-04
step     50 | train_loss 2.2146 | lr 2.46e-04
step     50 | val_loss 2.3084 | val_ppl 10.06
step     60 | train_loss 2.1940 | lr 2.43e-04
step     70 | train_loss 2.2070 | lr 2.39e-04
step     80 | train_loss 2.1725 | lr 2.34e-04
step     90 | train_loss 2.2463 | lr 2.28e-04
step    100 | train_loss 2.2314 | lr 2.21e-04
step    100 | val_loss 2.2636 | val_ppl 9.62
step    110 | train_loss 2.2489 | lr 2.13e-04
step    120 | train_loss 2.1529 | lr 2.05e-04
step    130 | train_loss 2.2146 | lr 1.96e-04
step    140 | train_loss 2.1187 | lr 1.86e-04
step    150 | train_loss 2.0558 | lr 1.77e-04
step    150 | val_loss 2.2204 | val_ppl 9.21
step    160 | train_loss 2.1288 | lr 1.66e-04
step    170 | train_loss 1.9957 | lr 1.56e-04
step    180 | train_loss 2.1202 | lr 1.45e-04
step    190 | train_loss 2.0287 | lr 1.34e-04
step    200 | train_loss 2.1617 | lr 1.24e-04
step    200 | val_loss 2.1828 | val_ppl 8.87
step    210 | train_loss 2.2277 | lr 1.13e-04
step    220 | train_loss 1.9456 | lr 1.03e-04
step    230 | train_loss 2.1300 | lr 9.25e-05
step    240 | train_loss 2.1155 | lr 8.28e-05
step    250 | train_loss 2.0245 | lr 7.37e-05
step    250 | val_loss 2.1548 | val_ppl 8.63
step    260 | train_loss 2.0659 | lr 6.51e-05
step    270 | train_loss 1.9980 | lr 5.72e-05
step    280 | train_loss 2.0666 | lr 5.00e-05
step    290 | train_loss 2.1139 | lr 4.37e-05
step    300 | train_loss 2.1768 | lr 3.82e-05
step    300 | val_loss 2.1297 | val_ppl 8.41
step    310 | train_loss 1.9083 | lr 3.36e-05
step    320 | train_loss 2.1009 | lr 2.99e-05
step    330 | train_loss 2.0411 | lr 2.73e-05
step    340 | train_loss 1.9868 | lr 2.56e-05
step    350 | train_loss 2.0979 | lr 2.50e-05
step    350 | val_loss 2.1144 | val_ppl 8.28
Saved checkpoint to /home/system/projects/AuthLLM/checkpoints/lr_scaling/alpaca_packed_350_lr0.00025_seed1339/step_350.pt
