Data: 50,867 train / 1,039 val examples (68 dropped as longer than 512 tokens)
Packing: 50,867 examples into 11,217 windows (4.5 per window, 98.8% of positions used)
Model: medium (123,587,328 parameters), initialized from /home/system/projects/AuthLLM/checkpoints/medium/step_20000.pt (step 20000)
step     10 | train_loss 2.2921 | lr 4.09e-05
step     20 | train_loss 2.1736 | lr 8.18e-05
step     30 | train_loss 2.2972 | lr 8.99e-05
step     40 | train_loss 2.3331 | lr 8.95e-05
step     50 | train_loss 2.1507 | lr 8.87e-05
step     50 | val_loss 2.2378 | val_ppl 9.37
step     60 | train_loss 2.1158 | lr 8.75e-05
step     70 | train_loss 2.1366 | lr 8.60e-05
step     80 | train_loss 2.0884 | lr 8.41e-05
step     90 | train_loss 2.1921 | lr 8.19e-05
step    100 | train_loss 2.1541 | lr 7.95e-05
step    100 | val_loss 2.1942 | val_ppl 8.97
step    110 | train_loss 2.1702 | lr 7.67e-05
step    120 | train_loss 2.0831 | lr 7.37e-05
step    130 | train_loss 2.1531 | lr 7.05e-05
step    140 | train_loss 2.0543 | lr 6.71e-05
step    150 | train_loss 1.9959 | lr 6.36e-05
step    150 | val_loss 2.1596 | val_ppl 8.67
step    160 | train_loss 2.0906 | lr 5.99e-05
step    170 | train_loss 1.9427 | lr 5.61e-05
step    180 | train_loss 2.0646 | lr 5.22e-05
step    190 | train_loss 1.9923 | lr 4.83e-05
step    200 | train_loss 2.1181 | lr 4.45e-05
step    200 | val_loss 2.1391 | val_ppl 8.49
step    210 | train_loss 2.1832 | lr 4.07e-05
step    220 | train_loss 1.9138 | lr 3.69e-05
step    230 | train_loss 2.0995 | lr 3.33e-05
step    240 | train_loss 2.0759 | lr 2.98e-05
step    250 | train_loss 1.9955 | lr 2.65e-05
step    250 | val_loss 2.1243 | val_ppl 8.37
step    260 | train_loss 2.0439 | lr 2.34e-05
step    270 | train_loss 1.9881 | lr 2.06e-05
step    280 | train_loss 2.0512 | lr 1.80e-05
step    290 | train_loss 2.0971 | lr 1.57e-05
step    300 | train_loss 2.1558 | lr 1.37e-05
step    300 | val_loss 2.1127 | val_ppl 8.27
step    310 | train_loss 1.9145 | lr 1.21e-05
step    320 | train_loss 2.0834 | lr 1.08e-05
step    330 | train_loss 2.0391 | lr 9.82e-06
step    340 | train_loss 1.9789 | lr 9.22e-06
step    350 | train_loss 2.0937 | lr 9.00e-06
step    350 | val_loss 2.1066 | val_ppl 8.22
Saved checkpoint to /home/system/projects/AuthLLM/checkpoints/lr_scaling/alpaca_packed_350_lr9e-05_seed1339/step_350.pt
