Data: 50,868 train / 1,038 val examples (68 dropped as longer than 512 tokens)
Model: medium (123,587,328 parameters), initialized from /home/system/projects/AuthLLM/checkpoints/medium/step_20000.pt (step 20000)
step     10 | train_loss 2.6800 | lr 1.36e-05
step     20 | train_loss 2.3879 | lr 2.73e-05
step     30 | train_loss 2.2072 | lr 3.00e-05
step     40 | train_loss 2.1588 | lr 2.98e-05
step     50 | train_loss 2.3139 | lr 2.96e-05
step     50 | val_loss 2.2396 | val_ppl 9.39
step     60 | train_loss 2.4318 | lr 2.92e-05
step     70 | train_loss 1.9711 | lr 2.87e-05
step     80 | train_loss 2.1461 | lr 2.80e-05
step     90 | train_loss 2.0620 | lr 2.73e-05
step    100 | train_loss 2.1820 | lr 2.65e-05
step    100 | val_loss 2.1945 | val_ppl 8.98
step    110 | train_loss 2.2082 | lr 2.56e-05
step    120 | train_loss 2.2364 | lr 2.46e-05
step    130 | train_loss 2.0773 | lr 2.35e-05
step    140 | train_loss 2.2327 | lr 2.24e-05
step    150 | train_loss 2.3223 | lr 2.12e-05
step    150 | val_loss 2.1701 | val_ppl 8.76
step    160 | train_loss 2.1417 | lr 2.00e-05
step    170 | train_loss 2.2073 | lr 1.87e-05
step    180 | train_loss 2.3758 | lr 1.74e-05
step    190 | train_loss 2.2959 | lr 1.61e-05
step    200 | train_loss 2.1983 | lr 1.48e-05
step    200 | val_loss 2.1591 | val_ppl 8.66
step    210 | train_loss 2.0520 | lr 1.36e-05
step    220 | train_loss 2.1583 | lr 1.23e-05
step    230 | train_loss 2.1677 | lr 1.11e-05
step    240 | train_loss 2.2516 | lr 9.94e-06
step    250 | train_loss 2.1076 | lr 8.84e-06
step    250 | val_loss 2.1491 | val_ppl 8.58
step    260 | train_loss 2.1362 | lr 7.81e-06
step    270 | train_loss 2.1480 | lr 6.86e-06
step    280 | train_loss 2.1771 | lr 6.00e-06
step    290 | train_loss 2.0622 | lr 5.24e-06
step    300 | train_loss 2.1362 | lr 4.58e-06
step    300 | val_loss 2.1424 | val_ppl 8.52
step    310 | train_loss 2.2310 | lr 4.03e-06
step    320 | train_loss 2.1378 | lr 3.59e-06
step    330 | train_loss 2.5224 | lr 3.27e-06
step    340 | train_loss 1.9964 | lr 3.07e-06
step    350 | train_loss 2.2109 | lr 3.00e-06
step    350 | val_loss 2.1397 | val_ppl 8.50
Saved checkpoint to /home/system/projects/AuthLLM/checkpoints/lr_scaling/alpaca_unpacked_350_lr3e-05_seed1337/step_350.pt
