Data: 50,868 train / 1,038 val examples (68 dropped as longer than 512 tokens)
Packing: 50,868 examples into 11,220 windows (4.5 per window, 98.8% of positions used)
Model: medium (123,587,328 parameters), initialized from /home/system/projects/AuthLLM/checkpoints/medium/step_20000.pt (step 20000)
step     10 | train_loss 2.3059 | lr 6.82e-05
step     20 | train_loss 2.2586 | lr 1.36e-04
step     30 | train_loss 2.1371 | lr 1.50e-04
step     40 | train_loss 2.1728 | lr 1.49e-04
step     50 | train_loss 2.0879 | lr 1.48e-04
step     50 | val_loss 2.1673 | val_ppl 8.73
step     60 | train_loss 2.1687 | lr 1.46e-04
step     70 | train_loss 2.1392 | lr 1.43e-04
step     80 | train_loss 2.2270 | lr 1.40e-04
step     90 | train_loss 2.1338 | lr 1.37e-04
step    100 | train_loss 2.2263 | lr 1.32e-04
step    100 | val_loss 2.1211 | val_ppl 8.34
step    110 | train_loss 2.1960 | lr 1.28e-04
step    120 | train_loss 2.1624 | lr 1.23e-04
step    130 | train_loss 2.1242 | lr 1.18e-04
step    140 | train_loss 2.1509 | lr 1.12e-04
step    150 | train_loss 2.1117 | lr 1.06e-04
step    150 | val_loss 2.0942 | val_ppl 8.12
step    160 | train_loss 2.1040 | lr 9.98e-05
step    170 | train_loss 2.0744 | lr 9.34e-05
step    180 | train_loss 2.1045 | lr 8.70e-05
step    190 | train_loss 2.0911 | lr 8.06e-05
step    200 | train_loss 2.1846 | lr 7.41e-05
step    200 | val_loss 2.0624 | val_ppl 7.86
step    210 | train_loss 2.0892 | lr 6.78e-05
step    220 | train_loss 1.8897 | lr 6.15e-05
step    230 | train_loss 2.1070 | lr 5.55e-05
step    240 | train_loss 2.0581 | lr 4.97e-05
step    250 | train_loss 2.0634 | lr 4.42e-05
step    250 | val_loss 2.0421 | val_ppl 7.71
step    260 | train_loss 2.0772 | lr 3.91e-05
step    270 | train_loss 2.1194 | lr 3.43e-05
step    280 | train_loss 2.0867 | lr 3.00e-05
step    290 | train_loss 2.0152 | lr 2.62e-05
step    300 | train_loss 2.0136 | lr 2.29e-05
step    300 | val_loss 2.0251 | val_ppl 7.58
step    310 | train_loss 2.0181 | lr 2.01e-05
step    320 | train_loss 1.9565 | lr 1.80e-05
step    330 | train_loss 2.2768 | lr 1.64e-05
step    340 | train_loss 1.9885 | lr 1.54e-05
step    350 | train_loss 1.9997 | lr 1.50e-05
step    350 | val_loss 2.0175 | val_ppl 7.52
Saved checkpoint to /home/system/projects/AuthLLM/checkpoints/lr_scaling/alpaca_packed_350_lr0.00015_seed1337/step_350.pt
