Data: 16,956 train / 346 val examples (0 dropped as longer than 512 tokens)
Model: medium (123,587,328 parameters), initialized from /home/system/projects/AuthLLM/checkpoints/medium/step_20000.pt (step 20000)
step     10 | train_loss 2.5815 | lr 6.06e-06
step     20 | train_loss 2.1590 | lr 1.21e-05
step     30 | train_loss 2.2374 | lr 1.82e-05
step     40 | train_loss 2.2578 | lr 2.00e-05
step     50 | train_loss 2.1048 | lr 2.00e-05
step     60 | train_loss 2.4692 | lr 1.99e-05
step     70 | train_loss 2.2798 | lr 1.98e-05
step     75 | val_loss 2.2142 | val_ppl 9.15
step     80 | train_loss 2.1999 | lr 1.96e-05
step     90 | train_loss 2.3548 | lr 1.94e-05
step    100 | train_loss 2.4555 | lr 1.92e-05
step    110 | train_loss 2.3519 | lr 1.90e-05
step    120 | train_loss 2.0699 | lr 1.87e-05
step    130 | train_loss 2.0412 | lr 1.84e-05
step    140 | train_loss 2.2649 | lr 1.81e-05
step    150 | train_loss 2.2267 | lr 1.77e-05
step    150 | val_loss 2.1658 | val_ppl 8.72
step    160 | train_loss 2.3014 | lr 1.73e-05
step    170 | train_loss 2.1260 | lr 1.69e-05
step    180 | train_loss 2.2898 | lr 1.64e-05
step    190 | train_loss 2.0190 | lr 1.60e-05
step    200 | train_loss 2.1193 | lr 1.55e-05
step    210 | train_loss 2.2097 | lr 1.50e-05
step    220 | train_loss 2.1927 | lr 1.45e-05
step    225 | val_loss 2.1410 | val_ppl 8.51
step    230 | train_loss 2.2325 | lr 1.39e-05
step    240 | train_loss 2.2905 | lr 1.34e-05
step    250 | train_loss 2.2558 | lr 1.28e-05
step    260 | train_loss 2.2273 | lr 1.23e-05
step    270 | train_loss 2.1398 | lr 1.17e-05
step    280 | train_loss 2.1644 | lr 1.11e-05
step    290 | train_loss 2.2120 | lr 1.06e-05
step    300 | train_loss 2.2879 | lr 1.00e-05
step    300 | val_loss 2.1234 | val_ppl 8.36
step    310 | train_loss 2.2129 | lr 9.44e-06
step    320 | train_loss 2.0746 | lr 8.89e-06
step    330 | train_loss 2.1361 | lr 8.34e-06
step    340 | train_loss 2.1696 | lr 7.80e-06
step    350 | train_loss 2.2715 | lr 7.28e-06
step    360 | train_loss 2.2308 | lr 6.77e-06
step    370 | train_loss 2.2438 | lr 6.27e-06
step    375 | val_loss 2.1148 | val_ppl 8.29
step    380 | train_loss 2.1926 | lr 5.80e-06
step    390 | train_loss 2.2351 | lr 5.34e-06
step    400 | train_loss 2.1156 | lr 4.91e-06
step    410 | train_loss 2.1594 | lr 4.51e-06
step    420 | train_loss 2.0378 | lr 4.13e-06
step    430 | train_loss 2.1407 | lr 3.77e-06
step    440 | train_loss 2.1227 | lr 3.45e-06
step    450 | train_loss 2.1183 | lr 3.15e-06
step    450 | val_loss 2.1099 | val_ppl 8.25
step    460 | train_loss 2.0823 | lr 2.89e-06
step    470 | train_loss 2.1935 | lr 2.66e-06
step    480 | train_loss 2.1421 | lr 2.46e-06
step    490 | train_loss 2.1261 | lr 2.30e-06
step    500 | train_loss 2.2065 | lr 2.17e-06
step    510 | train_loss 2.1497 | lr 2.08e-06
step    520 | train_loss 2.0750 | lr 2.02e-06
step    525 | val_loss 2.1065 | val_ppl 8.22
step    530 | train_loss 2.1983 | lr 2.00e-06
step    530 | val_loss 2.1063 | val_ppl 8.22
Saved checkpoint to /home/system/projects/AuthLLM/checkpoints/lr_scaling/alpaca_long_unpacked_530_lr2e-05_seed1337/step_530.pt
