Data: 50,868 train / 1,038 val examples (68 dropped as longer than 512 tokens)
Model: medium (123,587,328 parameters), initialized from /home/system/projects/AuthLLM/checkpoints/medium/step_20000.pt (step 20000)
step     10 | train_loss 2.6312 | lr 2.73e-05
step     20 | train_loss 2.3599 | lr 5.45e-05
step     30 | train_loss 2.1831 | lr 5.99e-05
step     40 | train_loss 2.1527 | lr 5.96e-05
step     50 | train_loss 2.3061 | lr 5.91e-05
step     50 | val_loss 2.2295 | val_ppl 9.30
step     60 | train_loss 2.4222 | lr 5.83e-05
step     70 | train_loss 1.9743 | lr 5.73e-05
step     80 | train_loss 2.1399 | lr 5.61e-05
step     90 | train_loss 2.0635 | lr 5.46e-05
step    100 | train_loss 2.1703 | lr 5.30e-05
step    100 | val_loss 2.1944 | val_ppl 8.97
step    110 | train_loss 2.1902 | lr 5.12e-05
step    120 | train_loss 2.2354 | lr 4.92e-05
step    130 | train_loss 2.0881 | lr 4.70e-05
step    140 | train_loss 2.2342 | lr 4.47e-05
step    150 | train_loss 2.3248 | lr 4.24e-05
step    150 | val_loss 2.1720 | val_ppl 8.78
step    160 | train_loss 2.1285 | lr 3.99e-05
step    170 | train_loss 2.2021 | lr 3.74e-05
step    180 | train_loss 2.3737 | lr 3.48e-05
step    190 | train_loss 2.3019 | lr 3.22e-05
step    200 | train_loss 2.2065 | lr 2.96e-05
step    200 | val_loss 2.1652 | val_ppl 8.72
step    210 | train_loss 2.0620 | lr 2.71e-05
step    220 | train_loss 2.1598 | lr 2.46e-05
step    230 | train_loss 2.1659 | lr 2.22e-05
step    240 | train_loss 2.2566 | lr 1.99e-05
step    250 | train_loss 2.1000 | lr 1.77e-05
step    250 | val_loss 2.1455 | val_ppl 8.55
step    260 | train_loss 2.1361 | lr 1.56e-05
step    270 | train_loss 2.1404 | lr 1.37e-05
step    280 | train_loss 2.1758 | lr 1.20e-05
step    290 | train_loss 2.0619 | lr 1.05e-05
step    300 | train_loss 2.1158 | lr 9.16e-06
step    300 | val_loss 2.1385 | val_ppl 8.49
step    310 | train_loss 2.2323 | lr 8.06e-06
step    320 | train_loss 2.1274 | lr 7.18e-06
step    330 | train_loss 2.5230 | lr 6.54e-06
step    340 | train_loss 1.9986 | lr 6.15e-06
step    350 | train_loss 2.2142 | lr 6.00e-06
step    350 | val_loss 2.1338 | val_ppl 8.45
Saved checkpoint to /home/system/projects/AuthLLM/checkpoints/lr_scaling/alpaca_unpacked_350_lr6e-05_seed1337/step_350.pt
