Data: 16,956 train / 346 val examples (0 dropped as longer than 512 tokens)
Model: medium (123,587,328 parameters), initialized from /home/system/projects/AuthLLM/checkpoints/medium/step_20000.pt (step 20000)
step     10 | train_loss 2.4776 | lr 6.06e-06
step     20 | train_loss 2.7183 | lr 1.21e-05
step     30 | train_loss 2.3594 | lr 1.82e-05
step     40 | train_loss 2.6756 | lr 2.00e-05
step     50 | train_loss 2.1075 | lr 2.00e-05
step     60 | train_loss 2.1944 | lr 1.99e-05
step     70 | train_loss 2.3957 | lr 1.98e-05
step     75 | val_loss 2.3172 | val_ppl 10.15
step     80 | train_loss 2.3621 | lr 1.96e-05
step     90 | train_loss 2.1911 | lr 1.94e-05
step    100 | train_loss 2.1141 | lr 1.92e-05
step    110 | train_loss 1.7666 | lr 1.90e-05
step    120 | train_loss 1.9923 | lr 1.87e-05
step    130 | train_loss 2.0720 | lr 1.84e-05
step    140 | train_loss 1.7651 | lr 1.81e-05
step    150 | train_loss 2.2652 | lr 1.77e-05
step    150 | val_loss 2.2267 | val_ppl 9.27
step    160 | train_loss 2.1786 | lr 1.73e-05
step    170 | train_loss 1.7271 | lr 1.69e-05
step    180 | train_loss 2.3729 | lr 1.64e-05
step    190 | train_loss 2.0071 | lr 1.60e-05
step    200 | train_loss 2.0903 | lr 1.55e-05
step    210 | train_loss 1.7883 | lr 1.50e-05
step    220 | train_loss 2.1183 | lr 1.45e-05
step    225 | val_loss 2.1776 | val_ppl 8.83
step    230 | train_loss 1.7287 | lr 1.39e-05
step    240 | train_loss 2.1249 | lr 1.34e-05
step    250 | train_loss 1.9995 | lr 1.28e-05
step    260 | train_loss 1.9940 | lr 1.23e-05
step    270 | train_loss 1.9243 | lr 1.17e-05
step    280 | train_loss 2.1401 | lr 1.11e-05
step    290 | train_loss 1.9555 | lr 1.06e-05
step    300 | train_loss 2.2799 | lr 1.00e-05
step    300 | val_loss 2.1452 | val_ppl 8.54
step    310 | train_loss 2.1395 | lr 9.44e-06
step    320 | train_loss 1.9782 | lr 8.89e-06
step    330 | train_loss 2.3554 | lr 8.34e-06
step    340 | train_loss 2.0033 | lr 7.80e-06
step    350 | train_loss 2.2372 | lr 7.28e-06
step    360 | train_loss 1.7375 | lr 6.77e-06
step    370 | train_loss 2.3530 | lr 6.27e-06
step    375 | val_loss 2.1276 | val_ppl 8.39
step    380 | train_loss 2.2785 | lr 5.80e-06
step    390 | train_loss 1.7603 | lr 5.34e-06
step    400 | train_loss 2.0445 | lr 4.91e-06
step    410 | train_loss 1.8885 | lr 4.51e-06
step    420 | train_loss 2.0238 | lr 4.13e-06
step    430 | train_loss 2.0211 | lr 3.77e-06
step    440 | train_loss 2.1074 | lr 3.45e-06
step    450 | train_loss 1.9660 | lr 3.15e-06
step    450 | val_loss 2.1139 | val_ppl 8.28
step    460 | train_loss 1.6167 | lr 2.89e-06
step    470 | train_loss 2.0688 | lr 2.66e-06
step    480 | train_loss 2.2799 | lr 2.46e-06
step    490 | train_loss 2.4386 | lr 2.30e-06
step    500 | train_loss 1.9541 | lr 2.17e-06
step    510 | train_loss 1.8560 | lr 2.08e-06
step    520 | train_loss 1.7724 | lr 2.02e-06
step    525 | val_loss 2.1080 | val_ppl 8.23
step    530 | train_loss 2.0427 | lr 2.00e-06
step    530 | val_loss 2.1078 | val_ppl 8.23
Saved checkpoint to /home/system/projects/AuthLLM/checkpoints/lr_scaling/alpaca_short_unpacked_530_lr2e-05_seed1337/step_530.pt
