Data: 50,868 train / 1,038 val examples (68 dropped as longer than 512 tokens)
Packing: 50,868 examples into 11,220 windows (4.5 per window, 98.8% of positions used)
Model: medium (123,587,328 parameters), initialized from /home/system/projects/AuthLLM/checkpoints/medium/step_20000.pt (step 20000)
step     10 | train_loss 2.4386 | lr 9.09e-06
step     20 | train_loss 2.3403 | lr 1.82e-05
step     30 | train_loss 2.2136 | lr 2.00e-05
step     40 | train_loss 2.2000 | lr 1.99e-05
step     50 | train_loss 2.1365 | lr 1.97e-05
step     50 | val_loss 2.2061 | val_ppl 9.08
step     60 | train_loss 2.2091 | lr 1.94e-05
step     70 | train_loss 2.1717 | lr 1.91e-05
step     80 | train_loss 2.2539 | lr 1.87e-05
step     90 | train_loss 2.1463 | lr 1.82e-05
step    100 | train_loss 2.2675 | lr 1.77e-05
step    100 | val_loss 2.1503 | val_ppl 8.59
step    110 | train_loss 2.2155 | lr 1.71e-05
step    120 | train_loss 2.2019 | lr 1.64e-05
step    130 | train_loss 2.1447 | lr 1.57e-05
step    140 | train_loss 2.1716 | lr 1.49e-05
step    150 | train_loss 2.1414 | lr 1.41e-05
step    150 | val_loss 2.1243 | val_ppl 8.37
step    160 | train_loss 2.1216 | lr 1.33e-05
step    170 | train_loss 2.1314 | lr 1.25e-05
step    180 | train_loss 2.1562 | lr 1.16e-05
step    190 | train_loss 2.1321 | lr 1.07e-05
step    200 | train_loss 2.2197 | lr 9.88e-06
step    200 | val_loss 2.1096 | val_ppl 8.24
step    210 | train_loss 2.1292 | lr 9.03e-06
step    220 | train_loss 1.9771 | lr 8.20e-06
step    230 | train_loss 2.1542 | lr 7.40e-06
step    240 | train_loss 2.0997 | lr 6.62e-06
step    250 | train_loss 2.1638 | lr 5.89e-06
step    250 | val_loss 2.0986 | val_ppl 8.15
step    260 | train_loss 2.1466 | lr 5.21e-06
step    270 | train_loss 2.1998 | lr 4.58e-06
step    280 | train_loss 2.1736 | lr 4.00e-06
step    290 | train_loss 2.0907 | lr 3.49e-06
step    300 | train_loss 2.0748 | lr 3.05e-06
step    300 | val_loss 2.0942 | val_ppl 8.12
step    310 | train_loss 2.1076 | lr 2.69e-06
step    320 | train_loss 2.0247 | lr 2.39e-06
step    330 | train_loss 2.3270 | lr 2.18e-06
step    340 | train_loss 2.0426 | lr 2.05e-06
step    350 | train_loss 2.0627 | lr 2.00e-06
step    350 | val_loss 2.0911 | val_ppl 8.09
Saved checkpoint to /home/system/projects/AuthLLM/checkpoints/lr_scaling/alpaca_packed_350_lr2e-05_seed1337/step_350.pt
