Data: 50,868 train / 1,038 val examples (68 dropped as longer than 512 tokens)
Model: small (29,938,560 parameters), initialized from checkpoints/small/step_18000.pt (step 18000)
step     10 | train_loss 3.1658 | lr 4.00e-05
step     20 | train_loss 2.9140 | lr 8.00e-05
step     30 | train_loss 2.7168 | lr 1.20e-04
step     40 | train_loss 2.7465 | lr 1.60e-04
step     50 | train_loss 2.8700 | lr 2.00e-04
step     60 | train_loss 3.0467 | lr 2.40e-04
step     70 | train_loss 2.5511 | lr 2.80e-04
step     80 | train_loss 2.7675 | lr 3.20e-04
step     90 | train_loss 2.7226 | lr 3.60e-04
step    100 | train_loss 2.8500 | lr 4.00e-04
step    110 | train_loss 3.0070 | lr 4.00e-04
step    120 | train_loss 3.0636 | lr 4.00e-04
step    130 | train_loss 2.8547 | lr 4.00e-04
step    140 | train_loss 3.1762 | lr 3.99e-04
step    150 | train_loss 3.1251 | lr 3.99e-04
step    160 | train_loss 3.0049 | lr 3.99e-04
step    170 | train_loss 3.0262 | lr 3.98e-04
step    180 | train_loss 3.3100 | lr 3.98e-04
step    190 | train_loss 3.3160 | lr 3.97e-04
step    200 | train_loss 3.0736 | lr 3.96e-04
step    210 | train_loss 3.0675 | lr 3.95e-04
step    220 | train_loss 3.0162 | lr 3.94e-04
step    228 | val_loss 3.0952 | val_ppl 22.09
step    230 | train_loss 3.1335 | lr 3.93e-04
step    240 | train_loss 3.2351 | lr 3.92e-04
step    250 | train_loss 3.0220 | lr 3.91e-04
step    260 | train_loss 2.9904 | lr 3.90e-04
step    270 | train_loss 2.9733 | lr 3.89e-04
step    280 | train_loss 3.1011 | lr 3.87e-04
step    290 | train_loss 2.9291 | lr 3.86e-04
step    300 | train_loss 3.1765 | lr 3.85e-04
step    310 | train_loss 3.2445 | lr 3.83e-04
step    320 | train_loss 2.9995 | lr 3.81e-04
step    330 | train_loss 3.6121 | lr 3.80e-04
step    340 | train_loss 3.1355 | lr 3.78e-04
step    350 | train_loss 3.3546 | lr 3.76e-04
step    360 | train_loss 3.1650 | lr 3.74e-04
step    370 | train_loss 3.0177 | lr 3.72e-04
step    380 | train_loss 3.2213 | lr 3.70e-04
step    390 | train_loss 3.1610 | lr 3.68e-04
step    400 | train_loss 3.0543 | lr 3.66e-04
step    410 | train_loss 3.0864 | lr 3.64e-04
step    420 | train_loss 3.3460 | lr 3.61e-04
step    430 | train_loss 3.3048 | lr 3.59e-04
step    440 | train_loss 3.2695 | lr 3.57e-04
step    450 | train_loss 3.3176 | lr 3.54e-04
step    456 | val_loss 3.1336 | val_ppl 22.96
step    460 | train_loss 2.9161 | lr 3.51e-04
step    470 | train_loss 3.2929 | lr 3.49e-04
step    480 | train_loss 3.1774 | lr 3.46e-04
step    490 | train_loss 3.3162 | lr 3.43e-04
step    500 | train_loss 2.9329 | lr 3.41e-04
step    510 | train_loss 3.1819 | lr 3.38e-04
step    520 | train_loss 3.1362 | lr 3.35e-04
step    530 | train_loss 2.7921 | lr 3.32e-04
step    540 | train_loss 3.0802 | lr 3.29e-04
step    550 | train_loss 3.1435 | lr 3.26e-04
step    560 | train_loss 2.9810 | lr 3.23e-04
step    570 | train_loss 3.0783 | lr 3.20e-04
step    580 | train_loss 3.2374 | lr 3.17e-04
step    590 | train_loss 2.9523 | lr 3.14e-04
step    600 | train_loss 3.1193 | lr 3.10e-04
step    610 | train_loss 3.0809 | lr 3.07e-04
step    620 | train_loss 3.4218 | lr 3.04e-04
step    630 | train_loss 2.9708 | lr 3.00e-04
step    640 | train_loss 3.2587 | lr 2.97e-04
step    650 | train_loss 3.0924 | lr 2.94e-04
step    660 | train_loss 3.0938 | lr 2.90e-04
step    670 | train_loss 3.1508 | lr 2.87e-04
step    680 | train_loss 2.6214 | lr 2.83e-04
step    684 | val_loss 3.0890 | val_ppl 21.95
step    690 | train_loss 3.3313 | lr 2.80e-04
step    700 | train_loss 2.9861 | lr 2.76e-04
step    710 | train_loss 3.1012 | lr 2.72e-04
step    720 | train_loss 2.9583 | lr 2.69e-04
step    730 | train_loss 3.0956 | lr 2.65e-04
step    740 | train_loss 3.0190 | lr 2.61e-04
step    750 | train_loss 3.1094 | lr 2.58e-04
step    760 | train_loss 3.2042 | lr 2.54e-04
step    770 | train_loss 3.0067 | lr 2.50e-04
step    780 | train_loss 3.1019 | lr 2.47e-04
step    790 | train_loss 3.4033 | lr 2.43e-04
step    800 | train_loss 3.0598 | lr 2.39e-04
step    810 | train_loss 3.0725 | lr 2.35e-04
step    820 | train_loss 2.9034 | lr 2.32e-04
step    830 | train_loss 2.9939 | lr 2.28e-04
step    840 | train_loss 3.0470 | lr 2.24e-04
step    850 | train_loss 2.9543 | lr 2.20e-04
step    860 | train_loss 2.8079 | lr 2.17e-04
step    870 | train_loss 2.8762 | lr 2.13e-04
step    880 | train_loss 2.9107 | lr 2.09e-04
step    890 | train_loss 3.0441 | lr 2.05e-04
step    900 | train_loss 3.2420 | lr 2.02e-04
step    910 | train_loss 2.6631 | lr 1.98e-04
step    912 | val_loss 3.0092 | val_ppl 20.27
step    920 | train_loss 2.9625 | lr 1.94e-04
step    930 | train_loss 3.0069 | lr 1.90e-04
step    940 | train_loss 2.7896 | lr 1.87e-04
step    950 | train_loss 3.2888 | lr 1.83e-04
step    960 | train_loss 3.4428 | lr 1.79e-04
step    970 | train_loss 3.0480 | lr 1.76e-04
step    980 | train_loss 3.1419 | lr 1.72e-04
step    990 | train_loss 3.0298 | lr 1.68e-04
step   1000 | train_loss 2.7038 | lr 1.65e-04
step   1010 | train_loss 3.2078 | lr 1.61e-04
step   1020 | train_loss 2.9817 | lr 1.58e-04
step   1030 | train_loss 3.1612 | lr 1.54e-04
step   1040 | train_loss 3.1085 | lr 1.51e-04
step   1050 | train_loss 3.0772 | lr 1.47e-04
step   1060 | train_loss 3.1164 | lr 1.44e-04
step   1070 | train_loss 3.1448 | lr 1.40e-04
step   1080 | train_loss 2.9136 | lr 1.37e-04
step   1090 | train_loss 3.1057 | lr 1.34e-04
step   1100 | train_loss 2.6531 | lr 1.30e-04
step   1110 | train_loss 3.0769 | lr 1.27e-04
step   1120 | train_loss 2.9128 | lr 1.24e-04
step   1130 | train_loss 3.0612 | lr 1.21e-04
step   1140 | train_loss 2.9665 | lr 1.18e-04
step   1140 | val_loss 2.9309 | val_ppl 18.75
step   1150 | train_loss 3.0544 | lr 1.15e-04
step   1160 | train_loss 2.9600 | lr 1.11e-04
step   1170 | train_loss 3.0036 | lr 1.08e-04
step   1180 | train_loss 2.5018 | lr 1.06e-04
step   1190 | train_loss 3.0478 | lr 1.03e-04
step   1200 | train_loss 3.1217 | lr 9.98e-05
step   1210 | train_loss 2.9004 | lr 9.71e-05
step   1220 | train_loss 2.8821 | lr 9.43e-05
step   1230 | train_loss 3.0599 | lr 9.17e-05
step   1240 | train_loss 2.9282 | lr 8.90e-05
step   1250 | train_loss 3.1717 | lr 8.65e-05
step   1260 | train_loss 2.6090 | lr 8.40e-05
step   1270 | train_loss 2.7555 | lr 8.15e-05
step   1280 | train_loss 3.0243 | lr 7.92e-05
step   1290 | train_loss 2.7624 | lr 7.69e-05
step   1300 | train_loss 3.2118 | lr 7.46e-05
step   1310 | train_loss 2.7567 | lr 7.24e-05
step   1320 | train_loss 2.7789 | lr 7.03e-05
step   1330 | train_loss 3.0684 | lr 6.82e-05
step   1340 | train_loss 2.8631 | lr 6.62e-05
step   1350 | train_loss 3.0316 | lr 6.43e-05
step   1360 | train_loss 3.0990 | lr 6.24e-05
step   1368 | val_loss 2.8810 | val_ppl 17.83
step   1370 | train_loss 2.6864 | lr 6.07e-05
step   1380 | train_loss 3.1594 | lr 5.89e-05
step   1390 | train_loss 2.7852 | lr 5.73e-05
step   1400 | train_loss 3.0010 | lr 5.57e-05
step   1410 | train_loss 2.7054 | lr 5.42e-05
step   1420 | train_loss 3.0715 | lr 5.28e-05
step   1430 | train_loss 3.1331 | lr 5.14e-05
step   1440 | train_loss 2.8469 | lr 5.01e-05
step   1450 | train_loss 2.7556 | lr 4.89e-05
step   1460 | train_loss 2.9990 | lr 4.78e-05
step   1470 | train_loss 2.9309 | lr 4.67e-05
step   1480 | train_loss 2.6378 | lr 4.57e-05
step   1490 | train_loss 3.2838 | lr 4.48e-05
step   1500 | train_loss 3.1129 | lr 4.40e-05
step   1510 | train_loss 2.6489 | lr 4.33e-05
step   1520 | train_loss 2.8742 | lr 4.26e-05
step   1530 | train_loss 2.9693 | lr 4.20e-05
step   1540 | train_loss 2.6719 | lr 4.15e-05
step   1550 | train_loss 2.9429 | lr 4.10e-05
step   1560 | train_loss 2.7156 | lr 4.07e-05
step   1570 | train_loss 2.7485 | lr 4.04e-05
step   1580 | train_loss 2.8064 | lr 4.02e-05
step   1590 | train_loss 2.7070 | lr 4.00e-05
step   1596 | val_loss 2.8560 | val_ppl 17.39
step   1600 | train_loss 2.6433 | lr 4.00e-05
step   1600 | val_loss 2.8562 | val_ppl 17.40
Saved checkpoint to /home/system/projects/AuthLLM/checkpoints/lr_scaling/alpaca_unpacked_1600_lr0.0004_seed1337/step_1600.pt
