Data: 16,956 train / 346 val examples (0 dropped as longer than 512 tokens)
Model: medium (123,587,328 parameters), initialized from /home/system/projects/AuthLLM/checkpoints/medium/step_20000.pt (step 20000)
step     10 | train_loss 2.4309 | lr 1.50e-04
step     16 | val_loss 2.3316 | val_ppl 10.29
step     20 | train_loss 2.3080 | lr 1.46e-04
step     30 | train_loss 2.2372 | lr 1.37e-04
step     32 | val_loss 2.3003 | val_ppl 9.98
step     40 | train_loss 2.4019 | lr 1.24e-04
step     48 | val_loss 2.2815 | val_ppl 9.79
step     50 | train_loss 2.2783 | lr 1.08e-04
step     60 | train_loss 2.2925 | lr 8.92e-05
step     64 | val_loss 2.2590 | val_ppl 9.57
step     70 | train_loss 2.3149 | lr 7.02e-05
step     80 | train_loss 2.2687 | lr 5.21e-05
step     80 | val_loss 2.2425 | val_ppl 9.42
step     90 | train_loss 2.1747 | lr 3.65e-05
step     96 | val_loss 2.2286 | val_ppl 9.29
step    100 | train_loss 2.1234 | lr 2.45e-05
step    110 | train_loss 2.0891 | lr 1.72e-05
step    112 | val_loss 2.2169 | val_ppl 9.18
step    118 | train_loss 2.2238 | lr 1.50e-05
step    118 | val_loss 2.2135 | val_ppl 9.15
Saved checkpoint to /home/system/projects/AuthLLM/checkpoints/lr_scaling/alpaca_third_unpacked_118_lr0.00015_seed1337/step_118.pt
