Data: 50,867 train / 1,039 val examples (68 dropped as longer than 512 tokens)
Packing: 50,867 examples into 11,217 windows (4.5 per window, 98.8% of positions used)
Model: medium (123,587,328 parameters), initialized from /home/system/projects/AuthLLM/checkpoints/medium/step_20000.pt (step 20000)
step     10 | train_loss 2.4046 | lr 6.00e-06
step     20 | train_loss 2.2719 | lr 1.20e-05
step     30 | train_loss 2.3704 | lr 1.80e-05
step     40 | train_loss 2.3881 | lr 2.40e-05
step     50 | train_loss 2.2121 | lr 3.00e-05
step     60 | train_loss 2.1684 | lr 3.60e-05
step     70 | train_loss 2.1783 | lr 4.20e-05
step     80 | train_loss 2.1267 | lr 4.80e-05
step     90 | train_loss 2.2247 | lr 5.40e-05
step    100 | train_loss 2.1869 | lr 6.00e-05
step    110 | train_loss 2.1974 | lr 6.00e-05
step    120 | train_loss 2.1185 | lr 6.00e-05
step    130 | train_loss 2.1750 | lr 6.00e-05
step    140 | train_loss 2.0692 | lr 5.99e-05
step    150 | train_loss 2.0127 | lr 5.99e-05
step    160 | train_loss 2.1164 | lr 5.98e-05
step    170 | train_loss 1.9569 | lr 5.97e-05
step    180 | train_loss 2.0785 | lr 5.96e-05
step    190 | train_loss 2.0174 | lr 5.95e-05
step    200 | train_loss 2.1333 | lr 5.94e-05
step    210 | train_loss 2.1948 | lr 5.93e-05
step    220 | train_loss 1.9297 | lr 5.92e-05
step    228 | val_loss 2.1457 | val_ppl 8.55
step    230 | train_loss 2.1129 | lr 5.90e-05
step    240 | train_loss 2.0893 | lr 5.89e-05
step    250 | train_loss 2.0167 | lr 5.87e-05
step    260 | train_loss 2.0587 | lr 5.85e-05
step    270 | train_loss 2.0112 | lr 5.83e-05
step    280 | train_loss 2.0650 | lr 5.81e-05
step    290 | train_loss 2.1116 | lr 5.79e-05
step    300 | train_loss 2.1651 | lr 5.77e-05
step    310 | train_loss 1.9218 | lr 5.75e-05
step    320 | train_loss 2.0944 | lr 5.72e-05
step    330 | train_loss 2.0433 | lr 5.70e-05
step    340 | train_loss 1.9897 | lr 5.67e-05
step    350 | train_loss 2.1030 | lr 5.64e-05
step    360 | train_loss 1.9621 | lr 5.61e-05
step    370 | train_loss 1.8480 | lr 5.58e-05
step    380 | train_loss 1.9296 | lr 5.55e-05
step    390 | train_loss 1.8470 | lr 5.52e-05
step    400 | train_loss 1.8224 | lr 5.49e-05
step    410 | train_loss 1.8023 | lr 5.45e-05
step    420 | train_loss 1.8949 | lr 5.42e-05
step    430 | train_loss 1.8734 | lr 5.38e-05
step    440 | train_loss 1.8990 | lr 5.35e-05
step    450 | train_loss 1.8584 | lr 5.31e-05
step    456 | val_loss 2.1126 | val_ppl 8.27
step    460 | train_loss 1.8146 | lr 5.27e-05
step    470 | train_loss 1.7794 | lr 5.23e-05
step    480 | train_loss 1.9099 | lr 5.19e-05
step    490 | train_loss 1.8285 | lr 5.15e-05
step    500 | train_loss 1.8442 | lr 5.11e-05
step    510 | train_loss 1.8658 | lr 5.07e-05
step    520 | train_loss 1.8242 | lr 5.03e-05
step    530 | train_loss 1.9187 | lr 4.98e-05
step    540 | train_loss 1.8370 | lr 4.94e-05
step    550 | train_loss 1.8657 | lr 4.89e-05
step    560 | train_loss 1.8286 | lr 4.85e-05
step    570 | train_loss 1.8384 | lr 4.80e-05
step    580 | train_loss 1.8976 | lr 4.75e-05
step    590 | train_loss 1.8994 | lr 4.70e-05
step    600 | train_loss 1.7989 | lr 4.65e-05
step    610 | train_loss 1.9219 | lr 4.61e-05
step    620 | train_loss 1.8449 | lr 4.56e-05
step    630 | train_loss 1.8213 | lr 4.51e-05
step    640 | train_loss 1.8365 | lr 4.45e-05
step    650 | train_loss 1.7897 | lr 4.40e-05
step    660 | train_loss 1.8934 | lr 4.35e-05
step    670 | train_loss 1.7375 | lr 4.30e-05
step    680 | train_loss 1.8138 | lr 4.25e-05
step    684 | val_loss 2.0923 | val_ppl 8.10
step    690 | train_loss 1.8712 | lr 4.19e-05
step    700 | train_loss 1.9066 | lr 4.14e-05
step    710 | train_loss 1.5250 | lr 4.09e-05
step    720 | train_loss 1.6001 | lr 4.03e-05
step    730 | train_loss 1.6214 | lr 3.98e-05
step    740 | train_loss 1.7056 | lr 3.92e-05
step    750 | train_loss 1.6440 | lr 3.87e-05
step    760 | train_loss 1.6089 | lr 3.81e-05
step    770 | train_loss 1.7502 | lr 3.76e-05
step    780 | train_loss 1.6066 | lr 3.70e-05
step    790 | train_loss 1.7500 | lr 3.64e-05
step    800 | train_loss 1.6507 | lr 3.59e-05
step    810 | train_loss 1.6563 | lr 3.53e-05
step    820 | train_loss 1.5919 | lr 3.48e-05
step    830 | train_loss 1.6954 | lr 3.42e-05
step    840 | train_loss 1.6368 | lr 3.36e-05
step    850 | train_loss 1.6373 | lr 3.31e-05
step    860 | train_loss 1.6587 | lr 3.25e-05
step    870 | train_loss 1.6535 | lr 3.19e-05
step    880 | train_loss 1.6301 | lr 3.14e-05
step    890 | train_loss 1.5681 | lr 3.08e-05
step    900 | train_loss 1.5565 | lr 3.02e-05
step    910 | train_loss 1.7004 | lr 2.97e-05
step    912 | val_loss 2.1075 | val_ppl 8.23
step    920 | train_loss 1.7593 | lr 2.91e-05
step    930 | train_loss 1.6568 | lr 2.86e-05
step    940 | train_loss 1.7001 | lr 2.80e-05
step    950 | train_loss 1.5488 | lr 2.74e-05
step    960 | train_loss 1.6398 | lr 2.69e-05
step    970 | train_loss 1.6242 | lr 2.63e-05
step    980 | train_loss 1.6848 | lr 2.58e-05
step    990 | train_loss 1.6532 | lr 2.53e-05
step   1000 | train_loss 1.7075 | lr 2.47e-05
step   1010 | train_loss 1.7239 | lr 2.42e-05
step   1020 | train_loss 1.6560 | lr 2.36e-05
step   1030 | train_loss 1.6745 | lr 2.31e-05
step   1040 | train_loss 1.5962 | lr 2.26e-05
step   1050 | train_loss 1.7256 | lr 2.21e-05
step   1060 | train_loss 1.5738 | lr 2.16e-05
step   1070 | train_loss 1.4957 | lr 2.10e-05
step   1080 | train_loss 1.5404 | lr 2.05e-05
step   1090 | train_loss 1.5295 | lr 2.00e-05
step   1100 | train_loss 1.5450 | lr 1.95e-05
step   1110 | train_loss 1.5220 | lr 1.91e-05
step   1120 | train_loss 1.4791 | lr 1.86e-05
step   1130 | train_loss 1.5710 | lr 1.81e-05
step   1140 | train_loss 1.4498 | lr 1.76e-05
step   1140 | val_loss 2.1304 | val_ppl 8.42
step   1150 | train_loss 1.5597 | lr 1.72e-05
step   1160 | train_loss 1.5372 | lr 1.67e-05
step   1170 | train_loss 1.4621 | lr 1.63e-05
step   1180 | train_loss 1.4634 | lr 1.58e-05
step   1190 | train_loss 1.4837 | lr 1.54e-05
step   1200 | train_loss 1.4436 | lr 1.50e-05
step   1210 | train_loss 1.5393 | lr 1.46e-05
step   1220 | train_loss 1.5428 | lr 1.41e-05
step   1230 | train_loss 1.5372 | lr 1.37e-05
step   1240 | train_loss 1.5157 | lr 1.34e-05
step   1250 | train_loss 1.5213 | lr 1.30e-05
step   1260 | train_loss 1.5374 | lr 1.26e-05
step   1270 | train_loss 1.5104 | lr 1.22e-05
step   1280 | train_loss 1.5555 | lr 1.19e-05
step   1290 | train_loss 1.5022 | lr 1.15e-05
step   1300 | train_loss 1.4878 | lr 1.12e-05
step   1310 | train_loss 1.4896 | lr 1.09e-05
step   1320 | train_loss 1.5659 | lr 1.05e-05
step   1330 | train_loss 1.5616 | lr 1.02e-05
step   1340 | train_loss 1.5035 | lr 9.93e-06
step   1350 | train_loss 1.4870 | lr 9.65e-06
step   1360 | train_loss 1.4941 | lr 9.37e-06
step   1368 | val_loss 2.1319 | val_ppl 8.43
step   1370 | train_loss 1.4668 | lr 9.10e-06
step   1380 | train_loss 1.4285 | lr 8.84e-06
step   1390 | train_loss 1.4388 | lr 8.59e-06
step   1400 | train_loss 1.5418 | lr 8.36e-06
step   1410 | train_loss 1.3563 | lr 8.13e-06
step   1420 | train_loss 1.5032 | lr 7.92e-06
step   1430 | train_loss 1.4541 | lr 7.71e-06
step   1440 | train_loss 1.4675 | lr 7.52e-06
step   1450 | train_loss 1.5475 | lr 7.34e-06
step   1460 | train_loss 1.3483 | lr 7.17e-06
step   1470 | train_loss 1.4025 | lr 7.01e-06
step   1480 | train_loss 1.4840 | lr 6.86e-06
step   1490 | train_loss 1.5103 | lr 6.73e-06
step   1500 | train_loss 1.4149 | lr 6.60e-06
step   1510 | train_loss 1.4870 | lr 6.49e-06
step   1520 | train_loss 1.4184 | lr 6.39e-06
step   1530 | train_loss 1.5203 | lr 6.30e-06
step   1540 | train_loss 1.4889 | lr 6.22e-06
step   1550 | train_loss 1.4425 | lr 6.15e-06
step   1560 | train_loss 1.4250 | lr 6.10e-06
step   1570 | train_loss 1.3723 | lr 6.06e-06
step   1580 | train_loss 1.3623 | lr 6.03e-06
step   1590 | train_loss 1.5554 | lr 6.01e-06
step   1596 | val_loss 2.1515 | val_ppl 8.60
step   1600 | train_loss 1.4415 | lr 6.00e-06
step   1600 | val_loss 2.1524 | val_ppl 8.61
Saved checkpoint to /home/system/projects/AuthLLM/checkpoints/lr_scaling/alpaca_packed_1600_lr6e-05_seed1339/step_1600.pt
