Data: 16,956 train / 346 val examples (0 dropped as longer than 512 tokens)
Model: medium (123,587,328 parameters), initialized from /home/system/projects/AuthLLM/checkpoints/medium/step_20000.pt (step 20000)
step     10 | train_loss 2.3684 | lr 1.82e-05
step     20 | train_loss 2.2795 | lr 3.64e-05
step     30 | train_loss 2.4101 | lr 5.45e-05
step     40 | train_loss 2.1388 | lr 6.00e-05
step     50 | train_loss 2.3974 | lr 5.99e-05
step     60 | train_loss 2.2897 | lr 5.96e-05
step     70 | train_loss 2.1653 | lr 5.93e-05
step     75 | val_loss 2.1605 | val_ppl 8.68
step     80 | train_loss 2.0137 | lr 5.89e-05
step     90 | train_loss 2.1890 | lr 5.83e-05
step    100 | train_loss 2.1671 | lr 5.77e-05
step    110 | train_loss 2.1312 | lr 5.69e-05
step    120 | train_loss 2.3212 | lr 5.61e-05
step    130 | train_loss 1.9538 | lr 5.52e-05
step    140 | train_loss 2.1242 | lr 5.42e-05
step    150 | train_loss 2.1158 | lr 5.31e-05
step    150 | val_loss 2.1375 | val_ppl 8.48
step    160 | train_loss 1.9778 | lr 5.19e-05
step    170 | train_loss 2.1803 | lr 5.06e-05
step    180 | train_loss 2.0255 | lr 4.93e-05
step    190 | train_loss 2.1096 | lr 4.79e-05
step    200 | train_loss 2.0964 | lr 4.65e-05
step    210 | train_loss 2.0859 | lr 4.49e-05
step    220 | train_loss 1.9741 | lr 4.34e-05
step    225 | val_loss 2.1086 | val_ppl 8.24
step    230 | train_loss 2.0597 | lr 4.18e-05
step    240 | train_loss 2.0451 | lr 4.02e-05
step    250 | train_loss 2.1618 | lr 3.85e-05
step    260 | train_loss 1.9182 | lr 3.68e-05
step    270 | train_loss 2.0275 | lr 3.51e-05
step    280 | train_loss 2.0523 | lr 3.34e-05
step    290 | train_loss 2.0851 | lr 3.17e-05
step    300 | train_loss 2.2085 | lr 3.00e-05
step    300 | val_loss 2.0945 | val_ppl 8.12
step    310 | train_loss 2.0784 | lr 2.83e-05
step    320 | train_loss 2.0202 | lr 2.67e-05
step    330 | train_loss 2.1229 | lr 2.50e-05
step    340 | train_loss 2.1970 | lr 2.34e-05
step    350 | train_loss 2.3376 | lr 2.18e-05
step    360 | train_loss 2.1339 | lr 2.03e-05
step    370 | train_loss 1.9797 | lr 1.88e-05
step    375 | val_loss 2.0794 | val_ppl 8.00
step    380 | train_loss 2.0173 | lr 1.74e-05
step    390 | train_loss 2.2851 | lr 1.60e-05
step    400 | train_loss 2.1384 | lr 1.47e-05
step    410 | train_loss 2.1750 | lr 1.35e-05
step    420 | train_loss 1.9658 | lr 1.24e-05
step    430 | train_loss 2.1121 | lr 1.13e-05
step    440 | train_loss 2.1097 | lr 1.03e-05
step    450 | train_loss 1.9353 | lr 9.46e-06
step    450 | val_loss 2.0699 | val_ppl 7.92
step    460 | train_loss 1.9645 | lr 8.67e-06
step    470 | train_loss 2.0205 | lr 7.98e-06
step    480 | train_loss 2.2637 | lr 7.39e-06
step    490 | train_loss 2.2880 | lr 6.90e-06
step    500 | train_loss 2.1256 | lr 6.52e-06
step    510 | train_loss 2.0031 | lr 6.24e-06
step    520 | train_loss 2.1280 | lr 6.07e-06
step    525 | val_loss 2.0642 | val_ppl 7.88
step    530 | train_loss 2.0858 | lr 6.00e-06
step    530 | val_loss 2.0642 | val_ppl 7.88
Saved checkpoint to /home/system/projects/AuthLLM/checkpoints/lr_scaling/alpaca_mid_unpacked_530_lr6e-05_seed1338/step_530.pt
