Data: 50,869 train / 1,037 val examples (68 dropped as longer than 512 tokens)
Packing: 50,869 examples into 11,220 windows (4.5 per window, 98.8% of positions used)
Model: medium (123,587,328 parameters), initialized from /home/system/projects/AuthLLM/checkpoints/medium/step_20000.pt (step 20000)
step     10 | train_loss 2.2067 | lr 1.14e-04
step     20 | train_loss 2.1934 | lr 2.27e-04
step     30 | train_loss 2.2455 | lr 2.50e-04
step     40 | train_loss 2.1631 | lr 2.49e-04
step     50 | train_loss 2.1297 | lr 2.46e-04
step     50 | val_loss 2.1779 | val_ppl 8.83
step     60 | train_loss 2.2910 | lr 2.43e-04
step     70 | train_loss 2.1902 | lr 2.39e-04
step     80 | train_loss 2.2466 | lr 2.34e-04
step     90 | train_loss 2.3072 | lr 2.28e-04
step    100 | train_loss 2.2205 | lr 2.21e-04
step    100 | val_loss 2.1305 | val_ppl 8.42
step    110 | train_loss 2.2427 | lr 2.13e-04
step    120 | train_loss 2.1404 | lr 2.05e-04
step    130 | train_loss 2.2244 | lr 1.96e-04
step    140 | train_loss 2.1427 | lr 1.86e-04
step    150 | train_loss 2.1724 | lr 1.77e-04
step    150 | val_loss 2.0935 | val_ppl 8.11
step    160 | train_loss 2.1124 | lr 1.66e-04
step    170 | train_loss 2.0663 | lr 1.56e-04
step    180 | train_loss 2.1168 | lr 1.45e-04
step    190 | train_loss 2.0706 | lr 1.34e-04
step    200 | train_loss 2.0328 | lr 1.24e-04
step    200 | val_loss 2.0522 | val_ppl 7.78
step    210 | train_loss 2.0764 | lr 1.13e-04
step    220 | train_loss 2.0619 | lr 1.03e-04
step    230 | train_loss 2.0285 | lr 9.25e-05
step    240 | train_loss 2.0339 | lr 8.28e-05
step    250 | train_loss 2.0794 | lr 7.37e-05
step    250 | val_loss 2.0219 | val_ppl 7.55
step    260 | train_loss 2.0776 | lr 6.51e-05
step    270 | train_loss 2.0112 | lr 5.72e-05
step    280 | train_loss 2.1273 | lr 5.00e-05
step    290 | train_loss 2.0213 | lr 4.37e-05
step    300 | train_loss 2.1258 | lr 3.82e-05
step    300 | val_loss 1.9992 | val_ppl 7.38
step    310 | train_loss 2.1252 | lr 3.36e-05
step    320 | train_loss 2.1295 | lr 2.99e-05
step    330 | train_loss 2.0961 | lr 2.73e-05
step    340 | train_loss 2.1131 | lr 2.56e-05
step    350 | train_loss 1.9977 | lr 2.50e-05
step    350 | val_loss 1.9870 | val_ppl 7.29
Saved checkpoint to /home/system/projects/AuthLLM/checkpoints/lr_scaling/alpaca_packed_350_lr0.00025_seed1338/step_350.pt
