Data: 16,956 train / 346 val examples (0 dropped as longer than 512 tokens)
Model: medium (123,587,328 parameters), initialized from /home/system/projects/AuthLLM/checkpoints/medium/step_20000.pt (step 20000)
step     10 | train_loss 2.4333 | lr 9.09e-06
step     20 | train_loss 2.3154 | lr 1.82e-05
step     30 | train_loss 2.4388 | lr 2.73e-05
step     40 | train_loss 2.1590 | lr 3.00e-05
step     50 | train_loss 2.3995 | lr 2.99e-05
step     60 | train_loss 2.3023 | lr 2.98e-05
step     70 | train_loss 2.1765 | lr 2.97e-05
step     75 | val_loss 2.1695 | val_ppl 8.75
step     80 | train_loss 2.0236 | lr 2.94e-05
step     90 | train_loss 2.2039 | lr 2.92e-05
step    100 | train_loss 2.1788 | lr 2.88e-05
step    110 | train_loss 2.1594 | lr 2.85e-05
step    120 | train_loss 2.3237 | lr 2.81e-05
step    130 | train_loss 1.9505 | lr 2.76e-05
step    140 | train_loss 2.1290 | lr 2.71e-05
step    150 | train_loss 2.1095 | lr 2.65e-05
step    150 | val_loss 2.1297 | val_ppl 8.41
step    160 | train_loss 1.9628 | lr 2.59e-05
step    170 | train_loss 2.1747 | lr 2.53e-05
step    180 | train_loss 2.0252 | lr 2.46e-05
step    190 | train_loss 2.0971 | lr 2.40e-05
step    200 | train_loss 2.0963 | lr 2.32e-05
step    210 | train_loss 2.0744 | lr 2.25e-05
step    220 | train_loss 1.9829 | lr 2.17e-05
step    225 | val_loss 2.1031 | val_ppl 8.19
step    230 | train_loss 2.0404 | lr 2.09e-05
step    240 | train_loss 2.0415 | lr 2.01e-05
step    250 | train_loss 2.1451 | lr 1.93e-05
step    260 | train_loss 1.9206 | lr 1.84e-05
step    270 | train_loss 2.0286 | lr 1.76e-05
step    280 | train_loss 2.0370 | lr 1.67e-05
step    290 | train_loss 2.0813 | lr 1.59e-05
step    300 | train_loss 2.1954 | lr 1.50e-05
step    300 | val_loss 2.0884 | val_ppl 8.07
step    310 | train_loss 2.0748 | lr 1.42e-05
step    320 | train_loss 2.0438 | lr 1.33e-05
step    330 | train_loss 2.1137 | lr 1.25e-05
step    340 | train_loss 2.1968 | lr 1.17e-05
step    350 | train_loss 2.3127 | lr 1.09e-05
step    360 | train_loss 2.1442 | lr 1.01e-05
step    370 | train_loss 1.9721 | lr 9.41e-06
step    375 | val_loss 2.0774 | val_ppl 7.98
step    380 | train_loss 2.0261 | lr 8.70e-06
step    390 | train_loss 2.2986 | lr 8.02e-06
step    400 | train_loss 2.1388 | lr 7.37e-06
step    410 | train_loss 2.1617 | lr 6.76e-06
step    420 | train_loss 1.9836 | lr 6.19e-06
step    430 | train_loss 2.1070 | lr 5.66e-06
step    440 | train_loss 2.1023 | lr 5.17e-06
step    450 | train_loss 1.9397 | lr 4.73e-06
step    450 | val_loss 2.0715 | val_ppl 7.94
step    460 | train_loss 1.9927 | lr 4.34e-06
step    470 | train_loss 2.0085 | lr 3.99e-06
step    480 | train_loss 2.2601 | lr 3.70e-06
step    490 | train_loss 2.3056 | lr 3.45e-06
step    500 | train_loss 2.1180 | lr 3.26e-06
step    510 | train_loss 1.9965 | lr 3.12e-06
step    520 | train_loss 2.1292 | lr 3.03e-06
step    525 | val_loss 2.0674 | val_ppl 7.90
step    530 | train_loss 2.0823 | lr 3.00e-06
step    530 | val_loss 2.0673 | val_ppl 7.90
Saved checkpoint to /home/system/projects/AuthLLM/checkpoints/lr_scaling/alpaca_mid_unpacked_530_lr3e-05_seed1338/step_530.pt
