Data: 50,869 train / 1,037 val examples (68 dropped as longer than 512 tokens)
Model: medium (123,587,328 parameters), initialized from /home/system/projects/AuthLLM/checkpoints/medium/step_20000.pt (step 20000)
step     10 | train_loss 2.6783 | lr 3.00e-06
step     20 | train_loss 2.2883 | lr 6.00e-06
step     30 | train_loss 2.3301 | lr 9.00e-06
step     40 | train_loss 2.5133 | lr 1.20e-05
step     50 | train_loss 2.5591 | lr 1.50e-05
step     60 | train_loss 2.4335 | lr 1.80e-05
step     70 | train_loss 2.1157 | lr 2.10e-05
step     80 | train_loss 2.1928 | lr 2.40e-05
step     90 | train_loss 2.2980 | lr 2.70e-05
step    100 | train_loss 2.3607 | lr 3.00e-05
step    110 | train_loss 2.1838 | lr 3.00e-05
step    120 | train_loss 2.1786 | lr 3.00e-05
step    130 | train_loss 2.0199 | lr 3.00e-05
step    140 | train_loss 2.1469 | lr 3.00e-05
step    150 | train_loss 2.1654 | lr 2.99e-05
step    160 | train_loss 2.0712 | lr 2.99e-05
step    170 | train_loss 2.3677 | lr 2.99e-05
step    180 | train_loss 2.3066 | lr 2.98e-05
step    190 | train_loss 2.3639 | lr 2.98e-05
step    200 | train_loss 2.0595 | lr 2.97e-05
step    210 | train_loss 2.2381 | lr 2.96e-05
step    220 | train_loss 2.2571 | lr 2.96e-05
step    228 | val_loss 2.1352 | val_ppl 8.46
step    230 | train_loss 2.0749 | lr 2.95e-05
step    240 | train_loss 2.2268 | lr 2.94e-05
step    250 | train_loss 2.0920 | lr 2.93e-05
step    260 | train_loss 2.3420 | lr 2.93e-05
step    270 | train_loss 2.0869 | lr 2.92e-05
step    280 | train_loss 2.1179 | lr 2.91e-05
step    290 | train_loss 1.8537 | lr 2.90e-05
step    300 | train_loss 2.2804 | lr 2.88e-05
step    310 | train_loss 2.2910 | lr 2.87e-05
step    320 | train_loss 2.0754 | lr 2.86e-05
step    330 | train_loss 2.1273 | lr 2.85e-05
step    340 | train_loss 2.0243 | lr 2.83e-05
step    350 | train_loss 2.1985 | lr 2.82e-05
step    360 | train_loss 2.0861 | lr 2.81e-05
step    370 | train_loss 2.1066 | lr 2.79e-05
step    380 | train_loss 2.3414 | lr 2.78e-05
step    390 | train_loss 1.9975 | lr 2.76e-05
step    400 | train_loss 1.9494 | lr 2.74e-05
step    410 | train_loss 2.0286 | lr 2.73e-05
step    420 | train_loss 2.3401 | lr 2.71e-05
step    430 | train_loss 2.0679 | lr 2.69e-05
step    440 | train_loss 2.2215 | lr 2.67e-05
step    450 | train_loss 2.1236 | lr 2.66e-05
step    456 | val_loss 2.0869 | val_ppl 8.06
step    460 | train_loss 2.1219 | lr 2.64e-05
step    470 | train_loss 2.0288 | lr 2.62e-05
step    480 | train_loss 2.0299 | lr 2.60e-05
step    490 | train_loss 2.1598 | lr 2.58e-05
step    500 | train_loss 2.3957 | lr 2.56e-05
step    510 | train_loss 2.0512 | lr 2.53e-05
step    520 | train_loss 2.1659 | lr 2.51e-05
step    530 | train_loss 2.2218 | lr 2.49e-05
step    540 | train_loss 2.0554 | lr 2.47e-05
step    550 | train_loss 2.0158 | lr 2.45e-05
step    560 | train_loss 2.2614 | lr 2.42e-05
step    570 | train_loss 2.2401 | lr 2.40e-05
step    580 | train_loss 2.2150 | lr 2.38e-05
step    590 | train_loss 2.1909 | lr 2.35e-05
step    600 | train_loss 2.2635 | lr 2.33e-05
step    610 | train_loss 2.0710 | lr 2.30e-05
step    620 | train_loss 2.0161 | lr 2.28e-05
step    630 | train_loss 1.8152 | lr 2.25e-05
step    640 | train_loss 2.1946 | lr 2.23e-05
step    650 | train_loss 2.1773 | lr 2.20e-05
step    660 | train_loss 1.9026 | lr 2.18e-05
step    670 | train_loss 2.0976 | lr 2.15e-05
step    680 | train_loss 2.1335 | lr 2.12e-05
step    684 | val_loss 2.0656 | val_ppl 7.89
step    690 | train_loss 2.0386 | lr 2.10e-05
step    700 | train_loss 1.9771 | lr 2.07e-05
step    710 | train_loss 2.1502 | lr 2.04e-05
step    720 | train_loss 2.0778 | lr 2.02e-05
step    730 | train_loss 1.9813 | lr 1.99e-05
step    740 | train_loss 2.3049 | lr 1.96e-05
step    750 | train_loss 2.0719 | lr 1.93e-05
step    760 | train_loss 2.0920 | lr 1.91e-05
step    770 | train_loss 2.0831 | lr 1.88e-05
step    780 | train_loss 2.0680 | lr 1.85e-05
step    790 | train_loss 2.1230 | lr 1.82e-05
step    800 | train_loss 2.1705 | lr 1.79e-05
step    810 | train_loss 2.0379 | lr 1.77e-05
step    820 | train_loss 2.0562 | lr 1.74e-05
step    830 | train_loss 2.2229 | lr 1.71e-05
step    840 | train_loss 2.2337 | lr 1.68e-05
step    850 | train_loss 2.3005 | lr 1.65e-05
step    860 | train_loss 2.1005 | lr 1.62e-05
step    870 | train_loss 2.1071 | lr 1.60e-05
step    880 | train_loss 2.1387 | lr 1.57e-05
step    890 | train_loss 2.2024 | lr 1.54e-05
step    900 | train_loss 2.0329 | lr 1.51e-05
step    910 | train_loss 2.1979 | lr 1.48e-05
step    912 | val_loss 2.0494 | val_ppl 7.76
step    920 | train_loss 2.1145 | lr 1.46e-05
step    930 | train_loss 1.9580 | lr 1.43e-05
step    940 | train_loss 1.9653 | lr 1.40e-05
step    950 | train_loss 2.0755 | lr 1.37e-05
step    960 | train_loss 1.8748 | lr 1.34e-05
step    970 | train_loss 2.0551 | lr 1.32e-05
step    980 | train_loss 2.3372 | lr 1.29e-05
step    990 | train_loss 2.1459 | lr 1.26e-05
step   1000 | train_loss 2.0304 | lr 1.24e-05
step   1010 | train_loss 2.1094 | lr 1.21e-05
step   1020 | train_loss 2.0935 | lr 1.18e-05
step   1030 | train_loss 2.3227 | lr 1.16e-05
step   1040 | train_loss 2.1742 | lr 1.13e-05
step   1050 | train_loss 1.8619 | lr 1.10e-05
step   1060 | train_loss 2.0605 | lr 1.08e-05
step   1070 | train_loss 2.1746 | lr 1.05e-05
step   1080 | train_loss 2.0593 | lr 1.03e-05
step   1090 | train_loss 2.2128 | lr 1.00e-05
step   1100 | train_loss 2.1588 | lr 9.77e-06
step   1110 | train_loss 2.1466 | lr 9.53e-06
step   1120 | train_loss 1.9879 | lr 9.29e-06
step   1130 | train_loss 2.0993 | lr 9.05e-06
step   1140 | train_loss 2.0431 | lr 8.82e-06
step   1140 | val_loss 2.0420 | val_ppl 7.71
step   1150 | train_loss 2.1498 | lr 8.59e-06
step   1160 | train_loss 2.2063 | lr 8.36e-06
step   1170 | train_loss 2.0875 | lr 8.14e-06
step   1180 | train_loss 2.2304 | lr 7.92e-06
step   1190 | train_loss 2.2220 | lr 7.70e-06
step   1200 | train_loss 2.2041 | lr 7.49e-06
step   1210 | train_loss 2.2620 | lr 7.28e-06
step   1220 | train_loss 1.9065 | lr 7.07e-06
step   1230 | train_loss 1.8719 | lr 6.87e-06
step   1240 | train_loss 2.1052 | lr 6.68e-06
step   1250 | train_loss 2.2643 | lr 6.49e-06
step   1260 | train_loss 2.2955 | lr 6.30e-06
step   1270 | train_loss 2.2038 | lr 6.12e-06
step   1280 | train_loss 2.0532 | lr 5.94e-06
step   1290 | train_loss 1.8013 | lr 5.76e-06
step   1300 | train_loss 1.9033 | lr 5.59e-06
step   1310 | train_loss 1.9854 | lr 5.43e-06
step   1320 | train_loss 1.9038 | lr 5.27e-06
step   1330 | train_loss 2.0361 | lr 5.12e-06
step   1340 | train_loss 2.3232 | lr 4.97e-06
step   1350 | train_loss 2.1850 | lr 4.82e-06
step   1360 | train_loss 2.0629 | lr 4.68e-06
step   1368 | val_loss 2.0341 | val_ppl 7.65
step   1370 | train_loss 1.9453 | lr 4.55e-06
step   1380 | train_loss 2.0391 | lr 4.42e-06
step   1390 | train_loss 2.0161 | lr 4.30e-06
step   1400 | train_loss 2.2323 | lr 4.18e-06
step   1410 | train_loss 2.1397 | lr 4.07e-06
step   1420 | train_loss 2.1386 | lr 3.96e-06
step   1430 | train_loss 2.0540 | lr 3.86e-06
step   1440 | train_loss 1.9230 | lr 3.76e-06
step   1450 | train_loss 2.1734 | lr 3.67e-06
step   1460 | train_loss 2.3673 | lr 3.58e-06
step   1470 | train_loss 2.2562 | lr 3.50e-06
step   1480 | train_loss 2.1216 | lr 3.43e-06
step   1490 | train_loss 1.9842 | lr 3.36e-06
step   1500 | train_loss 1.8979 | lr 3.30e-06
step   1510 | train_loss 2.4373 | lr 3.24e-06
step   1520 | train_loss 1.8523 | lr 3.19e-06
step   1530 | train_loss 2.1527 | lr 3.15e-06
step   1540 | train_loss 2.0815 | lr 3.11e-06
step   1550 | train_loss 2.1259 | lr 3.08e-06
step   1560 | train_loss 2.0243 | lr 3.05e-06
step   1570 | train_loss 2.2827 | lr 3.03e-06
step   1580 | train_loss 2.1574 | lr 3.01e-06
step   1590 | train_loss 1.8945 | lr 3.00e-06
step   1596 | val_loss 2.0310 | val_ppl 7.62
step   1600 | train_loss 1.8977 | lr 3.00e-06
step   1600 | val_loss 2.0311 | val_ppl 7.62
Saved checkpoint to /home/system/projects/AuthLLM/checkpoints/lr_scaling/alpaca_unpacked_1600_lr3e-05_seed1338/step_1600.pt
