Data: 5,652 train / 115 val examples (0 dropped as longer than 512 tokens)
Model: medium (123,587,328 parameters), initialized from /home/system/projects/AuthLLM/checkpoints/medium/step_20000.pt (step 20000)
step     10 | train_loss 2.1365 | lr 5.45e-05
step     20 | train_loss 2.1535 | lr 5.97e-05
step     25 | val_loss 2.2614 | val_ppl 9.60
step     30 | train_loss 2.1355 | lr 5.84e-05
step     40 | train_loss 2.1401 | lr 5.63e-05
step     50 | train_loss 2.1618 | lr 5.33e-05
step     50 | val_loss 2.2171 | val_ppl 9.18
step     60 | train_loss 2.2681 | lr 4.96e-05
step     70 | train_loss 2.6191 | lr 4.53e-05
step     75 | val_loss 2.1911 | val_ppl 8.94
step     80 | train_loss 2.1677 | lr 4.06e-05
step     90 | train_loss 2.1669 | lr 3.56e-05
step    100 | train_loss 2.2410 | lr 3.04e-05
step    100 | val_loss 2.1729 | val_ppl 8.78
step    110 | train_loss 2.1322 | lr 2.54e-05
step    120 | train_loss 2.4237 | lr 2.07e-05
step    125 | val_loss 2.1640 | val_ppl 8.71
step    130 | train_loss 2.1434 | lr 1.64e-05
step    140 | train_loss 2.2537 | lr 1.27e-05
step    150 | train_loss 2.2178 | lr 9.70e-06
step    150 | val_loss 2.1557 | val_ppl 8.63
step    160 | train_loss 2.0637 | lr 7.55e-06
step    170 | train_loss 2.1818 | lr 6.31e-06
step    175 | val_loss 2.1516 | val_ppl 8.60
step    177 | train_loss 2.0263 | lr 6.00e-06
step    177 | val_loss 2.1514 | val_ppl 8.60
Saved checkpoint to /home/system/projects/AuthLLM/checkpoints/lr_scaling/alpaca_ninth_unpacked_177_lr6e-05_seed1338/step_177.pt
