Data: 16,956 train / 346 val examples (0 dropped as longer than 512 tokens)
Model: medium (123,587,328 parameters), initialized from /home/system/projects/AuthLLM/checkpoints/medium/step_20000.pt (step 20000)
step     10 | train_loss 2.4926 | lr 2.73e-05
step     20 | train_loss 2.2327 | lr 5.45e-05
step     30 | train_loss 2.2613 | lr 8.18e-05
step     40 | train_loss 2.4647 | lr 9.00e-05
step     50 | train_loss 2.4601 | lr 8.98e-05
step     60 | train_loss 2.4249 | lr 8.95e-05
step     70 | train_loss 2.2434 | lr 8.90e-05
step     75 | val_loss 2.2573 | val_ppl 9.56
step     80 | train_loss 2.1792 | lr 8.83e-05
step     90 | train_loss 2.3194 | lr 8.75e-05
step    100 | train_loss 2.2411 | lr 8.65e-05
step    110 | train_loss 2.0587 | lr 8.54e-05
step    120 | train_loss 2.0287 | lr 8.42e-05
step    130 | train_loss 2.3946 | lr 8.28e-05
step    140 | train_loss 2.1616 | lr 8.12e-05
step    150 | train_loss 2.3344 | lr 7.96e-05
step    150 | val_loss 2.2288 | val_ppl 9.29
step    160 | train_loss 2.2453 | lr 7.78e-05
step    170 | train_loss 2.2374 | lr 7.59e-05
step    180 | train_loss 2.1924 | lr 7.39e-05
step    190 | train_loss 2.3335 | lr 7.19e-05
step    200 | train_loss 2.3712 | lr 6.97e-05
step    210 | train_loss 2.1368 | lr 6.74e-05
step    220 | train_loss 2.2542 | lr 6.51e-05
step    225 | val_loss 2.2093 | val_ppl 9.11
step    230 | train_loss 2.1719 | lr 6.27e-05
step    240 | train_loss 2.4211 | lr 6.02e-05
step    250 | train_loss 2.0589 | lr 5.78e-05
step    260 | train_loss 2.1272 | lr 5.52e-05
step    270 | train_loss 2.1088 | lr 5.27e-05
step    280 | train_loss 2.1167 | lr 5.01e-05
step    290 | train_loss 2.1450 | lr 4.76e-05
step    300 | train_loss 2.0582 | lr 4.50e-05
step    300 | val_loss 2.1871 | val_ppl 8.91
step    310 | train_loss 2.0108 | lr 4.25e-05
step    320 | train_loss 2.2740 | lr 4.00e-05
step    330 | train_loss 2.2414 | lr 3.75e-05
step    340 | train_loss 2.3348 | lr 3.51e-05
step    350 | train_loss 2.1222 | lr 3.27e-05
step    360 | train_loss 2.1486 | lr 3.04e-05
step    370 | train_loss 2.2921 | lr 2.82e-05
step    375 | val_loss 2.1676 | val_ppl 8.74
step    380 | train_loss 2.1927 | lr 2.61e-05
step    390 | train_loss 2.3745 | lr 2.40e-05
step    400 | train_loss 1.9521 | lr 2.21e-05
step    410 | train_loss 1.9871 | lr 2.03e-05
step    420 | train_loss 2.2147 | lr 1.86e-05
step    430 | train_loss 2.2343 | lr 1.70e-05
step    440 | train_loss 2.4380 | lr 1.55e-05
step    450 | train_loss 2.1318 | lr 1.42e-05
step    450 | val_loss 2.1526 | val_ppl 8.61
step    460 | train_loss 2.0207 | lr 1.30e-05
step    470 | train_loss 2.2199 | lr 1.20e-05
step    480 | train_loss 2.1921 | lr 1.11e-05
step    490 | train_loss 2.2259 | lr 1.04e-05
step    500 | train_loss 2.0002 | lr 9.78e-06
step    510 | train_loss 2.0779 | lr 9.36e-06
step    520 | train_loss 2.0461 | lr 9.10e-06
step    525 | val_loss 2.1439 | val_ppl 8.53
step    530 | train_loss 2.1760 | lr 9.00e-06
step    530 | val_loss 2.1432 | val_ppl 8.53
Saved checkpoint to /home/system/projects/AuthLLM/checkpoints/lr_scaling/alpaca_third_unpacked_530_lr9e-05_seed1339/step_530.pt
