Data: 16,956 train / 346 val examples (0 dropped as longer than 512 tokens)
Model: medium (123,587,328 parameters), initialized from /home/system/projects/AuthLLM/checkpoints/medium/step_20000.pt (step 20000)
step     10 | train_loss 2.6151 | lr 9.09e-06
step     20 | train_loss 2.5480 | lr 1.82e-05
step     30 | train_loss 2.2557 | lr 2.73e-05
step     40 | train_loss 2.4967 | lr 3.00e-05
step     50 | train_loss 2.3193 | lr 2.99e-05
step     60 | train_loss 2.6781 | lr 2.98e-05
step     70 | train_loss 2.1240 | lr 2.97e-05
step     75 | val_loss 2.0549 | val_ppl 7.81
step     80 | train_loss 2.0821 | lr 2.94e-05
step     90 | train_loss 2.0453 | lr 2.92e-05
step    100 | train_loss 2.0225 | lr 2.88e-05
step    110 | train_loss 2.0922 | lr 2.85e-05
step    120 | train_loss 2.0588 | lr 2.81e-05
step    130 | train_loss 2.1085 | lr 2.76e-05
step    140 | train_loss 2.2780 | lr 2.71e-05
step    150 | train_loss 2.0153 | lr 2.65e-05
step    150 | val_loss 1.9649 | val_ppl 7.13
step    160 | train_loss 1.9265 | lr 2.59e-05
step    170 | train_loss 2.3648 | lr 2.53e-05
step    180 | train_loss 2.6404 | lr 2.46e-05
step    190 | train_loss 1.9624 | lr 2.40e-05
step    200 | train_loss 2.1594 | lr 2.32e-05
step    210 | train_loss 2.2252 | lr 2.25e-05
step    220 | train_loss 2.1214 | lr 2.17e-05
step    225 | val_loss 1.9163 | val_ppl 6.80
step    230 | train_loss 1.7481 | lr 2.09e-05
step    240 | train_loss 1.9749 | lr 2.01e-05
step    250 | train_loss 1.9517 | lr 1.93e-05
step    260 | train_loss 1.9142 | lr 1.84e-05
step    270 | train_loss 1.9639 | lr 1.76e-05
step    280 | train_loss 1.9312 | lr 1.67e-05
step    290 | train_loss 1.8198 | lr 1.59e-05
step    300 | train_loss 2.0862 | lr 1.50e-05
step    300 | val_loss 1.8860 | val_ppl 6.59
step    310 | train_loss 1.7776 | lr 1.42e-05
step    320 | train_loss 2.1602 | lr 1.33e-05
step    330 | train_loss 1.8291 | lr 1.25e-05
step    340 | train_loss 1.9622 | lr 1.17e-05
step    350 | train_loss 1.8982 | lr 1.09e-05
step    360 | train_loss 2.1155 | lr 1.01e-05
step    370 | train_loss 1.8901 | lr 9.41e-06
step    375 | val_loss 1.8671 | val_ppl 6.47
step    380 | train_loss 1.6431 | lr 8.70e-06
step    390 | train_loss 1.7518 | lr 8.02e-06
step    400 | train_loss 1.8339 | lr 7.37e-06
step    410 | train_loss 2.0669 | lr 6.76e-06
step    420 | train_loss 2.3940 | lr 6.19e-06
step    430 | train_loss 1.7006 | lr 5.66e-06
step    440 | train_loss 2.2024 | lr 5.17e-06
step    450 | train_loss 1.9227 | lr 4.73e-06
step    450 | val_loss 1.8577 | val_ppl 6.41
step    460 | train_loss 1.9194 | lr 4.34e-06
step    470 | train_loss 2.1963 | lr 3.99e-06
step    480 | train_loss 2.2837 | lr 3.70e-06
step    490 | train_loss 1.7894 | lr 3.45e-06
step    500 | train_loss 1.8847 | lr 3.26e-06
step    510 | train_loss 1.8810 | lr 3.12e-06
step    520 | train_loss 1.7084 | lr 3.03e-06
step    525 | val_loss 1.8511 | val_ppl 6.37
step    530 | train_loss 1.6526 | lr 3.00e-06
step    530 | val_loss 1.8507 | val_ppl 6.36
Saved checkpoint to /home/system/projects/AuthLLM/checkpoints/lr_scaling/alpaca_short_unpacked_530_lr3e-05_seed1339/step_530.pt
