Data: 16,956 train / 346 val examples (0 dropped as longer than 512 tokens)
Packing: 16,956 examples into 3,763 windows (4.5 per window, 98.7% of positions used)
Model: small (29,938,560 parameters), initialized from checkpoints/small/step_18000.pt (step 18000)
step     10 | train_loss 3.0364 | lr 3.00e-05
step     16 | val_loss 2.7921 | val_ppl 16.32
step     20 | train_loss 2.8358 | lr 2.92e-05
step     30 | train_loss 2.8910 | lr 2.75e-05
step     32 | val_loss 2.7380 | val_ppl 15.46
step     40 | train_loss 2.7572 | lr 2.48e-05
step     48 | val_loss 2.7067 | val_ppl 14.98
step     50 | train_loss 2.7747 | lr 2.15e-05
step     60 | train_loss 2.7696 | lr 1.78e-05
step     64 | val_loss 2.6890 | val_ppl 14.72
step     70 | train_loss 2.6999 | lr 1.40e-05
step     80 | train_loss 2.7585 | lr 1.04e-05
step     80 | val_loss 2.6777 | val_ppl 14.55
step     90 | train_loss 2.6558 | lr 7.30e-06
step     96 | val_loss 2.6713 | val_ppl 14.46
step    100 | train_loss 2.7282 | lr 4.91e-06
step    110 | train_loss 2.6349 | lr 3.44e-06
step    112 | val_loss 2.6680 | val_ppl 14.41
step    118 | train_loss 2.7389 | lr 3.01e-06
step    118 | val_loss 2.6672 | val_ppl 14.40
Saved checkpoint to /home/system/projects/AuthLLM/checkpoints/lr_scaling/alpaca_third_packed_118_lr3e-05_seed1337/step_118.pt
