Data: 50,868 train / 1,038 val examples (68 dropped as longer than 512 tokens)
Model: small (29,938,560 parameters), initialized from checkpoints/small/step_18000.pt (step 18000)
step     10 | train_loss 3.3111 | lr 3.00e-06
step     20 | train_loss 3.1166 | lr 6.00e-06
step     30 | train_loss 2.8559 | lr 9.00e-06
step     40 | train_loss 2.7782 | lr 1.20e-05
step     50 | train_loss 2.8851 | lr 1.50e-05
step     60 | train_loss 3.0233 | lr 1.80e-05
step     70 | train_loss 2.5133 | lr 2.10e-05
step     80 | train_loss 2.6726 | lr 2.40e-05
step     90 | train_loss 2.6026 | lr 2.70e-05
step    100 | train_loss 2.7158 | lr 3.00e-05
step    110 | train_loss 2.8176 | lr 3.00e-05
step    120 | train_loss 2.8382 | lr 3.00e-05
step    130 | train_loss 2.6070 | lr 3.00e-05
step    140 | train_loss 2.8370 | lr 3.00e-05
step    150 | train_loss 2.8457 | lr 2.99e-05
step    160 | train_loss 2.7037 | lr 2.99e-05
step    170 | train_loss 2.7291 | lr 2.99e-05
step    180 | train_loss 2.9466 | lr 2.98e-05
step    190 | train_loss 2.8755 | lr 2.98e-05
step    200 | train_loss 2.6784 | lr 2.97e-05
step    210 | train_loss 2.6081 | lr 2.96e-05
step    220 | train_loss 2.7030 | lr 2.96e-05
step    228 | val_loss 2.6886 | val_ppl 14.71
step    230 | train_loss 2.7159 | lr 2.95e-05
step    240 | train_loss 2.7468 | lr 2.94e-05
step    250 | train_loss 2.6531 | lr 2.93e-05
step    260 | train_loss 2.6144 | lr 2.93e-05
step    270 | train_loss 2.6247 | lr 2.92e-05
step    280 | train_loss 2.6815 | lr 2.91e-05
step    290 | train_loss 2.5647 | lr 2.90e-05
step    300 | train_loss 2.7163 | lr 2.88e-05
step    310 | train_loss 2.7659 | lr 2.87e-05
step    320 | train_loss 2.6311 | lr 2.86e-05
step    330 | train_loss 3.0552 | lr 2.85e-05
step    340 | train_loss 2.5763 | lr 2.83e-05
step    350 | train_loss 2.7422 | lr 2.82e-05
step    360 | train_loss 2.6962 | lr 2.81e-05
step    370 | train_loss 2.5503 | lr 2.79e-05
step    380 | train_loss 2.6575 | lr 2.78e-05
step    390 | train_loss 2.7583 | lr 2.76e-05
step    400 | train_loss 2.6027 | lr 2.74e-05
step    410 | train_loss 2.6642 | lr 2.73e-05
step    420 | train_loss 2.7368 | lr 2.71e-05
step    430 | train_loss 2.7259 | lr 2.69e-05
step    440 | train_loss 2.6780 | lr 2.67e-05
step    450 | train_loss 2.8753 | lr 2.66e-05
step    456 | val_loss 2.6371 | val_ppl 13.97
step    460 | train_loss 2.4608 | lr 2.64e-05
step    470 | train_loss 2.8468 | lr 2.62e-05
step    480 | train_loss 2.7582 | lr 2.60e-05
step    490 | train_loss 2.7713 | lr 2.58e-05
step    500 | train_loss 2.5269 | lr 2.56e-05
step    510 | train_loss 2.6935 | lr 2.53e-05
step    520 | train_loss 2.6787 | lr 2.51e-05
step    530 | train_loss 2.4761 | lr 2.49e-05
step    540 | train_loss 2.7063 | lr 2.47e-05
step    550 | train_loss 2.6623 | lr 2.45e-05
step    560 | train_loss 2.5982 | lr 2.42e-05
step    570 | train_loss 2.5398 | lr 2.40e-05
step    580 | train_loss 2.7037 | lr 2.38e-05
step    590 | train_loss 2.5555 | lr 2.35e-05
step    600 | train_loss 2.5632 | lr 2.33e-05
step    610 | train_loss 2.6610 | lr 2.30e-05
step    620 | train_loss 2.7666 | lr 2.28e-05
step    630 | train_loss 2.5337 | lr 2.25e-05
step    640 | train_loss 2.7503 | lr 2.23e-05
step    650 | train_loss 2.7355 | lr 2.20e-05
step    660 | train_loss 2.6434 | lr 2.18e-05
step    670 | train_loss 2.6674 | lr 2.15e-05
step    680 | train_loss 2.2982 | lr 2.12e-05
step    684 | val_loss 2.6119 | val_ppl 13.62
step    690 | train_loss 2.7017 | lr 2.10e-05
step    700 | train_loss 2.6025 | lr 2.07e-05
step    710 | train_loss 2.5999 | lr 2.04e-05
step    720 | train_loss 2.5901 | lr 2.02e-05
step    730 | train_loss 2.6499 | lr 1.99e-05
step    740 | train_loss 2.6377 | lr 1.96e-05
step    750 | train_loss 2.5414 | lr 1.93e-05
step    760 | train_loss 2.6286 | lr 1.91e-05
step    770 | train_loss 2.6114 | lr 1.88e-05
step    780 | train_loss 2.6487 | lr 1.85e-05
step    790 | train_loss 2.9575 | lr 1.82e-05
step    800 | train_loss 2.5539 | lr 1.79e-05
step    810 | train_loss 2.5985 | lr 1.77e-05
step    820 | train_loss 2.4861 | lr 1.74e-05
step    830 | train_loss 2.6499 | lr 1.71e-05
step    840 | train_loss 2.5359 | lr 1.68e-05
step    850 | train_loss 2.5836 | lr 1.65e-05
step    860 | train_loss 2.5097 | lr 1.62e-05
step    870 | train_loss 2.3839 | lr 1.60e-05
step    880 | train_loss 2.5444 | lr 1.57e-05
step    890 | train_loss 2.6593 | lr 1.54e-05
step    900 | train_loss 2.8889 | lr 1.51e-05
step    910 | train_loss 2.2661 | lr 1.48e-05
step    912 | val_loss 2.6014 | val_ppl 13.48
step    920 | train_loss 2.5519 | lr 1.46e-05
step    930 | train_loss 2.6842 | lr 1.43e-05
step    940 | train_loss 2.5018 | lr 1.40e-05
step    950 | train_loss 2.8067 | lr 1.37e-05
step    960 | train_loss 2.9739 | lr 1.34e-05
step    970 | train_loss 2.6244 | lr 1.32e-05
step    980 | train_loss 2.6638 | lr 1.29e-05
step    990 | train_loss 2.6514 | lr 1.26e-05
step   1000 | train_loss 2.2951 | lr 1.24e-05
step   1010 | train_loss 2.7258 | lr 1.21e-05
step   1020 | train_loss 2.5500 | lr 1.18e-05
step   1030 | train_loss 2.7798 | lr 1.16e-05
step   1040 | train_loss 2.7978 | lr 1.13e-05
step   1050 | train_loss 2.6506 | lr 1.10e-05
step   1060 | train_loss 2.8168 | lr 1.08e-05
step   1070 | train_loss 2.6154 | lr 1.05e-05
step   1080 | train_loss 2.4340 | lr 1.03e-05
step   1090 | train_loss 2.6251 | lr 1.00e-05
step   1100 | train_loss 2.3811 | lr 9.77e-06
step   1110 | train_loss 2.6436 | lr 9.53e-06
step   1120 | train_loss 2.5786 | lr 9.29e-06
step   1130 | train_loss 2.5596 | lr 9.05e-06
step   1140 | train_loss 2.6015 | lr 8.82e-06
step   1140 | val_loss 2.5896 | val_ppl 13.33
step   1150 | train_loss 2.8083 | lr 8.59e-06
step   1160 | train_loss 2.7399 | lr 8.36e-06
step   1170 | train_loss 2.7441 | lr 8.14e-06
step   1180 | train_loss 2.3058 | lr 7.92e-06
step   1190 | train_loss 2.7117 | lr 7.70e-06
step   1200 | train_loss 2.7659 | lr 7.49e-06
step   1210 | train_loss 2.3975 | lr 7.28e-06
step   1220 | train_loss 2.5526 | lr 7.07e-06
step   1230 | train_loss 2.6283 | lr 6.87e-06
step   1240 | train_loss 2.5160 | lr 6.68e-06
step   1250 | train_loss 2.7455 | lr 6.49e-06
step   1260 | train_loss 2.4457 | lr 6.30e-06
step   1270 | train_loss 2.5059 | lr 6.12e-06
step   1280 | train_loss 2.7008 | lr 5.94e-06
step   1290 | train_loss 2.3724 | lr 5.76e-06
step   1300 | train_loss 2.9501 | lr 5.59e-06
step   1310 | train_loss 2.4712 | lr 5.43e-06
step   1320 | train_loss 2.4319 | lr 5.27e-06
step   1330 | train_loss 2.8477 | lr 5.12e-06
step   1340 | train_loss 2.5880 | lr 4.97e-06
step   1350 | train_loss 2.6364 | lr 4.82e-06
step   1360 | train_loss 2.8476 | lr 4.68e-06
step   1368 | val_loss 2.5821 | val_ppl 13.23
step   1370 | train_loss 2.5155 | lr 4.55e-06
step   1380 | train_loss 2.7378 | lr 4.42e-06
step   1390 | train_loss 2.4014 | lr 4.30e-06
step   1400 | train_loss 2.7456 | lr 4.18e-06
step   1410 | train_loss 2.5112 | lr 4.07e-06
step   1420 | train_loss 2.6573 | lr 3.96e-06
step   1430 | train_loss 2.6971 | lr 3.86e-06
step   1440 | train_loss 2.6628 | lr 3.76e-06
step   1450 | train_loss 2.5329 | lr 3.67e-06
step   1460 | train_loss 2.6324 | lr 3.58e-06
step   1470 | train_loss 2.5872 | lr 3.50e-06
step   1480 | train_loss 2.4332 | lr 3.43e-06
step   1490 | train_loss 2.8166 | lr 3.36e-06
step   1500 | train_loss 2.6633 | lr 3.30e-06
step   1510 | train_loss 2.3447 | lr 3.24e-06
step   1520 | train_loss 2.5597 | lr 3.19e-06
step   1530 | train_loss 2.6677 | lr 3.15e-06
step   1540 | train_loss 2.4988 | lr 3.11e-06
step   1550 | train_loss 2.6599 | lr 3.08e-06
step   1560 | train_loss 2.4935 | lr 3.05e-06
step   1570 | train_loss 2.4310 | lr 3.03e-06
step   1580 | train_loss 2.5611 | lr 3.01e-06
step   1590 | train_loss 2.6448 | lr 3.00e-06
step   1596 | val_loss 2.5798 | val_ppl 13.19
step   1600 | train_loss 2.6542 | lr 3.00e-06
step   1600 | val_loss 2.5797 | val_ppl 13.19
Saved checkpoint to /home/system/projects/AuthLLM/checkpoints/lr_scaling/alpaca_unpacked_1600_lr3e-05_seed1337/step_1600.pt
