Data: 16,956 train / 346 val examples (0 dropped as longer than 512 tokens)
Model: medium (123,587,328 parameters), initialized from /home/system/projects/AuthLLM/checkpoints/medium/step_20000.pt (step 20000)
step     10 | train_loss 2.2864 | lr 2.73e-05
step     20 | train_loss 2.1894 | lr 5.45e-05
step     30 | train_loss 2.3177 | lr 8.18e-05
step     40 | train_loss 2.1196 | lr 9.00e-05
step     50 | train_loss 2.1930 | lr 8.98e-05
step     60 | train_loss 2.0591 | lr 8.95e-05
step     70 | train_loss 2.1766 | lr 8.90e-05
step     75 | val_loss 2.2699 | val_ppl 9.68
step     80 | train_loss 1.9699 | lr 8.83e-05
step     90 | train_loss 2.2071 | lr 8.75e-05
step    100 | train_loss 2.3063 | lr 8.65e-05
step    110 | train_loss 2.1650 | lr 8.54e-05
step    120 | train_loss 2.2221 | lr 8.42e-05
step    130 | train_loss 2.3299 | lr 8.28e-05
step    140 | train_loss 2.2692 | lr 8.12e-05
step    150 | train_loss 2.3890 | lr 7.96e-05
step    150 | val_loss 2.2445 | val_ppl 9.44
step    160 | train_loss 2.0385 | lr 7.78e-05
step    170 | train_loss 2.1839 | lr 7.59e-05
step    180 | train_loss 2.2847 | lr 7.39e-05
step    190 | train_loss 2.2393 | lr 7.19e-05
step    200 | train_loss 2.1838 | lr 6.97e-05
step    210 | train_loss 2.2161 | lr 6.74e-05
step    220 | train_loss 2.2142 | lr 6.51e-05
step    225 | val_loss 2.2234 | val_ppl 9.24
step    230 | train_loss 2.1841 | lr 6.27e-05
step    240 | train_loss 2.1418 | lr 6.02e-05
step    250 | train_loss 2.0184 | lr 5.78e-05
step    260 | train_loss 2.0808 | lr 5.52e-05
step    270 | train_loss 2.0145 | lr 5.27e-05
step    280 | train_loss 2.1339 | lr 5.01e-05
step    290 | train_loss 2.0937 | lr 4.76e-05
step    300 | train_loss 2.2172 | lr 4.50e-05
step    300 | val_loss 2.2033 | val_ppl 9.06
step    310 | train_loss 2.1202 | lr 4.25e-05
step    320 | train_loss 2.0619 | lr 4.00e-05
step    330 | train_loss 2.1645 | lr 3.75e-05
step    340 | train_loss 2.1453 | lr 3.51e-05
step    350 | train_loss 1.9702 | lr 3.27e-05
step    360 | train_loss 2.1410 | lr 3.04e-05
step    370 | train_loss 2.0714 | lr 2.82e-05
step    375 | val_loss 2.1891 | val_ppl 8.93
step    380 | train_loss 2.1189 | lr 2.61e-05
step    390 | train_loss 2.1282 | lr 2.40e-05
step    400 | train_loss 2.2407 | lr 2.21e-05
step    410 | train_loss 1.9411 | lr 2.03e-05
step    420 | train_loss 2.1180 | lr 1.86e-05
step    430 | train_loss 2.0459 | lr 1.70e-05
step    440 | train_loss 2.2475 | lr 1.55e-05
step    450 | train_loss 2.0434 | lr 1.42e-05
step    450 | val_loss 2.1781 | val_ppl 8.83
step    460 | train_loss 2.3729 | lr 1.30e-05
step    470 | train_loss 1.9577 | lr 1.20e-05
step    480 | train_loss 2.1844 | lr 1.11e-05
step    490 | train_loss 2.2896 | lr 1.04e-05
step    500 | train_loss 2.2642 | lr 9.78e-06
step    510 | train_loss 2.2311 | lr 9.36e-06
step    520 | train_loss 1.9531 | lr 9.10e-06
step    525 | val_loss 2.1709 | val_ppl 8.77
step    530 | train_loss 2.1058 | lr 9.00e-06
step    530 | val_loss 2.1708 | val_ppl 8.76
Saved checkpoint to /home/system/projects/AuthLLM/checkpoints/lr_scaling/alpaca_long_unpacked_530_lr9e-05_seed1338/step_530.pt
