Data: 50,868 train / 1,038 val examples (68 dropped as longer than 512 tokens)
Model: medium (123,587,328 parameters), initialized from /home/system/projects/AuthLLM/checkpoints/medium/step_20000.pt (step 20000)
step     10 | train_loss 2.3748 | lr 2.73e-05
step     20 | train_loss 2.2247 | lr 5.45e-05
step     30 | train_loss 2.1813 | lr 5.99e-05
step     40 | train_loss 2.2790 | lr 5.96e-05
step     50 | train_loss 2.1133 | lr 5.91e-05
step     50 | val_loss 2.1719 | val_ppl 8.77
step     60 | train_loss 2.1599 | lr 5.83e-05
step     70 | train_loss 2.0881 | lr 5.73e-05
step     80 | train_loss 2.1186 | lr 5.61e-05
step     90 | train_loss 2.1258 | lr 5.46e-05
step    100 | train_loss 2.2235 | lr 5.30e-05
step    100 | val_loss 2.1140 | val_ppl 8.28
step    110 | train_loss 2.1170 | lr 5.12e-05
step    120 | train_loss 2.0973 | lr 4.92e-05
step    130 | train_loss 2.1431 | lr 4.70e-05
step    140 | train_loss 2.1159 | lr 4.47e-05
step    150 | train_loss 2.1553 | lr 4.24e-05
step    150 | val_loss 2.0870 | val_ppl 8.06
step    160 | train_loss 2.1002 | lr 3.99e-05
step    170 | train_loss 2.0871 | lr 3.74e-05
step    180 | train_loss 2.0448 | lr 3.48e-05
step    190 | train_loss 2.1230 | lr 3.22e-05
step    200 | train_loss 2.1933 | lr 2.96e-05
step    200 | val_loss 2.0653 | val_ppl 7.89
step    210 | train_loss 2.0761 | lr 2.71e-05
step    220 | train_loss 2.1042 | lr 2.46e-05
step    230 | train_loss 2.0927 | lr 2.22e-05
step    240 | train_loss 2.0423 | lr 1.99e-05
step    250 | train_loss 2.1064 | lr 1.77e-05
step    250 | val_loss 2.0524 | val_ppl 7.79
step    260 | train_loss 1.9615 | lr 1.56e-05
step    270 | train_loss 2.1630 | lr 1.37e-05
step    280 | train_loss 2.0583 | lr 1.20e-05
step    290 | train_loss 1.9730 | lr 1.05e-05
step    300 | train_loss 2.1248 | lr 9.16e-06
step    300 | val_loss 2.0441 | val_ppl 7.72
step    310 | train_loss 2.0904 | lr 8.06e-06
step    320 | train_loss 2.0888 | lr 7.18e-06
step    330 | train_loss 2.0563 | lr 6.54e-06
step    340 | train_loss 2.1077 | lr 6.15e-06
step    350 | train_loss 2.0892 | lr 6.00e-06
step    350 | val_loss 2.0406 | val_ppl 7.70
Saved checkpoint to /home/system/projects/AuthLLM/checkpoints/lr_scaling/alpaca_wide_350_lr6e-05_seed1337/step_350.pt
