Data: 16,956 train / 346 val examples (0 dropped as longer than 512 tokens)
Model: small (29,938,560 parameters), initialized from checkpoints/small/step_18000.pt (step 18000)
step     10 | train_loss 2.9812 | lr 7.58e-05
step     20 | train_loss 2.8297 | lr 1.52e-04
step     30 | train_loss 2.7001 | lr 2.27e-04
step     40 | train_loss 2.9613 | lr 2.50e-04
step     50 | train_loss 2.9151 | lr 2.49e-04
step     60 | train_loss 2.8478 | lr 2.48e-04
step     70 | train_loss 2.9768 | lr 2.47e-04
step     75 | val_loss 2.8792 | val_ppl 17.80
step     80 | train_loss 2.8971 | lr 2.45e-04
step     90 | train_loss 2.8018 | lr 2.43e-04
step    100 | train_loss 2.7404 | lr 2.40e-04
step    110 | train_loss 2.7269 | lr 2.37e-04
step    120 | train_loss 2.6377 | lr 2.34e-04
step    130 | train_loss 2.9771 | lr 2.30e-04
step    140 | train_loss 3.1384 | lr 2.26e-04
step    150 | train_loss 2.7342 | lr 2.21e-04
step    150 | val_loss 2.8733 | val_ppl 17.70
step    160 | train_loss 2.9808 | lr 2.16e-04
step    170 | train_loss 2.9820 | lr 2.11e-04
step    180 | train_loss 2.9030 | lr 2.05e-04
step    190 | train_loss 2.6222 | lr 2.00e-04
step    200 | train_loss 3.0105 | lr 1.94e-04
step    210 | train_loss 2.8549 | lr 1.87e-04
step    220 | train_loss 2.9130 | lr 1.81e-04
step    225 | val_loss 2.8424 | val_ppl 17.16
step    230 | train_loss 2.7724 | lr 1.74e-04
step    240 | train_loss 2.8682 | lr 1.67e-04
step    250 | train_loss 2.9376 | lr 1.60e-04
step    260 | train_loss 2.8790 | lr 1.53e-04
step    270 | train_loss 2.8569 | lr 1.46e-04
step    280 | train_loss 2.7194 | lr 1.39e-04
step    290 | train_loss 2.9810 | lr 1.32e-04
step    300 | train_loss 2.8281 | lr 1.25e-04
step    300 | val_loss 2.8012 | val_ppl 16.46
step    310 | train_loss 3.1231 | lr 1.18e-04
step    320 | train_loss 2.7539 | lr 1.11e-04
step    330 | train_loss 2.9465 | lr 1.04e-04
step    340 | train_loss 2.7941 | lr 9.75e-05
step    350 | train_loss 3.0035 | lr 9.09e-05
step    360 | train_loss 2.6826 | lr 8.46e-05
step    370 | train_loss 2.8820 | lr 7.84e-05
step    375 | val_loss 2.7695 | val_ppl 15.95
step    380 | train_loss 3.1455 | lr 7.25e-05
step    390 | train_loss 2.6532 | lr 6.68e-05
step    400 | train_loss 2.5231 | lr 6.14e-05
step    410 | train_loss 2.6332 | lr 5.63e-05
step    420 | train_loss 2.7067 | lr 5.16e-05
step    430 | train_loss 2.9113 | lr 4.72e-05
step    440 | train_loss 2.5871 | lr 4.31e-05
step    450 | train_loss 2.7190 | lr 3.94e-05
step    450 | val_loss 2.7364 | val_ppl 15.43
step    460 | train_loss 3.0803 | lr 3.61e-05
step    470 | train_loss 2.5279 | lr 3.33e-05
step    480 | train_loss 2.9376 | lr 3.08e-05
step    490 | train_loss 2.6598 | lr 2.88e-05
step    500 | train_loss 3.0601 | lr 2.72e-05
step    510 | train_loss 2.7397 | lr 2.60e-05
step    520 | train_loss 2.8993 | lr 2.53e-05
step    525 | val_loss 2.7198 | val_ppl 15.18
step    530 | train_loss 2.5252 | lr 2.50e-05
step    530 | val_loss 2.7192 | val_ppl 15.17
Saved checkpoint to /home/system/projects/AuthLLM/checkpoints/lr_scaling/alpaca_third_unpacked_530_lr0.00025_seed1337/step_530.pt
