Data: 50,869 train / 1,037 val examples (68 dropped as longer than 512 tokens)
Model: medium (123,587,328 parameters), initialized from /home/system/projects/AuthLLM/checkpoints/medium/step_20000.pt (step 20000)
step     10 | train_loss 2.5230 | lr 4.09e-05
step     20 | train_loss 2.1851 | lr 8.18e-05
step     30 | train_loss 2.2283 | lr 8.99e-05
step     40 | train_loss 2.4309 | lr 8.95e-05
step     50 | train_loss 2.4890 | lr 8.87e-05
step     50 | val_loss 2.2134 | val_ppl 9.15
step     60 | train_loss 2.3848 | lr 8.75e-05
step     70 | train_loss 2.0963 | lr 8.60e-05
step     80 | train_loss 2.2028 | lr 8.41e-05
step     90 | train_loss 2.2878 | lr 8.19e-05
step    100 | train_loss 2.3656 | lr 7.95e-05
step    100 | val_loss 2.1850 | val_ppl 8.89
step    110 | train_loss 2.1789 | lr 7.67e-05
step    120 | train_loss 2.1663 | lr 7.37e-05
step    130 | train_loss 2.0359 | lr 7.05e-05
step    140 | train_loss 2.1594 | lr 6.71e-05
step    150 | train_loss 2.2005 | lr 6.36e-05
step    150 | val_loss 2.1671 | val_ppl 8.73
step    160 | train_loss 2.0859 | lr 5.99e-05
step    170 | train_loss 2.3774 | lr 5.61e-05
step    180 | train_loss 2.3513 | lr 5.22e-05
step    190 | train_loss 2.3446 | lr 4.83e-05
step    200 | train_loss 2.0838 | lr 4.45e-05
step    200 | val_loss 2.1512 | val_ppl 8.59
step    210 | train_loss 2.2695 | lr 4.07e-05
step    220 | train_loss 2.2367 | lr 3.69e-05
step    230 | train_loss 2.1035 | lr 3.33e-05
step    240 | train_loss 2.2321 | lr 2.98e-05
step    250 | train_loss 2.1037 | lr 2.65e-05
step    250 | val_loss 2.1304 | val_ppl 8.42
step    260 | train_loss 2.3502 | lr 2.34e-05
step    270 | train_loss 2.0627 | lr 2.06e-05
step    280 | train_loss 2.1409 | lr 1.80e-05
step    290 | train_loss 1.8515 | lr 1.57e-05
step    300 | train_loss 2.2768 | lr 1.37e-05
step    300 | val_loss 2.1185 | val_ppl 8.32
step    310 | train_loss 2.3067 | lr 1.21e-05
step    320 | train_loss 2.0876 | lr 1.08e-05
step    330 | train_loss 2.1424 | lr 9.82e-06
step    340 | train_loss 2.0444 | lr 9.22e-06
step    350 | train_loss 2.2163 | lr 9.00e-06
step    350 | val_loss 2.1102 | val_ppl 8.25
Saved checkpoint to /home/system/projects/AuthLLM/checkpoints/lr_scaling/alpaca_unpacked_350_lr9e-05_seed1338/step_350.pt
