Data: 16,956 train / 346 val examples (0 dropped as longer than 512 tokens)
Model: medium (123,587,328 parameters), initialized from /home/system/projects/AuthLLM/checkpoints/medium/step_20000.pt (step 20000)
step     10 | train_loss 2.3732 | lr 9.09e-06
step     20 | train_loss 2.6863 | lr 1.82e-05
step     30 | train_loss 2.3266 | lr 2.73e-05
step     40 | train_loss 2.6586 | lr 3.00e-05
step     50 | train_loss 2.0677 | lr 2.99e-05
step     60 | train_loss 2.1742 | lr 2.98e-05
step     70 | train_loss 2.3606 | lr 2.97e-05
step     75 | val_loss 2.2956 | val_ppl 9.93
step     80 | train_loss 2.3261 | lr 2.94e-05
step     90 | train_loss 2.1812 | lr 2.92e-05
step    100 | train_loss 2.0947 | lr 2.88e-05
step    110 | train_loss 1.7516 | lr 2.85e-05
step    120 | train_loss 1.9611 | lr 2.81e-05
step    130 | train_loss 2.0451 | lr 2.76e-05
step    140 | train_loss 1.7570 | lr 2.71e-05
step    150 | train_loss 2.2382 | lr 2.65e-05
step    150 | val_loss 2.2059 | val_ppl 9.08
step    160 | train_loss 2.1477 | lr 2.59e-05
step    170 | train_loss 1.7064 | lr 2.53e-05
step    180 | train_loss 2.3476 | lr 2.46e-05
step    190 | train_loss 1.9944 | lr 2.40e-05
step    200 | train_loss 2.0699 | lr 2.32e-05
step    210 | train_loss 1.7744 | lr 2.25e-05
step    220 | train_loss 2.1029 | lr 2.17e-05
step    225 | val_loss 2.1518 | val_ppl 8.60
step    230 | train_loss 1.7146 | lr 2.09e-05
step    240 | train_loss 2.1035 | lr 2.01e-05
step    250 | train_loss 1.9606 | lr 1.93e-05
step    260 | train_loss 1.9642 | lr 1.84e-05
step    270 | train_loss 1.9111 | lr 1.76e-05
step    280 | train_loss 2.1177 | lr 1.67e-05
step    290 | train_loss 1.9157 | lr 1.59e-05
step    300 | train_loss 2.2624 | lr 1.50e-05
step    300 | val_loss 2.1202 | val_ppl 8.33
step    310 | train_loss 2.0756 | lr 1.42e-05
step    320 | train_loss 1.9645 | lr 1.33e-05
step    330 | train_loss 2.3376 | lr 1.25e-05
step    340 | train_loss 1.9671 | lr 1.17e-05
step    350 | train_loss 2.2171 | lr 1.09e-05
step    360 | train_loss 1.7261 | lr 1.01e-05
step    370 | train_loss 2.3342 | lr 9.41e-06
step    375 | val_loss 2.1006 | val_ppl 8.17
step    380 | train_loss 2.2633 | lr 8.70e-06
step    390 | train_loss 1.7166 | lr 8.02e-06
step    400 | train_loss 2.0143 | lr 7.37e-06
step    410 | train_loss 1.8846 | lr 6.76e-06
step    420 | train_loss 1.9985 | lr 6.19e-06
step    430 | train_loss 2.0171 | lr 5.66e-06
step    440 | train_loss 2.1022 | lr 5.17e-06
step    450 | train_loss 1.9265 | lr 4.73e-06
step    450 | val_loss 2.0846 | val_ppl 8.04
step    460 | train_loss 1.5870 | lr 4.34e-06
step    470 | train_loss 2.0253 | lr 3.99e-06
step    480 | train_loss 2.2524 | lr 3.70e-06
step    490 | train_loss 2.4126 | lr 3.45e-06
step    500 | train_loss 1.9162 | lr 3.26e-06
step    510 | train_loss 1.8295 | lr 3.12e-06
step    520 | train_loss 1.7469 | lr 3.03e-06
step    525 | val_loss 2.0780 | val_ppl 7.99
step    530 | train_loss 2.0268 | lr 3.00e-06
step    530 | val_loss 2.0778 | val_ppl 7.99
Saved checkpoint to /home/system/projects/AuthLLM/checkpoints/lr_scaling/alpaca_short_unpacked_530_lr3e-05_seed1337/step_530.pt
