Data: 16,956 train / 346 val examples (0 dropped as longer than 512 tokens)
Model: small (29,938,560 parameters), initialized from checkpoints/small/step_18000.pt (step 18000)
step     10 | train_loss 3.0841 | lr 6.06e-06
step     20 | train_loss 2.9132 | lr 1.21e-05
step     30 | train_loss 2.7440 | lr 1.82e-05
step     40 | train_loss 2.9345 | lr 2.00e-05
step     50 | train_loss 2.7925 | lr 2.00e-05
step     60 | train_loss 2.7631 | lr 1.99e-05
step     70 | train_loss 2.8562 | lr 1.98e-05
step     75 | val_loss 2.7551 | val_ppl 15.72
step     80 | train_loss 2.8953 | lr 1.96e-05
step     90 | train_loss 2.7035 | lr 1.94e-05
step    100 | train_loss 2.6428 | lr 1.92e-05
step    110 | train_loss 2.5922 | lr 1.90e-05
step    120 | train_loss 2.5332 | lr 1.87e-05
step    130 | train_loss 2.8270 | lr 1.84e-05
step    140 | train_loss 2.9754 | lr 1.81e-05
step    150 | train_loss 2.5404 | lr 1.77e-05
step    150 | val_loss 2.7079 | val_ppl 15.00
step    160 | train_loss 2.8508 | lr 1.73e-05
step    170 | train_loss 2.8361 | lr 1.69e-05
step    180 | train_loss 2.7347 | lr 1.64e-05
step    190 | train_loss 2.5361 | lr 1.60e-05
step    200 | train_loss 2.8455 | lr 1.55e-05
step    210 | train_loss 2.6655 | lr 1.50e-05
step    220 | train_loss 2.7254 | lr 1.45e-05
step    225 | val_loss 2.6814 | val_ppl 14.61
step    230 | train_loss 2.7608 | lr 1.39e-05
step    240 | train_loss 2.6563 | lr 1.34e-05
step    250 | train_loss 2.8238 | lr 1.28e-05
step    260 | train_loss 2.7227 | lr 1.23e-05
step    270 | train_loss 2.7332 | lr 1.17e-05
step    280 | train_loss 2.6383 | lr 1.11e-05
step    290 | train_loss 2.8857 | lr 1.06e-05
step    300 | train_loss 2.6844 | lr 1.00e-05
step    300 | val_loss 2.6629 | val_ppl 14.34
step    310 | train_loss 3.0245 | lr 9.44e-06
step    320 | train_loss 2.6020 | lr 8.89e-06
step    330 | train_loss 2.7584 | lr 8.34e-06
step    340 | train_loss 2.6702 | lr 7.80e-06
step    350 | train_loss 2.9745 | lr 7.28e-06
step    360 | train_loss 2.5733 | lr 6.77e-06
step    370 | train_loss 2.7632 | lr 6.27e-06
step    375 | val_loss 2.6528 | val_ppl 14.19
step    380 | train_loss 3.0172 | lr 5.80e-06
step    390 | train_loss 2.5256 | lr 5.34e-06
step    400 | train_loss 2.4694 | lr 4.91e-06
step    410 | train_loss 2.6411 | lr 4.51e-06
step    420 | train_loss 2.6525 | lr 4.13e-06
step    430 | train_loss 2.7838 | lr 3.77e-06
step    440 | train_loss 2.5184 | lr 3.45e-06
step    450 | train_loss 2.6484 | lr 3.15e-06
step    450 | val_loss 2.6479 | val_ppl 14.13
step    460 | train_loss 2.8575 | lr 2.89e-06
step    470 | train_loss 2.5024 | lr 2.66e-06
step    480 | train_loss 2.8440 | lr 2.46e-06
step    490 | train_loss 2.6678 | lr 2.30e-06
step    500 | train_loss 2.9494 | lr 2.17e-06
step    510 | train_loss 2.6760 | lr 2.08e-06
step    520 | train_loss 2.7199 | lr 2.02e-06
step    525 | val_loss 2.6450 | val_ppl 14.08
step    530 | train_loss 2.4383 | lr 2.00e-06
step    530 | val_loss 2.6447 | val_ppl 14.08
Saved checkpoint to /home/system/projects/AuthLLM/checkpoints/lr_scaling/alpaca_third_unpacked_530_lr2e-05_seed1337/step_530.pt
