Data: 16,956 train / 346 val examples (0 dropped as longer than 512 tokens)
Model: small (29,938,560 parameters), initialized from checkpoints/small/step_18000.pt (step 18000)
step     10 | train_loss 2.9730 | lr 2.73e-05
step     20 | train_loss 2.8301 | lr 5.45e-05
step     30 | train_loss 2.6787 | lr 8.18e-05
step     40 | train_loss 2.8888 | lr 9.00e-05
step     50 | train_loss 2.7748 | lr 8.98e-05
step     60 | train_loss 2.7215 | lr 8.95e-05
step     70 | train_loss 2.8315 | lr 8.90e-05
step     75 | val_loss 2.7257 | val_ppl 15.27
step     80 | train_loss 2.8238 | lr 8.83e-05
step     90 | train_loss 2.6776 | lr 8.75e-05
step    100 | train_loss 2.6213 | lr 8.65e-05
step    110 | train_loss 2.5825 | lr 8.54e-05
step    120 | train_loss 2.4863 | lr 8.42e-05
step    130 | train_loss 2.8075 | lr 8.28e-05
step    140 | train_loss 2.9662 | lr 8.12e-05
step    150 | train_loss 2.5281 | lr 7.96e-05
step    150 | val_loss 2.6952 | val_ppl 14.81
step    160 | train_loss 2.8063 | lr 7.78e-05
step    170 | train_loss 2.8294 | lr 7.59e-05
step    180 | train_loss 2.7291 | lr 7.39e-05
step    190 | train_loss 2.4831 | lr 7.19e-05
step    200 | train_loss 2.8519 | lr 6.97e-05
step    210 | train_loss 2.6723 | lr 6.74e-05
step    220 | train_loss 2.7094 | lr 6.51e-05
step    225 | val_loss 2.6652 | val_ppl 14.37
step    230 | train_loss 2.6871 | lr 6.27e-05
step    240 | train_loss 2.6818 | lr 6.02e-05
step    250 | train_loss 2.8140 | lr 5.78e-05
step    260 | train_loss 2.7153 | lr 5.52e-05
step    270 | train_loss 2.6956 | lr 5.27e-05
step    280 | train_loss 2.5852 | lr 5.01e-05
step    290 | train_loss 2.8432 | lr 4.76e-05
step    300 | train_loss 2.6739 | lr 4.50e-05
step    300 | val_loss 2.6457 | val_ppl 14.09
step    310 | train_loss 2.9708 | lr 4.25e-05
step    320 | train_loss 2.5919 | lr 4.00e-05
step    330 | train_loss 2.7775 | lr 3.75e-05
step    340 | train_loss 2.6683 | lr 3.51e-05
step    350 | train_loss 2.9196 | lr 3.27e-05
step    360 | train_loss 2.5534 | lr 3.04e-05
step    370 | train_loss 2.7404 | lr 2.82e-05
step    375 | val_loss 2.6305 | val_ppl 13.88
step    380 | train_loss 2.9987 | lr 2.61e-05
step    390 | train_loss 2.5305 | lr 2.40e-05
step    400 | train_loss 2.4171 | lr 2.21e-05
step    410 | train_loss 2.5744 | lr 2.03e-05
step    420 | train_loss 2.6153 | lr 1.86e-05
step    430 | train_loss 2.7656 | lr 1.70e-05
step    440 | train_loss 2.4830 | lr 1.55e-05
step    450 | train_loss 2.6176 | lr 1.42e-05
step    450 | val_loss 2.6170 | val_ppl 13.70
step    460 | train_loss 2.8756 | lr 1.30e-05
step    470 | train_loss 2.4459 | lr 1.20e-05
step    480 | train_loss 2.8284 | lr 1.11e-05
step    490 | train_loss 2.6048 | lr 1.04e-05
step    500 | train_loss 2.9437 | lr 9.78e-06
step    510 | train_loss 2.6360 | lr 9.36e-06
step    520 | train_loss 2.7399 | lr 9.10e-06
step    525 | val_loss 2.6105 | val_ppl 13.61
step    530 | train_loss 2.4322 | lr 9.00e-06
step    530 | val_loss 2.6103 | val_ppl 13.60
Saved checkpoint to /home/system/projects/AuthLLM/checkpoints/lr_scaling/alpaca_third_unpacked_530_lr9e-05_seed1337/step_530.pt
