Data: 50,867 train / 1,039 val examples (68 dropped as longer than 512 tokens)
Model: medium (123,587,328 parameters), initialized from /home/system/projects/AuthLLM/checkpoints/medium/step_20000.pt (step 20000)
step     10 | train_loss 2.6885 | lr 2.00e-06
step     20 | train_loss 2.3946 | lr 4.00e-06
step     30 | train_loss 2.5034 | lr 6.00e-06
step     40 | train_loss 2.5595 | lr 8.00e-06
step     50 | train_loss 2.4806 | lr 1.00e-05
step     60 | train_loss 2.2376 | lr 1.20e-05
step     70 | train_loss 2.0673 | lr 1.40e-05
step     80 | train_loss 2.1606 | lr 1.60e-05
step     90 | train_loss 2.4808 | lr 1.80e-05
step    100 | train_loss 2.2961 | lr 2.00e-05
step    110 | train_loss 2.4363 | lr 2.00e-05
step    120 | train_loss 1.9399 | lr 2.00e-05
step    130 | train_loss 2.0618 | lr 2.00e-05
step    140 | train_loss 2.1276 | lr 2.00e-05
step    150 | train_loss 2.2059 | lr 2.00e-05
step    160 | train_loss 2.1399 | lr 1.99e-05
step    170 | train_loss 2.1038 | lr 1.99e-05
step    180 | train_loss 2.3294 | lr 1.99e-05
step    190 | train_loss 2.3108 | lr 1.98e-05
step    200 | train_loss 2.3739 | lr 1.98e-05
step    210 | train_loss 2.1509 | lr 1.98e-05
step    220 | train_loss 2.2957 | lr 1.97e-05
step    228 | val_loss 2.2524 | val_ppl 9.51
step    230 | train_loss 1.9947 | lr 1.97e-05
step    240 | train_loss 2.1469 | lr 1.96e-05
step    250 | train_loss 2.1358 | lr 1.96e-05
step    260 | train_loss 2.1510 | lr 1.95e-05
step    270 | train_loss 2.1393 | lr 1.94e-05
step    280 | train_loss 2.1563 | lr 1.94e-05
step    290 | train_loss 2.1523 | lr 1.93e-05
step    300 | train_loss 2.5274 | lr 1.92e-05
step    310 | train_loss 2.2071 | lr 1.92e-05
step    320 | train_loss 2.2096 | lr 1.91e-05
step    330 | train_loss 2.0669 | lr 1.90e-05
step    340 | train_loss 2.3850 | lr 1.89e-05
step    350 | train_loss 2.1540 | lr 1.88e-05
step    360 | train_loss 2.2093 | lr 1.87e-05
step    370 | train_loss 2.1165 | lr 1.86e-05
step    380 | train_loss 2.2531 | lr 1.85e-05
step    390 | train_loss 2.1296 | lr 1.84e-05
step    400 | train_loss 2.1908 | lr 1.83e-05
step    410 | train_loss 2.2872 | lr 1.82e-05
step    420 | train_loss 2.1274 | lr 1.81e-05
step    430 | train_loss 2.1189 | lr 1.79e-05
step    440 | train_loss 2.1464 | lr 1.78e-05
step    450 | train_loss 2.1084 | lr 1.77e-05
step    456 | val_loss 2.2079 | val_ppl 9.10
step    460 | train_loss 1.8877 | lr 1.76e-05
step    470 | train_loss 2.1181 | lr 1.74e-05
step    480 | train_loss 1.9370 | lr 1.73e-05
step    490 | train_loss 2.0726 | lr 1.72e-05
step    500 | train_loss 2.1947 | lr 1.70e-05
step    510 | train_loss 2.1500 | lr 1.69e-05
step    520 | train_loss 2.0301 | lr 1.68e-05
step    530 | train_loss 2.0689 | lr 1.66e-05
step    540 | train_loss 2.2391 | lr 1.65e-05
step    550 | train_loss 2.1709 | lr 1.63e-05
step    560 | train_loss 1.8440 | lr 1.62e-05
step    570 | train_loss 2.2772 | lr 1.60e-05
step    580 | train_loss 2.1168 | lr 1.58e-05
step    590 | train_loss 1.9663 | lr 1.57e-05
step    600 | train_loss 2.1065 | lr 1.55e-05
step    610 | train_loss 2.0449 | lr 1.54e-05
step    620 | train_loss 1.9429 | lr 1.52e-05
step    630 | train_loss 2.1280 | lr 1.50e-05
step    640 | train_loss 2.1823 | lr 1.48e-05
step    650 | train_loss 2.3958 | lr 1.47e-05
step    660 | train_loss 1.9539 | lr 1.45e-05
step    670 | train_loss 2.1344 | lr 1.43e-05
step    680 | train_loss 2.1058 | lr 1.42e-05
step    684 | val_loss 2.1875 | val_ppl 8.91
step    690 | train_loss 2.0858 | lr 1.40e-05
step    700 | train_loss 2.0499 | lr 1.38e-05
step    710 | train_loss 2.1588 | lr 1.36e-05
step    720 | train_loss 2.0237 | lr 1.34e-05
step    730 | train_loss 2.1683 | lr 1.33e-05
step    740 | train_loss 2.1339 | lr 1.31e-05
step    750 | train_loss 2.1348 | lr 1.29e-05
step    760 | train_loss 2.1718 | lr 1.27e-05
step    770 | train_loss 2.0788 | lr 1.25e-05
step    780 | train_loss 2.2700 | lr 1.23e-05
step    790 | train_loss 2.1392 | lr 1.21e-05
step    800 | train_loss 2.0495 | lr 1.20e-05
step    810 | train_loss 2.2709 | lr 1.18e-05
step    820 | train_loss 2.2701 | lr 1.16e-05
step    830 | train_loss 2.1482 | lr 1.14e-05
step    840 | train_loss 2.0507 | lr 1.12e-05
step    850 | train_loss 2.1811 | lr 1.10e-05
step    860 | train_loss 2.3787 | lr 1.08e-05
step    870 | train_loss 2.0453 | lr 1.06e-05
step    880 | train_loss 2.2257 | lr 1.05e-05
step    890 | train_loss 2.2663 | lr 1.03e-05
step    900 | train_loss 1.9103 | lr 1.01e-05
step    910 | train_loss 2.1298 | lr 9.89e-06
step    912 | val_loss 2.1745 | val_ppl 8.80
step    920 | train_loss 2.1699 | lr 9.70e-06
step    930 | train_loss 2.2518 | lr 9.52e-06
step    940 | train_loss 1.9523 | lr 9.33e-06
step    950 | train_loss 1.9285 | lr 9.15e-06
step    960 | train_loss 2.1679 | lr 8.96e-06
step    970 | train_loss 2.2674 | lr 8.78e-06
step    980 | train_loss 2.3877 | lr 8.60e-06
step    990 | train_loss 2.0509 | lr 8.42e-06
step   1000 | train_loss 2.2061 | lr 8.24e-06
step   1010 | train_loss 2.1419 | lr 8.06e-06
step   1020 | train_loss 2.2461 | lr 7.88e-06
step   1030 | train_loss 2.2064 | lr 7.70e-06
step   1040 | train_loss 2.1153 | lr 7.53e-06
step   1050 | train_loss 2.1113 | lr 7.36e-06
step   1060 | train_loss 1.9704 | lr 7.19e-06
step   1070 | train_loss 1.8221 | lr 7.02e-06
step   1080 | train_loss 1.9621 | lr 6.85e-06
step   1090 | train_loss 2.1704 | lr 6.68e-06
step   1100 | train_loss 1.9998 | lr 6.52e-06
step   1110 | train_loss 2.1642 | lr 6.35e-06
step   1120 | train_loss 2.1002 | lr 6.19e-06
step   1130 | train_loss 2.1011 | lr 6.04e-06
step   1140 | train_loss 1.9957 | lr 5.88e-06
step   1140 | val_loss 2.1658 | val_ppl 8.72
step   1150 | train_loss 2.1293 | lr 5.73e-06
step   1160 | train_loss 2.0489 | lr 5.57e-06
step   1170 | train_loss 2.1127 | lr 5.42e-06
step   1180 | train_loss 2.0308 | lr 5.28e-06
step   1190 | train_loss 2.2755 | lr 5.13e-06
step   1200 | train_loss 2.1462 | lr 4.99e-06
step   1210 | train_loss 2.3662 | lr 4.85e-06
step   1220 | train_loss 2.1019 | lr 4.72e-06
step   1230 | train_loss 2.1317 | lr 4.58e-06
step   1240 | train_loss 1.9987 | lr 4.45e-06
step   1250 | train_loss 1.9346 | lr 4.32e-06
step   1260 | train_loss 2.2342 | lr 4.20e-06
step   1270 | train_loss 2.1377 | lr 4.08e-06
step   1280 | train_loss 2.1822 | lr 3.96e-06
step   1290 | train_loss 1.9805 | lr 3.84e-06
step   1300 | train_loss 1.8727 | lr 3.73e-06
step   1310 | train_loss 1.9229 | lr 3.62e-06
step   1320 | train_loss 2.0909 | lr 3.51e-06
step   1330 | train_loss 2.1709 | lr 3.41e-06
step   1340 | train_loss 2.0876 | lr 3.31e-06
step   1350 | train_loss 2.1972 | lr 3.22e-06
step   1360 | train_loss 2.0381 | lr 3.12e-06
step   1368 | val_loss 2.1605 | val_ppl 8.68
step   1370 | train_loss 2.2833 | lr 3.03e-06
step   1380 | train_loss 1.9645 | lr 2.95e-06
step   1390 | train_loss 2.1775 | lr 2.86e-06
step   1400 | train_loss 2.2505 | lr 2.79e-06
step   1410 | train_loss 2.1724 | lr 2.71e-06
step   1420 | train_loss 2.0815 | lr 2.64e-06
step   1430 | train_loss 2.0564 | lr 2.57e-06
step   1440 | train_loss 1.9703 | lr 2.51e-06
step   1450 | train_loss 2.1056 | lr 2.45e-06
step   1460 | train_loss 2.2476 | lr 2.39e-06
step   1470 | train_loss 1.9526 | lr 2.34e-06
step   1480 | train_loss 2.2460 | lr 2.29e-06
step   1490 | train_loss 2.1840 | lr 2.24e-06
step   1500 | train_loss 2.1929 | lr 2.20e-06
step   1510 | train_loss 2.2797 | lr 2.16e-06
step   1520 | train_loss 2.0298 | lr 2.13e-06
step   1530 | train_loss 2.0984 | lr 2.10e-06
step   1540 | train_loss 2.1429 | lr 2.07e-06
step   1550 | train_loss 2.0104 | lr 2.05e-06
step   1560 | train_loss 2.0861 | lr 2.03e-06
step   1570 | train_loss 2.0262 | lr 2.02e-06
step   1580 | train_loss 1.8599 | lr 2.01e-06
step   1590 | train_loss 2.1455 | lr 2.00e-06
step   1596 | val_loss 2.1578 | val_ppl 8.65
step   1600 | train_loss 1.7943 | lr 2.00e-06
step   1600 | val_loss 2.1579 | val_ppl 8.65
Saved checkpoint to /home/system/projects/AuthLLM/checkpoints/lr_scaling/alpaca_unpacked_1600_lr2e-05_seed1339/step_1600.pt
