Data: 16,956 train / 346 val examples (0 dropped as longer than 512 tokens)
Model: medium (123,587,328 parameters), initialized from /home/system/projects/AuthLLM/checkpoints/medium/step_20000.pt (step 20000)
step     10 | train_loss 2.4847 | lr 9.09e-06
step     20 | train_loss 2.4239 | lr 1.82e-05
step     30 | train_loss 2.2308 | lr 2.73e-05
step     40 | train_loss 2.2572 | lr 3.00e-05
step     50 | train_loss 2.2938 | lr 2.99e-05
step     60 | train_loss 2.2596 | lr 2.98e-05
step     70 | train_loss 2.0113 | lr 2.97e-05
step     75 | val_loss 2.1749 | val_ppl 8.80
step     80 | train_loss 2.1206 | lr 2.94e-05
step     90 | train_loss 2.0999 | lr 2.92e-05
step    100 | train_loss 2.0381 | lr 2.88e-05
step    110 | train_loss 2.0597 | lr 2.85e-05
step    120 | train_loss 2.1490 | lr 2.81e-05
step    130 | train_loss 2.0870 | lr 2.76e-05
step    140 | train_loss 2.0087 | lr 2.71e-05
step    150 | train_loss 2.1167 | lr 2.65e-05
step    150 | val_loss 2.1292 | val_ppl 8.41
step    160 | train_loss 2.1165 | lr 2.59e-05
step    170 | train_loss 1.9797 | lr 2.53e-05
step    180 | train_loss 2.2600 | lr 2.46e-05
step    190 | train_loss 2.2142 | lr 2.40e-05
step    200 | train_loss 2.3148 | lr 2.32e-05
step    210 | train_loss 2.2162 | lr 2.25e-05
step    220 | train_loss 2.1191 | lr 2.17e-05
step    225 | val_loss 2.1058 | val_ppl 8.21
step    230 | train_loss 2.3150 | lr 2.09e-05
step    240 | train_loss 2.2240 | lr 2.01e-05
step    250 | train_loss 1.9133 | lr 1.93e-05
step    260 | train_loss 2.1368 | lr 1.84e-05
step    270 | train_loss 1.9530 | lr 1.76e-05
step    280 | train_loss 2.0916 | lr 1.67e-05
step    290 | train_loss 2.0917 | lr 1.59e-05
step    300 | train_loss 2.1569 | lr 1.50e-05
step    300 | val_loss 2.0859 | val_ppl 8.05
step    310 | train_loss 2.1725 | lr 1.42e-05
step    320 | train_loss 1.9058 | lr 1.33e-05
step    330 | train_loss 1.8618 | lr 1.25e-05
step    340 | train_loss 2.0297 | lr 1.17e-05
step    350 | train_loss 1.9293 | lr 1.09e-05
step    360 | train_loss 2.1828 | lr 1.01e-05
step    370 | train_loss 1.9901 | lr 9.41e-06
step    375 | val_loss 2.0770 | val_ppl 7.98
step    380 | train_loss 2.2448 | lr 8.70e-06
step    390 | train_loss 2.0355 | lr 8.02e-06
step    400 | train_loss 2.0451 | lr 7.37e-06
step    410 | train_loss 2.1173 | lr 6.76e-06
step    420 | train_loss 2.0953 | lr 6.19e-06
step    430 | train_loss 2.0201 | lr 5.66e-06
step    440 | train_loss 2.0430 | lr 5.17e-06
step    450 | train_loss 2.2284 | lr 4.73e-06
step    450 | val_loss 2.0687 | val_ppl 7.91
step    460 | train_loss 1.9657 | lr 4.34e-06
step    470 | train_loss 1.9583 | lr 3.99e-06
step    480 | train_loss 2.0643 | lr 3.70e-06
step    490 | train_loss 1.9970 | lr 3.45e-06
step    500 | train_loss 2.3183 | lr 3.26e-06
step    510 | train_loss 2.0747 | lr 3.12e-06
step    520 | train_loss 2.1442 | lr 3.03e-06
step    525 | val_loss 2.0655 | val_ppl 7.89
step    530 | train_loss 2.1208 | lr 3.00e-06
step    530 | val_loss 2.0653 | val_ppl 7.89
Saved checkpoint to /home/system/projects/AuthLLM/checkpoints/lr_scaling/alpaca_mid_unpacked_530_lr3e-05_seed1337/step_530.pt
