Data: 16,956 train / 346 val examples (0 dropped as longer than 512 tokens)
Model: medium (123,587,328 parameters), initialized from /home/system/projects/AuthLLM/checkpoints/medium/step_20000.pt (step 20000)
step     10 | train_loss 2.7155 | lr 9.09e-07
step     20 | train_loss 3.1919 | lr 1.82e-06
step     30 | train_loss 2.6158 | lr 2.73e-06
step     40 | train_loss 2.9059 | lr 3.00e-06
step     50 | train_loss 2.3488 | lr 2.99e-06
step     60 | train_loss 2.3936 | lr 2.98e-06
step     70 | train_loss 2.5751 | lr 2.97e-06
step     75 | val_loss 2.4941 | val_ppl 12.11
step     80 | train_loss 2.5716 | lr 2.94e-06
step     90 | train_loss 2.3115 | lr 2.92e-06
step    100 | train_loss 2.2507 | lr 2.88e-06
step    110 | train_loss 1.9487 | lr 2.85e-06
step    120 | train_loss 2.2405 | lr 2.81e-06
step    130 | train_loss 2.2667 | lr 2.76e-06
step    140 | train_loss 1.8793 | lr 2.71e-06
step    150 | train_loss 2.4813 | lr 2.65e-06
step    150 | val_loss 2.4068 | val_ppl 11.10
step    160 | train_loss 2.3495 | lr 2.59e-06
step    170 | train_loss 1.9181 | lr 2.53e-06
step    180 | train_loss 2.5681 | lr 2.46e-06
step    190 | train_loss 2.1933 | lr 2.40e-06
step    200 | train_loss 2.3010 | lr 2.32e-06
step    210 | train_loss 1.8972 | lr 2.25e-06
step    220 | train_loss 2.2384 | lr 2.17e-06
step    225 | val_loss 2.3641 | val_ppl 10.63
step    230 | train_loss 1.8610 | lr 2.09e-06
step    240 | train_loss 2.2917 | lr 2.01e-06
step    250 | train_loss 2.2538 | lr 1.93e-06
step    260 | train_loss 2.1807 | lr 1.84e-06
step    270 | train_loss 2.0637 | lr 1.76e-06
step    280 | train_loss 2.3193 | lr 1.67e-06
step    290 | train_loss 2.2202 | lr 1.59e-06
step    300 | train_loss 2.4462 | lr 1.50e-06
step    300 | val_loss 2.3379 | val_ppl 10.36
step    310 | train_loss 2.4571 | lr 1.42e-06
step    320 | train_loss 2.0689 | lr 1.33e-06
step    330 | train_loss 2.5439 | lr 1.25e-06
step    340 | train_loss 2.2364 | lr 1.17e-06
step    350 | train_loss 2.3987 | lr 1.09e-06
step    360 | train_loss 1.8796 | lr 1.01e-06
step    370 | train_loss 2.5389 | lr 9.41e-07
step    375 | val_loss 2.3246 | val_ppl 10.22
step    380 | train_loss 2.4613 | lr 8.70e-07
step    390 | train_loss 2.0179 | lr 8.02e-07
step    400 | train_loss 2.2265 | lr 7.37e-07
step    410 | train_loss 2.0299 | lr 6.76e-07
step    420 | train_loss 2.2208 | lr 6.19e-07
step    430 | train_loss 2.1352 | lr 5.66e-07
step    440 | train_loss 2.2277 | lr 5.17e-07
step    450 | train_loss 2.2625 | lr 4.73e-07
step    450 | val_loss 2.3160 | val_ppl 10.14
step    460 | train_loss 1.7823 | lr 4.34e-07
step    470 | train_loss 2.2889 | lr 3.99e-07
step    480 | train_loss 2.5266 | lr 3.70e-07
step    490 | train_loss 2.5842 | lr 3.45e-07
step    500 | train_loss 2.2265 | lr 3.26e-07
step    510 | train_loss 2.0275 | lr 3.12e-07
step    520 | train_loss 1.9687 | lr 3.03e-07
step    525 | val_loss 2.3121 | val_ppl 10.10
step    530 | train_loss 2.1955 | lr 3.00e-07
step    530 | val_loss 2.3120 | val_ppl 10.09
Saved checkpoint to /home/system/projects/AuthLLM/checkpoints/lr_scaling/alpaca_short_unpacked_530_lr3e-06_seed1337/step_530.pt
