Data: 16,956 train / 346 val examples (0 dropped as longer than 512 tokens)
Model: medium (123,587,328 parameters), initialized from /home/system/projects/AuthLLM/checkpoints/medium/step_20000.pt (step 20000)
step     10 | train_loss 2.9366 | lr 9.09e-06
step     20 | train_loss 2.4820 | lr 1.82e-05
step     30 | train_loss 2.4336 | lr 2.73e-05
step     40 | train_loss 2.0864 | lr 3.00e-05
step     50 | train_loss 2.3584 | lr 2.99e-05
step     60 | train_loss 2.2425 | lr 2.98e-05
step     70 | train_loss 2.2339 | lr 2.97e-05
step     75 | val_loss 2.1171 | val_ppl 8.31
step     80 | train_loss 2.1564 | lr 2.94e-05
step     90 | train_loss 2.0394 | lr 2.92e-05
step    100 | train_loss 2.0709 | lr 2.88e-05
step    110 | train_loss 2.3306 | lr 2.85e-05
step    120 | train_loss 1.9871 | lr 2.81e-05
step    130 | train_loss 1.9699 | lr 2.76e-05
step    140 | train_loss 2.2799 | lr 2.71e-05
step    150 | train_loss 1.9579 | lr 2.65e-05
step    150 | val_loss 2.0300 | val_ppl 7.61
step    160 | train_loss 2.1260 | lr 2.59e-05
step    170 | train_loss 2.1869 | lr 2.53e-05
step    180 | train_loss 2.0260 | lr 2.46e-05
step    190 | train_loss 2.3936 | lr 2.40e-05
step    200 | train_loss 2.0631 | lr 2.32e-05
step    210 | train_loss 2.2453 | lr 2.25e-05
step    220 | train_loss 1.6956 | lr 2.17e-05
step    225 | val_loss 1.9894 | val_ppl 7.31
step    230 | train_loss 1.9892 | lr 2.09e-05
step    240 | train_loss 1.8285 | lr 2.01e-05
step    250 | train_loss 2.1729 | lr 1.93e-05
step    260 | train_loss 1.5364 | lr 1.84e-05
step    270 | train_loss 2.0512 | lr 1.76e-05
step    280 | train_loss 2.1727 | lr 1.67e-05
step    290 | train_loss 2.0988 | lr 1.59e-05
step    300 | train_loss 1.9835 | lr 1.50e-05
step    300 | val_loss 1.9621 | val_ppl 7.11
step    310 | train_loss 2.0764 | lr 1.42e-05
step    320 | train_loss 2.1299 | lr 1.33e-05
step    330 | train_loss 2.1006 | lr 1.25e-05
step    340 | train_loss 2.2524 | lr 1.17e-05
step    350 | train_loss 2.1745 | lr 1.09e-05
step    360 | train_loss 1.8512 | lr 1.01e-05
step    370 | train_loss 1.9053 | lr 9.41e-06
step    375 | val_loss 1.9422 | val_ppl 6.97
step    380 | train_loss 2.2061 | lr 8.70e-06
step    390 | train_loss 1.9369 | lr 8.02e-06
step    400 | train_loss 2.0174 | lr 7.37e-06
step    410 | train_loss 1.8830 | lr 6.76e-06
step    420 | train_loss 1.9959 | lr 6.19e-06
step    430 | train_loss 1.8286 | lr 5.66e-06
step    440 | train_loss 1.6141 | lr 5.17e-06
step    450 | train_loss 2.2967 | lr 4.73e-06
step    450 | val_loss 1.9320 | val_ppl 6.90
step    460 | train_loss 1.8969 | lr 4.34e-06
step    470 | train_loss 2.0368 | lr 3.99e-06
step    480 | train_loss 1.9306 | lr 3.70e-06
step    490 | train_loss 1.8480 | lr 3.45e-06
step    500 | train_loss 2.0494 | lr 3.26e-06
step    510 | train_loss 1.6179 | lr 3.12e-06
step    520 | train_loss 1.7883 | lr 3.03e-06
step    525 | val_loss 1.9272 | val_ppl 6.87
step    530 | train_loss 1.7619 | lr 3.00e-06
step    530 | val_loss 1.9268 | val_ppl 6.87
Saved checkpoint to /home/system/projects/AuthLLM/checkpoints/lr_scaling/alpaca_short_unpacked_530_lr3e-05_seed1338/step_530.pt
