Data: 16,956 train / 346 val examples (0 dropped as longer than 512 tokens)
Packing: 16,956 examples into 3,483 windows (4.9 per window, 93.4% of positions used)
Model: medium (123,587,328 parameters), initialized from /home/system/projects/AuthLLM/checkpoints/medium/step_20000.pt (step 20000)
step     10 | train_loss 2.2559 | lr 2.50e-04
step     15 | val_loss 2.2390 | val_ppl 9.38
step     20 | train_loss 2.2323 | lr 2.42e-04
step     30 | train_loss 2.1873 | lr 2.25e-04
step     30 | val_loss 2.2101 | val_ppl 9.12
step     40 | train_loss 2.1571 | lr 2.00e-04
step     45 | val_loss 2.1855 | val_ppl 8.90
step     50 | train_loss 2.1978 | lr 1.68e-04
step     60 | train_loss 2.0756 | lr 1.34e-04
step     60 | val_loss 2.1487 | val_ppl 8.57
step     70 | train_loss 2.1001 | lr 1.00e-04
step     75 | val_loss 2.1142 | val_ppl 8.28
step     80 | train_loss 2.1942 | lr 6.97e-05
step     90 | train_loss 2.0958 | lr 4.57e-05
step     90 | val_loss 2.0930 | val_ppl 8.11
step    100 | train_loss 2.0758 | lr 3.03e-05
step    105 | val_loss 2.0765 | val_ppl 7.98
step    109 | train_loss 2.2931 | lr 2.51e-05
step    109 | val_loss 2.0737 | val_ppl 7.95
Saved checkpoint to /home/system/projects/AuthLLM/checkpoints/lr_scaling/alpaca_mid_packed_109_lr0.00025_seed1338/step_109.pt
