Data: 16,956 train / 346 val examples (0 dropped as longer than 512 tokens)
Packing: 16,956 examples into 6,215 windows (2.7 per window, 91.8% of positions used)
Model: medium (123,587,328 parameters), initialized from /home/system/projects/AuthLLM/checkpoints/medium/step_20000.pt (step 20000)
step     10 | train_loss 2.4360 | lr 2.50e-06
step     20 | train_loss 2.3969 | lr 2.99e-06
step     27 | val_loss 2.3539 | val_ppl 10.53
step     30 | train_loss 2.2925 | lr 2.94e-06
step     40 | train_loss 2.2868 | lr 2.86e-06
step     50 | train_loss 2.3773 | lr 2.73e-06
step     54 | val_loss 2.2985 | val_ppl 9.96
step     60 | train_loss 2.3138 | lr 2.58e-06
step     70 | train_loss 2.2883 | lr 2.40e-06
step     80 | train_loss 2.3089 | lr 2.19e-06
step     81 | val_loss 2.2759 | val_ppl 9.74
step     90 | train_loss 2.2580 | lr 1.97e-06
step    100 | train_loss 2.3061 | lr 1.74e-06
step    108 | val_loss 2.2636 | val_ppl 9.62
step    110 | train_loss 2.3001 | lr 1.51e-06
step    120 | train_loss 2.2484 | lr 1.28e-06
step    130 | train_loss 2.3453 | lr 1.06e-06
step    135 | val_loss 2.2564 | val_ppl 9.55
step    140 | train_loss 2.3280 | lr 8.64e-07
step    150 | train_loss 2.2695 | lr 6.87e-07
step    160 | train_loss 2.2321 | lr 5.39e-07
step    162 | val_loss 2.2527 | val_ppl 9.51
step    170 | train_loss 2.2777 | lr 4.24e-07
step    180 | train_loss 2.2809 | lr 3.45e-07
step    189 | val_loss 2.2507 | val_ppl 9.49
step    190 | train_loss 2.2482 | lr 3.05e-07
step    194 | train_loss 2.2037 | lr 3.00e-07
step    194 | val_loss 2.2505 | val_ppl 9.49
Saved checkpoint to /home/system/projects/AuthLLM/checkpoints/lr_scaling/alpaca_long_packed_194_lr3e-06_seed1337/step_194.pt
