Data: 50,869 train / 1,037 val examples (68 dropped as longer than 512 tokens)
Packing: 50,869 examples into 11,220 windows (4.5 per window, 98.8% of positions used)
Model: medium (123,587,328 parameters), initialized from /home/system/projects/AuthLLM/checkpoints/medium/step_20000.pt (step 20000)
step     10 | train_loss 2.2162 | lr 6.82e-05
step     20 | train_loss 2.1811 | lr 1.36e-04
step     30 | train_loss 2.2162 | lr 1.50e-04
step     40 | train_loss 2.1383 | lr 1.49e-04
step     50 | train_loss 2.0836 | lr 1.48e-04
step     50 | val_loss 2.1341 | val_ppl 8.45
step     60 | train_loss 2.2315 | lr 1.46e-04
step     70 | train_loss 2.1368 | lr 1.43e-04
step     80 | train_loss 2.1893 | lr 1.40e-04
step     90 | train_loss 2.2668 | lr 1.37e-04
step    100 | train_loss 2.1642 | lr 1.32e-04
step    100 | val_loss 2.0800 | val_ppl 8.00
step    110 | train_loss 2.2072 | lr 1.28e-04
step    120 | train_loss 2.0842 | lr 1.23e-04
step    130 | train_loss 2.1627 | lr 1.18e-04
step    140 | train_loss 2.0961 | lr 1.12e-04
step    150 | train_loss 2.1228 | lr 1.06e-04
step    150 | val_loss 2.0484 | val_ppl 7.76
step    160 | train_loss 2.0685 | lr 9.98e-05
step    170 | train_loss 2.0344 | lr 9.34e-05
step    180 | train_loss 2.0758 | lr 8.70e-05
step    190 | train_loss 2.0289 | lr 8.06e-05
step    200 | train_loss 1.9967 | lr 7.41e-05
step    200 | val_loss 2.0197 | val_ppl 7.54
step    210 | train_loss 2.0459 | lr 6.78e-05
step    220 | train_loss 2.0297 | lr 6.15e-05
step    230 | train_loss 2.0023 | lr 5.55e-05
step    240 | train_loss 1.9967 | lr 4.97e-05
step    250 | train_loss 2.0544 | lr 4.42e-05
step    250 | val_loss 2.0006 | val_ppl 7.39
step    260 | train_loss 2.0492 | lr 3.91e-05
step    270 | train_loss 1.9885 | lr 3.43e-05
step    280 | train_loss 2.1063 | lr 3.00e-05
step    290 | train_loss 2.0030 | lr 2.62e-05
step    300 | train_loss 2.1104 | lr 2.29e-05
step    300 | val_loss 1.9838 | val_ppl 7.27
step    310 | train_loss 2.1057 | lr 2.01e-05
step    320 | train_loss 2.1094 | lr 1.80e-05
step    330 | train_loss 2.0812 | lr 1.64e-05
step    340 | train_loss 2.0915 | lr 1.54e-05
step    350 | train_loss 1.9889 | lr 1.50e-05
step    350 | val_loss 1.9758 | val_ppl 7.21
Saved checkpoint to /home/system/projects/AuthLLM/checkpoints/lr_scaling/alpaca_packed_350_lr0.00015_seed1338/step_350.pt
