Data: 16,956 train / 346 val examples (0 dropped as longer than 512 tokens)
Model: medium (123,587,328 parameters), initialized from /home/system/projects/AuthLLM/checkpoints/medium/step_20000.pt (step 20000)
step     10 | train_loss 2.3389 | lr 1.21e-04
step     20 | train_loss 2.3611 | lr 2.42e-04
step     30 | train_loss 2.3385 | lr 3.64e-04
step     40 | train_loss 2.4927 | lr 4.00e-04
step     50 | train_loss 2.6317 | lr 3.99e-04
step     60 | train_loss 2.6677 | lr 3.98e-04
step     70 | train_loss 2.3692 | lr 3.95e-04
step     75 | val_loss 2.6024 | val_ppl 13.50
step     80 | train_loss 2.5680 | lr 3.92e-04
step     90 | train_loss 2.5543 | lr 3.89e-04
step    100 | train_loss 2.4382 | lr 3.85e-04
step    110 | train_loss 2.5693 | lr 3.80e-04
step    120 | train_loss 2.6550 | lr 3.74e-04
step    130 | train_loss 2.5670 | lr 3.68e-04
step    140 | train_loss 2.4918 | lr 3.61e-04
step    150 | train_loss 2.6624 | lr 3.54e-04
step    150 | val_loss 2.6479 | val_ppl 14.12
step    160 | train_loss 2.6900 | lr 3.46e-04
step    170 | train_loss 2.5678 | lr 3.37e-04
step    180 | train_loss 2.8494 | lr 3.29e-04
step    190 | train_loss 2.8087 | lr 3.19e-04
step    200 | train_loss 2.8404 | lr 3.10e-04
step    210 | train_loss 2.6770 | lr 3.00e-04
step    220 | train_loss 2.6045 | lr 2.89e-04
step    225 | val_loss 2.6067 | val_ppl 13.55
step    230 | train_loss 2.9237 | lr 2.79e-04
step    240 | train_loss 2.8030 | lr 2.68e-04
step    250 | train_loss 2.5203 | lr 2.57e-04
step    260 | train_loss 2.6228 | lr 2.46e-04
step    270 | train_loss 2.3700 | lr 2.34e-04
step    280 | train_loss 2.6316 | lr 2.23e-04
step    290 | train_loss 2.4851 | lr 2.11e-04
step    300 | train_loss 2.6241 | lr 2.00e-04
step    300 | val_loss 2.5435 | val_ppl 12.72
step    310 | train_loss 2.6731 | lr 1.89e-04
step    320 | train_loss 2.2890 | lr 1.78e-04
step    330 | train_loss 2.1480 | lr 1.67e-04
step    340 | train_loss 2.4526 | lr 1.56e-04
step    350 | train_loss 2.4143 | lr 1.46e-04
step    360 | train_loss 2.5793 | lr 1.35e-04
step    370 | train_loss 2.3229 | lr 1.25e-04
step    375 | val_loss 2.4627 | val_ppl 11.74
step    380 | train_loss 2.7700 | lr 1.16e-04
step    390 | train_loss 2.3811 | lr 1.07e-04
step    400 | train_loss 2.5298 | lr 9.83e-05
step    410 | train_loss 2.4176 | lr 9.01e-05
step    420 | train_loss 2.5534 | lr 8.25e-05
step    430 | train_loss 2.4623 | lr 7.55e-05
step    440 | train_loss 2.4339 | lr 6.90e-05
step    450 | train_loss 2.6894 | lr 6.31e-05
step    450 | val_loss 2.3979 | val_ppl 11.00
step    460 | train_loss 2.3291 | lr 5.78e-05
step    470 | train_loss 2.2445 | lr 5.32e-05
step    480 | train_loss 2.3681 | lr 4.93e-05
step    490 | train_loss 2.3093 | lr 4.60e-05
step    500 | train_loss 2.6204 | lr 4.34e-05
step    510 | train_loss 2.4259 | lr 4.16e-05
step    520 | train_loss 2.5428 | lr 4.04e-05
step    525 | val_loss 2.3664 | val_ppl 10.66
step    530 | train_loss 2.4206 | lr 4.00e-05
step    530 | val_loss 2.3655 | val_ppl 10.65
Saved checkpoint to /home/system/projects/AuthLLM/checkpoints/lr_scaling/alpaca_mid_unpacked_530_lr0.0004_seed1337/step_530.pt
