Data: 16,956 train / 346 val examples (0 dropped as longer than 512 tokens)
Model: medium (123,587,328 parameters), initialized from /home/system/projects/AuthLLM/checkpoints/medium/step_20000.pt (step 20000)
step     10 | train_loss 2.6007 | lr 3.03e-06
step     20 | train_loss 2.9049 | lr 6.06e-06
step     30 | train_loss 2.3694 | lr 9.09e-06
step     40 | train_loss 2.7227 | lr 1.00e-05
step     50 | train_loss 2.1903 | lr 9.98e-06
step     60 | train_loss 2.2532 | lr 9.94e-06
step     70 | train_loss 2.4572 | lr 9.88e-06
step     75 | val_loss 2.3767 | val_ppl 10.77
step     80 | train_loss 2.4350 | lr 9.81e-06
step     90 | train_loss 2.2238 | lr 9.72e-06
step    100 | train_loss 2.1465 | lr 9.61e-06
step    110 | train_loss 1.8223 | lr 9.49e-06
step    120 | train_loss 2.0679 | lr 9.35e-06
step    130 | train_loss 2.1408 | lr 9.20e-06
step    140 | train_loss 1.7972 | lr 9.03e-06
step    150 | train_loss 2.3355 | lr 8.84e-06
step    150 | val_loss 2.2825 | val_ppl 9.80
step    160 | train_loss 2.2274 | lr 8.65e-06
step    170 | train_loss 1.7838 | lr 8.44e-06
step    180 | train_loss 2.4371 | lr 8.22e-06
step    190 | train_loss 2.0614 | lr 7.98e-06
step    200 | train_loss 2.1501 | lr 7.74e-06
step    210 | train_loss 1.8237 | lr 7.49e-06
step    220 | train_loss 2.1601 | lr 7.23e-06
step    225 | val_loss 2.2392 | val_ppl 9.39
step    230 | train_loss 1.7696 | lr 6.97e-06
step    240 | train_loss 2.1819 | lr 6.69e-06
step    250 | train_loss 2.0843 | lr 6.42e-06
step    260 | train_loss 2.0622 | lr 6.14e-06
step    270 | train_loss 1.9708 | lr 5.86e-06
step    280 | train_loss 2.2020 | lr 5.57e-06
step    290 | train_loss 2.0548 | lr 5.29e-06
step    300 | train_loss 2.3362 | lr 5.00e-06
step    300 | val_loss 2.2084 | val_ppl 9.10
step    310 | train_loss 2.2523 | lr 4.72e-06
step    320 | train_loss 2.0078 | lr 4.44e-06
step    330 | train_loss 2.4120 | lr 4.17e-06
step    340 | train_loss 2.0850 | lr 3.90e-06
step    350 | train_loss 2.2952 | lr 3.64e-06
step    360 | train_loss 1.7763 | lr 3.38e-06
step    370 | train_loss 2.4098 | lr 3.14e-06
step    375 | val_loss 2.1927 | val_ppl 8.96
step    380 | train_loss 2.3349 | lr 2.90e-06
step    390 | train_loss 1.8504 | lr 2.67e-06
step    400 | train_loss 2.1058 | lr 2.46e-06
step    410 | train_loss 1.9248 | lr 2.25e-06
step    420 | train_loss 2.0832 | lr 2.06e-06
step    430 | train_loss 2.0465 | lr 1.89e-06
step    440 | train_loss 2.1369 | lr 1.72e-06
step    450 | train_loss 2.0679 | lr 1.58e-06
step    450 | val_loss 2.1816 | val_ppl 8.86
step    460 | train_loss 1.6761 | lr 1.45e-06
step    470 | train_loss 2.1538 | lr 1.33e-06
step    480 | train_loss 2.3585 | lr 1.23e-06
step    490 | train_loss 2.4925 | lr 1.15e-06
step    500 | train_loss 2.0426 | lr 1.09e-06
step    510 | train_loss 1.9174 | lr 1.04e-06
step    520 | train_loss 1.8330 | lr 1.01e-06
step    525 | val_loss 2.1771 | val_ppl 8.82
step    530 | train_loss 2.0823 | lr 1.00e-06
step    530 | val_loss 2.1768 | val_ppl 8.82
Saved checkpoint to /home/system/projects/AuthLLM/checkpoints/lr_scaling/alpaca_short_unpacked_530_lr1e-05_seed1337/step_530.pt
