Data: 16,956 train / 346 val examples (0 dropped as longer than 512 tokens)
Packing: 16,956 examples into 3,761 windows (4.5 per window, 98.7% of positions used)
Model: medium (123,587,328 parameters), initialized from /home/system/projects/AuthLLM/checkpoints/medium/step_20000.pt (step 20000)
step     10 | train_loss 2.2098 | lr 1.50e-04
step     16 | val_loss 2.2703 | val_ppl 9.68
step     20 | train_loss 2.2389 | lr 1.46e-04
step     30 | train_loss 2.1541 | lr 1.37e-04
step     32 | val_loss 2.2172 | val_ppl 9.18
step     40 | train_loss 2.2515 | lr 1.24e-04
step     48 | val_loss 2.1841 | val_ppl 8.88
step     50 | train_loss 2.0808 | lr 1.08e-04
step     60 | train_loss 2.0709 | lr 8.92e-05
step     64 | val_loss 2.1590 | val_ppl 8.66
step     70 | train_loss 2.1815 | lr 7.02e-05
step     80 | train_loss 2.2435 | lr 5.21e-05
step     80 | val_loss 2.1407 | val_ppl 8.51
step     90 | train_loss 2.1570 | lr 3.65e-05
step     96 | val_loss 2.1250 | val_ppl 8.37
step    100 | train_loss 2.1449 | lr 2.45e-05
step    110 | train_loss 2.1866 | lr 1.72e-05
step    112 | val_loss 2.1167 | val_ppl 8.30
step    118 | train_loss 1.9910 | lr 1.50e-05
step    118 | val_loss 2.1145 | val_ppl 8.29
Saved checkpoint to /home/system/projects/AuthLLM/checkpoints/lr_scaling/alpaca_third_packed_118_lr0.00015_seed1339/step_118.pt
