Data: 16,956 train / 346 val examples (0 dropped as longer than 512 tokens)
Model: medium (123,587,328 parameters), initialized from /home/system/projects/AuthLLM/checkpoints/medium/step_20000.pt (step 20000)
step     10 | train_loss 2.4323 | lr 9.09e-06
step     20 | train_loss 2.4731 | lr 1.82e-05
step     30 | train_loss 2.2969 | lr 2.73e-05
step     40 | train_loss 2.3936 | lr 3.00e-05
step     50 | train_loss 2.5299 | lr 2.99e-05
step     60 | train_loss 2.1801 | lr 2.98e-05
step     70 | train_loss 2.1329 | lr 2.97e-05
step     75 | val_loss 2.2072 | val_ppl 9.09
step     80 | train_loss 2.1652 | lr 2.94e-05
step     90 | train_loss 2.1406 | lr 2.92e-05
step    100 | train_loss 2.2927 | lr 2.88e-05
step    110 | train_loss 2.0474 | lr 2.85e-05
step    120 | train_loss 2.2731 | lr 2.81e-05
step    130 | train_loss 2.0764 | lr 2.76e-05
step    140 | train_loss 2.2582 | lr 2.71e-05
step    150 | train_loss 2.2953 | lr 2.65e-05
step    150 | val_loss 2.1635 | val_ppl 8.70
step    160 | train_loss 2.0385 | lr 2.59e-05
step    170 | train_loss 2.1170 | lr 2.53e-05
step    180 | train_loss 2.2125 | lr 2.46e-05
step    190 | train_loss 2.2665 | lr 2.40e-05
step    200 | train_loss 2.2016 | lr 2.32e-05
step    210 | train_loss 2.1603 | lr 2.25e-05
step    220 | train_loss 2.1828 | lr 2.17e-05
step    225 | val_loss 2.1388 | val_ppl 8.49
step    230 | train_loss 2.2984 | lr 2.09e-05
step    240 | train_loss 2.3326 | lr 2.01e-05
step    250 | train_loss 1.9548 | lr 1.93e-05
step    260 | train_loss 2.1171 | lr 1.84e-05
step    270 | train_loss 2.0361 | lr 1.76e-05
step    280 | train_loss 2.0337 | lr 1.67e-05
step    290 | train_loss 2.0455 | lr 1.59e-05
step    300 | train_loss 2.0048 | lr 1.50e-05
step    300 | val_loss 2.1255 | val_ppl 8.38
step    310 | train_loss 2.1314 | lr 1.42e-05
step    320 | train_loss 2.1881 | lr 1.33e-05
step    330 | train_loss 2.0146 | lr 1.25e-05
step    340 | train_loss 2.2124 | lr 1.17e-05
step    350 | train_loss 2.1633 | lr 1.09e-05
step    360 | train_loss 2.2218 | lr 1.01e-05
step    370 | train_loss 2.0976 | lr 9.41e-06
step    375 | val_loss 2.1147 | val_ppl 8.29
step    380 | train_loss 2.2557 | lr 8.70e-06
step    390 | train_loss 2.0134 | lr 8.02e-06
step    400 | train_loss 2.2371 | lr 7.37e-06
step    410 | train_loss 2.1271 | lr 6.76e-06
step    420 | train_loss 1.9035 | lr 6.19e-06
step    430 | train_loss 1.9552 | lr 5.66e-06
step    440 | train_loss 2.1542 | lr 5.17e-06
step    450 | train_loss 2.1970 | lr 4.73e-06
step    450 | val_loss 2.1092 | val_ppl 8.24
step    460 | train_loss 2.0092 | lr 4.34e-06
step    470 | train_loss 2.1342 | lr 3.99e-06
step    480 | train_loss 2.0451 | lr 3.70e-06
step    490 | train_loss 2.0665 | lr 3.45e-06
step    500 | train_loss 2.0780 | lr 3.26e-06
step    510 | train_loss 2.2707 | lr 3.12e-06
step    520 | train_loss 2.0276 | lr 3.03e-06
step    525 | val_loss 2.1061 | val_ppl 8.22
step    530 | train_loss 1.9780 | lr 3.00e-06
step    530 | val_loss 2.1059 | val_ppl 8.21
Saved checkpoint to /home/system/projects/AuthLLM/checkpoints/lr_scaling/alpaca_long_unpacked_530_lr3e-05_seed1339/step_530.pt
