Data: 16,956 train / 346 val examples (0 dropped as longer than 512 tokens)
Packing: 16,956 examples into 6,216 windows (2.7 per window, 91.7% of positions used)
Model: medium (123,587,328 parameters), initialized from /home/system/projects/AuthLLM/checkpoints/medium/step_20000.pt (step 20000)
step     10 | train_loss 2.2259 | lr 2.08e-04
step     20 | train_loss 2.3114 | lr 2.49e-04
step     27 | val_loss 2.2481 | val_ppl 9.47
step     30 | train_loss 2.2890 | lr 2.45e-04
step     40 | train_loss 2.2813 | lr 2.38e-04
step     50 | train_loss 2.2211 | lr 2.28e-04
step     54 | val_loss 2.2143 | val_ppl 9.15
step     60 | train_loss 2.2316 | lr 2.15e-04
step     70 | train_loss 2.2028 | lr 2.00e-04
step     80 | train_loss 2.2224 | lr 1.83e-04
step     81 | val_loss 2.1786 | val_ppl 8.83
step     90 | train_loss 2.1336 | lr 1.64e-04
step    100 | train_loss 2.1272 | lr 1.45e-04
step    108 | val_loss 2.1518 | val_ppl 8.60
step    110 | train_loss 2.1220 | lr 1.26e-04
step    120 | train_loss 2.1977 | lr 1.07e-04
step    130 | train_loss 2.2032 | lr 8.87e-05
step    135 | val_loss 2.1210 | val_ppl 8.34
step    140 | train_loss 2.1084 | lr 7.20e-05
step    150 | train_loss 2.1061 | lr 5.73e-05
step    160 | train_loss 2.0842 | lr 4.49e-05
step    162 | val_loss 2.0992 | val_ppl 8.16
step    170 | train_loss 2.1416 | lr 3.53e-05
step    180 | train_loss 1.9943 | lr 2.88e-05
step    189 | val_loss 2.0861 | val_ppl 8.05
step    190 | train_loss 1.9733 | lr 2.54e-05
step    194 | train_loss 2.0915 | lr 2.50e-05
step    194 | val_loss 2.0841 | val_ppl 8.04
Saved checkpoint to /home/system/projects/AuthLLM/checkpoints/lr_scaling/alpaca_long_packed_194_lr0.00025_seed1339/step_194.pt
