Data: 16,956 train / 346 val examples (0 dropped as longer than 512 tokens)
Model: medium (123,587,328 parameters), initialized from /home/system/projects/AuthLLM/checkpoints/medium/step_20000.pt (step 20000)
step     10 | train_loss 2.3280 | lr 7.58e-05
step     20 | train_loss 2.3116 | lr 1.52e-04
step     30 | train_loss 2.2217 | lr 2.27e-04
step     40 | train_loss 2.3425 | lr 2.50e-04
step     50 | train_loss 2.4524 | lr 2.49e-04
step     60 | train_loss 2.4436 | lr 2.48e-04
step     70 | train_loss 2.1842 | lr 2.47e-04
step     75 | val_loss 2.3841 | val_ppl 10.85
step     80 | train_loss 2.3316 | lr 2.45e-04
step     90 | train_loss 2.3427 | lr 2.43e-04
step    100 | train_loss 2.2387 | lr 2.40e-04
step    110 | train_loss 2.3071 | lr 2.37e-04
step    120 | train_loss 2.4074 | lr 2.34e-04
step    130 | train_loss 2.3433 | lr 2.30e-04
step    140 | train_loss 2.2599 | lr 2.26e-04
step    150 | train_loss 2.4102 | lr 2.21e-04
step    150 | val_loss 2.3945 | val_ppl 10.96
step    160 | train_loss 2.4319 | lr 2.16e-04
step    170 | train_loss 2.2918 | lr 2.11e-04
step    180 | train_loss 2.5692 | lr 2.05e-04
step    190 | train_loss 2.5433 | lr 2.00e-04
step    200 | train_loss 2.5902 | lr 1.94e-04
step    210 | train_loss 2.4455 | lr 1.87e-04
step    220 | train_loss 2.3658 | lr 1.81e-04
step    225 | val_loss 2.3713 | val_ppl 10.71
step    230 | train_loss 2.6373 | lr 1.74e-04
step    240 | train_loss 2.5527 | lr 1.67e-04
step    250 | train_loss 2.2159 | lr 1.60e-04
step    260 | train_loss 2.4251 | lr 1.53e-04
step    270 | train_loss 2.2147 | lr 1.46e-04
step    280 | train_loss 2.3764 | lr 1.39e-04
step    290 | train_loss 2.3291 | lr 1.32e-04
step    300 | train_loss 2.3988 | lr 1.25e-04
step    300 | val_loss 2.3310 | val_ppl 10.29
step    310 | train_loss 2.4485 | lr 1.18e-04
step    320 | train_loss 2.1206 | lr 1.11e-04
step    330 | train_loss 1.9904 | lr 1.04e-04
step    340 | train_loss 2.2358 | lr 9.75e-05
step    350 | train_loss 2.2043 | lr 9.09e-05
step    360 | train_loss 2.4017 | lr 8.46e-05
step    370 | train_loss 2.1702 | lr 7.84e-05
step    375 | val_loss 2.2900 | val_ppl 9.87
step    380 | train_loss 2.5339 | lr 7.25e-05
step    390 | train_loss 2.2015 | lr 6.68e-05
step    400 | train_loss 2.3001 | lr 6.14e-05
step    410 | train_loss 2.3032 | lr 5.63e-05
step    420 | train_loss 2.3558 | lr 5.16e-05
step    430 | train_loss 2.2867 | lr 4.72e-05
step    440 | train_loss 2.2239 | lr 4.31e-05
step    450 | train_loss 2.5018 | lr 3.94e-05
step    450 | val_loss 2.2463 | val_ppl 9.45
step    460 | train_loss 2.1610 | lr 3.61e-05
step    470 | train_loss 2.1054 | lr 3.33e-05
step    480 | train_loss 2.2339 | lr 3.08e-05
step    490 | train_loss 2.1535 | lr 2.88e-05
step    500 | train_loss 2.4730 | lr 2.72e-05
step    510 | train_loss 2.2749 | lr 2.60e-05
step    520 | train_loss 2.3708 | lr 2.53e-05
step    525 | val_loss 2.2283 | val_ppl 9.28
step    530 | train_loss 2.2624 | lr 2.50e-05
step    530 | val_loss 2.2271 | val_ppl 9.27
Saved checkpoint to /home/system/projects/AuthLLM/checkpoints/lr_scaling/alpaca_mid_unpacked_530_lr0.00025_seed1337/step_530.pt
