Data: 16,956 train / 346 val examples (0 dropped as longer than 512 tokens)
Model: medium (123,587,328 parameters), initialized from /home/system/projects/AuthLLM/checkpoints/medium/step_20000.pt (step 20000)
step     10 | train_loss 2.3573 | lr 2.73e-05
step     20 | train_loss 2.4219 | lr 5.45e-05
step     30 | train_loss 2.2596 | lr 8.18e-05
step     40 | train_loss 2.3771 | lr 9.00e-05
step     50 | train_loss 2.5204 | lr 8.98e-05
step     60 | train_loss 2.1766 | lr 8.95e-05
step     70 | train_loss 2.1289 | lr 8.90e-05
step     75 | val_loss 2.2042 | val_ppl 9.06
step     80 | train_loss 2.1673 | lr 8.83e-05
step     90 | train_loss 2.1206 | lr 8.75e-05
step    100 | train_loss 2.3201 | lr 8.65e-05
step    110 | train_loss 2.0558 | lr 8.54e-05
step    120 | train_loss 2.2622 | lr 8.42e-05
step    130 | train_loss 2.0824 | lr 8.28e-05
step    140 | train_loss 2.2578 | lr 8.12e-05
step    150 | train_loss 2.3218 | lr 7.96e-05
step    150 | val_loss 2.1740 | val_ppl 8.79
step    160 | train_loss 2.0628 | lr 7.78e-05
step    170 | train_loss 2.1315 | lr 7.59e-05
step    180 | train_loss 2.2271 | lr 7.39e-05
step    190 | train_loss 2.2875 | lr 7.19e-05
step    200 | train_loss 2.2112 | lr 6.97e-05
step    210 | train_loss 2.1686 | lr 6.74e-05
step    220 | train_loss 2.1823 | lr 6.51e-05
step    225 | val_loss 2.1458 | val_ppl 8.55
step    230 | train_loss 2.3091 | lr 6.27e-05
step    240 | train_loss 2.3245 | lr 6.02e-05
step    250 | train_loss 1.9697 | lr 5.78e-05
step    260 | train_loss 2.1242 | lr 5.52e-05
step    270 | train_loss 2.0422 | lr 5.27e-05
step    280 | train_loss 2.0197 | lr 5.01e-05
step    290 | train_loss 2.0194 | lr 4.76e-05
step    300 | train_loss 2.0028 | lr 4.50e-05
step    300 | val_loss 2.1246 | val_ppl 8.37
step    310 | train_loss 2.1403 | lr 4.25e-05
step    320 | train_loss 2.1785 | lr 4.00e-05
step    330 | train_loss 2.0291 | lr 3.75e-05
step    340 | train_loss 2.2126 | lr 3.51e-05
step    350 | train_loss 2.1593 | lr 3.27e-05
step    360 | train_loss 2.2175 | lr 3.04e-05
step    370 | train_loss 2.0677 | lr 2.82e-05
step    375 | val_loss 2.1082 | val_ppl 8.23
step    380 | train_loss 2.2637 | lr 2.61e-05
step    390 | train_loss 2.0014 | lr 2.40e-05
step    400 | train_loss 2.2255 | lr 2.21e-05
step    410 | train_loss 2.1199 | lr 2.03e-05
step    420 | train_loss 1.9078 | lr 1.86e-05
step    430 | train_loss 1.9141 | lr 1.70e-05
step    440 | train_loss 2.1323 | lr 1.55e-05
step    450 | train_loss 2.1930 | lr 1.42e-05
step    450 | val_loss 2.0958 | val_ppl 8.13
step    460 | train_loss 1.9952 | lr 1.30e-05
step    470 | train_loss 2.1323 | lr 1.20e-05
step    480 | train_loss 2.0375 | lr 1.11e-05
step    490 | train_loss 2.0444 | lr 1.04e-05
step    500 | train_loss 2.0716 | lr 9.78e-06
step    510 | train_loss 2.2515 | lr 9.36e-06
step    520 | train_loss 2.0269 | lr 9.10e-06
step    525 | val_loss 2.0901 | val_ppl 8.09
step    530 | train_loss 1.9209 | lr 9.00e-06
step    530 | val_loss 2.0895 | val_ppl 8.08
Saved checkpoint to /home/system/projects/AuthLLM/checkpoints/lr_scaling/alpaca_long_unpacked_530_lr9e-05_seed1339/step_530.pt
