Data: 50,867 train / 1,039 val examples (68 dropped as longer than 512 tokens)
Packing: 50,867 examples into 11,217 windows (4.5 per window, 98.8% of positions used)
Model: medium (123,587,328 parameters), initialized from /home/system/projects/AuthLLM/checkpoints/medium/step_20000.pt (step 20000)
step     10 | train_loss 2.4613 | lr 2.00e-06
step     20 | train_loss 2.3752 | lr 4.00e-06
step     30 | train_loss 2.4419 | lr 6.00e-06
step     40 | train_loss 2.4388 | lr 8.00e-06
step     50 | train_loss 2.2713 | lr 1.00e-05
step     60 | train_loss 2.2362 | lr 1.20e-05
step     70 | train_loss 2.2426 | lr 1.40e-05
step     80 | train_loss 2.1764 | lr 1.60e-05
step     90 | train_loss 2.2840 | lr 1.80e-05
step    100 | train_loss 2.2383 | lr 2.00e-05
step    110 | train_loss 2.2473 | lr 2.00e-05
step    120 | train_loss 2.1724 | lr 2.00e-05
step    130 | train_loss 2.2253 | lr 2.00e-05
step    140 | train_loss 2.1168 | lr 2.00e-05
step    150 | train_loss 2.0556 | lr 2.00e-05
step    160 | train_loss 2.1682 | lr 1.99e-05
step    170 | train_loss 2.0042 | lr 1.99e-05
step    180 | train_loss 2.1248 | lr 1.99e-05
step    190 | train_loss 2.0777 | lr 1.98e-05
step    200 | train_loss 2.1762 | lr 1.98e-05
step    210 | train_loss 2.2289 | lr 1.98e-05
step    220 | train_loss 1.9669 | lr 1.97e-05
step    228 | val_loss 2.1880 | val_ppl 8.92
step    230 | train_loss 2.1506 | lr 1.97e-05
step    240 | train_loss 2.1384 | lr 1.96e-05
step    250 | train_loss 2.0552 | lr 1.96e-05
step    260 | train_loss 2.1003 | lr 1.95e-05
step    270 | train_loss 2.0692 | lr 1.94e-05
step    280 | train_loss 2.1093 | lr 1.94e-05
step    290 | train_loss 2.1584 | lr 1.93e-05
step    300 | train_loss 2.2064 | lr 1.92e-05
step    310 | train_loss 1.9797 | lr 1.92e-05
step    320 | train_loss 2.1272 | lr 1.91e-05
step    330 | train_loss 2.0868 | lr 1.90e-05
step    340 | train_loss 2.0359 | lr 1.89e-05
step    350 | train_loss 2.1426 | lr 1.88e-05
step    360 | train_loss 2.0929 | lr 1.87e-05
step    370 | train_loss 2.0048 | lr 1.86e-05
step    380 | train_loss 2.0709 | lr 1.85e-05
step    390 | train_loss 1.9856 | lr 1.84e-05
step    400 | train_loss 1.9843 | lr 1.83e-05
step    410 | train_loss 1.9461 | lr 1.82e-05
step    420 | train_loss 2.0460 | lr 1.81e-05
step    430 | train_loss 2.0242 | lr 1.79e-05
step    440 | train_loss 2.0627 | lr 1.78e-05
step    450 | train_loss 1.9990 | lr 1.77e-05
step    456 | val_loss 2.1385 | val_ppl 8.49
step    460 | train_loss 1.9584 | lr 1.76e-05
step    470 | train_loss 1.9267 | lr 1.74e-05
step    480 | train_loss 2.0263 | lr 1.73e-05
step    490 | train_loss 1.9531 | lr 1.72e-05
step    500 | train_loss 2.0116 | lr 1.70e-05
step    510 | train_loss 2.0155 | lr 1.69e-05
step    520 | train_loss 1.9623 | lr 1.68e-05
step    530 | train_loss 2.0430 | lr 1.66e-05
step    540 | train_loss 1.9793 | lr 1.65e-05
step    550 | train_loss 1.9768 | lr 1.63e-05
step    560 | train_loss 1.9669 | lr 1.62e-05
step    570 | train_loss 1.9599 | lr 1.60e-05
step    580 | train_loss 2.0265 | lr 1.58e-05
step    590 | train_loss 2.0143 | lr 1.57e-05
step    600 | train_loss 1.8997 | lr 1.55e-05
step    610 | train_loss 2.0556 | lr 1.54e-05
step    620 | train_loss 1.9775 | lr 1.52e-05
step    630 | train_loss 1.9682 | lr 1.50e-05
step    640 | train_loss 1.9549 | lr 1.48e-05
step    650 | train_loss 1.9247 | lr 1.47e-05
step    660 | train_loss 2.0119 | lr 1.45e-05
step    670 | train_loss 1.8630 | lr 1.43e-05
step    680 | train_loss 1.9414 | lr 1.42e-05
step    684 | val_loss 2.1142 | val_ppl 8.28
step    690 | train_loss 1.9976 | lr 1.40e-05
step    700 | train_loss 2.0238 | lr 1.38e-05
step    710 | train_loss 1.7755 | lr 1.36e-05
step    720 | train_loss 1.8503 | lr 1.34e-05
step    730 | train_loss 1.8569 | lr 1.33e-05
step    740 | train_loss 1.9585 | lr 1.31e-05
step    750 | train_loss 1.9051 | lr 1.29e-05
step    760 | train_loss 1.8449 | lr 1.27e-05
step    770 | train_loss 2.0046 | lr 1.25e-05
step    780 | train_loss 1.8457 | lr 1.23e-05
step    790 | train_loss 1.9659 | lr 1.21e-05
step    800 | train_loss 1.8951 | lr 1.20e-05
step    810 | train_loss 1.9089 | lr 1.18e-05
step    820 | train_loss 1.8308 | lr 1.16e-05
step    830 | train_loss 1.9345 | lr 1.14e-05
step    840 | train_loss 1.8817 | lr 1.12e-05
step    850 | train_loss 1.8963 | lr 1.10e-05
step    860 | train_loss 1.8874 | lr 1.08e-05
step    870 | train_loss 1.8825 | lr 1.06e-05
step    880 | train_loss 1.8449 | lr 1.05e-05
step    890 | train_loss 1.8066 | lr 1.03e-05
step    900 | train_loss 1.8017 | lr 1.01e-05
step    910 | train_loss 1.9640 | lr 9.89e-06
step    912 | val_loss 2.1054 | val_ppl 8.21
step    920 | train_loss 2.0069 | lr 9.70e-06
step    930 | train_loss 1.9063 | lr 9.52e-06
step    940 | train_loss 1.9328 | lr 9.33e-06
step    950 | train_loss 1.7816 | lr 9.15e-06
step    960 | train_loss 1.8780 | lr 8.96e-06
step    970 | train_loss 1.8545 | lr 8.78e-06
step    980 | train_loss 1.9244 | lr 8.60e-06
step    990 | train_loss 1.8727 | lr 8.42e-06
step   1000 | train_loss 1.9388 | lr 8.24e-06
step   1010 | train_loss 1.9717 | lr 8.06e-06
step   1020 | train_loss 1.8927 | lr 7.88e-06
step   1030 | train_loss 1.9098 | lr 7.70e-06
step   1040 | train_loss 1.8172 | lr 7.53e-06
step   1050 | train_loss 1.9360 | lr 7.36e-06
step   1060 | train_loss 1.8895 | lr 7.19e-06
step   1070 | train_loss 1.8264 | lr 7.02e-06
step   1080 | train_loss 1.8530 | lr 6.85e-06
step   1090 | train_loss 1.8668 | lr 6.68e-06
step   1100 | train_loss 1.8911 | lr 6.52e-06
step   1110 | train_loss 1.8430 | lr 6.35e-06
step   1120 | train_loss 1.7997 | lr 6.19e-06
step   1130 | train_loss 1.9023 | lr 6.04e-06
step   1140 | train_loss 1.7676 | lr 5.88e-06
step   1140 | val_loss 2.1020 | val_ppl 8.18
step   1150 | train_loss 1.8734 | lr 5.73e-06
step   1160 | train_loss 1.8770 | lr 5.57e-06
step   1170 | train_loss 1.7698 | lr 5.42e-06
step   1180 | train_loss 1.7543 | lr 5.28e-06
step   1190 | train_loss 1.7943 | lr 5.13e-06
step   1200 | train_loss 1.7639 | lr 4.99e-06
step   1210 | train_loss 1.8811 | lr 4.85e-06
step   1220 | train_loss 1.8865 | lr 4.72e-06
step   1230 | train_loss 1.8819 | lr 4.58e-06
step   1240 | train_loss 1.8429 | lr 4.45e-06
step   1250 | train_loss 1.8156 | lr 4.32e-06
step   1260 | train_loss 1.8554 | lr 4.20e-06
step   1270 | train_loss 1.8308 | lr 4.08e-06
step   1280 | train_loss 1.8932 | lr 3.96e-06
step   1290 | train_loss 1.8335 | lr 3.84e-06
step   1300 | train_loss 1.8042 | lr 3.73e-06
step   1310 | train_loss 1.8276 | lr 3.62e-06
step   1320 | train_loss 1.8870 | lr 3.51e-06
step   1330 | train_loss 1.8713 | lr 3.41e-06
step   1340 | train_loss 1.7948 | lr 3.31e-06
step   1350 | train_loss 1.8190 | lr 3.22e-06
step   1360 | train_loss 1.8224 | lr 3.12e-06
step   1368 | val_loss 2.0982 | val_ppl 8.15
step   1370 | train_loss 1.7739 | lr 3.03e-06
step   1380 | train_loss 1.7547 | lr 2.95e-06
step   1390 | train_loss 1.7564 | lr 2.86e-06
step   1400 | train_loss 1.8655 | lr 2.79e-06
step   1410 | train_loss 1.7137 | lr 2.71e-06
step   1420 | train_loss 1.8828 | lr 2.64e-06
step   1430 | train_loss 1.8262 | lr 2.57e-06
step   1440 | train_loss 1.8215 | lr 2.51e-06
step   1450 | train_loss 1.9251 | lr 2.45e-06
step   1460 | train_loss 1.7179 | lr 2.39e-06
step   1470 | train_loss 1.7533 | lr 2.34e-06
step   1480 | train_loss 1.8619 | lr 2.29e-06
step   1490 | train_loss 1.8729 | lr 2.24e-06
step   1500 | train_loss 1.7846 | lr 2.20e-06
step   1510 | train_loss 1.8516 | lr 2.16e-06
step   1520 | train_loss 1.7773 | lr 2.13e-06
step   1530 | train_loss 1.8987 | lr 2.10e-06
step   1540 | train_loss 1.8571 | lr 2.07e-06
step   1550 | train_loss 1.8204 | lr 2.05e-06
step   1560 | train_loss 1.7915 | lr 2.03e-06
step   1570 | train_loss 1.7331 | lr 2.02e-06
step   1580 | train_loss 1.7400 | lr 2.01e-06
step   1590 | train_loss 1.9173 | lr 2.00e-06
step   1596 | val_loss 2.0985 | val_ppl 8.15
step   1600 | train_loss 1.8280 | lr 2.00e-06
step   1600 | val_loss 2.0987 | val_ppl 8.16
Saved checkpoint to /home/system/projects/AuthLLM/checkpoints/lr_scaling/alpaca_packed_1600_lr2e-05_seed1339/step_1600.pt
