Data: 50,868 train / 1,038 val examples (68 dropped as longer than 512 tokens)
Model: small (29,938,560 parameters), initialized from checkpoints/small/step_18000.pt (step 18000)
step     10 | train_loss 3.3344 | lr 1.00e-06
step     20 | train_loss 3.1897 | lr 2.00e-06
step     30 | train_loss 2.9405 | lr 3.00e-06
step     40 | train_loss 2.8553 | lr 4.00e-06
step     50 | train_loss 2.9563 | lr 5.00e-06
step     60 | train_loss 3.0767 | lr 6.00e-06
step     70 | train_loss 2.5693 | lr 7.00e-06
step     80 | train_loss 2.7340 | lr 8.00e-06
step     90 | train_loss 2.6539 | lr 9.00e-06
step    100 | train_loss 2.7645 | lr 1.00e-05
step    110 | train_loss 2.8928 | lr 1.00e-05
step    120 | train_loss 2.8883 | lr 1.00e-05
step    130 | train_loss 2.6424 | lr 9.99e-06
step    140 | train_loss 2.8794 | lr 9.98e-06
step    150 | train_loss 2.8913 | lr 9.98e-06
step    160 | train_loss 2.7947 | lr 9.97e-06
step    170 | train_loss 2.7799 | lr 9.95e-06
step    180 | train_loss 3.0089 | lr 9.94e-06
step    190 | train_loss 2.9158 | lr 9.92e-06
step    200 | train_loss 2.7404 | lr 9.90e-06
step    210 | train_loss 2.6437 | lr 9.88e-06
step    220 | train_loss 2.7639 | lr 9.86e-06
step    228 | val_loss 2.7489 | val_ppl 15.63
step    230 | train_loss 2.7542 | lr 9.84e-06
step    240 | train_loss 2.7836 | lr 9.81e-06
step    250 | train_loss 2.7006 | lr 9.78e-06
step    260 | train_loss 2.6629 | lr 9.75e-06
step    270 | train_loss 2.6985 | lr 9.72e-06
step    280 | train_loss 2.7452 | lr 9.69e-06
step    290 | train_loss 2.6208 | lr 9.65e-06
step    300 | train_loss 2.7892 | lr 9.61e-06
step    310 | train_loss 2.7990 | lr 9.58e-06
step    320 | train_loss 2.6957 | lr 9.53e-06
step    330 | train_loss 3.0820 | lr 9.49e-06
step    340 | train_loss 2.6020 | lr 9.45e-06
step    350 | train_loss 2.7962 | lr 9.40e-06
step    360 | train_loss 2.7413 | lr 9.35e-06
step    370 | train_loss 2.5924 | lr 9.30e-06
step    380 | train_loss 2.7026 | lr 9.25e-06
step    390 | train_loss 2.8283 | lr 9.20e-06
step    400 | train_loss 2.6471 | lr 9.15e-06
step    410 | train_loss 2.7065 | lr 9.09e-06
step    420 | train_loss 2.7929 | lr 9.03e-06
step    430 | train_loss 2.7448 | lr 8.97e-06
step    440 | train_loss 2.7397 | lr 8.91e-06
step    450 | train_loss 2.9205 | lr 8.85e-06
step    456 | val_loss 2.6927 | val_ppl 14.77
step    460 | train_loss 2.5042 | lr 8.79e-06
step    470 | train_loss 2.9110 | lr 8.72e-06
step    480 | train_loss 2.8317 | lr 8.66e-06
step    490 | train_loss 2.8294 | lr 8.59e-06
step    500 | train_loss 2.5844 | lr 8.52e-06
step    510 | train_loss 2.7355 | lr 8.45e-06
step    520 | train_loss 2.7435 | lr 8.38e-06
step    530 | train_loss 2.5323 | lr 8.30e-06
step    540 | train_loss 2.7794 | lr 8.23e-06
step    550 | train_loss 2.7012 | lr 8.15e-06
step    560 | train_loss 2.6990 | lr 8.08e-06
step    570 | train_loss 2.5809 | lr 8.00e-06
step    580 | train_loss 2.7319 | lr 7.92e-06
step    590 | train_loss 2.5938 | lr 7.84e-06
step    600 | train_loss 2.5885 | lr 7.76e-06
step    610 | train_loss 2.7136 | lr 7.68e-06
step    620 | train_loss 2.7760 | lr 7.59e-06
step    630 | train_loss 2.5827 | lr 7.51e-06
step    640 | train_loss 2.7968 | lr 7.42e-06
step    650 | train_loss 2.7952 | lr 7.34e-06
step    660 | train_loss 2.6832 | lr 7.25e-06
step    670 | train_loss 2.7153 | lr 7.17e-06
step    680 | train_loss 2.4153 | lr 7.08e-06
step    684 | val_loss 2.6634 | val_ppl 14.34
step    690 | train_loss 2.6981 | lr 6.99e-06
step    700 | train_loss 2.6553 | lr 6.90e-06
step    710 | train_loss 2.6303 | lr 6.81e-06
step    720 | train_loss 2.6365 | lr 6.72e-06
step    730 | train_loss 2.6930 | lr 6.63e-06
step    740 | train_loss 2.6828 | lr 6.54e-06
step    750 | train_loss 2.5821 | lr 6.44e-06
step    760 | train_loss 2.6517 | lr 6.35e-06
step    770 | train_loss 2.6963 | lr 6.26e-06
step    780 | train_loss 2.6984 | lr 6.17e-06
step    790 | train_loss 3.0056 | lr 6.07e-06
step    800 | train_loss 2.5963 | lr 5.98e-06
step    810 | train_loss 2.6205 | lr 5.89e-06
step    820 | train_loss 2.5337 | lr 5.79e-06
step    830 | train_loss 2.6991 | lr 5.70e-06
step    840 | train_loss 2.5911 | lr 5.60e-06
step    850 | train_loss 2.6256 | lr 5.51e-06
step    860 | train_loss 2.5715 | lr 5.42e-06
step    870 | train_loss 2.4143 | lr 5.32e-06
step    880 | train_loss 2.6023 | lr 5.23e-06
step    890 | train_loss 2.7101 | lr 5.13e-06
step    900 | train_loss 2.9434 | lr 5.04e-06
step    910 | train_loss 2.3235 | lr 4.95e-06
step    912 | val_loss 2.6481 | val_ppl 14.13
step    920 | train_loss 2.5842 | lr 4.85e-06
step    930 | train_loss 2.7287 | lr 4.76e-06
step    940 | train_loss 2.5790 | lr 4.67e-06
step    950 | train_loss 2.8184 | lr 4.57e-06
step    960 | train_loss 2.9711 | lr 4.48e-06
step    970 | train_loss 2.6692 | lr 4.39e-06
step    980 | train_loss 2.6931 | lr 4.30e-06
step    990 | train_loss 2.7069 | lr 4.21e-06
step   1000 | train_loss 2.3280 | lr 4.12e-06
step   1010 | train_loss 2.7409 | lr 4.03e-06
step   1020 | train_loss 2.5556 | lr 3.94e-06
step   1030 | train_loss 2.8247 | lr 3.85e-06
step   1040 | train_loss 2.8708 | lr 3.76e-06
step   1050 | train_loss 2.6732 | lr 3.68e-06
step   1060 | train_loss 2.8827 | lr 3.59e-06
step   1070 | train_loss 2.6374 | lr 3.51e-06
step   1080 | train_loss 2.4812 | lr 3.42e-06
step   1090 | train_loss 2.6601 | lr 3.34e-06
step   1100 | train_loss 2.4387 | lr 3.26e-06
step   1110 | train_loss 2.6723 | lr 3.18e-06
step   1120 | train_loss 2.6331 | lr 3.10e-06
step   1130 | train_loss 2.5603 | lr 3.02e-06
step   1140 | train_loss 2.6330 | lr 2.94e-06
step   1140 | val_loss 2.6366 | val_ppl 13.97
step   1150 | train_loss 2.9281 | lr 2.86e-06
step   1160 | train_loss 2.8195 | lr 2.79e-06
step   1170 | train_loss 2.8054 | lr 2.71e-06
step   1180 | train_loss 2.3849 | lr 2.64e-06
step   1190 | train_loss 2.7617 | lr 2.57e-06
step   1200 | train_loss 2.8138 | lr 2.50e-06
step   1210 | train_loss 2.4226 | lr 2.43e-06
step   1220 | train_loss 2.6021 | lr 2.36e-06
step   1230 | train_loss 2.6900 | lr 2.29e-06
step   1240 | train_loss 2.5844 | lr 2.23e-06
step   1250 | train_loss 2.7550 | lr 2.16e-06
step   1260 | train_loss 2.5277 | lr 2.10e-06
step   1270 | train_loss 2.5714 | lr 2.04e-06
step   1280 | train_loss 2.7331 | lr 1.98e-06
step   1290 | train_loss 2.3954 | lr 1.92e-06
step   1300 | train_loss 3.0104 | lr 1.86e-06
step   1310 | train_loss 2.5123 | lr 1.81e-06
step   1320 | train_loss 2.4724 | lr 1.76e-06
step   1330 | train_loss 2.9478 | lr 1.71e-06
step   1340 | train_loss 2.6349 | lr 1.66e-06
step   1350 | train_loss 2.6791 | lr 1.61e-06
step   1360 | train_loss 2.9223 | lr 1.56e-06
step   1368 | val_loss 2.6299 | val_ppl 13.87
step   1370 | train_loss 2.5803 | lr 1.52e-06
step   1380 | train_loss 2.7497 | lr 1.47e-06
step   1390 | train_loss 2.4232 | lr 1.43e-06
step   1400 | train_loss 2.7873 | lr 1.39e-06
step   1410 | train_loss 2.5483 | lr 1.36e-06
step   1420 | train_loss 2.6762 | lr 1.32e-06
step   1430 | train_loss 2.7269 | lr 1.29e-06
step   1440 | train_loss 2.7093 | lr 1.25e-06
step   1450 | train_loss 2.5969 | lr 1.22e-06
step   1460 | train_loss 2.6726 | lr 1.19e-06
step   1470 | train_loss 2.6206 | lr 1.17e-06
step   1480 | train_loss 2.5282 | lr 1.14e-06
step   1490 | train_loss 2.8248 | lr 1.12e-06
step   1500 | train_loss 2.6921 | lr 1.10e-06
step   1510 | train_loss 2.3828 | lr 1.08e-06
step   1520 | train_loss 2.6078 | lr 1.06e-06
step   1530 | train_loss 2.6900 | lr 1.05e-06
step   1540 | train_loss 2.5930 | lr 1.04e-06
step   1550 | train_loss 2.6997 | lr 1.03e-06
step   1560 | train_loss 2.5415 | lr 1.02e-06
step   1570 | train_loss 2.4827 | lr 1.01e-06
step   1580 | train_loss 2.6036 | lr 1.00e-06
step   1590 | train_loss 2.7361 | lr 1.00e-06
step   1596 | val_loss 2.6276 | val_ppl 13.84
step   1600 | train_loss 2.7253 | lr 1.00e-06
step   1600 | val_loss 2.6275 | val_ppl 13.84
Saved checkpoint to /home/system/projects/AuthLLM/checkpoints/lr_scaling/alpaca_unpacked_1600_lr1e-05_seed1337/step_1600.pt
