Data: 16,956 train / 346 val examples (0 dropped as longer than 512 tokens)
Packing: 16,956 examples into 3,761 windows (4.5 per window, 98.7% of positions used)
Model: medium (123,587,328 parameters), initialized from /home/system/projects/AuthLLM/checkpoints/medium/step_20000.pt (step 20000)
step     10 | train_loss 2.2190 | lr 8.99e-05
step     16 | val_loss 2.2617 | val_ppl 9.60
step     20 | train_loss 2.2293 | lr 8.77e-05
step     30 | train_loss 2.1351 | lr 8.24e-05
step     32 | val_loss 2.2022 | val_ppl 9.05
step     40 | train_loss 2.2379 | lr 7.45e-05
step     48 | val_loss 2.1709 | val_ppl 8.77
step     50 | train_loss 2.0646 | lr 6.46e-05
step     60 | train_loss 2.0623 | lr 5.35e-05
step     64 | val_loss 2.1493 | val_ppl 8.58
step     70 | train_loss 2.1698 | lr 4.21e-05
step     80 | train_loss 2.2358 | lr 3.13e-05
step     80 | val_loss 2.1358 | val_ppl 8.46
step     90 | train_loss 2.1534 | lr 2.19e-05
step     96 | val_loss 2.1261 | val_ppl 8.38
step    100 | train_loss 2.1429 | lr 1.47e-05
step    110 | train_loss 2.1840 | lr 1.03e-05
step    112 | val_loss 2.1199 | val_ppl 8.33
step    118 | train_loss 2.0044 | lr 9.02e-06
step    118 | val_loss 2.1183 | val_ppl 8.32
Saved checkpoint to /home/system/projects/AuthLLM/checkpoints/lr_scaling/alpaca_third_packed_118_lr9e-05_seed1339/step_118.pt
