Data: 16,956 train / 346 val examples (0 dropped as longer than 512 tokens)
Packing: 16,956 examples into 3,763 windows (4.5 per window, 98.7% of positions used)
Model: medium (123,587,328 parameters), initialized from /home/system/projects/AuthLLM/checkpoints/medium/step_20000.pt (step 20000)
step     10 | train_loss 2.6212 | lr 3.00e-06
step     16 | val_loss 2.4072 | val_ppl 11.10
step     20 | train_loss 2.4420 | lr 2.92e-06
step     30 | train_loss 2.4377 | lr 2.75e-06
step     32 | val_loss 2.3275 | val_ppl 10.25
step     40 | train_loss 2.3744 | lr 2.48e-06
step     48 | val_loss 2.2939 | val_ppl 9.91
step     50 | train_loss 2.3411 | lr 2.15e-06
step     60 | train_loss 2.3770 | lr 1.78e-06
step     64 | val_loss 2.2782 | val_ppl 9.76
step     70 | train_loss 2.3205 | lr 1.40e-06
step     80 | train_loss 2.3719 | lr 1.04e-06
step     80 | val_loss 2.2689 | val_ppl 9.67
step     90 | train_loss 2.2683 | lr 7.30e-07
step     96 | val_loss 2.2640 | val_ppl 9.62
step    100 | train_loss 2.3143 | lr 4.91e-07
step    110 | train_loss 2.2255 | lr 3.44e-07
step    112 | val_loss 2.2617 | val_ppl 9.60
step    118 | train_loss 2.3559 | lr 3.01e-07
step    118 | val_loss 2.2611 | val_ppl 9.59
Saved checkpoint to /home/system/projects/AuthLLM/checkpoints/lr_scaling/alpaca_third_packed_118_lr3e-06_seed1337/step_118.pt
