Data: 50,869 train / 1,037 val examples (68 dropped as longer than 512 tokens)
Model: medium (123,587,328 parameters), initialized from /home/system/projects/AuthLLM/checkpoints/medium/step_20000.pt (step 20000)
step     10 | train_loss 2.2977 | lr 4.09e-05
step     20 | train_loss 2.2538 | lr 8.18e-05
step     30 | train_loss 2.1526 | lr 8.99e-05
step     40 | train_loss 2.2309 | lr 8.95e-05
step     50 | train_loss 2.1126 | lr 8.87e-05
step     50 | val_loss 2.1335 | val_ppl 8.44
step     60 | train_loss 2.1177 | lr 8.75e-05
step     70 | train_loss 2.0978 | lr 8.60e-05
step     80 | train_loss 2.0372 | lr 8.41e-05
step     90 | train_loss 2.1161 | lr 8.19e-05
step    100 | train_loss 2.1839 | lr 7.95e-05
step    100 | val_loss 2.0772 | val_ppl 7.98
step    110 | train_loss 2.1457 | lr 7.67e-05
step    120 | train_loss 2.1123 | lr 7.37e-05
step    130 | train_loss 2.0700 | lr 7.05e-05
step    140 | train_loss 2.0269 | lr 6.71e-05
step    150 | train_loss 2.1255 | lr 6.36e-05
step    150 | val_loss 2.0402 | val_ppl 7.69
step    160 | train_loss 2.1065 | lr 5.99e-05
step    170 | train_loss 2.1377 | lr 5.61e-05
step    180 | train_loss 2.0615 | lr 5.22e-05
step    190 | train_loss 2.0651 | lr 4.83e-05
step    200 | train_loss 2.0305 | lr 4.45e-05
step    200 | val_loss 2.0206 | val_ppl 7.54
step    210 | train_loss 2.0793 | lr 4.07e-05
step    220 | train_loss 2.1049 | lr 3.69e-05
step    230 | train_loss 2.1168 | lr 3.33e-05
step    240 | train_loss 2.1799 | lr 2.98e-05
step    250 | train_loss 2.0804 | lr 2.65e-05
step    250 | val_loss 2.0056 | val_ppl 7.43
step    260 | train_loss 1.9488 | lr 2.34e-05
step    270 | train_loss 2.0604 | lr 2.06e-05
step    280 | train_loss 2.1331 | lr 1.80e-05
step    290 | train_loss 2.0620 | lr 1.57e-05
step    300 | train_loss 2.1229 | lr 1.37e-05
step    300 | val_loss 1.9940 | val_ppl 7.35
step    310 | train_loss 2.0962 | lr 1.21e-05
step    320 | train_loss 2.0266 | lr 1.08e-05
step    330 | train_loss 2.0430 | lr 9.82e-06
step    340 | train_loss 1.8718 | lr 9.22e-06
step    350 | train_loss 2.0005 | lr 9.00e-06
step    350 | val_loss 1.9888 | val_ppl 7.31
Saved checkpoint to /home/system/projects/AuthLLM/checkpoints/lr_scaling/alpaca_wide_350_lr9e-05_seed1338/step_350.pt
