Data: 50,869 train / 1,037 val examples (68 dropped as longer than 512 tokens)
Model: medium (123,587,328 parameters), initialized from /home/system/projects/AuthLLM/checkpoints/medium/step_20000.pt (step 20000)
step     10 | train_loss 2.5383 | lr 2.73e-05
step     20 | train_loss 2.1994 | lr 5.45e-05
step     30 | train_loss 2.2389 | lr 5.99e-05
step     40 | train_loss 2.4257 | lr 5.96e-05
step     50 | train_loss 2.4740 | lr 5.91e-05
step     50 | val_loss 2.2061 | val_ppl 9.08
step     60 | train_loss 2.3737 | lr 5.83e-05
step     70 | train_loss 2.0820 | lr 5.73e-05
step     80 | train_loss 2.1792 | lr 5.61e-05
step     90 | train_loss 2.2695 | lr 5.46e-05
step    100 | train_loss 2.3465 | lr 5.30e-05
step    100 | val_loss 2.1649 | val_ppl 8.71
step    110 | train_loss 2.1669 | lr 5.12e-05
step    120 | train_loss 2.1508 | lr 4.92e-05
step    130 | train_loss 2.0096 | lr 4.70e-05
step    140 | train_loss 2.1321 | lr 4.47e-05
step    150 | train_loss 2.1692 | lr 4.24e-05
step    150 | val_loss 2.1447 | val_ppl 8.54
step    160 | train_loss 2.0547 | lr 3.99e-05
step    170 | train_loss 2.3597 | lr 3.74e-05
step    180 | train_loss 2.3193 | lr 3.48e-05
step    190 | train_loss 2.3345 | lr 3.22e-05
step    200 | train_loss 2.0618 | lr 2.96e-05
step    200 | val_loss 2.1317 | val_ppl 8.43
step    210 | train_loss 2.2389 | lr 2.71e-05
step    220 | train_loss 2.2273 | lr 2.46e-05
step    230 | train_loss 2.0771 | lr 2.22e-05
step    240 | train_loss 2.2127 | lr 1.99e-05
step    250 | train_loss 2.0897 | lr 1.77e-05
step    250 | val_loss 2.1152 | val_ppl 8.29
step    260 | train_loss 2.3269 | lr 1.56e-05
step    270 | train_loss 2.0637 | lr 1.37e-05
step    280 | train_loss 2.1211 | lr 1.20e-05
step    290 | train_loss 1.8440 | lr 1.05e-05
step    300 | train_loss 2.2677 | lr 9.16e-06
step    300 | val_loss 2.1061 | val_ppl 8.22
step    310 | train_loss 2.2958 | lr 8.06e-06
step    320 | train_loss 2.0625 | lr 7.18e-06
step    330 | train_loss 2.1229 | lr 6.54e-06
step    340 | train_loss 2.0257 | lr 6.15e-06
step    350 | train_loss 2.2014 | lr 6.00e-06
step    350 | val_loss 2.1006 | val_ppl 8.17
Saved checkpoint to /home/system/projects/AuthLLM/checkpoints/lr_scaling/alpaca_unpacked_350_lr6e-05_seed1338/step_350.pt
