Data: 16,956 train / 346 val examples (0 dropped as longer than 512 tokens)
Model: medium (123,587,328 parameters), initialized from /home/system/projects/AuthLLM/checkpoints/medium/step_20000.pt (step 20000)
step     10 | train_loss 2.4597 | lr 4.55e-05
step     20 | train_loss 2.1176 | lr 9.09e-05
step     30 | train_loss 2.1822 | lr 1.36e-04
step     40 | train_loss 2.2430 | lr 1.50e-04
step     50 | train_loss 2.0924 | lr 1.50e-04
step     60 | train_loss 2.5005 | lr 1.49e-04
step     70 | train_loss 2.3073 | lr 1.48e-04
step     75 | val_loss 2.2295 | val_ppl 9.30
step     80 | train_loss 2.2187 | lr 1.47e-04
step     90 | train_loss 2.3884 | lr 1.46e-04
step    100 | train_loss 2.4924 | lr 1.44e-04
step    110 | train_loss 2.3511 | lr 1.42e-04
step    120 | train_loss 2.0721 | lr 1.40e-04
step    130 | train_loss 2.0615 | lr 1.38e-04
step    140 | train_loss 2.3139 | lr 1.35e-04
step    150 | train_loss 2.2558 | lr 1.33e-04
step    150 | val_loss 2.2062 | val_ppl 9.08
step    160 | train_loss 2.3259 | lr 1.30e-04
step    170 | train_loss 2.1751 | lr 1.27e-04
step    180 | train_loss 2.3323 | lr 1.23e-04
step    190 | train_loss 2.0888 | lr 1.20e-04
step    200 | train_loss 2.1733 | lr 1.16e-04
step    210 | train_loss 2.2780 | lr 1.12e-04
step    220 | train_loss 2.2196 | lr 1.08e-04
step    225 | val_loss 2.1741 | val_ppl 8.79
step    230 | train_loss 2.2641 | lr 1.04e-04
step    240 | train_loss 2.3115 | lr 1.00e-04
step    250 | train_loss 2.2864 | lr 9.63e-05
step    260 | train_loss 2.2703 | lr 9.21e-05
step    270 | train_loss 2.1749 | lr 8.78e-05
step    280 | train_loss 2.2122 | lr 8.36e-05
step    290 | train_loss 2.2403 | lr 7.93e-05
step    300 | train_loss 2.3016 | lr 7.50e-05
step    300 | val_loss 2.1393 | val_ppl 8.49
step    310 | train_loss 2.1965 | lr 7.08e-05
step    320 | train_loss 2.1166 | lr 6.66e-05
step    330 | train_loss 2.1995 | lr 6.25e-05
step    340 | train_loss 2.1810 | lr 5.85e-05
step    350 | train_loss 2.3253 | lr 5.46e-05
step    360 | train_loss 2.2418 | lr 5.07e-05
step    370 | train_loss 2.2387 | lr 4.70e-05
step    375 | val_loss 2.1168 | val_ppl 8.30
step    380 | train_loss 2.2181 | lr 4.35e-05
step    390 | train_loss 2.2275 | lr 4.01e-05
step    400 | train_loss 2.1189 | lr 3.68e-05
step    410 | train_loss 2.1896 | lr 3.38e-05
step    420 | train_loss 2.0553 | lr 3.09e-05
step    430 | train_loss 2.1671 | lr 2.83e-05
step    440 | train_loss 2.1505 | lr 2.59e-05
step    450 | train_loss 2.1366 | lr 2.37e-05
step    450 | val_loss 2.0958 | val_ppl 8.13
step    460 | train_loss 2.0856 | lr 2.17e-05
step    470 | train_loss 2.2100 | lr 2.00e-05
step    480 | train_loss 2.0801 | lr 1.85e-05
step    490 | train_loss 2.1162 | lr 1.73e-05
step    500 | train_loss 2.0321 | lr 1.63e-05
step    510 | train_loss 2.1316 | lr 1.56e-05
step    520 | train_loss 2.0457 | lr 1.52e-05
step    525 | val_loss 2.0848 | val_ppl 8.04
step    530 | train_loss 2.2063 | lr 1.50e-05
step    530 | val_loss 2.0845 | val_ppl 8.04
Saved checkpoint to /home/system/projects/AuthLLM/checkpoints/lr_scaling/alpaca_long_unpacked_530_lr0.00015_seed1337/step_530.pt
