Data: 16,956 train / 346 val examples (0 dropped as longer than 512 tokens)
Model: medium (123,587,328 parameters), initialized from /home/system/projects/AuthLLM/checkpoints/medium/step_20000.pt (step 20000)
step     10 | train_loss 2.3631 | lr 4.55e-05
step     20 | train_loss 2.3179 | lr 9.09e-05
step     30 | train_loss 2.1834 | lr 1.36e-04
step     40 | train_loss 2.2584 | lr 1.50e-04
step     50 | train_loss 2.3507 | lr 1.50e-04
step     60 | train_loss 2.3111 | lr 1.49e-04
step     70 | train_loss 2.0733 | lr 1.48e-04
step     75 | val_loss 2.2530 | val_ppl 9.52
step     80 | train_loss 2.2107 | lr 1.47e-04
step     90 | train_loss 2.1832 | lr 1.46e-04
step    100 | train_loss 2.1193 | lr 1.44e-04
step    110 | train_loss 2.1418 | lr 1.42e-04
step    120 | train_loss 2.2435 | lr 1.40e-04
step    130 | train_loss 2.1798 | lr 1.38e-04
step    140 | train_loss 2.1073 | lr 1.35e-04
step    150 | train_loss 2.2462 | lr 1.33e-04
step    150 | val_loss 2.2370 | val_ppl 9.37
step    160 | train_loss 2.2710 | lr 1.30e-04
step    170 | train_loss 2.1107 | lr 1.27e-04
step    180 | train_loss 2.3930 | lr 1.23e-04
step    190 | train_loss 2.3665 | lr 1.20e-04
step    200 | train_loss 2.4290 | lr 1.16e-04
step    210 | train_loss 2.3058 | lr 1.12e-04
step    220 | train_loss 2.2099 | lr 1.08e-04
step    225 | val_loss 2.2178 | val_ppl 9.19
step    230 | train_loss 2.4695 | lr 1.04e-04
step    240 | train_loss 2.3691 | lr 1.00e-04
step    250 | train_loss 2.0381 | lr 9.63e-05
step    260 | train_loss 2.2722 | lr 9.21e-05
step    270 | train_loss 2.0755 | lr 8.78e-05
step    280 | train_loss 2.2153 | lr 8.36e-05
step    290 | train_loss 2.1728 | lr 7.93e-05
step    300 | train_loss 2.2671 | lr 7.50e-05
step    300 | val_loss 2.1881 | val_ppl 8.92
step    310 | train_loss 2.2977 | lr 7.08e-05
step    320 | train_loss 2.0149 | lr 6.66e-05
step    330 | train_loss 1.8851 | lr 6.25e-05
step    340 | train_loss 2.1193 | lr 5.85e-05
step    350 | train_loss 2.0483 | lr 5.46e-05
step    360 | train_loss 2.2732 | lr 5.07e-05
step    370 | train_loss 2.0561 | lr 4.70e-05
step    375 | val_loss 2.1661 | val_ppl 8.72
step    380 | train_loss 2.3735 | lr 4.35e-05
step    390 | train_loss 2.1018 | lr 4.01e-05
step    400 | train_loss 2.1686 | lr 3.68e-05
step    410 | train_loss 2.2087 | lr 3.38e-05
step    420 | train_loss 2.2223 | lr 3.09e-05
step    430 | train_loss 2.1483 | lr 2.83e-05
step    440 | train_loss 2.1044 | lr 2.59e-05
step    450 | train_loss 2.3612 | lr 2.37e-05
step    450 | val_loss 2.1392 | val_ppl 8.49
step    460 | train_loss 2.0413 | lr 2.17e-05
step    470 | train_loss 2.0088 | lr 2.00e-05
step    480 | train_loss 2.1408 | lr 1.85e-05
step    490 | train_loss 2.0534 | lr 1.73e-05
step    500 | train_loss 2.3600 | lr 1.63e-05
step    510 | train_loss 2.1733 | lr 1.56e-05
step    520 | train_loss 2.2441 | lr 1.52e-05
step    525 | val_loss 2.1290 | val_ppl 8.41
step    530 | train_loss 2.1593 | lr 1.50e-05
step    530 | val_loss 2.1282 | val_ppl 8.40
Saved checkpoint to /home/system/projects/AuthLLM/checkpoints/lr_scaling/alpaca_mid_unpacked_530_lr0.00015_seed1337/step_530.pt
