Data: 50,867 train / 1,039 val examples (68 dropped as longer than 512 tokens)
Model: medium (123,587,328 parameters), initialized from /home/system/projects/AuthLLM/checkpoints/medium/step_20000.pt (step 20000)
step     10 | train_loss 2.5118 | lr 2.73e-05
step     20 | train_loss 2.1933 | lr 5.45e-05
step     30 | train_loss 2.3382 | lr 5.99e-05
step     40 | train_loss 2.4614 | lr 5.96e-05
step     50 | train_loss 2.3868 | lr 5.91e-05
step     50 | val_loss 2.3179 | val_ppl 10.15
step     60 | train_loss 2.1917 | lr 5.83e-05
step     70 | train_loss 2.0262 | lr 5.73e-05
step     80 | train_loss 2.1285 | lr 5.61e-05
step     90 | train_loss 2.4487 | lr 5.46e-05
step    100 | train_loss 2.2917 | lr 5.30e-05
step    100 | val_loss 2.2817 | val_ppl 9.79
step    110 | train_loss 2.4013 | lr 5.12e-05
step    120 | train_loss 1.8933 | lr 4.92e-05
step    130 | train_loss 2.0259 | lr 4.70e-05
step    140 | train_loss 2.1002 | lr 4.47e-05
step    150 | train_loss 2.1836 | lr 4.24e-05
step    150 | val_loss 2.2622 | val_ppl 9.60
step    160 | train_loss 2.0979 | lr 3.99e-05
step    170 | train_loss 2.0923 | lr 3.74e-05
step    180 | train_loss 2.2920 | lr 3.48e-05
step    190 | train_loss 2.2588 | lr 3.22e-05
step    200 | train_loss 2.3365 | lr 2.96e-05
step    200 | val_loss 2.2447 | val_ppl 9.44
step    210 | train_loss 2.1419 | lr 2.71e-05
step    220 | train_loss 2.2741 | lr 2.46e-05
step    230 | train_loss 1.9966 | lr 2.22e-05
step    240 | train_loss 2.1327 | lr 1.99e-05
step    250 | train_loss 2.1006 | lr 1.77e-05
step    250 | val_loss 2.2323 | val_ppl 9.32
step    260 | train_loss 2.1498 | lr 1.56e-05
step    270 | train_loss 2.1007 | lr 1.37e-05
step    280 | train_loss 2.1601 | lr 1.20e-05
step    290 | train_loss 2.1322 | lr 1.05e-05
step    300 | train_loss 2.5026 | lr 9.16e-06
step    300 | val_loss 2.2228 | val_ppl 9.23
step    310 | train_loss 2.1645 | lr 8.06e-06
step    320 | train_loss 2.1821 | lr 7.18e-06
step    330 | train_loss 2.0655 | lr 6.54e-06
step    340 | train_loss 2.3729 | lr 6.15e-06
step    350 | train_loss 2.1672 | lr 6.00e-06
step    350 | val_loss 2.2178 | val_ppl 9.19
Saved checkpoint to /home/system/projects/AuthLLM/checkpoints/lr_scaling/alpaca_unpacked_350_lr6e-05_seed1339/step_350.pt
