Data: 50,869 train / 1,037 val examples (68 dropped as longer than 512 tokens)
Packing: 50,869 examples into 11,220 windows (4.5 per window, 98.8% of positions used)
Model: medium (123,587,328 parameters), initialized from /home/system/projects/AuthLLM/checkpoints/medium/step_20000.pt (step 20000)
step     10 | train_loss 2.4675 | lr 1.00e-06
step     20 | train_loss 2.4228 | lr 2.00e-06
step     30 | train_loss 2.4447 | lr 3.00e-06
step     40 | train_loss 2.3422 | lr 4.00e-06
step     50 | train_loss 2.2398 | lr 5.00e-06
step     60 | train_loss 2.3425 | lr 6.00e-06
step     70 | train_loss 2.2759 | lr 7.00e-06
step     80 | train_loss 2.3111 | lr 8.00e-06
step     90 | train_loss 2.4040 | lr 9.00e-06
step    100 | train_loss 2.2628 | lr 1.00e-05
step    110 | train_loss 2.3153 | lr 1.00e-05
step    120 | train_loss 2.1899 | lr 1.00e-05
step    130 | train_loss 2.2591 | lr 9.99e-06
step    140 | train_loss 2.1799 | lr 9.98e-06
step    150 | train_loss 2.2206 | lr 9.98e-06
step    160 | train_loss 2.1419 | lr 9.97e-06
step    170 | train_loss 2.1637 | lr 9.95e-06
step    180 | train_loss 2.1582 | lr 9.94e-06
step    190 | train_loss 2.1347 | lr 9.92e-06
step    200 | train_loss 2.0955 | lr 9.90e-06
step    210 | train_loss 2.1506 | lr 9.88e-06
step    220 | train_loss 2.1409 | lr 9.86e-06
step    228 | val_loss 2.1188 | val_ppl 8.32
step    230 | train_loss 2.1154 | lr 9.84e-06
step    240 | train_loss 2.0999 | lr 9.81e-06
step    250 | train_loss 2.1643 | lr 9.78e-06
step    260 | train_loss 2.1650 | lr 9.75e-06
step    270 | train_loss 2.0899 | lr 9.72e-06
step    280 | train_loss 2.2012 | lr 9.69e-06
step    290 | train_loss 2.1065 | lr 9.65e-06
step    300 | train_loss 2.2282 | lr 9.61e-06
step    310 | train_loss 2.1805 | lr 9.58e-06
step    320 | train_loss 2.1911 | lr 9.53e-06
step    330 | train_loss 2.1798 | lr 9.49e-06
step    340 | train_loss 2.1810 | lr 9.45e-06
step    350 | train_loss 2.0937 | lr 9.40e-06
step    360 | train_loss 2.0720 | lr 9.35e-06
step    370 | train_loss 2.0208 | lr 9.30e-06
step    380 | train_loss 2.0327 | lr 9.25e-06
step    390 | train_loss 2.0769 | lr 9.20e-06
step    400 | train_loss 2.0612 | lr 9.15e-06
step    410 | train_loss 2.1410 | lr 9.09e-06
step    420 | train_loss 2.0040 | lr 9.03e-06
step    430 | train_loss 2.0446 | lr 8.97e-06
step    440 | train_loss 2.1219 | lr 8.91e-06
step    450 | train_loss 2.1247 | lr 8.85e-06
step    456 | val_loss 2.0628 | val_ppl 7.87
step    460 | train_loss 2.1921 | lr 8.79e-06
step    470 | train_loss 2.0890 | lr 8.72e-06
step    480 | train_loss 1.9638 | lr 8.66e-06
step    490 | train_loss 2.0648 | lr 8.59e-06
step    500 | train_loss 2.0293 | lr 8.52e-06
step    510 | train_loss 2.0742 | lr 8.45e-06
step    520 | train_loss 2.1493 | lr 8.38e-06
step    530 | train_loss 2.0541 | lr 8.30e-06
step    540 | train_loss 2.1063 | lr 8.23e-06
step    550 | train_loss 1.9914 | lr 8.15e-06
step    560 | train_loss 2.1900 | lr 8.08e-06
step    570 | train_loss 2.0233 | lr 8.00e-06
step    580 | train_loss 1.9859 | lr 7.92e-06
step    590 | train_loss 2.1363 | lr 7.84e-06
step    600 | train_loss 2.1209 | lr 7.76e-06
step    610 | train_loss 2.0485 | lr 7.68e-06
step    620 | train_loss 2.0614 | lr 7.59e-06
step    630 | train_loss 2.0394 | lr 7.51e-06
step    640 | train_loss 2.0149 | lr 7.42e-06
step    650 | train_loss 2.0923 | lr 7.34e-06
step    660 | train_loss 2.0014 | lr 7.25e-06
step    670 | train_loss 2.0174 | lr 7.17e-06
step    680 | train_loss 2.1454 | lr 7.08e-06
step    684 | val_loss 2.0345 | val_ppl 7.65
step    690 | train_loss 2.0766 | lr 6.99e-06
step    700 | train_loss 2.0160 | lr 6.90e-06
step    710 | train_loss 2.0515 | lr 6.81e-06
step    720 | train_loss 2.0791 | lr 6.72e-06
step    730 | train_loss 2.0010 | lr 6.63e-06
step    740 | train_loss 2.0078 | lr 6.54e-06
step    750 | train_loss 1.9340 | lr 6.44e-06
step    760 | train_loss 1.9508 | lr 6.35e-06
step    770 | train_loss 2.0091 | lr 6.26e-06
step    780 | train_loss 2.0754 | lr 6.17e-06
step    790 | train_loss 1.9922 | lr 6.07e-06
step    800 | train_loss 1.9414 | lr 5.98e-06
step    810 | train_loss 2.0488 | lr 5.89e-06
step    820 | train_loss 2.0219 | lr 5.79e-06
step    830 | train_loss 1.9444 | lr 5.70e-06
step    840 | train_loss 2.0022 | lr 5.60e-06
step    850 | train_loss 1.9908 | lr 5.51e-06
step    860 | train_loss 2.0402 | lr 5.42e-06
step    870 | train_loss 1.9259 | lr 5.32e-06
step    880 | train_loss 1.9354 | lr 5.23e-06
step    890 | train_loss 1.9743 | lr 5.13e-06
step    900 | train_loss 1.9878 | lr 5.04e-06
step    910 | train_loss 1.9681 | lr 4.95e-06
step    912 | val_loss 2.0207 | val_ppl 7.54
step    920 | train_loss 2.0824 | lr 4.85e-06
step    930 | train_loss 2.0722 | lr 4.76e-06
step    940 | train_loss 2.0471 | lr 4.67e-06
step    950 | train_loss 2.0489 | lr 4.57e-06
step    960 | train_loss 1.9724 | lr 4.48e-06
step    970 | train_loss 1.9873 | lr 4.39e-06
step    980 | train_loss 1.9784 | lr 4.30e-06
step    990 | train_loss 1.9257 | lr 4.21e-06
step   1000 | train_loss 1.9758 | lr 4.12e-06
step   1010 | train_loss 1.9940 | lr 4.03e-06
step   1020 | train_loss 2.0177 | lr 3.94e-06
step   1030 | train_loss 1.9401 | lr 3.85e-06
step   1040 | train_loss 1.9730 | lr 3.76e-06
step   1050 | train_loss 2.0414 | lr 3.68e-06
step   1060 | train_loss 1.9461 | lr 3.59e-06
step   1070 | train_loss 2.0388 | lr 3.51e-06
step   1080 | train_loss 1.9502 | lr 3.42e-06
step   1090 | train_loss 1.8981 | lr 3.34e-06
step   1100 | train_loss 2.0040 | lr 3.26e-06
step   1110 | train_loss 1.9525 | lr 3.18e-06
step   1120 | train_loss 2.0985 | lr 3.10e-06
step   1130 | train_loss 1.9292 | lr 3.02e-06
step   1140 | train_loss 1.8814 | lr 2.94e-06
step   1140 | val_loss 2.0135 | val_ppl 7.49
step   1150 | train_loss 1.9498 | lr 2.86e-06
step   1160 | train_loss 2.0043 | lr 2.79e-06
step   1170 | train_loss 1.9464 | lr 2.71e-06
step   1180 | train_loss 1.9761 | lr 2.64e-06
step   1190 | train_loss 2.0218 | lr 2.57e-06
step   1200 | train_loss 1.9707 | lr 2.50e-06
step   1210 | train_loss 1.9276 | lr 2.43e-06
step   1220 | train_loss 1.9226 | lr 2.36e-06
step   1230 | train_loss 1.9413 | lr 2.29e-06
step   1240 | train_loss 2.0356 | lr 2.23e-06
step   1250 | train_loss 1.9840 | lr 2.16e-06
step   1260 | train_loss 1.9871 | lr 2.10e-06
step   1270 | train_loss 1.9768 | lr 2.04e-06
step   1280 | train_loss 2.0056 | lr 1.98e-06
step   1290 | train_loss 2.0657 | lr 1.92e-06
step   1300 | train_loss 1.9882 | lr 1.86e-06
step   1310 | train_loss 1.9909 | lr 1.81e-06
step   1320 | train_loss 1.9181 | lr 1.76e-06
step   1330 | train_loss 2.0436 | lr 1.71e-06
step   1340 | train_loss 2.0771 | lr 1.66e-06
step   1350 | train_loss 1.9297 | lr 1.61e-06
step   1360 | train_loss 1.9984 | lr 1.56e-06
step   1368 | val_loss 2.0096 | val_ppl 7.46
step   1370 | train_loss 1.9204 | lr 1.52e-06
step   1380 | train_loss 1.9127 | lr 1.47e-06
step   1390 | train_loss 1.8788 | lr 1.43e-06
step   1400 | train_loss 1.9656 | lr 1.39e-06
step   1410 | train_loss 1.8521 | lr 1.36e-06
step   1420 | train_loss 1.9383 | lr 1.32e-06
step   1430 | train_loss 1.9091 | lr 1.29e-06
step   1440 | train_loss 1.8055 | lr 1.25e-06
step   1450 | train_loss 1.9684 | lr 1.22e-06
step   1460 | train_loss 1.8861 | lr 1.19e-06
step   1470 | train_loss 1.8764 | lr 1.17e-06
step   1480 | train_loss 2.0281 | lr 1.14e-06
step   1490 | train_loss 1.9169 | lr 1.12e-06
step   1500 | train_loss 1.9741 | lr 1.10e-06
step   1510 | train_loss 1.9555 | lr 1.08e-06
step   1520 | train_loss 1.9395 | lr 1.06e-06
step   1530 | train_loss 1.9375 | lr 1.05e-06
step   1540 | train_loss 1.9248 | lr 1.04e-06
step   1550 | train_loss 1.9967 | lr 1.03e-06
step   1560 | train_loss 2.0141 | lr 1.02e-06
step   1570 | train_loss 2.0004 | lr 1.01e-06
step   1580 | train_loss 2.0363 | lr 1.00e-06
step   1590 | train_loss 1.8838 | lr 1.00e-06
step   1596 | val_loss 2.0081 | val_ppl 7.45
step   1600 | train_loss 1.9912 | lr 1.00e-06
step   1600 | val_loss 2.0081 | val_ppl 7.45
Saved checkpoint to /home/system/projects/AuthLLM/checkpoints/lr_scaling/alpaca_packed_1600_lr1e-05_seed1338/step_1600.pt
