Data: 16,956 train / 346 val examples (0 dropped as longer than 512 tokens)
Model: medium (123,587,328 parameters), initialized from /home/system/projects/AuthLLM/checkpoints/medium/step_20000.pt (step 20000)
step     10 | train_loss 2.1038 | lr 4.55e-05
step     20 | train_loss 2.5391 | lr 9.09e-05
step     30 | train_loss 2.2447 | lr 1.36e-04
step     40 | train_loss 2.6422 | lr 1.50e-04
step     50 | train_loss 2.0574 | lr 1.50e-04
step     60 | train_loss 2.2725 | lr 1.49e-04
step     70 | train_loss 2.4360 | lr 1.48e-04
step     75 | val_loss 2.3680 | val_ppl 10.68
step     80 | train_loss 2.3723 | lr 1.47e-04
step     90 | train_loss 2.3385 | lr 1.46e-04
step    100 | train_loss 2.2554 | lr 1.44e-04
step    110 | train_loss 1.9745 | lr 1.42e-04
step    120 | train_loss 2.2037 | lr 1.40e-04
step    130 | train_loss 2.1959 | lr 1.38e-04
step    140 | train_loss 1.9137 | lr 1.35e-04
step    150 | train_loss 2.4270 | lr 1.33e-04
step    150 | val_loss 2.3528 | val_ppl 10.52
step    160 | train_loss 2.3405 | lr 1.30e-04
step    170 | train_loss 1.8863 | lr 1.27e-04
step    180 | train_loss 2.5276 | lr 1.23e-04
step    190 | train_loss 2.1651 | lr 1.20e-04
step    200 | train_loss 2.2716 | lr 1.16e-04
step    210 | train_loss 1.9452 | lr 1.12e-04
step    220 | train_loss 2.2909 | lr 1.08e-04
step    225 | val_loss 2.3189 | val_ppl 10.16
step    230 | train_loss 1.9117 | lr 1.04e-04
step    240 | train_loss 2.3385 | lr 1.00e-04
step    250 | train_loss 2.0008 | lr 9.63e-05
step    260 | train_loss 2.0536 | lr 9.21e-05
step    270 | train_loss 2.0368 | lr 8.78e-05
step    280 | train_loss 2.3135 | lr 8.36e-05
step    290 | train_loss 2.0030 | lr 7.93e-05
step    300 | train_loss 2.4089 | lr 7.50e-05
step    300 | val_loss 2.2850 | val_ppl 9.83
step    310 | train_loss 2.1605 | lr 7.08e-05
step    320 | train_loss 2.1559 | lr 6.66e-05
step    330 | train_loss 2.5761 | lr 6.25e-05
step    340 | train_loss 2.0710 | lr 5.85e-05
step    350 | train_loss 2.4043 | lr 5.46e-05
step    360 | train_loss 1.8739 | lr 5.07e-05
step    370 | train_loss 2.4861 | lr 4.70e-05
step    375 | val_loss 2.2334 | val_ppl 9.33
step    380 | train_loss 2.4929 | lr 4.35e-05
step    390 | train_loss 1.7693 | lr 4.01e-05
step    400 | train_loss 2.0971 | lr 3.68e-05
step    410 | train_loss 2.0895 | lr 3.38e-05
step    420 | train_loss 2.1286 | lr 3.09e-05
step    430 | train_loss 2.1755 | lr 2.83e-05
step    440 | train_loss 2.2665 | lr 2.59e-05
step    450 | train_loss 2.0028 | lr 2.37e-05
step    450 | val_loss 2.2017 | val_ppl 9.04
step    460 | train_loss 1.6705 | lr 2.17e-05
step    470 | train_loss 2.0258 | lr 2.00e-05
step    480 | train_loss 2.4428 | lr 1.85e-05
step    490 | train_loss 2.5960 | lr 1.73e-05
step    500 | train_loss 1.9731 | lr 1.63e-05
step    510 | train_loss 1.9221 | lr 1.56e-05
step    520 | train_loss 1.8443 | lr 1.52e-05
step    525 | val_loss 2.1842 | val_ppl 8.88
step    530 | train_loss 2.0702 | lr 1.50e-05
step    530 | val_loss 2.1833 | val_ppl 8.88
Saved checkpoint to /home/system/projects/AuthLLM/checkpoints/lr_scaling/alpaca_short_unpacked_530_lr0.00015_seed1337/step_530.pt
