Data: 50,868 train / 1,038 val examples (68 dropped as longer than 512 tokens)
Model: medium (123,587,328 parameters), initialized from /home/system/projects/AuthLLM/checkpoints/medium/step_20000.pt (step 20000)
step     10 | train_loss 2.3255 | lr 6.82e-05
step     20 | train_loss 2.1839 | lr 1.36e-04
step     30 | train_loss 2.1626 | lr 1.50e-04
step     40 | train_loss 2.2789 | lr 1.49e-04
step     50 | train_loss 2.1154 | lr 1.48e-04
step     50 | val_loss 2.1695 | val_ppl 8.75
step     60 | train_loss 2.1764 | lr 1.46e-04
step     70 | train_loss 2.1056 | lr 1.43e-04
step     80 | train_loss 2.1399 | lr 1.40e-04
step     90 | train_loss 2.1321 | lr 1.37e-04
step    100 | train_loss 2.2336 | lr 1.32e-04
step    100 | val_loss 2.1358 | val_ppl 8.46
step    110 | train_loss 2.1443 | lr 1.28e-04
step    120 | train_loss 2.1028 | lr 1.23e-04
step    130 | train_loss 2.1675 | lr 1.18e-04
step    140 | train_loss 2.1291 | lr 1.12e-04
step    150 | train_loss 2.1754 | lr 1.06e-04
step    150 | val_loss 2.0999 | val_ppl 8.17
step    160 | train_loss 2.1010 | lr 9.98e-05
step    170 | train_loss 2.1040 | lr 9.34e-05
step    180 | train_loss 2.0583 | lr 8.70e-05
step    190 | train_loss 2.1258 | lr 8.06e-05
step    200 | train_loss 2.1845 | lr 7.41e-05
step    200 | val_loss 2.0708 | val_ppl 7.93
step    210 | train_loss 2.0861 | lr 6.78e-05
step    220 | train_loss 2.0996 | lr 6.15e-05
step    230 | train_loss 2.0855 | lr 5.55e-05
step    240 | train_loss 2.0307 | lr 4.97e-05
step    250 | train_loss 2.0944 | lr 4.42e-05
step    250 | val_loss 2.0486 | val_ppl 7.76
step    260 | train_loss 1.9327 | lr 3.91e-05
step    270 | train_loss 2.1524 | lr 3.43e-05
step    280 | train_loss 2.0415 | lr 3.00e-05
step    290 | train_loss 1.9586 | lr 2.62e-05
step    300 | train_loss 2.1191 | lr 2.29e-05
step    300 | val_loss 2.0311 | val_ppl 7.62
step    310 | train_loss 2.0734 | lr 2.01e-05
step    320 | train_loss 2.0651 | lr 1.80e-05
step    330 | train_loss 2.0354 | lr 1.64e-05
step    340 | train_loss 2.1037 | lr 1.54e-05
step    350 | train_loss 2.0842 | lr 1.50e-05
step    350 | val_loss 2.0246 | val_ppl 7.57
Saved checkpoint to /home/system/projects/AuthLLM/checkpoints/lr_scaling/alpaca_wide_350_lr0.00015_seed1337/step_350.pt
