Data: 50,868 train / 1,038 val examples (68 dropped as longer than 512 tokens)
Model: medium (123,587,328 parameters), initialized from /home/system/projects/AuthLLM/checkpoints/medium/step_20000.pt (step 20000)
step     10 | train_loss 2.6365 | lr 2.50e-05
step     20 | train_loss 2.3619 | lr 5.00e-05
step     30 | train_loss 2.1850 | lr 7.50e-05
step     40 | train_loss 2.1571 | lr 1.00e-04
step     50 | train_loss 2.3210 | lr 1.25e-04
step     60 | train_loss 2.4406 | lr 1.50e-04
step     70 | train_loss 2.0313 | lr 1.75e-04
step     80 | train_loss 2.2270 | lr 2.00e-04
step     90 | train_loss 2.1728 | lr 2.25e-04
step    100 | train_loss 2.2804 | lr 2.50e-04
step    110 | train_loss 2.3784 | lr 2.50e-04
step    120 | train_loss 2.4314 | lr 2.50e-04
step    130 | train_loss 2.3295 | lr 2.50e-04
step    140 | train_loss 2.4456 | lr 2.50e-04
step    150 | train_loss 2.5331 | lr 2.49e-04
step    160 | train_loss 2.3871 | lr 2.49e-04
step    170 | train_loss 2.4171 | lr 2.49e-04
step    180 | train_loss 2.6373 | lr 2.48e-04
step    190 | train_loss 2.6309 | lr 2.48e-04
step    200 | train_loss 2.4820 | lr 2.48e-04
step    210 | train_loss 2.3694 | lr 2.47e-04
step    220 | train_loss 2.4736 | lr 2.47e-04
step    228 | val_loss 2.4366 | val_ppl 11.43
step    230 | train_loss 2.4861 | lr 2.46e-04
step    240 | train_loss 2.5935 | lr 2.45e-04
step    250 | train_loss 2.4002 | lr 2.45e-04
step    260 | train_loss 2.4370 | lr 2.44e-04
step    270 | train_loss 2.3931 | lr 2.43e-04
step    280 | train_loss 2.4742 | lr 2.42e-04
step    290 | train_loss 2.3631 | lr 2.41e-04
step    300 | train_loss 2.4305 | lr 2.40e-04
step    310 | train_loss 2.5709 | lr 2.39e-04
step    320 | train_loss 2.4762 | lr 2.38e-04
step    330 | train_loss 2.8979 | lr 2.37e-04
step    340 | train_loss 2.3714 | lr 2.36e-04
step    350 | train_loss 2.5985 | lr 2.35e-04
step    360 | train_loss 2.5019 | lr 2.34e-04
step    370 | train_loss 2.3797 | lr 2.33e-04
step    380 | train_loss 2.5132 | lr 2.31e-04
step    390 | train_loss 2.5315 | lr 2.30e-04
step    400 | train_loss 2.4265 | lr 2.29e-04
step    410 | train_loss 2.4762 | lr 2.27e-04
step    420 | train_loss 2.5784 | lr 2.26e-04
step    430 | train_loss 2.5240 | lr 2.24e-04
step    440 | train_loss 2.5227 | lr 2.23e-04
step    450 | train_loss 2.6598 | lr 2.21e-04
step    456 | val_loss 2.4973 | val_ppl 12.15
step    460 | train_loss 2.3079 | lr 2.20e-04
step    470 | train_loss 2.7031 | lr 2.18e-04
step    480 | train_loss 2.5082 | lr 2.16e-04
step    490 | train_loss 2.6769 | lr 2.15e-04
step    500 | train_loss 2.3547 | lr 2.13e-04
step    510 | train_loss 2.5317 | lr 2.11e-04
step    520 | train_loss 2.5271 | lr 2.09e-04
step    530 | train_loss 2.2932 | lr 2.08e-04
step    540 | train_loss 2.4412 | lr 2.06e-04
step    550 | train_loss 2.5791 | lr 2.04e-04
step    560 | train_loss 2.3624 | lr 2.02e-04
step    570 | train_loss 2.3529 | lr 2.00e-04
step    580 | train_loss 2.5866 | lr 1.98e-04
step    590 | train_loss 2.3880 | lr 1.96e-04
step    600 | train_loss 2.4222 | lr 1.94e-04
step    610 | train_loss 2.4827 | lr 1.92e-04
step    620 | train_loss 2.6938 | lr 1.90e-04
step    630 | train_loss 2.3286 | lr 1.88e-04
step    640 | train_loss 2.5849 | lr 1.86e-04
step    650 | train_loss 2.5408 | lr 1.83e-04
step    660 | train_loss 2.5092 | lr 1.81e-04
step    670 | train_loss 2.5565 | lr 1.79e-04
step    680 | train_loss 2.1031 | lr 1.77e-04
step    684 | val_loss 2.4593 | val_ppl 11.70
step    690 | train_loss 2.5721 | lr 1.75e-04
step    700 | train_loss 2.4324 | lr 1.72e-04
step    710 | train_loss 2.4698 | lr 1.70e-04
step    720 | train_loss 2.3768 | lr 1.68e-04
step    730 | train_loss 2.5050 | lr 1.66e-04
step    740 | train_loss 2.4778 | lr 1.63e-04
step    750 | train_loss 2.4508 | lr 1.61e-04
step    760 | train_loss 2.5505 | lr 1.59e-04
step    770 | train_loss 2.3846 | lr 1.56e-04
step    780 | train_loss 2.5756 | lr 1.54e-04
step    790 | train_loss 2.8370 | lr 1.52e-04
step    800 | train_loss 2.4317 | lr 1.49e-04
step    810 | train_loss 2.4988 | lr 1.47e-04
step    820 | train_loss 2.3472 | lr 1.45e-04
step    830 | train_loss 2.4512 | lr 1.42e-04
step    840 | train_loss 2.3802 | lr 1.40e-04
step    850 | train_loss 2.3512 | lr 1.38e-04
step    860 | train_loss 2.2677 | lr 1.35e-04
step    870 | train_loss 2.2559 | lr 1.33e-04
step    880 | train_loss 2.3162 | lr 1.31e-04
step    890 | train_loss 2.4345 | lr 1.28e-04
step    900 | train_loss 2.6777 | lr 1.26e-04
step    910 | train_loss 2.1059 | lr 1.24e-04
step    912 | val_loss 2.4194 | val_ppl 11.24
step    920 | train_loss 2.3709 | lr 1.21e-04
step    930 | train_loss 2.4920 | lr 1.19e-04
step    940 | train_loss 2.1281 | lr 1.17e-04
step    950 | train_loss 2.6850 | lr 1.14e-04
step    960 | train_loss 2.8412 | lr 1.12e-04
step    970 | train_loss 2.3713 | lr 1.10e-04
step    980 | train_loss 2.5736 | lr 1.07e-04
step    990 | train_loss 2.4899 | lr 1.05e-04
step   1000 | train_loss 2.1305 | lr 1.03e-04
step   1010 | train_loss 2.5609 | lr 1.01e-04
step   1020 | train_loss 2.4056 | lr 9.85e-05
step   1030 | train_loss 2.5594 | lr 9.63e-05
step   1040 | train_loss 2.5123 | lr 9.41e-05
step   1050 | train_loss 2.4560 | lr 9.20e-05
step   1060 | train_loss 2.5465 | lr 8.98e-05
step   1070 | train_loss 2.4934 | lr 8.77e-05
step   1080 | train_loss 2.2777 | lr 8.56e-05
step   1090 | train_loss 2.4455 | lr 8.35e-05
step   1100 | train_loss 2.1336 | lr 8.15e-05
step   1110 | train_loss 2.4364 | lr 7.94e-05
step   1120 | train_loss 2.3459 | lr 7.74e-05
step   1130 | train_loss 2.4292 | lr 7.54e-05
step   1140 | train_loss 2.3236 | lr 7.35e-05
step   1140 | val_loss 2.3703 | val_ppl 10.70
step   1150 | train_loss 2.4334 | lr 7.16e-05
step   1160 | train_loss 2.4190 | lr 6.97e-05
step   1170 | train_loss 2.4388 | lr 6.78e-05
step   1180 | train_loss 1.9641 | lr 6.60e-05
step   1190 | train_loss 2.4845 | lr 6.42e-05
step   1200 | train_loss 2.5159 | lr 6.24e-05
step   1210 | train_loss 2.3178 | lr 6.07e-05
step   1220 | train_loss 2.2910 | lr 5.90e-05
step   1230 | train_loss 2.4242 | lr 5.73e-05
step   1240 | train_loss 2.2725 | lr 5.57e-05
step   1250 | train_loss 2.6150 | lr 5.41e-05
step   1260 | train_loss 2.1312 | lr 5.25e-05
step   1270 | train_loss 2.2368 | lr 5.10e-05
step   1280 | train_loss 2.5196 | lr 4.95e-05
step   1290 | train_loss 2.1988 | lr 4.80e-05
step   1300 | train_loss 2.6446 | lr 4.66e-05
step   1310 | train_loss 2.2298 | lr 4.53e-05
step   1320 | train_loss 2.2555 | lr 4.39e-05
step   1330 | train_loss 2.5067 | lr 4.26e-05
step   1340 | train_loss 2.2728 | lr 4.14e-05
step   1350 | train_loss 2.4272 | lr 4.02e-05
step   1360 | train_loss 2.5503 | lr 3.90e-05
step   1368 | val_loss 2.3321 | val_ppl 10.30
step   1370 | train_loss 2.2034 | lr 3.79e-05
step   1380 | train_loss 2.5997 | lr 3.68e-05
step   1390 | train_loss 2.2364 | lr 3.58e-05
step   1400 | train_loss 2.4455 | lr 3.48e-05
step   1410 | train_loss 2.1931 | lr 3.39e-05
step   1420 | train_loss 2.4802 | lr 3.30e-05
step   1430 | train_loss 2.5031 | lr 3.21e-05
step   1440 | train_loss 2.3316 | lr 3.13e-05
step   1450 | train_loss 2.2164 | lr 3.06e-05
step   1460 | train_loss 2.4734 | lr 2.99e-05
step   1470 | train_loss 2.2996 | lr 2.92e-05
step   1480 | train_loss 2.1006 | lr 2.86e-05
step   1490 | train_loss 2.6612 | lr 2.80e-05
step   1500 | train_loss 2.4761 | lr 2.75e-05
step   1510 | train_loss 2.2046 | lr 2.70e-05
step   1520 | train_loss 2.3128 | lr 2.66e-05
step   1530 | train_loss 2.4067 | lr 2.62e-05
step   1540 | train_loss 2.1801 | lr 2.59e-05
step   1550 | train_loss 2.3337 | lr 2.56e-05
step   1560 | train_loss 2.1948 | lr 2.54e-05
step   1570 | train_loss 2.2416 | lr 2.52e-05
step   1580 | train_loss 2.2653 | lr 2.51e-05
step   1590 | train_loss 2.1379 | lr 2.50e-05
step   1596 | val_loss 2.3130 | val_ppl 10.10
step   1600 | train_loss 1.9820 | lr 2.50e-05
step   1600 | val_loss 2.3149 | val_ppl 10.12
Saved checkpoint to /home/system/projects/AuthLLM/checkpoints/lr_scaling/alpaca_unpacked_1600_lr0.00025_seed1337/step_1600.pt
