Data: 5,652 train / 115 val examples (0 dropped as longer than 512 tokens)
Model: medium (123,587,328 parameters), initialized from /home/system/projects/AuthLLM/checkpoints/medium/step_20000.pt (step 20000)
step     10 | train_loss 2.1500 | lr 2.73e-05
step     20 | train_loss 2.1564 | lr 2.98e-05
step     25 | val_loss 2.2730 | val_ppl 9.71
step     30 | train_loss 2.1540 | lr 2.92e-05
step     40 | train_loss 2.1440 | lr 2.81e-05
step     50 | train_loss 2.1604 | lr 2.67e-05
step     50 | val_loss 2.2261 | val_ppl 9.26
step     60 | train_loss 2.2765 | lr 2.48e-05
step     70 | train_loss 2.6827 | lr 2.27e-05
step     75 | val_loss 2.1988 | val_ppl 9.01
step     80 | train_loss 2.1643 | lr 2.03e-05
step     90 | train_loss 2.1734 | lr 1.78e-05
step    100 | train_loss 2.2482 | lr 1.52e-05
step    100 | val_loss 2.1830 | val_ppl 8.87
step    110 | train_loss 2.1404 | lr 1.27e-05
step    120 | train_loss 2.4357 | lr 1.03e-05
step    125 | val_loss 2.1734 | val_ppl 8.79
step    130 | train_loss 2.1507 | lr 8.20e-06
step    140 | train_loss 2.2648 | lr 6.34e-06
step    150 | train_loss 2.2390 | lr 4.85e-06
step    150 | val_loss 2.1688 | val_ppl 8.75
step    160 | train_loss 2.0650 | lr 3.78e-06
step    170 | train_loss 2.2012 | lr 3.15e-06
step    175 | val_loss 2.1653 | val_ppl 8.72
step    177 | train_loss 2.0662 | lr 3.00e-06
step    177 | val_loss 2.1650 | val_ppl 8.71
Saved checkpoint to /home/system/projects/AuthLLM/checkpoints/lr_scaling/alpaca_ninth_unpacked_177_lr3e-05_seed1338/step_177.pt
