Data: 16,956 train / 346 val examples (0 dropped as longer than 512 tokens)
Model: medium (123,587,328 parameters), initialized from /home/system/projects/AuthLLM/checkpoints/medium/step_20000.pt (step 20000)
step     10 | train_loss 2.5488 | lr 3.03e-06
step     20 | train_loss 2.4974 | lr 6.06e-06
step     30 | train_loss 2.2928 | lr 9.09e-06
step     40 | train_loss 2.3215 | lr 1.00e-05
step     50 | train_loss 2.3281 | lr 9.98e-06
step     60 | train_loss 2.3002 | lr 9.94e-06
step     70 | train_loss 2.0623 | lr 9.88e-06
step     75 | val_loss 2.2243 | val_ppl 9.25
step     80 | train_loss 2.1647 | lr 9.81e-06
step     90 | train_loss 2.1473 | lr 9.72e-06
step    100 | train_loss 2.0931 | lr 9.61e-06
step    110 | train_loss 2.1184 | lr 9.49e-06
step    120 | train_loss 2.2145 | lr 9.35e-06
step    130 | train_loss 2.1386 | lr 9.20e-06
step    140 | train_loss 2.0413 | lr 9.03e-06
step    150 | train_loss 2.1563 | lr 8.84e-06
step    150 | val_loss 2.1737 | val_ppl 8.79
step    160 | train_loss 2.1385 | lr 8.65e-06
step    170 | train_loss 2.0325 | lr 8.44e-06
step    180 | train_loss 2.3035 | lr 8.22e-06
step    190 | train_loss 2.2441 | lr 7.98e-06
step    200 | train_loss 2.3690 | lr 7.74e-06
step    210 | train_loss 2.2849 | lr 7.49e-06
step    220 | train_loss 2.1717 | lr 7.23e-06
step    225 | val_loss 2.1513 | val_ppl 8.60
step    230 | train_loss 2.3599 | lr 6.97e-06
step    240 | train_loss 2.2685 | lr 6.69e-06
step    250 | train_loss 1.9506 | lr 6.42e-06
step    260 | train_loss 2.1656 | lr 6.14e-06
step    270 | train_loss 2.0046 | lr 5.86e-06
step    280 | train_loss 2.1257 | lr 5.57e-06
step    290 | train_loss 2.1420 | lr 5.29e-06
step    300 | train_loss 2.2321 | lr 5.00e-06
step    300 | val_loss 2.1332 | val_ppl 8.44
step    310 | train_loss 2.2164 | lr 4.72e-06
step    320 | train_loss 1.9339 | lr 4.44e-06
step    330 | train_loss 1.9273 | lr 4.17e-06
step    340 | train_loss 2.0622 | lr 3.90e-06
step    350 | train_loss 1.9831 | lr 3.64e-06
step    360 | train_loss 2.2407 | lr 3.38e-06
step    370 | train_loss 2.0437 | lr 3.14e-06
step    375 | val_loss 2.1249 | val_ppl 8.37
step    380 | train_loss 2.2869 | lr 2.90e-06
step    390 | train_loss 2.0984 | lr 2.67e-06
step    400 | train_loss 2.0735 | lr 2.46e-06
step    410 | train_loss 2.1592 | lr 2.25e-06
step    420 | train_loss 2.1136 | lr 2.06e-06
step    430 | train_loss 2.0431 | lr 1.89e-06
step    440 | train_loss 2.1029 | lr 1.72e-06
step    450 | train_loss 2.2495 | lr 1.58e-06
step    450 | val_loss 2.1197 | val_ppl 8.33
step    460 | train_loss 2.0307 | lr 1.45e-06
step    470 | train_loss 2.0086 | lr 1.33e-06
step    480 | train_loss 2.1113 | lr 1.23e-06
step    490 | train_loss 2.0606 | lr 1.15e-06
step    500 | train_loss 2.3788 | lr 1.09e-06
step    510 | train_loss 2.1144 | lr 1.04e-06
step    520 | train_loss 2.1833 | lr 1.01e-06
step    525 | val_loss 2.1172 | val_ppl 8.31
step    530 | train_loss 2.2085 | lr 1.00e-06
step    530 | val_loss 2.1171 | val_ppl 8.31
Saved checkpoint to /home/system/projects/AuthLLM/checkpoints/lr_scaling/alpaca_mid_unpacked_530_lr1e-05_seed1337/step_530.pt
