Data: 50,868 train / 1,038 val examples (68 dropped as longer than 512 tokens)
Packing: 50,868 examples into 11,220 windows (4.5 per window, 98.8% of positions used)
Model: medium (123,587,328 parameters), initialized from /home/system/projects/AuthLLM/checkpoints/medium/step_20000.pt (step 20000)
step     10 | train_loss 2.3516 | lr 2.50e-05
step     20 | train_loss 2.2882 | lr 5.00e-05
step     30 | train_loss 2.1545 | lr 7.50e-05
step     40 | train_loss 2.1622 | lr 1.00e-04
step     50 | train_loss 2.0855 | lr 1.25e-04
step     60 | train_loss 2.1697 | lr 1.50e-04
step     70 | train_loss 2.1449 | lr 1.75e-04
step     80 | train_loss 2.2439 | lr 2.00e-04
step     90 | train_loss 2.1533 | lr 2.25e-04
step    100 | train_loss 2.2610 | lr 2.50e-04
step    110 | train_loss 2.2399 | lr 2.50e-04
step    120 | train_loss 2.2160 | lr 2.50e-04
step    130 | train_loss 2.1778 | lr 2.50e-04
step    140 | train_loss 2.2059 | lr 2.50e-04
step    150 | train_loss 2.1702 | lr 2.49e-04
step    160 | train_loss 2.1687 | lr 2.49e-04
step    170 | train_loss 2.1552 | lr 2.49e-04
step    180 | train_loss 2.1903 | lr 2.48e-04
step    190 | train_loss 2.1677 | lr 2.48e-04
step    200 | train_loss 2.2765 | lr 2.48e-04
step    210 | train_loss 2.1800 | lr 2.47e-04
step    220 | train_loss 1.9639 | lr 2.47e-04
step    228 | val_loss 2.1434 | val_ppl 8.53
step    230 | train_loss 2.1962 | lr 2.46e-04
step    240 | train_loss 2.1479 | lr 2.45e-04
step    250 | train_loss 2.1679 | lr 2.45e-04
step    260 | train_loss 2.1670 | lr 2.44e-04
step    270 | train_loss 2.2289 | lr 2.43e-04
step    280 | train_loss 2.2076 | lr 2.42e-04
step    290 | train_loss 2.1133 | lr 2.41e-04
step    300 | train_loss 2.1199 | lr 2.40e-04
step    310 | train_loss 2.1212 | lr 2.39e-04
step    320 | train_loss 2.0636 | lr 2.38e-04
step    330 | train_loss 2.3844 | lr 2.37e-04
step    340 | train_loss 2.0981 | lr 2.36e-04
step    350 | train_loss 2.1061 | lr 2.35e-04
step    360 | train_loss 1.6951 | lr 2.34e-04
step    370 | train_loss 1.7309 | lr 2.33e-04
step    380 | train_loss 1.6391 | lr 2.31e-04
step    390 | train_loss 1.7460 | lr 2.30e-04
step    400 | train_loss 1.5973 | lr 2.29e-04
step    410 | train_loss 1.5627 | lr 2.27e-04
step    420 | train_loss 1.6755 | lr 2.26e-04
step    430 | train_loss 1.7274 | lr 2.24e-04
step    440 | train_loss 1.7222 | lr 2.23e-04
step    450 | train_loss 1.6608 | lr 2.21e-04
step    456 | val_loss 2.1698 | val_ppl 8.76
step    460 | train_loss 1.8171 | lr 2.20e-04
step    470 | train_loss 1.7129 | lr 2.18e-04
step    480 | train_loss 1.7201 | lr 2.16e-04
step    490 | train_loss 1.7013 | lr 2.15e-04
step    500 | train_loss 1.7614 | lr 2.13e-04
step    510 | train_loss 1.6945 | lr 2.11e-04
step    520 | train_loss 1.7764 | lr 2.09e-04
step    530 | train_loss 1.6850 | lr 2.08e-04
step    540 | train_loss 1.7657 | lr 2.06e-04
step    550 | train_loss 1.6574 | lr 2.04e-04
step    560 | train_loss 1.8048 | lr 2.02e-04
step    570 | train_loss 1.7783 | lr 2.00e-04
step    580 | train_loss 1.7731 | lr 1.98e-04
step    590 | train_loss 1.6595 | lr 1.96e-04
step    600 | train_loss 1.7882 | lr 1.94e-04
step    610 | train_loss 1.6861 | lr 1.92e-04
step    620 | train_loss 1.7447 | lr 1.90e-04
step    630 | train_loss 1.7473 | lr 1.88e-04
step    640 | train_loss 1.7676 | lr 1.86e-04
step    650 | train_loss 1.8089 | lr 1.83e-04
step    660 | train_loss 1.6636 | lr 1.81e-04
step    670 | train_loss 1.8485 | lr 1.79e-04
step    680 | train_loss 1.7609 | lr 1.77e-04
step    684 | val_loss 2.1467 | val_ppl 8.56
step    690 | train_loss 1.7545 | lr 1.75e-04
step    700 | train_loss 1.8824 | lr 1.72e-04
step    710 | train_loss 1.1847 | lr 1.70e-04
step    720 | train_loss 1.2184 | lr 1.68e-04
step    730 | train_loss 1.2558 | lr 1.66e-04
step    740 | train_loss 1.2308 | lr 1.63e-04
step    750 | train_loss 1.2560 | lr 1.61e-04
step    760 | train_loss 1.1942 | lr 1.59e-04
step    770 | train_loss 1.1517 | lr 1.56e-04
step    780 | train_loss 1.1871 | lr 1.54e-04
step    790 | train_loss 1.2390 | lr 1.52e-04
step    800 | train_loss 1.1606 | lr 1.49e-04
step    810 | train_loss 1.2843 | lr 1.47e-04
step    820 | train_loss 1.2687 | lr 1.45e-04
step    830 | train_loss 1.2431 | lr 1.42e-04
step    840 | train_loss 1.2373 | lr 1.40e-04
step    850 | train_loss 1.2482 | lr 1.38e-04
step    860 | train_loss 1.2289 | lr 1.35e-04
step    870 | train_loss 1.2711 | lr 1.33e-04
step    880 | train_loss 1.2639 | lr 1.31e-04
step    890 | train_loss 1.2013 | lr 1.28e-04
step    900 | train_loss 1.1881 | lr 1.26e-04
step    910 | train_loss 1.2179 | lr 1.24e-04
step    912 | val_loss 2.2575 | val_ppl 9.56
step    920 | train_loss 1.2321 | lr 1.21e-04
step    930 | train_loss 1.1966 | lr 1.19e-04
step    940 | train_loss 1.2581 | lr 1.17e-04
step    950 | train_loss 1.2806 | lr 1.14e-04
step    960 | train_loss 1.2636 | lr 1.12e-04
step    970 | train_loss 1.4148 | lr 1.10e-04
step    980 | train_loss 1.2654 | lr 1.07e-04
step    990 | train_loss 1.2858 | lr 1.05e-04
step   1000 | train_loss 1.2563 | lr 1.03e-04
step   1010 | train_loss 1.2665 | lr 1.01e-04
step   1020 | train_loss 1.3225 | lr 9.85e-05
step   1030 | train_loss 1.2779 | lr 9.63e-05
step   1040 | train_loss 1.2971 | lr 9.41e-05
step   1050 | train_loss 1.3266 | lr 9.20e-05
step   1060 | train_loss 0.8115 | lr 8.98e-05
step   1070 | train_loss 0.7488 | lr 8.77e-05
step   1080 | train_loss 0.8651 | lr 8.56e-05
step   1090 | train_loss 0.8188 | lr 8.35e-05
step   1100 | train_loss 0.8299 | lr 8.15e-05
step   1110 | train_loss 0.7644 | lr 7.94e-05
step   1120 | train_loss 0.7803 | lr 7.74e-05
step   1130 | train_loss 0.7816 | lr 7.54e-05
step   1140 | train_loss 0.8128 | lr 7.35e-05
step   1140 | val_loss 2.4092 | val_ppl 11.12
step   1150 | train_loss 0.8239 | lr 7.16e-05
step   1160 | train_loss 0.8125 | lr 6.97e-05
step   1170 | train_loss 0.8297 | lr 6.78e-05
step   1180 | train_loss 0.8418 | lr 6.60e-05
step   1190 | train_loss 0.8165 | lr 6.42e-05
step   1200 | train_loss 0.8867 | lr 6.24e-05
step   1210 | train_loss 0.7940 | lr 6.07e-05
step   1220 | train_loss 0.8226 | lr 5.90e-05
step   1230 | train_loss 0.7923 | lr 5.73e-05
step   1240 | train_loss 0.7790 | lr 5.57e-05
step   1250 | train_loss 0.8784 | lr 5.41e-05
step   1260 | train_loss 0.8520 | lr 5.25e-05
step   1270 | train_loss 0.8785 | lr 5.10e-05
step   1280 | train_loss 0.8727 | lr 4.95e-05
step   1290 | train_loss 0.7781 | lr 4.80e-05
step   1300 | train_loss 0.8236 | lr 4.66e-05
step   1310 | train_loss 0.8091 | lr 4.53e-05
step   1320 | train_loss 0.8236 | lr 4.39e-05
step   1330 | train_loss 0.8289 | lr 4.26e-05
step   1340 | train_loss 0.7897 | lr 4.14e-05
step   1350 | train_loss 0.8526 | lr 4.02e-05
step   1360 | train_loss 0.8495 | lr 3.90e-05
step   1368 | val_loss 2.4295 | val_ppl 11.35
step   1370 | train_loss 0.8322 | lr 3.79e-05
step   1380 | train_loss 0.8033 | lr 3.68e-05
step   1390 | train_loss 0.8328 | lr 3.58e-05
step   1400 | train_loss 0.8408 | lr 3.48e-05
step   1410 | train_loss 0.5895 | lr 3.39e-05
step   1420 | train_loss 0.5909 | lr 3.30e-05
step   1430 | train_loss 0.6162 | lr 3.21e-05
step   1440 | train_loss 0.6052 | lr 3.13e-05
step   1450 | train_loss 0.5968 | lr 3.06e-05
step   1460 | train_loss 0.5568 | lr 2.99e-05
step   1470 | train_loss 0.6184 | lr 2.92e-05
step   1480 | train_loss 0.5874 | lr 2.86e-05
step   1490 | train_loss 0.6177 | lr 2.80e-05
step   1500 | train_loss 0.6031 | lr 2.75e-05
step   1510 | train_loss 0.5686 | lr 2.70e-05
step   1520 | train_loss 0.5693 | lr 2.66e-05
step   1530 | train_loss 0.5759 | lr 2.62e-05
step   1540 | train_loss 0.5887 | lr 2.59e-05
step   1550 | train_loss 0.6319 | lr 2.56e-05
step   1560 | train_loss 0.5620 | lr 2.54e-05
step   1570 | train_loss 0.6267 | lr 2.52e-05
step   1580 | train_loss 0.6059 | lr 2.51e-05
step   1590 | train_loss 0.5738 | lr 2.50e-05
step   1596 | val_loss 2.5723 | val_ppl 13.10
step   1600 | train_loss 0.6100 | lr 2.50e-05
step   1600 | val_loss 2.5703 | val_ppl 13.07
Saved checkpoint to /home/system/projects/AuthLLM/checkpoints/lr_scaling/alpaca_packed_1600_lr0.00025_seed1337/step_1600.pt
