Data: 50,869 train / 1,037 val examples (68 dropped as longer than 512 tokens)
Model: medium (123,587,328 parameters), initialized from /home/system/projects/AuthLLM/checkpoints/medium/step_20000.pt (step 20000)
step     10 | train_loss 2.6923 | lr 2.00e-06
step     20 | train_loss 2.3083 | lr 4.00e-06
step     30 | train_loss 2.3611 | lr 6.00e-06
step     40 | train_loss 2.5353 | lr 8.00e-06
step     50 | train_loss 2.5747 | lr 1.00e-05
step     60 | train_loss 2.4520 | lr 1.20e-05
step     70 | train_loss 2.1327 | lr 1.40e-05
step     80 | train_loss 2.2095 | lr 1.60e-05
step     90 | train_loss 2.3176 | lr 1.80e-05
step    100 | train_loss 2.3773 | lr 2.00e-05
step    110 | train_loss 2.1980 | lr 2.00e-05
step    120 | train_loss 2.1942 | lr 2.00e-05
step    130 | train_loss 2.0523 | lr 2.00e-05
step    140 | train_loss 2.1602 | lr 2.00e-05
step    150 | train_loss 2.1753 | lr 2.00e-05
step    160 | train_loss 2.0881 | lr 1.99e-05
step    170 | train_loss 2.3787 | lr 1.99e-05
step    180 | train_loss 2.3119 | lr 1.99e-05
step    190 | train_loss 2.3918 | lr 1.98e-05
step    200 | train_loss 2.0679 | lr 1.98e-05
step    210 | train_loss 2.2484 | lr 1.98e-05
step    220 | train_loss 2.2777 | lr 1.97e-05
step    228 | val_loss 2.1475 | val_ppl 8.56
step    230 | train_loss 2.0836 | lr 1.97e-05
step    240 | train_loss 2.2720 | lr 1.96e-05
step    250 | train_loss 2.1000 | lr 1.96e-05
step    260 | train_loss 2.3512 | lr 1.95e-05
step    270 | train_loss 2.1105 | lr 1.94e-05
step    280 | train_loss 2.1243 | lr 1.94e-05
step    290 | train_loss 1.8616 | lr 1.93e-05
step    300 | train_loss 2.2921 | lr 1.92e-05
step    310 | train_loss 2.3007 | lr 1.92e-05
step    320 | train_loss 2.0880 | lr 1.91e-05
step    330 | train_loss 2.1253 | lr 1.90e-05
step    340 | train_loss 2.0248 | lr 1.89e-05
step    350 | train_loss 2.2025 | lr 1.88e-05
step    360 | train_loss 2.0918 | lr 1.87e-05
step    370 | train_loss 2.1059 | lr 1.86e-05
step    380 | train_loss 2.3439 | lr 1.85e-05
step    390 | train_loss 2.0014 | lr 1.84e-05
step    400 | train_loss 1.9588 | lr 1.83e-05
step    410 | train_loss 2.0339 | lr 1.82e-05
step    420 | train_loss 2.3430 | lr 1.81e-05
step    430 | train_loss 2.0722 | lr 1.79e-05
step    440 | train_loss 2.2332 | lr 1.78e-05
step    450 | train_loss 2.1254 | lr 1.77e-05
step    456 | val_loss 2.0941 | val_ppl 8.12
step    460 | train_loss 2.1222 | lr 1.76e-05
step    470 | train_loss 2.0337 | lr 1.74e-05
step    480 | train_loss 2.0275 | lr 1.73e-05
step    490 | train_loss 2.1617 | lr 1.72e-05
step    500 | train_loss 2.3967 | lr 1.70e-05
step    510 | train_loss 2.0504 | lr 1.69e-05
step    520 | train_loss 2.1612 | lr 1.68e-05
step    530 | train_loss 2.2313 | lr 1.66e-05
step    540 | train_loss 2.0537 | lr 1.65e-05
step    550 | train_loss 2.0144 | lr 1.63e-05
step    560 | train_loss 2.2666 | lr 1.62e-05
step    570 | train_loss 2.2399 | lr 1.60e-05
step    580 | train_loss 2.2104 | lr 1.58e-05
step    590 | train_loss 2.1982 | lr 1.57e-05
step    600 | train_loss 2.2637 | lr 1.55e-05
step    610 | train_loss 2.0811 | lr 1.54e-05
step    620 | train_loss 2.0237 | lr 1.52e-05
step    630 | train_loss 1.8244 | lr 1.50e-05
step    640 | train_loss 2.1941 | lr 1.48e-05
step    650 | train_loss 2.1776 | lr 1.47e-05
step    660 | train_loss 1.9068 | lr 1.45e-05
step    670 | train_loss 2.1170 | lr 1.43e-05
step    680 | train_loss 2.1348 | lr 1.42e-05
step    684 | val_loss 2.0711 | val_ppl 7.93
step    690 | train_loss 2.0431 | lr 1.40e-05
step    700 | train_loss 1.9791 | lr 1.38e-05
step    710 | train_loss 2.1580 | lr 1.36e-05
step    720 | train_loss 2.0961 | lr 1.34e-05
step    730 | train_loss 1.9839 | lr 1.33e-05
step    740 | train_loss 2.3046 | lr 1.31e-05
step    750 | train_loss 2.0675 | lr 1.29e-05
step    760 | train_loss 2.0924 | lr 1.27e-05
step    770 | train_loss 2.0780 | lr 1.25e-05
step    780 | train_loss 2.0679 | lr 1.23e-05
step    790 | train_loss 2.1226 | lr 1.21e-05
step    800 | train_loss 2.1845 | lr 1.20e-05
step    810 | train_loss 2.0373 | lr 1.18e-05
step    820 | train_loss 2.0544 | lr 1.16e-05
step    830 | train_loss 2.2210 | lr 1.14e-05
step    840 | train_loss 2.2468 | lr 1.12e-05
step    850 | train_loss 2.3021 | lr 1.10e-05
step    860 | train_loss 2.0936 | lr 1.08e-05
step    870 | train_loss 2.1299 | lr 1.06e-05
step    880 | train_loss 2.1376 | lr 1.05e-05
step    890 | train_loss 2.1972 | lr 1.03e-05
step    900 | train_loss 2.0243 | lr 1.01e-05
step    910 | train_loss 2.2015 | lr 9.89e-06
step    912 | val_loss 2.0549 | val_ppl 7.81
step    920 | train_loss 2.1193 | lr 9.70e-06
step    930 | train_loss 1.9671 | lr 9.52e-06
step    940 | train_loss 1.9682 | lr 9.33e-06
step    950 | train_loss 2.0692 | lr 9.15e-06
step    960 | train_loss 1.8756 | lr 8.96e-06
step    970 | train_loss 2.0579 | lr 8.78e-06
step    980 | train_loss 2.3268 | lr 8.60e-06
step    990 | train_loss 2.1592 | lr 8.42e-06
step   1000 | train_loss 2.0439 | lr 8.24e-06
step   1010 | train_loss 2.1084 | lr 8.06e-06
step   1020 | train_loss 2.0857 | lr 7.88e-06
step   1030 | train_loss 2.3286 | lr 7.70e-06
step   1040 | train_loss 2.1898 | lr 7.53e-06
step   1050 | train_loss 1.8679 | lr 7.36e-06
step   1060 | train_loss 2.0645 | lr 7.19e-06
step   1070 | train_loss 2.1812 | lr 7.02e-06
step   1080 | train_loss 2.0711 | lr 6.85e-06
step   1090 | train_loss 2.2124 | lr 6.68e-06
step   1100 | train_loss 2.1691 | lr 6.52e-06
step   1110 | train_loss 2.1586 | lr 6.35e-06
step   1120 | train_loss 1.9742 | lr 6.19e-06
step   1130 | train_loss 2.1027 | lr 6.04e-06
step   1140 | train_loss 2.0458 | lr 5.88e-06
step   1140 | val_loss 2.0478 | val_ppl 7.75
step   1150 | train_loss 2.1512 | lr 5.73e-06
step   1160 | train_loss 2.2011 | lr 5.57e-06
step   1170 | train_loss 2.0779 | lr 5.42e-06
step   1180 | train_loss 2.2276 | lr 5.28e-06
step   1190 | train_loss 2.2230 | lr 5.13e-06
step   1200 | train_loss 2.2076 | lr 4.99e-06
step   1210 | train_loss 2.2684 | lr 4.85e-06
step   1220 | train_loss 1.9041 | lr 4.72e-06
step   1230 | train_loss 1.8708 | lr 4.58e-06
step   1240 | train_loss 2.1149 | lr 4.45e-06
step   1250 | train_loss 2.2666 | lr 4.32e-06
step   1260 | train_loss 2.3091 | lr 4.20e-06
step   1270 | train_loss 2.2032 | lr 4.08e-06
step   1280 | train_loss 2.0479 | lr 3.96e-06
step   1290 | train_loss 1.8290 | lr 3.84e-06
step   1300 | train_loss 1.9047 | lr 3.73e-06
step   1310 | train_loss 1.9857 | lr 3.62e-06
step   1320 | train_loss 1.9121 | lr 3.51e-06
step   1330 | train_loss 2.0362 | lr 3.41e-06
step   1340 | train_loss 2.3194 | lr 3.31e-06
step   1350 | train_loss 2.2008 | lr 3.22e-06
step   1360 | train_loss 2.0703 | lr 3.12e-06
step   1368 | val_loss 2.0411 | val_ppl 7.70
step   1370 | train_loss 1.9605 | lr 3.03e-06
step   1380 | train_loss 2.0484 | lr 2.95e-06
step   1390 | train_loss 2.0326 | lr 2.86e-06
step   1400 | train_loss 2.2409 | lr 2.79e-06
step   1410 | train_loss 2.1406 | lr 2.71e-06
step   1420 | train_loss 2.1468 | lr 2.64e-06
step   1430 | train_loss 2.0616 | lr 2.57e-06
step   1440 | train_loss 1.9289 | lr 2.51e-06
step   1450 | train_loss 2.1712 | lr 2.45e-06
step   1460 | train_loss 2.3671 | lr 2.39e-06
step   1470 | train_loss 2.2549 | lr 2.34e-06
step   1480 | train_loss 2.1264 | lr 2.29e-06
step   1490 | train_loss 1.9902 | lr 2.24e-06
step   1500 | train_loss 1.9056 | lr 2.20e-06
step   1510 | train_loss 2.4677 | lr 2.16e-06
step   1520 | train_loss 1.8543 | lr 2.13e-06
step   1530 | train_loss 2.1515 | lr 2.10e-06
step   1540 | train_loss 2.0780 | lr 2.07e-06
step   1550 | train_loss 2.1336 | lr 2.05e-06
step   1560 | train_loss 2.0448 | lr 2.03e-06
step   1570 | train_loss 2.2897 | lr 2.02e-06
step   1580 | train_loss 2.1633 | lr 2.01e-06
step   1590 | train_loss 1.9063 | lr 2.00e-06
step   1596 | val_loss 2.0380 | val_ppl 7.68
step   1600 | train_loss 1.9332 | lr 2.00e-06
step   1600 | val_loss 2.0381 | val_ppl 7.68
Saved checkpoint to /home/system/projects/AuthLLM/checkpoints/lr_scaling/alpaca_unpacked_1600_lr2e-05_seed1338/step_1600.pt
