Data: 50,868 train / 1,038 val examples (68 dropped as longer than 512 tokens)
Model: medium (123,587,328 parameters), initialized from /home/system/projects/AuthLLM/checkpoints/medium/step_20000.pt (step 20000)
step     10 | train_loss 2.7312 | lr 6.00e-06
step     20 | train_loss 2.4609 | lr 1.20e-05
step     30 | train_loss 2.2358 | lr 1.80e-05
step     40 | train_loss 2.1689 | lr 2.40e-05
step     50 | train_loss 2.3254 | lr 3.00e-05
step     60 | train_loss 2.4398 | lr 3.60e-05
step     70 | train_loss 1.9757 | lr 4.20e-05
step     80 | train_loss 2.1518 | lr 4.80e-05
step     90 | train_loss 2.0708 | lr 5.40e-05
step    100 | train_loss 2.1803 | lr 6.00e-05
step    110 | train_loss 2.2367 | lr 6.00e-05
step    120 | train_loss 2.2495 | lr 6.00e-05
step    130 | train_loss 2.0939 | lr 6.00e-05
step    140 | train_loss 2.2393 | lr 5.99e-05
step    150 | train_loss 2.3395 | lr 5.99e-05
step    160 | train_loss 2.1429 | lr 5.98e-05
step    170 | train_loss 2.2146 | lr 5.97e-05
step    180 | train_loss 2.3946 | lr 5.96e-05
step    190 | train_loss 2.3137 | lr 5.95e-05
step    200 | train_loss 2.2175 | lr 5.94e-05
step    210 | train_loss 2.0743 | lr 5.93e-05
step    220 | train_loss 2.1744 | lr 5.92e-05
step    228 | val_loss 2.1729 | val_ppl 8.78
step    230 | train_loss 2.1821 | lr 5.90e-05
step    240 | train_loss 2.2829 | lr 5.89e-05
step    250 | train_loss 2.1214 | lr 5.87e-05
step    260 | train_loss 2.1523 | lr 5.85e-05
step    270 | train_loss 2.1456 | lr 5.83e-05
step    280 | train_loss 2.1909 | lr 5.81e-05
step    290 | train_loss 2.0883 | lr 5.79e-05
step    300 | train_loss 2.1503 | lr 5.77e-05
step    310 | train_loss 2.2469 | lr 5.75e-05
step    320 | train_loss 2.1581 | lr 5.72e-05
step    330 | train_loss 2.5522 | lr 5.70e-05
step    340 | train_loss 2.0110 | lr 5.67e-05
step    350 | train_loss 2.2430 | lr 5.64e-05
step    360 | train_loss 2.1572 | lr 5.61e-05
step    370 | train_loss 2.0471 | lr 5.58e-05
step    380 | train_loss 2.1107 | lr 5.55e-05
step    390 | train_loss 2.2245 | lr 5.52e-05
step    400 | train_loss 2.1127 | lr 5.49e-05
step    410 | train_loss 2.1790 | lr 5.45e-05
step    420 | train_loss 2.1314 | lr 5.42e-05
step    430 | train_loss 2.1596 | lr 5.38e-05
step    440 | train_loss 2.1108 | lr 5.35e-05
step    450 | train_loss 2.3336 | lr 5.31e-05
step    456 | val_loss 2.1550 | val_ppl 8.63
step    460 | train_loss 2.0219 | lr 5.27e-05
step    470 | train_loss 2.3468 | lr 5.23e-05
step    480 | train_loss 2.1925 | lr 5.19e-05
step    490 | train_loss 2.3277 | lr 5.15e-05
step    500 | train_loss 2.0715 | lr 5.11e-05
step    510 | train_loss 2.1929 | lr 5.07e-05
step    520 | train_loss 2.1810 | lr 5.03e-05
step    530 | train_loss 2.0298 | lr 4.98e-05
step    540 | train_loss 2.1136 | lr 4.94e-05
step    550 | train_loss 2.2433 | lr 4.89e-05
step    560 | train_loss 2.0991 | lr 4.85e-05
step    570 | train_loss 2.0048 | lr 4.80e-05
step    580 | train_loss 2.2171 | lr 4.75e-05
step    590 | train_loss 2.0625 | lr 4.70e-05
step    600 | train_loss 2.0779 | lr 4.65e-05
step    610 | train_loss 2.2090 | lr 4.61e-05
step    620 | train_loss 2.2705 | lr 4.56e-05
step    630 | train_loss 2.0653 | lr 4.51e-05
step    640 | train_loss 2.2430 | lr 4.45e-05
step    650 | train_loss 2.2275 | lr 4.40e-05
step    660 | train_loss 2.1765 | lr 4.35e-05
step    670 | train_loss 2.2327 | lr 4.30e-05
step    680 | train_loss 1.8432 | lr 4.25e-05
step    684 | val_loss 2.1324 | val_ppl 8.43
step    690 | train_loss 2.1790 | lr 4.19e-05
step    700 | train_loss 2.1237 | lr 4.14e-05
step    710 | train_loss 2.1067 | lr 4.09e-05
step    720 | train_loss 2.0947 | lr 4.03e-05
step    730 | train_loss 2.1708 | lr 3.98e-05
step    740 | train_loss 2.1637 | lr 3.92e-05
step    750 | train_loss 2.0913 | lr 3.87e-05
step    760 | train_loss 2.1946 | lr 3.81e-05
step    770 | train_loss 2.0821 | lr 3.76e-05
step    780 | train_loss 2.2062 | lr 3.70e-05
step    790 | train_loss 2.4989 | lr 3.64e-05
step    800 | train_loss 2.0596 | lr 3.59e-05
step    810 | train_loss 2.1529 | lr 3.53e-05
step    820 | train_loss 2.0445 | lr 3.48e-05
step    830 | train_loss 2.1462 | lr 3.42e-05
step    840 | train_loss 2.0351 | lr 3.36e-05
step    850 | train_loss 2.0638 | lr 3.31e-05
step    860 | train_loss 2.0357 | lr 3.25e-05
step    870 | train_loss 1.9132 | lr 3.19e-05
step    880 | train_loss 2.0606 | lr 3.14e-05
step    890 | train_loss 2.1793 | lr 3.08e-05
step    900 | train_loss 2.3620 | lr 3.02e-05
step    910 | train_loss 1.8345 | lr 2.97e-05
step    912 | val_loss 2.1188 | val_ppl 8.32
step    920 | train_loss 2.0777 | lr 2.91e-05
step    930 | train_loss 2.2169 | lr 2.86e-05
step    940 | train_loss 1.8769 | lr 2.80e-05
step    950 | train_loss 2.3254 | lr 2.74e-05
step    960 | train_loss 2.4427 | lr 2.69e-05
step    970 | train_loss 2.0715 | lr 2.63e-05
step    980 | train_loss 2.2658 | lr 2.58e-05
step    990 | train_loss 2.1866 | lr 2.53e-05
step   1000 | train_loss 1.8587 | lr 2.47e-05
step   1010 | train_loss 2.2262 | lr 2.42e-05
step   1020 | train_loss 2.1267 | lr 2.36e-05
step   1030 | train_loss 2.2646 | lr 2.31e-05
step   1040 | train_loss 2.2522 | lr 2.26e-05
step   1050 | train_loss 2.1787 | lr 2.21e-05
step   1060 | train_loss 2.3029 | lr 2.16e-05
step   1070 | train_loss 2.1713 | lr 2.10e-05
step   1080 | train_loss 1.9827 | lr 2.05e-05
step   1090 | train_loss 2.0985 | lr 2.00e-05
step   1100 | train_loss 1.9150 | lr 1.95e-05
step   1110 | train_loss 2.1641 | lr 1.91e-05
step   1120 | train_loss 2.0736 | lr 1.86e-05
step   1130 | train_loss 2.1012 | lr 1.81e-05
step   1140 | train_loss 2.0612 | lr 1.76e-05
step   1140 | val_loss 2.1089 | val_ppl 8.24
step   1150 | train_loss 2.2017 | lr 1.72e-05
step   1160 | train_loss 2.2286 | lr 1.67e-05
step   1170 | train_loss 2.1946 | lr 1.63e-05
step   1180 | train_loss 1.7985 | lr 1.58e-05
step   1190 | train_loss 2.2150 | lr 1.54e-05
step   1200 | train_loss 2.2396 | lr 1.50e-05
step   1210 | train_loss 1.9909 | lr 1.46e-05
step   1220 | train_loss 2.0484 | lr 1.41e-05
step   1230 | train_loss 2.1174 | lr 1.37e-05
step   1240 | train_loss 2.0109 | lr 1.34e-05
step   1250 | train_loss 2.2862 | lr 1.30e-05
step   1260 | train_loss 1.9632 | lr 1.26e-05
step   1270 | train_loss 2.0423 | lr 1.22e-05
step   1280 | train_loss 2.2550 | lr 1.19e-05
step   1290 | train_loss 1.9601 | lr 1.15e-05
step   1300 | train_loss 2.3732 | lr 1.12e-05
step   1310 | train_loss 1.9954 | lr 1.09e-05
step   1320 | train_loss 2.0007 | lr 1.05e-05
step   1330 | train_loss 2.2880 | lr 1.02e-05
step   1340 | train_loss 2.0518 | lr 9.93e-06
step   1350 | train_loss 2.1579 | lr 9.65e-06
step   1360 | train_loss 2.3029 | lr 9.37e-06
step   1368 | val_loss 2.1009 | val_ppl 8.17
step   1370 | train_loss 2.0326 | lr 9.10e-06
step   1380 | train_loss 2.3067 | lr 8.84e-06
step   1390 | train_loss 1.9716 | lr 8.59e-06
step   1400 | train_loss 2.2234 | lr 8.36e-06
step   1410 | train_loss 2.0234 | lr 8.13e-06
step   1420 | train_loss 2.1808 | lr 7.92e-06
step   1430 | train_loss 2.1694 | lr 7.71e-06
step   1440 | train_loss 2.1549 | lr 7.52e-06
step   1450 | train_loss 1.9913 | lr 7.34e-06
step   1460 | train_loss 2.1870 | lr 7.17e-06
step   1470 | train_loss 2.0795 | lr 7.01e-06
step   1480 | train_loss 1.8933 | lr 6.86e-06
step   1490 | train_loss 2.3514 | lr 6.73e-06
step   1500 | train_loss 2.1684 | lr 6.60e-06
step   1510 | train_loss 1.9991 | lr 6.49e-06
step   1520 | train_loss 2.0807 | lr 6.39e-06
step   1530 | train_loss 2.1868 | lr 6.30e-06
step   1540 | train_loss 2.0068 | lr 6.22e-06
step   1550 | train_loss 2.1301 | lr 6.15e-06
step   1560 | train_loss 2.0066 | lr 6.10e-06
step   1570 | train_loss 2.0115 | lr 6.06e-06
step   1580 | train_loss 2.0373 | lr 6.03e-06
step   1590 | train_loss 2.0677 | lr 6.01e-06
step   1596 | val_loss 2.0972 | val_ppl 8.14
step   1600 | train_loss 2.0261 | lr 6.00e-06
step   1600 | val_loss 2.0973 | val_ppl 8.14
Saved checkpoint to /home/system/projects/AuthLLM/checkpoints/lr_scaling/alpaca_unpacked_1600_lr6e-05_seed1337/step_1600.pt
