Data: 16,956 train / 346 val examples (0 dropped as longer than 512 tokens)
Model: medium (123,587,328 parameters), initialized from /home/system/projects/AuthLLM/checkpoints/medium/step_20000.pt (step 20000)
step     10 | train_loss 2.4074 | lr 2.73e-05
step     20 | train_loss 2.2568 | lr 5.45e-05
step     30 | train_loss 2.3143 | lr 8.18e-05
step     40 | train_loss 2.1769 | lr 9.00e-05
step     50 | train_loss 2.2370 | lr 8.98e-05
step     60 | train_loss 2.3053 | lr 8.95e-05
step     70 | train_loss 2.2774 | lr 8.90e-05
step     75 | val_loss 2.2573 | val_ppl 9.56
step     80 | train_loss 2.2094 | lr 8.83e-05
step     90 | train_loss 2.1727 | lr 8.75e-05
step    100 | train_loss 2.0890 | lr 8.65e-05
step    110 | train_loss 2.3486 | lr 8.54e-05
step    120 | train_loss 2.1891 | lr 8.42e-05
step    130 | train_loss 2.2487 | lr 8.28e-05
step    140 | train_loss 2.2645 | lr 8.12e-05
step    150 | train_loss 2.0823 | lr 7.96e-05
step    150 | val_loss 2.2309 | val_ppl 9.31
step    160 | train_loss 2.1448 | lr 7.78e-05
step    170 | train_loss 2.3296 | lr 7.59e-05
step    180 | train_loss 2.1334 | lr 7.39e-05
step    190 | train_loss 2.1984 | lr 7.19e-05
step    200 | train_loss 2.1863 | lr 6.97e-05
step    210 | train_loss 1.9067 | lr 6.74e-05
step    220 | train_loss 2.1094 | lr 6.51e-05
step    225 | val_loss 2.2139 | val_ppl 9.15
step    230 | train_loss 2.1866 | lr 6.27e-05
step    240 | train_loss 2.0779 | lr 6.02e-05
step    250 | train_loss 2.1272 | lr 5.78e-05
step    260 | train_loss 2.2635 | lr 5.52e-05
step    270 | train_loss 2.1348 | lr 5.27e-05
step    280 | train_loss 2.0891 | lr 5.01e-05
step    290 | train_loss 2.3060 | lr 4.76e-05
step    300 | train_loss 2.2646 | lr 4.50e-05
step    300 | val_loss 2.1973 | val_ppl 9.00
step    310 | train_loss 2.0495 | lr 4.25e-05
step    320 | train_loss 2.1517 | lr 4.00e-05
step    330 | train_loss 2.2294 | lr 3.75e-05
step    340 | train_loss 2.1478 | lr 3.51e-05
step    350 | train_loss 2.1776 | lr 3.27e-05
step    360 | train_loss 2.2271 | lr 3.04e-05
step    370 | train_loss 2.3513 | lr 2.82e-05
step    375 | val_loss 2.1767 | val_ppl 8.82
step    380 | train_loss 2.1600 | lr 2.61e-05
step    390 | train_loss 2.0851 | lr 2.40e-05
step    400 | train_loss 2.1748 | lr 2.21e-05
step    410 | train_loss 2.1173 | lr 2.03e-05
step    420 | train_loss 2.0378 | lr 1.86e-05
step    430 | train_loss 2.5640 | lr 1.70e-05
step    440 | train_loss 2.1474 | lr 1.55e-05
step    450 | train_loss 2.2984 | lr 1.42e-05
step    450 | val_loss 2.1609 | val_ppl 8.68
step    460 | train_loss 2.1498 | lr 1.30e-05
step    470 | train_loss 2.0321 | lr 1.20e-05
step    480 | train_loss 1.7073 | lr 1.11e-05
step    490 | train_loss 2.1172 | lr 1.04e-05
step    500 | train_loss 1.9712 | lr 9.78e-06
step    510 | train_loss 2.1631 | lr 9.36e-06
step    520 | train_loss 2.2070 | lr 9.10e-06
step    525 | val_loss 2.1539 | val_ppl 8.62
step    530 | train_loss 2.1495 | lr 9.00e-06
step    530 | val_loss 2.1532 | val_ppl 8.61
Saved checkpoint to /home/system/projects/AuthLLM/checkpoints/lr_scaling/alpaca_third_unpacked_530_lr9e-05_seed1338/step_530.pt
