Data: 50,868 train / 1,038 val examples (68 dropped as longer than 512 tokens)
Model: medium (123,587,328 parameters), initialized from /home/system/projects/AuthLLM/checkpoints/medium/step_20000.pt (step 20000)
step     10 | train_loss 2.3097 | lr 1.14e-04
step     20 | train_loss 2.1895 | lr 2.27e-04
step     30 | train_loss 2.1953 | lr 2.50e-04
step     40 | train_loss 2.3275 | lr 2.49e-04
step     50 | train_loss 2.1680 | lr 2.46e-04
step     50 | val_loss 2.2265 | val_ppl 9.27
step     60 | train_loss 2.2201 | lr 2.43e-04
step     70 | train_loss 2.1634 | lr 2.39e-04
step     80 | train_loss 2.2078 | lr 2.34e-04
step     90 | train_loss 2.1696 | lr 2.28e-04
step    100 | train_loss 2.2875 | lr 2.21e-04
step    100 | val_loss 2.1951 | val_ppl 8.98
step    110 | train_loss 2.2112 | lr 2.13e-04
step    120 | train_loss 2.1522 | lr 2.05e-04
step    130 | train_loss 2.2248 | lr 1.96e-04
step    140 | train_loss 2.1803 | lr 1.86e-04
step    150 | train_loss 2.2306 | lr 1.77e-04
step    150 | val_loss 2.1553 | val_ppl 8.63
step    160 | train_loss 2.1444 | lr 1.66e-04
step    170 | train_loss 2.1585 | lr 1.56e-04
step    180 | train_loss 2.1054 | lr 1.45e-04
step    190 | train_loss 2.1616 | lr 1.34e-04
step    200 | train_loss 2.2116 | lr 1.24e-04
step    200 | val_loss 2.1115 | val_ppl 8.26
step    210 | train_loss 2.1297 | lr 1.13e-04
step    220 | train_loss 2.1305 | lr 1.03e-04
step    230 | train_loss 2.1177 | lr 9.25e-05
step    240 | train_loss 2.0578 | lr 8.28e-05
step    250 | train_loss 2.1263 | lr 7.37e-05
step    250 | val_loss 2.0770 | val_ppl 7.98
step    260 | train_loss 1.9492 | lr 6.51e-05
step    270 | train_loss 2.1766 | lr 5.72e-05
step    280 | train_loss 2.0606 | lr 5.00e-05
step    290 | train_loss 1.9802 | lr 4.37e-05
step    300 | train_loss 2.1449 | lr 3.82e-05
step    300 | val_loss 2.0496 | val_ppl 7.76
step    310 | train_loss 2.0858 | lr 3.36e-05
step    320 | train_loss 2.0769 | lr 2.99e-05
step    330 | train_loss 2.0522 | lr 2.73e-05
step    340 | train_loss 2.1258 | lr 2.56e-05
step    350 | train_loss 2.1056 | lr 2.50e-05
step    350 | val_loss 2.0394 | val_ppl 7.69
Saved checkpoint to /home/system/projects/AuthLLM/checkpoints/lr_scaling/alpaca_wide_350_lr0.00025_seed1337/step_350.pt
