Data: 16,956 train / 346 val examples (0 dropped as longer than 512 tokens)
Model: medium (123,587,328 parameters), initialized from /home/system/projects/AuthLLM/checkpoints/medium/step_20000.pt (step 20000)
step     10 | train_loss 2.5070 | lr 1.82e-05
step     20 | train_loss 2.1141 | lr 3.64e-05
step     30 | train_loss 2.1934 | lr 5.45e-05
step     40 | train_loss 2.2099 | lr 6.00e-05
step     50 | train_loss 2.0574 | lr 5.99e-05
step     60 | train_loss 2.4475 | lr 5.96e-05
step     70 | train_loss 2.2515 | lr 5.93e-05
step     75 | val_loss 2.1894 | val_ppl 8.93
step     80 | train_loss 2.1489 | lr 5.89e-05
step     90 | train_loss 2.3261 | lr 5.83e-05
step    100 | train_loss 2.4397 | lr 5.77e-05
step    110 | train_loss 2.3172 | lr 5.69e-05
step    120 | train_loss 2.0435 | lr 5.61e-05
step    130 | train_loss 2.0133 | lr 5.52e-05
step    140 | train_loss 2.2446 | lr 5.42e-05
step    150 | train_loss 2.2025 | lr 5.31e-05
step    150 | val_loss 2.1438 | val_ppl 8.53
step    160 | train_loss 2.2717 | lr 5.19e-05
step    170 | train_loss 2.1089 | lr 5.06e-05
step    180 | train_loss 2.2752 | lr 4.93e-05
step    190 | train_loss 2.0171 | lr 4.79e-05
step    200 | train_loss 2.0998 | lr 4.65e-05
step    210 | train_loss 2.1994 | lr 4.49e-05
step    220 | train_loss 2.1639 | lr 4.34e-05
step    225 | val_loss 2.1162 | val_ppl 8.30
step    230 | train_loss 2.2084 | lr 4.18e-05
step    240 | train_loss 2.2654 | lr 4.02e-05
step    250 | train_loss 2.2329 | lr 3.85e-05
step    260 | train_loss 2.2069 | lr 3.68e-05
step    270 | train_loss 2.1206 | lr 3.51e-05
step    280 | train_loss 2.1455 | lr 3.34e-05
step    290 | train_loss 2.1835 | lr 3.17e-05
step    300 | train_loss 2.2583 | lr 3.00e-05
step    300 | val_loss 2.0914 | val_ppl 8.10
step    310 | train_loss 2.1643 | lr 2.83e-05
step    320 | train_loss 2.0653 | lr 2.67e-05
step    330 | train_loss 2.1310 | lr 2.50e-05
step    340 | train_loss 2.1439 | lr 2.34e-05
step    350 | train_loss 2.2575 | lr 2.18e-05
step    360 | train_loss 2.2021 | lr 2.03e-05
step    370 | train_loss 2.2079 | lr 1.88e-05
step    375 | val_loss 2.0809 | val_ppl 8.01
step    380 | train_loss 2.1705 | lr 1.74e-05
step    390 | train_loss 2.2028 | lr 1.60e-05
step    400 | train_loss 2.0862 | lr 1.47e-05
step    410 | train_loss 2.1431 | lr 1.35e-05
step    420 | train_loss 2.0185 | lr 1.24e-05
step    430 | train_loss 2.1199 | lr 1.13e-05
step    440 | train_loss 2.1032 | lr 1.03e-05
step    450 | train_loss 2.0961 | lr 9.46e-06
step    450 | val_loss 2.0711 | val_ppl 7.93
step    460 | train_loss 2.0597 | lr 8.67e-06
step    470 | train_loss 2.1662 | lr 7.98e-06
step    480 | train_loss 2.0808 | lr 7.39e-06
step    490 | train_loss 2.0929 | lr 6.90e-06
step    500 | train_loss 2.0720 | lr 6.52e-06
step    510 | train_loss 2.1210 | lr 6.24e-06
step    520 | train_loss 2.0297 | lr 6.07e-06
step    525 | val_loss 2.0650 | val_ppl 7.89
step    530 | train_loss 2.1742 | lr 6.00e-06
step    530 | val_loss 2.0648 | val_ppl 7.88
Saved checkpoint to /home/system/projects/AuthLLM/checkpoints/lr_scaling/alpaca_long_unpacked_530_lr6e-05_seed1337/step_530.pt
