Data: 16,956 train / 346 val examples (0 dropped as longer than 512 tokens)
Model: medium (123,587,328 parameters), initialized from /home/system/projects/AuthLLM/checkpoints/medium/step_20000.pt (step 20000)
step     10 | train_loss 2.6467 | lr 9.09e-07
step     20 | train_loss 2.4813 | lr 1.82e-06
step     30 | train_loss 2.3297 | lr 2.73e-06
step     40 | train_loss 2.5095 | lr 3.00e-06
step     50 | train_loss 2.3175 | lr 2.99e-06
step     60 | train_loss 2.3735 | lr 2.98e-06
step     70 | train_loss 2.3595 | lr 2.97e-06
step     75 | val_loss 2.3011 | val_ppl 9.99
step     80 | train_loss 2.3884 | lr 2.94e-06
step     90 | train_loss 2.2431 | lr 2.92e-06
step    100 | train_loss 2.1902 | lr 2.88e-06
step    110 | train_loss 2.1046 | lr 2.85e-06
step    120 | train_loss 2.0847 | lr 2.81e-06
step    130 | train_loss 2.3545 | lr 2.76e-06
step    140 | train_loss 2.4906 | lr 2.71e-06
step    150 | train_loss 2.1074 | lr 2.65e-06
step    150 | val_loss 2.2547 | val_ppl 9.53
step    160 | train_loss 2.3775 | lr 2.59e-06
step    170 | train_loss 2.4036 | lr 2.53e-06
step    180 | train_loss 2.2664 | lr 2.46e-06
step    190 | train_loss 2.1092 | lr 2.40e-06
step    200 | train_loss 2.4332 | lr 2.32e-06
step    210 | train_loss 2.2010 | lr 2.25e-06
step    220 | train_loss 2.2629 | lr 2.17e-06
step    225 | val_loss 2.2331 | val_ppl 9.33
step    230 | train_loss 2.3268 | lr 2.09e-06
step    240 | train_loss 2.2051 | lr 2.01e-06
step    250 | train_loss 2.4059 | lr 1.93e-06
step    260 | train_loss 2.2696 | lr 1.84e-06
step    270 | train_loss 2.2593 | lr 1.76e-06
step    280 | train_loss 2.2521 | lr 1.67e-06
step    290 | train_loss 2.5090 | lr 1.59e-06
step    300 | train_loss 2.2584 | lr 1.50e-06
step    300 | val_loss 2.2211 | val_ppl 9.22
step    310 | train_loss 2.6037 | lr 1.42e-06
step    320 | train_loss 2.2258 | lr 1.33e-06
step    330 | train_loss 2.2922 | lr 1.25e-06
step    340 | train_loss 2.1920 | lr 1.17e-06
step    350 | train_loss 2.5380 | lr 1.09e-06
step    360 | train_loss 2.1193 | lr 1.01e-06
step    370 | train_loss 2.3819 | lr 9.41e-07
step    375 | val_loss 2.2143 | val_ppl 9.15
step    380 | train_loss 2.5609 | lr 8.70e-07
step    390 | train_loss 2.1179 | lr 8.02e-07
step    400 | train_loss 2.0363 | lr 7.37e-07
step    410 | train_loss 2.2231 | lr 6.76e-07
step    420 | train_loss 2.2577 | lr 6.19e-07
step    430 | train_loss 2.3074 | lr 5.66e-07
step    440 | train_loss 2.1238 | lr 5.17e-07
step    450 | train_loss 2.1799 | lr 4.73e-07
step    450 | val_loss 2.2107 | val_ppl 9.12
step    460 | train_loss 2.3164 | lr 4.34e-07
step    470 | train_loss 2.0990 | lr 3.99e-07
step    480 | train_loss 2.3089 | lr 3.70e-07
step    490 | train_loss 2.2606 | lr 3.45e-07
step    500 | train_loss 2.4889 | lr 3.26e-07
step    510 | train_loss 2.2336 | lr 3.12e-07
step    520 | train_loss 2.3294 | lr 3.03e-07
step    525 | val_loss 2.2090 | val_ppl 9.11
step    530 | train_loss 2.0541 | lr 3.00e-07
step    530 | val_loss 2.2090 | val_ppl 9.11
Saved checkpoint to /home/system/projects/AuthLLM/checkpoints/lr_scaling/alpaca_third_unpacked_530_lr3e-06_seed1337/step_530.pt
