Data: 16,956 train / 346 val examples (0 dropped as longer than 512 tokens)
Model: medium (123,587,328 parameters), initialized from /home/system/projects/AuthLLM/checkpoints/medium/step_20000.pt (step 20000)
step     10 | train_loss 2.0433 | lr 1.21e-04
step     20 | train_loss 2.6034 | lr 2.42e-04
step     30 | train_loss 2.3479 | lr 3.64e-04
step     40 | train_loss 2.9687 | lr 4.00e-04
step     50 | train_loss 2.3453 | lr 3.99e-04
step     60 | train_loss 2.7423 | lr 3.98e-04
step     70 | train_loss 2.9696 | lr 3.95e-04
step     75 | val_loss 2.8492 | val_ppl 17.27
step     80 | train_loss 2.8639 | lr 3.92e-04
step     90 | train_loss 2.8852 | lr 3.89e-04
step    100 | train_loss 2.8456 | lr 3.85e-04
step    110 | train_loss 2.6202 | lr 3.80e-04
step    120 | train_loss 2.8661 | lr 3.74e-04
step    130 | train_loss 2.6995 | lr 3.68e-04
step    140 | train_loss 2.4512 | lr 3.61e-04
step    150 | train_loss 3.0506 | lr 3.54e-04
step    150 | val_loss 2.8900 | val_ppl 17.99
step    160 | train_loss 2.8875 | lr 3.46e-04
step    170 | train_loss 2.4018 | lr 3.37e-04
step    180 | train_loss 3.2333 | lr 3.29e-04
step    190 | train_loss 2.7585 | lr 3.19e-04
step    200 | train_loss 2.8028 | lr 3.10e-04
step    210 | train_loss 2.6000 | lr 3.00e-04
step    220 | train_loss 2.9659 | lr 2.89e-04
step    225 | val_loss 2.9018 | val_ppl 18.21
step    230 | train_loss 2.4913 | lr 2.79e-04
step    240 | train_loss 2.8451 | lr 2.68e-04
step    250 | train_loss 2.5442 | lr 2.57e-04
step    260 | train_loss 2.5018 | lr 2.46e-04
step    270 | train_loss 2.6521 | lr 2.34e-04
step    280 | train_loss 2.7231 | lr 2.23e-04
step    290 | train_loss 2.5152 | lr 2.11e-04
step    300 | train_loss 2.8160 | lr 2.00e-04
step    300 | val_loss 2.8062 | val_ppl 16.55
step    310 | train_loss 2.5986 | lr 1.89e-04
step    320 | train_loss 2.6186 | lr 1.78e-04
step    330 | train_loss 3.0853 | lr 1.67e-04
step    340 | train_loss 2.5107 | lr 1.56e-04
step    350 | train_loss 2.8757 | lr 1.46e-04
step    360 | train_loss 2.3234 | lr 1.35e-04
step    370 | train_loss 2.9355 | lr 1.25e-04
step    375 | val_loss 2.7087 | val_ppl 15.01
step    380 | train_loss 3.1003 | lr 1.16e-04
step    390 | train_loss 2.1496 | lr 1.07e-04
step    400 | train_loss 2.5203 | lr 9.83e-05
step    410 | train_loss 2.5287 | lr 9.01e-05
step    420 | train_loss 2.6721 | lr 8.25e-05
step    430 | train_loss 2.6000 | lr 7.55e-05
step    440 | train_loss 2.6254 | lr 6.90e-05
step    450 | train_loss 2.3828 | lr 6.31e-05
step    450 | val_loss 2.6172 | val_ppl 13.70
step    460 | train_loss 2.0826 | lr 5.78e-05
step    470 | train_loss 2.3484 | lr 5.32e-05
step    480 | train_loss 2.8307 | lr 4.93e-05
step    490 | train_loss 3.1350 | lr 4.60e-05
step    500 | train_loss 2.3167 | lr 4.34e-05
step    510 | train_loss 2.2990 | lr 4.16e-05
step    520 | train_loss 2.2956 | lr 4.04e-05
step    525 | val_loss 2.5695 | val_ppl 13.06
step    530 | train_loss 2.3826 | lr 4.00e-05
step    530 | val_loss 2.5668 | val_ppl 13.02
Saved checkpoint to /home/system/projects/AuthLLM/checkpoints/lr_scaling/alpaca_short_unpacked_530_lr0.0004_seed1337/step_530.pt
