Data: 16,956 train / 346 val examples (0 dropped as longer than 512 tokens)
Model: medium (123,587,328 parameters), initialized from /home/system/projects/AuthLLM/checkpoints/medium/step_20000.pt (step 20000)
step     10 | train_loss 2.3365 | lr 8.99e-05
step     15 | val_loss 2.2620 | val_ppl 9.60
step     20 | train_loss 2.3108 | lr 8.73e-05
step     30 | train_loss 2.1708 | lr 8.11e-05
step     30 | val_loss 2.2255 | val_ppl 9.26
step     40 | train_loss 2.2180 | lr 7.19e-05
step     45 | val_loss 2.2010 | val_ppl 9.03
step     50 | train_loss 2.3125 | lr 6.06e-05
step     60 | train_loss 2.2526 | lr 4.83e-05
step     60 | val_loss 2.1881 | val_ppl 8.92
step     70 | train_loss 2.0035 | lr 3.60e-05
step     75 | val_loss 2.1722 | val_ppl 8.78
step     80 | train_loss 2.1228 | lr 2.51e-05
step     90 | train_loss 2.1204 | lr 1.64e-05
step     90 | val_loss 2.1622 | val_ppl 8.69
step    100 | train_loss 2.0488 | lr 1.09e-05
step    105 | val_loss 2.1545 | val_ppl 8.62
step    109 | train_loss 1.9004 | lr 9.02e-06
step    109 | val_loss 2.1530 | val_ppl 8.61
Saved checkpoint to /home/system/projects/AuthLLM/checkpoints/lr_scaling/alpaca_mid_unpacked_109_lr9e-05_seed1337/step_109.pt
