Data: 50,869 train / 1,037 val examples (68 dropped as longer than 512 tokens)
Model: medium (123,587,328 parameters), initialized from /home/system/projects/AuthLLM/checkpoints/medium/step_20000.pt (step 20000)
step     10 | train_loss 2.6458 | lr 6.00e-06
step     20 | train_loss 2.2458 | lr 1.20e-05
step     30 | train_loss 2.2983 | lr 1.80e-05
step     40 | train_loss 2.4753 | lr 2.40e-05
step     50 | train_loss 2.5185 | lr 3.00e-05
step     60 | train_loss 2.4036 | lr 3.60e-05
step     70 | train_loss 2.0902 | lr 4.20e-05
step     80 | train_loss 2.1772 | lr 4.80e-05
step     90 | train_loss 2.2818 | lr 5.40e-05
step    100 | train_loss 2.3512 | lr 6.00e-05
step    110 | train_loss 2.1782 | lr 6.00e-05
step    120 | train_loss 2.1594 | lr 6.00e-05
step    130 | train_loss 2.0112 | lr 6.00e-05
step    140 | train_loss 2.1445 | lr 5.99e-05
step    150 | train_loss 2.1775 | lr 5.99e-05
step    160 | train_loss 2.0679 | lr 5.98e-05
step    170 | train_loss 2.3703 | lr 5.97e-05
step    180 | train_loss 2.3175 | lr 5.96e-05
step    190 | train_loss 2.3413 | lr 5.95e-05
step    200 | train_loss 2.0744 | lr 5.94e-05
step    210 | train_loss 2.2480 | lr 5.93e-05
step    220 | train_loss 2.2434 | lr 5.92e-05
step    228 | val_loss 2.1399 | val_ppl 8.50
step    230 | train_loss 2.0931 | lr 5.90e-05
step    240 | train_loss 2.2277 | lr 5.89e-05
step    250 | train_loss 2.1056 | lr 5.87e-05
step    260 | train_loss 2.3566 | lr 5.85e-05
step    270 | train_loss 2.0808 | lr 5.83e-05
step    280 | train_loss 2.1362 | lr 5.81e-05
step    290 | train_loss 1.8650 | lr 5.79e-05
step    300 | train_loss 2.2904 | lr 5.77e-05
step    310 | train_loss 2.3020 | lr 5.75e-05
step    320 | train_loss 2.1034 | lr 5.72e-05
step    330 | train_loss 2.1635 | lr 5.70e-05
step    340 | train_loss 2.0545 | lr 5.67e-05
step    350 | train_loss 2.2203 | lr 5.64e-05
step    360 | train_loss 2.1030 | lr 5.61e-05
step    370 | train_loss 2.1397 | lr 5.58e-05
step    380 | train_loss 2.3744 | lr 5.55e-05
step    390 | train_loss 2.0221 | lr 5.52e-05
step    400 | train_loss 1.9543 | lr 5.49e-05
step    410 | train_loss 2.0440 | lr 5.45e-05
step    420 | train_loss 2.3619 | lr 5.42e-05
step    430 | train_loss 2.0893 | lr 5.38e-05
step    440 | train_loss 2.2275 | lr 5.35e-05
step    450 | train_loss 2.1537 | lr 5.31e-05
step    456 | val_loss 2.1064 | val_ppl 8.22
step    460 | train_loss 2.1490 | lr 5.27e-05
step    470 | train_loss 2.0429 | lr 5.23e-05
step    480 | train_loss 2.0694 | lr 5.19e-05
step    490 | train_loss 2.1939 | lr 5.15e-05
step    500 | train_loss 2.4289 | lr 5.11e-05
step    510 | train_loss 2.0829 | lr 5.07e-05
step    520 | train_loss 2.2066 | lr 5.03e-05
step    530 | train_loss 2.2479 | lr 4.98e-05
step    540 | train_loss 2.0877 | lr 4.94e-05
step    550 | train_loss 2.0489 | lr 4.89e-05
step    560 | train_loss 2.2851 | lr 4.85e-05
step    570 | train_loss 2.2796 | lr 4.80e-05
step    580 | train_loss 2.2532 | lr 4.75e-05
step    590 | train_loss 2.2109 | lr 4.70e-05
step    600 | train_loss 2.2968 | lr 4.65e-05
step    610 | train_loss 2.0856 | lr 4.61e-05
step    620 | train_loss 2.0396 | lr 4.56e-05
step    630 | train_loss 1.8293 | lr 4.51e-05
step    640 | train_loss 2.2328 | lr 4.45e-05
step    650 | train_loss 2.2080 | lr 4.40e-05
step    660 | train_loss 1.9267 | lr 4.35e-05
step    670 | train_loss 2.1003 | lr 4.30e-05
step    680 | train_loss 2.1656 | lr 4.25e-05
step    684 | val_loss 2.0885 | val_ppl 8.07
step    690 | train_loss 2.0615 | lr 4.19e-05
step    700 | train_loss 2.0091 | lr 4.14e-05
step    710 | train_loss 2.1773 | lr 4.09e-05
step    720 | train_loss 2.0822 | lr 4.03e-05
step    730 | train_loss 2.0048 | lr 3.98e-05
step    740 | train_loss 2.3428 | lr 3.92e-05
step    750 | train_loss 2.1087 | lr 3.87e-05
step    760 | train_loss 2.1242 | lr 3.81e-05
step    770 | train_loss 2.1242 | lr 3.76e-05
step    780 | train_loss 2.1070 | lr 3.70e-05
step    790 | train_loss 2.1645 | lr 3.64e-05
step    800 | train_loss 2.1817 | lr 3.59e-05
step    810 | train_loss 2.0742 | lr 3.53e-05
step    820 | train_loss 2.1027 | lr 3.48e-05
step    830 | train_loss 2.2570 | lr 3.42e-05
step    840 | train_loss 2.2423 | lr 3.36e-05
step    850 | train_loss 2.3342 | lr 3.31e-05
step    860 | train_loss 2.1466 | lr 3.25e-05
step    870 | train_loss 2.1041 | lr 3.19e-05
step    880 | train_loss 2.1799 | lr 3.14e-05
step    890 | train_loss 2.2523 | lr 3.08e-05
step    900 | train_loss 2.0852 | lr 3.02e-05
step    910 | train_loss 2.2195 | lr 2.97e-05
step    912 | val_loss 2.0732 | val_ppl 7.95
step    920 | train_loss 2.1337 | lr 2.91e-05
step    930 | train_loss 1.9756 | lr 2.86e-05
step    940 | train_loss 1.9948 | lr 2.80e-05
step    950 | train_loss 2.1248 | lr 2.74e-05
step    960 | train_loss 1.9031 | lr 2.69e-05
step    970 | train_loss 2.0857 | lr 2.63e-05
step    980 | train_loss 2.3869 | lr 2.58e-05
step    990 | train_loss 2.1535 | lr 2.53e-05
step   1000 | train_loss 2.0470 | lr 2.47e-05
step   1010 | train_loss 2.1384 | lr 2.42e-05
step   1020 | train_loss 2.1484 | lr 2.36e-05
step   1030 | train_loss 2.3398 | lr 2.31e-05
step   1040 | train_loss 2.1790 | lr 2.26e-05
step   1050 | train_loss 1.8851 | lr 2.21e-05
step   1060 | train_loss 2.0922 | lr 2.16e-05
step   1070 | train_loss 2.1942 | lr 2.10e-05
step   1080 | train_loss 2.0669 | lr 2.05e-05
step   1090 | train_loss 2.2441 | lr 2.00e-05
step   1100 | train_loss 2.1700 | lr 1.95e-05
step   1110 | train_loss 2.1467 | lr 1.91e-05
step   1120 | train_loss 2.0572 | lr 1.86e-05
step   1130 | train_loss 2.1229 | lr 1.81e-05
step   1140 | train_loss 2.0697 | lr 1.76e-05
step   1140 | val_loss 2.0619 | val_ppl 7.86
step   1150 | train_loss 2.1774 | lr 1.72e-05
step   1160 | train_loss 2.2524 | lr 1.67e-05
step   1170 | train_loss 2.1313 | lr 1.63e-05
step   1180 | train_loss 2.2678 | lr 1.58e-05
step   1190 | train_loss 2.2500 | lr 1.54e-05
step   1200 | train_loss 2.2310 | lr 1.50e-05
step   1210 | train_loss 2.2697 | lr 1.46e-05
step   1220 | train_loss 1.9450 | lr 1.41e-05
step   1230 | train_loss 1.9001 | lr 1.37e-05
step   1240 | train_loss 2.1145 | lr 1.34e-05
step   1250 | train_loss 2.3011 | lr 1.30e-05
step   1260 | train_loss 2.2994 | lr 1.26e-05
step   1270 | train_loss 2.2467 | lr 1.22e-05
step   1280 | train_loss 2.0922 | lr 1.19e-05
step   1290 | train_loss 1.7831 | lr 1.15e-05
step   1300 | train_loss 1.9284 | lr 1.12e-05
step   1310 | train_loss 2.0154 | lr 1.09e-05
step   1320 | train_loss 1.9132 | lr 1.05e-05
step   1330 | train_loss 2.0747 | lr 1.02e-05
step   1340 | train_loss 2.3603 | lr 9.93e-06
step   1350 | train_loss 2.1856 | lr 9.65e-06
step   1360 | train_loss 2.0838 | lr 9.37e-06
step   1368 | val_loss 2.0504 | val_ppl 7.77
step   1370 | train_loss 1.9492 | lr 9.10e-06
step   1380 | train_loss 2.0503 | lr 8.84e-06
step   1390 | train_loss 2.0178 | lr 8.59e-06
step   1400 | train_loss 2.2454 | lr 8.36e-06
step   1410 | train_loss 2.1691 | lr 8.13e-06
step   1420 | train_loss 2.1552 | lr 7.92e-06
step   1430 | train_loss 2.0663 | lr 7.71e-06
step   1440 | train_loss 1.9470 | lr 7.52e-06
step   1450 | train_loss 2.2140 | lr 7.34e-06
step   1460 | train_loss 2.4033 | lr 7.17e-06
step   1470 | train_loss 2.2867 | lr 7.01e-06
step   1480 | train_loss 2.1379 | lr 6.86e-06
step   1490 | train_loss 2.0078 | lr 6.73e-06
step   1500 | train_loss 1.9064 | lr 6.60e-06
step   1510 | train_loss 2.4375 | lr 6.49e-06
step   1520 | train_loss 1.8732 | lr 6.39e-06
step   1530 | train_loss 2.1816 | lr 6.30e-06
step   1540 | train_loss 2.1043 | lr 6.22e-06
step   1550 | train_loss 2.1405 | lr 6.15e-06
step   1560 | train_loss 2.0151 | lr 6.10e-06
step   1570 | train_loss 2.2939 | lr 6.06e-06
step   1580 | train_loss 2.1797 | lr 6.03e-06
step   1590 | train_loss 1.8978 | lr 6.01e-06
step   1596 | val_loss 2.0466 | val_ppl 7.74
step   1600 | train_loss 1.8368 | lr 6.00e-06
step   1600 | val_loss 2.0468 | val_ppl 7.74
Saved checkpoint to /home/system/projects/AuthLLM/checkpoints/lr_scaling/alpaca_unpacked_1600_lr6e-05_seed1338/step_1600.pt
