Data: 16,956 train / 346 val examples (0 dropped as longer than 512 tokens)
Model: medium (123,587,328 parameters), initialized from /home/system/projects/AuthLLM/checkpoints/medium/step_20000.pt (step 20000)
step     10 | train_loss 2.4463 | lr 3.00e-05
step     16 | val_loss 2.2764 | val_ppl 9.74
step     20 | train_loss 2.2764 | lr 2.92e-05
step     30 | train_loss 2.1717 | lr 2.75e-05
step     32 | val_loss 2.2374 | val_ppl 9.37
step     40 | train_loss 2.3391 | lr 2.48e-05
step     48 | val_loss 2.2161 | val_ppl 9.17
step     50 | train_loss 2.1904 | lr 2.15e-05
step     60 | train_loss 2.2374 | lr 1.78e-05
step     64 | val_loss 2.2026 | val_ppl 9.05
step     70 | train_loss 2.2694 | lr 1.40e-05
step     80 | train_loss 2.2636 | lr 1.04e-05
step     80 | val_loss 2.1938 | val_ppl 8.97
step     90 | train_loss 2.1391 | lr 7.30e-06
step     96 | val_loss 2.1894 | val_ppl 8.93
step    100 | train_loss 2.0947 | lr 4.91e-06
step    110 | train_loss 2.0406 | lr 3.44e-06
step    112 | val_loss 2.1860 | val_ppl 8.90
step    118 | train_loss 2.2167 | lr 3.01e-06
step    118 | val_loss 2.1849 | val_ppl 8.89
Saved checkpoint to /home/system/projects/AuthLLM/checkpoints/lr_scaling/alpaca_third_unpacked_118_lr3e-05_seed1337/step_118.pt
