Data: 16,956 train / 346 val examples (0 dropped as longer than 512 tokens)
Model: medium (123,587,328 parameters), initialized from /home/system/projects/AuthLLM/checkpoints/medium/step_20000.pt (step 20000)
step     10 | train_loss 2.5120 | lr 6.06e-06
step     20 | train_loss 2.4335 | lr 1.21e-05
step     30 | train_loss 2.2488 | lr 1.82e-05
step     40 | train_loss 2.2805 | lr 2.00e-05
step     50 | train_loss 2.3005 | lr 2.00e-05
step     60 | train_loss 2.2757 | lr 1.99e-05
step     70 | train_loss 2.0247 | lr 1.98e-05
step     75 | val_loss 2.1902 | val_ppl 8.94
step     80 | train_loss 2.1338 | lr 1.96e-05
step     90 | train_loss 2.1140 | lr 1.94e-05
step    100 | train_loss 2.0532 | lr 1.92e-05
step    110 | train_loss 2.0788 | lr 1.90e-05
step    120 | train_loss 2.1697 | lr 1.87e-05
step    130 | train_loss 2.1002 | lr 1.84e-05
step    140 | train_loss 2.0168 | lr 1.81e-05
step    150 | train_loss 2.1246 | lr 1.77e-05
step    150 | val_loss 2.1412 | val_ppl 8.51
step    160 | train_loss 2.1203 | lr 1.73e-05
step    170 | train_loss 1.9934 | lr 1.69e-05
step    180 | train_loss 2.2709 | lr 1.64e-05
step    190 | train_loss 2.2201 | lr 1.60e-05
step    200 | train_loss 2.3296 | lr 1.55e-05
step    210 | train_loss 2.2352 | lr 1.50e-05
step    220 | train_loss 2.1342 | lr 1.45e-05
step    225 | val_loss 2.1181 | val_ppl 8.32
step    230 | train_loss 2.3246 | lr 1.39e-05
step    240 | train_loss 2.2353 | lr 1.34e-05
step    250 | train_loss 1.9226 | lr 1.28e-05
step    260 | train_loss 2.1417 | lr 1.23e-05
step    270 | train_loss 1.9672 | lr 1.17e-05
step    280 | train_loss 2.1013 | lr 1.11e-05
step    290 | train_loss 2.1083 | lr 1.06e-05
step    300 | train_loss 2.1764 | lr 1.00e-05
step    300 | val_loss 2.0989 | val_ppl 8.16
step    310 | train_loss 2.1847 | lr 9.44e-06
step    320 | train_loss 1.9115 | lr 8.89e-06
step    330 | train_loss 1.8828 | lr 8.34e-06
step    340 | train_loss 2.0376 | lr 7.80e-06
step    350 | train_loss 1.9414 | lr 7.28e-06
step    360 | train_loss 2.2017 | lr 6.77e-06
step    370 | train_loss 2.0071 | lr 6.27e-06
step    375 | val_loss 2.0906 | val_ppl 8.09
step    380 | train_loss 2.2548 | lr 5.80e-06
step    390 | train_loss 2.0537 | lr 5.34e-06
step    400 | train_loss 2.0534 | lr 4.91e-06
step    410 | train_loss 2.1298 | lr 4.51e-06
step    420 | train_loss 2.0966 | lr 4.13e-06
step    430 | train_loss 2.0235 | lr 3.77e-06
step    440 | train_loss 2.0627 | lr 3.45e-06
step    450 | train_loss 2.2313 | lr 3.15e-06
step    450 | val_loss 2.0839 | val_ppl 8.04
step    460 | train_loss 1.9856 | lr 2.89e-06
step    470 | train_loss 1.9738 | lr 2.66e-06
step    480 | train_loss 2.0773 | lr 2.46e-06
step    490 | train_loss 2.0170 | lr 2.30e-06
step    500 | train_loss 2.3363 | lr 2.17e-06
step    510 | train_loss 2.0837 | lr 2.08e-06
step    520 | train_loss 2.1544 | lr 2.02e-06
step    525 | val_loss 2.0811 | val_ppl 8.01
step    530 | train_loss 2.1468 | lr 2.00e-06
step    530 | val_loss 2.0808 | val_ppl 8.01
Saved checkpoint to /home/system/projects/AuthLLM/checkpoints/lr_scaling/alpaca_mid_unpacked_530_lr2e-05_seed1337/step_530.pt
