Data: 50,868 train / 1,038 val examples (68 dropped as longer than 512 tokens)
Model: medium (123,587,328 parameters), initialized from /home/system/projects/AuthLLM/checkpoints/medium/step_20000.pt (step 20000)
step     10 | train_loss 2.7076 | lr 9.09e-06
step     20 | train_loss 2.4171 | lr 1.82e-05
step     30 | train_loss 2.2248 | lr 2.00e-05
step     40 | train_loss 2.1670 | lr 1.99e-05
step     50 | train_loss 2.3268 | lr 1.97e-05
step     50 | val_loss 2.2541 | val_ppl 9.53
step     60 | train_loss 2.4434 | lr 1.94e-05
step     70 | train_loss 1.9817 | lr 1.91e-05
step     80 | train_loss 2.1625 | lr 1.87e-05
step     90 | train_loss 2.0752 | lr 1.82e-05
step    100 | train_loss 2.1989 | lr 1.77e-05
step    100 | val_loss 2.2046 | val_ppl 9.07
step    110 | train_loss 2.2303 | lr 1.71e-05
step    120 | train_loss 2.2489 | lr 1.64e-05
step    130 | train_loss 2.0841 | lr 1.57e-05
step    140 | train_loss 2.2437 | lr 1.49e-05
step    150 | train_loss 2.3326 | lr 1.41e-05
step    150 | val_loss 2.1842 | val_ppl 8.88
step    160 | train_loss 2.1643 | lr 1.33e-05
step    170 | train_loss 2.2199 | lr 1.25e-05
step    180 | train_loss 2.3953 | lr 1.16e-05
step    190 | train_loss 2.3064 | lr 1.07e-05
step    200 | train_loss 2.2103 | lr 9.88e-06
step    200 | val_loss 2.1711 | val_ppl 8.77
step    210 | train_loss 2.0598 | lr 9.03e-06
step    220 | train_loss 2.1713 | lr 8.20e-06
step    230 | train_loss 2.1793 | lr 7.40e-06
step    240 | train_loss 2.2620 | lr 6.62e-06
step    250 | train_loss 2.1219 | lr 5.89e-06
step    250 | val_loss 2.1620 | val_ppl 8.69
step    260 | train_loss 2.1467 | lr 5.21e-06
step    270 | train_loss 2.1644 | lr 4.58e-06
step    280 | train_loss 2.1914 | lr 4.00e-06
step    290 | train_loss 2.0740 | lr 3.49e-06
step    300 | train_loss 2.1618 | lr 3.05e-06
step    300 | val_loss 2.1562 | val_ppl 8.64
step    310 | train_loss 2.2409 | lr 2.69e-06
step    320 | train_loss 2.1537 | lr 2.39e-06
step    330 | train_loss 2.5312 | lr 2.18e-06
step    340 | train_loss 2.0048 | lr 2.05e-06
step    350 | train_loss 2.2220 | lr 2.00e-06
step    350 | val_loss 2.1539 | val_ppl 8.62
Saved checkpoint to /home/system/projects/AuthLLM/checkpoints/lr_scaling/alpaca_unpacked_350_lr2e-05_seed1337/step_350.pt
