Data: 50,868 train / 1,038 val examples (68 dropped as longer than 512 tokens)
Model: medium (123,587,328 parameters), initialized from /home/system/projects/AuthLLM/checkpoints/medium/step_20000.pt (step 20000)
step     10 | train_loss 2.7082 | lr 9.00e-06
step     20 | train_loss 2.4181 | lr 1.80e-05
step     30 | train_loss 2.2244 | lr 2.70e-05
step     40 | train_loss 2.1680 | lr 3.60e-05
step     50 | train_loss 2.3157 | lr 4.50e-05
step     60 | train_loss 2.4291 | lr 5.40e-05
step     70 | train_loss 1.9723 | lr 6.30e-05
step     80 | train_loss 2.1448 | lr 7.20e-05
step     90 | train_loss 2.0756 | lr 8.10e-05
step    100 | train_loss 2.1794 | lr 9.00e-05
step    110 | train_loss 2.2324 | lr 9.00e-05
step    120 | train_loss 2.2649 | lr 9.00e-05
step    130 | train_loss 2.1219 | lr 8.99e-05
step    140 | train_loss 2.2597 | lr 8.99e-05
step    150 | train_loss 2.3572 | lr 8.98e-05
step    160 | train_loss 2.1654 | lr 8.97e-05
step    170 | train_loss 2.2307 | lr 8.96e-05
step    180 | train_loss 2.4380 | lr 8.94e-05
step    190 | train_loss 2.3477 | lr 8.93e-05
step    200 | train_loss 2.2457 | lr 8.91e-05
step    210 | train_loss 2.1030 | lr 8.89e-05
step    220 | train_loss 2.2057 | lr 8.87e-05
step    228 | val_loss 2.2056 | val_ppl 9.08
step    230 | train_loss 2.2164 | lr 8.85e-05
step    240 | train_loss 2.3215 | lr 8.83e-05
step    250 | train_loss 2.1499 | lr 8.80e-05
step    260 | train_loss 2.1868 | lr 8.78e-05
step    270 | train_loss 2.1757 | lr 8.75e-05
step    280 | train_loss 2.2249 | lr 8.72e-05
step    290 | train_loss 2.1268 | lr 8.69e-05
step    300 | train_loss 2.1884 | lr 8.65e-05
step    310 | train_loss 2.2863 | lr 8.62e-05
step    320 | train_loss 2.1964 | lr 8.58e-05
step    330 | train_loss 2.6050 | lr 8.54e-05
step    340 | train_loss 2.0570 | lr 8.50e-05
step    350 | train_loss 2.2865 | lr 8.46e-05
step    360 | train_loss 2.1932 | lr 8.42e-05
step    370 | train_loss 2.0941 | lr 8.37e-05
step    380 | train_loss 2.1610 | lr 8.33e-05
step    390 | train_loss 2.2673 | lr 8.28e-05
step    400 | train_loss 2.1523 | lr 8.23e-05
step    410 | train_loss 2.2182 | lr 8.18e-05
step    420 | train_loss 2.1892 | lr 8.13e-05
step    430 | train_loss 2.2132 | lr 8.08e-05
step    440 | train_loss 2.1638 | lr 8.02e-05
step    450 | train_loss 2.3740 | lr 7.97e-05
step    456 | val_loss 2.2000 | val_ppl 9.03
step    460 | train_loss 2.0631 | lr 7.91e-05
step    470 | train_loss 2.3950 | lr 7.85e-05
step    480 | train_loss 2.2306 | lr 7.79e-05
step    490 | train_loss 2.3741 | lr 7.73e-05
step    500 | train_loss 2.1039 | lr 7.67e-05
step    510 | train_loss 2.2364 | lr 7.60e-05
step    520 | train_loss 2.2251 | lr 7.54e-05
step    530 | train_loss 2.0642 | lr 7.47e-05
step    540 | train_loss 2.1507 | lr 7.41e-05
step    550 | train_loss 2.2921 | lr 7.34e-05
step    560 | train_loss 2.1388 | lr 7.27e-05
step    570 | train_loss 2.0555 | lr 7.20e-05
step    580 | train_loss 2.2690 | lr 7.13e-05
step    590 | train_loss 2.1104 | lr 7.06e-05
step    600 | train_loss 2.1320 | lr 6.98e-05
step    610 | train_loss 2.2488 | lr 6.91e-05
step    620 | train_loss 2.3342 | lr 6.83e-05
step    630 | train_loss 2.1007 | lr 6.76e-05
step    640 | train_loss 2.2912 | lr 6.68e-05
step    650 | train_loss 2.2745 | lr 6.61e-05
step    660 | train_loss 2.2224 | lr 6.53e-05
step    670 | train_loss 2.2767 | lr 6.45e-05
step    680 | train_loss 1.8732 | lr 6.37e-05
step    684 | val_loss 2.1770 | val_ppl 8.82
step    690 | train_loss 2.2447 | lr 6.29e-05
step    700 | train_loss 2.1682 | lr 6.21e-05
step    710 | train_loss 2.1549 | lr 6.13e-05
step    720 | train_loss 2.1352 | lr 6.05e-05
step    730 | train_loss 2.2070 | lr 5.97e-05
step    740 | train_loss 2.2145 | lr 5.88e-05
step    750 | train_loss 2.1466 | lr 5.80e-05
step    760 | train_loss 2.2511 | lr 5.72e-05
step    770 | train_loss 2.1240 | lr 5.63e-05
step    780 | train_loss 2.2560 | lr 5.55e-05
step    790 | train_loss 2.5542 | lr 5.47e-05
step    800 | train_loss 2.1179 | lr 5.38e-05
step    810 | train_loss 2.2127 | lr 5.30e-05
step    820 | train_loss 2.0889 | lr 5.21e-05
step    830 | train_loss 2.2032 | lr 5.13e-05
step    840 | train_loss 2.0862 | lr 5.04e-05
step    850 | train_loss 2.1028 | lr 4.96e-05
step    860 | train_loss 2.0705 | lr 4.87e-05
step    870 | train_loss 1.9712 | lr 4.79e-05
step    880 | train_loss 2.1021 | lr 4.70e-05
step    890 | train_loss 2.2184 | lr 4.62e-05
step    900 | train_loss 2.4105 | lr 4.54e-05
step    910 | train_loss 1.8676 | lr 4.45e-05
step    912 | val_loss 2.1645 | val_ppl 8.71
step    920 | train_loss 2.1224 | lr 4.37e-05
step    930 | train_loss 2.2544 | lr 4.28e-05
step    940 | train_loss 1.9117 | lr 4.20e-05
step    950 | train_loss 2.3910 | lr 4.12e-05
step    960 | train_loss 2.5181 | lr 4.03e-05
step    970 | train_loss 2.1124 | lr 3.95e-05
step    980 | train_loss 2.3230 | lr 3.87e-05
step    990 | train_loss 2.2305 | lr 3.79e-05
step   1000 | train_loss 1.8996 | lr 3.71e-05
step   1010 | train_loss 2.2822 | lr 3.63e-05
step   1020 | train_loss 2.1710 | lr 3.55e-05
step   1030 | train_loss 2.3128 | lr 3.47e-05
step   1040 | train_loss 2.2855 | lr 3.39e-05
step   1050 | train_loss 2.2261 | lr 3.31e-05
step   1060 | train_loss 2.3386 | lr 3.23e-05
step   1070 | train_loss 2.2208 | lr 3.16e-05
step   1080 | train_loss 2.0353 | lr 3.08e-05
step   1090 | train_loss 2.1457 | lr 3.01e-05
step   1100 | train_loss 1.9377 | lr 2.93e-05
step   1110 | train_loss 2.2059 | lr 2.86e-05
step   1120 | train_loss 2.1148 | lr 2.79e-05
step   1130 | train_loss 2.1614 | lr 2.72e-05
step   1140 | train_loss 2.1053 | lr 2.65e-05
step   1140 | val_loss 2.1510 | val_ppl 8.59
step   1150 | train_loss 2.2376 | lr 2.58e-05
step   1160 | train_loss 2.2627 | lr 2.51e-05
step   1170 | train_loss 2.2283 | lr 2.44e-05
step   1180 | train_loss 1.8263 | lr 2.37e-05
step   1190 | train_loss 2.2547 | lr 2.31e-05
step   1200 | train_loss 2.2859 | lr 2.25e-05
step   1210 | train_loss 2.0472 | lr 2.18e-05
step   1220 | train_loss 2.0859 | lr 2.12e-05
step   1230 | train_loss 2.1703 | lr 2.06e-05
step   1240 | train_loss 2.0531 | lr 2.00e-05
step   1250 | train_loss 2.3522 | lr 1.95e-05
step   1260 | train_loss 1.9801 | lr 1.89e-05
step   1270 | train_loss 2.0692 | lr 1.83e-05
step   1280 | train_loss 2.3056 | lr 1.78e-05
step   1290 | train_loss 1.9987 | lr 1.73e-05
step   1300 | train_loss 2.4138 | lr 1.68e-05
step   1310 | train_loss 2.0355 | lr 1.63e-05
step   1320 | train_loss 2.0399 | lr 1.58e-05
step   1330 | train_loss 2.3078 | lr 1.54e-05
step   1340 | train_loss 2.0869 | lr 1.49e-05
step   1350 | train_loss 2.2072 | lr 1.45e-05
step   1360 | train_loss 2.3414 | lr 1.41e-05
step   1368 | val_loss 2.1390 | val_ppl 8.49
step   1370 | train_loss 2.0607 | lr 1.36e-05
step   1380 | train_loss 2.3585 | lr 1.33e-05
step   1390 | train_loss 2.0168 | lr 1.29e-05
step   1400 | train_loss 2.2704 | lr 1.25e-05
step   1410 | train_loss 2.0488 | lr 1.22e-05
step   1420 | train_loss 2.2339 | lr 1.19e-05
step   1430 | train_loss 2.2289 | lr 1.16e-05
step   1440 | train_loss 2.1794 | lr 1.13e-05
step   1450 | train_loss 2.0241 | lr 1.10e-05
step   1460 | train_loss 2.2394 | lr 1.08e-05
step   1470 | train_loss 2.1238 | lr 1.05e-05
step   1480 | train_loss 1.9220 | lr 1.03e-05
step   1490 | train_loss 2.4017 | lr 1.01e-05
step   1500 | train_loss 2.2242 | lr 9.90e-06
step   1510 | train_loss 2.0411 | lr 9.73e-06
step   1520 | train_loss 2.1226 | lr 9.58e-06
step   1530 | train_loss 2.2323 | lr 9.45e-06
step   1540 | train_loss 2.0316 | lr 9.33e-06
step   1550 | train_loss 2.1540 | lr 9.23e-06
step   1560 | train_loss 2.0383 | lr 9.15e-06
step   1570 | train_loss 2.0427 | lr 9.09e-06
step   1580 | train_loss 2.0817 | lr 9.04e-06
step   1590 | train_loss 2.0620 | lr 9.01e-06
step   1596 | val_loss 2.1332 | val_ppl 8.44
step   1600 | train_loss 1.9951 | lr 9.00e-06
step   1600 | val_loss 2.1335 | val_ppl 8.44
Saved checkpoint to /home/system/projects/AuthLLM/checkpoints/lr_scaling/alpaca_unpacked_1600_lr9e-05_seed1337/step_1600.pt
