Data: 16,956 train / 346 val examples (0 dropped as longer than 512 tokens)
Model: medium (123,587,328 parameters), initialized from /home/system/projects/AuthLLM/checkpoints/medium/step_20000.pt (step 20000)
step     10 | train_loss 2.3671 | lr 1.82e-05
step     20 | train_loss 2.4161 | lr 3.64e-05
step     30 | train_loss 2.2701 | lr 5.45e-05
step     40 | train_loss 2.2479 | lr 6.00e-05
step     50 | train_loss 1.9387 | lr 5.99e-05
step     60 | train_loss 2.2292 | lr 5.96e-05
step     70 | train_loss 2.1809 | lr 5.93e-05
step     75 | val_loss 2.1467 | val_ppl 8.56
step     80 | train_loss 2.3436 | lr 5.89e-05
step     90 | train_loss 2.2154 | lr 5.83e-05
step    100 | train_loss 2.0757 | lr 5.77e-05
step    110 | train_loss 2.3509 | lr 5.69e-05
step    120 | train_loss 2.1382 | lr 5.61e-05
step    130 | train_loss 2.0940 | lr 5.52e-05
step    140 | train_loss 2.3432 | lr 5.42e-05
step    150 | train_loss 1.9180 | lr 5.31e-05
step    150 | val_loss 2.1081 | val_ppl 8.23
step    160 | train_loss 2.1264 | lr 5.19e-05
step    170 | train_loss 2.1421 | lr 5.06e-05
step    180 | train_loss 2.1281 | lr 4.93e-05
step    190 | train_loss 2.1752 | lr 4.79e-05
step    200 | train_loss 1.9547 | lr 4.65e-05
step    210 | train_loss 1.9084 | lr 4.49e-05
step    220 | train_loss 2.2307 | lr 4.34e-05
step    225 | val_loss 2.0888 | val_ppl 8.08
step    230 | train_loss 2.2018 | lr 4.18e-05
step    240 | train_loss 1.9819 | lr 4.02e-05
step    250 | train_loss 2.0841 | lr 3.85e-05
step    260 | train_loss 2.1575 | lr 3.68e-05
step    270 | train_loss 2.1535 | lr 3.51e-05
step    280 | train_loss 1.9710 | lr 3.34e-05
step    290 | train_loss 2.1136 | lr 3.17e-05
step    300 | train_loss 2.0845 | lr 3.00e-05
step    300 | val_loss 2.0719 | val_ppl 7.94
step    310 | train_loss 2.1008 | lr 2.83e-05
step    320 | train_loss 2.0080 | lr 2.67e-05
step    330 | train_loss 2.1382 | lr 2.50e-05
step    340 | train_loss 1.9236 | lr 2.34e-05
step    350 | train_loss 2.1628 | lr 2.18e-05
step    360 | train_loss 2.0783 | lr 2.03e-05
step    370 | train_loss 2.0843 | lr 1.88e-05
step    375 | val_loss 2.0604 | val_ppl 7.85
step    380 | train_loss 2.0929 | lr 1.74e-05
step    390 | train_loss 2.0631 | lr 1.60e-05
step    400 | train_loss 2.1260 | lr 1.47e-05
step    410 | train_loss 2.1071 | lr 1.35e-05
step    420 | train_loss 2.2009 | lr 1.24e-05
step    430 | train_loss 2.3631 | lr 1.13e-05
step    440 | train_loss 1.9427 | lr 1.03e-05
step    450 | train_loss 2.0835 | lr 9.46e-06
step    450 | val_loss 2.0511 | val_ppl 7.78
step    460 | train_loss 2.0198 | lr 8.67e-06
step    470 | train_loss 2.2423 | lr 7.98e-06
step    480 | train_loss 2.2250 | lr 7.39e-06
step    490 | train_loss 2.0040 | lr 6.90e-06
step    500 | train_loss 1.9295 | lr 6.52e-06
step    510 | train_loss 1.8818 | lr 6.24e-06
step    520 | train_loss 2.1479 | lr 6.07e-06
step    525 | val_loss 2.0461 | val_ppl 7.74
step    530 | train_loss 2.0181 | lr 6.00e-06
step    530 | val_loss 2.0459 | val_ppl 7.74
Saved checkpoint to /home/system/projects/AuthLLM/checkpoints/lr_scaling/alpaca_mid_unpacked_530_lr6e-05_seed1339/step_530.pt
