Data: 50,869 train / 1,037 val examples (68 dropped as longer than 512 tokens)
Packing: 50,869 examples into 11,220 windows (4.5 per window, 98.8% of positions used)
Model: medium (123,587,328 parameters), initialized from /home/system/projects/AuthLLM/checkpoints/medium/step_20000.pt (step 20000)
step     10 | train_loss 2.4255 | lr 3.00e-06
step     20 | train_loss 2.3436 | lr 6.00e-06
step     30 | train_loss 2.3427 | lr 9.00e-06
step     40 | train_loss 2.2608 | lr 1.20e-05
step     50 | train_loss 2.1682 | lr 1.50e-05
step     60 | train_loss 2.2810 | lr 1.80e-05
step     70 | train_loss 2.2142 | lr 2.10e-05
step     80 | train_loss 2.2413 | lr 2.40e-05
step     90 | train_loss 2.3257 | lr 2.70e-05
step    100 | train_loss 2.1979 | lr 3.00e-05
step    110 | train_loss 2.2497 | lr 3.00e-05
step    120 | train_loss 2.1274 | lr 3.00e-05
step    130 | train_loss 2.1953 | lr 3.00e-05
step    140 | train_loss 2.1222 | lr 3.00e-05
step    150 | train_loss 2.1523 | lr 2.99e-05
step    160 | train_loss 2.0905 | lr 2.99e-05
step    170 | train_loss 2.0831 | lr 2.99e-05
step    180 | train_loss 2.1042 | lr 2.98e-05
step    190 | train_loss 2.0654 | lr 2.98e-05
step    200 | train_loss 2.0314 | lr 2.97e-05
step    210 | train_loss 2.0887 | lr 2.96e-05
step    220 | train_loss 2.0711 | lr 2.96e-05
step    228 | val_loss 2.0536 | val_ppl 7.80
step    230 | train_loss 2.0455 | lr 2.95e-05
step    240 | train_loss 2.0375 | lr 2.94e-05
step    250 | train_loss 2.0978 | lr 2.93e-05
step    260 | train_loss 2.0987 | lr 2.93e-05
step    270 | train_loss 2.0280 | lr 2.92e-05
step    280 | train_loss 2.1418 | lr 2.91e-05
step    290 | train_loss 2.0451 | lr 2.90e-05
step    300 | train_loss 2.1627 | lr 2.88e-05
step    310 | train_loss 2.1286 | lr 2.87e-05
step    320 | train_loss 2.1360 | lr 2.86e-05
step    330 | train_loss 2.1159 | lr 2.85e-05
step    340 | train_loss 2.1219 | lr 2.83e-05
step    350 | train_loss 2.0334 | lr 2.82e-05
step    360 | train_loss 1.9308 | lr 2.81e-05
step    370 | train_loss 1.8944 | lr 2.79e-05
step    380 | train_loss 1.8833 | lr 2.78e-05
step    390 | train_loss 1.9578 | lr 2.76e-05
step    400 | train_loss 1.9517 | lr 2.74e-05
step    410 | train_loss 2.0115 | lr 2.73e-05
step    420 | train_loss 1.9019 | lr 2.71e-05
step    430 | train_loss 1.9132 | lr 2.69e-05
step    440 | train_loss 2.0001 | lr 2.67e-05
step    450 | train_loss 2.0046 | lr 2.66e-05
step    456 | val_loss 2.0029 | val_ppl 7.41
step    460 | train_loss 2.0727 | lr 2.64e-05
step    470 | train_loss 1.9711 | lr 2.62e-05
step    480 | train_loss 1.8532 | lr 2.60e-05
step    490 | train_loss 1.9341 | lr 2.58e-05
step    500 | train_loss 1.9225 | lr 2.56e-05
step    510 | train_loss 1.9548 | lr 2.53e-05
step    520 | train_loss 1.9994 | lr 2.51e-05
step    530 | train_loss 1.9473 | lr 2.49e-05
step    540 | train_loss 1.9838 | lr 2.47e-05
step    550 | train_loss 1.8910 | lr 2.45e-05
step    560 | train_loss 2.0775 | lr 2.42e-05
step    570 | train_loss 1.8985 | lr 2.40e-05
step    580 | train_loss 1.8572 | lr 2.38e-05
step    590 | train_loss 2.0190 | lr 2.35e-05
step    600 | train_loss 1.9819 | lr 2.33e-05
step    610 | train_loss 1.9308 | lr 2.30e-05
step    620 | train_loss 1.9502 | lr 2.28e-05
step    630 | train_loss 1.9236 | lr 2.25e-05
step    640 | train_loss 1.9059 | lr 2.23e-05
step    650 | train_loss 1.9571 | lr 2.20e-05
step    660 | train_loss 1.8761 | lr 2.18e-05
step    670 | train_loss 1.9194 | lr 2.15e-05
step    680 | train_loss 2.0022 | lr 2.12e-05
step    684 | val_loss 1.9760 | val_ppl 7.21
step    690 | train_loss 1.9541 | lr 2.10e-05
step    700 | train_loss 1.8951 | lr 2.07e-05
step    710 | train_loss 1.8764 | lr 2.04e-05
step    720 | train_loss 1.8872 | lr 2.02e-05
step    730 | train_loss 1.8193 | lr 1.99e-05
step    740 | train_loss 1.8282 | lr 1.96e-05
step    750 | train_loss 1.7500 | lr 1.93e-05
step    760 | train_loss 1.7638 | lr 1.91e-05
step    770 | train_loss 1.8189 | lr 1.88e-05
step    780 | train_loss 1.8672 | lr 1.85e-05
step    790 | train_loss 1.8126 | lr 1.82e-05
step    800 | train_loss 1.7753 | lr 1.79e-05
step    810 | train_loss 1.8536 | lr 1.77e-05
step    820 | train_loss 1.8289 | lr 1.74e-05
step    830 | train_loss 1.7667 | lr 1.71e-05
step    840 | train_loss 1.8364 | lr 1.68e-05
step    850 | train_loss 1.7923 | lr 1.65e-05
step    860 | train_loss 1.8602 | lr 1.62e-05
step    870 | train_loss 1.7496 | lr 1.60e-05
step    880 | train_loss 1.7560 | lr 1.57e-05
step    890 | train_loss 1.8050 | lr 1.54e-05
step    900 | train_loss 1.8210 | lr 1.51e-05
step    910 | train_loss 1.7792 | lr 1.48e-05
step    912 | val_loss 1.9737 | val_ppl 7.20
step    920 | train_loss 1.9097 | lr 1.46e-05
step    930 | train_loss 1.9076 | lr 1.43e-05
step    940 | train_loss 1.8739 | lr 1.40e-05
step    950 | train_loss 1.8603 | lr 1.37e-05
step    960 | train_loss 1.8007 | lr 1.34e-05
step    970 | train_loss 1.8126 | lr 1.32e-05
step    980 | train_loss 1.8115 | lr 1.29e-05
step    990 | train_loss 1.7699 | lr 1.26e-05
step   1000 | train_loss 1.8215 | lr 1.24e-05
step   1010 | train_loss 1.8175 | lr 1.21e-05
step   1020 | train_loss 1.8444 | lr 1.18e-05
step   1030 | train_loss 1.7838 | lr 1.16e-05
step   1040 | train_loss 1.8345 | lr 1.13e-05
step   1050 | train_loss 1.8643 | lr 1.10e-05
step   1060 | train_loss 1.7244 | lr 1.08e-05
step   1070 | train_loss 1.7871 | lr 1.05e-05
step   1080 | train_loss 1.7294 | lr 1.03e-05
step   1090 | train_loss 1.6874 | lr 1.00e-05
step   1100 | train_loss 1.7659 | lr 9.77e-06
step   1110 | train_loss 1.7160 | lr 9.53e-06
step   1120 | train_loss 1.8622 | lr 9.29e-06
step   1130 | train_loss 1.7240 | lr 9.05e-06
step   1140 | train_loss 1.6614 | lr 8.82e-06
step   1140 | val_loss 1.9782 | val_ppl 7.23
step   1150 | train_loss 1.7348 | lr 8.59e-06
step   1160 | train_loss 1.7659 | lr 8.36e-06
step   1170 | train_loss 1.7417 | lr 8.14e-06
step   1180 | train_loss 1.7584 | lr 7.92e-06
step   1190 | train_loss 1.8225 | lr 7.70e-06
step   1200 | train_loss 1.7485 | lr 7.49e-06
step   1210 | train_loss 1.7231 | lr 7.28e-06
step   1220 | train_loss 1.7032 | lr 7.07e-06
step   1230 | train_loss 1.7293 | lr 6.87e-06
step   1240 | train_loss 1.8126 | lr 6.68e-06
step   1250 | train_loss 1.7609 | lr 6.49e-06
step   1260 | train_loss 1.7952 | lr 6.30e-06
step   1270 | train_loss 1.7387 | lr 6.12e-06
step   1280 | train_loss 1.7894 | lr 5.94e-06
step   1290 | train_loss 1.8552 | lr 5.76e-06
step   1300 | train_loss 1.7703 | lr 5.59e-06
step   1310 | train_loss 1.7737 | lr 5.43e-06
step   1320 | train_loss 1.7037 | lr 5.27e-06
step   1330 | train_loss 1.8250 | lr 5.12e-06
step   1340 | train_loss 1.8693 | lr 4.97e-06
step   1350 | train_loss 1.7116 | lr 4.82e-06
step   1360 | train_loss 1.7722 | lr 4.68e-06
step   1368 | val_loss 1.9761 | val_ppl 7.21
step   1370 | train_loss 1.7119 | lr 4.55e-06
step   1380 | train_loss 1.6967 | lr 4.42e-06
step   1390 | train_loss 1.6653 | lr 4.30e-06
step   1400 | train_loss 1.7582 | lr 4.18e-06
step   1410 | train_loss 1.6227 | lr 4.07e-06
step   1420 | train_loss 1.6745 | lr 3.96e-06
step   1430 | train_loss 1.6917 | lr 3.86e-06
step   1440 | train_loss 1.5573 | lr 3.76e-06
step   1450 | train_loss 1.7409 | lr 3.67e-06
step   1460 | train_loss 1.6661 | lr 3.58e-06
step   1470 | train_loss 1.6535 | lr 3.50e-06
step   1480 | train_loss 1.7917 | lr 3.43e-06
step   1490 | train_loss 1.6977 | lr 3.36e-06
step   1500 | train_loss 1.7348 | lr 3.30e-06
step   1510 | train_loss 1.7121 | lr 3.24e-06
step   1520 | train_loss 1.6990 | lr 3.19e-06
step   1530 | train_loss 1.6973 | lr 3.15e-06
step   1540 | train_loss 1.6731 | lr 3.11e-06
step   1550 | train_loss 1.7314 | lr 3.08e-06
step   1560 | train_loss 1.7826 | lr 3.05e-06
step   1570 | train_loss 1.7444 | lr 3.03e-06
step   1580 | train_loss 1.7874 | lr 3.01e-06
step   1590 | train_loss 1.6560 | lr 3.00e-06
step   1596 | val_loss 1.9807 | val_ppl 7.25
step   1600 | train_loss 1.7532 | lr 3.00e-06
step   1600 | val_loss 1.9806 | val_ppl 7.25
Saved checkpoint to /home/system/projects/AuthLLM/checkpoints/lr_scaling/alpaca_packed_1600_lr3e-05_seed1338/step_1600.pt
