Data: 5,652 train / 115 val examples (0 dropped as longer than 512 tokens)
Model: medium (123,587,328 parameters), initialized from /home/system/projects/AuthLLM/checkpoints/medium/step_20000.pt (step 20000)
step     10 | train_loss 2.1217 | lr 8.18e-05
step     20 | train_loss 2.1649 | lr 8.95e-05
step     25 | val_loss 2.2704 | val_ppl 9.68
step     30 | train_loss 2.1405 | lr 8.77e-05
step     40 | train_loss 2.1545 | lr 8.44e-05
step     50 | train_loss 2.1877 | lr 8.00e-05
step     50 | val_loss 2.2363 | val_ppl 9.36
step     60 | train_loss 2.2837 | lr 7.44e-05
step     70 | train_loss 2.6882 | lr 6.80e-05
step     75 | val_loss 2.2084 | val_ppl 9.10
step     80 | train_loss 2.1910 | lr 6.08e-05
step     90 | train_loss 2.1834 | lr 5.33e-05
step    100 | train_loss 2.2558 | lr 4.57e-05
step    100 | val_loss 2.1868 | val_ppl 8.91
step    110 | train_loss 2.1466 | lr 3.82e-05
step    120 | train_loss 2.4345 | lr 3.10e-05
step    125 | val_loss 2.1756 | val_ppl 8.81
step    130 | train_loss 2.1590 | lr 2.46e-05
step    140 | train_loss 2.2654 | lr 1.90e-05
step    150 | train_loss 2.2301 | lr 1.46e-05
step    150 | val_loss 2.1660 | val_ppl 8.72
step    160 | train_loss 2.0780 | lr 1.13e-05
step    170 | train_loss 2.1926 | lr 9.46e-06
step    175 | val_loss 2.1605 | val_ppl 8.68
step    177 | train_loss 2.0091 | lr 9.01e-06
step    177 | val_loss 2.1601 | val_ppl 8.67
Saved checkpoint to /home/system/projects/AuthLLM/checkpoints/lr_scaling/alpaca_ninth_unpacked_177_lr9e-05_seed1338/step_177.pt
