Data: 16,956 train / 346 val examples (0 dropped as longer than 512 tokens)
Packing: 16,956 examples into 3,483 windows (4.9 per window, 93.4% of positions used)
Model: medium (123,587,328 parameters), initialized from /home/system/projects/AuthLLM/checkpoints/medium/step_20000.pt (step 20000)
step     10 | train_loss 2.4887 | lr 3.00e-06
step     15 | val_loss 2.4198 | val_ppl 11.24
step     20 | train_loss 2.3711 | lr 2.91e-06
step     30 | train_loss 2.4255 | lr 2.70e-06
step     30 | val_loss 2.3286 | val_ppl 10.26
step     40 | train_loss 2.3305 | lr 2.40e-06
step     45 | val_loss 2.2935 | val_ppl 9.91
step     50 | train_loss 2.3837 | lr 2.02e-06
step     60 | train_loss 2.3058 | lr 1.61e-06
step     60 | val_loss 2.2759 | val_ppl 9.74
step     70 | train_loss 2.2325 | lr 1.20e-06
step     75 | val_loss 2.2655 | val_ppl 9.64
step     80 | train_loss 2.3168 | lr 8.36e-07
step     90 | train_loss 2.2609 | lr 5.48e-07
step     90 | val_loss 2.2605 | val_ppl 9.59
step    100 | train_loss 2.3300 | lr 3.64e-07
step    105 | val_loss 2.2581 | val_ppl 9.57
step    109 | train_loss 2.2420 | lr 3.01e-07
step    109 | val_loss 2.2577 | val_ppl 9.56
Saved checkpoint to /home/system/projects/AuthLLM/checkpoints/lr_scaling/alpaca_mid_packed_109_lr3e-06_seed1337/step_109.pt
