Data: 16,956 train / 346 val examples (0 dropped as longer than 512 tokens)
Model: medium (123,587,328 parameters), initialized from /home/system/projects/AuthLLM/checkpoints/medium/step_20000.pt (step 20000)
step     10 | train_loss 2.5527 | lr 9.09e-06
step     20 | train_loss 2.1378 | lr 1.82e-05
step     30 | train_loss 2.2209 | lr 2.73e-05
step     40 | train_loss 2.2343 | lr 3.00e-05
step     50 | train_loss 2.0880 | lr 2.99e-05
step     60 | train_loss 2.4577 | lr 2.98e-05
step     70 | train_loss 2.2632 | lr 2.97e-05
step     75 | val_loss 2.1962 | val_ppl 8.99
step     80 | train_loss 2.1766 | lr 2.94e-05
step     90 | train_loss 2.3375 | lr 2.92e-05
step    100 | train_loss 2.4435 | lr 2.88e-05
step    110 | train_loss 2.3320 | lr 2.85e-05
step    120 | train_loss 2.0734 | lr 2.81e-05
step    130 | train_loss 2.0232 | lr 2.76e-05
step    140 | train_loss 2.2505 | lr 2.71e-05
step    150 | train_loss 2.2114 | lr 2.65e-05
step    150 | val_loss 2.1506 | val_ppl 8.59
step    160 | train_loss 2.2840 | lr 2.59e-05
step    170 | train_loss 2.1133 | lr 2.53e-05
step    180 | train_loss 2.2790 | lr 2.46e-05
step    190 | train_loss 2.0108 | lr 2.40e-05
step    200 | train_loss 2.1033 | lr 2.32e-05
step    210 | train_loss 2.1992 | lr 2.25e-05
step    220 | train_loss 2.1762 | lr 2.17e-05
step    225 | val_loss 2.1253 | val_ppl 8.38
step    230 | train_loss 2.2169 | lr 2.09e-05
step    240 | train_loss 2.2757 | lr 2.01e-05
step    250 | train_loss 2.2417 | lr 1.93e-05
step    260 | train_loss 2.2125 | lr 1.84e-05
step    270 | train_loss 2.1258 | lr 1.76e-05
step    280 | train_loss 2.1519 | lr 1.67e-05
step    290 | train_loss 2.1963 | lr 1.59e-05
step    300 | train_loss 2.2706 | lr 1.50e-05
step    300 | val_loss 2.1058 | val_ppl 8.21
step    310 | train_loss 2.1903 | lr 1.42e-05
step    320 | train_loss 2.0666 | lr 1.33e-05
step    330 | train_loss 2.1276 | lr 1.25e-05
step    340 | train_loss 2.1544 | lr 1.17e-05
step    350 | train_loss 2.2588 | lr 1.09e-05
step    360 | train_loss 2.2142 | lr 1.01e-05
step    370 | train_loss 2.2253 | lr 9.41e-06
step    375 | val_loss 2.0967 | val_ppl 8.14
step    380 | train_loss 2.1790 | lr 8.70e-06
step    390 | train_loss 2.2179 | lr 8.02e-06
step    400 | train_loss 2.0988 | lr 7.37e-06
step    410 | train_loss 2.1483 | lr 6.76e-06
step    420 | train_loss 2.0263 | lr 6.19e-06
step    430 | train_loss 2.1279 | lr 5.66e-06
step    440 | train_loss 2.1103 | lr 5.17e-06
step    450 | train_loss 2.1044 | lr 4.73e-06
step    450 | val_loss 2.0906 | val_ppl 8.09
step    460 | train_loss 2.0688 | lr 4.34e-06
step    470 | train_loss 2.1772 | lr 3.99e-06
step    480 | train_loss 2.1145 | lr 3.70e-06
step    490 | train_loss 2.1093 | lr 3.45e-06
step    500 | train_loss 2.1519 | lr 3.26e-06
step    510 | train_loss 2.1353 | lr 3.12e-06
step    520 | train_loss 2.0542 | lr 3.03e-06
step    525 | val_loss 2.0866 | val_ppl 8.06
step    530 | train_loss 2.1854 | lr 3.00e-06
step    530 | val_loss 2.0864 | val_ppl 8.06
Saved checkpoint to /home/system/projects/AuthLLM/checkpoints/lr_scaling/alpaca_long_unpacked_530_lr3e-05_seed1337/step_530.pt
