Data: 16,956 train / 346 val examples (0 dropped as longer than 512 tokens)
Packing: 16,956 examples into 6,216 windows (2.7 per window, 91.7% of positions used)
Model: medium (123,587,328 parameters), initialized from /home/system/projects/AuthLLM/checkpoints/medium/step_20000.pt (step 20000)
step     10 | train_loss 2.2323 | lr 1.25e-04
step     20 | train_loss 2.2849 | lr 1.50e-04
step     27 | val_loss 2.2067 | val_ppl 9.09
step     30 | train_loss 2.2444 | lr 1.47e-04
step     40 | train_loss 2.2306 | lr 1.43e-04
step     50 | train_loss 2.1710 | lr 1.37e-04
step     54 | val_loss 2.1696 | val_ppl 8.75
step     60 | train_loss 2.1867 | lr 1.29e-04
step     70 | train_loss 2.1608 | lr 1.20e-04
step     80 | train_loss 2.1767 | lr 1.10e-04
step     81 | val_loss 2.1419 | val_ppl 8.52
step     90 | train_loss 2.0953 | lr 9.87e-05
step    100 | train_loss 2.0878 | lr 8.72e-05
step    108 | val_loss 2.1181 | val_ppl 8.32
step    110 | train_loss 2.0898 | lr 7.55e-05
step    120 | train_loss 2.1668 | lr 6.41e-05
step    130 | train_loss 2.1793 | lr 5.32e-05
step    135 | val_loss 2.0984 | val_ppl 8.15
step    140 | train_loss 2.0875 | lr 4.32e-05
step    150 | train_loss 2.0880 | lr 3.44e-05
step    160 | train_loss 2.0758 | lr 2.69e-05
step    162 | val_loss 2.0841 | val_ppl 8.04
step    170 | train_loss 2.1223 | lr 2.12e-05
step    180 | train_loss 1.9877 | lr 1.73e-05
step    189 | val_loss 2.0761 | val_ppl 7.97
step    190 | train_loss 1.9676 | lr 1.53e-05
step    194 | train_loss 2.0800 | lr 1.50e-05
step    194 | val_loss 2.0748 | val_ppl 7.96
Saved checkpoint to /home/system/projects/AuthLLM/checkpoints/lr_scaling/alpaca_long_packed_194_lr0.00015_seed1339/step_194.pt
