Data: 16,956 train / 346 val examples (0 dropped as longer than 512 tokens)
Packing: 16,956 examples into 3,483 windows (4.9 per window, 93.4% of positions used)
Model: medium (123,587,328 parameters), initialized from /home/system/projects/AuthLLM/checkpoints/medium/step_20000.pt (step 20000)
step     10 | train_loss 2.2344 | lr 8.99e-05
step     15 | val_loss 2.1853 | val_ppl 8.89
step     20 | train_loss 2.1741 | lr 8.73e-05
step     30 | train_loss 2.2346 | lr 8.11e-05
step     30 | val_loss 2.1329 | val_ppl 8.44
step     40 | train_loss 2.1428 | lr 7.19e-05
step     45 | val_loss 2.1041 | val_ppl 8.20
step     50 | train_loss 2.1926 | lr 6.06e-05
step     60 | train_loss 2.1059 | lr 4.83e-05
step     60 | val_loss 2.0833 | val_ppl 8.03
step     70 | train_loss 2.0284 | lr 3.60e-05
step     75 | val_loss 2.0676 | val_ppl 7.91
step     80 | train_loss 2.1133 | lr 2.51e-05
step     90 | train_loss 2.0558 | lr 1.64e-05
step     90 | val_loss 2.0583 | val_ppl 7.83
step    100 | train_loss 2.1451 | lr 1.09e-05
step    105 | val_loss 2.0521 | val_ppl 7.78
step    109 | train_loss 2.0561 | lr 9.02e-06
step    109 | val_loss 2.0505 | val_ppl 7.77
Saved checkpoint to /home/system/projects/AuthLLM/checkpoints/lr_scaling/alpaca_mid_packed_109_lr9e-05_seed1337/step_109.pt
