Data: 50,869 train / 1,037 val examples (68 dropped as longer than 512 tokens)
Packing: 50,869 examples into 11,220 windows (4.5 per window, 98.8% of positions used)
Model: medium (123,587,328 parameters), initialized from /home/system/projects/AuthLLM/checkpoints/medium/step_20000.pt (step 20000)
step     10 | train_loss 2.4448 | lr 2.00e-06
step     20 | train_loss 2.3761 | lr 4.00e-06
step     30 | train_loss 2.3755 | lr 6.00e-06
step     40 | train_loss 2.2886 | lr 8.00e-06
step     50 | train_loss 2.1947 | lr 1.00e-05
step     60 | train_loss 2.3022 | lr 1.20e-05
step     70 | train_loss 2.2370 | lr 1.40e-05
step     80 | train_loss 2.2675 | lr 1.60e-05
step     90 | train_loss 2.3565 | lr 1.80e-05
step    100 | train_loss 2.2220 | lr 2.00e-05
step    110 | train_loss 2.2732 | lr 2.00e-05
step    120 | train_loss 2.1507 | lr 2.00e-05
step    130 | train_loss 2.2164 | lr 2.00e-05
step    140 | train_loss 2.1414 | lr 2.00e-05
step    150 | train_loss 2.1751 | lr 2.00e-05
step    160 | train_loss 2.1074 | lr 1.99e-05
step    170 | train_loss 2.1102 | lr 1.99e-05
step    180 | train_loss 2.1223 | lr 1.99e-05
step    190 | train_loss 2.0883 | lr 1.98e-05
step    200 | train_loss 2.0503 | lr 1.98e-05
step    210 | train_loss 2.1098 | lr 1.98e-05
step    220 | train_loss 2.0945 | lr 1.97e-05
step    228 | val_loss 2.0755 | val_ppl 7.97
step    230 | train_loss 2.0695 | lr 1.97e-05
step    240 | train_loss 2.0579 | lr 1.96e-05
step    250 | train_loss 2.1200 | lr 1.96e-05
step    260 | train_loss 2.1213 | lr 1.95e-05
step    270 | train_loss 2.0481 | lr 1.94e-05
step    280 | train_loss 2.1624 | lr 1.94e-05
step    290 | train_loss 2.0649 | lr 1.93e-05
step    300 | train_loss 2.1853 | lr 1.92e-05
step    310 | train_loss 2.1458 | lr 1.92e-05
step    320 | train_loss 2.1543 | lr 1.91e-05
step    330 | train_loss 2.1376 | lr 1.90e-05
step    340 | train_loss 2.1411 | lr 1.89e-05
step    350 | train_loss 2.0524 | lr 1.88e-05
step    360 | train_loss 1.9881 | lr 1.87e-05
step    370 | train_loss 1.9443 | lr 1.86e-05
step    380 | train_loss 1.9428 | lr 1.85e-05
step    390 | train_loss 2.0069 | lr 1.84e-05
step    400 | train_loss 1.9960 | lr 1.83e-05
step    410 | train_loss 2.0645 | lr 1.82e-05
step    420 | train_loss 1.9406 | lr 1.81e-05
step    430 | train_loss 1.9646 | lr 1.79e-05
step    440 | train_loss 2.0491 | lr 1.78e-05
step    450 | train_loss 2.0521 | lr 1.77e-05
step    456 | val_loss 2.0210 | val_ppl 7.55
step    460 | train_loss 2.1222 | lr 1.76e-05
step    470 | train_loss 2.0181 | lr 1.74e-05
step    480 | train_loss 1.8966 | lr 1.73e-05
step    490 | train_loss 1.9850 | lr 1.72e-05
step    500 | train_loss 1.9656 | lr 1.70e-05
step    510 | train_loss 2.0028 | lr 1.69e-05
step    520 | train_loss 2.0558 | lr 1.68e-05
step    530 | train_loss 1.9890 | lr 1.66e-05
step    540 | train_loss 2.0309 | lr 1.65e-05
step    550 | train_loss 1.9318 | lr 1.63e-05
step    560 | train_loss 2.1216 | lr 1.62e-05
step    570 | train_loss 1.9470 | lr 1.60e-05
step    580 | train_loss 1.9055 | lr 1.58e-05
step    590 | train_loss 2.0665 | lr 1.57e-05
step    600 | train_loss 2.0326 | lr 1.55e-05
step    610 | train_loss 1.9770 | lr 1.54e-05
step    620 | train_loss 1.9945 | lr 1.52e-05
step    630 | train_loss 1.9688 | lr 1.50e-05
step    640 | train_loss 1.9481 | lr 1.48e-05
step    650 | train_loss 2.0088 | lr 1.47e-05
step    660 | train_loss 1.9259 | lr 1.45e-05
step    670 | train_loss 1.9573 | lr 1.43e-05
step    680 | train_loss 2.0560 | lr 1.42e-05
step    684 | val_loss 1.9934 | val_ppl 7.34
step    690 | train_loss 2.0006 | lr 1.40e-05
step    700 | train_loss 1.9420 | lr 1.38e-05
step    710 | train_loss 1.9520 | lr 1.36e-05
step    720 | train_loss 1.9696 | lr 1.34e-05
step    730 | train_loss 1.8964 | lr 1.33e-05
step    740 | train_loss 1.9040 | lr 1.31e-05
step    750 | train_loss 1.8278 | lr 1.29e-05
step    760 | train_loss 1.8438 | lr 1.27e-05
step    770 | train_loss 1.8994 | lr 1.25e-05
step    780 | train_loss 1.9527 | lr 1.23e-05
step    790 | train_loss 1.8872 | lr 1.21e-05
step    800 | train_loss 1.8464 | lr 1.20e-05
step    810 | train_loss 1.9349 | lr 1.18e-05
step    820 | train_loss 1.9095 | lr 1.16e-05
step    830 | train_loss 1.8413 | lr 1.14e-05
step    840 | train_loss 1.9077 | lr 1.12e-05
step    850 | train_loss 1.8760 | lr 1.10e-05
step    860 | train_loss 1.9353 | lr 1.08e-05
step    870 | train_loss 1.8228 | lr 1.06e-05
step    880 | train_loss 1.8309 | lr 1.05e-05
step    890 | train_loss 1.8761 | lr 1.03e-05
step    900 | train_loss 1.8915 | lr 1.01e-05
step    910 | train_loss 1.8589 | lr 9.89e-06
step    912 | val_loss 1.9847 | val_ppl 7.28
step    920 | train_loss 1.9835 | lr 9.70e-06
step    930 | train_loss 1.9752 | lr 9.52e-06
step    940 | train_loss 1.9488 | lr 9.33e-06
step    950 | train_loss 1.9399 | lr 9.15e-06
step    960 | train_loss 1.8733 | lr 8.96e-06
step    970 | train_loss 1.8849 | lr 8.78e-06
step    980 | train_loss 1.8825 | lr 8.60e-06
step    990 | train_loss 1.8362 | lr 8.42e-06
step   1000 | train_loss 1.8863 | lr 8.24e-06
step   1010 | train_loss 1.8914 | lr 8.06e-06
step   1020 | train_loss 1.9178 | lr 7.88e-06
step   1030 | train_loss 1.8494 | lr 7.70e-06
step   1040 | train_loss 1.8935 | lr 7.53e-06
step   1050 | train_loss 1.9394 | lr 7.36e-06
step   1060 | train_loss 1.8196 | lr 7.19e-06
step   1070 | train_loss 1.8968 | lr 7.02e-06
step   1080 | train_loss 1.8262 | lr 6.85e-06
step   1090 | train_loss 1.7798 | lr 6.68e-06
step   1100 | train_loss 1.8709 | lr 6.52e-06
step   1110 | train_loss 1.8177 | lr 6.35e-06
step   1120 | train_loss 1.9649 | lr 6.19e-06
step   1130 | train_loss 1.8141 | lr 6.04e-06
step   1140 | train_loss 1.7560 | lr 5.88e-06
step   1140 | val_loss 1.9825 | val_ppl 7.26
step   1150 | train_loss 1.8279 | lr 5.73e-06
step   1160 | train_loss 1.8701 | lr 5.57e-06
step   1170 | train_loss 1.8310 | lr 5.42e-06
step   1180 | train_loss 1.8529 | lr 5.28e-06
step   1190 | train_loss 1.9116 | lr 5.13e-06
step   1200 | train_loss 1.8455 | lr 4.99e-06
step   1210 | train_loss 1.8128 | lr 4.85e-06
step   1220 | train_loss 1.7986 | lr 4.72e-06
step   1230 | train_loss 1.8215 | lr 4.58e-06
step   1240 | train_loss 1.9124 | lr 4.45e-06
step   1250 | train_loss 1.8575 | lr 4.32e-06
step   1260 | train_loss 1.8810 | lr 4.20e-06
step   1270 | train_loss 1.8423 | lr 4.08e-06
step   1280 | train_loss 1.8848 | lr 3.96e-06
step   1290 | train_loss 1.9482 | lr 3.84e-06
step   1300 | train_loss 1.8657 | lr 3.73e-06
step   1310 | train_loss 1.8673 | lr 3.62e-06
step   1320 | train_loss 1.7955 | lr 3.51e-06
step   1330 | train_loss 1.9214 | lr 3.41e-06
step   1340 | train_loss 1.9617 | lr 3.31e-06
step   1350 | train_loss 1.8065 | lr 3.22e-06
step   1360 | train_loss 1.8713 | lr 3.12e-06
step   1368 | val_loss 1.9797 | val_ppl 7.24
step   1370 | train_loss 1.8045 | lr 3.03e-06
step   1380 | train_loss 1.7895 | lr 2.95e-06
step   1390 | train_loss 1.7581 | lr 2.86e-06
step   1400 | train_loss 1.8499 | lr 2.79e-06
step   1410 | train_loss 1.7241 | lr 2.71e-06
step   1420 | train_loss 1.7898 | lr 2.64e-06
step   1430 | train_loss 1.7894 | lr 2.57e-06
step   1440 | train_loss 1.6671 | lr 2.51e-06
step   1450 | train_loss 1.8431 | lr 2.45e-06
step   1460 | train_loss 1.7650 | lr 2.39e-06
step   1470 | train_loss 1.7536 | lr 2.34e-06
step   1480 | train_loss 1.8962 | lr 2.29e-06
step   1490 | train_loss 1.7958 | lr 2.24e-06
step   1500 | train_loss 1.8412 | lr 2.20e-06
step   1510 | train_loss 1.8196 | lr 2.16e-06
step   1520 | train_loss 1.8029 | lr 2.13e-06
step   1530 | train_loss 1.8031 | lr 2.10e-06
step   1540 | train_loss 1.7851 | lr 2.07e-06
step   1550 | train_loss 1.8476 | lr 2.05e-06
step   1560 | train_loss 1.8867 | lr 2.03e-06
step   1570 | train_loss 1.8569 | lr 2.02e-06
step   1580 | train_loss 1.8966 | lr 2.01e-06
step   1590 | train_loss 1.7577 | lr 2.00e-06
step   1596 | val_loss 1.9805 | val_ppl 7.25
step   1600 | train_loss 1.8581 | lr 2.00e-06
step   1600 | val_loss 1.9805 | val_ppl 7.25
Saved checkpoint to /home/system/projects/AuthLLM/checkpoints/lr_scaling/alpaca_packed_1600_lr2e-05_seed1338/step_1600.pt
