Data: 16,956 train / 346 val examples (0 dropped as longer than 512 tokens)
Model: medium (123,587,328 parameters), initialized from /home/system/projects/AuthLLM/checkpoints/medium/step_20000.pt (step 20000)
step     10 | train_loss 2.3261 | lr 2.73e-05
step     20 | train_loss 2.4024 | lr 5.45e-05
step     30 | train_loss 2.2506 | lr 8.18e-05
step     40 | train_loss 2.2408 | lr 9.00e-05
step     50 | train_loss 1.9512 | lr 8.98e-05
step     60 | train_loss 2.2398 | lr 8.95e-05
step     70 | train_loss 2.1984 | lr 8.90e-05
step     75 | val_loss 2.1623 | val_ppl 8.69
step     80 | train_loss 2.3714 | lr 8.83e-05
step     90 | train_loss 2.2168 | lr 8.75e-05
step    100 | train_loss 2.0973 | lr 8.65e-05
step    110 | train_loss 2.3765 | lr 8.54e-05
step    120 | train_loss 2.1663 | lr 8.42e-05
step    130 | train_loss 2.1135 | lr 8.28e-05
step    140 | train_loss 2.3664 | lr 8.12e-05
step    150 | train_loss 1.9480 | lr 7.96e-05
step    150 | val_loss 2.1378 | val_ppl 8.48
step    160 | train_loss 2.1516 | lr 7.78e-05
step    170 | train_loss 2.1659 | lr 7.59e-05
step    180 | train_loss 2.1612 | lr 7.39e-05
step    190 | train_loss 2.2163 | lr 7.19e-05
step    200 | train_loss 1.9782 | lr 6.97e-05
step    210 | train_loss 1.9373 | lr 6.74e-05
step    220 | train_loss 2.2519 | lr 6.51e-05
step    225 | val_loss 2.1211 | val_ppl 8.34
step    230 | train_loss 2.2160 | lr 6.27e-05
step    240 | train_loss 2.0052 | lr 6.02e-05
step    250 | train_loss 2.1137 | lr 5.78e-05
step    260 | train_loss 2.1919 | lr 5.52e-05
step    270 | train_loss 2.1713 | lr 5.27e-05
step    280 | train_loss 2.0050 | lr 5.01e-05
step    290 | train_loss 2.1307 | lr 4.76e-05
step    300 | train_loss 2.1123 | lr 4.50e-05
step    300 | val_loss 2.0997 | val_ppl 8.16
step    310 | train_loss 2.1200 | lr 4.25e-05
step    320 | train_loss 2.0451 | lr 4.00e-05
step    330 | train_loss 2.1609 | lr 3.75e-05
step    340 | train_loss 1.9510 | lr 3.51e-05
step    350 | train_loss 2.1825 | lr 3.27e-05
step    360 | train_loss 2.1031 | lr 3.04e-05
step    370 | train_loss 2.1160 | lr 2.82e-05
step    375 | val_loss 2.0861 | val_ppl 8.05
step    380 | train_loss 2.1146 | lr 2.61e-05
step    390 | train_loss 2.0890 | lr 2.40e-05
step    400 | train_loss 2.1510 | lr 2.21e-05
step    410 | train_loss 2.1265 | lr 2.03e-05
step    420 | train_loss 2.2305 | lr 1.86e-05
step    430 | train_loss 2.4029 | lr 1.70e-05
step    440 | train_loss 1.9490 | lr 1.55e-05
step    450 | train_loss 2.1071 | lr 1.42e-05
step    450 | val_loss 2.0742 | val_ppl 7.96
step    460 | train_loss 2.0364 | lr 1.30e-05
step    470 | train_loss 2.2763 | lr 1.20e-05
step    480 | train_loss 2.2437 | lr 1.11e-05
step    490 | train_loss 2.0254 | lr 1.04e-05
step    500 | train_loss 1.9400 | lr 9.78e-06
step    510 | train_loss 1.8966 | lr 9.36e-06
step    520 | train_loss 2.1640 | lr 9.10e-06
step    525 | val_loss 2.0676 | val_ppl 7.91
step    530 | train_loss 2.0278 | lr 9.00e-06
step    530 | val_loss 2.0673 | val_ppl 7.90
Saved checkpoint to /home/system/projects/AuthLLM/checkpoints/lr_scaling/alpaca_mid_unpacked_530_lr9e-05_seed1339/step_530.pt
