Data: 16,956 train / 346 val examples (0 dropped as longer than 512 tokens)
Model: medium (123,587,328 parameters), initialized from /home/system/projects/AuthLLM/checkpoints/medium/step_20000.pt (step 20000)
step     10 | train_loss 2.4241 | lr 1.82e-05
step     20 | train_loss 2.3627 | lr 3.64e-05
step     30 | train_loss 2.1894 | lr 5.45e-05
step     40 | train_loss 2.2272 | lr 6.00e-05
step     50 | train_loss 2.2925 | lr 5.99e-05
step     60 | train_loss 2.2428 | lr 5.96e-05
step     70 | train_loss 2.0011 | lr 5.93e-05
step     75 | val_loss 2.1700 | val_ppl 8.76
step     80 | train_loss 2.1173 | lr 5.89e-05
step     90 | train_loss 2.0974 | lr 5.83e-05
step    100 | train_loss 2.0341 | lr 5.77e-05
step    110 | train_loss 2.0512 | lr 5.69e-05
step    120 | train_loss 2.1373 | lr 5.61e-05
step    130 | train_loss 2.0865 | lr 5.52e-05
step    140 | train_loss 2.0116 | lr 5.42e-05
step    150 | train_loss 2.1289 | lr 5.31e-05
step    150 | val_loss 2.1322 | val_ppl 8.43
step    160 | train_loss 2.1382 | lr 5.19e-05
step    170 | train_loss 1.9804 | lr 5.06e-05
step    180 | train_loss 2.2700 | lr 4.93e-05
step    190 | train_loss 2.2343 | lr 4.79e-05
step    200 | train_loss 2.3153 | lr 4.65e-05
step    210 | train_loss 2.2142 | lr 4.49e-05
step    220 | train_loss 2.1152 | lr 4.34e-05
step    225 | val_loss 2.1073 | val_ppl 8.23
step    230 | train_loss 2.3304 | lr 4.18e-05
step    240 | train_loss 2.2398 | lr 4.02e-05
step    250 | train_loss 1.9229 | lr 3.85e-05
step    260 | train_loss 2.1577 | lr 3.68e-05
step    270 | train_loss 1.9600 | lr 3.51e-05
step    280 | train_loss 2.0966 | lr 3.34e-05
step    290 | train_loss 2.0878 | lr 3.17e-05
step    300 | train_loss 2.1626 | lr 3.00e-05
step    300 | val_loss 2.0876 | val_ppl 8.07
step    310 | train_loss 2.1790 | lr 2.83e-05
step    320 | train_loss 1.9185 | lr 2.67e-05
step    330 | train_loss 1.8402 | lr 2.50e-05
step    340 | train_loss 2.0339 | lr 2.34e-05
step    350 | train_loss 1.9418 | lr 2.18e-05
step    360 | train_loss 2.1797 | lr 2.03e-05
step    370 | train_loss 1.9814 | lr 1.88e-05
step    375 | val_loss 2.0766 | val_ppl 7.98
step    380 | train_loss 2.2558 | lr 1.74e-05
step    390 | train_loss 2.0310 | lr 1.60e-05
step    400 | train_loss 2.0544 | lr 1.47e-05
step    410 | train_loss 2.1177 | lr 1.35e-05
step    420 | train_loss 2.1170 | lr 1.24e-05
step    430 | train_loss 2.0383 | lr 1.13e-05
step    440 | train_loss 2.0309 | lr 1.03e-05
step    450 | train_loss 2.2490 | lr 9.46e-06
step    450 | val_loss 2.0638 | val_ppl 7.88
step    460 | train_loss 1.9592 | lr 8.67e-06
step    470 | train_loss 1.9510 | lr 7.98e-06
step    480 | train_loss 2.0632 | lr 7.39e-06
step    490 | train_loss 1.9827 | lr 6.90e-06
step    500 | train_loss 2.3105 | lr 6.52e-06
step    510 | train_loss 2.0837 | lr 6.24e-06
step    520 | train_loss 2.1512 | lr 6.07e-06
step    525 | val_loss 2.0588 | val_ppl 7.84
step    530 | train_loss 2.1010 | lr 6.00e-06
step    530 | val_loss 2.0585 | val_ppl 7.83
Saved checkpoint to /home/system/projects/AuthLLM/checkpoints/lr_scaling/alpaca_mid_unpacked_530_lr6e-05_seed1337/step_530.pt
