Data: 50,868 train / 1,038 val examples (68 dropped as longer than 512 tokens)
Packing: 50,868 examples into 11,220 windows (4.5 per window, 98.8% of positions used)
Model: small (29,938,560 parameters), initialized from checkpoints/small/step_18000.pt (step 18000)
step     10 | train_loss 2.8922 | lr 4.09e-05
step     20 | train_loss 2.8454 | lr 8.18e-05
step     30 | train_loss 2.6732 | lr 8.99e-05
step     40 | train_loss 2.6593 | lr 8.95e-05
step     50 | train_loss 2.6050 | lr 8.87e-05
step     50 | val_loss 2.6753 | val_ppl 14.52
step     60 | train_loss 2.6689 | lr 8.75e-05
step     70 | train_loss 2.6416 | lr 8.60e-05
step     80 | train_loss 2.6975 | lr 8.41e-05
step     90 | train_loss 2.5962 | lr 8.19e-05
step    100 | train_loss 2.7273 | lr 7.95e-05
step    100 | val_loss 2.6073 | val_ppl 13.56
step    110 | train_loss 2.6798 | lr 7.67e-05
step    120 | train_loss 2.6360 | lr 7.37e-05
step    130 | train_loss 2.6178 | lr 7.05e-05
step    140 | train_loss 2.6155 | lr 6.71e-05
step    150 | train_loss 2.5806 | lr 6.36e-05
step    150 | val_loss 2.5697 | val_ppl 13.06
step    160 | train_loss 2.5972 | lr 5.99e-05
step    170 | train_loss 2.5581 | lr 5.61e-05
step    180 | train_loss 2.5850 | lr 5.22e-05
step    190 | train_loss 2.5612 | lr 4.83e-05
step    200 | train_loss 2.6911 | lr 4.45e-05
step    200 | val_loss 2.5435 | val_ppl 12.72
step    210 | train_loss 2.5595 | lr 4.07e-05
step    220 | train_loss 2.3519 | lr 3.69e-05
step    230 | train_loss 2.5758 | lr 3.33e-05
step    240 | train_loss 2.5488 | lr 2.98e-05
step    250 | train_loss 2.5448 | lr 2.65e-05
step    250 | val_loss 2.5255 | val_ppl 12.50
step    260 | train_loss 2.5629 | lr 2.34e-05
step    270 | train_loss 2.6522 | lr 2.06e-05
step    280 | train_loss 2.5728 | lr 1.80e-05
step    290 | train_loss 2.4983 | lr 1.57e-05
step    300 | train_loss 2.5310 | lr 1.37e-05
step    300 | val_loss 2.5139 | val_ppl 12.35
step    310 | train_loss 2.5436 | lr 1.21e-05
step    320 | train_loss 2.4436 | lr 1.08e-05
step    330 | train_loss 2.7712 | lr 9.82e-06
step    340 | train_loss 2.4553 | lr 9.22e-06
step    350 | train_loss 2.4959 | lr 9.00e-06
step    350 | val_loss 2.5091 | val_ppl 12.29
Saved checkpoint to /home/system/projects/AuthLLM/checkpoints/lr_scaling/alpaca_packed_350_lr9e-05_seed1337/step_350.pt
