Data: 16,956 train / 346 val examples (0 dropped as longer than 512 tokens)
Model: medium (123,587,328 parameters), initialized from /home/system/projects/AuthLLM/checkpoints/medium/step_20000.pt (step 20000)
step     10 | train_loss 2.5847 | lr 9.09e-07
step     20 | train_loss 2.5904 | lr 1.82e-06
step     30 | train_loss 2.4235 | lr 2.73e-06
step     40 | train_loss 2.4289 | lr 3.00e-06
step     50 | train_loss 2.4051 | lr 2.99e-06
step     60 | train_loss 2.3670 | lr 2.98e-06
step     70 | train_loss 2.1503 | lr 2.97e-06
step     75 | val_loss 2.2953 | val_ppl 9.93
step     80 | train_loss 2.2236 | lr 2.94e-06
step     90 | train_loss 2.2090 | lr 2.92e-06
step    100 | train_loss 2.1668 | lr 2.88e-06
step    110 | train_loss 2.1947 | lr 2.85e-06
step    120 | train_loss 2.2831 | lr 2.81e-06
step    130 | train_loss 2.2124 | lr 2.76e-06
step    140 | train_loss 2.1043 | lr 2.71e-06
step    150 | train_loss 2.2274 | lr 2.65e-06
step    150 | val_loss 2.2451 | val_ppl 9.44
step    160 | train_loss 2.2010 | lr 2.59e-06
step    170 | train_loss 2.1102 | lr 2.53e-06
step    180 | train_loss 2.3821 | lr 2.46e-06
step    190 | train_loss 2.3005 | lr 2.40e-06
step    200 | train_loss 2.4397 | lr 2.32e-06
step    210 | train_loss 2.3705 | lr 2.25e-06
step    220 | train_loss 2.2609 | lr 2.17e-06
step    225 | val_loss 2.2217 | val_ppl 9.22
step    230 | train_loss 2.4388 | lr 2.09e-06
step    240 | train_loss 2.3374 | lr 2.01e-06
step    250 | train_loss 2.0106 | lr 1.93e-06
step    260 | train_loss 2.2207 | lr 1.84e-06
step    270 | train_loss 2.0817 | lr 1.76e-06
step    280 | train_loss 2.1792 | lr 1.67e-06
step    290 | train_loss 2.2006 | lr 1.59e-06
step    300 | train_loss 2.3226 | lr 1.50e-06
step    300 | val_loss 2.2060 | val_ppl 9.08
step    310 | train_loss 2.2869 | lr 1.42e-06
step    320 | train_loss 1.9912 | lr 1.33e-06
step    330 | train_loss 2.0207 | lr 1.25e-06
step    340 | train_loss 2.1190 | lr 1.17e-06
step    350 | train_loss 2.0637 | lr 1.09e-06
step    360 | train_loss 2.3187 | lr 1.01e-06
step    370 | train_loss 2.1068 | lr 9.41e-07
step    375 | val_loss 2.1979 | val_ppl 9.01
step    380 | train_loss 2.3649 | lr 8.70e-07
step    390 | train_loss 2.1789 | lr 8.02e-07
step    400 | train_loss 2.1273 | lr 7.37e-07
step    410 | train_loss 2.2280 | lr 6.76e-07
step    420 | train_loss 2.1628 | lr 6.19e-07
step    430 | train_loss 2.0936 | lr 5.66e-07
step    440 | train_loss 2.1880 | lr 5.17e-07
step    450 | train_loss 2.3043 | lr 4.73e-07
step    450 | val_loss 2.1940 | val_ppl 8.97
step    460 | train_loss 2.1141 | lr 4.34e-07
step    470 | train_loss 2.0805 | lr 3.99e-07
step    480 | train_loss 2.1860 | lr 3.70e-07
step    490 | train_loss 2.1471 | lr 3.45e-07
step    500 | train_loss 2.4498 | lr 3.26e-07
step    510 | train_loss 2.1821 | lr 3.12e-07
step    520 | train_loss 2.2494 | lr 3.03e-07
step    525 | val_loss 2.1920 | val_ppl 8.95
step    530 | train_loss 2.3429 | lr 3.00e-07
step    530 | val_loss 2.1919 | val_ppl 8.95
Saved checkpoint to /home/system/projects/AuthLLM/checkpoints/lr_scaling/alpaca_mid_unpacked_530_lr3e-06_seed1337/step_530.pt
