Data: 16,956 train / 346 val examples (0 dropped as longer than 512 tokens)
Packing: 16,956 examples into 3,483 windows (4.9 per window, 93.4% of positions used)
Model: medium (123,587,328 parameters), initialized from /home/system/projects/AuthLLM/checkpoints/medium/step_20000.pt (step 20000)
step     10 | train_loss 2.2737 | lr 4.00e-04
step     15 | val_loss 2.2937 | val_ppl 9.91
step     20 | train_loss 2.3239 | lr 3.88e-04
step     30 | train_loss 2.4216 | lr 3.60e-04
step     30 | val_loss 2.2941 | val_ppl 9.92
step     40 | train_loss 2.3079 | lr 3.19e-04
step     45 | val_loss 2.2546 | val_ppl 9.53
step     50 | train_loss 2.3509 | lr 2.69e-04
step     60 | train_loss 2.2368 | lr 2.14e-04
step     60 | val_loss 2.2059 | val_ppl 9.08
step     70 | train_loss 2.1536 | lr 1.60e-04
step     75 | val_loss 2.1657 | val_ppl 8.72
step     80 | train_loss 2.2250 | lr 1.12e-04
step     90 | train_loss 2.1513 | lr 7.31e-05
step     90 | val_loss 2.1333 | val_ppl 8.44
step    100 | train_loss 2.2359 | lr 4.85e-05
step    105 | val_loss 2.1158 | val_ppl 8.30
step    109 | train_loss 2.1248 | lr 4.01e-05
step    109 | val_loss 2.1110 | val_ppl 8.26
Saved checkpoint to /home/system/projects/AuthLLM/checkpoints/lr_scaling/alpaca_mid_packed_109_lr0.0004_seed1337/step_109.pt
