Data: 16,956 train / 346 val examples (0 dropped as longer than 512 tokens)
Model: medium (123,587,328 parameters), initialized from /home/system/projects/AuthLLM/checkpoints/medium/step_20000.pt (step 20000)
step     10 | train_loss 2.4462 | lr 6.00e-05
step     16 | val_loss 2.2700 | val_ppl 9.68
step     20 | train_loss 2.2703 | lr 5.85e-05
step     30 | train_loss 2.1690 | lr 5.49e-05
step     32 | val_loss 2.2311 | val_ppl 9.31
step     40 | train_loss 2.3253 | lr 4.97e-05
step     48 | val_loss 2.2078 | val_ppl 9.10
step     50 | train_loss 2.1901 | lr 4.31e-05
step     60 | train_loss 2.2207 | lr 3.57e-05
step     64 | val_loss 2.1937 | val_ppl 8.97
step     70 | train_loss 2.2592 | lr 2.81e-05
step     80 | train_loss 2.2392 | lr 2.08e-05
step     80 | val_loss 2.1839 | val_ppl 8.88
step     90 | train_loss 2.1259 | lr 1.46e-05
step     96 | val_loss 2.1781 | val_ppl 8.83
step    100 | train_loss 2.0780 | lr 9.81e-06
step    110 | train_loss 2.0339 | lr 6.87e-06
step    112 | val_loss 2.1725 | val_ppl 8.78
step    118 | train_loss 2.1978 | lr 6.01e-06
step    118 | val_loss 2.1710 | val_ppl 8.77
Saved checkpoint to /home/system/projects/AuthLLM/checkpoints/lr_scaling/alpaca_third_unpacked_118_lr6e-05_seed1337/step_118.pt
