Data: 13,756 train / 278 val examples (977 dropped as longer than 512 tokens)
Packing: 13,756 examples into 4,341 windows (3.2 per window, 99.3% of positions used)
Model: medium (123,587,328 parameters), initialized from /home/system/projects/AuthLLM/checkpoints/medium/step_20000.pt (step 20000)
step     10 | train_loss 2.8752 | lr 5.56e-05
step     20 | train_loss 2.7320 | lr 1.11e-04
step     30 | train_loss 2.7089 | lr 1.50e-04
step     40 | train_loss 2.6387 | lr 1.50e-04
step     50 | train_loss 2.6787 | lr 1.49e-04
step     60 | train_loss 2.8504 | lr 1.48e-04
step     61 | val_loss 2.8066 | val_ppl 16.55
step     70 | train_loss 2.8556 | lr 1.46e-04
step     80 | train_loss 2.6640 | lr 1.45e-04
step     90 | train_loss 2.6924 | lr 1.42e-04
step    100 | train_loss 2.8347 | lr 1.40e-04
step    110 | train_loss 2.8184 | lr 1.37e-04
step    120 | train_loss 2.4729 | lr 1.33e-04
step    122 | val_loss 2.7860 | val_ppl 16.22
step    130 | train_loss 2.8156 | lr 1.30e-04
step    140 | train_loss 2.1248 | lr 1.26e-04
step    150 | train_loss 2.1945 | lr 1.22e-04
step    160 | train_loss 2.2022 | lr 1.17e-04
step    170 | train_loss 2.0412 | lr 1.13e-04
step    180 | train_loss 2.0833 | lr 1.08e-04
step    183 | val_loss 2.8210 | val_ppl 16.79
step    190 | train_loss 2.0762 | lr 1.03e-04
step    200 | train_loss 2.0177 | lr 9.79e-05
step    210 | train_loss 2.2353 | lr 9.27e-05
step    220 | train_loss 1.9462 | lr 8.75e-05
step    230 | train_loss 2.0444 | lr 8.22e-05
step    240 | train_loss 2.0521 | lr 7.70e-05
step    244 | val_loss 2.8205 | val_ppl 16.79
step    250 | train_loss 2.1088 | lr 7.18e-05
step    260 | train_loss 2.1569 | lr 6.66e-05
step    270 | train_loss 2.3030 | lr 6.15e-05
step    280 | train_loss 1.7430 | lr 5.66e-05
step    290 | train_loss 1.6512 | lr 5.18e-05
step    300 | train_loss 1.6884 | lr 4.72e-05
step    305 | val_loss 2.9062 | val_ppl 18.29
step    310 | train_loss 1.6860 | lr 4.29e-05
step    320 | train_loss 1.6810 | lr 3.87e-05
step    330 | train_loss 1.5475 | lr 3.49e-05
step    340 | train_loss 1.6247 | lr 3.13e-05
step    350 | train_loss 1.7874 | lr 2.80e-05
step    360 | train_loss 1.7134 | lr 2.51e-05
step    366 | val_loss 2.9198 | val_ppl 18.54
step    370 | train_loss 1.5687 | lr 2.25e-05
step    380 | train_loss 1.5120 | lr 2.03e-05
step    390 | train_loss 1.7081 | lr 1.84e-05
step    400 | train_loss 1.7416 | lr 1.70e-05
step    410 | train_loss 1.3807 | lr 1.59e-05
step    420 | train_loss 1.6433 | lr 1.52e-05
step    427 | val_loss 2.9785 | val_ppl 19.66
step    430 | train_loss 1.5706 | lr 1.50e-05
step    430 | val_loss 2.9742 | val_ppl 19.57
Saved checkpoint to /home/system/projects/AuthLLM/checkpoints/lr_scaling/dolly_packed_430_lr0.00015_seed1337/step_430.pt
