Data: 13,753 train / 281 val examples (977 dropped as longer than 512 tokens)
Model: medium (123,587,328 parameters), initialized from /home/system/projects/AuthLLM/checkpoints/medium/step_20000.pt (step 20000)
step     10 | train_loss 3.0204 | lr 1.11e-05
step     20 | train_loss 3.0050 | lr 2.22e-05
step     30 | train_loss 2.7144 | lr 3.00e-05
step     40 | train_loss 2.5425 | lr 2.99e-05
step     50 | train_loss 2.6470 | lr 2.98e-05
step     60 | train_loss 2.3482 | lr 2.96e-05
step     61 | val_loss 2.7101 | val_ppl 15.03
step     70 | train_loss 2.9530 | lr 2.93e-05
step     80 | train_loss 2.8304 | lr 2.89e-05
step     90 | train_loss 2.8682 | lr 2.85e-05
step    100 | train_loss 2.7911 | lr 2.79e-05
step    110 | train_loss 2.4758 | lr 2.73e-05
step    120 | train_loss 2.4215 | lr 2.67e-05
step    122 | val_loss 2.6840 | val_ppl 14.64
step    130 | train_loss 2.8644 | lr 2.60e-05
step    140 | train_loss 2.4956 | lr 2.52e-05
step    150 | train_loss 2.2651 | lr 2.43e-05
step    160 | train_loss 2.8226 | lr 2.35e-05
step    170 | train_loss 2.5499 | lr 2.25e-05
step    180 | train_loss 2.4050 | lr 2.16e-05
step    183 | val_loss 2.6712 | val_ppl 14.46
step    190 | train_loss 2.5391 | lr 2.06e-05
step    200 | train_loss 2.9964 | lr 1.96e-05
step    210 | train_loss 2.4861 | lr 1.85e-05
step    220 | train_loss 2.9570 | lr 1.75e-05
step    230 | train_loss 2.6785 | lr 1.64e-05
step    240 | train_loss 2.9854 | lr 1.54e-05
step    244 | val_loss 2.6630 | val_ppl 14.34
step    250 | train_loss 2.7136 | lr 1.44e-05
step    260 | train_loss 2.5070 | lr 1.33e-05
step    270 | train_loss 2.7259 | lr 1.23e-05
step    280 | train_loss 2.8327 | lr 1.13e-05
step    290 | train_loss 2.6077 | lr 1.04e-05
step    300 | train_loss 2.9100 | lr 9.45e-06
step    305 | val_loss 2.6572 | val_ppl 14.26
step    310 | train_loss 2.6487 | lr 8.57e-06
step    320 | train_loss 2.6755 | lr 7.75e-06
step    330 | train_loss 2.3740 | lr 6.97e-06
step    340 | train_loss 3.0772 | lr 6.26e-06
step    350 | train_loss 2.4819 | lr 5.60e-06
step    360 | train_loss 2.5347 | lr 5.02e-06
step    366 | val_loss 2.6547 | val_ppl 14.22
step    370 | train_loss 2.5400 | lr 4.50e-06
step    380 | train_loss 2.5650 | lr 4.05e-06
step    390 | train_loss 2.5083 | lr 3.68e-06
step    400 | train_loss 2.8933 | lr 3.39e-06
step    410 | train_loss 2.4524 | lr 3.18e-06
step    420 | train_loss 3.0850 | lr 3.05e-06
step    427 | val_loss 2.6521 | val_ppl 14.18
step    430 | train_loss 1.9947 | lr 3.00e-06
step    430 | val_loss 2.6521 | val_ppl 14.18
Saved checkpoint to /home/system/projects/AuthLLM/checkpoints/lr_scaling/dolly_unpacked_430_lr3e-05_seed1338/step_430.pt
