Data: 13,747 train / 287 val examples (977 dropped as longer than 512 tokens)
Model: medium (123,587,328 parameters), initialized from /home/system/projects/AuthLLM/checkpoints/medium/step_20000.pt (step 20000)
step     10 | train_loss 2.8443 | lr 7.41e-06
step     20 | train_loss 2.6231 | lr 1.48e-05
step     30 | train_loss 2.6566 | lr 2.00e-05
step     40 | train_loss 2.7597 | lr 2.00e-05
step     50 | train_loss 3.0220 | lr 1.99e-05
step     60 | train_loss 2.6906 | lr 1.97e-05
step     61 | val_loss 2.7398 | val_ppl 15.48
step     70 | train_loss 2.7650 | lr 1.95e-05
step     80 | train_loss 2.6532 | lr 1.93e-05
step     90 | train_loss 3.0536 | lr 1.90e-05
step    100 | train_loss 2.4235 | lr 1.86e-05
step    110 | train_loss 2.8586 | lr 1.82e-05
step    120 | train_loss 2.7740 | lr 1.78e-05
step    122 | val_loss 2.7085 | val_ppl 15.01
step    130 | train_loss 2.8043 | lr 1.73e-05
step    140 | train_loss 2.8615 | lr 1.68e-05
step    150 | train_loss 2.7050 | lr 1.62e-05
step    160 | train_loss 3.0769 | lr 1.56e-05
step    170 | train_loss 2.5493 | lr 1.50e-05
step    180 | train_loss 2.6479 | lr 1.44e-05
step    183 | val_loss 2.6927 | val_ppl 14.77
step    190 | train_loss 2.9910 | lr 1.37e-05
step    200 | train_loss 2.1997 | lr 1.31e-05
step    210 | train_loss 2.7725 | lr 1.24e-05
step    220 | train_loss 2.5156 | lr 1.17e-05
step    230 | train_loss 3.0055 | lr 1.10e-05
step    240 | train_loss 2.5028 | lr 1.03e-05
step    244 | val_loss 2.6831 | val_ppl 14.63
step    250 | train_loss 2.5287 | lr 9.57e-06
step    260 | train_loss 2.4364 | lr 8.88e-06
step    270 | train_loss 2.7161 | lr 8.21e-06
step    280 | train_loss 2.3082 | lr 7.55e-06
step    290 | train_loss 2.6032 | lr 6.91e-06
step    300 | train_loss 2.5167 | lr 6.30e-06
step    305 | val_loss 2.6786 | val_ppl 14.57
step    310 | train_loss 2.6090 | lr 5.72e-06
step    320 | train_loss 2.6282 | lr 5.16e-06
step    330 | train_loss 2.6095 | lr 4.65e-06
step    340 | train_loss 3.0402 | lr 4.17e-06
step    350 | train_loss 2.6172 | lr 3.74e-06
step    360 | train_loss 2.6109 | lr 3.34e-06
step    366 | val_loss 2.6762 | val_ppl 14.53
step    370 | train_loss 2.2472 | lr 3.00e-06
step    380 | train_loss 2.8496 | lr 2.70e-06
step    390 | train_loss 2.7737 | lr 2.46e-06
step    400 | train_loss 2.7947 | lr 2.26e-06
step    410 | train_loss 3.0002 | lr 2.12e-06
step    420 | train_loss 2.7403 | lr 2.03e-06
step    427 | val_loss 2.6743 | val_ppl 14.50
step    430 | train_loss 2.4384 | lr 2.00e-06
step    430 | val_loss 2.6743 | val_ppl 14.50
Saved checkpoint to /home/system/projects/AuthLLM/checkpoints/lr_scaling/dolly_unpacked_430_lr2e-05_seed1339/step_430.pt
