Data: 4,585 train / 93 val examples (0 dropped as longer than 512 tokens)
Model: medium (123,587,328 parameters), initialized from /home/system/projects/AuthLLM/checkpoints/medium/step_20000.pt (step 20000)
step     10 | train_loss 2.8348 | lr 2.00e-05
step     20 | train_loss 3.0131 | lr 1.98e-05
step     20 | val_loss 2.8893 | val_ppl 17.98
step     30 | train_loss 2.8629 | lr 1.90e-05
step     40 | train_loss 2.5630 | lr 1.79e-05
step     40 | val_loss 2.8575 | val_ppl 17.42
step     50 | train_loss 3.0345 | lr 1.63e-05
step     60 | train_loss 2.6094 | lr 1.45e-05
step     60 | val_loss 2.8433 | val_ppl 17.17
step     70 | train_loss 2.6086 | lr 1.25e-05
step     80 | train_loss 2.6858 | lr 1.04e-05
step     80 | val_loss 2.8362 | val_ppl 17.05
step     90 | train_loss 2.8357 | lr 8.30e-06
step    100 | train_loss 2.7732 | lr 6.38e-06
step    100 | val_loss 2.8294 | val_ppl 16.94
step    110 | train_loss 2.8235 | lr 4.71e-06
step    120 | train_loss 2.4131 | lr 3.39e-06
step    120 | val_loss 2.8256 | val_ppl 16.87
step    130 | train_loss 2.8325 | lr 2.48e-06
step    140 | train_loss 2.4407 | lr 2.04e-06
step    140 | val_loss 2.8239 | val_ppl 16.84
step    143 | train_loss 2.9495 | lr 2.00e-06
step    143 | val_loss 2.8238 | val_ppl 16.84
Saved checkpoint to /home/system/projects/AuthLLM/checkpoints/lr_scaling/dolly_third_unpacked_143_lr2e-05_seed1337/step_143.pt
