Data: 13,756 train / 278 val examples (977 dropped as longer than 512 tokens)
Model: medium (123,587,328 parameters), initialized from /home/system/projects/AuthLLM/checkpoints/medium/step_20000.pt (step 20000)
step     10 | train_loss 3.0252 | lr 1.11e-05
step     20 | train_loss 2.9874 | lr 2.22e-05
step     30 | train_loss 2.6249 | lr 3.00e-05
step     40 | train_loss 2.7936 | lr 2.99e-05
step     50 | train_loss 3.0723 | lr 2.98e-05
step     60 | train_loss 2.7605 | lr 2.96e-05
step     61 | val_loss 2.8160 | val_ppl 16.71
step     70 | train_loss 2.6695 | lr 2.93e-05
step     80 | train_loss 2.8076 | lr 2.89e-05
step     90 | train_loss 2.8349 | lr 2.85e-05
step    100 | train_loss 2.7770 | lr 2.79e-05
step    110 | train_loss 2.4650 | lr 2.73e-05
step    120 | train_loss 3.1833 | lr 2.67e-05
step    122 | val_loss 2.7864 | val_ppl 16.22
step    130 | train_loss 2.9074 | lr 2.60e-05
step    140 | train_loss 2.6652 | lr 2.52e-05
step    150 | train_loss 2.5750 | lr 2.43e-05
step    160 | train_loss 2.8398 | lr 2.35e-05
step    170 | train_loss 2.8095 | lr 2.25e-05
step    180 | train_loss 2.6981 | lr 2.16e-05
step    183 | val_loss 2.7747 | val_ppl 16.03
step    190 | train_loss 2.3687 | lr 2.06e-05
step    200 | train_loss 2.7041 | lr 1.96e-05
step    210 | train_loss 2.4958 | lr 1.85e-05
step    220 | train_loss 2.6379 | lr 1.75e-05
step    230 | train_loss 2.8004 | lr 1.64e-05
step    240 | train_loss 2.7722 | lr 1.54e-05
step    244 | val_loss 2.7636 | val_ppl 15.86
step    250 | train_loss 2.8190 | lr 1.44e-05
step    260 | train_loss 2.7403 | lr 1.33e-05
step    270 | train_loss 2.9986 | lr 1.23e-05
step    280 | train_loss 2.3448 | lr 1.13e-05
step    290 | train_loss 2.4674 | lr 1.04e-05
step    300 | train_loss 2.8661 | lr 9.45e-06
step    305 | val_loss 2.7576 | val_ppl 15.76
step    310 | train_loss 2.7156 | lr 8.57e-06
step    320 | train_loss 2.9326 | lr 7.75e-06
step    330 | train_loss 2.7317 | lr 6.97e-06
step    340 | train_loss 2.7792 | lr 6.26e-06
step    350 | train_loss 2.7777 | lr 5.60e-06
step    360 | train_loss 2.3783 | lr 5.02e-06
step    366 | val_loss 2.7537 | val_ppl 15.70
step    370 | train_loss 2.6378 | lr 4.50e-06
step    380 | train_loss 2.8611 | lr 4.05e-06
step    390 | train_loss 2.8502 | lr 3.68e-06
step    400 | train_loss 2.5761 | lr 3.39e-06
step    410 | train_loss 2.6880 | lr 3.18e-06
step    420 | train_loss 2.8047 | lr 3.05e-06
step    427 | val_loss 2.7518 | val_ppl 15.67
step    430 | train_loss 2.4903 | lr 3.00e-06
step    430 | val_loss 2.7517 | val_ppl 15.67
Saved checkpoint to /home/system/projects/AuthLLM/checkpoints/lr_scaling/dolly_unpacked_430_lr3e-05_seed1337/step_430.pt
