Data: 13,747 train / 287 val examples (977 dropped as longer than 512 tokens)
Model: medium (123,587,328 parameters), initialized from /home/system/projects/AuthLLM/checkpoints/medium/step_20000.pt (step 20000)
step     10 | train_loss 2.7932 | lr 2.22e-05
step     20 | train_loss 2.5834 | lr 4.44e-05
step     30 | train_loss 2.6416 | lr 6.00e-05
step     40 | train_loss 2.7413 | lr 5.99e-05
step     50 | train_loss 3.0158 | lr 5.96e-05
step     60 | train_loss 2.6917 | lr 5.92e-05
step     61 | val_loss 2.7255 | val_ppl 15.26
step     70 | train_loss 2.7582 | lr 5.86e-05
step     80 | train_loss 2.6387 | lr 5.78e-05
step     90 | train_loss 3.0600 | lr 5.69e-05
step    100 | train_loss 2.4154 | lr 5.59e-05
step    110 | train_loss 2.8700 | lr 5.47e-05
step    120 | train_loss 2.7840 | lr 5.33e-05
step    122 | val_loss 2.7092 | val_ppl 15.02
step    130 | train_loss 2.8174 | lr 5.19e-05
step    140 | train_loss 2.8644 | lr 5.03e-05
step    150 | train_loss 2.7021 | lr 4.87e-05
step    160 | train_loss 3.0933 | lr 4.69e-05
step    170 | train_loss 2.5495 | lr 4.51e-05
step    180 | train_loss 2.6607 | lr 4.32e-05
step    183 | val_loss 2.6982 | val_ppl 14.85
step    190 | train_loss 2.9984 | lr 4.12e-05
step    200 | train_loss 2.1968 | lr 3.92e-05
step    210 | train_loss 2.7820 | lr 3.71e-05
step    220 | train_loss 2.5208 | lr 3.50e-05
step    230 | train_loss 3.0143 | lr 3.29e-05
step    240 | train_loss 2.5079 | lr 3.08e-05
step    244 | val_loss 2.6848 | val_ppl 14.66
step    250 | train_loss 2.5357 | lr 2.87e-05
step    260 | train_loss 2.4234 | lr 2.66e-05
step    270 | train_loss 2.7131 | lr 2.46e-05
step    280 | train_loss 2.3052 | lr 2.26e-05
step    290 | train_loss 2.6077 | lr 2.07e-05
step    300 | train_loss 2.5041 | lr 1.89e-05
step    305 | val_loss 2.6768 | val_ppl 14.54
step    310 | train_loss 2.6055 | lr 1.71e-05
step    320 | train_loss 2.6286 | lr 1.55e-05
step    330 | train_loss 2.5935 | lr 1.39e-05
step    340 | train_loss 3.0395 | lr 1.25e-05
step    350 | train_loss 2.6072 | lr 1.12e-05
step    360 | train_loss 2.6288 | lr 1.00e-05
step    366 | val_loss 2.6720 | val_ppl 14.47
step    370 | train_loss 2.2561 | lr 9.00e-06
step    380 | train_loss 2.8576 | lr 8.11e-06
step    390 | train_loss 2.7552 | lr 7.37e-06
step    400 | train_loss 2.7999 | lr 6.78e-06
step    410 | train_loss 3.0130 | lr 6.36e-06
step    420 | train_loss 2.7254 | lr 6.10e-06
step    427 | val_loss 2.6677 | val_ppl 14.41
step    430 | train_loss 2.3940 | lr 6.00e-06
step    430 | val_loss 2.6677 | val_ppl 14.41
Saved checkpoint to /home/system/projects/AuthLLM/checkpoints/lr_scaling/dolly_unpacked_430_lr6e-05_seed1339/step_430.pt
