Data: 13,747 train / 287 val examples (977 dropped as longer than 512 tokens)
Model: medium (123,587,328 parameters), initialized from /home/system/projects/AuthLLM/checkpoints/medium/step_20000.pt (step 20000)
step     10 | train_loss 2.8274 | lr 1.11e-05
step     20 | train_loss 2.6068 | lr 2.22e-05
step     30 | train_loss 2.6433 | lr 3.00e-05
step     40 | train_loss 2.7504 | lr 2.99e-05
step     50 | train_loss 3.0128 | lr 2.98e-05
step     60 | train_loss 2.6851 | lr 2.96e-05
step     61 | val_loss 2.7296 | val_ppl 15.33
step     70 | train_loss 2.7566 | lr 2.93e-05
step     80 | train_loss 2.6425 | lr 2.89e-05
step     90 | train_loss 3.0492 | lr 2.85e-05
step    100 | train_loss 2.4126 | lr 2.79e-05
step    110 | train_loss 2.8537 | lr 2.73e-05
step    120 | train_loss 2.7692 | lr 2.67e-05
step    122 | val_loss 2.7013 | val_ppl 14.90
step    130 | train_loss 2.8019 | lr 2.60e-05
step    140 | train_loss 2.8544 | lr 2.52e-05
step    150 | train_loss 2.6978 | lr 2.43e-05
step    160 | train_loss 3.0747 | lr 2.35e-05
step    170 | train_loss 2.5390 | lr 2.25e-05
step    180 | train_loss 2.6461 | lr 2.16e-05
step    183 | val_loss 2.6866 | val_ppl 14.68
step    190 | train_loss 2.9872 | lr 2.06e-05
step    200 | train_loss 2.1918 | lr 1.96e-05
step    210 | train_loss 2.7692 | lr 1.85e-05
step    220 | train_loss 2.5108 | lr 1.75e-05
step    230 | train_loss 3.0017 | lr 1.64e-05
step    240 | train_loss 2.4969 | lr 1.54e-05
step    244 | val_loss 2.6765 | val_ppl 14.53
step    250 | train_loss 2.5242 | lr 1.44e-05
step    260 | train_loss 2.4270 | lr 1.33e-05
step    270 | train_loss 2.7053 | lr 1.23e-05
step    280 | train_loss 2.2997 | lr 1.13e-05
step    290 | train_loss 2.5988 | lr 1.04e-05
step    300 | train_loss 2.5049 | lr 9.45e-06
step    305 | val_loss 2.6715 | val_ppl 14.46
step    310 | train_loss 2.6028 | lr 8.57e-06
step    320 | train_loss 2.6227 | lr 7.75e-06
step    330 | train_loss 2.5977 | lr 6.97e-06
step    340 | train_loss 3.0333 | lr 6.26e-06
step    350 | train_loss 2.6067 | lr 5.60e-06
step    360 | train_loss 2.6099 | lr 5.02e-06
step    366 | val_loss 2.6686 | val_ppl 14.42
step    370 | train_loss 2.2449 | lr 4.50e-06
step    380 | train_loss 2.8463 | lr 4.05e-06
step    390 | train_loss 2.7608 | lr 3.68e-06
step    400 | train_loss 2.7897 | lr 3.39e-06
step    410 | train_loss 2.9993 | lr 3.18e-06
step    420 | train_loss 2.7307 | lr 3.05e-06
step    427 | val_loss 2.6661 | val_ppl 14.38
step    430 | train_loss 2.4202 | lr 3.00e-06
step    430 | val_loss 2.6660 | val_ppl 14.38
Saved checkpoint to /home/system/projects/AuthLLM/checkpoints/lr_scaling/dolly_unpacked_430_lr3e-05_seed1339/step_430.pt
