Data: 13,753 train / 281 val examples (977 dropped as longer than 512 tokens)
Model: medium (123,587,328 parameters), initialized from /home/system/projects/AuthLLM/checkpoints/medium/step_20000.pt (step 20000)
step     10 | train_loss 2.7188 | lr 6.00e-05
step     19 | val_loss 2.7240 | val_ppl 15.24
step     20 | train_loss 2.6155 | lr 5.90e-05
step     30 | train_loss 2.7366 | lr 5.65e-05
step     38 | val_loss 2.6922 | val_ppl 14.76
step     40 | train_loss 2.6861 | lr 5.26e-05
step     50 | train_loss 2.5715 | lr 4.74e-05
step     57 | val_loss 2.6752 | val_ppl 14.52
step     60 | train_loss 2.6190 | lr 4.15e-05
step     70 | train_loss 2.6900 | lr 3.50e-05
step     76 | val_loss 2.6638 | val_ppl 14.35
step     80 | train_loss 2.6653 | lr 2.84e-05
step     90 | train_loss 2.5790 | lr 2.21e-05
step     95 | val_loss 2.6570 | val_ppl 14.25
step    100 | train_loss 2.9522 | lr 1.64e-05
step    110 | train_loss 2.7023 | lr 1.17e-05
step    114 | val_loss 2.6538 | val_ppl 14.21
step    120 | train_loss 2.7047 | lr 8.32e-06
step    130 | train_loss 2.5239 | lr 6.40e-06
step    133 | val_loss 2.6515 | val_ppl 14.17
step    136 | train_loss 2.5578 | lr 6.01e-06
step    136 | val_loss 2.6510 | val_ppl 14.17
Saved checkpoint to /home/system/projects/AuthLLM/checkpoints/lr_scaling/dolly_wide_136_lr6e-05_seed1338/step_136.pt
