Data: 13,756 train / 278 val examples (977 dropped as longer than 512 tokens)
Model: medium (123,587,328 parameters), initialized from /home/system/projects/AuthLLM/checkpoints/medium/step_20000.pt (step 20000)
step     10 | train_loss 2.9489 | lr 9.26e-05
step     20 | train_loss 2.9951 | lr 1.85e-04
step     30 | train_loss 2.6928 | lr 2.50e-04
step     40 | train_loss 2.9002 | lr 2.50e-04
step     50 | train_loss 3.2680 | lr 2.48e-04
step     60 | train_loss 2.8991 | lr 2.47e-04
step     61 | val_loss 2.9977 | val_ppl 20.04
step     70 | train_loss 2.8483 | lr 2.44e-04
step     80 | train_loss 2.9882 | lr 2.41e-04
step     90 | train_loss 3.0189 | lr 2.37e-04
step    100 | train_loss 3.0223 | lr 2.33e-04
step    110 | train_loss 2.6955 | lr 2.28e-04
step    120 | train_loss 3.4331 | lr 2.22e-04
step    122 | val_loss 3.0209 | val_ppl 20.51
step    130 | train_loss 3.1391 | lr 2.16e-04
step    140 | train_loss 2.8610 | lr 2.10e-04
step    150 | train_loss 2.8389 | lr 2.03e-04
step    160 | train_loss 3.1022 | lr 1.96e-04
step    170 | train_loss 3.1070 | lr 1.88e-04
step    180 | train_loss 2.9773 | lr 1.80e-04
step    183 | val_loss 3.0205 | val_ppl 20.50
step    190 | train_loss 2.5690 | lr 1.72e-04
step    200 | train_loss 2.9346 | lr 1.63e-04
step    210 | train_loss 2.7421 | lr 1.55e-04
step    220 | train_loss 2.8689 | lr 1.46e-04
step    230 | train_loss 3.0347 | lr 1.37e-04
step    240 | train_loss 2.9945 | lr 1.28e-04
step    244 | val_loss 2.9970 | val_ppl 20.03
step    250 | train_loss 3.0328 | lr 1.20e-04
step    260 | train_loss 2.9954 | lr 1.11e-04
step    270 | train_loss 3.1881 | lr 1.03e-04
step    280 | train_loss 2.5473 | lr 9.43e-05
step    290 | train_loss 2.5963 | lr 8.64e-05
step    300 | train_loss 3.0986 | lr 7.87e-05
step    305 | val_loss 2.9662 | val_ppl 19.42
step    310 | train_loss 2.8940 | lr 7.14e-05
step    320 | train_loss 3.0951 | lr 6.46e-05
step    330 | train_loss 2.9527 | lr 5.81e-05
step    340 | train_loss 2.9652 | lr 5.21e-05
step    350 | train_loss 2.9428 | lr 4.67e-05
step    360 | train_loss 2.5663 | lr 4.18e-05
step    366 | val_loss 2.9390 | val_ppl 18.90
step    370 | train_loss 2.7494 | lr 3.75e-05
step    380 | train_loss 3.0131 | lr 3.38e-05
step    390 | train_loss 2.9898 | lr 3.07e-05
step    400 | train_loss 2.7471 | lr 2.83e-05
step    410 | train_loss 2.8638 | lr 2.65e-05
step    420 | train_loss 2.9803 | lr 2.54e-05
step    427 | val_loss 2.9186 | val_ppl 18.51
step    430 | train_loss 2.5474 | lr 2.50e-05
step    430 | val_loss 2.9180 | val_ppl 18.50
Saved checkpoint to /home/system/projects/AuthLLM/checkpoints/lr_scaling/dolly_unpacked_430_lr0.00025_seed1337/step_430.pt
