Data: 4,585 train / 93 val examples (0 dropped as longer than 512 tokens)
Model: medium (123,587,328 parameters), initialized from /home/system/projects/AuthLLM/checkpoints/medium/step_20000.pt (step 20000)
step     10 | train_loss 2.8003 | lr 9.00e-05
step     20 | train_loss 3.0285 | lr 8.89e-05
step     20 | val_loss 2.8783 | val_ppl 17.78
step     30 | train_loss 2.8699 | lr 8.56e-05
step     40 | train_loss 2.5740 | lr 8.04e-05
step     40 | val_loss 2.8614 | val_ppl 17.49
step     50 | train_loss 3.0454 | lr 7.35e-05
step     60 | train_loss 2.6228 | lr 6.52e-05
step     60 | val_loss 2.8522 | val_ppl 17.33
step     70 | train_loss 2.6036 | lr 5.61e-05
step     80 | train_loss 2.6853 | lr 4.67e-05
step     80 | val_loss 2.8424 | val_ppl 17.16
step     90 | train_loss 2.8556 | lr 3.73e-05
step    100 | train_loss 2.7834 | lr 2.87e-05
step    100 | val_loss 2.8308 | val_ppl 16.96
step    110 | train_loss 2.8436 | lr 2.12e-05
step    120 | train_loss 2.3870 | lr 1.52e-05
step    120 | val_loss 2.8236 | val_ppl 16.84
step    130 | train_loss 2.8601 | lr 1.12e-05
step    140 | train_loss 2.4229 | lr 9.18e-06
step    140 | val_loss 2.8192 | val_ppl 16.76
step    143 | train_loss 2.9578 | lr 9.01e-06
step    143 | val_loss 2.8189 | val_ppl 16.76
Saved checkpoint to /home/system/projects/AuthLLM/checkpoints/lr_scaling/dolly_third_unpacked_143_lr9e-05_seed1337/step_143.pt
