Data: 13,747 train / 287 val examples (977 dropped as longer than 512 tokens)
Packing: 13,747 examples into 4,342 windows (3.2 per window, 99.4% of positions used)
Model: medium (123,587,328 parameters), initialized from /home/system/projects/AuthLLM/checkpoints/medium/step_20000.pt (step 20000)
step     10 | train_loss 2.7138 | lr 6.00e-05
step     19 | val_loss 2.7500 | val_ppl 15.64
step     20 | train_loss 2.8531 | lr 5.90e-05
step     30 | train_loss 2.6803 | lr 5.65e-05
step     38 | val_loss 2.7078 | val_ppl 15.00
step     40 | train_loss 2.4883 | lr 5.26e-05
step     50 | train_loss 2.7323 | lr 4.74e-05
step     57 | val_loss 2.6890 | val_ppl 14.72
step     60 | train_loss 2.6734 | lr 4.15e-05
step     70 | train_loss 2.6670 | lr 3.50e-05
step     76 | val_loss 2.6790 | val_ppl 14.57
step     80 | train_loss 2.5780 | lr 2.84e-05
step     90 | train_loss 2.3979 | lr 2.21e-05
step     95 | val_loss 2.6724 | val_ppl 14.48
step    100 | train_loss 2.7058 | lr 1.64e-05
step    110 | train_loss 2.4156 | lr 1.17e-05
step    114 | val_loss 2.6683 | val_ppl 14.42
step    120 | train_loss 2.6420 | lr 8.32e-06
step    130 | train_loss 2.6449 | lr 6.40e-06
step    133 | val_loss 2.6655 | val_ppl 14.38
step    136 | train_loss 2.7751 | lr 6.01e-06
step    136 | val_loss 2.6651 | val_ppl 14.37
Saved checkpoint to /home/system/projects/AuthLLM/checkpoints/lr_scaling/dolly_packed_136_lr6e-05_seed1339/step_136.pt
