Data: 13,756 train / 278 val examples (977 dropped as longer than 512 tokens)
Packing: 13,756 examples into 4,341 windows (3.2 per window, 99.3% of positions used)
Model: medium (123,587,328 parameters), initialized from /home/system/projects/AuthLLM/checkpoints/medium/step_20000.pt (step 20000)
step     10 | train_loss 2.8711 | lr 3.33e-05
step     20 | train_loss 2.7402 | lr 6.67e-05
step     30 | train_loss 2.7087 | lr 9.00e-05
step     40 | train_loss 2.6218 | lr 8.98e-05
step     50 | train_loss 2.6623 | lr 8.94e-05
step     60 | train_loss 2.8165 | lr 8.87e-05
step     61 | val_loss 2.7828 | val_ppl 16.16
step     70 | train_loss 2.8320 | lr 8.78e-05
step     80 | train_loss 2.6371 | lr 8.67e-05
step     90 | train_loss 2.6601 | lr 8.54e-05
step    100 | train_loss 2.8036 | lr 8.38e-05
step    110 | train_loss 2.7884 | lr 8.20e-05
step    120 | train_loss 2.4403 | lr 8.00e-05
step    122 | val_loss 2.7531 | val_ppl 15.69
step    130 | train_loss 2.7859 | lr 7.79e-05
step    140 | train_loss 2.2608 | lr 7.55e-05
step    150 | train_loss 2.3683 | lr 7.30e-05
step    160 | train_loss 2.3449 | lr 7.04e-05
step    170 | train_loss 2.1774 | lr 6.76e-05
step    180 | train_loss 2.2204 | lr 6.47e-05
step    183 | val_loss 2.7670 | val_ppl 15.91
step    190 | train_loss 2.2070 | lr 6.18e-05
step    200 | train_loss 2.1720 | lr 5.87e-05
step    210 | train_loss 2.3912 | lr 5.56e-05
step    220 | train_loss 2.0726 | lr 5.25e-05
step    230 | train_loss 2.1818 | lr 4.93e-05
step    240 | train_loss 2.1834 | lr 4.62e-05
step    244 | val_loss 2.7692 | val_ppl 15.95
step    250 | train_loss 2.2432 | lr 4.31e-05
step    260 | train_loss 2.3030 | lr 4.00e-05
step    270 | train_loss 2.4448 | lr 3.69e-05
step    280 | train_loss 2.0280 | lr 3.40e-05
step    290 | train_loss 1.9414 | lr 3.11e-05
step    300 | train_loss 1.9871 | lr 2.83e-05
step    305 | val_loss 2.8160 | val_ppl 16.71
step    310 | train_loss 1.9774 | lr 2.57e-05
step    320 | train_loss 1.9755 | lr 2.32e-05
step    330 | train_loss 1.8425 | lr 2.09e-05
step    340 | train_loss 1.8948 | lr 1.88e-05
step    350 | train_loss 2.0986 | lr 1.68e-05
step    360 | train_loss 2.0084 | lr 1.50e-05
step    366 | val_loss 2.8173 | val_ppl 16.73
step    370 | train_loss 1.8404 | lr 1.35e-05
step    380 | train_loss 1.7851 | lr 1.22e-05
step    390 | train_loss 1.9855 | lr 1.11e-05
step    400 | train_loss 2.0160 | lr 1.02e-05
step    410 | train_loss 1.7091 | lr 9.54e-06
step    420 | train_loss 2.0058 | lr 9.15e-06
step    427 | val_loss 2.8433 | val_ppl 17.17
step    430 | train_loss 1.9301 | lr 9.00e-06
step    430 | val_loss 2.8433 | val_ppl 17.17
Saved checkpoint to /home/system/projects/AuthLLM/checkpoints/lr_scaling/dolly_packed_430_lr9e-05_seed1337/step_430.pt
