Data: 4,585 train / 93 val examples (0 dropped as longer than 512 tokens)
Model: medium (123,587,328 parameters), initialized from /home/system/projects/AuthLLM/checkpoints/medium/step_20000.pt (step 20000)
step     10 | train_loss 2.4852 | lr 3.00e-05
step     20 | train_loss 2.6686 | lr 2.96e-05
step     20 | val_loss 2.7348 | val_ppl 15.41
step     30 | train_loss 2.9214 | lr 2.85e-05
step     40 | train_loss 2.8916 | lr 2.68e-05
step     40 | val_loss 2.7056 | val_ppl 14.96
step     50 | train_loss 2.7975 | lr 2.45e-05
step     60 | train_loss 2.8439 | lr 2.17e-05
step     60 | val_loss 2.6911 | val_ppl 14.75
step     70 | train_loss 2.5973 | lr 1.87e-05
step     80 | train_loss 2.8408 | lr 1.56e-05
step     80 | val_loss 2.6834 | val_ppl 14.63
step     90 | train_loss 2.6859 | lr 1.24e-05
step    100 | train_loss 2.8929 | lr 9.57e-06
step    100 | val_loss 2.6773 | val_ppl 14.55
step    110 | train_loss 2.4313 | lr 7.07e-06
step    120 | train_loss 2.8454 | lr 5.08e-06
step    120 | val_loss 2.6751 | val_ppl 14.51
step    130 | train_loss 3.0190 | lr 3.72e-06
step    140 | train_loss 2.6711 | lr 3.06e-06
step    140 | val_loss 2.6724 | val_ppl 14.48
step    143 | train_loss 2.6785 | lr 3.00e-06
step    143 | val_loss 2.6722 | val_ppl 14.47
Saved checkpoint to /home/system/projects/AuthLLM/checkpoints/lr_scaling/dolly_third_unpacked_143_lr3e-05_seed1339/step_143.pt
