Data: 13,756 train / 278 val examples (977 dropped as longer than 512 tokens)
Model: medium (123,587,328 parameters), initialized from /home/system/projects/AuthLLM/checkpoints/medium/step_20000.pt (step 20000)
step     10 | train_loss 2.9793 | lr 2.00e-05
step     19 | val_loss 2.8733 | val_ppl 17.70
step     20 | train_loss 2.9756 | lr 1.97e-05
step     30 | train_loss 2.6243 | lr 1.88e-05
step     38 | val_loss 2.8386 | val_ppl 17.09
step     40 | train_loss 2.7951 | lr 1.75e-05
step     50 | train_loss 3.0698 | lr 1.58e-05
step     57 | val_loss 2.8240 | val_ppl 16.84
step     60 | train_loss 2.7694 | lr 1.38e-05
step     70 | train_loss 2.6777 | lr 1.17e-05
step     76 | val_loss 2.8145 | val_ppl 16.69
step     80 | train_loss 2.8205 | lr 9.46e-06
step     90 | train_loss 2.8419 | lr 7.35e-06
step     95 | val_loss 2.8093 | val_ppl 16.60
step    100 | train_loss 2.7876 | lr 5.46e-06
step    110 | train_loss 2.4720 | lr 3.90e-06
step    114 | val_loss 2.8063 | val_ppl 16.55
step    120 | train_loss 3.1925 | lr 2.77e-06
step    130 | train_loss 2.9152 | lr 2.13e-06
step    133 | val_loss 2.8045 | val_ppl 16.52
step    136 | train_loss 2.7389 | lr 2.00e-06
step    136 | val_loss 2.8043 | val_ppl 16.51
Saved checkpoint to /home/system/projects/AuthLLM/checkpoints/lr_scaling/dolly_unpacked_136_lr2e-05_seed1337/step_136.pt
