Data: 13,753 train / 281 val examples (977 dropped as longer than 512 tokens)
Packing: 13,753 examples into 4,347 windows (3.2 per window, 99.3% of positions used)
Model: medium (123,587,328 parameters), initialized from /home/system/projects/AuthLLM/checkpoints/medium/step_20000.pt (step 20000)
step     10 | train_loss 2.8253 | lr 9.00e-05
step     19 | val_loss 2.7158 | val_ppl 15.12
step     20 | train_loss 2.6139 | lr 8.85e-05
step     30 | train_loss 2.7239 | lr 8.47e-05
step     38 | val_loss 2.6967 | val_ppl 14.83
step     40 | train_loss 2.8488 | lr 7.88e-05
step     50 | train_loss 2.6926 | lr 7.12e-05
step     57 | val_loss 2.6806 | val_ppl 14.59
step     60 | train_loss 2.6494 | lr 6.22e-05
step     70 | train_loss 2.6661 | lr 5.25e-05
step     76 | val_loss 2.6677 | val_ppl 14.41
step     80 | train_loss 2.6559 | lr 4.26e-05
step     90 | train_loss 2.7135 | lr 3.31e-05
step     95 | val_loss 2.6578 | val_ppl 14.27
step    100 | train_loss 2.7198 | lr 2.46e-05
step    110 | train_loss 2.7881 | lr 1.76e-05
step    114 | val_loss 2.6523 | val_ppl 14.19
step    120 | train_loss 2.5392 | lr 1.25e-05
step    130 | train_loss 2.5703 | lr 9.60e-06
step    133 | val_loss 2.6485 | val_ppl 14.13
step    136 | train_loss 2.4432 | lr 9.01e-06
step    136 | val_loss 2.6481 | val_ppl 14.13
Saved checkpoint to /home/system/projects/AuthLLM/checkpoints/lr_scaling/dolly_packed_136_lr9e-05_seed1338/step_136.pt
