Data: 13,756 train / 278 val examples (977 dropped as longer than 512 tokens)
Model: medium (123,587,328 parameters), initialized from /home/system/projects/AuthLLM/checkpoints/medium/step_20000.pt (step 20000)
step     10 | train_loss 2.9639 | lr 3.33e-05
step     20 | train_loss 2.9740 | lr 6.67e-05
step     30 | train_loss 2.6125 | lr 9.00e-05
step     40 | train_loss 2.7940 | lr 8.98e-05
step     50 | train_loss 3.1062 | lr 8.94e-05
step     60 | train_loss 2.7585 | lr 8.87e-05
step     61 | val_loss 2.8267 | val_ppl 16.89
step     70 | train_loss 2.6797 | lr 8.78e-05
step     80 | train_loss 2.8161 | lr 8.67e-05
step     90 | train_loss 2.8531 | lr 8.54e-05
step    100 | train_loss 2.8111 | lr 8.38e-05
step    110 | train_loss 2.5012 | lr 8.20e-05
step    120 | train_loss 3.2346 | lr 8.00e-05
step    122 | val_loss 2.8175 | val_ppl 16.73
step    130 | train_loss 2.9464 | lr 7.79e-05
step    140 | train_loss 2.6871 | lr 7.55e-05
step    150 | train_loss 2.6176 | lr 7.30e-05
step    160 | train_loss 2.8751 | lr 7.04e-05
step    170 | train_loss 2.8573 | lr 6.76e-05
step    180 | train_loss 2.7401 | lr 6.47e-05
step    183 | val_loss 2.8099 | val_ppl 16.61
step    190 | train_loss 2.3876 | lr 6.18e-05
step    200 | train_loss 2.7473 | lr 5.87e-05
step    210 | train_loss 2.5270 | lr 5.56e-05
step    220 | train_loss 2.6709 | lr 5.25e-05
step    230 | train_loss 2.8428 | lr 4.93e-05
step    240 | train_loss 2.8070 | lr 4.62e-05
step    244 | val_loss 2.8003 | val_ppl 16.45
step    250 | train_loss 2.8512 | lr 4.31e-05
step    260 | train_loss 2.7775 | lr 4.00e-05
step    270 | train_loss 3.0291 | lr 3.69e-05
step    280 | train_loss 2.3632 | lr 3.40e-05
step    290 | train_loss 2.4662 | lr 3.11e-05
step    300 | train_loss 2.9029 | lr 2.83e-05
step    305 | val_loss 2.7914 | val_ppl 16.30
step    310 | train_loss 2.7525 | lr 2.57e-05
step    320 | train_loss 2.9524 | lr 2.32e-05
step    330 | train_loss 2.7670 | lr 2.09e-05
step    340 | train_loss 2.8082 | lr 1.88e-05
step    350 | train_loss 2.7970 | lr 1.68e-05
step    360 | train_loss 2.4065 | lr 1.50e-05
step    366 | val_loss 2.7831 | val_ppl 16.17
step    370 | train_loss 2.6374 | lr 1.35e-05
step    380 | train_loss 2.8864 | lr 1.22e-05
step    390 | train_loss 2.8573 | lr 1.11e-05
step    400 | train_loss 2.6061 | lr 1.02e-05
step    410 | train_loss 2.7120 | lr 9.54e-06
step    420 | train_loss 2.8239 | lr 9.15e-06
step    427 | val_loss 2.7768 | val_ppl 16.07
step    430 | train_loss 2.4780 | lr 9.00e-06
step    430 | val_loss 2.7765 | val_ppl 16.06
Saved checkpoint to /home/system/projects/AuthLLM/checkpoints/lr_scaling/dolly_unpacked_430_lr9e-05_seed1337/step_430.pt
