Data: 13,747 train / 287 val examples (977 dropped as longer than 512 tokens)
Packing: 13,747 examples into 4,342 windows (3.2 per window, 99.4% of positions used)
Model: medium (123,587,328 parameters), initialized from /home/system/projects/AuthLLM/checkpoints/medium/step_20000.pt (step 20000)
step     10 | train_loss 2.6982 | lr 1.50e-04
step     19 | val_loss 2.7578 | val_ppl 15.76
step     20 | train_loss 2.8617 | lr 1.48e-04
step     30 | train_loss 2.6952 | lr 1.41e-04
step     38 | val_loss 2.7339 | val_ppl 15.39
step     40 | train_loss 2.5193 | lr 1.31e-04
step     50 | train_loss 2.7640 | lr 1.19e-04
step     57 | val_loss 2.7169 | val_ppl 15.13
step     60 | train_loss 2.6944 | lr 1.04e-04
step     70 | train_loss 2.6948 | lr 8.75e-05
step     76 | val_loss 2.7062 | val_ppl 14.97
step     80 | train_loss 2.5929 | lr 7.10e-05
step     90 | train_loss 2.4137 | lr 5.51e-05
step     95 | val_loss 2.6918 | val_ppl 14.76
step    100 | train_loss 2.7045 | lr 4.10e-05
step    110 | train_loss 2.4185 | lr 2.93e-05
step    114 | val_loss 2.6860 | val_ppl 14.67
step    120 | train_loss 2.6613 | lr 2.08e-05
step    130 | train_loss 2.6686 | lr 1.60e-05
step    133 | val_loss 2.6771 | val_ppl 14.54
step    136 | train_loss 2.7481 | lr 1.50e-05
step    136 | val_loss 2.6763 | val_ppl 14.53
Saved checkpoint to /home/system/projects/AuthLLM/checkpoints/lr_scaling/dolly_packed_136_lr0.00015_seed1339/step_136.pt
