Data: 4,585 train / 93 val examples (0 dropped as longer than 512 tokens)
Model: medium (123,587,328 parameters), initialized from /home/system/projects/AuthLLM/checkpoints/medium/step_20000.pt (step 20000)
step     10 | train_loss 2.9223 | lr 3.00e-05
step     20 | train_loss 2.8696 | lr 2.96e-05
step     20 | val_loss 2.8036 | val_ppl 16.50
step     30 | train_loss 2.6787 | lr 2.85e-05
step     40 | train_loss 2.7013 | lr 2.68e-05
step     40 | val_loss 2.7720 | val_ppl 15.99
step     50 | train_loss 2.6345 | lr 2.45e-05
step     60 | train_loss 2.5433 | lr 2.17e-05
step     60 | val_loss 2.7554 | val_ppl 15.73
step     70 | train_loss 2.6462 | lr 1.87e-05
step     80 | train_loss 2.4649 | lr 1.56e-05
step     80 | val_loss 2.7483 | val_ppl 15.62
step     90 | train_loss 2.8618 | lr 1.24e-05
step    100 | train_loss 2.8207 | lr 9.57e-06
step    100 | val_loss 2.7416 | val_ppl 15.51
step    110 | train_loss 2.6127 | lr 7.07e-06
step    120 | train_loss 3.1140 | lr 5.08e-06
step    120 | val_loss 2.7387 | val_ppl 15.47
step    130 | train_loss 2.7797 | lr 3.72e-06
step    140 | train_loss 2.6263 | lr 3.06e-06
step    140 | val_loss 2.7360 | val_ppl 15.43
step    143 | train_loss 2.3921 | lr 3.00e-06
step    143 | val_loss 2.7358 | val_ppl 15.42
Saved checkpoint to /home/system/projects/AuthLLM/checkpoints/lr_scaling/dolly_third_unpacked_143_lr3e-05_seed1338/step_143.pt
