Data: 13,753 train / 281 val examples (977 dropped as longer than 512 tokens)
Model: medium (123,587,328 parameters), initialized from /home/system/projects/AuthLLM/checkpoints/medium/step_20000.pt (step 20000)
step     10 | train_loss 2.9383 | lr 9.00e-05
step     19 | val_loss 2.7574 | val_ppl 15.76
step     20 | train_loss 2.9833 | lr 8.85e-05
step     30 | train_loss 2.7251 | lr 8.47e-05
step     38 | val_loss 2.7411 | val_ppl 15.50
step     40 | train_loss 2.5304 | lr 7.88e-05
step     50 | train_loss 2.6668 | lr 7.12e-05
step     57 | val_loss 2.7272 | val_ppl 15.29
step     60 | train_loss 2.3613 | lr 6.22e-05
step     70 | train_loss 2.9646 | lr 5.25e-05
step     76 | val_loss 2.7182 | val_ppl 15.15
step     80 | train_loss 2.8516 | lr 4.26e-05
step     90 | train_loss 2.8867 | lr 3.31e-05
step     95 | val_loss 2.7089 | val_ppl 15.01
step    100 | train_loss 2.8108 | lr 2.46e-05
step    110 | train_loss 2.4882 | lr 1.76e-05
step    114 | val_loss 2.7038 | val_ppl 14.94
step    120 | train_loss 2.4376 | lr 1.25e-05
step    130 | train_loss 2.8635 | lr 9.60e-06
step    133 | val_loss 2.6985 | val_ppl 14.86
step    136 | train_loss 2.3043 | lr 9.01e-06
step    136 | val_loss 2.6978 | val_ppl 14.85
Saved checkpoint to /home/system/projects/AuthLLM/checkpoints/lr_scaling/dolly_unpacked_136_lr9e-05_seed1338/step_136.pt
