Data: 13,756 train / 278 val examples (977 dropped as longer than 512 tokens)
Model: medium (123,587,328 parameters), initialized from /home/system/projects/AuthLLM/checkpoints/medium/step_20000.pt (step 20000)
step     10 | train_loss 2.9710 | lr 5.56e-05
step     20 | train_loss 2.9706 | lr 1.11e-04
step     30 | train_loss 2.6308 | lr 1.50e-04
step     40 | train_loss 2.8232 | lr 1.50e-04
step     50 | train_loss 3.1646 | lr 1.49e-04
step     60 | train_loss 2.7968 | lr 1.48e-04
step     61 | val_loss 2.8809 | val_ppl 17.83
step     70 | train_loss 2.7384 | lr 1.46e-04
step     80 | train_loss 2.8675 | lr 1.45e-04
step     90 | train_loss 2.9068 | lr 1.42e-04
step    100 | train_loss 2.8861 | lr 1.40e-04
step    110 | train_loss 2.5633 | lr 1.37e-04
step    120 | train_loss 3.3087 | lr 1.33e-04
step    122 | val_loss 2.8848 | val_ppl 17.90
step    130 | train_loss 3.0198 | lr 1.30e-04
step    140 | train_loss 2.7460 | lr 1.26e-04
step    150 | train_loss 2.6933 | lr 1.22e-04
step    160 | train_loss 2.9548 | lr 1.17e-04
step    170 | train_loss 2.9387 | lr 1.13e-04
step    180 | train_loss 2.8258 | lr 1.08e-04
step    183 | val_loss 2.8820 | val_ppl 17.85
step    190 | train_loss 2.4451 | lr 1.03e-04
step    200 | train_loss 2.8125 | lr 9.79e-05
step    210 | train_loss 2.5990 | lr 9.27e-05
step    220 | train_loss 2.7409 | lr 8.75e-05
step    230 | train_loss 2.9046 | lr 8.22e-05
step    240 | train_loss 2.8689 | lr 7.70e-05
step    244 | val_loss 2.8689 | val_ppl 17.62
step    250 | train_loss 2.9133 | lr 7.18e-05
step    260 | train_loss 2.8543 | lr 6.66e-05
step    270 | train_loss 3.0838 | lr 6.15e-05
step    280 | train_loss 2.4195 | lr 5.66e-05
step    290 | train_loss 2.5016 | lr 5.18e-05
step    300 | train_loss 2.9673 | lr 4.72e-05
step    305 | val_loss 2.8524 | val_ppl 17.33
step    310 | train_loss 2.8017 | lr 4.29e-05
step    320 | train_loss 3.0009 | lr 3.87e-05
step    330 | train_loss 2.8313 | lr 3.49e-05
step    340 | train_loss 2.8609 | lr 3.13e-05
step    350 | train_loss 2.8485 | lr 2.80e-05
step    360 | train_loss 2.4636 | lr 2.51e-05
step    366 | val_loss 2.8375 | val_ppl 17.07
step    370 | train_loss 2.6687 | lr 2.25e-05
step    380 | train_loss 2.9354 | lr 2.03e-05
step    390 | train_loss 2.8988 | lr 1.84e-05
step    400 | train_loss 2.6580 | lr 1.70e-05
step    410 | train_loss 2.7744 | lr 1.59e-05
step    420 | train_loss 2.8746 | lr 1.52e-05
step    427 | val_loss 2.8257 | val_ppl 16.87
step    430 | train_loss 2.4910 | lr 1.50e-05
step    430 | val_loss 2.8253 | val_ppl 16.87
Saved checkpoint to /home/system/projects/AuthLLM/checkpoints/lr_scaling/dolly_unpacked_430_lr0.00015_seed1337/step_430.pt
