Data: 13,753 train / 281 val examples (977 dropped as longer than 512 tokens)
Model: medium (123,587,328 parameters), initialized from /home/system/projects/AuthLLM/checkpoints/medium/step_20000.pt (step 20000)
step     10 | train_loss 2.6981 | lr 1.50e-04
step     19 | val_loss 2.7368 | val_ppl 15.44
step     20 | train_loss 2.6300 | lr 1.48e-04
step     30 | train_loss 2.7579 | lr 1.41e-04
step     38 | val_loss 2.7271 | val_ppl 15.29
step     40 | train_loss 2.7229 | lr 1.31e-04
step     50 | train_loss 2.6049 | lr 1.19e-04
step     57 | val_loss 2.7075 | val_ppl 14.99
step     60 | train_loss 2.6520 | lr 1.04e-04
step     70 | train_loss 2.7057 | lr 8.75e-05
step     76 | val_loss 2.6886 | val_ppl 14.71
step     80 | train_loss 2.6858 | lr 7.10e-05
step     90 | train_loss 2.6129 | lr 5.51e-05
step     95 | val_loss 2.6765 | val_ppl 14.53
step    100 | train_loss 2.9771 | lr 4.10e-05
step    110 | train_loss 2.7325 | lr 2.93e-05
step    114 | val_loss 2.6698 | val_ppl 14.44
step    120 | train_loss 2.7150 | lr 2.08e-05
step    130 | train_loss 2.5314 | lr 1.60e-05
step    133 | val_loss 2.6640 | val_ppl 14.35
step    136 | train_loss 2.5710 | lr 1.50e-05
step    136 | val_loss 2.6631 | val_ppl 14.34
Saved checkpoint to /home/system/projects/AuthLLM/checkpoints/lr_scaling/dolly_wide_136_lr0.00015_seed1338/step_136.pt
