Data: 13,747 train / 287 val examples (977 dropped as longer than 512 tokens)
Packing: 13,747 examples into 4,342 windows (3.2 per window, 99.4% of positions used)
Model: medium (123,587,328 parameters), initialized from /home/system/projects/AuthLLM/checkpoints/medium/step_20000.pt (step 20000)
step     10 | train_loss 2.7044 | lr 9.00e-05
step     19 | val_loss 2.7457 | val_ppl 15.57
step     20 | train_loss 2.8482 | lr 8.85e-05
step     30 | train_loss 2.6786 | lr 8.47e-05
step     38 | val_loss 2.7108 | val_ppl 15.04
step     40 | train_loss 2.4941 | lr 7.88e-05
step     50 | train_loss 2.7374 | lr 7.12e-05
step     57 | val_loss 2.6911 | val_ppl 14.75
step     60 | train_loss 2.6755 | lr 6.22e-05
step     70 | train_loss 2.6705 | lr 5.25e-05
step     76 | val_loss 2.6825 | val_ppl 14.62
step     80 | train_loss 2.5776 | lr 4.26e-05
step     90 | train_loss 2.3976 | lr 3.31e-05
step     95 | val_loss 2.6727 | val_ppl 14.48
step    100 | train_loss 2.6982 | lr 2.46e-05
step    110 | train_loss 2.4109 | lr 1.76e-05
step    114 | val_loss 2.6689 | val_ppl 14.42
step    120 | train_loss 2.6451 | lr 1.25e-05
step    130 | train_loss 2.6491 | lr 9.60e-06
step    133 | val_loss 2.6642 | val_ppl 14.36
step    136 | train_loss 2.7580 | lr 9.01e-06
step    136 | val_loss 2.6636 | val_ppl 14.35
Saved checkpoint to /home/system/projects/AuthLLM/checkpoints/lr_scaling/dolly_packed_136_lr9e-05_seed1339/step_136.pt
