Data: 13,756 train / 278 val examples (977 dropped as longer than 512 tokens)
Packing: 13,756 examples into 4,341 windows (3.2 per window, 99.3% of positions used)
Model: medium (123,587,328 parameters), initialized from /home/system/projects/AuthLLM/checkpoints/medium/step_20000.pt (step 20000)
step     10 | train_loss 2.8509 | lr 9.00e-05
step     19 | val_loss 2.8312 | val_ppl 16.97
step     20 | train_loss 2.7247 | lr 8.85e-05
step     30 | train_loss 2.7079 | lr 8.47e-05
step     38 | val_loss 2.8030 | val_ppl 16.49
step     40 | train_loss 2.6199 | lr 7.88e-05
step     50 | train_loss 2.6632 | lr 7.12e-05
step     57 | val_loss 2.7851 | val_ppl 16.20
step     60 | train_loss 2.8155 | lr 6.22e-05
step     70 | train_loss 2.8270 | lr 5.25e-05
step     76 | val_loss 2.7714 | val_ppl 15.98
step     80 | train_loss 2.6366 | lr 4.26e-05
step     90 | train_loss 2.6546 | lr 3.31e-05
step     95 | val_loss 2.7586 | val_ppl 15.78
step    100 | train_loss 2.8012 | lr 2.46e-05
step    110 | train_loss 2.7796 | lr 1.76e-05
step    114 | val_loss 2.7538 | val_ppl 15.70
step    120 | train_loss 2.4354 | lr 1.25e-05
step    130 | train_loss 2.7795 | lr 9.60e-06
step    133 | val_loss 2.7488 | val_ppl 15.62
step    136 | train_loss 2.6353 | lr 9.01e-06
step    136 | val_loss 2.7484 | val_ppl 15.62
Saved checkpoint to /home/system/projects/AuthLLM/checkpoints/lr_scaling/dolly_packed_136_lr9e-05_seed1337/step_136.pt
