Data: 4,585 train / 93 val examples (0 dropped as longer than 512 tokens)
Model: medium (123,587,328 parameters), initialized from /home/system/projects/AuthLLM/checkpoints/medium/step_20000.pt (step 20000)
step     10 | train_loss 2.8811 | lr 9.00e-05
step     20 | train_loss 2.8444 | lr 8.89e-05
step     20 | val_loss 2.8067 | val_ppl 16.56
step     30 | train_loss 2.6850 | lr 8.56e-05
step     40 | train_loss 2.7094 | lr 8.04e-05
step     40 | val_loss 2.7848 | val_ppl 16.20
step     50 | train_loss 2.6326 | lr 7.35e-05
step     60 | train_loss 2.5703 | lr 6.52e-05
step     60 | val_loss 2.7777 | val_ppl 16.08
step     70 | train_loss 2.6579 | lr 5.61e-05
step     80 | train_loss 2.4843 | lr 4.67e-05
step     80 | val_loss 2.7658 | val_ppl 15.89
step     90 | train_loss 2.8806 | lr 3.73e-05
step    100 | train_loss 2.8346 | lr 2.87e-05
step    100 | val_loss 2.7597 | val_ppl 15.80
step    110 | train_loss 2.6093 | lr 2.12e-05
step    120 | train_loss 3.1215 | lr 1.52e-05
step    120 | val_loss 2.7504 | val_ppl 15.65
step    130 | train_loss 2.7729 | lr 1.12e-05
step    140 | train_loss 2.6527 | lr 9.18e-06
step    140 | val_loss 2.7443 | val_ppl 15.55
step    143 | train_loss 2.3906 | lr 9.01e-06
step    143 | val_loss 2.7438 | val_ppl 15.55
Saved checkpoint to /home/system/projects/AuthLLM/checkpoints/lr_scaling/dolly_third_unpacked_143_lr9e-05_seed1338/step_143.pt
