Data: 13,756 train / 278 val examples (977 dropped as longer than 512 tokens)
Model: medium (123,587,328 parameters), initialized from /home/system/projects/AuthLLM/checkpoints/medium/step_20000.pt (step 20000)
step     10 | train_loss 3.0717 | lr 3.70e-06
step     20 | train_loss 3.0477 | lr 7.41e-06
step     30 | train_loss 2.6659 | lr 1.00e-05
step     40 | train_loss 2.8265 | lr 9.98e-06
step     50 | train_loss 3.0832 | lr 9.93e-06
step     60 | train_loss 2.7938 | lr 9.86e-06
step     61 | val_loss 2.8464 | val_ppl 17.23
step     70 | train_loss 2.6973 | lr 9.76e-06
step     80 | train_loss 2.8418 | lr 9.64e-06
step     90 | train_loss 2.8558 | lr 9.48e-06
step    100 | train_loss 2.7980 | lr 9.31e-06
step    110 | train_loss 2.4820 | lr 9.11e-06
step    120 | train_loss 3.1955 | lr 8.89e-06
step    122 | val_loss 2.8166 | val_ppl 16.72
step    130 | train_loss 2.9255 | lr 8.65e-06
step    140 | train_loss 2.6926 | lr 8.39e-06
step    150 | train_loss 2.6029 | lr 8.11e-06
step    160 | train_loss 2.8654 | lr 7.82e-06
step    170 | train_loss 2.8216 | lr 7.51e-06
step    180 | train_loss 2.7258 | lr 7.19e-06
step    183 | val_loss 2.7999 | val_ppl 16.44
step    190 | train_loss 2.4143 | lr 6.86e-06
step    200 | train_loss 2.7248 | lr 6.53e-06
step    210 | train_loss 2.5416 | lr 6.18e-06
step    220 | train_loss 2.6667 | lr 5.83e-06
step    230 | train_loss 2.8083 | lr 5.48e-06
step    240 | train_loss 2.7986 | lr 5.13e-06
step    244 | val_loss 2.7900 | val_ppl 16.28
step    250 | train_loss 2.8396 | lr 4.78e-06
step    260 | train_loss 2.7627 | lr 4.44e-06
step    270 | train_loss 3.0123 | lr 4.10e-06
step    280 | train_loss 2.3784 | lr 3.77e-06
step    290 | train_loss 2.5139 | lr 3.46e-06
step    300 | train_loss 2.8835 | lr 3.15e-06
step    305 | val_loss 2.7847 | val_ppl 16.20
step    310 | train_loss 2.7344 | lr 2.86e-06
step    320 | train_loss 2.9572 | lr 2.58e-06
step    330 | train_loss 2.7509 | lr 2.32e-06
step    340 | train_loss 2.8045 | lr 2.09e-06
step    350 | train_loss 2.8219 | lr 1.87e-06
step    360 | train_loss 2.4107 | lr 1.67e-06
step    366 | val_loss 2.7816 | val_ppl 16.15
step    370 | train_loss 2.6642 | lr 1.50e-06
step    380 | train_loss 2.8800 | lr 1.35e-06
step    390 | train_loss 2.8834 | lr 1.23e-06
step    400 | train_loss 2.5998 | lr 1.13e-06
step    410 | train_loss 2.7177 | lr 1.06e-06
step    420 | train_loss 2.8296 | lr 1.02e-06
step    427 | val_loss 2.7801 | val_ppl 16.12
step    430 | train_loss 2.5254 | lr 1.00e-06
step    430 | val_loss 2.7801 | val_ppl 16.12
Saved checkpoint to /home/system/projects/AuthLLM/checkpoints/lr_scaling/dolly_unpacked_430_lr1e-05_seed1337/step_430.pt
