Data: 13,756 train / 278 val examples (977 dropped as longer than 512 tokens)
Model: medium (123,587,328 parameters), initialized from /home/system/projects/AuthLLM/checkpoints/medium/step_20000.pt (step 20000)
step     10 | train_loss 3.0446 | lr 7.41e-06
step     20 | train_loss 3.0006 | lr 1.48e-05
step     30 | train_loss 2.6391 | lr 2.00e-05
step     40 | train_loss 2.8039 | lr 2.00e-05
step     50 | train_loss 3.0743 | lr 1.99e-05
step     60 | train_loss 2.7710 | lr 1.97e-05
step     61 | val_loss 2.8245 | val_ppl 16.85
step     70 | train_loss 2.6785 | lr 1.95e-05
step     80 | train_loss 2.8182 | lr 1.93e-05
step     90 | train_loss 2.8404 | lr 1.90e-05
step    100 | train_loss 2.7822 | lr 1.86e-05
step    110 | train_loss 2.4675 | lr 1.82e-05
step    120 | train_loss 3.1845 | lr 1.78e-05
step    122 | val_loss 2.7947 | val_ppl 16.36
step    130 | train_loss 2.9084 | lr 1.73e-05
step    140 | train_loss 2.6735 | lr 1.68e-05
step    150 | train_loss 2.5807 | lr 1.62e-05
step    160 | train_loss 2.8454 | lr 1.56e-05
step    170 | train_loss 2.8110 | lr 1.50e-05
step    180 | train_loss 2.7038 | lr 1.44e-05
step    183 | val_loss 2.7800 | val_ppl 16.12
step    190 | train_loss 2.3813 | lr 1.37e-05
step    200 | train_loss 2.7088 | lr 1.31e-05
step    210 | train_loss 2.5072 | lr 1.24e-05
step    220 | train_loss 2.6449 | lr 1.17e-05
step    230 | train_loss 2.8001 | lr 1.10e-05
step    240 | train_loss 2.7774 | lr 1.03e-05
step    244 | val_loss 2.7693 | val_ppl 15.95
step    250 | train_loss 2.8231 | lr 9.57e-06
step    260 | train_loss 2.7448 | lr 8.88e-06
step    270 | train_loss 3.0001 | lr 8.21e-06
step    280 | train_loss 2.3545 | lr 7.55e-06
step    290 | train_loss 2.4827 | lr 6.91e-06
step    300 | train_loss 2.8693 | lr 6.30e-06
step    305 | val_loss 2.7639 | val_ppl 15.86
step    310 | train_loss 2.7185 | lr 5.72e-06
step    320 | train_loss 2.9383 | lr 5.16e-06
step    330 | train_loss 2.7360 | lr 4.65e-06
step    340 | train_loss 2.7862 | lr 4.17e-06
step    350 | train_loss 2.7900 | lr 3.74e-06
step    360 | train_loss 2.3867 | lr 3.34e-06
step    366 | val_loss 2.7604 | val_ppl 15.81
step    370 | train_loss 2.6453 | lr 3.00e-06
step    380 | train_loss 2.8656 | lr 2.70e-06
step    390 | train_loss 2.8604 | lr 2.46e-06
step    400 | train_loss 2.5810 | lr 2.26e-06
step    410 | train_loss 2.6967 | lr 2.12e-06
step    420 | train_loss 2.8118 | lr 2.03e-06
step    427 | val_loss 2.7589 | val_ppl 15.78
step    430 | train_loss 2.5015 | lr 2.00e-06
step    430 | val_loss 2.7588 | val_ppl 15.78
Saved checkpoint to /home/system/projects/AuthLLM/checkpoints/lr_scaling/dolly_unpacked_430_lr2e-05_seed1337/step_430.pt
