Data: 13,756 train / 278 val examples (977 dropped as longer than 512 tokens)
Packing: 13,756 examples into 4,341 windows (3.2 per window, 99.3% of positions used)
Model: medium (123,587,328 parameters), initialized from /home/system/projects/AuthLLM/checkpoints/medium/step_20000.pt (step 20000)
step     10 | train_loss 2.8823 | lr 2.00e-05
step     19 | val_loss 2.8556 | val_ppl 17.38
step     20 | train_loss 2.7624 | lr 1.97e-05
step     30 | train_loss 2.7333 | lr 1.88e-05
step     38 | val_loss 2.8226 | val_ppl 16.82
step     40 | train_loss 2.6339 | lr 1.75e-05
step     50 | train_loss 2.6908 | lr 1.58e-05
step     57 | val_loss 2.8036 | val_ppl 16.50
step     60 | train_loss 2.8231 | lr 1.38e-05
step     70 | train_loss 2.8485 | lr 1.17e-05
step     76 | val_loss 2.7927 | val_ppl 16.33
step     80 | train_loss 2.6640 | lr 9.46e-06
step     90 | train_loss 2.6796 | lr 7.35e-06
step     95 | val_loss 2.7855 | val_ppl 16.21
step    100 | train_loss 2.8242 | lr 5.46e-06
step    110 | train_loss 2.8057 | lr 3.90e-06
step    114 | val_loss 2.7823 | val_ppl 16.16
step    120 | train_loss 2.4680 | lr 2.77e-06
step    130 | train_loss 2.8023 | lr 2.13e-06
step    133 | val_loss 2.7801 | val_ppl 16.12
step    136 | train_loss 2.6886 | lr 2.00e-06
step    136 | val_loss 2.7799 | val_ppl 16.12
Saved checkpoint to /home/system/projects/AuthLLM/checkpoints/lr_scaling/dolly_packed_136_lr2e-05_seed1337/step_136.pt
