Data: 13,753 train / 281 val examples (977 dropped as longer than 512 tokens)
Model: medium (123,587,328 parameters), initialized from /home/system/projects/AuthLLM/checkpoints/medium/step_20000.pt (step 20000)
step     10 | train_loss 2.9567 | lr 3.00e-05
step     19 | val_loss 2.7657 | val_ppl 15.89
step     20 | train_loss 2.9922 | lr 2.95e-05
step     30 | train_loss 2.7072 | lr 2.82e-05
step     38 | val_loss 2.7283 | val_ppl 15.31
step     40 | train_loss 2.5343 | lr 2.63e-05
step     50 | train_loss 2.6433 | lr 2.37e-05
step     57 | val_loss 2.7126 | val_ppl 15.07
step     60 | train_loss 2.3447 | lr 2.07e-05
step     70 | train_loss 2.9556 | lr 1.75e-05
step     76 | val_loss 2.7018 | val_ppl 14.91
step     80 | train_loss 2.8335 | lr 1.42e-05
step     90 | train_loss 2.8688 | lr 1.10e-05
step     95 | val_loss 2.6967 | val_ppl 14.83
step    100 | train_loss 2.7948 | lr 8.19e-06
step    110 | train_loss 2.4757 | lr 5.86e-06
step    114 | val_loss 2.6933 | val_ppl 14.78
step    120 | train_loss 2.4299 | lr 4.16e-06
step    130 | train_loss 2.8691 | lr 3.20e-06
step    133 | val_loss 2.6913 | val_ppl 14.75
step    136 | train_loss 2.3075 | lr 3.00e-06
step    136 | val_loss 2.6910 | val_ppl 14.75
Saved checkpoint to /home/system/projects/AuthLLM/checkpoints/lr_scaling/dolly_unpacked_136_lr3e-05_seed1338/step_136.pt
