Data: 13,747 train / 287 val examples (977 dropped as longer than 512 tokens)
Model: medium (123,587,328 parameters), initialized from /home/system/projects/AuthLLM/checkpoints/medium/step_20000.pt (step 20000)
step     10 | train_loss 2.6076 | lr 9.00e-05
step     19 | val_loss 2.7388 | val_ppl 15.47
step     20 | train_loss 2.8283 | lr 8.85e-05
step     30 | train_loss 2.8399 | lr 8.47e-05
step     38 | val_loss 2.7099 | val_ppl 15.03
step     40 | train_loss 2.7321 | lr 7.88e-05
step     50 | train_loss 2.8093 | lr 7.12e-05
step     57 | val_loss 2.6930 | val_ppl 14.78
step     60 | train_loss 2.6785 | lr 6.22e-05
step     70 | train_loss 2.7288 | lr 5.25e-05
step     76 | val_loss 2.6838 | val_ppl 14.64
step     80 | train_loss 2.7487 | lr 4.26e-05
step     90 | train_loss 2.7489 | lr 3.31e-05
step     95 | val_loss 2.6731 | val_ppl 14.49
step    100 | train_loss 2.8243 | lr 2.46e-05
step    110 | train_loss 2.6500 | lr 1.76e-05
step    114 | val_loss 2.6675 | val_ppl 14.40
step    120 | train_loss 2.5815 | lr 1.25e-05
step    130 | train_loss 2.6981 | lr 9.60e-06
step    133 | val_loss 2.6641 | val_ppl 14.35
step    136 | train_loss 2.7203 | lr 9.01e-06
step    136 | val_loss 2.6636 | val_ppl 14.35
Saved checkpoint to /home/system/projects/AuthLLM/checkpoints/lr_scaling/dolly_wide_136_lr9e-05_seed1339/step_136.pt
