Data: 13,753 train / 281 val examples (977 dropped as longer than 512 tokens)
Model: medium (123,587,328 parameters), initialized from /home/system/projects/AuthLLM/checkpoints/medium/step_20000.pt (step 20000)
step     10 | train_loss 2.7019 | lr 9.00e-05
step     19 | val_loss 2.7245 | val_ppl 15.25
step     20 | train_loss 2.6141 | lr 8.85e-05
step     30 | train_loss 2.7394 | lr 8.47e-05
step     38 | val_loss 2.6953 | val_ppl 14.81
step     40 | train_loss 2.6941 | lr 7.88e-05
step     50 | train_loss 2.5755 | lr 7.12e-05
step     57 | val_loss 2.6802 | val_ppl 14.59
step     60 | train_loss 2.6241 | lr 6.22e-05
step     70 | train_loss 2.6879 | lr 5.25e-05
step     76 | val_loss 2.6665 | val_ppl 14.39
step     80 | train_loss 2.6666 | lr 4.26e-05
step     90 | train_loss 2.5839 | lr 3.31e-05
step     95 | val_loss 2.6583 | val_ppl 14.27
step    100 | train_loss 2.9550 | lr 2.46e-05
step    110 | train_loss 2.7083 | lr 1.76e-05
step    114 | val_loss 2.6552 | val_ppl 14.23
step    120 | train_loss 2.7011 | lr 1.25e-05
step    130 | train_loss 2.5193 | lr 9.60e-06
step    133 | val_loss 2.6514 | val_ppl 14.17
step    136 | train_loss 2.5558 | lr 9.01e-06
step    136 | val_loss 2.6509 | val_ppl 14.17
Saved checkpoint to /home/system/projects/AuthLLM/checkpoints/lr_scaling/dolly_wide_136_lr9e-05_seed1338/step_136.pt
