Data: 13,756 train / 278 val examples (977 dropped as longer than 512 tokens)
Packing: 13,756 examples into 4,341 windows (3.2 per window, 99.3% of positions used)
Model: medium (123,587,328 parameters), initialized from /home/system/projects/AuthLLM/checkpoints/medium/step_20000.pt (step 20000)
step     10 | train_loss 2.9290 | lr 1.00e-05
step     19 | val_loss 2.8821 | val_ppl 17.85
step     20 | train_loss 2.7915 | lr 9.84e-06
step     30 | train_loss 2.7652 | lr 9.42e-06
step     38 | val_loss 2.8457 | val_ppl 17.21
step     40 | train_loss 2.6559 | lr 8.76e-06
step     50 | train_loss 2.7168 | lr 7.91e-06
step     57 | val_loss 2.8284 | val_ppl 16.92
step     60 | train_loss 2.8414 | lr 6.91e-06
step     70 | train_loss 2.8723 | lr 5.83e-06
step     76 | val_loss 2.8183 | val_ppl 16.75
step     80 | train_loss 2.6901 | lr 4.73e-06
step     90 | train_loss 2.7069 | lr 3.68e-06
step     95 | val_loss 2.8120 | val_ppl 16.64
step    100 | train_loss 2.8469 | lr 2.73e-06
step    110 | train_loss 2.8291 | lr 1.95e-06
step    114 | val_loss 2.8090 | val_ppl 16.59
step    120 | train_loss 2.4988 | lr 1.39e-06
step    130 | train_loss 2.8265 | lr 1.07e-06
step    133 | val_loss 2.8073 | val_ppl 16.57
step    136 | train_loss 2.7143 | lr 1.00e-06
step    136 | val_loss 2.8071 | val_ppl 16.56
Saved checkpoint to /home/system/projects/AuthLLM/checkpoints/lr_scaling/dolly_packed_136_lr1e-05_seed1337/step_136.pt
