Data: 13,753 train / 281 val examples (977 dropped as longer than 512 tokens)
Model: medium (123,587,328 parameters), initialized from /home/system/projects/AuthLLM/checkpoints/medium/step_20000.pt (step 20000)
step     10 | train_loss 2.9813 | lr 2.22e-05
step     20 | train_loss 2.9911 | lr 4.44e-05
step     30 | train_loss 2.7057 | lr 6.00e-05
step     40 | train_loss 2.5295 | lr 5.99e-05
step     50 | train_loss 2.6457 | lr 5.96e-05
step     60 | train_loss 2.3488 | lr 5.92e-05
step     61 | val_loss 2.7082 | val_ppl 15.00
step     70 | train_loss 2.9477 | lr 5.86e-05
step     80 | train_loss 2.8380 | lr 5.78e-05
step     90 | train_loss 2.8763 | lr 5.69e-05
step    100 | train_loss 2.8000 | lr 5.59e-05
step    110 | train_loss 2.4841 | lr 5.47e-05
step    120 | train_loss 2.4254 | lr 5.33e-05
step    122 | val_loss 2.6929 | val_ppl 14.77
step    130 | train_loss 2.8698 | lr 5.19e-05
step    140 | train_loss 2.5205 | lr 5.03e-05
step    150 | train_loss 2.2769 | lr 4.87e-05
step    160 | train_loss 2.8317 | lr 4.69e-05
step    170 | train_loss 2.5557 | lr 4.51e-05
step    180 | train_loss 2.4133 | lr 4.32e-05
step    183 | val_loss 2.6804 | val_ppl 14.59
step    190 | train_loss 2.5579 | lr 4.12e-05
step    200 | train_loss 3.0056 | lr 3.92e-05
step    210 | train_loss 2.4774 | lr 3.71e-05
step    220 | train_loss 2.9716 | lr 3.50e-05
step    230 | train_loss 2.6900 | lr 3.29e-05
step    240 | train_loss 2.9915 | lr 3.08e-05
step    244 | val_loss 2.6724 | val_ppl 14.48
step    250 | train_loss 2.7315 | lr 2.87e-05
step    260 | train_loss 2.5134 | lr 2.66e-05
step    270 | train_loss 2.7503 | lr 2.46e-05
step    280 | train_loss 2.8367 | lr 2.26e-05
step    290 | train_loss 2.5969 | lr 2.07e-05
step    300 | train_loss 2.9126 | lr 1.89e-05
step    305 | val_loss 2.6646 | val_ppl 14.36
step    310 | train_loss 2.6618 | lr 1.71e-05
step    320 | train_loss 2.6720 | lr 1.55e-05
step    330 | train_loss 2.3718 | lr 1.39e-05
step    340 | train_loss 3.0755 | lr 1.25e-05
step    350 | train_loss 2.4849 | lr 1.12e-05
step    360 | train_loss 2.5289 | lr 1.00e-05
step    366 | val_loss 2.6596 | val_ppl 14.29
step    370 | train_loss 2.5391 | lr 9.00e-06
step    380 | train_loss 2.5562 | lr 8.11e-06
step    390 | train_loss 2.4907 | lr 7.37e-06
step    400 | train_loss 2.8990 | lr 6.78e-06
step    410 | train_loss 2.4462 | lr 6.36e-06
step    420 | train_loss 3.0960 | lr 6.10e-06
step    427 | val_loss 2.6554 | val_ppl 14.23
step    430 | train_loss 1.9939 | lr 6.00e-06
step    430 | val_loss 2.6554 | val_ppl 14.23
Saved checkpoint to /home/system/projects/AuthLLM/checkpoints/lr_scaling/dolly_unpacked_430_lr6e-05_seed1338/step_430.pt
