Data: 13,756 train / 278 val examples (977 dropped as longer than 512 tokens)
Model: medium (123,587,328 parameters), initialized from /home/system/projects/AuthLLM/checkpoints/medium/step_20000.pt (step 20000)
step     10 | train_loss 2.7452 | lr 9.00e-05
step     19 | val_loss 2.8235 | val_ppl 16.84
step     20 | train_loss 2.7334 | lr 8.85e-05
step     30 | train_loss 2.7260 | lr 8.47e-05
step     38 | val_loss 2.7963 | val_ppl 16.38
step     40 | train_loss 2.8443 | lr 7.88e-05
step     50 | train_loss 2.7510 | lr 7.12e-05
step     57 | val_loss 2.7837 | val_ppl 16.18
step     60 | train_loss 2.7967 | lr 6.22e-05
step     70 | train_loss 2.7342 | lr 5.25e-05
step     76 | val_loss 2.7696 | val_ppl 15.95
step     80 | train_loss 2.7328 | lr 4.26e-05
step     90 | train_loss 2.7551 | lr 3.31e-05
step     95 | val_loss 2.7626 | val_ppl 15.84
step    100 | train_loss 2.8132 | lr 2.46e-05
step    110 | train_loss 2.8520 | lr 1.76e-05
step    114 | val_loss 2.7564 | val_ppl 15.74
step    120 | train_loss 2.4201 | lr 1.25e-05
step    130 | train_loss 2.6982 | lr 9.60e-06
step    133 | val_loss 2.7530 | val_ppl 15.69
step    136 | train_loss 2.7287 | lr 9.01e-06
step    136 | val_loss 2.7527 | val_ppl 15.69
Saved checkpoint to /home/system/projects/AuthLLM/checkpoints/lr_scaling/dolly_wide_136_lr9e-05_seed1337/step_136.pt
