Data: 13,756 train / 278 val examples (977 dropped as longer than 512 tokens)
Model: medium (123,587,328 parameters), initialized from /home/system/projects/AuthLLM/checkpoints/medium/step_20000.pt (step 20000)
step     10 | train_loss 2.7894 | lr 2.00e-05
step     19 | val_loss 2.8549 | val_ppl 17.37
step     20 | train_loss 2.7615 | lr 1.97e-05
step     30 | train_loss 2.7416 | lr 1.88e-05
step     38 | val_loss 2.8198 | val_ppl 16.77
step     40 | train_loss 2.8502 | lr 1.75e-05
step     50 | train_loss 2.7689 | lr 1.58e-05
step     57 | val_loss 2.8014 | val_ppl 16.47
step     60 | train_loss 2.8086 | lr 1.38e-05
step     70 | train_loss 2.7569 | lr 1.17e-05
step     76 | val_loss 2.7910 | val_ppl 16.30
step     80 | train_loss 2.7481 | lr 9.46e-06
step     90 | train_loss 2.7806 | lr 7.35e-06
step     95 | val_loss 2.7848 | val_ppl 16.20
step    100 | train_loss 2.8166 | lr 5.46e-06
step    110 | train_loss 2.8811 | lr 3.90e-06
step    114 | val_loss 2.7815 | val_ppl 16.14
step    120 | train_loss 2.4543 | lr 2.77e-06
step    130 | train_loss 2.7352 | lr 2.13e-06
step    133 | val_loss 2.7796 | val_ppl 16.11
step    136 | train_loss 2.7547 | lr 2.00e-06
step    136 | val_loss 2.7794 | val_ppl 16.11
Saved checkpoint to /home/system/projects/AuthLLM/checkpoints/lr_scaling/dolly_wide_136_lr2e-05_seed1337/step_136.pt
