Data: 13,756 train / 278 val examples (977 dropped as longer than 512 tokens)
Model: medium (123,587,328 parameters), initialized from /home/system/projects/AuthLLM/checkpoints/medium/step_20000.pt (step 20000)
step     10 | train_loss 2.9851 | lr 2.22e-05
step     20 | train_loss 2.9708 | lr 4.44e-05
step     30 | train_loss 2.6129 | lr 6.00e-05
step     40 | train_loss 2.7861 | lr 5.99e-05
step     50 | train_loss 3.0843 | lr 5.96e-05
step     60 | train_loss 2.7519 | lr 5.92e-05
step     61 | val_loss 2.8126 | val_ppl 16.65
step     70 | train_loss 2.6673 | lr 5.86e-05
step     80 | train_loss 2.8041 | lr 5.78e-05
step     90 | train_loss 2.8381 | lr 5.69e-05
step    100 | train_loss 2.7848 | lr 5.59e-05
step    110 | train_loss 2.4789 | lr 5.47e-05
step    120 | train_loss 3.2019 | lr 5.33e-05
step    122 | val_loss 2.7924 | val_ppl 16.32
step    130 | train_loss 2.9212 | lr 5.19e-05
step    140 | train_loss 2.6645 | lr 5.03e-05
step    150 | train_loss 2.5858 | lr 4.87e-05
step    160 | train_loss 2.8482 | lr 4.69e-05
step    170 | train_loss 2.8255 | lr 4.51e-05
step    180 | train_loss 2.7113 | lr 4.32e-05
step    183 | val_loss 2.7842 | val_ppl 16.19
step    190 | train_loss 2.3664 | lr 4.12e-05
step    200 | train_loss 2.7189 | lr 3.92e-05
step    210 | train_loss 2.5021 | lr 3.71e-05
step    220 | train_loss 2.6462 | lr 3.50e-05
step    230 | train_loss 2.8178 | lr 3.29e-05
step    240 | train_loss 2.7819 | lr 3.08e-05
step    244 | val_loss 2.7745 | val_ppl 16.03
step    250 | train_loss 2.8295 | lr 2.87e-05
step    260 | train_loss 2.7520 | lr 2.66e-05
step    270 | train_loss 3.0095 | lr 2.46e-05
step    280 | train_loss 2.3450 | lr 2.26e-05
step    290 | train_loss 2.4561 | lr 2.07e-05
step    300 | train_loss 2.8785 | lr 1.89e-05
step    305 | val_loss 2.7667 | val_ppl 15.91
step    310 | train_loss 2.7292 | lr 1.71e-05
step    320 | train_loss 2.9363 | lr 1.55e-05
step    330 | train_loss 2.7419 | lr 1.39e-05
step    340 | train_loss 2.7870 | lr 1.25e-05
step    350 | train_loss 2.7779 | lr 1.12e-05
step    360 | train_loss 2.3838 | lr 1.00e-05
step    366 | val_loss 2.7606 | val_ppl 15.81
step    370 | train_loss 2.6299 | lr 9.00e-06
step    380 | train_loss 2.8677 | lr 8.11e-06
step    390 | train_loss 2.8459 | lr 7.37e-06
step    400 | train_loss 2.5854 | lr 6.78e-06
step    410 | train_loss 2.6909 | lr 6.36e-06
step    420 | train_loss 2.8071 | lr 6.10e-06
step    427 | val_loss 2.7569 | val_ppl 15.75
step    430 | train_loss 2.4791 | lr 6.00e-06
step    430 | val_loss 2.7567 | val_ppl 15.75
Saved checkpoint to /home/system/projects/AuthLLM/checkpoints/lr_scaling/dolly_unpacked_430_lr6e-05_seed1337/step_430.pt
