Data: 13,756 train / 278 val examples (977 dropped as longer than 512 tokens)
Packing: 13,756 examples into 4,341 windows (3.2 per window, 99.3% of positions used)
Model: medium (123,587,328 parameters), initialized from /home/system/projects/AuthLLM/checkpoints/medium/step_20000.pt (step 20000)
step     10 | train_loss 2.9348 | lr 1.11e-05
step     20 | train_loss 2.7860 | lr 2.22e-05
step     30 | train_loss 2.7380 | lr 3.00e-05
step     40 | train_loss 2.6318 | lr 2.99e-05
step     50 | train_loss 2.6823 | lr 2.98e-05
step     60 | train_loss 2.8157 | lr 2.96e-05
step     61 | val_loss 2.7907 | val_ppl 16.29
step     70 | train_loss 2.8381 | lr 2.93e-05
step     80 | train_loss 2.6492 | lr 2.89e-05
step     90 | train_loss 2.6616 | lr 2.85e-05
step    100 | train_loss 2.8061 | lr 2.79e-05
step    110 | train_loss 2.7855 | lr 2.73e-05
step    120 | train_loss 2.4395 | lr 2.67e-05
step    122 | val_loss 2.7549 | val_ppl 15.72
step    130 | train_loss 2.7794 | lr 2.60e-05
step    140 | train_loss 2.4989 | lr 2.52e-05
step    150 | train_loss 2.6406 | lr 2.43e-05
step    160 | train_loss 2.5894 | lr 2.35e-05
step    170 | train_loss 2.4076 | lr 2.25e-05
step    180 | train_loss 2.4493 | lr 2.16e-05
step    183 | val_loss 2.7445 | val_ppl 15.56
step    190 | train_loss 2.4363 | lr 2.06e-05
step    200 | train_loss 2.4321 | lr 1.96e-05
step    210 | train_loss 2.6463 | lr 1.85e-05
step    220 | train_loss 2.2807 | lr 1.75e-05
step    230 | train_loss 2.4139 | lr 1.64e-05
step    240 | train_loss 2.4295 | lr 1.54e-05
step    244 | val_loss 2.7398 | val_ppl 15.48
step    250 | train_loss 2.4789 | lr 1.44e-05
step    260 | train_loss 2.5542 | lr 1.33e-05
step    270 | train_loss 2.6645 | lr 1.23e-05
step    280 | train_loss 2.4441 | lr 1.13e-05
step    290 | train_loss 2.3869 | lr 1.04e-05
step    300 | train_loss 2.4195 | lr 9.45e-06
step    305 | val_loss 2.7436 | val_ppl 15.54
step    310 | train_loss 2.3914 | lr 8.57e-06
step    320 | train_loss 2.3963 | lr 7.75e-06
step    330 | train_loss 2.2813 | lr 6.97e-06
step    340 | train_loss 2.2948 | lr 6.26e-06
step    350 | train_loss 2.5360 | lr 5.60e-06
step    360 | train_loss 2.4380 | lr 5.02e-06
step    366 | val_loss 2.7415 | val_ppl 15.51
step    370 | train_loss 2.2455 | lr 4.50e-06
step    380 | train_loss 2.1885 | lr 4.05e-06
step    390 | train_loss 2.3820 | lr 3.68e-06
step    400 | train_loss 2.4096 | lr 3.39e-06
step    410 | train_loss 2.1739 | lr 3.18e-06
step    420 | train_loss 2.4895 | lr 3.05e-06
step    427 | val_loss 2.7428 | val_ppl 15.53
step    430 | train_loss 2.4204 | lr 3.00e-06
step    430 | val_loss 2.7430 | val_ppl 15.53
Saved checkpoint to /home/system/projects/AuthLLM/checkpoints/lr_scaling/dolly_packed_430_lr3e-05_seed1337/step_430.pt
