Data: 13,753 train / 281 val examples (977 dropped as longer than 512 tokens)
Model: medium (123,587,328 parameters), initialized from /home/system/projects/AuthLLM/checkpoints/medium/step_20000.pt (step 20000)
step     10 | train_loss 3.0396 | lr 7.41e-06
step     20 | train_loss 3.0394 | lr 1.48e-05
step     30 | train_loss 2.7296 | lr 2.00e-05
step     40 | train_loss 2.5513 | lr 2.00e-05
step     50 | train_loss 2.6521 | lr 1.99e-05
step     60 | train_loss 2.3557 | lr 1.97e-05
step     61 | val_loss 2.7200 | val_ppl 15.18
step     70 | train_loss 2.9643 | lr 1.95e-05
step     80 | train_loss 2.8347 | lr 1.93e-05
step     90 | train_loss 2.8747 | lr 1.90e-05
step    100 | train_loss 2.7976 | lr 1.86e-05
step    110 | train_loss 2.4821 | lr 1.82e-05
step    120 | train_loss 2.4284 | lr 1.78e-05
step    122 | val_loss 2.6908 | val_ppl 14.74
step    130 | train_loss 2.8729 | lr 1.73e-05
step    140 | train_loss 2.4934 | lr 1.68e-05
step    150 | train_loss 2.2688 | lr 1.62e-05
step    160 | train_loss 2.8285 | lr 1.56e-05
step    170 | train_loss 2.5603 | lr 1.50e-05
step    180 | train_loss 2.4113 | lr 1.44e-05
step    183 | val_loss 2.6767 | val_ppl 14.54
step    190 | train_loss 2.5384 | lr 1.37e-05
step    200 | train_loss 3.0018 | lr 1.31e-05
step    210 | train_loss 2.5010 | lr 1.24e-05
step    220 | train_loss 2.9601 | lr 1.17e-05
step    230 | train_loss 2.6834 | lr 1.10e-05
step    240 | train_loss 2.9898 | lr 1.03e-05
step    244 | val_loss 2.6677 | val_ppl 14.41
step    250 | train_loss 2.7164 | lr 9.57e-06
step    260 | train_loss 2.5131 | lr 8.88e-06
step    270 | train_loss 2.7242 | lr 8.21e-06
step    280 | train_loss 2.8397 | lr 7.55e-06
step    290 | train_loss 2.6262 | lr 6.91e-06
step    300 | train_loss 2.9171 | lr 6.30e-06
step    305 | val_loss 2.6626 | val_ppl 14.33
step    310 | train_loss 2.6533 | lr 5.72e-06
step    320 | train_loss 2.6885 | lr 5.16e-06
step    330 | train_loss 2.3848 | lr 4.65e-06
step    340 | train_loss 3.0886 | lr 4.17e-06
step    350 | train_loss 2.4912 | lr 3.74e-06
step    360 | train_loss 2.5496 | lr 3.34e-06
step    366 | val_loss 2.6607 | val_ppl 14.31
step    370 | train_loss 2.5481 | lr 3.00e-06
step    380 | train_loss 2.5764 | lr 2.70e-06
step    390 | train_loss 2.5321 | lr 2.46e-06
step    400 | train_loss 2.9002 | lr 2.26e-06
step    410 | train_loss 2.4655 | lr 2.12e-06
step    420 | train_loss 3.0878 | lr 2.03e-06
step    427 | val_loss 2.6585 | val_ppl 14.27
step    430 | train_loss 2.0036 | lr 2.00e-06
step    430 | val_loss 2.6585 | val_ppl 14.27
Saved checkpoint to /home/system/projects/AuthLLM/checkpoints/lr_scaling/dolly_unpacked_430_lr2e-05_seed1338/step_430.pt
