Data: 50,868 train / 1,038 val examples (68 dropped as longer than 512 tokens)
Packing: 50,868 examples into 11,220 windows (4.5 per window, 98.8% of positions used)
Model: medium (123,587,328 parameters), initialized from /home/system/projects/AuthLLM/checkpoints/medium/step_20000.pt (step 20000)
step     10 | train_loss 2.5065 | lr 3.00e-06
step     20 | train_loss 2.4229 | lr 6.00e-06
step     30 | train_loss 2.2856 | lr 9.00e-06
step     40 | train_loss 2.2455 | lr 1.20e-05
step     50 | train_loss 2.1767 | lr 1.50e-05
step     60 | train_loss 2.2453 | lr 1.80e-05
step     70 | train_loss 2.1985 | lr 2.10e-05
step     80 | train_loss 2.2729 | lr 2.40e-05
step     90 | train_loss 2.1576 | lr 2.70e-05
step    100 | train_loss 2.2761 | lr 3.00e-05
step    110 | train_loss 2.2195 | lr 3.00e-05
step    120 | train_loss 2.2020 | lr 3.00e-05
step    130 | train_loss 2.1421 | lr 3.00e-05
step    140 | train_loss 2.1700 | lr 3.00e-05
step    150 | train_loss 2.1381 | lr 2.99e-05
step    160 | train_loss 2.1135 | lr 2.99e-05
step    170 | train_loss 2.1214 | lr 2.99e-05
step    180 | train_loss 2.1419 | lr 2.98e-05
step    190 | train_loss 2.1185 | lr 2.98e-05
step    200 | train_loss 2.2041 | lr 2.97e-05
step    210 | train_loss 2.1123 | lr 2.96e-05
step    220 | train_loss 1.9524 | lr 2.96e-05
step    228 | val_loss 2.0809 | val_ppl 8.01
step    230 | train_loss 2.1317 | lr 2.95e-05
step    240 | train_loss 2.0785 | lr 2.94e-05
step    250 | train_loss 2.1362 | lr 2.93e-05
step    260 | train_loss 2.1135 | lr 2.93e-05
step    270 | train_loss 2.1640 | lr 2.92e-05
step    280 | train_loss 2.1462 | lr 2.91e-05
step    290 | train_loss 2.0587 | lr 2.90e-05
step    300 | train_loss 2.0428 | lr 2.88e-05
step    310 | train_loss 2.0646 | lr 2.87e-05
step    320 | train_loss 1.9845 | lr 2.86e-05
step    330 | train_loss 2.2945 | lr 2.85e-05
step    340 | train_loss 2.0089 | lr 2.83e-05
step    350 | train_loss 2.0231 | lr 2.82e-05
step    360 | train_loss 1.9851 | lr 2.81e-05
step    370 | train_loss 2.0342 | lr 2.79e-05
step    380 | train_loss 1.9341 | lr 2.78e-05
step    390 | train_loss 1.9657 | lr 2.76e-05
step    400 | train_loss 1.9034 | lr 2.74e-05
step    410 | train_loss 1.8657 | lr 2.73e-05
step    420 | train_loss 1.9127 | lr 2.71e-05
step    430 | train_loss 2.0038 | lr 2.69e-05
step    440 | train_loss 1.9614 | lr 2.67e-05
step    450 | train_loss 1.9008 | lr 2.66e-05
step    456 | val_loss 2.0393 | val_ppl 7.68
step    460 | train_loss 2.0364 | lr 2.64e-05
step    470 | train_loss 1.8846 | lr 2.62e-05
step    480 | train_loss 1.9817 | lr 2.60e-05
step    490 | train_loss 1.9208 | lr 2.58e-05
step    500 | train_loss 1.9946 | lr 2.56e-05
step    510 | train_loss 1.9133 | lr 2.53e-05
step    520 | train_loss 1.9677 | lr 2.51e-05
step    530 | train_loss 1.8858 | lr 2.49e-05
step    540 | train_loss 1.9776 | lr 2.47e-05
step    550 | train_loss 1.8962 | lr 2.45e-05
step    560 | train_loss 2.0057 | lr 2.42e-05
step    570 | train_loss 1.9803 | lr 2.40e-05
step    580 | train_loss 1.9323 | lr 2.38e-05
step    590 | train_loss 1.8666 | lr 2.35e-05
step    600 | train_loss 1.9553 | lr 2.33e-05
step    610 | train_loss 1.9311 | lr 2.30e-05
step    620 | train_loss 1.9197 | lr 2.28e-05
step    630 | train_loss 1.9453 | lr 2.25e-05
step    640 | train_loss 1.9372 | lr 2.23e-05
step    650 | train_loss 2.0066 | lr 2.20e-05
step    660 | train_loss 1.8960 | lr 2.18e-05
step    670 | train_loss 2.0909 | lr 2.15e-05
step    680 | train_loss 1.9363 | lr 2.12e-05
step    684 | val_loss 2.0172 | val_ppl 7.52
step    690 | train_loss 1.8865 | lr 2.10e-05
step    700 | train_loss 2.0616 | lr 2.07e-05
step    710 | train_loss 1.7251 | lr 2.04e-05
step    720 | train_loss 1.7590 | lr 2.02e-05
step    730 | train_loss 1.8876 | lr 1.99e-05
step    740 | train_loss 1.8112 | lr 1.96e-05
step    750 | train_loss 1.8195 | lr 1.93e-05
step    760 | train_loss 1.7793 | lr 1.91e-05
step    770 | train_loss 1.7868 | lr 1.88e-05
step    780 | train_loss 1.7645 | lr 1.85e-05
step    790 | train_loss 1.8631 | lr 1.82e-05
step    800 | train_loss 1.7393 | lr 1.79e-05
step    810 | train_loss 1.8420 | lr 1.77e-05
step    820 | train_loss 1.8726 | lr 1.74e-05
step    830 | train_loss 1.8478 | lr 1.71e-05
step    840 | train_loss 1.8206 | lr 1.68e-05
step    850 | train_loss 1.8827 | lr 1.65e-05
step    860 | train_loss 1.8075 | lr 1.62e-05
step    870 | train_loss 1.8586 | lr 1.60e-05
step    880 | train_loss 1.8520 | lr 1.57e-05
step    890 | train_loss 1.7992 | lr 1.54e-05
step    900 | train_loss 1.7180 | lr 1.51e-05
step    910 | train_loss 1.7822 | lr 1.48e-05
step    912 | val_loss 2.0133 | val_ppl 7.49
step    920 | train_loss 1.8323 | lr 1.46e-05
step    930 | train_loss 1.7505 | lr 1.43e-05
step    940 | train_loss 1.7809 | lr 1.40e-05
step    950 | train_loss 1.8568 | lr 1.37e-05
step    960 | train_loss 1.8148 | lr 1.34e-05
step    970 | train_loss 2.0095 | lr 1.32e-05
step    980 | train_loss 1.8263 | lr 1.29e-05
step    990 | train_loss 1.7979 | lr 1.26e-05
step   1000 | train_loss 1.8363 | lr 1.24e-05
step   1010 | train_loss 1.8276 | lr 1.21e-05
step   1020 | train_loss 1.8356 | lr 1.18e-05
step   1030 | train_loss 1.8780 | lr 1.16e-05
step   1040 | train_loss 1.8655 | lr 1.13e-05
step   1050 | train_loss 1.8356 | lr 1.10e-05
step   1060 | train_loss 1.7487 | lr 1.08e-05
step   1070 | train_loss 1.6542 | lr 1.05e-05
step   1080 | train_loss 1.8068 | lr 1.03e-05
step   1090 | train_loss 1.7611 | lr 1.00e-05
step   1100 | train_loss 1.8007 | lr 9.77e-06
step   1110 | train_loss 1.6730 | lr 9.53e-06
step   1120 | train_loss 1.6730 | lr 9.29e-06
step   1130 | train_loss 1.6839 | lr 9.05e-06
step   1140 | train_loss 1.6695 | lr 8.82e-06
step   1140 | val_loss 2.0172 | val_ppl 7.52
step   1150 | train_loss 1.7320 | lr 8.59e-06
step   1160 | train_loss 1.7329 | lr 8.36e-06
step   1170 | train_loss 1.6987 | lr 8.14e-06
step   1180 | train_loss 1.7313 | lr 7.92e-06
step   1190 | train_loss 1.7328 | lr 7.70e-06
step   1200 | train_loss 1.8101 | lr 7.49e-06
step   1210 | train_loss 1.7024 | lr 7.28e-06
step   1220 | train_loss 1.7113 | lr 7.07e-06
step   1230 | train_loss 1.6614 | lr 6.87e-06
step   1240 | train_loss 1.6218 | lr 6.68e-06
step   1250 | train_loss 1.8062 | lr 6.49e-06
step   1260 | train_loss 1.7507 | lr 6.30e-06
step   1270 | train_loss 1.8372 | lr 6.12e-06
step   1280 | train_loss 1.7866 | lr 5.94e-06
step   1290 | train_loss 1.6996 | lr 5.76e-06
step   1300 | train_loss 1.7028 | lr 5.59e-06
step   1310 | train_loss 1.7095 | lr 5.43e-06
step   1320 | train_loss 1.6608 | lr 5.27e-06
step   1330 | train_loss 1.7106 | lr 5.12e-06
step   1340 | train_loss 1.7268 | lr 4.97e-06
step   1350 | train_loss 1.7714 | lr 4.82e-06
step   1360 | train_loss 1.7710 | lr 4.68e-06
step   1368 | val_loss 2.0149 | val_ppl 7.50
step   1370 | train_loss 1.7259 | lr 4.55e-06
step   1380 | train_loss 1.6908 | lr 4.42e-06
step   1390 | train_loss 1.7803 | lr 4.30e-06
step   1400 | train_loss 1.7357 | lr 4.18e-06
step   1410 | train_loss 1.6123 | lr 4.07e-06
step   1420 | train_loss 1.7687 | lr 3.96e-06
step   1430 | train_loss 1.7628 | lr 3.86e-06
step   1440 | train_loss 1.7029 | lr 3.76e-06
step   1450 | train_loss 1.7929 | lr 3.67e-06
step   1460 | train_loss 1.6984 | lr 3.58e-06
step   1470 | train_loss 1.6941 | lr 3.50e-06
step   1480 | train_loss 1.7417 | lr 3.43e-06
step   1490 | train_loss 1.7600 | lr 3.36e-06
step   1500 | train_loss 1.6806 | lr 3.30e-06
step   1510 | train_loss 1.7184 | lr 3.24e-06
step   1520 | train_loss 1.6466 | lr 3.19e-06
step   1530 | train_loss 1.6868 | lr 3.15e-06
step   1540 | train_loss 1.6581 | lr 3.11e-06
step   1550 | train_loss 1.7368 | lr 3.08e-06
step   1560 | train_loss 1.6392 | lr 3.05e-06
step   1570 | train_loss 1.7828 | lr 3.03e-06
step   1580 | train_loss 1.7824 | lr 3.01e-06
step   1590 | train_loss 1.6864 | lr 3.00e-06
step   1596 | val_loss 2.0198 | val_ppl 7.54
step   1600 | train_loss 1.6496 | lr 3.00e-06
step   1600 | val_loss 2.0197 | val_ppl 7.54
Saved checkpoint to /home/system/projects/AuthLLM/checkpoints/lr_scaling/packed_1600_lr3e-05_seed1337/step_1600.pt
