Data: 50,868 train / 1,038 val examples (68 dropped as longer than 512 tokens)
Packing: 50,868 examples into 11,220 windows (4.5 per window, 98.8% of positions used)
Model: medium (123,587,328 parameters), initialized from /home/system/projects/AuthLLM/checkpoints/medium/step_20000.pt (step 20000)
step     10 | train_loss 2.3964 | lr 1.50e-05
step     20 | train_loss 2.3151 | lr 3.00e-05
step     30 | train_loss 2.1821 | lr 4.50e-05
step     40 | train_loss 2.1734 | lr 6.00e-05
step     50 | train_loss 2.1023 | lr 7.50e-05
step     60 | train_loss 2.1699 | lr 9.00e-05
step     70 | train_loss 2.1347 | lr 1.05e-04
step     80 | train_loss 2.2217 | lr 1.20e-04
step     90 | train_loss 2.1281 | lr 1.35e-04
step    100 | train_loss 2.2326 | lr 1.50e-04
step    110 | train_loss 2.1994 | lr 1.50e-04
step    120 | train_loss 2.1744 | lr 1.50e-04
step    130 | train_loss 2.1271 | lr 1.50e-04
step    140 | train_loss 2.1590 | lr 1.50e-04
step    150 | train_loss 2.1246 | lr 1.50e-04
step    160 | train_loss 2.1137 | lr 1.49e-04
step    170 | train_loss 2.1024 | lr 1.49e-04
step    180 | train_loss 2.1295 | lr 1.49e-04
step    190 | train_loss 2.1148 | lr 1.49e-04
step    200 | train_loss 2.2119 | lr 1.49e-04
step    210 | train_loss 2.1172 | lr 1.48e-04
step    220 | train_loss 1.9262 | lr 1.48e-04
step    228 | val_loss 2.0800 | val_ppl 8.00
step    230 | train_loss 2.1359 | lr 1.48e-04
step    240 | train_loss 2.0810 | lr 1.47e-04
step    250 | train_loss 2.1258 | lr 1.47e-04
step    260 | train_loss 2.1073 | lr 1.46e-04
step    270 | train_loss 2.1591 | lr 1.46e-04
step    280 | train_loss 2.1419 | lr 1.45e-04
step    290 | train_loss 2.0553 | lr 1.45e-04
step    300 | train_loss 2.0539 | lr 1.44e-04
step    310 | train_loss 2.0591 | lr 1.44e-04
step    320 | train_loss 1.9943 | lr 1.43e-04
step    330 | train_loss 2.3167 | lr 1.42e-04
step    340 | train_loss 2.0295 | lr 1.42e-04
step    350 | train_loss 2.0401 | lr 1.41e-04
step    360 | train_loss 1.7363 | lr 1.40e-04
step    370 | train_loss 1.7816 | lr 1.40e-04
step    380 | train_loss 1.6794 | lr 1.39e-04
step    390 | train_loss 1.7672 | lr 1.38e-04
step    400 | train_loss 1.6491 | lr 1.37e-04
step    410 | train_loss 1.6125 | lr 1.36e-04
step    420 | train_loss 1.7073 | lr 1.35e-04
step    430 | train_loss 1.7600 | lr 1.35e-04
step    440 | train_loss 1.7496 | lr 1.34e-04
step    450 | train_loss 1.6927 | lr 1.33e-04
step    456 | val_loss 2.0870 | val_ppl 8.06
step    460 | train_loss 1.8343 | lr 1.32e-04
step    470 | train_loss 1.7250 | lr 1.31e-04
step    480 | train_loss 1.7525 | lr 1.30e-04
step    490 | train_loss 1.7218 | lr 1.29e-04
step    500 | train_loss 1.7851 | lr 1.28e-04
step    510 | train_loss 1.7101 | lr 1.27e-04
step    520 | train_loss 1.7885 | lr 1.26e-04
step    530 | train_loss 1.7062 | lr 1.25e-04
step    540 | train_loss 1.7875 | lr 1.23e-04
step    550 | train_loss 1.6812 | lr 1.22e-04
step    560 | train_loss 1.8209 | lr 1.21e-04
step    570 | train_loss 1.7990 | lr 1.20e-04
step    580 | train_loss 1.7770 | lr 1.19e-04
step    590 | train_loss 1.6680 | lr 1.18e-04
step    600 | train_loss 1.7837 | lr 1.16e-04
step    610 | train_loss 1.7145 | lr 1.15e-04
step    620 | train_loss 1.7421 | lr 1.14e-04
step    630 | train_loss 1.7595 | lr 1.13e-04
step    640 | train_loss 1.7711 | lr 1.11e-04
step    650 | train_loss 1.8159 | lr 1.10e-04
step    660 | train_loss 1.6701 | lr 1.09e-04
step    670 | train_loss 1.8637 | lr 1.07e-04
step    680 | train_loss 1.7671 | lr 1.06e-04
step    684 | val_loss 2.0719 | val_ppl 7.94
step    690 | train_loss 1.7345 | lr 1.05e-04
step    700 | train_loss 1.8957 | lr 1.03e-04
step    710 | train_loss 1.2933 | lr 1.02e-04
step    720 | train_loss 1.3212 | lr 1.01e-04
step    730 | train_loss 1.4033 | lr 9.94e-05
step    740 | train_loss 1.3691 | lr 9.81e-05
step    750 | train_loss 1.3848 | lr 9.67e-05
step    760 | train_loss 1.3205 | lr 9.53e-05
step    770 | train_loss 1.2942 | lr 9.39e-05
step    780 | train_loss 1.3211 | lr 9.25e-05
step    790 | train_loss 1.3747 | lr 9.11e-05
step    800 | train_loss 1.2864 | lr 8.97e-05
step    810 | train_loss 1.4182 | lr 8.83e-05
step    820 | train_loss 1.4001 | lr 8.69e-05
step    830 | train_loss 1.3753 | lr 8.55e-05
step    840 | train_loss 1.3573 | lr 8.41e-05
step    850 | train_loss 1.3867 | lr 8.26e-05
step    860 | train_loss 1.3534 | lr 8.12e-05
step    870 | train_loss 1.4047 | lr 7.98e-05
step    880 | train_loss 1.4091 | lr 7.84e-05
step    890 | train_loss 1.3310 | lr 7.70e-05
step    900 | train_loss 1.3067 | lr 7.56e-05
step    910 | train_loss 1.3352 | lr 7.42e-05
step    912 | val_loss 2.1544 | val_ppl 8.62
step    920 | train_loss 1.3694 | lr 7.28e-05
step    930 | train_loss 1.3325 | lr 7.14e-05
step    940 | train_loss 1.3460 | lr 7.00e-05
step    950 | train_loss 1.4146 | lr 6.86e-05
step    960 | train_loss 1.3877 | lr 6.72e-05
step    970 | train_loss 1.5448 | lr 6.59e-05
step    980 | train_loss 1.3821 | lr 6.45e-05
step    990 | train_loss 1.4039 | lr 6.31e-05
step   1000 | train_loss 1.3918 | lr 6.18e-05
step   1010 | train_loss 1.3911 | lr 6.04e-05
step   1020 | train_loss 1.4356 | lr 5.91e-05
step   1030 | train_loss 1.4179 | lr 5.78e-05
step   1040 | train_loss 1.4344 | lr 5.65e-05
step   1050 | train_loss 1.4333 | lr 5.52e-05
step   1060 | train_loss 1.0527 | lr 5.39e-05
step   1070 | train_loss 0.9781 | lr 5.26e-05
step   1080 | train_loss 1.1236 | lr 5.14e-05
step   1090 | train_loss 1.0496 | lr 5.01e-05
step   1100 | train_loss 1.0871 | lr 4.89e-05
step   1110 | train_loss 0.9954 | lr 4.77e-05
step   1120 | train_loss 1.0240 | lr 4.65e-05
step   1130 | train_loss 1.0135 | lr 4.53e-05
step   1140 | train_loss 1.0233 | lr 4.41e-05
step   1140 | val_loss 2.2621 | val_ppl 9.60
step   1150 | train_loss 1.0680 | lr 4.29e-05
step   1160 | train_loss 1.0487 | lr 4.18e-05
step   1170 | train_loss 1.0508 | lr 4.07e-05
step   1180 | train_loss 1.0678 | lr 3.96e-05
step   1190 | train_loss 1.0576 | lr 3.85e-05
step   1200 | train_loss 1.1324 | lr 3.74e-05
step   1210 | train_loss 1.0377 | lr 3.64e-05
step   1220 | train_loss 1.0543 | lr 3.54e-05
step   1230 | train_loss 1.0155 | lr 3.44e-05
step   1240 | train_loss 0.9963 | lr 3.34e-05
step   1250 | train_loss 1.1270 | lr 3.24e-05
step   1260 | train_loss 1.0723 | lr 3.15e-05
step   1270 | train_loss 1.1197 | lr 3.06e-05
step   1280 | train_loss 1.1190 | lr 2.97e-05
step   1290 | train_loss 1.0271 | lr 2.88e-05
step   1300 | train_loss 1.0543 | lr 2.80e-05
step   1310 | train_loss 1.0475 | lr 2.72e-05
step   1320 | train_loss 1.0408 | lr 2.64e-05
step   1330 | train_loss 1.0799 | lr 2.56e-05
step   1340 | train_loss 1.0437 | lr 2.48e-05
step   1350 | train_loss 1.0977 | lr 2.41e-05
step   1360 | train_loss 1.1082 | lr 2.34e-05
step   1368 | val_loss 2.2746 | val_ppl 9.72
step   1370 | train_loss 1.0586 | lr 2.27e-05
step   1380 | train_loss 1.0406 | lr 2.21e-05
step   1390 | train_loss 1.0644 | lr 2.15e-05
step   1400 | train_loss 1.0772 | lr 2.09e-05
step   1410 | train_loss 0.8732 | lr 2.03e-05
step   1420 | train_loss 0.9167 | lr 1.98e-05
step   1430 | train_loss 0.9376 | lr 1.93e-05
step   1440 | train_loss 0.8934 | lr 1.88e-05
step   1450 | train_loss 0.9301 | lr 1.83e-05
step   1460 | train_loss 0.8690 | lr 1.79e-05
step   1470 | train_loss 0.9247 | lr 1.75e-05
step   1480 | train_loss 0.8980 | lr 1.72e-05
step   1490 | train_loss 0.9388 | lr 1.68e-05
step   1500 | train_loss 0.8993 | lr 1.65e-05
step   1510 | train_loss 0.8869 | lr 1.62e-05
step   1520 | train_loss 0.8649 | lr 1.60e-05
step   1530 | train_loss 0.8868 | lr 1.57e-05
step   1540 | train_loss 0.8859 | lr 1.56e-05
step   1550 | train_loss 0.9484 | lr 1.54e-05
step   1560 | train_loss 0.8541 | lr 1.52e-05
step   1570 | train_loss 0.9484 | lr 1.51e-05
step   1580 | train_loss 0.9349 | lr 1.51e-05
step   1590 | train_loss 0.8832 | lr 1.50e-05
step   1596 | val_loss 2.3632 | val_ppl 10.62
step   1600 | train_loss 0.9035 | lr 1.50e-05
step   1600 | val_loss 2.3616 | val_ppl 10.61
Saved checkpoint to /home/system/projects/AuthLLM/checkpoints/lr_scaling/packed_1600_lr0.00015_seed1337/step_1600.pt
