Data: 50,868 train / 1,038 val examples (68 dropped as longer than 512 tokens)
Packing: 50,868 examples into 11,220 windows (4.5 per window, 98.8% of positions used)
Model: medium (123,587,328 parameters), initialized from /home/system/projects/AuthLLM/checkpoints/medium/step_20000.pt (step 20000)
step     10 | train_loss 2.5238 | lr 2.00e-06
step     20 | train_loss 2.4583 | lr 4.00e-06
step     30 | train_loss 2.3156 | lr 6.00e-06
step     40 | train_loss 2.2689 | lr 8.00e-06
step     50 | train_loss 2.2010 | lr 1.00e-05
step     60 | train_loss 2.2690 | lr 1.20e-05
step     70 | train_loss 2.2212 | lr 1.40e-05
step     80 | train_loss 2.2953 | lr 1.60e-05
step     90 | train_loss 2.1768 | lr 1.80e-05
step    100 | train_loss 2.2979 | lr 2.00e-05
step    110 | train_loss 2.2414 | lr 2.00e-05
step    120 | train_loss 2.2251 | lr 2.00e-05
step    130 | train_loss 2.1595 | lr 2.00e-05
step    140 | train_loss 2.1889 | lr 2.00e-05
step    150 | train_loss 2.1572 | lr 2.00e-05
step    160 | train_loss 2.1297 | lr 1.99e-05
step    170 | train_loss 2.1444 | lr 1.99e-05
step    180 | train_loss 2.1646 | lr 1.99e-05
step    190 | train_loss 2.1399 | lr 1.98e-05
step    200 | train_loss 2.2232 | lr 1.98e-05
step    210 | train_loss 2.1322 | lr 1.98e-05
step    220 | train_loss 1.9789 | lr 1.97e-05
step    228 | val_loss 2.1009 | val_ppl 8.17
step    230 | train_loss 2.1525 | lr 1.97e-05
step    240 | train_loss 2.0953 | lr 1.96e-05
step    250 | train_loss 2.1611 | lr 1.96e-05
step    260 | train_loss 2.1349 | lr 1.95e-05
step    270 | train_loss 2.1895 | lr 1.94e-05
step    280 | train_loss 2.1684 | lr 1.94e-05
step    290 | train_loss 2.0798 | lr 1.93e-05
step    300 | train_loss 2.0624 | lr 1.92e-05
step    310 | train_loss 2.0875 | lr 1.92e-05
step    320 | train_loss 2.0037 | lr 1.91e-05
step    330 | train_loss 2.3107 | lr 1.90e-05
step    340 | train_loss 2.0244 | lr 1.89e-05
step    350 | train_loss 2.0397 | lr 1.88e-05
step    360 | train_loss 2.0388 | lr 1.87e-05
step    370 | train_loss 2.0877 | lr 1.86e-05
step    380 | train_loss 1.9892 | lr 1.85e-05
step    390 | train_loss 2.0148 | lr 1.84e-05
step    400 | train_loss 1.9556 | lr 1.83e-05
step    410 | train_loss 1.9212 | lr 1.82e-05
step    420 | train_loss 1.9592 | lr 1.81e-05
step    430 | train_loss 2.0581 | lr 1.79e-05
step    440 | train_loss 2.0083 | lr 1.78e-05
step    450 | train_loss 1.9500 | lr 1.77e-05
step    456 | val_loss 2.0535 | val_ppl 7.80
step    460 | train_loss 2.0838 | lr 1.76e-05
step    470 | train_loss 1.9274 | lr 1.74e-05
step    480 | train_loss 2.0354 | lr 1.73e-05
step    490 | train_loss 1.9682 | lr 1.72e-05
step    500 | train_loss 2.0446 | lr 1.70e-05
step    510 | train_loss 1.9624 | lr 1.69e-05
step    520 | train_loss 2.0129 | lr 1.68e-05
step    530 | train_loss 1.9259 | lr 1.66e-05
step    540 | train_loss 2.0219 | lr 1.65e-05
step    550 | train_loss 1.9431 | lr 1.63e-05
step    560 | train_loss 2.0537 | lr 1.62e-05
step    570 | train_loss 2.0262 | lr 1.60e-05
step    580 | train_loss 1.9756 | lr 1.58e-05
step    590 | train_loss 1.9145 | lr 1.57e-05
step    600 | train_loss 1.9984 | lr 1.55e-05
step    610 | train_loss 1.9828 | lr 1.54e-05
step    620 | train_loss 1.9642 | lr 1.52e-05
step    630 | train_loss 1.9883 | lr 1.50e-05
step    640 | train_loss 1.9789 | lr 1.48e-05
step    650 | train_loss 2.0547 | lr 1.47e-05
step    660 | train_loss 1.9471 | lr 1.45e-05
step    670 | train_loss 2.1483 | lr 1.43e-05
step    680 | train_loss 1.9774 | lr 1.42e-05
step    684 | val_loss 2.0308 | val_ppl 7.62
step    690 | train_loss 1.9288 | lr 1.40e-05
step    700 | train_loss 2.1009 | lr 1.38e-05
step    710 | train_loss 1.8055 | lr 1.36e-05
step    720 | train_loss 1.8357 | lr 1.34e-05
step    730 | train_loss 1.9688 | lr 1.33e-05
step    740 | train_loss 1.8837 | lr 1.31e-05
step    750 | train_loss 1.8932 | lr 1.29e-05
step    760 | train_loss 1.8532 | lr 1.27e-05
step    770 | train_loss 1.8707 | lr 1.25e-05
step    780 | train_loss 1.8376 | lr 1.23e-05
step    790 | train_loss 1.9434 | lr 1.21e-05
step    800 | train_loss 1.8184 | lr 1.20e-05
step    810 | train_loss 1.9163 | lr 1.18e-05
step    820 | train_loss 1.9463 | lr 1.16e-05
step    830 | train_loss 1.9177 | lr 1.14e-05
step    840 | train_loss 1.9043 | lr 1.12e-05
step    850 | train_loss 1.9621 | lr 1.10e-05
step    860 | train_loss 1.8847 | lr 1.08e-05
step    870 | train_loss 1.9318 | lr 1.06e-05
step    880 | train_loss 1.9243 | lr 1.05e-05
step    890 | train_loss 1.8797 | lr 1.03e-05
step    900 | train_loss 1.7907 | lr 1.01e-05
step    910 | train_loss 1.8575 | lr 9.89e-06
step    912 | val_loss 2.0218 | val_ppl 7.55
step    920 | train_loss 1.9101 | lr 9.70e-06
step    930 | train_loss 1.8168 | lr 9.52e-06
step    940 | train_loss 1.8566 | lr 9.33e-06
step    950 | train_loss 1.9358 | lr 9.15e-06
step    960 | train_loss 1.8850 | lr 8.96e-06
step    970 | train_loss 2.0834 | lr 8.78e-06
step    980 | train_loss 1.9056 | lr 8.60e-06
step    990 | train_loss 1.8698 | lr 8.42e-06
step   1000 | train_loss 1.9091 | lr 8.24e-06
step   1010 | train_loss 1.8995 | lr 8.06e-06
step   1020 | train_loss 1.9002 | lr 7.88e-06
step   1030 | train_loss 1.9510 | lr 7.70e-06
step   1040 | train_loss 1.9386 | lr 7.53e-06
step   1050 | train_loss 1.9005 | lr 7.36e-06
step   1060 | train_loss 1.8459 | lr 7.19e-06
step   1070 | train_loss 1.7526 | lr 7.02e-06
step   1080 | train_loss 1.9031 | lr 6.85e-06
step   1090 | train_loss 1.8648 | lr 6.68e-06
step   1100 | train_loss 1.9068 | lr 6.52e-06
step   1110 | train_loss 1.7753 | lr 6.35e-06
step   1120 | train_loss 1.7668 | lr 6.19e-06
step   1130 | train_loss 1.7819 | lr 6.04e-06
step   1140 | train_loss 1.7683 | lr 5.88e-06
step   1140 | val_loss 2.0192 | val_ppl 7.53
step   1150 | train_loss 1.8292 | lr 5.73e-06
step   1160 | train_loss 1.8313 | lr 5.57e-06
step   1170 | train_loss 1.7935 | lr 5.42e-06
step   1180 | train_loss 1.8278 | lr 5.28e-06
step   1190 | train_loss 1.8315 | lr 5.13e-06
step   1200 | train_loss 1.9061 | lr 4.99e-06
step   1210 | train_loss 1.7960 | lr 4.85e-06
step   1220 | train_loss 1.8115 | lr 4.72e-06
step   1230 | train_loss 1.7584 | lr 4.58e-06
step   1240 | train_loss 1.7179 | lr 4.45e-06
step   1250 | train_loss 1.9000 | lr 4.32e-06
step   1260 | train_loss 1.8472 | lr 4.20e-06
step   1270 | train_loss 1.9381 | lr 4.08e-06
step   1280 | train_loss 1.8840 | lr 3.96e-06
step   1290 | train_loss 1.7906 | lr 3.84e-06
step   1300 | train_loss 1.7944 | lr 3.73e-06
step   1310 | train_loss 1.8064 | lr 3.62e-06
step   1320 | train_loss 1.7520 | lr 3.51e-06
step   1330 | train_loss 1.7978 | lr 3.41e-06
step   1340 | train_loss 1.8215 | lr 3.31e-06
step   1350 | train_loss 1.8691 | lr 3.22e-06
step   1360 | train_loss 1.8620 | lr 3.12e-06
step   1368 | val_loss 2.0158 | val_ppl 7.51
step   1370 | train_loss 1.8195 | lr 3.03e-06
step   1380 | train_loss 1.7855 | lr 2.95e-06
step   1390 | train_loss 1.8844 | lr 2.86e-06
step   1400 | train_loss 1.8287 | lr 2.79e-06
step   1410 | train_loss 1.7170 | lr 2.71e-06
step   1420 | train_loss 1.8753 | lr 2.64e-06
step   1430 | train_loss 1.8675 | lr 2.57e-06
step   1440 | train_loss 1.8096 | lr 2.51e-06
step   1450 | train_loss 1.9109 | lr 2.45e-06
step   1460 | train_loss 1.8104 | lr 2.39e-06
step   1470 | train_loss 1.7871 | lr 2.34e-06
step   1480 | train_loss 1.8529 | lr 2.29e-06
step   1490 | train_loss 1.8726 | lr 2.24e-06
step   1500 | train_loss 1.7811 | lr 2.20e-06
step   1510 | train_loss 1.8207 | lr 2.16e-06
step   1520 | train_loss 1.7508 | lr 2.13e-06
step   1530 | train_loss 1.7867 | lr 2.10e-06
step   1540 | train_loss 1.7611 | lr 2.07e-06
step   1550 | train_loss 1.8376 | lr 2.05e-06
step   1560 | train_loss 1.7500 | lr 2.03e-06
step   1570 | train_loss 1.8915 | lr 2.02e-06
step   1580 | train_loss 1.8908 | lr 2.01e-06
step   1590 | train_loss 1.7888 | lr 2.00e-06
step   1596 | val_loss 2.0172 | val_ppl 7.52
step   1600 | train_loss 1.7521 | lr 2.00e-06
step   1600 | val_loss 2.0171 | val_ppl 7.52
Saved checkpoint to /home/system/projects/AuthLLM/checkpoints/lr_scaling/packed_1600_lr2e-05_seed1337/step_1600.pt
