Data: 50,868 train / 1,038 val examples (68 dropped as longer than 512 tokens)
Packing: 50,868 examples into 11,220 windows (4.5 per window, 98.8% of positions used)
Model: medium (123,587,328 parameters), initialized from /home/system/projects/AuthLLM/checkpoints/medium/step_20000.pt (step 20000)
step     10 | train_loss 2.5437 | lr 1.00e-06
step     20 | train_loss 2.5071 | lr 2.00e-06
step     30 | train_loss 2.3821 | lr 3.00e-06
step     40 | train_loss 2.3183 | lr 4.00e-06
step     50 | train_loss 2.2501 | lr 5.00e-06
step     60 | train_loss 2.3126 | lr 6.00e-06
step     70 | train_loss 2.2607 | lr 7.00e-06
step     80 | train_loss 2.3334 | lr 8.00e-06
step     90 | train_loss 2.2098 | lr 9.00e-06
step    100 | train_loss 2.3371 | lr 1.00e-05
step    110 | train_loss 2.2788 | lr 1.00e-05
step    120 | train_loss 2.2664 | lr 1.00e-05
step    130 | train_loss 2.1948 | lr 9.99e-06
step    140 | train_loss 2.2227 | lr 9.98e-06
step    150 | train_loss 2.1947 | lr 9.98e-06
step    160 | train_loss 2.1652 | lr 9.97e-06
step    170 | train_loss 2.1894 | lr 9.95e-06
step    180 | train_loss 2.2095 | lr 9.94e-06
step    190 | train_loss 2.1845 | lr 9.92e-06
step    200 | train_loss 2.2612 | lr 9.90e-06
step    210 | train_loss 2.1713 | lr 9.88e-06
step    220 | train_loss 2.0291 | lr 9.86e-06
step    228 | val_loss 2.1418 | val_ppl 8.51
step    230 | train_loss 2.1929 | lr 9.84e-06
step    240 | train_loss 2.1300 | lr 9.81e-06
step    250 | train_loss 2.2105 | lr 9.78e-06
step    260 | train_loss 2.1762 | lr 9.75e-06
step    270 | train_loss 2.2353 | lr 9.72e-06
step    280 | train_loss 2.2090 | lr 9.69e-06
step    290 | train_loss 2.1199 | lr 9.65e-06
step    300 | train_loss 2.1027 | lr 9.61e-06
step    310 | train_loss 2.1341 | lr 9.58e-06
step    320 | train_loss 2.0448 | lr 9.53e-06
step    330 | train_loss 2.3456 | lr 9.49e-06
step    340 | train_loss 2.0574 | lr 9.45e-06
step    350 | train_loss 2.0771 | lr 9.40e-06
step    360 | train_loss 2.1189 | lr 9.35e-06
step    370 | train_loss 2.1616 | lr 9.30e-06
step    380 | train_loss 2.0665 | lr 9.25e-06
step    390 | train_loss 2.0956 | lr 9.20e-06
step    400 | train_loss 2.0304 | lr 9.15e-06
step    410 | train_loss 2.0034 | lr 9.09e-06
step    420 | train_loss 2.0281 | lr 9.03e-06
step    430 | train_loss 2.1351 | lr 8.97e-06
step    440 | train_loss 2.0796 | lr 8.91e-06
step    450 | train_loss 2.0252 | lr 8.85e-06
step    456 | val_loss 2.0905 | val_ppl 8.09
step    460 | train_loss 2.1548 | lr 8.79e-06
step    470 | train_loss 1.9935 | lr 8.72e-06
step    480 | train_loss 2.1161 | lr 8.66e-06
step    490 | train_loss 2.0401 | lr 8.59e-06
step    500 | train_loss 2.1195 | lr 8.52e-06
step    510 | train_loss 2.0367 | lr 8.45e-06
step    520 | train_loss 2.0805 | lr 8.38e-06
step    530 | train_loss 1.9860 | lr 8.30e-06
step    540 | train_loss 2.0894 | lr 8.23e-06
step    550 | train_loss 2.0126 | lr 8.15e-06
step    560 | train_loss 2.1311 | lr 8.08e-06
step    570 | train_loss 2.0929 | lr 8.00e-06
step    580 | train_loss 2.0428 | lr 7.92e-06
step    590 | train_loss 1.9850 | lr 7.84e-06
step    600 | train_loss 2.0663 | lr 7.76e-06
step    610 | train_loss 2.0606 | lr 7.68e-06
step    620 | train_loss 2.0323 | lr 7.59e-06
step    630 | train_loss 2.0529 | lr 7.51e-06
step    640 | train_loss 2.0436 | lr 7.42e-06
step    650 | train_loss 2.1335 | lr 7.34e-06
step    660 | train_loss 2.0258 | lr 7.25e-06
step    670 | train_loss 2.2401 | lr 7.17e-06
step    680 | train_loss 2.0387 | lr 7.08e-06
step    684 | val_loss 2.0667 | val_ppl 7.90
step    690 | train_loss 1.9981 | lr 6.99e-06
step    700 | train_loss 2.1602 | lr 6.90e-06
step    710 | train_loss 1.9162 | lr 6.81e-06
step    720 | train_loss 1.9403 | lr 6.72e-06
step    730 | train_loss 2.0761 | lr 6.63e-06
step    740 | train_loss 1.9781 | lr 6.54e-06
step    750 | train_loss 1.9931 | lr 6.44e-06
step    760 | train_loss 1.9525 | lr 6.35e-06
step    770 | train_loss 1.9857 | lr 6.26e-06
step    780 | train_loss 1.9350 | lr 6.17e-06
step    790 | train_loss 2.0540 | lr 6.07e-06
step    800 | train_loss 1.9271 | lr 5.98e-06
step    810 | train_loss 2.0212 | lr 5.89e-06
step    820 | train_loss 2.0456 | lr 5.79e-06
step    830 | train_loss 2.0059 | lr 5.70e-06
step    840 | train_loss 2.0209 | lr 5.60e-06
step    850 | train_loss 2.0652 | lr 5.51e-06
step    860 | train_loss 1.9924 | lr 5.42e-06
step    870 | train_loss 2.0298 | lr 5.32e-06
step    880 | train_loss 2.0201 | lr 5.23e-06
step    890 | train_loss 1.9914 | lr 5.13e-06
step    900 | train_loss 1.8903 | lr 5.04e-06
step    910 | train_loss 1.9605 | lr 4.95e-06
step    912 | val_loss 2.0538 | val_ppl 7.80
step    920 | train_loss 2.0156 | lr 4.85e-06
step    930 | train_loss 1.9042 | lr 4.76e-06
step    940 | train_loss 1.9573 | lr 4.67e-06
step    950 | train_loss 2.0458 | lr 4.57e-06
step    960 | train_loss 1.9771 | lr 4.48e-06
step    970 | train_loss 2.1851 | lr 4.39e-06
step    980 | train_loss 2.0133 | lr 4.30e-06
step    990 | train_loss 1.9775 | lr 4.21e-06
step   1000 | train_loss 2.0088 | lr 4.12e-06
step   1010 | train_loss 1.9993 | lr 4.03e-06
step   1020 | train_loss 1.9907 | lr 3.94e-06
step   1030 | train_loss 2.0479 | lr 3.85e-06
step   1040 | train_loss 2.0402 | lr 3.76e-06
step   1050 | train_loss 1.9859 | lr 3.68e-06
step   1060 | train_loss 1.9681 | lr 3.59e-06
step   1070 | train_loss 1.8808 | lr 3.51e-06
step   1080 | train_loss 2.0313 | lr 3.42e-06
step   1090 | train_loss 1.9974 | lr 3.34e-06
step   1100 | train_loss 2.0451 | lr 3.26e-06
step   1110 | train_loss 1.9058 | lr 3.18e-06
step   1120 | train_loss 1.8887 | lr 3.10e-06
step   1130 | train_loss 1.9050 | lr 3.02e-06
step   1140 | train_loss 1.8976 | lr 2.94e-06
step   1140 | val_loss 2.0473 | val_ppl 7.75
step   1150 | train_loss 1.9564 | lr 2.86e-06
step   1160 | train_loss 1.9568 | lr 2.79e-06
step   1170 | train_loss 1.9205 | lr 2.71e-06
step   1180 | train_loss 1.9548 | lr 2.64e-06
step   1190 | train_loss 1.9616 | lr 2.57e-06
step   1200 | train_loss 2.0294 | lr 2.50e-06
step   1210 | train_loss 1.9161 | lr 2.43e-06
step   1220 | train_loss 1.9452 | lr 2.36e-06
step   1230 | train_loss 1.8846 | lr 2.29e-06
step   1240 | train_loss 1.8466 | lr 2.23e-06
step   1250 | train_loss 2.0208 | lr 2.16e-06
step   1260 | train_loss 1.9751 | lr 2.10e-06
step   1270 | train_loss 2.0694 | lr 2.04e-06
step   1280 | train_loss 2.0089 | lr 1.98e-06
step   1290 | train_loss 1.9056 | lr 1.92e-06
step   1300 | train_loss 1.9157 | lr 1.86e-06
step   1310 | train_loss 1.9280 | lr 1.81e-06
step   1320 | train_loss 1.8689 | lr 1.76e-06
step   1330 | train_loss 1.9090 | lr 1.71e-06
step   1340 | train_loss 1.9425 | lr 1.66e-06
step   1350 | train_loss 1.9972 | lr 1.61e-06
step   1360 | train_loss 1.9804 | lr 1.56e-06
step   1368 | val_loss 2.0432 | val_ppl 7.71
step   1370 | train_loss 1.9390 | lr 1.52e-06
step   1380 | train_loss 1.9064 | lr 1.47e-06
step   1390 | train_loss 2.0180 | lr 1.43e-06
step   1400 | train_loss 1.9509 | lr 1.39e-06
step   1410 | train_loss 1.8507 | lr 1.36e-06
step   1420 | train_loss 2.0046 | lr 1.32e-06
step   1430 | train_loss 2.0005 | lr 1.29e-06
step   1440 | train_loss 1.9453 | lr 1.25e-06
step   1450 | train_loss 2.0652 | lr 1.22e-06
step   1460 | train_loss 1.9498 | lr 1.19e-06
step   1470 | train_loss 1.9019 | lr 1.17e-06
step   1480 | train_loss 1.9935 | lr 1.14e-06
step   1490 | train_loss 2.0128 | lr 1.12e-06
step   1500 | train_loss 1.9063 | lr 1.10e-06
step   1510 | train_loss 1.9465 | lr 1.08e-06
step   1520 | train_loss 1.8822 | lr 1.06e-06
step   1530 | train_loss 1.9136 | lr 1.05e-06
step   1540 | train_loss 1.8946 | lr 1.04e-06
step   1550 | train_loss 1.9613 | lr 1.03e-06
step   1560 | train_loss 1.8988 | lr 1.02e-06
step   1570 | train_loss 2.0290 | lr 1.01e-06
step   1580 | train_loss 2.0281 | lr 1.00e-06
step   1590 | train_loss 1.9121 | lr 1.00e-06
step   1596 | val_loss 2.0423 | val_ppl 7.71
step   1600 | train_loss 1.8852 | lr 1.00e-06
step   1600 | val_loss 2.0421 | val_ppl 7.71
Saved checkpoint to /home/system/projects/AuthLLM/checkpoints/lr_scaling/packed_1600_lr1e-05_seed1337/step_1600.pt
