Data: 50,868 train / 1,038 val examples (68 dropped as longer than 512 tokens)
Packing: 50,868 examples into 11,220 windows (4.5 per window, 98.8% of positions used)
Model: medium (123,587,328 parameters), initialized from /home/system/projects/AuthLLM/checkpoints/medium/step_20000.pt (step 20000)
step     10 | train_loss 2.4394 | lr 9.00e-06
step     20 | train_loss 2.3408 | lr 1.80e-05
step     30 | train_loss 2.2097 | lr 2.70e-05
step     40 | train_loss 2.1927 | lr 3.60e-05
step     50 | train_loss 2.1179 | lr 4.50e-05
step     60 | train_loss 2.1843 | lr 5.40e-05
step     70 | train_loss 2.1450 | lr 6.30e-05
step     80 | train_loss 2.2241 | lr 7.20e-05
step     90 | train_loss 2.1226 | lr 8.10e-05
step    100 | train_loss 2.2309 | lr 9.00e-05
step    110 | train_loss 2.1892 | lr 9.00e-05
step    120 | train_loss 2.1636 | lr 9.00e-05
step    130 | train_loss 2.1147 | lr 8.99e-05
step    140 | train_loss 2.1431 | lr 8.99e-05
step    150 | train_loss 2.1115 | lr 8.98e-05
step    160 | train_loss 2.0928 | lr 8.97e-05
step    170 | train_loss 2.0906 | lr 8.96e-05
step    180 | train_loss 2.1093 | lr 8.94e-05
step    190 | train_loss 2.0966 | lr 8.93e-05
step    200 | train_loss 2.1834 | lr 8.91e-05
step    210 | train_loss 2.0947 | lr 8.89e-05
step    220 | train_loss 1.9077 | lr 8.87e-05
step    228 | val_loss 2.0602 | val_ppl 7.85
step    230 | train_loss 2.1112 | lr 8.85e-05
step    240 | train_loss 2.0607 | lr 8.83e-05
step    250 | train_loss 2.0985 | lr 8.80e-05
step    260 | train_loss 2.0900 | lr 8.78e-05
step    270 | train_loss 2.1362 | lr 8.75e-05
step    280 | train_loss 2.1191 | lr 8.72e-05
step    290 | train_loss 2.0364 | lr 8.69e-05
step    300 | train_loss 2.0250 | lr 8.65e-05
step    310 | train_loss 2.0383 | lr 8.62e-05
step    320 | train_loss 1.9682 | lr 8.58e-05
step    330 | train_loss 2.2871 | lr 8.54e-05
step    340 | train_loss 2.0008 | lr 8.50e-05
step    350 | train_loss 2.0109 | lr 8.46e-05
step    360 | train_loss 1.8123 | lr 8.42e-05
step    370 | train_loss 1.8579 | lr 8.37e-05
step    380 | train_loss 1.7585 | lr 8.33e-05
step    390 | train_loss 1.8227 | lr 8.28e-05
step    400 | train_loss 1.7276 | lr 8.23e-05
step    410 | train_loss 1.6852 | lr 8.18e-05
step    420 | train_loss 1.7660 | lr 8.13e-05
step    430 | train_loss 1.8380 | lr 8.08e-05
step    440 | train_loss 1.8086 | lr 8.02e-05
step    450 | train_loss 1.7535 | lr 7.97e-05
step    456 | val_loss 2.0472 | val_ppl 7.75
step    460 | train_loss 1.8930 | lr 7.91e-05
step    470 | train_loss 1.7522 | lr 7.85e-05
step    480 | train_loss 1.8208 | lr 7.79e-05
step    490 | train_loss 1.7757 | lr 7.73e-05
step    500 | train_loss 1.8444 | lr 7.67e-05
step    510 | train_loss 1.7724 | lr 7.60e-05
step    520 | train_loss 1.8365 | lr 7.54e-05
step    530 | train_loss 1.7579 | lr 7.47e-05
step    540 | train_loss 1.8403 | lr 7.41e-05
step    550 | train_loss 1.7456 | lr 7.34e-05
step    560 | train_loss 1.8727 | lr 7.27e-05
step    570 | train_loss 1.8477 | lr 7.20e-05
step    580 | train_loss 1.8128 | lr 7.13e-05
step    590 | train_loss 1.7228 | lr 7.06e-05
step    600 | train_loss 1.8295 | lr 6.98e-05
step    610 | train_loss 1.7779 | lr 6.91e-05
step    620 | train_loss 1.7875 | lr 6.83e-05
step    630 | train_loss 1.8126 | lr 6.76e-05
step    640 | train_loss 1.8179 | lr 6.68e-05
step    650 | train_loss 1.8682 | lr 6.61e-05
step    660 | train_loss 1.7349 | lr 6.53e-05
step    670 | train_loss 1.9271 | lr 6.45e-05
step    680 | train_loss 1.8117 | lr 6.37e-05
step    684 | val_loss 2.0308 | val_ppl 7.62
step    690 | train_loss 1.7764 | lr 6.29e-05
step    700 | train_loss 1.9443 | lr 6.21e-05
step    710 | train_loss 1.4410 | lr 6.13e-05
step    720 | train_loss 1.4768 | lr 6.05e-05
step    730 | train_loss 1.5808 | lr 5.97e-05
step    740 | train_loss 1.5356 | lr 5.88e-05
step    750 | train_loss 1.5414 | lr 5.80e-05
step    760 | train_loss 1.4911 | lr 5.72e-05
step    770 | train_loss 1.4708 | lr 5.63e-05
step    780 | train_loss 1.4827 | lr 5.55e-05
step    790 | train_loss 1.5491 | lr 5.47e-05
step    800 | train_loss 1.4471 | lr 5.38e-05
step    810 | train_loss 1.5713 | lr 5.30e-05
step    820 | train_loss 1.5746 | lr 5.21e-05
step    830 | train_loss 1.5466 | lr 5.13e-05
step    840 | train_loss 1.5191 | lr 5.04e-05
step    850 | train_loss 1.5672 | lr 4.96e-05
step    860 | train_loss 1.5162 | lr 4.87e-05
step    870 | train_loss 1.5692 | lr 4.79e-05
step    880 | train_loss 1.5740 | lr 4.70e-05
step    890 | train_loss 1.4975 | lr 4.62e-05
step    900 | train_loss 1.4516 | lr 4.54e-05
step    910 | train_loss 1.4944 | lr 4.45e-05
step    912 | val_loss 2.0710 | val_ppl 7.93
step    920 | train_loss 1.5365 | lr 4.37e-05
step    930 | train_loss 1.4869 | lr 4.28e-05
step    940 | train_loss 1.4997 | lr 4.20e-05
step    950 | train_loss 1.5715 | lr 4.12e-05
step    960 | train_loss 1.5450 | lr 4.03e-05
step    970 | train_loss 1.7147 | lr 3.95e-05
step    980 | train_loss 1.5353 | lr 3.87e-05
step    990 | train_loss 1.5429 | lr 3.79e-05
step   1000 | train_loss 1.5546 | lr 3.71e-05
step   1010 | train_loss 1.5529 | lr 3.63e-05
step   1020 | train_loss 1.5838 | lr 3.55e-05
step   1030 | train_loss 1.5875 | lr 3.47e-05
step   1040 | train_loss 1.5912 | lr 3.39e-05
step   1050 | train_loss 1.5802 | lr 3.31e-05
step   1060 | train_loss 1.3243 | lr 3.23e-05
step   1070 | train_loss 1.2374 | lr 3.16e-05
step   1080 | train_loss 1.3941 | lr 3.08e-05
step   1090 | train_loss 1.3231 | lr 3.01e-05
step   1100 | train_loss 1.3631 | lr 2.93e-05
step   1110 | train_loss 1.2522 | lr 2.86e-05
step   1120 | train_loss 1.2761 | lr 2.79e-05
step   1130 | train_loss 1.2737 | lr 2.72e-05
step   1140 | train_loss 1.2609 | lr 2.65e-05
step   1140 | val_loss 2.1308 | val_ppl 8.42
step   1150 | train_loss 1.3292 | lr 2.58e-05
step   1160 | train_loss 1.3137 | lr 2.51e-05
step   1170 | train_loss 1.3017 | lr 2.44e-05
step   1180 | train_loss 1.3290 | lr 2.37e-05
step   1190 | train_loss 1.3194 | lr 2.31e-05
step   1200 | train_loss 1.3989 | lr 2.25e-05
step   1210 | train_loss 1.3020 | lr 2.18e-05
step   1220 | train_loss 1.3072 | lr 2.12e-05
step   1230 | train_loss 1.2592 | lr 2.06e-05
step   1240 | train_loss 1.2343 | lr 2.00e-05
step   1250 | train_loss 1.4029 | lr 1.95e-05
step   1260 | train_loss 1.3391 | lr 1.89e-05
step   1270 | train_loss 1.3977 | lr 1.83e-05
step   1280 | train_loss 1.3808 | lr 1.78e-05
step   1290 | train_loss 1.2927 | lr 1.73e-05
step   1300 | train_loss 1.3135 | lr 1.68e-05
step   1310 | train_loss 1.3062 | lr 1.63e-05
step   1320 | train_loss 1.2830 | lr 1.58e-05
step   1330 | train_loss 1.3322 | lr 1.54e-05
step   1340 | train_loss 1.3156 | lr 1.49e-05
step   1350 | train_loss 1.3624 | lr 1.45e-05
step   1360 | train_loss 1.3780 | lr 1.41e-05
step   1368 | val_loss 2.1349 | val_ppl 8.46
step   1370 | train_loss 1.3164 | lr 1.36e-05
step   1380 | train_loss 1.2911 | lr 1.33e-05
step   1390 | train_loss 1.3396 | lr 1.29e-05
step   1400 | train_loss 1.3371 | lr 1.25e-05
step   1410 | train_loss 1.1662 | lr 1.22e-05
step   1420 | train_loss 1.2676 | lr 1.19e-05
step   1430 | train_loss 1.2774 | lr 1.16e-05
step   1440 | train_loss 1.2185 | lr 1.13e-05
step   1450 | train_loss 1.2801 | lr 1.10e-05
step   1460 | train_loss 1.2003 | lr 1.08e-05
step   1470 | train_loss 1.2430 | lr 1.05e-05
step   1480 | train_loss 1.2383 | lr 1.03e-05
step   1490 | train_loss 1.2689 | lr 1.01e-05
step   1500 | train_loss 1.2171 | lr 9.90e-06
step   1510 | train_loss 1.2315 | lr 9.73e-06
step   1520 | train_loss 1.1820 | lr 9.58e-06
step   1530 | train_loss 1.2165 | lr 9.45e-06
step   1540 | train_loss 1.2004 | lr 9.33e-06
step   1550 | train_loss 1.2723 | lr 9.23e-06
step   1560 | train_loss 1.1637 | lr 9.15e-06
step   1570 | train_loss 1.2896 | lr 9.09e-06
step   1580 | train_loss 1.2811 | lr 9.04e-06
step   1590 | train_loss 1.2089 | lr 9.01e-06
step   1596 | val_loss 2.1792 | val_ppl 8.84
step   1600 | train_loss 1.2072 | lr 9.00e-06
step   1600 | val_loss 2.1789 | val_ppl 8.84
Saved checkpoint to /home/system/projects/AuthLLM/checkpoints/lr_scaling/packed_1600_lr9e-05_seed1337/step_1600.pt
