Data: 50,868 train / 1,038 val examples (68 dropped as longer than 512 tokens)
Packing: 50,868 examples into 11,220 windows (4.5 per window, 98.8% of positions used)
Model: medium (123,587,328 parameters), initialized from /home/system/projects/AuthLLM/checkpoints/medium/step_20000.pt (step 20000)
step     10 | train_loss 2.4675 | lr 6.00e-06
step     20 | train_loss 2.3587 | lr 1.20e-05
step     30 | train_loss 2.2380 | lr 1.80e-05
step     40 | train_loss 2.2087 | lr 2.40e-05
step     50 | train_loss 2.1391 | lr 3.00e-05
step     60 | train_loss 2.2042 | lr 3.60e-05
step     70 | train_loss 2.1627 | lr 4.20e-05
step     80 | train_loss 2.2371 | lr 4.80e-05
step     90 | train_loss 2.1318 | lr 5.40e-05
step    100 | train_loss 2.2426 | lr 6.00e-05
step    110 | train_loss 2.1929 | lr 6.00e-05
step    120 | train_loss 2.1718 | lr 6.00e-05
step    130 | train_loss 2.1201 | lr 6.00e-05
step    140 | train_loss 2.1471 | lr 5.99e-05
step    150 | train_loss 2.1146 | lr 5.99e-05
step    160 | train_loss 2.0938 | lr 5.98e-05
step    170 | train_loss 2.0946 | lr 5.97e-05
step    180 | train_loss 2.1144 | lr 5.96e-05
step    190 | train_loss 2.0965 | lr 5.95e-05
step    200 | train_loss 2.1843 | lr 5.94e-05
step    210 | train_loss 2.0938 | lr 5.93e-05
step    220 | train_loss 1.9151 | lr 5.92e-05
step    228 | val_loss 2.0596 | val_ppl 7.84
step    230 | train_loss 2.1105 | lr 5.90e-05
step    240 | train_loss 2.0601 | lr 5.89e-05
step    250 | train_loss 2.1040 | lr 5.87e-05
step    260 | train_loss 2.0901 | lr 5.85e-05
step    270 | train_loss 2.1386 | lr 5.83e-05
step    280 | train_loss 2.1198 | lr 5.81e-05
step    290 | train_loss 2.0376 | lr 5.79e-05
step    300 | train_loss 2.0229 | lr 5.77e-05
step    310 | train_loss 2.0404 | lr 5.75e-05
step    320 | train_loss 1.9663 | lr 5.72e-05
step    330 | train_loss 2.2807 | lr 5.70e-05
step    340 | train_loss 1.9963 | lr 5.67e-05
step    350 | train_loss 2.0084 | lr 5.64e-05
step    360 | train_loss 1.8798 | lr 5.61e-05
step    370 | train_loss 1.9265 | lr 5.58e-05
step    380 | train_loss 1.8284 | lr 5.55e-05
step    390 | train_loss 1.8765 | lr 5.52e-05
step    400 | train_loss 1.7966 | lr 5.49e-05
step    410 | train_loss 1.7551 | lr 5.45e-05
step    420 | train_loss 1.8189 | lr 5.42e-05
step    430 | train_loss 1.9042 | lr 5.38e-05
step    440 | train_loss 1.8641 | lr 5.35e-05
step    450 | train_loss 1.8069 | lr 5.31e-05
step    456 | val_loss 2.0341 | val_ppl 7.65
step    460 | train_loss 1.9466 | lr 5.27e-05
step    470 | train_loss 1.8004 | lr 5.23e-05
step    480 | train_loss 1.8849 | lr 5.19e-05
step    490 | train_loss 1.8310 | lr 5.15e-05
step    500 | train_loss 1.9005 | lr 5.11e-05
step    510 | train_loss 1.8249 | lr 5.07e-05
step    520 | train_loss 1.8852 | lr 5.03e-05
step    530 | train_loss 1.8057 | lr 4.98e-05
step    540 | train_loss 1.8933 | lr 4.94e-05
step    550 | train_loss 1.8027 | lr 4.89e-05
step    560 | train_loss 1.9233 | lr 4.85e-05
step    570 | train_loss 1.8953 | lr 4.80e-05
step    580 | train_loss 1.8567 | lr 4.75e-05
step    590 | train_loss 1.7750 | lr 4.70e-05
step    600 | train_loss 1.8764 | lr 4.65e-05
step    610 | train_loss 1.8350 | lr 4.61e-05
step    620 | train_loss 1.8338 | lr 4.56e-05
step    630 | train_loss 1.8639 | lr 4.51e-05
step    640 | train_loss 1.8604 | lr 4.45e-05
step    650 | train_loss 1.9187 | lr 4.40e-05
step    660 | train_loss 1.7974 | lr 4.35e-05
step    670 | train_loss 1.9876 | lr 4.30e-05
step    680 | train_loss 1.8590 | lr 4.25e-05
step    684 | val_loss 2.0151 | val_ppl 7.50
step    690 | train_loss 1.8164 | lr 4.19e-05
step    700 | train_loss 1.9880 | lr 4.14e-05
step    710 | train_loss 1.5554 | lr 4.09e-05
step    720 | train_loss 1.5948 | lr 4.03e-05
step    730 | train_loss 1.7119 | lr 3.98e-05
step    740 | train_loss 1.6521 | lr 3.92e-05
step    750 | train_loss 1.6591 | lr 3.87e-05
step    760 | train_loss 1.6141 | lr 3.81e-05
step    770 | train_loss 1.6017 | lr 3.76e-05
step    780 | train_loss 1.6020 | lr 3.70e-05
step    790 | train_loss 1.6816 | lr 3.64e-05
step    800 | train_loss 1.5665 | lr 3.59e-05
step    810 | train_loss 1.6829 | lr 3.53e-05
step    820 | train_loss 1.7016 | lr 3.48e-05
step    830 | train_loss 1.6694 | lr 3.42e-05
step    840 | train_loss 1.6432 | lr 3.36e-05
step    850 | train_loss 1.7033 | lr 3.31e-05
step    860 | train_loss 1.6380 | lr 3.25e-05
step    870 | train_loss 1.6928 | lr 3.19e-05
step    880 | train_loss 1.6921 | lr 3.14e-05
step    890 | train_loss 1.6246 | lr 3.08e-05
step    900 | train_loss 1.5637 | lr 3.02e-05
step    910 | train_loss 1.6155 | lr 2.97e-05
step    912 | val_loss 2.0325 | val_ppl 7.63
step    920 | train_loss 1.6600 | lr 2.91e-05
step    930 | train_loss 1.6011 | lr 2.86e-05
step    940 | train_loss 1.6152 | lr 2.80e-05
step    950 | train_loss 1.6906 | lr 2.74e-05
step    960 | train_loss 1.6598 | lr 2.69e-05
step    970 | train_loss 1.8403 | lr 2.63e-05
step    980 | train_loss 1.6539 | lr 2.58e-05
step    990 | train_loss 1.6458 | lr 2.53e-05
step   1000 | train_loss 1.6745 | lr 2.47e-05
step   1010 | train_loss 1.6703 | lr 2.42e-05
step   1020 | train_loss 1.6920 | lr 2.36e-05
step   1030 | train_loss 1.7131 | lr 2.31e-05
step   1040 | train_loss 1.7077 | lr 2.26e-05
step   1050 | train_loss 1.6873 | lr 2.21e-05
step   1060 | train_loss 1.5136 | lr 2.16e-05
step   1070 | train_loss 1.4240 | lr 2.10e-05
step   1080 | train_loss 1.5783 | lr 2.05e-05
step   1090 | train_loss 1.5130 | lr 2.00e-05
step   1100 | train_loss 1.5529 | lr 1.95e-05
step   1110 | train_loss 1.4328 | lr 1.91e-05
step   1120 | train_loss 1.4508 | lr 1.86e-05
step   1130 | train_loss 1.4540 | lr 1.81e-05
step   1140 | train_loss 1.4402 | lr 1.76e-05
step   1140 | val_loss 2.0634 | val_ppl 7.87
step   1150 | train_loss 1.5063 | lr 1.72e-05
step   1160 | train_loss 1.4976 | lr 1.67e-05
step   1170 | train_loss 1.4743 | lr 1.63e-05
step   1180 | train_loss 1.5060 | lr 1.58e-05
step   1190 | train_loss 1.5005 | lr 1.54e-05
step   1200 | train_loss 1.5803 | lr 1.50e-05
step   1210 | train_loss 1.4783 | lr 1.46e-05
step   1220 | train_loss 1.4809 | lr 1.41e-05
step   1230 | train_loss 1.4333 | lr 1.37e-05
step   1240 | train_loss 1.3981 | lr 1.34e-05
step   1250 | train_loss 1.5838 | lr 1.30e-05
step   1260 | train_loss 1.5214 | lr 1.26e-05
step   1270 | train_loss 1.5932 | lr 1.22e-05
step   1280 | train_loss 1.5591 | lr 1.19e-05
step   1290 | train_loss 1.4746 | lr 1.15e-05
step   1300 | train_loss 1.4855 | lr 1.12e-05
step   1310 | train_loss 1.4861 | lr 1.09e-05
step   1320 | train_loss 1.4467 | lr 1.05e-05
step   1330 | train_loss 1.5006 | lr 1.02e-05
step   1340 | train_loss 1.4977 | lr 9.93e-06
step   1350 | train_loss 1.5421 | lr 9.65e-06
step   1360 | train_loss 1.5535 | lr 9.37e-06
step   1368 | val_loss 2.0638 | val_ppl 7.88
step   1370 | train_loss 1.4991 | lr 9.10e-06
step   1380 | train_loss 1.4652 | lr 8.84e-06
step   1390 | train_loss 1.5340 | lr 8.59e-06
step   1400 | train_loss 1.5142 | lr 8.36e-06
step   1410 | train_loss 1.3639 | lr 8.13e-06
step   1420 | train_loss 1.4979 | lr 7.92e-06
step   1430 | train_loss 1.5011 | lr 7.71e-06
step   1440 | train_loss 1.4350 | lr 7.52e-06
step   1450 | train_loss 1.5101 | lr 7.34e-06
step   1460 | train_loss 1.4219 | lr 7.17e-06
step   1470 | train_loss 1.4528 | lr 7.01e-06
step   1480 | train_loss 1.4663 | lr 6.86e-06
step   1490 | train_loss 1.4904 | lr 6.73e-06
step   1500 | train_loss 1.4286 | lr 6.60e-06
step   1510 | train_loss 1.4568 | lr 6.49e-06
step   1520 | train_loss 1.3913 | lr 6.39e-06
step   1530 | train_loss 1.4331 | lr 6.30e-06
step   1540 | train_loss 1.4093 | lr 6.22e-06
step   1550 | train_loss 1.4832 | lr 6.15e-06
step   1560 | train_loss 1.3763 | lr 6.10e-06
step   1570 | train_loss 1.5151 | lr 6.06e-06
step   1580 | train_loss 1.5094 | lr 6.03e-06
step   1590 | train_loss 1.4245 | lr 6.01e-06
step   1596 | val_loss 2.0846 | val_ppl 8.04
step   1600 | train_loss 1.4046 | lr 6.00e-06
step   1600 | val_loss 2.0845 | val_ppl 8.04
Saved checkpoint to /home/system/projects/AuthLLM/checkpoints/lr_scaling/packed_1600_lr6e-05_seed1337/step_1600.pt
