Data: 50,869 train / 1,037 val examples (68 dropped as longer than 512 tokens)
Model: small (29,938,560 parameters), initialized from checkpoints/small/step_18000.pt (step 18000)
step     10 | train_loss 3.3465 | lr 2.00e-06
step     20 | train_loss 2.8464 | lr 4.00e-06
step     30 | train_loss 2.8910 | lr 6.00e-06
step     40 | train_loss 3.0821 | lr 8.00e-06
step     50 | train_loss 3.1864 | lr 1.00e-05
step     60 | train_loss 2.9714 | lr 1.20e-05
step     70 | train_loss 2.6836 | lr 1.40e-05
step     80 | train_loss 2.7354 | lr 1.60e-05
step     90 | train_loss 2.8893 | lr 1.80e-05
step    100 | train_loss 2.9520 | lr 2.00e-05
step    110 | train_loss 2.7562 | lr 2.00e-05
step    120 | train_loss 2.7214 | lr 2.00e-05
step    130 | train_loss 2.5443 | lr 2.00e-05
step    140 | train_loss 2.7217 | lr 2.00e-05
step    150 | train_loss 2.7290 | lr 2.00e-05
step    160 | train_loss 2.6328 | lr 1.99e-05
step    170 | train_loss 2.8936 | lr 1.99e-05
step    180 | train_loss 2.9122 | lr 1.99e-05
step    190 | train_loss 2.9182 | lr 1.98e-05
step    200 | train_loss 2.6540 | lr 1.98e-05
step    210 | train_loss 2.7960 | lr 1.98e-05
step    220 | train_loss 2.8595 | lr 1.97e-05
step    228 | val_loss 2.6870 | val_ppl 14.69
step    230 | train_loss 2.6465 | lr 1.97e-05
step    240 | train_loss 2.7882 | lr 1.96e-05
step    250 | train_loss 2.5740 | lr 1.96e-05
step    260 | train_loss 2.9287 | lr 1.95e-05
step    270 | train_loss 2.7200 | lr 1.94e-05
step    280 | train_loss 2.6358 | lr 1.94e-05
step    290 | train_loss 2.3457 | lr 1.93e-05
step    300 | train_loss 2.8603 | lr 1.92e-05
step    310 | train_loss 2.8640 | lr 1.92e-05
step    320 | train_loss 2.6064 | lr 1.91e-05
step    330 | train_loss 2.7043 | lr 1.90e-05
step    340 | train_loss 2.6022 | lr 1.89e-05
step    350 | train_loss 2.7847 | lr 1.88e-05
step    360 | train_loss 2.6268 | lr 1.87e-05
step    370 | train_loss 2.7018 | lr 1.86e-05
step    380 | train_loss 2.9072 | lr 1.85e-05
step    390 | train_loss 2.5474 | lr 1.84e-05
step    400 | train_loss 2.4888 | lr 1.83e-05
step    410 | train_loss 2.5500 | lr 1.82e-05
step    420 | train_loss 2.9353 | lr 1.81e-05
step    430 | train_loss 2.6019 | lr 1.79e-05
step    440 | train_loss 2.7567 | lr 1.78e-05
step    450 | train_loss 2.6902 | lr 1.77e-05
step    456 | val_loss 2.6252 | val_ppl 13.81
step    460 | train_loss 2.6442 | lr 1.76e-05
step    470 | train_loss 2.4663 | lr 1.74e-05
step    480 | train_loss 2.5288 | lr 1.73e-05
step    490 | train_loss 2.7047 | lr 1.72e-05
step    500 | train_loss 2.8753 | lr 1.70e-05
step    510 | train_loss 2.5653 | lr 1.69e-05
step    520 | train_loss 2.7336 | lr 1.68e-05
step    530 | train_loss 2.7917 | lr 1.66e-05
step    540 | train_loss 2.4810 | lr 1.65e-05
step    550 | train_loss 2.5128 | lr 1.63e-05
step    560 | train_loss 2.7337 | lr 1.62e-05
step    570 | train_loss 2.7534 | lr 1.60e-05
step    580 | train_loss 2.7059 | lr 1.58e-05
step    590 | train_loss 2.7913 | lr 1.57e-05
step    600 | train_loss 2.7751 | lr 1.55e-05
step    610 | train_loss 2.6274 | lr 1.54e-05
step    620 | train_loss 2.5465 | lr 1.52e-05
step    630 | train_loss 2.3269 | lr 1.50e-05
step    640 | train_loss 2.7220 | lr 1.48e-05
step    650 | train_loss 2.6155 | lr 1.47e-05
step    660 | train_loss 2.4069 | lr 1.45e-05
step    670 | train_loss 2.7559 | lr 1.43e-05
step    680 | train_loss 2.6608 | lr 1.42e-05
step    684 | val_loss 2.5943 | val_ppl 13.39
step    690 | train_loss 2.5520 | lr 1.40e-05
step    700 | train_loss 2.5089 | lr 1.38e-05
step    710 | train_loss 2.7577 | lr 1.36e-05
step    720 | train_loss 2.7073 | lr 1.34e-05
step    730 | train_loss 2.4840 | lr 1.33e-05
step    740 | train_loss 2.7948 | lr 1.31e-05
step    750 | train_loss 2.5840 | lr 1.29e-05
step    760 | train_loss 2.6454 | lr 1.27e-05
step    770 | train_loss 2.5563 | lr 1.25e-05
step    780 | train_loss 2.6483 | lr 1.23e-05
step    790 | train_loss 2.6567 | lr 1.21e-05
step    800 | train_loss 2.7716 | lr 1.20e-05
step    810 | train_loss 2.5012 | lr 1.18e-05
step    820 | train_loss 2.5687 | lr 1.16e-05
step    830 | train_loss 2.6931 | lr 1.14e-05
step    840 | train_loss 2.8209 | lr 1.12e-05
step    850 | train_loss 2.8256 | lr 1.10e-05
step    860 | train_loss 2.6061 | lr 1.08e-05
step    870 | train_loss 2.6596 | lr 1.06e-05
step    880 | train_loss 2.6444 | lr 1.05e-05
step    890 | train_loss 2.7884 | lr 1.03e-05
step    900 | train_loss 2.5233 | lr 1.01e-05
step    910 | train_loss 2.6835 | lr 9.89e-06
step    912 | val_loss 2.5767 | val_ppl 13.15
step    920 | train_loss 2.6221 | lr 9.70e-06
step    930 | train_loss 2.4965 | lr 9.52e-06
step    940 | train_loss 2.4948 | lr 9.33e-06
step    950 | train_loss 2.6219 | lr 9.15e-06
step    960 | train_loss 2.4006 | lr 8.96e-06
step    970 | train_loss 2.5826 | lr 8.78e-06
step    980 | train_loss 2.8938 | lr 8.60e-06
step    990 | train_loss 2.6344 | lr 8.42e-06
step   1000 | train_loss 2.6449 | lr 8.24e-06
step   1010 | train_loss 2.5402 | lr 8.06e-06
step   1020 | train_loss 2.6356 | lr 7.88e-06
step   1030 | train_loss 2.8734 | lr 7.70e-06
step   1040 | train_loss 2.7120 | lr 7.53e-06
step   1050 | train_loss 2.3803 | lr 7.36e-06
step   1060 | train_loss 2.5967 | lr 7.19e-06
step   1070 | train_loss 2.7179 | lr 7.02e-06
step   1080 | train_loss 2.6025 | lr 6.85e-06
step   1090 | train_loss 2.6953 | lr 6.68e-06
step   1100 | train_loss 2.7076 | lr 6.52e-06
step   1110 | train_loss 2.7257 | lr 6.35e-06
step   1120 | train_loss 2.5142 | lr 6.19e-06
step   1130 | train_loss 2.6015 | lr 6.04e-06
step   1140 | train_loss 2.5520 | lr 5.88e-06
step   1140 | val_loss 2.5662 | val_ppl 13.02
step   1150 | train_loss 2.7659 | lr 5.73e-06
step   1160 | train_loss 2.7626 | lr 5.57e-06
step   1170 | train_loss 2.5344 | lr 5.42e-06
step   1180 | train_loss 2.8255 | lr 5.28e-06
step   1190 | train_loss 2.7744 | lr 5.13e-06
step   1200 | train_loss 2.7494 | lr 4.99e-06
step   1210 | train_loss 2.8284 | lr 4.85e-06
step   1220 | train_loss 2.4020 | lr 4.72e-06
step   1230 | train_loss 2.3087 | lr 4.58e-06
step   1240 | train_loss 2.6419 | lr 4.45e-06
step   1250 | train_loss 2.8196 | lr 4.32e-06
step   1260 | train_loss 2.8815 | lr 4.20e-06
step   1270 | train_loss 2.7015 | lr 4.08e-06
step   1280 | train_loss 2.5513 | lr 3.96e-06
step   1290 | train_loss 2.3740 | lr 3.84e-06
step   1300 | train_loss 2.3459 | lr 3.73e-06
step   1310 | train_loss 2.5163 | lr 3.62e-06
step   1320 | train_loss 2.4302 | lr 3.51e-06
step   1330 | train_loss 2.6019 | lr 3.41e-06
step   1340 | train_loss 2.8495 | lr 3.31e-06
step   1350 | train_loss 2.7544 | lr 3.22e-06
step   1360 | train_loss 2.6201 | lr 3.12e-06
step   1368 | val_loss 2.5595 | val_ppl 12.93
step   1370 | train_loss 2.5102 | lr 3.03e-06
step   1380 | train_loss 2.5585 | lr 2.95e-06
step   1390 | train_loss 2.5418 | lr 2.86e-06
step   1400 | train_loss 2.7348 | lr 2.79e-06
step   1410 | train_loss 2.6764 | lr 2.71e-06
step   1420 | train_loss 2.6817 | lr 2.64e-06
step   1430 | train_loss 2.5611 | lr 2.57e-06
step   1440 | train_loss 2.4559 | lr 2.51e-06
step   1450 | train_loss 2.7868 | lr 2.45e-06
step   1460 | train_loss 2.8702 | lr 2.39e-06
step   1470 | train_loss 2.7810 | lr 2.34e-06
step   1480 | train_loss 2.7102 | lr 2.29e-06
step   1490 | train_loss 2.5420 | lr 2.24e-06
step   1500 | train_loss 2.4193 | lr 2.20e-06
step   1510 | train_loss 3.1517 | lr 2.16e-06
step   1520 | train_loss 2.3320 | lr 2.13e-06
step   1530 | train_loss 2.7332 | lr 2.10e-06
step   1540 | train_loss 2.5243 | lr 2.07e-06
step   1550 | train_loss 2.6734 | lr 2.05e-06
step   1560 | train_loss 2.6188 | lr 2.03e-06
step   1570 | train_loss 2.8058 | lr 2.02e-06
step   1580 | train_loss 2.7225 | lr 2.01e-06
step   1590 | train_loss 2.3542 | lr 2.00e-06
step   1596 | val_loss 2.5567 | val_ppl 12.89
step   1600 | train_loss 2.4875 | lr 2.00e-06
step   1600 | val_loss 2.5567 | val_ppl 12.89
Saved checkpoint to /home/system/projects/AuthLLM/checkpoints/lr_scaling_small/alpaca_unpacked_1600_lr2e-05_seed1338/step_1600.pt
