Data: 50,868 train / 1,038 val examples (68 dropped as longer than 512 tokens)
Model: small (29,938,560 parameters), initialized from checkpoints/small/step_18000.pt (step 18000)
step     10 | train_loss 3.2595 | lr 9.00e-06
step     20 | train_loss 3.0198 | lr 1.80e-05
step     30 | train_loss 2.7880 | lr 2.70e-05
step     40 | train_loss 2.7258 | lr 3.60e-05
step     50 | train_loss 2.8393 | lr 4.50e-05
step     60 | train_loss 2.9868 | lr 5.40e-05
step     70 | train_loss 2.4758 | lr 6.30e-05
step     80 | train_loss 2.6308 | lr 7.20e-05
step     90 | train_loss 2.5709 | lr 8.10e-05
step    100 | train_loss 2.6806 | lr 9.00e-05
step    110 | train_loss 2.7725 | lr 9.00e-05
step    120 | train_loss 2.8279 | lr 9.00e-05
step    130 | train_loss 2.6126 | lr 8.99e-05
step    140 | train_loss 2.8522 | lr 8.99e-05
step    150 | train_loss 2.8405 | lr 8.98e-05
step    160 | train_loss 2.6712 | lr 8.97e-05
step    170 | train_loss 2.7107 | lr 8.96e-05
step    180 | train_loss 2.9469 | lr 8.94e-05
step    190 | train_loss 2.9052 | lr 8.93e-05
step    200 | train_loss 2.6822 | lr 8.91e-05
step    210 | train_loss 2.6174 | lr 8.89e-05
step    220 | train_loss 2.7056 | lr 8.87e-05
step    228 | val_loss 2.6861 | val_ppl 14.67
step    230 | train_loss 2.7297 | lr 8.85e-05
step    240 | train_loss 2.7722 | lr 8.83e-05
step    250 | train_loss 2.6590 | lr 8.80e-05
step    260 | train_loss 2.6287 | lr 8.78e-05
step    270 | train_loss 2.6114 | lr 8.75e-05
step    280 | train_loss 2.6962 | lr 8.72e-05
step    290 | train_loss 2.5757 | lr 8.69e-05
step    300 | train_loss 2.7219 | lr 8.65e-05
step    310 | train_loss 2.8086 | lr 8.62e-05
step    320 | train_loss 2.6376 | lr 8.58e-05
step    330 | train_loss 3.1143 | lr 8.54e-05
step    340 | train_loss 2.6413 | lr 8.50e-05
step    350 | train_loss 2.7866 | lr 8.46e-05
step    360 | train_loss 2.7478 | lr 8.42e-05
step    370 | train_loss 2.5828 | lr 8.37e-05
step    380 | train_loss 2.6828 | lr 8.33e-05
step    390 | train_loss 2.7785 | lr 8.28e-05
step    400 | train_loss 2.6408 | lr 8.23e-05
step    410 | train_loss 2.7045 | lr 8.18e-05
step    420 | train_loss 2.7880 | lr 8.13e-05
step    430 | train_loss 2.8093 | lr 8.08e-05
step    440 | train_loss 2.7390 | lr 8.02e-05
step    450 | train_loss 2.9193 | lr 7.97e-05
step    456 | val_loss 2.6745 | val_ppl 14.51
step    460 | train_loss 2.4848 | lr 7.91e-05
step    470 | train_loss 2.8749 | lr 7.85e-05
step    480 | train_loss 2.7669 | lr 7.79e-05
step    490 | train_loss 2.8256 | lr 7.73e-05
step    500 | train_loss 2.5480 | lr 7.67e-05
step    510 | train_loss 2.7367 | lr 7.60e-05
step    520 | train_loss 2.7103 | lr 7.54e-05
step    530 | train_loss 2.4858 | lr 7.47e-05
step    540 | train_loss 2.7121 | lr 7.41e-05
step    550 | train_loss 2.7230 | lr 7.34e-05
step    560 | train_loss 2.5995 | lr 7.27e-05
step    570 | train_loss 2.5902 | lr 7.20e-05
step    580 | train_loss 2.7659 | lr 7.13e-05
step    590 | train_loss 2.6064 | lr 7.06e-05
step    600 | train_loss 2.6400 | lr 6.98e-05
step    610 | train_loss 2.7182 | lr 6.91e-05
step    620 | train_loss 2.8966 | lr 6.83e-05
step    630 | train_loss 2.5672 | lr 6.76e-05
step    640 | train_loss 2.7985 | lr 6.68e-05
step    650 | train_loss 2.7685 | lr 6.61e-05
step    660 | train_loss 2.6922 | lr 6.53e-05
step    670 | train_loss 2.7222 | lr 6.45e-05
step    680 | train_loss 2.2824 | lr 6.37e-05
step    684 | val_loss 2.6630 | val_ppl 14.34
step    690 | train_loss 2.8151 | lr 6.29e-05
step    700 | train_loss 2.6363 | lr 6.21e-05
step    710 | train_loss 2.6621 | lr 6.13e-05
step    720 | train_loss 2.6224 | lr 6.05e-05
step    730 | train_loss 2.6999 | lr 5.97e-05
step    740 | train_loss 2.6829 | lr 5.88e-05
step    750 | train_loss 2.6237 | lr 5.80e-05
step    760 | train_loss 2.7198 | lr 5.72e-05
step    770 | train_loss 2.6235 | lr 5.63e-05
step    780 | train_loss 2.7043 | lr 5.55e-05
step    790 | train_loss 3.0112 | lr 5.47e-05
step    800 | train_loss 2.6282 | lr 5.38e-05
step    810 | train_loss 2.6721 | lr 5.30e-05
step    820 | train_loss 2.5306 | lr 5.21e-05
step    830 | train_loss 2.6823 | lr 5.13e-05
step    840 | train_loss 2.5964 | lr 5.04e-05
step    850 | train_loss 2.6289 | lr 4.96e-05
step    860 | train_loss 2.5215 | lr 4.87e-05
step    870 | train_loss 2.4646 | lr 4.79e-05
step    880 | train_loss 2.5925 | lr 4.70e-05
step    890 | train_loss 2.7115 | lr 4.62e-05
step    900 | train_loss 2.9253 | lr 4.54e-05
step    910 | train_loss 2.2990 | lr 4.45e-05
step    912 | val_loss 2.6541 | val_ppl 14.21
step    920 | train_loss 2.6022 | lr 4.37e-05
step    930 | train_loss 2.7134 | lr 4.28e-05
step    940 | train_loss 2.4955 | lr 4.20e-05
step    950 | train_loss 2.9007 | lr 4.12e-05
step    960 | train_loss 3.0898 | lr 4.03e-05
step    970 | train_loss 2.6851 | lr 3.95e-05
step    980 | train_loss 2.7539 | lr 3.87e-05
step    990 | train_loss 2.6988 | lr 3.79e-05
step   1000 | train_loss 2.3552 | lr 3.71e-05
step   1010 | train_loss 2.8018 | lr 3.63e-05
step   1020 | train_loss 2.6312 | lr 3.55e-05
step   1030 | train_loss 2.8231 | lr 3.47e-05
step   1040 | train_loss 2.8217 | lr 3.39e-05
step   1050 | train_loss 2.7223 | lr 3.31e-05
step   1060 | train_loss 2.8237 | lr 3.23e-05
step   1070 | train_loss 2.7015 | lr 3.16e-05
step   1080 | train_loss 2.5039 | lr 3.08e-05
step   1090 | train_loss 2.7137 | lr 3.01e-05
step   1100 | train_loss 2.4228 | lr 2.93e-05
step   1110 | train_loss 2.7188 | lr 2.86e-05
step   1120 | train_loss 2.6082 | lr 2.79e-05
step   1130 | train_loss 2.6553 | lr 2.72e-05
step   1140 | train_loss 2.6547 | lr 2.65e-05
step   1140 | val_loss 2.6389 | val_ppl 14.00
step   1150 | train_loss 2.8048 | lr 2.58e-05
step   1160 | train_loss 2.7599 | lr 2.51e-05
step   1170 | train_loss 2.7679 | lr 2.44e-05
step   1180 | train_loss 2.2926 | lr 2.37e-05
step   1190 | train_loss 2.7538 | lr 2.31e-05
step   1200 | train_loss 2.8032 | lr 2.25e-05
step   1210 | train_loss 2.4927 | lr 2.18e-05
step   1220 | train_loss 2.6071 | lr 2.12e-05
step   1230 | train_loss 2.6872 | lr 2.06e-05
step   1240 | train_loss 2.5701 | lr 2.00e-05
step   1250 | train_loss 2.8386 | lr 1.95e-05
step   1260 | train_loss 2.4306 | lr 1.89e-05
step   1270 | train_loss 2.5282 | lr 1.83e-05
step   1280 | train_loss 2.7564 | lr 1.78e-05
step   1290 | train_loss 2.4398 | lr 1.73e-05
step   1300 | train_loss 2.9804 | lr 1.68e-05
step   1310 | train_loss 2.5077 | lr 1.63e-05
step   1320 | train_loss 2.4941 | lr 1.58e-05
step   1330 | train_loss 2.8413 | lr 1.54e-05
step   1340 | train_loss 2.6119 | lr 1.49e-05
step   1350 | train_loss 2.7098 | lr 1.45e-05
step   1360 | train_loss 2.8687 | lr 1.41e-05
step   1368 | val_loss 2.6278 | val_ppl 13.84
step   1370 | train_loss 2.5175 | lr 1.36e-05
step   1380 | train_loss 2.8248 | lr 1.33e-05
step   1390 | train_loss 2.4737 | lr 1.29e-05
step   1400 | train_loss 2.7691 | lr 1.25e-05
step   1410 | train_loss 2.5403 | lr 1.22e-05
step   1420 | train_loss 2.7498 | lr 1.19e-05
step   1430 | train_loss 2.7962 | lr 1.16e-05
step   1440 | train_loss 2.6765 | lr 1.13e-05
step   1450 | train_loss 2.5569 | lr 1.10e-05
step   1460 | train_loss 2.6988 | lr 1.08e-05
step   1470 | train_loss 2.6472 | lr 1.05e-05
step   1480 | train_loss 2.4175 | lr 1.03e-05
step   1490 | train_loss 2.9220 | lr 1.01e-05
step   1500 | train_loss 2.7522 | lr 9.90e-06
step   1510 | train_loss 2.4081 | lr 9.73e-06
step   1520 | train_loss 2.6196 | lr 9.58e-06
step   1530 | train_loss 2.7363 | lr 9.45e-06
step   1540 | train_loss 2.4870 | lr 9.33e-06
step   1550 | train_loss 2.7125 | lr 9.23e-06
step   1560 | train_loss 2.5181 | lr 9.15e-06
step   1570 | train_loss 2.4776 | lr 9.09e-06
step   1580 | train_loss 2.5868 | lr 9.04e-06
step   1590 | train_loss 2.5980 | lr 9.01e-06
step   1596 | val_loss 2.6222 | val_ppl 13.77
step   1600 | train_loss 2.5972 | lr 9.00e-06
step   1600 | val_loss 2.6221 | val_ppl 13.76
Saved checkpoint to /home/system/projects/AuthLLM/checkpoints/lr_scaling_small/alpaca_unpacked_1600_lr9e-05_seed1337/step_1600.pt
