Data: 50,868 train / 1,038 val examples (68 dropped as longer than 512 tokens)
Model: small (29,938,560 parameters), initialized from checkpoints/small/step_18000.pt (step 18000)
step     10 | train_loss 3.1658 | lr 4.00e-05
step     20 | train_loss 2.9140 | lr 8.00e-05
step     30 | train_loss 2.7168 | lr 1.20e-04
step     40 | train_loss 2.7465 | lr 1.60e-04
step     50 | train_loss 2.8702 | lr 2.00e-04
step     60 | train_loss 3.0468 | lr 2.40e-04
step     70 | train_loss 2.5510 | lr 2.80e-04
step     80 | train_loss 2.7677 | lr 3.20e-04
step     90 | train_loss 2.7225 | lr 3.60e-04
step    100 | train_loss 2.8501 | lr 4.00e-04
step    110 | train_loss 3.0071 | lr 4.00e-04
step    120 | train_loss 3.0637 | lr 4.00e-04
step    130 | train_loss 2.8548 | lr 4.00e-04
step    140 | train_loss 3.1762 | lr 3.99e-04
step    150 | train_loss 3.1249 | lr 3.99e-04
step    160 | train_loss 3.0050 | lr 3.99e-04
step    170 | train_loss 3.0262 | lr 3.98e-04
step    180 | train_loss 3.3100 | lr 3.98e-04
step    190 | train_loss 3.3158 | lr 3.97e-04
step    200 | train_loss 3.0736 | lr 3.96e-04
step    210 | train_loss 3.0676 | lr 3.95e-04
step    220 | train_loss 3.0164 | lr 3.94e-04
step    228 | val_loss 3.0951 | val_ppl 22.09
step    230 | train_loss 3.1335 | lr 3.93e-04
step    240 | train_loss 3.2351 | lr 3.92e-04
step    250 | train_loss 3.0219 | lr 3.91e-04
step    260 | train_loss 2.9903 | lr 3.90e-04
step    270 | train_loss 2.9731 | lr 3.89e-04
step    280 | train_loss 3.1011 | lr 3.87e-04
step    290 | train_loss 2.9287 | lr 3.86e-04
step    300 | train_loss 3.1766 | lr 3.85e-04
step    310 | train_loss 3.2442 | lr 3.83e-04
step    320 | train_loss 2.9999 | lr 3.81e-04
step    330 | train_loss 3.6124 | lr 3.80e-04
step    340 | train_loss 3.1355 | lr 3.78e-04
step    350 | train_loss 3.3547 | lr 3.76e-04
step    360 | train_loss 3.1648 | lr 3.74e-04
step    370 | train_loss 3.0180 | lr 3.72e-04
step    380 | train_loss 3.2226 | lr 3.70e-04
step    390 | train_loss 3.1608 | lr 3.68e-04
step    400 | train_loss 3.0545 | lr 3.66e-04
step    410 | train_loss 3.0880 | lr 3.64e-04
step    420 | train_loss 3.3451 | lr 3.61e-04
step    430 | train_loss 3.3044 | lr 3.59e-04
step    440 | train_loss 3.2696 | lr 3.57e-04
step    450 | train_loss 3.3172 | lr 3.54e-04
step    456 | val_loss 3.1334 | val_ppl 22.95
step    460 | train_loss 2.9156 | lr 3.51e-04
step    470 | train_loss 3.2932 | lr 3.49e-04
step    480 | train_loss 3.1772 | lr 3.46e-04
step    490 | train_loss 3.3154 | lr 3.43e-04
step    500 | train_loss 2.9365 | lr 3.41e-04
step    510 | train_loss 3.1763 | lr 3.38e-04
step    520 | train_loss 3.1444 | lr 3.35e-04
step    530 | train_loss 2.7911 | lr 3.32e-04
step    540 | train_loss 3.0808 | lr 3.29e-04
step    550 | train_loss 3.1437 | lr 3.26e-04
step    560 | train_loss 2.9718 | lr 3.23e-04
step    570 | train_loss 3.0969 | lr 3.20e-04
step    580 | train_loss 3.2393 | lr 3.17e-04
step    590 | train_loss 2.9470 | lr 3.14e-04
step    600 | train_loss 3.1205 | lr 3.10e-04
step    610 | train_loss 3.0871 | lr 3.07e-04
step    620 | train_loss 3.4222 | lr 3.04e-04
step    630 | train_loss 2.9636 | lr 3.00e-04
step    640 | train_loss 3.2588 | lr 2.97e-04
step    650 | train_loss 3.0908 | lr 2.94e-04
step    660 | train_loss 3.0946 | lr 2.90e-04
step    670 | train_loss 3.1588 | lr 2.87e-04
step    680 | train_loss 2.6146 | lr 2.83e-04
step    684 | val_loss 3.0867 | val_ppl 21.90
step    690 | train_loss 3.3320 | lr 2.80e-04
step    700 | train_loss 2.9880 | lr 2.76e-04
step    710 | train_loss 3.1090 | lr 2.72e-04
step    720 | train_loss 2.9625 | lr 2.69e-04
step    730 | train_loss 3.0941 | lr 2.65e-04
step    740 | train_loss 3.0156 | lr 2.61e-04
step    750 | train_loss 3.1101 | lr 2.58e-04
step    760 | train_loss 3.1959 | lr 2.54e-04
step    770 | train_loss 3.0094 | lr 2.50e-04
step    780 | train_loss 3.0993 | lr 2.47e-04
step    790 | train_loss 3.4054 | lr 2.43e-04
step    800 | train_loss 3.0659 | lr 2.39e-04
step    810 | train_loss 3.0775 | lr 2.35e-04
step    820 | train_loss 2.9037 | lr 2.32e-04
step    830 | train_loss 2.9923 | lr 2.28e-04
step    840 | train_loss 3.0436 | lr 2.24e-04
step    850 | train_loss 2.9528 | lr 2.20e-04
step    860 | train_loss 2.8112 | lr 2.17e-04
step    870 | train_loss 2.8731 | lr 2.13e-04
step    880 | train_loss 2.9105 | lr 2.09e-04
step    890 | train_loss 3.0401 | lr 2.05e-04
step    900 | train_loss 3.2464 | lr 2.02e-04
step    910 | train_loss 2.6667 | lr 1.98e-04
step    912 | val_loss 3.0095 | val_ppl 20.28
step    920 | train_loss 2.9620 | lr 1.94e-04
step    930 | train_loss 3.0093 | lr 1.90e-04
step    940 | train_loss 2.7897 | lr 1.87e-04
step    950 | train_loss 3.2898 | lr 1.83e-04
step    960 | train_loss 3.4375 | lr 1.79e-04
step    970 | train_loss 3.0493 | lr 1.76e-04
step    980 | train_loss 3.1508 | lr 1.72e-04
step    990 | train_loss 3.0325 | lr 1.68e-04
step   1000 | train_loss 2.7109 | lr 1.65e-04
step   1010 | train_loss 3.1980 | lr 1.61e-04
step   1020 | train_loss 2.9773 | lr 1.58e-04
step   1030 | train_loss 3.1632 | lr 1.54e-04
step   1040 | train_loss 3.1099 | lr 1.51e-04
step   1050 | train_loss 3.0800 | lr 1.47e-04
step   1060 | train_loss 3.1194 | lr 1.44e-04
step   1070 | train_loss 3.1435 | lr 1.40e-04
step   1080 | train_loss 2.9087 | lr 1.37e-04
step   1090 | train_loss 3.1027 | lr 1.34e-04
step   1100 | train_loss 2.6511 | lr 1.30e-04
step   1110 | train_loss 3.0778 | lr 1.27e-04
step   1120 | train_loss 2.9164 | lr 1.24e-04
step   1130 | train_loss 3.0637 | lr 1.21e-04
step   1140 | train_loss 2.9616 | lr 1.18e-04
step   1140 | val_loss 2.9310 | val_ppl 18.75
step   1150 | train_loss 3.0522 | lr 1.15e-04
step   1160 | train_loss 2.9634 | lr 1.11e-04
step   1170 | train_loss 3.0016 | lr 1.08e-04
step   1180 | train_loss 2.5003 | lr 1.06e-04
step   1190 | train_loss 3.0430 | lr 1.03e-04
step   1200 | train_loss 3.1223 | lr 9.98e-05
step   1210 | train_loss 2.8983 | lr 9.71e-05
step   1220 | train_loss 2.8860 | lr 9.43e-05
step   1230 | train_loss 3.0576 | lr 9.17e-05
step   1240 | train_loss 2.9322 | lr 8.90e-05
step   1250 | train_loss 3.1717 | lr 8.65e-05
step   1260 | train_loss 2.6092 | lr 8.40e-05
step   1270 | train_loss 2.7564 | lr 8.15e-05
step   1280 | train_loss 3.0238 | lr 7.92e-05
step   1290 | train_loss 2.7599 | lr 7.69e-05
step   1300 | train_loss 3.2219 | lr 7.46e-05
step   1310 | train_loss 2.7586 | lr 7.24e-05
step   1320 | train_loss 2.7804 | lr 7.03e-05
step   1330 | train_loss 3.0643 | lr 6.82e-05
step   1340 | train_loss 2.8619 | lr 6.62e-05
step   1350 | train_loss 3.0345 | lr 6.43e-05
step   1360 | train_loss 3.0989 | lr 6.24e-05
step   1368 | val_loss 2.8827 | val_ppl 17.86
step   1370 | train_loss 2.6842 | lr 6.07e-05
step   1380 | train_loss 3.1645 | lr 5.89e-05
step   1390 | train_loss 2.7847 | lr 5.73e-05
step   1400 | train_loss 3.0030 | lr 5.57e-05
step   1410 | train_loss 2.7096 | lr 5.42e-05
step   1420 | train_loss 3.0701 | lr 5.28e-05
step   1430 | train_loss 3.1331 | lr 5.14e-05
step   1440 | train_loss 2.8495 | lr 5.01e-05
step   1450 | train_loss 2.7545 | lr 4.89e-05
step   1460 | train_loss 2.9954 | lr 4.78e-05
step   1470 | train_loss 2.9347 | lr 4.67e-05
step   1480 | train_loss 2.6360 | lr 4.57e-05
step   1490 | train_loss 3.2842 | lr 4.48e-05
step   1500 | train_loss 3.1135 | lr 4.40e-05
step   1510 | train_loss 2.6528 | lr 4.33e-05
step   1520 | train_loss 2.8731 | lr 4.26e-05
step   1530 | train_loss 2.9699 | lr 4.20e-05
step   1540 | train_loss 2.6723 | lr 4.15e-05
step   1550 | train_loss 2.9453 | lr 4.10e-05
step   1560 | train_loss 2.7130 | lr 4.07e-05
step   1570 | train_loss 2.7481 | lr 4.04e-05
step   1580 | train_loss 2.8121 | lr 4.02e-05
step   1590 | train_loss 2.7117 | lr 4.00e-05
step   1596 | val_loss 2.8582 | val_ppl 17.43
step   1600 | train_loss 2.6440 | lr 4.00e-05
step   1600 | val_loss 2.8585 | val_ppl 17.44
Saved checkpoint to /home/system/projects/AuthLLM/checkpoints/lr_scaling_small/alpaca_unpacked_1600_lr0.0004_seed1337/step_1600.pt
