Data: 50,868 train / 1,038 val examples (68 dropped as longer than 512 tokens)
Packing: 50,868 examples into 11,220 windows (4.5 per window, 98.8% of positions used)
Model: small (29,938,560 parameters), initialized from checkpoints/small/step_18000.pt (step 18000)
step     10 | train_loss 2.8671 | lr 6.82e-05
step     20 | train_loss 2.8236 | lr 1.36e-04
step     30 | train_loss 2.6548 | lr 1.50e-04
step     40 | train_loss 2.6580 | lr 1.49e-04
step     50 | train_loss 2.5931 | lr 1.48e-04
step     50 | val_loss 2.6671 | val_ppl 14.40
step     60 | train_loss 2.6621 | lr 1.46e-04
step     70 | train_loss 2.6325 | lr 1.43e-04
step     80 | train_loss 2.6999 | lr 1.40e-04
step     90 | train_loss 2.5960 | lr 1.37e-04
step    100 | train_loss 2.7201 | lr 1.32e-04
step    100 | val_loss 2.6027 | val_ppl 13.50
step    110 | train_loss 2.6820 | lr 1.28e-04
step    120 | train_loss 2.6272 | lr 1.23e-04
step    130 | train_loss 2.6233 | lr 1.18e-04
step    140 | train_loss 2.6192 | lr 1.12e-04
step    150 | train_loss 2.5715 | lr 1.06e-04
step    150 | val_loss 2.5649 | val_ppl 13.00
step    160 | train_loss 2.5892 | lr 9.98e-05
step    170 | train_loss 2.5458 | lr 9.34e-05
step    180 | train_loss 2.5754 | lr 8.70e-05
step    190 | train_loss 2.5487 | lr 8.06e-05
step    200 | train_loss 2.6812 | lr 7.41e-05
step    200 | val_loss 2.5311 | val_ppl 12.57
step    210 | train_loss 2.5478 | lr 6.78e-05
step    220 | train_loss 2.3221 | lr 6.15e-05
step    230 | train_loss 2.5567 | lr 5.55e-05
step    240 | train_loss 2.5392 | lr 4.97e-05
step    250 | train_loss 2.5154 | lr 4.42e-05
step    250 | val_loss 2.5093 | val_ppl 12.30
step    260 | train_loss 2.5427 | lr 3.91e-05
step    270 | train_loss 2.6335 | lr 3.43e-05
step    280 | train_loss 2.5472 | lr 3.00e-05
step    290 | train_loss 2.4755 | lr 2.62e-05
step    300 | train_loss 2.5102 | lr 2.29e-05
step    300 | val_loss 2.4923 | val_ppl 12.09
step    310 | train_loss 2.5113 | lr 2.01e-05
step    320 | train_loss 2.4207 | lr 1.80e-05
step    330 | train_loss 2.7530 | lr 1.64e-05
step    340 | train_loss 2.4392 | lr 1.54e-05
step    350 | train_loss 2.4735 | lr 1.50e-05
step    350 | val_loss 2.4853 | val_ppl 12.00
Saved checkpoint to /home/system/projects/AuthLLM/checkpoints/lr_scaling_small/alpaca_packed_350_lr0.00015_seed1337/step_350.pt
