Data: 16,956 train / 346 val examples (0 dropped as longer than 512 tokens)
Packing: 16,956 examples into 3,763 windows (4.5 per window, 98.7% of positions used)
Model: small (29,938,560 parameters), initialized from checkpoints/small/step_18000.pt (step 18000)
step     10 | train_loss 2.9971 | lr 6.00e-05
step     16 | val_loss 2.7644 | val_ppl 15.87
step     20 | train_loss 2.8000 | lr 5.85e-05
step     30 | train_loss 2.8576 | lr 5.49e-05
step     32 | val_loss 2.7004 | val_ppl 14.89
step     40 | train_loss 2.7116 | lr 4.97e-05
step     48 | val_loss 2.6664 | val_ppl 14.39
step     50 | train_loss 2.7478 | lr 4.31e-05
step     60 | train_loss 2.7327 | lr 3.57e-05
step     64 | val_loss 2.6480 | val_ppl 14.13
step     70 | train_loss 2.6598 | lr 2.81e-05
step     80 | train_loss 2.7017 | lr 2.08e-05
step     80 | val_loss 2.6337 | val_ppl 13.92
step     90 | train_loss 2.6055 | lr 1.46e-05
step     96 | val_loss 2.6256 | val_ppl 13.81
step    100 | train_loss 2.6789 | lr 9.81e-06
step    110 | train_loss 2.5881 | lr 6.87e-06
step    112 | val_loss 2.6204 | val_ppl 13.74
step    118 | train_loss 2.6726 | lr 6.01e-06
step    118 | val_loss 2.6196 | val_ppl 13.73
Saved checkpoint to /home/system/projects/AuthLLM/checkpoints/lr_scaling_small/alpaca_third_packed_118_lr6e-05_seed1337/step_118.pt
