Data: 50,869 train / 1,037 val examples (68 dropped as longer than 512 tokens)
Model: small (29,938,560 parameters), initialized from checkpoints/small/step_18000.pt (step 18000)
step     10 | train_loss 3.3106 | lr 6.00e-06
step     20 | train_loss 2.7859 | lr 1.20e-05
step     30 | train_loss 2.8283 | lr 1.80e-05
step     40 | train_loss 3.0219 | lr 2.40e-05
step     50 | train_loss 3.1188 | lr 3.00e-05
step     60 | train_loss 2.9309 | lr 3.60e-05
step     70 | train_loss 2.6337 | lr 4.20e-05
step     80 | train_loss 2.6744 | lr 4.80e-05
step     90 | train_loss 2.8340 | lr 5.40e-05
step    100 | train_loss 2.9351 | lr 6.00e-05
step    110 | train_loss 2.7217 | lr 6.00e-05
step    120 | train_loss 2.6816 | lr 6.00e-05
step    130 | train_loss 2.5013 | lr 6.00e-05
step    140 | train_loss 2.6796 | lr 5.99e-05
step    150 | train_loss 2.7028 | lr 5.99e-05
step    160 | train_loss 2.5912 | lr 5.98e-05
step    170 | train_loss 2.8698 | lr 5.97e-05
step    180 | train_loss 2.9049 | lr 5.96e-05
step    190 | train_loss 2.8492 | lr 5.95e-05
step    200 | train_loss 2.6192 | lr 5.94e-05
step    210 | train_loss 2.7922 | lr 5.93e-05
step    220 | train_loss 2.7845 | lr 5.92e-05
step    228 | val_loss 2.6610 | val_ppl 14.31
step    230 | train_loss 2.6330 | lr 5.90e-05
step    240 | train_loss 2.7611 | lr 5.89e-05
step    250 | train_loss 2.5690 | lr 5.87e-05
step    260 | train_loss 2.9200 | lr 5.85e-05
step    270 | train_loss 2.6583 | lr 5.83e-05
step    280 | train_loss 2.6238 | lr 5.81e-05
step    290 | train_loss 2.3257 | lr 5.79e-05
step    300 | train_loss 2.8110 | lr 5.77e-05
step    310 | train_loss 2.8445 | lr 5.75e-05
step    320 | train_loss 2.5834 | lr 5.72e-05
step    330 | train_loss 2.7119 | lr 5.70e-05
step    340 | train_loss 2.6158 | lr 5.67e-05
step    350 | train_loss 2.7818 | lr 5.64e-05
step    360 | train_loss 2.6217 | lr 5.61e-05
step    370 | train_loss 2.7200 | lr 5.58e-05
step    380 | train_loss 2.9240 | lr 5.55e-05
step    390 | train_loss 2.5363 | lr 5.52e-05
step    400 | train_loss 2.4385 | lr 5.49e-05
step    410 | train_loss 2.5545 | lr 5.45e-05
step    420 | train_loss 2.9137 | lr 5.42e-05
step    430 | train_loss 2.6008 | lr 5.38e-05
step    440 | train_loss 2.7186 | lr 5.35e-05
step    450 | train_loss 2.6770 | lr 5.31e-05
step    456 | val_loss 2.6052 | val_ppl 13.53
step    460 | train_loss 2.6293 | lr 5.27e-05
step    470 | train_loss 2.4841 | lr 5.23e-05
step    480 | train_loss 2.5453 | lr 5.19e-05
step    490 | train_loss 2.7225 | lr 5.15e-05
step    500 | train_loss 2.8979 | lr 5.11e-05
step    510 | train_loss 2.5893 | lr 5.07e-05
step    520 | train_loss 2.7627 | lr 5.03e-05
step    530 | train_loss 2.7929 | lr 4.98e-05
step    540 | train_loss 2.4973 | lr 4.94e-05
step    550 | train_loss 2.5190 | lr 4.89e-05
step    560 | train_loss 2.7236 | lr 4.85e-05
step    570 | train_loss 2.7514 | lr 4.80e-05
step    580 | train_loss 2.7169 | lr 4.75e-05
step    590 | train_loss 2.7908 | lr 4.70e-05
step    600 | train_loss 2.7694 | lr 4.65e-05
step    610 | train_loss 2.6015 | lr 4.61e-05
step    620 | train_loss 2.5516 | lr 4.56e-05
step    630 | train_loss 2.3146 | lr 4.51e-05
step    640 | train_loss 2.7529 | lr 4.45e-05
step    650 | train_loss 2.6363 | lr 4.40e-05
step    660 | train_loss 2.3911 | lr 4.35e-05
step    670 | train_loss 2.6859 | lr 4.30e-05
step    680 | train_loss 2.6697 | lr 4.25e-05
step    684 | val_loss 2.5846 | val_ppl 13.26
step    690 | train_loss 2.5356 | lr 4.19e-05
step    700 | train_loss 2.5144 | lr 4.14e-05
step    710 | train_loss 2.7298 | lr 4.09e-05
step    720 | train_loss 2.6583 | lr 4.03e-05
step    730 | train_loss 2.4918 | lr 3.98e-05
step    740 | train_loss 2.8044 | lr 3.92e-05
step    750 | train_loss 2.6090 | lr 3.87e-05
step    760 | train_loss 2.6606 | lr 3.81e-05
step    770 | train_loss 2.5633 | lr 3.76e-05
step    780 | train_loss 2.6664 | lr 3.70e-05
step    790 | train_loss 2.6745 | lr 3.64e-05
step    800 | train_loss 2.7304 | lr 3.59e-05
step    810 | train_loss 2.5228 | lr 3.53e-05
step    820 | train_loss 2.5842 | lr 3.48e-05
step    830 | train_loss 2.7176 | lr 3.42e-05
step    840 | train_loss 2.7882 | lr 3.36e-05
step    850 | train_loss 2.8337 | lr 3.31e-05
step    860 | train_loss 2.6451 | lr 3.25e-05
step    870 | train_loss 2.5968 | lr 3.19e-05
step    880 | train_loss 2.6634 | lr 3.14e-05
step    890 | train_loss 2.8336 | lr 3.08e-05
step    900 | train_loss 2.5830 | lr 3.02e-05
step    910 | train_loss 2.7029 | lr 2.97e-05
step    912 | val_loss 2.5711 | val_ppl 13.08
step    920 | train_loss 2.6235 | lr 2.91e-05
step    930 | train_loss 2.4880 | lr 2.86e-05
step    940 | train_loss 2.5250 | lr 2.80e-05
step    950 | train_loss 2.6307 | lr 2.74e-05
step    960 | train_loss 2.4094 | lr 2.69e-05
step    970 | train_loss 2.5836 | lr 2.63e-05
step    980 | train_loss 2.9499 | lr 2.58e-05
step    990 | train_loss 2.6160 | lr 2.53e-05
step   1000 | train_loss 2.6365 | lr 2.47e-05
step   1010 | train_loss 2.5559 | lr 2.42e-05
step   1020 | train_loss 2.6973 | lr 2.36e-05
step   1030 | train_loss 2.8311 | lr 2.31e-05
step   1040 | train_loss 2.6735 | lr 2.26e-05
step   1050 | train_loss 2.3487 | lr 2.21e-05
step   1060 | train_loss 2.5996 | lr 2.16e-05
step   1070 | train_loss 2.7002 | lr 2.10e-05
step   1080 | train_loss 2.5755 | lr 2.05e-05
step   1090 | train_loss 2.7033 | lr 2.00e-05
step   1100 | train_loss 2.7134 | lr 1.95e-05
step   1110 | train_loss 2.6952 | lr 1.91e-05
step   1120 | train_loss 2.5766 | lr 1.86e-05
step   1130 | train_loss 2.5923 | lr 1.81e-05
step   1140 | train_loss 2.5574 | lr 1.76e-05
step   1140 | val_loss 2.5588 | val_ppl 12.92
step   1150 | train_loss 2.7780 | lr 1.72e-05
step   1160 | train_loss 2.8145 | lr 1.67e-05
step   1170 | train_loss 2.5705 | lr 1.63e-05
step   1180 | train_loss 2.8278 | lr 1.58e-05
step   1190 | train_loss 2.8062 | lr 1.54e-05
step   1200 | train_loss 2.7840 | lr 1.50e-05
step   1210 | train_loss 2.8057 | lr 1.46e-05
step   1220 | train_loss 2.4312 | lr 1.41e-05
step   1230 | train_loss 2.3246 | lr 1.37e-05
step   1240 | train_loss 2.6458 | lr 1.34e-05
step   1250 | train_loss 2.8651 | lr 1.30e-05
step   1260 | train_loss 2.8491 | lr 1.26e-05
step   1270 | train_loss 2.7363 | lr 1.22e-05
step   1280 | train_loss 2.5937 | lr 1.19e-05
step   1290 | train_loss 2.3000 | lr 1.15e-05
step   1300 | train_loss 2.3340 | lr 1.12e-05
step   1310 | train_loss 2.5164 | lr 1.09e-05
step   1320 | train_loss 2.4108 | lr 1.05e-05
step   1330 | train_loss 2.6242 | lr 1.02e-05
step   1340 | train_loss 2.8582 | lr 9.93e-06
step   1350 | train_loss 2.7049 | lr 9.65e-06
step   1360 | train_loss 2.6127 | lr 9.37e-06
step   1368 | val_loss 2.5493 | val_ppl 12.80
step   1370 | train_loss 2.4698 | lr 9.10e-06
step   1380 | train_loss 2.5438 | lr 8.84e-06
step   1390 | train_loss 2.4860 | lr 8.59e-06
step   1400 | train_loss 2.7146 | lr 8.36e-06
step   1410 | train_loss 2.7063 | lr 8.13e-06
step   1420 | train_loss 2.6715 | lr 7.92e-06
step   1430 | train_loss 2.5532 | lr 7.71e-06
step   1440 | train_loss 2.4858 | lr 7.52e-06
step   1450 | train_loss 2.8255 | lr 7.34e-06
step   1460 | train_loss 2.8766 | lr 7.17e-06
step   1470 | train_loss 2.7930 | lr 7.01e-06
step   1480 | train_loss 2.7050 | lr 6.86e-06
step   1490 | train_loss 2.5329 | lr 6.73e-06
step   1500 | train_loss 2.3990 | lr 6.60e-06
step   1510 | train_loss 3.0987 | lr 6.49e-06
step   1520 | train_loss 2.3237 | lr 6.39e-06
step   1530 | train_loss 2.7510 | lr 6.30e-06
step   1540 | train_loss 2.5215 | lr 6.22e-06
step   1550 | train_loss 2.6653 | lr 6.15e-06
step   1560 | train_loss 2.5999 | lr 6.10e-06
step   1570 | train_loss 2.8010 | lr 6.06e-06
step   1580 | train_loss 2.7348 | lr 6.03e-06
step   1590 | train_loss 2.3333 | lr 6.01e-06
step   1596 | val_loss 2.5452 | val_ppl 12.75
step   1600 | train_loss 2.4284 | lr 6.00e-06
step   1600 | val_loss 2.5452 | val_ppl 12.75
Saved checkpoint to /home/system/projects/AuthLLM/checkpoints/lr_scaling_small/alpaca_unpacked_1600_lr6e-05_seed1338/step_1600.pt
