Data: 16,956 train / 346 val examples (0 dropped as longer than 512 tokens)
Model: small (29,938,560 parameters), initialized from checkpoints/small/step_18000.pt (step 18000)
step     10 | train_loss 3.0986 | lr 1.82e-05
step     20 | train_loss 2.7582 | lr 3.64e-05
step     30 | train_loss 2.7725 | lr 5.45e-05
step     40 | train_loss 2.9654 | lr 6.00e-05
step     50 | train_loss 2.9959 | lr 5.99e-05
step     60 | train_loss 2.9198 | lr 5.96e-05
step     70 | train_loss 2.7597 | lr 5.93e-05
step     75 | val_loss 2.7890 | val_ppl 16.27
step     80 | train_loss 2.6639 | lr 5.89e-05
step     90 | train_loss 2.7720 | lr 5.83e-05
step    100 | train_loss 2.7658 | lr 5.77e-05
step    110 | train_loss 2.5862 | lr 5.69e-05
step    120 | train_loss 2.4953 | lr 5.61e-05
step    130 | train_loss 2.9076 | lr 5.52e-05
step    140 | train_loss 2.6054 | lr 5.42e-05
step    150 | train_loss 2.8594 | lr 5.31e-05
step    150 | val_loss 2.7346 | val_ppl 15.40
step    160 | train_loss 2.8321 | lr 5.19e-05
step    170 | train_loss 2.7110 | lr 5.06e-05
step    180 | train_loss 2.6281 | lr 4.93e-05
step    190 | train_loss 2.8684 | lr 4.79e-05
step    200 | train_loss 2.9470 | lr 4.65e-05
step    210 | train_loss 2.6228 | lr 4.49e-05
step    220 | train_loss 2.7954 | lr 4.34e-05
step    225 | val_loss 2.7015 | val_ppl 14.90
step    230 | train_loss 2.6474 | lr 4.18e-05
step    240 | train_loss 2.9015 | lr 4.02e-05
step    250 | train_loss 2.4840 | lr 3.85e-05
step    260 | train_loss 2.6052 | lr 3.68e-05
step    270 | train_loss 2.5866 | lr 3.51e-05
step    280 | train_loss 2.5852 | lr 3.34e-05
step    290 | train_loss 2.6297 | lr 3.17e-05
step    300 | train_loss 2.5540 | lr 3.00e-05
step    300 | val_loss 2.6799 | val_ppl 14.58
step    310 | train_loss 2.4789 | lr 2.83e-05
step    320 | train_loss 2.7469 | lr 2.67e-05
step    330 | train_loss 2.7288 | lr 2.50e-05
step    340 | train_loss 2.8758 | lr 2.34e-05
step    350 | train_loss 2.6093 | lr 2.18e-05
step    360 | train_loss 2.6197 | lr 2.03e-05
step    370 | train_loss 2.7427 | lr 1.88e-05
step    375 | val_loss 2.6638 | val_ppl 14.35
step    380 | train_loss 2.6782 | lr 1.74e-05
step    390 | train_loss 2.9430 | lr 1.60e-05
step    400 | train_loss 2.4200 | lr 1.47e-05
step    410 | train_loss 2.4308 | lr 1.35e-05
step    420 | train_loss 2.7267 | lr 1.24e-05
step    430 | train_loss 2.7456 | lr 1.13e-05
step    440 | train_loss 2.9247 | lr 1.03e-05
step    450 | train_loss 2.6091 | lr 9.46e-06
step    450 | val_loss 2.6532 | val_ppl 14.20
step    460 | train_loss 2.5189 | lr 8.67e-06
step    470 | train_loss 2.6809 | lr 7.98e-06
step    480 | train_loss 2.7064 | lr 7.39e-06
step    490 | train_loss 2.6849 | lr 6.90e-06
step    500 | train_loss 2.5601 | lr 6.52e-06
step    510 | train_loss 2.5798 | lr 6.24e-06
step    520 | train_loss 2.5694 | lr 6.07e-06
step    525 | val_loss 2.6474 | val_ppl 14.12
step    530 | train_loss 2.7389 | lr 6.00e-06
step    530 | val_loss 2.6472 | val_ppl 14.11
Saved checkpoint to /home/system/projects/AuthLLM/checkpoints/lr_scaling_small/alpaca_third_unpacked_530_lr6e-05_seed1339/step_530.pt
