Data: 16,956 train / 346 val examples (0 dropped as longer than 512 tokens)
Packing: 16,956 examples into 3,761 windows (4.5 per window, 98.7% of positions used)
Model: small (29,938,560 parameters), initialized from checkpoints/small/step_18000.pt (step 18000)
step     10 | train_loss 2.8053 | lr 1.50e-04
step     16 | val_loss 2.8025 | val_ppl 16.49
step     20 | train_loss 2.7728 | lr 1.46e-04
step     30 | train_loss 2.6634 | lr 1.37e-04
step     32 | val_loss 2.7442 | val_ppl 15.55
step     40 | train_loss 2.7626 | lr 1.24e-04
step     48 | val_loss 2.6975 | val_ppl 14.84
step     50 | train_loss 2.5790 | lr 1.08e-04
step     60 | train_loss 2.5571 | lr 8.92e-05
step     64 | val_loss 2.6672 | val_ppl 14.40
step     70 | train_loss 2.6910 | lr 7.02e-05
step     80 | train_loss 2.7496 | lr 5.21e-05
step     80 | val_loss 2.6459 | val_ppl 14.10
step     90 | train_loss 2.6370 | lr 3.65e-05
step     96 | val_loss 2.6311 | val_ppl 13.89
step    100 | train_loss 2.6611 | lr 2.45e-05
step    110 | train_loss 2.6977 | lr 1.72e-05
step    112 | val_loss 2.6207 | val_ppl 13.75
step    118 | train_loss 2.5057 | lr 1.50e-05
step    118 | val_loss 2.6184 | val_ppl 13.71
Saved checkpoint to /home/system/projects/AuthLLM/checkpoints/lr_scaling_small/alpaca_third_packed_118_lr0.00015_seed1339/step_118.pt
