Data: 50,867 train / 1,039 val examples (68 dropped as longer than 512 tokens)
Model: small (29,938,560 parameters), initialized from checkpoints/small/step_18000.pt (step 18000)
step     10 | train_loss 3.2610 | lr 3.00e-06
step     20 | train_loss 2.8796 | lr 6.00e-06
step     30 | train_loss 3.0055 | lr 9.00e-06
step     40 | train_loss 3.1033 | lr 1.20e-05
step     50 | train_loss 3.0412 | lr 1.50e-05
step     60 | train_loss 2.7425 | lr 1.80e-05
step     70 | train_loss 2.5882 | lr 2.10e-05
step     80 | train_loss 2.6457 | lr 2.40e-05
step     90 | train_loss 3.0739 | lr 2.70e-05
step    100 | train_loss 2.8517 | lr 3.00e-05
step    110 | train_loss 2.9897 | lr 3.00e-05
step    120 | train_loss 2.4782 | lr 3.00e-05
step    130 | train_loss 2.6902 | lr 3.00e-05
step    140 | train_loss 2.7319 | lr 3.00e-05
step    150 | train_loss 2.7472 | lr 2.99e-05
step    160 | train_loss 2.6553 | lr 2.99e-05
step    170 | train_loss 2.5911 | lr 2.99e-05
step    180 | train_loss 2.8372 | lr 2.98e-05
step    190 | train_loss 2.8929 | lr 2.98e-05
step    200 | train_loss 2.8791 | lr 2.97e-05
step    210 | train_loss 2.7067 | lr 2.96e-05
step    220 | train_loss 2.7975 | lr 2.96e-05
step    228 | val_loss 2.7823 | val_ppl 16.16
step    230 | train_loss 2.4908 | lr 2.95e-05
step    240 | train_loss 2.6155 | lr 2.94e-05
step    250 | train_loss 2.6718 | lr 2.93e-05
step    260 | train_loss 2.6686 | lr 2.93e-05
step    270 | train_loss 2.6571 | lr 2.92e-05
step    280 | train_loss 2.6662 | lr 2.91e-05
step    290 | train_loss 2.6299 | lr 2.90e-05
step    300 | train_loss 3.2316 | lr 2.88e-05
step    310 | train_loss 2.8054 | lr 2.87e-05
step    320 | train_loss 2.7455 | lr 2.86e-05
step    330 | train_loss 2.5607 | lr 2.85e-05
step    340 | train_loss 2.9502 | lr 2.83e-05
step    350 | train_loss 2.6733 | lr 2.82e-05
step    360 | train_loss 2.7161 | lr 2.81e-05
step    370 | train_loss 2.6327 | lr 2.79e-05
step    380 | train_loss 2.7662 | lr 2.78e-05
step    390 | train_loss 2.6194 | lr 2.76e-05
step    400 | train_loss 2.7180 | lr 2.74e-05
step    410 | train_loss 2.7990 | lr 2.73e-05
step    420 | train_loss 2.6485 | lr 2.71e-05
step    430 | train_loss 2.6354 | lr 2.69e-05
step    440 | train_loss 2.6599 | lr 2.67e-05
step    450 | train_loss 2.6190 | lr 2.66e-05
step    456 | val_loss 2.7371 | val_ppl 15.44
step    460 | train_loss 2.4465 | lr 2.64e-05
step    470 | train_loss 2.6807 | lr 2.62e-05
step    480 | train_loss 2.4488 | lr 2.60e-05
step    490 | train_loss 2.6493 | lr 2.58e-05
step    500 | train_loss 2.7048 | lr 2.56e-05
step    510 | train_loss 2.6266 | lr 2.53e-05
step    520 | train_loss 2.5502 | lr 2.51e-05
step    530 | train_loss 2.5307 | lr 2.49e-05
step    540 | train_loss 2.7422 | lr 2.47e-05
step    550 | train_loss 2.7149 | lr 2.45e-05
step    560 | train_loss 2.4089 | lr 2.42e-05
step    570 | train_loss 2.7813 | lr 2.40e-05
step    580 | train_loss 2.6515 | lr 2.38e-05
step    590 | train_loss 2.4725 | lr 2.35e-05
step    600 | train_loss 2.6122 | lr 2.33e-05
step    610 | train_loss 2.5942 | lr 2.30e-05
step    620 | train_loss 2.4428 | lr 2.28e-05
step    630 | train_loss 2.6475 | lr 2.25e-05
step    640 | train_loss 2.6755 | lr 2.23e-05
step    650 | train_loss 2.9457 | lr 2.20e-05
step    660 | train_loss 2.4372 | lr 2.18e-05
step    670 | train_loss 2.6515 | lr 2.15e-05
step    680 | train_loss 2.6268 | lr 2.12e-05
step    684 | val_loss 2.7153 | val_ppl 15.11
step    690 | train_loss 2.5568 | lr 2.10e-05
step    700 | train_loss 2.5230 | lr 2.07e-05
step    710 | train_loss 2.7149 | lr 2.04e-05
step    720 | train_loss 2.5283 | lr 2.02e-05
step    730 | train_loss 2.6906 | lr 1.99e-05
step    740 | train_loss 2.6594 | lr 1.96e-05
step    750 | train_loss 2.6762 | lr 1.93e-05
step    760 | train_loss 2.7224 | lr 1.91e-05
step    770 | train_loss 2.6435 | lr 1.88e-05
step    780 | train_loss 2.7601 | lr 1.85e-05
step    790 | train_loss 2.6942 | lr 1.82e-05
step    800 | train_loss 2.6014 | lr 1.79e-05
step    810 | train_loss 2.7910 | lr 1.77e-05
step    820 | train_loss 2.8046 | lr 1.74e-05
step    830 | train_loss 2.6915 | lr 1.71e-05
step    840 | train_loss 2.5155 | lr 1.68e-05
step    850 | train_loss 2.7531 | lr 1.65e-05
step    860 | train_loss 2.9128 | lr 1.62e-05
step    870 | train_loss 2.5558 | lr 1.60e-05
step    880 | train_loss 2.7378 | lr 1.57e-05
step    890 | train_loss 2.7748 | lr 1.54e-05
step    900 | train_loss 2.4284 | lr 1.51e-05
step    910 | train_loss 2.6761 | lr 1.48e-05
step    912 | val_loss 2.7005 | val_ppl 14.89
step    920 | train_loss 2.6764 | lr 1.46e-05
step    930 | train_loss 2.8063 | lr 1.43e-05
step    940 | train_loss 2.4918 | lr 1.40e-05
step    950 | train_loss 2.4304 | lr 1.37e-05
step    960 | train_loss 2.7492 | lr 1.34e-05
step    970 | train_loss 2.8298 | lr 1.32e-05
step    980 | train_loss 2.9661 | lr 1.29e-05
step    990 | train_loss 2.5742 | lr 1.26e-05
step   1000 | train_loss 2.7331 | lr 1.24e-05
step   1010 | train_loss 2.7232 | lr 1.21e-05
step   1020 | train_loss 2.7152 | lr 1.18e-05
step   1030 | train_loss 2.7849 | lr 1.16e-05
step   1040 | train_loss 2.6502 | lr 1.13e-05
step   1050 | train_loss 2.6416 | lr 1.10e-05
step   1060 | train_loss 2.4886 | lr 1.08e-05
step   1070 | train_loss 2.3284 | lr 1.05e-05
step   1080 | train_loss 2.4720 | lr 1.03e-05
step   1090 | train_loss 2.6647 | lr 1.00e-05
step   1100 | train_loss 2.4855 | lr 9.77e-06
step   1110 | train_loss 2.6836 | lr 9.53e-06
step   1120 | train_loss 2.6306 | lr 9.29e-06
step   1130 | train_loss 2.6762 | lr 9.05e-06
step   1140 | train_loss 2.5243 | lr 8.82e-06
step   1140 | val_loss 2.6914 | val_ppl 14.75
step   1150 | train_loss 2.6309 | lr 8.59e-06
step   1160 | train_loss 2.5685 | lr 8.36e-06
step   1170 | train_loss 2.6614 | lr 8.14e-06
step   1180 | train_loss 2.5471 | lr 7.92e-06
step   1190 | train_loss 2.8365 | lr 7.70e-06
step   1200 | train_loss 2.6583 | lr 7.49e-06
step   1210 | train_loss 2.8633 | lr 7.28e-06
step   1220 | train_loss 2.6865 | lr 7.07e-06
step   1230 | train_loss 2.6728 | lr 6.87e-06
step   1240 | train_loss 2.4837 | lr 6.68e-06
step   1250 | train_loss 2.4591 | lr 6.49e-06
step   1260 | train_loss 2.6643 | lr 6.30e-06
step   1270 | train_loss 2.6090 | lr 6.12e-06
step   1280 | train_loss 2.6339 | lr 5.94e-06
step   1290 | train_loss 2.4489 | lr 5.76e-06
step   1300 | train_loss 2.3892 | lr 5.59e-06
step   1310 | train_loss 2.3684 | lr 5.43e-06
step   1320 | train_loss 2.5530 | lr 5.27e-06
step   1330 | train_loss 2.7332 | lr 5.12e-06
step   1340 | train_loss 2.5785 | lr 4.97e-06
step   1350 | train_loss 2.6325 | lr 4.82e-06
step   1360 | train_loss 2.5603 | lr 4.68e-06
step   1368 | val_loss 2.6854 | val_ppl 14.66
step   1370 | train_loss 2.8613 | lr 4.55e-06
step   1380 | train_loss 2.4422 | lr 4.42e-06
step   1390 | train_loss 2.6533 | lr 4.30e-06
step   1400 | train_loss 2.7892 | lr 4.18e-06
step   1410 | train_loss 2.6486 | lr 4.07e-06
step   1420 | train_loss 2.5736 | lr 3.96e-06
step   1430 | train_loss 2.5472 | lr 3.86e-06
step   1440 | train_loss 2.4624 | lr 3.76e-06
step   1450 | train_loss 2.5887 | lr 3.67e-06
step   1460 | train_loss 2.7624 | lr 3.58e-06
step   1470 | train_loss 2.4782 | lr 3.50e-06
step   1480 | train_loss 2.7711 | lr 3.43e-06
step   1490 | train_loss 2.7178 | lr 3.36e-06
step   1500 | train_loss 2.7414 | lr 3.30e-06
step   1510 | train_loss 2.7837 | lr 3.24e-06
step   1520 | train_loss 2.5537 | lr 3.19e-06
step   1530 | train_loss 2.5752 | lr 3.15e-06
step   1540 | train_loss 2.6010 | lr 3.11e-06
step   1550 | train_loss 2.5454 | lr 3.08e-06
step   1560 | train_loss 2.6034 | lr 3.05e-06
step   1570 | train_loss 2.5702 | lr 3.03e-06
step   1580 | train_loss 2.3346 | lr 3.01e-06
step   1590 | train_loss 2.6590 | lr 3.00e-06
step   1596 | val_loss 2.6826 | val_ppl 14.62
step   1600 | train_loss 2.2242 | lr 3.00e-06
step   1600 | val_loss 2.6825 | val_ppl 14.62
Saved checkpoint to /home/system/projects/AuthLLM/checkpoints/lr_scaling_small/alpaca_unpacked_1600_lr3e-05_seed1339/step_1600.pt
