Data: 16,956 train / 346 val examples (0 dropped as longer than 512 tokens)
Model: small (29,938,560 parameters), initialized from checkpoints/small/step_18000.pt (step 18000)
step     10 | train_loss 3.1381 | lr 9.09e-06
step     20 | train_loss 2.7811 | lr 1.82e-05
step     30 | train_loss 2.7940 | lr 2.73e-05
step     40 | train_loss 2.9766 | lr 3.00e-05
step     50 | train_loss 3.0150 | lr 2.99e-05
step     60 | train_loss 2.9389 | lr 2.98e-05
step     70 | train_loss 2.7690 | lr 2.97e-05
step     75 | val_loss 2.8085 | val_ppl 16.59
step     80 | train_loss 2.6793 | lr 2.94e-05
step     90 | train_loss 2.7884 | lr 2.92e-05
step    100 | train_loss 2.7677 | lr 2.88e-05
step    110 | train_loss 2.5937 | lr 2.85e-05
step    120 | train_loss 2.5056 | lr 2.81e-05
step    130 | train_loss 2.9058 | lr 2.76e-05
step    140 | train_loss 2.6205 | lr 2.71e-05
step    150 | train_loss 2.8711 | lr 2.65e-05
step    150 | val_loss 2.7522 | val_ppl 15.68
step    160 | train_loss 2.8379 | lr 2.59e-05
step    170 | train_loss 2.7272 | lr 2.53e-05
step    180 | train_loss 2.6125 | lr 2.46e-05
step    190 | train_loss 2.8966 | lr 2.40e-05
step    200 | train_loss 2.9703 | lr 2.32e-05
step    210 | train_loss 2.6373 | lr 2.25e-05
step    220 | train_loss 2.8109 | lr 2.17e-05
step    225 | val_loss 2.7186 | val_ppl 15.16
step    230 | train_loss 2.6753 | lr 2.09e-05
step    240 | train_loss 2.9065 | lr 2.01e-05
step    250 | train_loss 2.4962 | lr 1.93e-05
step    260 | train_loss 2.6421 | lr 1.84e-05
step    270 | train_loss 2.5949 | lr 1.76e-05
step    280 | train_loss 2.6074 | lr 1.67e-05
step    290 | train_loss 2.6488 | lr 1.59e-05
step    300 | train_loss 2.5853 | lr 1.50e-05
step    300 | val_loss 2.6987 | val_ppl 14.86
step    310 | train_loss 2.4800 | lr 1.42e-05
step    320 | train_loss 2.7536 | lr 1.33e-05
step    330 | train_loss 2.7264 | lr 1.25e-05
step    340 | train_loss 2.8982 | lr 1.17e-05
step    350 | train_loss 2.6233 | lr 1.09e-05
step    360 | train_loss 2.6324 | lr 1.01e-05
step    370 | train_loss 2.7479 | lr 9.41e-06
step    375 | val_loss 2.6856 | val_ppl 14.67
step    380 | train_loss 2.6854 | lr 8.70e-06
step    390 | train_loss 2.9520 | lr 8.02e-06
step    400 | train_loss 2.4321 | lr 7.37e-06
step    410 | train_loss 2.4257 | lr 6.76e-06
step    420 | train_loss 2.7333 | lr 6.19e-06
step    430 | train_loss 2.7597 | lr 5.66e-06
step    440 | train_loss 2.9169 | lr 5.17e-06
step    450 | train_loss 2.6161 | lr 4.73e-06
step    450 | val_loss 2.6776 | val_ppl 14.55
step    460 | train_loss 2.5550 | lr 4.34e-06
step    470 | train_loss 2.7079 | lr 3.99e-06
step    480 | train_loss 2.7398 | lr 3.70e-06
step    490 | train_loss 2.6849 | lr 3.45e-06
step    500 | train_loss 2.6097 | lr 3.26e-06
step    510 | train_loss 2.5768 | lr 3.12e-06
step    520 | train_loss 2.5775 | lr 3.03e-06
step    525 | val_loss 2.6732 | val_ppl 14.49
step    530 | train_loss 2.7705 | lr 3.00e-06
step    530 | val_loss 2.6730 | val_ppl 14.48
Saved checkpoint to /home/system/projects/AuthLLM/checkpoints/lr_scaling_small/alpaca_third_unpacked_530_lr3e-05_seed1339/step_530.pt
