Data: 16,956 train / 346 val examples (0 dropped as longer than 512 tokens)
Model: small (29,938,560 parameters), initialized from checkpoints/small/step_18000.pt (step 18000)
step     10 | train_loss 3.0764 | lr 2.73e-05
step     20 | train_loss 2.7471 | lr 5.45e-05
step     30 | train_loss 2.7645 | lr 8.18e-05
step     40 | train_loss 2.9770 | lr 9.00e-05
step     50 | train_loss 2.9996 | lr 8.98e-05
step     60 | train_loss 2.9140 | lr 8.95e-05
step     70 | train_loss 2.7681 | lr 8.90e-05
step     75 | val_loss 2.7934 | val_ppl 16.34
step     80 | train_loss 2.6716 | lr 8.83e-05
step     90 | train_loss 2.7793 | lr 8.75e-05
step    100 | train_loss 2.7767 | lr 8.65e-05
step    110 | train_loss 2.5985 | lr 8.54e-05
step    120 | train_loss 2.5091 | lr 8.42e-05
step    130 | train_loss 2.9266 | lr 8.28e-05
step    140 | train_loss 2.6160 | lr 8.12e-05
step    150 | train_loss 2.8938 | lr 7.96e-05
step    150 | val_loss 2.7418 | val_ppl 15.51
step    160 | train_loss 2.8491 | lr 7.78e-05
step    170 | train_loss 2.7176 | lr 7.59e-05
step    180 | train_loss 2.6536 | lr 7.39e-05
step    190 | train_loss 2.8685 | lr 7.19e-05
step    200 | train_loss 2.9560 | lr 6.97e-05
step    210 | train_loss 2.6322 | lr 6.74e-05
step    220 | train_loss 2.8067 | lr 6.51e-05
step    225 | val_loss 2.7150 | val_ppl 15.11
step    230 | train_loss 2.6464 | lr 6.27e-05
step    240 | train_loss 2.9206 | lr 6.02e-05
step    250 | train_loss 2.5060 | lr 5.78e-05
step    260 | train_loss 2.6022 | lr 5.52e-05
step    270 | train_loss 2.5966 | lr 5.27e-05
step    280 | train_loss 2.5920 | lr 5.01e-05
step    290 | train_loss 2.6399 | lr 4.76e-05
step    300 | train_loss 2.5554 | lr 4.50e-05
step    300 | val_loss 2.6888 | val_ppl 14.71
step    310 | train_loss 2.4935 | lr 4.25e-05
step    320 | train_loss 2.7629 | lr 4.00e-05
step    330 | train_loss 2.7489 | lr 3.75e-05
step    340 | train_loss 2.8810 | lr 3.51e-05
step    350 | train_loss 2.6244 | lr 3.27e-05
step    360 | train_loss 2.6341 | lr 3.04e-05
step    370 | train_loss 2.7565 | lr 2.82e-05
step    375 | val_loss 2.6716 | val_ppl 14.46
step    380 | train_loss 2.6936 | lr 2.61e-05
step    390 | train_loss 2.9628 | lr 2.40e-05
step    400 | train_loss 2.4276 | lr 2.21e-05
step    410 | train_loss 2.4578 | lr 2.03e-05
step    420 | train_loss 2.7412 | lr 1.86e-05
step    430 | train_loss 2.7560 | lr 1.70e-05
step    440 | train_loss 2.9505 | lr 1.55e-05
step    450 | train_loss 2.6224 | lr 1.42e-05
step    450 | val_loss 2.6580 | val_ppl 14.27
step    460 | train_loss 2.5135 | lr 1.30e-05
step    470 | train_loss 2.6790 | lr 1.20e-05
step    480 | train_loss 2.7003 | lr 1.11e-05
step    490 | train_loss 2.7003 | lr 1.04e-05
step    500 | train_loss 2.5467 | lr 9.78e-06
step    510 | train_loss 2.6011 | lr 9.36e-06
step    520 | train_loss 2.5793 | lr 9.10e-06
step    525 | val_loss 2.6504 | val_ppl 14.16
step    530 | train_loss 2.7347 | lr 9.00e-06
step    530 | val_loss 2.6501 | val_ppl 14.16
Saved checkpoint to /home/system/projects/AuthLLM/checkpoints/lr_scaling_small/alpaca_third_unpacked_530_lr9e-05_seed1339/step_530.pt
