Data: 16,956 train / 346 val examples (0 dropped as longer than 512 tokens)
Packing: 16,956 examples into 3,763 windows (4.5 per window, 98.7% of positions used)
Model: small (29,938,560 parameters), initialized from checkpoints/small/step_18000.pt (step 18000)
step     10 | train_loss 3.0570 | lr 2.00e-05
step     16 | val_loss 2.8123 | val_ppl 16.65
step     20 | train_loss 2.8524 | lr 1.95e-05
step     30 | train_loss 2.9119 | lr 1.83e-05
step     32 | val_loss 2.7618 | val_ppl 15.83
step     40 | train_loss 2.7850 | lr 1.66e-05
step     48 | val_loss 2.7317 | val_ppl 15.36
step     50 | train_loss 2.7938 | lr 1.44e-05
step     60 | train_loss 2.7967 | lr 1.19e-05
step     64 | val_loss 2.7158 | val_ppl 15.12
step     70 | train_loss 2.7258 | lr 9.35e-06
step     80 | train_loss 2.7931 | lr 6.95e-06
step     80 | val_loss 2.7052 | val_ppl 14.96
step     90 | train_loss 2.6855 | lr 4.87e-06
step     96 | val_loss 2.6992 | val_ppl 14.87
step    100 | train_loss 2.7578 | lr 3.27e-06
step    110 | train_loss 2.6641 | lr 2.29e-06
step    112 | val_loss 2.6963 | val_ppl 14.82
step    118 | train_loss 2.7725 | lr 2.00e-06
step    118 | val_loss 2.6955 | val_ppl 14.81
Saved checkpoint to /home/system/projects/AuthLLM/checkpoints/lr_scaling_small/alpaca_third_packed_118_lr2e-05_seed1337/step_118.pt
