Data: 5,652 train / 115 val examples (0 dropped as longer than 512 tokens)
Model: small (29,938,560 parameters), initialized from checkpoints/small/step_18000.pt (step 18000)
step     10 | train_loss 2.6564 | lr 8.18e-05
step     20 | train_loss 2.7033 | lr 8.95e-05
step     25 | val_loss 2.8063 | val_ppl 16.55
step     30 | train_loss 2.6909 | lr 8.77e-05
step     40 | train_loss 2.6857 | lr 8.44e-05
step     50 | train_loss 2.7117 | lr 8.00e-05
step     50 | val_loss 2.7651 | val_ppl 15.88
step     60 | train_loss 2.8025 | lr 7.44e-05
step     70 | train_loss 3.1423 | lr 6.80e-05
step     75 | val_loss 2.7336 | val_ppl 15.39
step     80 | train_loss 2.6309 | lr 6.08e-05
step     90 | train_loss 2.6647 | lr 5.33e-05
step    100 | train_loss 2.7697 | lr 4.57e-05
step    100 | val_loss 2.7156 | val_ppl 15.11
step    110 | train_loss 2.6252 | lr 3.82e-05
step    120 | train_loss 2.9334 | lr 3.10e-05
step    125 | val_loss 2.6990 | val_ppl 14.86
step    130 | train_loss 2.6548 | lr 2.46e-05
step    140 | train_loss 2.7889 | lr 1.90e-05
step    150 | train_loss 2.7536 | lr 1.46e-05
step    150 | val_loss 2.6896 | val_ppl 14.73
step    160 | train_loss 2.5276 | lr 1.13e-05
step    170 | train_loss 2.6610 | lr 9.46e-06
step    175 | val_loss 2.6836 | val_ppl 14.64
step    177 | train_loss 2.5497 | lr 9.01e-06
step    177 | val_loss 2.6834 | val_ppl 14.63
Saved checkpoint to /home/system/projects/AuthLLM/checkpoints/lr_scaling_small/alpaca_ninth_unpacked_177_lr9e-05_seed1338/step_177.pt
