Data: 50,868 train / 1,038 val examples (68 dropped as longer than 512 tokens)
Model: small (29,938,560 parameters), initialized from checkpoints/small/step_18000.pt (step 18000)
step     10 | train_loss 3.2825 | lr 6.00e-06
step     20 | train_loss 3.0542 | lr 1.20e-05
step     30 | train_loss 2.8118 | lr 1.80e-05
step     40 | train_loss 2.7417 | lr 2.40e-05
step     50 | train_loss 2.8540 | lr 3.00e-05
step     60 | train_loss 3.0012 | lr 3.60e-05
step     70 | train_loss 2.4865 | lr 4.20e-05
step     80 | train_loss 2.6433 | lr 4.80e-05
step     90 | train_loss 2.5757 | lr 5.40e-05
step    100 | train_loss 2.6882 | lr 6.00e-05
step    110 | train_loss 2.7867 | lr 6.00e-05
step    120 | train_loss 2.8242 | lr 6.00e-05
step    130 | train_loss 2.5990 | lr 6.00e-05
step    140 | train_loss 2.8349 | lr 5.99e-05
step    150 | train_loss 2.8306 | lr 5.99e-05
step    160 | train_loss 2.6684 | lr 5.98e-05
step    170 | train_loss 2.7083 | lr 5.97e-05
step    180 | train_loss 2.9343 | lr 5.96e-05
step    190 | train_loss 2.8795 | lr 5.95e-05
step    200 | train_loss 2.6672 | lr 5.94e-05
step    210 | train_loss 2.5995 | lr 5.93e-05
step    220 | train_loss 2.6912 | lr 5.92e-05
step    228 | val_loss 2.6726 | val_ppl 14.48
step    230 | train_loss 2.7110 | lr 5.90e-05
step    240 | train_loss 2.7454 | lr 5.89e-05
step    250 | train_loss 2.6416 | lr 5.87e-05
step    260 | train_loss 2.6092 | lr 5.85e-05
step    270 | train_loss 2.6019 | lr 5.83e-05
step    280 | train_loss 2.6733 | lr 5.81e-05
step    290 | train_loss 2.5565 | lr 5.79e-05
step    300 | train_loss 2.7025 | lr 5.77e-05
step    310 | train_loss 2.7746 | lr 5.75e-05
step    320 | train_loss 2.6234 | lr 5.72e-05
step    330 | train_loss 3.0754 | lr 5.70e-05
step    340 | train_loss 2.5977 | lr 5.67e-05
step    350 | train_loss 2.7536 | lr 5.64e-05
step    360 | train_loss 2.7108 | lr 5.61e-05
step    370 | train_loss 2.5524 | lr 5.58e-05
step    380 | train_loss 2.6610 | lr 5.55e-05
step    390 | train_loss 2.7552 | lr 5.52e-05
step    400 | train_loss 2.6071 | lr 5.49e-05
step    410 | train_loss 2.6775 | lr 5.45e-05
step    420 | train_loss 2.7517 | lr 5.42e-05
step    430 | train_loss 2.7592 | lr 5.38e-05
step    440 | train_loss 2.6941 | lr 5.35e-05
step    450 | train_loss 2.8869 | lr 5.31e-05
step    456 | val_loss 2.6421 | val_ppl 14.04
step    460 | train_loss 2.4646 | lr 5.27e-05
step    470 | train_loss 2.8486 | lr 5.23e-05
step    480 | train_loss 2.7446 | lr 5.19e-05
step    490 | train_loss 2.7866 | lr 5.15e-05
step    500 | train_loss 2.5228 | lr 5.11e-05
step    510 | train_loss 2.7054 | lr 5.07e-05
step    520 | train_loss 2.6828 | lr 5.03e-05
step    530 | train_loss 2.4702 | lr 4.98e-05
step    540 | train_loss 2.6932 | lr 4.94e-05
step    550 | train_loss 2.6820 | lr 4.89e-05
step    560 | train_loss 2.5830 | lr 4.85e-05
step    570 | train_loss 2.5581 | lr 4.80e-05
step    580 | train_loss 2.7259 | lr 4.75e-05
step    590 | train_loss 2.5754 | lr 4.70e-05
step    600 | train_loss 2.5931 | lr 4.65e-05
step    610 | train_loss 2.6764 | lr 4.61e-05
step    620 | train_loss 2.8266 | lr 4.56e-05
step    630 | train_loss 2.5404 | lr 4.51e-05
step    640 | train_loss 2.7638 | lr 4.45e-05
step    650 | train_loss 2.7432 | lr 4.40e-05
step    660 | train_loss 2.6582 | lr 4.35e-05
step    670 | train_loss 2.6821 | lr 4.30e-05
step    680 | train_loss 2.2711 | lr 4.25e-05
step    684 | val_loss 2.6246 | val_ppl 13.80
step    690 | train_loss 2.7554 | lr 4.19e-05
step    700 | train_loss 2.6081 | lr 4.14e-05
step    710 | train_loss 2.6215 | lr 4.09e-05
step    720 | train_loss 2.5966 | lr 4.03e-05
step    730 | train_loss 2.6647 | lr 3.98e-05
step    740 | train_loss 2.6550 | lr 3.92e-05
step    750 | train_loss 2.5682 | lr 3.87e-05
step    760 | train_loss 2.6666 | lr 3.81e-05
step    770 | train_loss 2.6002 | lr 3.76e-05
step    780 | train_loss 2.6670 | lr 3.70e-05
step    790 | train_loss 2.9730 | lr 3.64e-05
step    800 | train_loss 2.5817 | lr 3.59e-05
step    810 | train_loss 2.6272 | lr 3.53e-05
step    820 | train_loss 2.4983 | lr 3.48e-05
step    830 | train_loss 2.6574 | lr 3.42e-05
step    840 | train_loss 2.5520 | lr 3.36e-05
step    850 | train_loss 2.5960 | lr 3.31e-05
step    860 | train_loss 2.5028 | lr 3.25e-05
step    870 | train_loss 2.4124 | lr 3.19e-05
step    880 | train_loss 2.5549 | lr 3.14e-05
step    890 | train_loss 2.6758 | lr 3.08e-05
step    900 | train_loss 2.8934 | lr 3.02e-05
step    910 | train_loss 2.2750 | lr 2.97e-05
step    912 | val_loss 2.6185 | val_ppl 13.71
step    920 | train_loss 2.5694 | lr 2.91e-05
step    930 | train_loss 2.6883 | lr 2.86e-05
step    940 | train_loss 2.4831 | lr 2.80e-05
step    950 | train_loss 2.8491 | lr 2.74e-05
step    960 | train_loss 3.0311 | lr 2.69e-05
step    970 | train_loss 2.6426 | lr 2.63e-05
step    980 | train_loss 2.6998 | lr 2.58e-05
step    990 | train_loss 2.6634 | lr 2.53e-05
step   1000 | train_loss 2.3179 | lr 2.47e-05
step   1010 | train_loss 2.7580 | lr 2.42e-05
step   1020 | train_loss 2.5878 | lr 2.36e-05
step   1030 | train_loss 2.7887 | lr 2.31e-05
step   1040 | train_loss 2.7999 | lr 2.26e-05
step   1050 | train_loss 2.6802 | lr 2.21e-05
step   1060 | train_loss 2.8067 | lr 2.16e-05
step   1070 | train_loss 2.6509 | lr 2.10e-05
step   1080 | train_loss 2.4590 | lr 2.05e-05
step   1090 | train_loss 2.6599 | lr 2.00e-05
step   1100 | train_loss 2.3912 | lr 1.95e-05
step   1110 | train_loss 2.6725 | lr 1.91e-05
step   1120 | train_loss 2.5810 | lr 1.86e-05
step   1130 | train_loss 2.6052 | lr 1.81e-05
step   1140 | train_loss 2.6216 | lr 1.76e-05
step   1140 | val_loss 2.6049 | val_ppl 13.53
step   1150 | train_loss 2.7846 | lr 1.72e-05
step   1160 | train_loss 2.7379 | lr 1.67e-05
step   1170 | train_loss 2.7431 | lr 1.63e-05
step   1180 | train_loss 2.2833 | lr 1.58e-05
step   1190 | train_loss 2.7224 | lr 1.54e-05
step   1200 | train_loss 2.7703 | lr 1.50e-05
step   1210 | train_loss 2.4378 | lr 1.46e-05
step   1220 | train_loss 2.5711 | lr 1.41e-05
step   1230 | train_loss 2.6448 | lr 1.37e-05
step   1240 | train_loss 2.5299 | lr 1.34e-05
step   1250 | train_loss 2.7904 | lr 1.30e-05
step   1260 | train_loss 2.4263 | lr 1.26e-05
step   1270 | train_loss 2.5077 | lr 1.22e-05
step   1280 | train_loss 2.7218 | lr 1.19e-05
step   1290 | train_loss 2.4009 | lr 1.15e-05
step   1300 | train_loss 2.9606 | lr 1.12e-05
step   1310 | train_loss 2.4809 | lr 1.09e-05
step   1320 | train_loss 2.4547 | lr 1.05e-05
step   1330 | train_loss 2.8336 | lr 1.02e-05
step   1340 | train_loss 2.5922 | lr 9.93e-06
step   1350 | train_loss 2.6639 | lr 9.65e-06
step   1360 | train_loss 2.8491 | lr 9.37e-06
step   1368 | val_loss 2.5964 | val_ppl 13.42
step   1370 | train_loss 2.5064 | lr 9.10e-06
step   1380 | train_loss 2.7752 | lr 8.84e-06
step   1390 | train_loss 2.4301 | lr 8.59e-06
step   1400 | train_loss 2.7501 | lr 8.36e-06
step   1410 | train_loss 2.5184 | lr 8.13e-06
step   1420 | train_loss 2.6981 | lr 7.92e-06
step   1430 | train_loss 2.7403 | lr 7.71e-06
step   1440 | train_loss 2.6623 | lr 7.52e-06
step   1450 | train_loss 2.5362 | lr 7.34e-06
step   1460 | train_loss 2.6577 | lr 7.17e-06
step   1470 | train_loss 2.6124 | lr 7.01e-06
step   1480 | train_loss 2.4089 | lr 6.86e-06
step   1490 | train_loss 2.8651 | lr 6.73e-06
step   1500 | train_loss 2.6997 | lr 6.60e-06
step   1510 | train_loss 2.3688 | lr 6.49e-06
step   1520 | train_loss 2.5809 | lr 6.39e-06
step   1530 | train_loss 2.6965 | lr 6.30e-06
step   1540 | train_loss 2.4783 | lr 6.22e-06
step   1550 | train_loss 2.6776 | lr 6.15e-06
step   1560 | train_loss 2.4965 | lr 6.10e-06
step   1570 | train_loss 2.4439 | lr 6.06e-06
step   1580 | train_loss 2.5672 | lr 6.03e-06
step   1590 | train_loss 2.6101 | lr 6.01e-06
step   1596 | val_loss 2.5927 | val_ppl 13.37
step   1600 | train_loss 2.6155 | lr 6.00e-06
step   1600 | val_loss 2.5927 | val_ppl 13.37
Saved checkpoint to /home/system/projects/AuthLLM/checkpoints/lr_scaling_small/alpaca_unpacked_1600_lr6e-05_seed1337/step_1600.pt
