Data: 5,652 train / 115 val examples (0 dropped as longer than 512 tokens)
Model: small (29,938,560 parameters), initialized from checkpoints/small/step_18000.pt (step 18000)
step     10 | train_loss 2.8584 | lr 2.27e-04
step     20 | train_loss 2.8606 | lr 2.49e-04
step     25 | val_loss 2.9209 | val_ppl 18.56
step     30 | train_loss 3.0525 | lr 2.44e-04
step     40 | train_loss 2.9505 | lr 2.35e-04
step     50 | train_loss 2.9643 | lr 2.22e-04
step     50 | val_loss 2.9474 | val_ppl 19.06
step     60 | train_loss 2.9535 | lr 2.07e-04
step     70 | train_loss 3.1082 | lr 1.89e-04
step     75 | val_loss 2.9235 | val_ppl 18.61
step     80 | train_loss 2.6315 | lr 1.69e-04
step     90 | train_loss 2.9737 | lr 1.48e-04
step    100 | train_loss 2.9261 | lr 1.27e-04
step    100 | val_loss 2.8786 | val_ppl 17.79
step    110 | train_loss 3.0951 | lr 1.06e-04
step    120 | train_loss 2.9051 | lr 8.62e-05
step    125 | val_loss 2.8474 | val_ppl 17.24
step    130 | train_loss 2.5743 | lr 6.83e-05
step    140 | train_loss 2.9021 | lr 5.29e-05
step    150 | train_loss 2.8073 | lr 4.04e-05
step    150 | val_loss 2.8142 | val_ppl 16.68
step    160 | train_loss 2.7207 | lr 3.15e-05
step    170 | train_loss 2.7645 | lr 2.63e-05
step    175 | val_loss 2.7961 | val_ppl 16.38
step    177 | train_loss 2.6124 | lr 2.50e-05
step    177 | val_loss 2.7947 | val_ppl 16.36
Saved checkpoint to /home/system/projects/AuthLLM/checkpoints/lr_scaling_small/alpaca_ninth_unpacked_177_lr0.00025_seed1337/step_177.pt
