Data: 50,867 train / 1,039 val examples (68 dropped as longer than 512 tokens)
Model: small (29,938,560 parameters), initialized from checkpoints/small/step_18000.pt (step 18000)
step     10 | train_loss 3.2237 | lr 6.00e-06
step     20 | train_loss 2.8229 | lr 1.20e-05
step     30 | train_loss 2.9523 | lr 1.80e-05
step     40 | train_loss 3.0717 | lr 2.40e-05
step     50 | train_loss 2.9940 | lr 3.00e-05
step     60 | train_loss 2.7239 | lr 3.60e-05
step     70 | train_loss 2.5561 | lr 4.20e-05
step     80 | train_loss 2.6192 | lr 4.80e-05
step     90 | train_loss 3.0643 | lr 5.40e-05
step    100 | train_loss 2.8588 | lr 6.00e-05
step    110 | train_loss 2.9704 | lr 6.00e-05
step    120 | train_loss 2.4515 | lr 6.00e-05
step    130 | train_loss 2.6788 | lr 6.00e-05
step    140 | train_loss 2.7148 | lr 5.99e-05
step    150 | train_loss 2.7232 | lr 5.99e-05
step    160 | train_loss 2.6304 | lr 5.98e-05
step    170 | train_loss 2.5860 | lr 5.97e-05
step    180 | train_loss 2.8161 | lr 5.96e-05
step    190 | train_loss 2.8582 | lr 5.95e-05
step    200 | train_loss 2.8739 | lr 5.94e-05
step    210 | train_loss 2.7040 | lr 5.93e-05
step    220 | train_loss 2.7712 | lr 5.92e-05
step    228 | val_loss 2.7762 | val_ppl 16.06
step    230 | train_loss 2.5029 | lr 5.90e-05
step    240 | train_loss 2.6032 | lr 5.89e-05
step    250 | train_loss 2.6400 | lr 5.87e-05
step    260 | train_loss 2.6707 | lr 5.85e-05
step    270 | train_loss 2.6202 | lr 5.83e-05
step    280 | train_loss 2.6747 | lr 5.81e-05
step    290 | train_loss 2.6140 | lr 5.79e-05
step    300 | train_loss 3.2305 | lr 5.77e-05
step    310 | train_loss 2.7617 | lr 5.75e-05
step    320 | train_loss 2.7184 | lr 5.72e-05
step    330 | train_loss 2.5713 | lr 5.70e-05
step    340 | train_loss 2.9421 | lr 5.67e-05
step    350 | train_loss 2.6923 | lr 5.64e-05
step    360 | train_loss 2.7197 | lr 5.61e-05
step    370 | train_loss 2.6255 | lr 5.58e-05
step    380 | train_loss 2.7853 | lr 5.55e-05
step    390 | train_loss 2.6155 | lr 5.52e-05
step    400 | train_loss 2.6781 | lr 5.49e-05
step    410 | train_loss 2.8192 | lr 5.45e-05
step    420 | train_loss 2.6343 | lr 5.42e-05
step    430 | train_loss 2.6263 | lr 5.38e-05
step    440 | train_loss 2.6646 | lr 5.35e-05
step    450 | train_loss 2.6315 | lr 5.31e-05
step    456 | val_loss 2.7437 | val_ppl 15.54
step    460 | train_loss 2.4717 | lr 5.27e-05
step    470 | train_loss 2.6800 | lr 5.23e-05
step    480 | train_loss 2.4339 | lr 5.19e-05
step    490 | train_loss 2.6715 | lr 5.15e-05
step    500 | train_loss 2.7147 | lr 5.11e-05
step    510 | train_loss 2.6376 | lr 5.07e-05
step    520 | train_loss 2.5651 | lr 5.03e-05
step    530 | train_loss 2.5518 | lr 4.98e-05
step    540 | train_loss 2.7678 | lr 4.94e-05
step    550 | train_loss 2.7226 | lr 4.89e-05
step    560 | train_loss 2.3796 | lr 4.85e-05
step    570 | train_loss 2.7962 | lr 4.80e-05
step    580 | train_loss 2.6587 | lr 4.75e-05
step    590 | train_loss 2.4950 | lr 4.70e-05
step    600 | train_loss 2.6032 | lr 4.65e-05
step    610 | train_loss 2.5884 | lr 4.61e-05
step    620 | train_loss 2.4597 | lr 4.56e-05
step    630 | train_loss 2.6751 | lr 4.51e-05
step    640 | train_loss 2.6799 | lr 4.45e-05
step    650 | train_loss 2.9181 | lr 4.40e-05
step    660 | train_loss 2.4574 | lr 4.35e-05
step    670 | train_loss 2.6278 | lr 4.30e-05
step    680 | train_loss 2.6378 | lr 4.25e-05
step    684 | val_loss 2.7312 | val_ppl 15.35
step    690 | train_loss 2.5683 | lr 4.19e-05
step    700 | train_loss 2.5193 | lr 4.14e-05
step    710 | train_loss 2.7250 | lr 4.09e-05
step    720 | train_loss 2.5257 | lr 4.03e-05
step    730 | train_loss 2.7245 | lr 3.98e-05
step    740 | train_loss 2.6540 | lr 3.92e-05
step    750 | train_loss 2.6699 | lr 3.87e-05
step    760 | train_loss 2.7261 | lr 3.81e-05
step    770 | train_loss 2.6604 | lr 3.76e-05
step    780 | train_loss 2.7870 | lr 3.70e-05
step    790 | train_loss 2.7193 | lr 3.64e-05
step    800 | train_loss 2.6274 | lr 3.59e-05
step    810 | train_loss 2.7955 | lr 3.53e-05
step    820 | train_loss 2.8376 | lr 3.48e-05
step    830 | train_loss 2.7186 | lr 3.42e-05
step    840 | train_loss 2.5210 | lr 3.36e-05
step    850 | train_loss 2.7776 | lr 3.31e-05
step    860 | train_loss 2.9166 | lr 3.25e-05
step    870 | train_loss 2.5799 | lr 3.19e-05
step    880 | train_loss 2.7668 | lr 3.14e-05
step    890 | train_loss 2.8042 | lr 3.08e-05
step    900 | train_loss 2.4392 | lr 3.02e-05
step    910 | train_loss 2.6884 | lr 2.97e-05
step    912 | val_loss 2.7192 | val_ppl 15.17
step    920 | train_loss 2.6694 | lr 2.91e-05
step    930 | train_loss 2.8643 | lr 2.86e-05
step    940 | train_loss 2.4776 | lr 2.80e-05
step    950 | train_loss 2.4066 | lr 2.74e-05
step    960 | train_loss 2.7628 | lr 2.69e-05
step    970 | train_loss 2.8653 | lr 2.63e-05
step    980 | train_loss 2.9951 | lr 2.58e-05
step    990 | train_loss 2.5749 | lr 2.53e-05
step   1000 | train_loss 2.7822 | lr 2.47e-05
step   1010 | train_loss 2.7109 | lr 2.42e-05
step   1020 | train_loss 2.7250 | lr 2.36e-05
step   1030 | train_loss 2.7719 | lr 2.31e-05
step   1040 | train_loss 2.6918 | lr 2.26e-05
step   1050 | train_loss 2.6371 | lr 2.21e-05
step   1060 | train_loss 2.4776 | lr 2.16e-05
step   1070 | train_loss 2.3371 | lr 2.10e-05
step   1080 | train_loss 2.4667 | lr 2.05e-05
step   1090 | train_loss 2.6912 | lr 2.00e-05
step   1100 | train_loss 2.5148 | lr 1.95e-05
step   1110 | train_loss 2.7077 | lr 1.91e-05
step   1120 | train_loss 2.6444 | lr 1.86e-05
step   1130 | train_loss 2.7181 | lr 1.81e-05
step   1140 | train_loss 2.5183 | lr 1.76e-05
step   1140 | val_loss 2.7101 | val_ppl 15.03
step   1150 | train_loss 2.6870 | lr 1.72e-05
step   1160 | train_loss 2.5700 | lr 1.67e-05
step   1170 | train_loss 2.6795 | lr 1.63e-05
step   1180 | train_loss 2.5493 | lr 1.58e-05
step   1190 | train_loss 2.8675 | lr 1.54e-05
step   1200 | train_loss 2.6704 | lr 1.50e-05
step   1210 | train_loss 2.9016 | lr 1.46e-05
step   1220 | train_loss 2.7017 | lr 1.41e-05
step   1230 | train_loss 2.6842 | lr 1.37e-05
step   1240 | train_loss 2.4928 | lr 1.34e-05
step   1250 | train_loss 2.4659 | lr 1.30e-05
step   1260 | train_loss 2.6555 | lr 1.26e-05
step   1270 | train_loss 2.6515 | lr 1.22e-05
step   1280 | train_loss 2.6262 | lr 1.19e-05
step   1290 | train_loss 2.4689 | lr 1.15e-05
step   1300 | train_loss 2.4252 | lr 1.12e-05
step   1310 | train_loss 2.3660 | lr 1.09e-05
step   1320 | train_loss 2.5536 | lr 1.05e-05
step   1330 | train_loss 2.7895 | lr 1.02e-05
step   1340 | train_loss 2.6135 | lr 9.93e-06
step   1350 | train_loss 2.6385 | lr 9.65e-06
step   1360 | train_loss 2.5823 | lr 9.37e-06
step   1368 | val_loss 2.7019 | val_ppl 14.91
step   1370 | train_loss 2.8767 | lr 9.10e-06
step   1380 | train_loss 2.4581 | lr 8.84e-06
step   1390 | train_loss 2.6260 | lr 8.59e-06
step   1400 | train_loss 2.7776 | lr 8.36e-06
step   1410 | train_loss 2.6534 | lr 8.13e-06
step   1420 | train_loss 2.5562 | lr 7.92e-06
step   1430 | train_loss 2.5309 | lr 7.71e-06
step   1440 | train_loss 2.4570 | lr 7.52e-06
step   1450 | train_loss 2.5946 | lr 7.34e-06
step   1460 | train_loss 2.7682 | lr 7.17e-06
step   1470 | train_loss 2.4991 | lr 7.01e-06
step   1480 | train_loss 2.8032 | lr 6.86e-06
step   1490 | train_loss 2.7314 | lr 6.73e-06
step   1500 | train_loss 2.7329 | lr 6.60e-06
step   1510 | train_loss 2.8105 | lr 6.49e-06
step   1520 | train_loss 2.5157 | lr 6.39e-06
step   1530 | train_loss 2.5565 | lr 6.30e-06
step   1540 | train_loss 2.6466 | lr 6.22e-06
step   1550 | train_loss 2.5652 | lr 6.15e-06
step   1560 | train_loss 2.6294 | lr 6.10e-06
step   1570 | train_loss 2.5791 | lr 6.06e-06
step   1580 | train_loss 2.3110 | lr 6.03e-06
step   1590 | train_loss 2.6467 | lr 6.01e-06
step   1596 | val_loss 2.6977 | val_ppl 14.85
step   1600 | train_loss 2.1954 | lr 6.00e-06
step   1600 | val_loss 2.6977 | val_ppl 14.84
Saved checkpoint to /home/system/projects/AuthLLM/checkpoints/lr_scaling_small/alpaca_unpacked_1600_lr6e-05_seed1339/step_1600.pt
