Data: 50,869 train / 1,037 val examples (68 dropped as longer than 512 tokens)
Packing: 50,869 examples into 11,220 windows (4.5 per window, 98.8% of positions used)
Model: small (29,938,560 parameters), initialized from checkpoints/small/step_18000.pt (step 18000)
step     10 | train_loss 2.7066 | lr 1.82e-04
step     20 | train_loss 2.7329 | lr 3.64e-04
step     30 | train_loss 2.7849 | lr 4.00e-04
step     40 | train_loss 2.7440 | lr 3.98e-04
step     50 | train_loss 2.6612 | lr 3.94e-04
step     50 | val_loss 2.7107 | val_ppl 15.04
step     60 | train_loss 2.8244 | lr 3.89e-04
step     70 | train_loss 2.7402 | lr 3.82e-04
step     80 | train_loss 2.7633 | lr 3.74e-04
step     90 | train_loss 2.8320 | lr 3.64e-04
step    100 | train_loss 2.7631 | lr 3.53e-04
step    100 | val_loss 2.6487 | val_ppl 14.14
step    110 | train_loss 2.7703 | lr 3.41e-04
step    120 | train_loss 2.6793 | lr 3.28e-04
step    130 | train_loss 2.7100 | lr 3.13e-04
step    140 | train_loss 2.6759 | lr 2.98e-04
step    150 | train_loss 2.6728 | lr 2.82e-04
step    150 | val_loss 2.5938 | val_ppl 13.38
step    160 | train_loss 2.6037 | lr 2.66e-04
step    170 | train_loss 2.5202 | lr 2.49e-04
step    180 | train_loss 2.6034 | lr 2.32e-04
step    190 | train_loss 2.5651 | lr 2.15e-04
step    200 | train_loss 2.5064 | lr 1.98e-04
step    200 | val_loss 2.5317 | val_ppl 12.57
step    210 | train_loss 2.5795 | lr 1.81e-04
step    220 | train_loss 2.5650 | lr 1.64e-04
step    230 | train_loss 2.5016 | lr 1.48e-04
step    240 | train_loss 2.5197 | lr 1.32e-04
step    250 | train_loss 2.5495 | lr 1.18e-04
step    250 | val_loss 2.4920 | val_ppl 12.09
step    260 | train_loss 2.5428 | lr 1.04e-04
step    270 | train_loss 2.4816 | lr 9.15e-05
step    280 | train_loss 2.5828 | lr 8.00e-05
step    290 | train_loss 2.4792 | lr 6.99e-05
step    300 | train_loss 2.5636 | lr 6.11e-05
step    300 | val_loss 2.4555 | val_ppl 11.65
step    310 | train_loss 2.5949 | lr 5.37e-05
step    320 | train_loss 2.6059 | lr 4.79e-05
step    330 | train_loss 2.5589 | lr 4.36e-05
step    340 | train_loss 2.6219 | lr 4.10e-05
step    350 | train_loss 2.4487 | lr 4.00e-05
step    350 | val_loss 2.4375 | val_ppl 11.44
Saved checkpoint to /home/system/projects/AuthLLM/checkpoints/lr_scaling_small/alpaca_packed_350_lr0.0004_seed1338/step_350.pt
