Data: 16,956 train / 346 val examples (0 dropped as longer than 512 tokens)
Packing: 16,956 examples into 3,763 windows (4.5 per window, 98.8% of positions used)
Model: small (29,938,560 parameters), initialized from checkpoints/small/step_18000.pt (step 18000)
step     10 | train_loss 2.9139 | lr 4.00e-04
step     16 | val_loss 2.8556 | val_ppl 17.39
step     20 | train_loss 2.8955 | lr 3.90e-04
step     30 | train_loss 2.8342 | lr 3.66e-04
step     32 | val_loss 2.8204 | val_ppl 16.78
step     40 | train_loss 2.6825 | lr 3.31e-04
step     48 | val_loss 2.7843 | val_ppl 16.19
step     50 | train_loss 2.7550 | lr 2.87e-04
step     60 | train_loss 2.6866 | lr 2.38e-04
step     64 | val_loss 2.7297 | val_ppl 15.33
step     70 | train_loss 2.5864 | lr 1.87e-04
step     80 | train_loss 2.6847 | lr 1.39e-04
step     80 | val_loss 2.6887 | val_ppl 14.71
step     90 | train_loss 2.5975 | lr 9.73e-05
step     96 | val_loss 2.6626 | val_ppl 14.33
step    100 | train_loss 2.7187 | lr 6.54e-05
step    110 | train_loss 2.7950 | lr 4.58e-05
step    112 | val_loss 2.6446 | val_ppl 14.08
step    118 | train_loss 2.5759 | lr 4.01e-05
step    118 | val_loss 2.6385 | val_ppl 13.99
Saved checkpoint to /home/system/projects/AuthLLM/checkpoints/lr_scaling_small/alpaca_third_packed_118_lr0.0004_seed1338/step_118.pt
