Data: 50,868 train / 1,038 val examples (68 dropped as longer than 512 tokens)
Packing: 50,868 examples into 11,220 windows (4.5 per window, 98.8% of positions used)
Model: small (29,938,560 parameters), initialized from checkpoints/small/step_18000.pt (step 18000)
step     10 | train_loss 2.9946 | lr 9.09e-06
step     20 | train_loss 2.9253 | lr 1.82e-05
step     30 | train_loss 2.7643 | lr 2.00e-05
step     40 | train_loss 2.7212 | lr 1.99e-05
step     50 | train_loss 2.6794 | lr 1.97e-05
step     50 | val_loss 2.7594 | val_ppl 15.79
step     60 | train_loss 2.7615 | lr 1.94e-05
step     70 | train_loss 2.7280 | lr 1.91e-05
step     80 | train_loss 2.7806 | lr 1.87e-05
step     90 | train_loss 2.6653 | lr 1.82e-05
step    100 | train_loss 2.8150 | lr 1.77e-05
step    100 | val_loss 2.6950 | val_ppl 14.81
step    110 | train_loss 2.7606 | lr 1.71e-05
step    120 | train_loss 2.7309 | lr 1.64e-05
step    130 | train_loss 2.6839 | lr 1.57e-05
step    140 | train_loss 2.6852 | lr 1.49e-05
step    150 | train_loss 2.6764 | lr 1.41e-05
step    150 | val_loss 2.6642 | val_ppl 14.36
step    160 | train_loss 2.6752 | lr 1.33e-05
step    170 | train_loss 2.6693 | lr 1.25e-05
step    180 | train_loss 2.6911 | lr 1.16e-05
step    190 | train_loss 2.6736 | lr 1.07e-05
step    200 | train_loss 2.7819 | lr 9.88e-06
step    200 | val_loss 2.6459 | val_ppl 14.10
step    210 | train_loss 2.6536 | lr 9.03e-06
step    220 | train_loss 2.5012 | lr 8.20e-06
step    230 | train_loss 2.6779 | lr 7.40e-06
step    240 | train_loss 2.6262 | lr 6.62e-06
step    250 | train_loss 2.7050 | lr 5.89e-06
step    250 | val_loss 2.6326 | val_ppl 13.91
step    260 | train_loss 2.6660 | lr 5.21e-06
step    270 | train_loss 2.7643 | lr 4.58e-06
step    280 | train_loss 2.7029 | lr 4.00e-06
step    290 | train_loss 2.6147 | lr 3.49e-06
step    300 | train_loss 2.6409 | lr 3.05e-06
step    300 | val_loss 2.6258 | val_ppl 13.82
step    310 | train_loss 2.6882 | lr 2.69e-06
step    320 | train_loss 2.5609 | lr 2.39e-06
step    330 | train_loss 2.8721 | lr 2.18e-06
step    340 | train_loss 2.5454 | lr 2.05e-06
step    350 | train_loss 2.6079 | lr 2.00e-06
step    350 | val_loss 2.6231 | val_ppl 13.78
Saved checkpoint to /home/system/projects/AuthLLM/checkpoints/lr_scaling_small/alpaca_packed_350_lr2e-05_seed1337/step_350.pt
