Data: 5,652 train / 115 val examples (0 dropped as longer than 512 tokens)
Model: small (29,938,560 parameters), initialized from checkpoints/small/step_18000.pt (step 18000)
step     10 | train_loss 2.9077 | lr 2.73e-05
step     20 | train_loss 2.8482 | lr 2.98e-05
step     25 | val_loss 2.8514 | val_ppl 17.31
step     30 | train_loss 2.9276 | lr 2.92e-05
step     40 | train_loss 2.8663 | lr 2.81e-05
step     50 | train_loss 2.8537 | lr 2.67e-05
step     50 | val_loss 2.8081 | val_ppl 16.58
step     60 | train_loss 2.8259 | lr 2.48e-05
step     70 | train_loss 2.9953 | lr 2.27e-05
step     75 | val_loss 2.7878 | val_ppl 16.25
step     80 | train_loss 2.6090 | lr 2.03e-05
step     90 | train_loss 2.8729 | lr 1.78e-05
step    100 | train_loss 2.7974 | lr 1.52e-05
step    100 | val_loss 2.7726 | val_ppl 16.00
step    110 | train_loss 2.9941 | lr 1.27e-05
step    120 | train_loss 2.8277 | lr 1.03e-05
step    125 | val_loss 2.7626 | val_ppl 15.84
step    130 | train_loss 2.4826 | lr 8.20e-06
step    140 | train_loss 2.8493 | lr 6.34e-06
step    150 | train_loss 2.7597 | lr 4.85e-06
step    150 | val_loss 2.7554 | val_ppl 15.73
step    160 | train_loss 2.6949 | lr 3.78e-06
step    170 | train_loss 2.7261 | lr 3.15e-06
step    175 | val_loss 2.7517 | val_ppl 15.67
step    177 | train_loss 2.6668 | lr 3.00e-06
step    177 | val_loss 2.7514 | val_ppl 15.66
Saved checkpoint to /home/system/projects/AuthLLM/checkpoints/lr_scaling_small/alpaca_ninth_unpacked_177_lr3e-05_seed1337/step_177.pt
