Data: 16,956 train / 346 val examples (0 dropped as longer than 512 tokens)
Model: small (29,938,560 parameters), initialized from checkpoints/small/step_18000.pt (step 18000)
step     10 | train_loss 2.9904 | lr 1.82e-05
step     20 | train_loss 2.8433 | lr 3.64e-05
step     30 | train_loss 2.8869 | lr 5.45e-05
step     40 | train_loss 2.7102 | lr 6.00e-05
step     50 | train_loss 2.7906 | lr 5.99e-05
step     60 | train_loss 2.7672 | lr 5.96e-05
step     70 | train_loss 2.7631 | lr 5.93e-05
step     75 | val_loss 2.7622 | val_ppl 15.84
step     80 | train_loss 2.7813 | lr 5.89e-05
step     90 | train_loss 2.7555 | lr 5.83e-05
step    100 | train_loss 2.5560 | lr 5.77e-05
step    110 | train_loss 2.8247 | lr 5.69e-05
step    120 | train_loss 2.6869 | lr 5.61e-05
step    130 | train_loss 2.6704 | lr 5.52e-05
step    140 | train_loss 2.7933 | lr 5.42e-05
step    150 | train_loss 2.5623 | lr 5.31e-05
step    150 | val_loss 2.7216 | val_ppl 15.21
step    160 | train_loss 2.6520 | lr 5.19e-05
step    170 | train_loss 2.8642 | lr 5.06e-05
step    180 | train_loss 2.6023 | lr 4.93e-05
step    190 | train_loss 2.7553 | lr 4.79e-05
step    200 | train_loss 2.6684 | lr 4.65e-05
step    210 | train_loss 2.3161 | lr 4.49e-05
step    220 | train_loss 2.5370 | lr 4.34e-05
step    225 | val_loss 2.6922 | val_ppl 14.76
step    230 | train_loss 2.6822 | lr 4.18e-05
step    240 | train_loss 2.5350 | lr 4.02e-05
step    250 | train_loss 2.6100 | lr 3.85e-05
step    260 | train_loss 2.8159 | lr 3.68e-05
step    270 | train_loss 2.7001 | lr 3.51e-05
step    280 | train_loss 2.5973 | lr 3.34e-05
step    290 | train_loss 2.7035 | lr 3.17e-05
step    300 | train_loss 2.7844 | lr 3.00e-05
step    300 | val_loss 2.6765 | val_ppl 14.53
step    310 | train_loss 2.4782 | lr 2.83e-05
step    320 | train_loss 2.6264 | lr 2.67e-05
step    330 | train_loss 2.7881 | lr 2.50e-05
step    340 | train_loss 2.7622 | lr 2.34e-05
step    350 | train_loss 2.6676 | lr 2.18e-05
step    360 | train_loss 2.7127 | lr 2.03e-05
step    370 | train_loss 2.8370 | lr 1.88e-05
step    375 | val_loss 2.6612 | val_ppl 14.31
step    380 | train_loss 2.6411 | lr 1.74e-05
step    390 | train_loss 2.5789 | lr 1.60e-05
step    400 | train_loss 2.7042 | lr 1.47e-05
step    410 | train_loss 2.5692 | lr 1.35e-05
step    420 | train_loss 2.5866 | lr 1.24e-05
step    430 | train_loss 3.0815 | lr 1.13e-05
step    440 | train_loss 2.6179 | lr 1.03e-05
step    450 | train_loss 2.7939 | lr 9.46e-06
step    450 | val_loss 2.6514 | val_ppl 14.17
step    460 | train_loss 2.6180 | lr 8.67e-06
step    470 | train_loss 2.5049 | lr 7.98e-06
step    480 | train_loss 2.1172 | lr 7.39e-06
step    490 | train_loss 2.6530 | lr 6.90e-06
step    500 | train_loss 2.4820 | lr 6.52e-06
step    510 | train_loss 2.6888 | lr 6.24e-06
step    520 | train_loss 2.6489 | lr 6.07e-06
step    525 | val_loss 2.6454 | val_ppl 14.09
step    530 | train_loss 2.6453 | lr 6.00e-06
step    530 | val_loss 2.6446 | val_ppl 14.08
Saved checkpoint to /home/system/projects/AuthLLM/checkpoints/lr_scaling_small/alpaca_third_unpacked_530_lr6e-05_seed1338/step_530.pt
