Data: 50,868 train / 1,038 val examples (68 dropped as longer than 512 tokens)
Packing: 50,868 examples into 11,220 windows (4.5 per window, 98.8% of positions used)
Model: small (29,938,560 parameters), initialized from checkpoints/small/step_18000.pt (step 18000)
step     10 | train_loss 2.9116 | lr 2.73e-05
step     20 | train_loss 2.8691 | lr 5.45e-05
step     30 | train_loss 2.6970 | lr 5.99e-05
step     40 | train_loss 2.6726 | lr 5.96e-05
step     50 | train_loss 2.6191 | lr 5.91e-05
step     50 | val_loss 2.6906 | val_ppl 14.74
step     60 | train_loss 2.6874 | lr 5.83e-05
step     70 | train_loss 2.6588 | lr 5.73e-05
step     80 | train_loss 2.7145 | lr 5.61e-05
step     90 | train_loss 2.6094 | lr 5.46e-05
step    100 | train_loss 2.7456 | lr 5.30e-05
step    100 | val_loss 2.6247 | val_ppl 13.80
step    110 | train_loss 2.6944 | lr 5.12e-05
step    120 | train_loss 2.6545 | lr 4.92e-05
step    130 | train_loss 2.6257 | lr 4.70e-05
step    140 | train_loss 2.6282 | lr 4.47e-05
step    150 | train_loss 2.6003 | lr 4.24e-05
step    150 | val_loss 2.5877 | val_ppl 13.30
step    160 | train_loss 2.6121 | lr 3.99e-05
step    170 | train_loss 2.5823 | lr 3.74e-05
step    180 | train_loss 2.6055 | lr 3.48e-05
step    190 | train_loss 2.5831 | lr 3.22e-05
step    200 | train_loss 2.7096 | lr 2.96e-05
step    200 | val_loss 2.5638 | val_ppl 12.99
step    210 | train_loss 2.5785 | lr 2.71e-05
step    220 | train_loss 2.3878 | lr 2.46e-05
step    230 | train_loss 2.5986 | lr 2.22e-05
step    240 | train_loss 2.5644 | lr 1.99e-05
step    250 | train_loss 2.5847 | lr 1.77e-05
step    250 | val_loss 2.5482 | val_ppl 12.78
step    260 | train_loss 2.5859 | lr 1.56e-05
step    270 | train_loss 2.6785 | lr 1.37e-05
step    280 | train_loss 2.6029 | lr 1.20e-05
step    290 | train_loss 2.5249 | lr 1.05e-05
step    300 | train_loss 2.5551 | lr 9.16e-06
step    300 | val_loss 2.5387 | val_ppl 12.66
step    310 | train_loss 2.5785 | lr 8.06e-06
step    320 | train_loss 2.4703 | lr 7.18e-06
step    330 | train_loss 2.7937 | lr 6.54e-06
step    340 | train_loss 2.4754 | lr 6.15e-06
step    350 | train_loss 2.5220 | lr 6.00e-06
step    350 | val_loss 2.5349 | val_ppl 12.61
Saved checkpoint to /home/system/projects/AuthLLM/checkpoints/lr_scaling_small/alpaca_packed_350_lr6e-05_seed1337/step_350.pt
