Data: 5,652 train / 115 val examples (0 dropped as longer than 512 tokens)
Model: small (29,938,560 parameters), initialized from checkpoints/small/step_18000.pt (step 18000)
step     10 | train_loss 2.8776 | lr 5.45e-05
step     20 | train_loss 2.8172 | lr 5.97e-05
step     25 | val_loss 2.8366 | val_ppl 17.06
step     30 | train_loss 2.9178 | lr 5.84e-05
step     40 | train_loss 2.8538 | lr 5.63e-05
step     50 | train_loss 2.8347 | lr 5.33e-05
step     50 | val_loss 2.7965 | val_ppl 16.39
step     60 | train_loss 2.8012 | lr 4.96e-05
step     70 | train_loss 2.9880 | lr 4.53e-05
step     75 | val_loss 2.7750 | val_ppl 16.04
step     80 | train_loss 2.5585 | lr 4.06e-05
step     90 | train_loss 2.8504 | lr 3.56e-05
step    100 | train_loss 2.7788 | lr 3.04e-05
step    100 | val_loss 2.7561 | val_ppl 15.74
step    110 | train_loss 2.9747 | lr 2.54e-05
step    120 | train_loss 2.8057 | lr 2.07e-05
step    125 | val_loss 2.7406 | val_ppl 15.50
step    130 | train_loss 2.4693 | lr 1.64e-05
step    140 | train_loss 2.8265 | lr 1.27e-05
step    150 | train_loss 2.7337 | lr 9.70e-06
step    150 | val_loss 2.7305 | val_ppl 15.34
step    160 | train_loss 2.6621 | lr 7.55e-06
step    170 | train_loss 2.6934 | lr 6.31e-06
step    175 | val_loss 2.7247 | val_ppl 15.25
step    177 | train_loss 2.6266 | lr 6.00e-06
step    177 | val_loss 2.7242 | val_ppl 15.24
Saved checkpoint to /home/system/projects/AuthLLM/checkpoints/lr_scaling_small/alpaca_ninth_unpacked_177_lr6e-05_seed1337/step_177.pt
