Data: 16,956 train / 346 val examples (0 dropped as longer than 512 tokens)
Packing: 16,956 examples into 3,763 windows (4.5 per window, 98.8% of positions used)
Model: small (29,938,560 parameters), initialized from checkpoints/small/step_18000.pt (step 18000)
step     10 | train_loss 2.8666 | lr 1.50e-04
step     16 | val_loss 2.7855 | val_ppl 16.21
step     20 | train_loss 2.8173 | lr 1.46e-04
step     30 | train_loss 2.7438 | lr 1.37e-04
step     32 | val_loss 2.7244 | val_ppl 15.25
step     40 | train_loss 2.5981 | lr 1.24e-04
step     48 | val_loss 2.6929 | val_ppl 14.77
step     50 | train_loss 2.6767 | lr 1.08e-04
step     60 | train_loss 2.6185 | lr 8.92e-05
step     64 | val_loss 2.6627 | val_ppl 14.34
step     70 | train_loss 2.5242 | lr 7.02e-05
step     80 | train_loss 2.6410 | lr 5.21e-05
step     80 | val_loss 2.6424 | val_ppl 14.05
step     90 | train_loss 2.5520 | lr 3.65e-05
step     96 | val_loss 2.6294 | val_ppl 13.87
step    100 | train_loss 2.6920 | lr 2.45e-05
step    110 | train_loss 2.7510 | lr 1.72e-05
step    112 | val_loss 2.6211 | val_ppl 13.75
step    118 | train_loss 2.6223 | lr 1.50e-05
step    118 | val_loss 2.6188 | val_ppl 13.72
Saved checkpoint to /home/system/projects/AuthLLM/checkpoints/lr_scaling_small/alpaca_third_packed_118_lr0.00015_seed1338/step_118.pt
