Data: 16,956 train / 346 val examples (0 dropped as longer than 512 tokens)
Model: small (29,938,560 parameters), initialized from checkpoints/small/step_18000.pt (step 18000)
step     10 | train_loss 3.0536 | lr 9.09e-06
step     20 | train_loss 2.8902 | lr 1.82e-05
step     30 | train_loss 2.7232 | lr 2.73e-05
step     40 | train_loss 2.9192 | lr 3.00e-05
step     50 | train_loss 2.7821 | lr 2.99e-05
step     60 | train_loss 2.7406 | lr 2.98e-05
step     70 | train_loss 2.8422 | lr 2.97e-05
step     75 | val_loss 2.7385 | val_ppl 15.46
step     80 | train_loss 2.8639 | lr 2.94e-05
step     90 | train_loss 2.6869 | lr 2.92e-05
step    100 | train_loss 2.6258 | lr 2.88e-05
step    110 | train_loss 2.5774 | lr 2.85e-05
step    120 | train_loss 2.5105 | lr 2.81e-05
step    130 | train_loss 2.8056 | lr 2.76e-05
step    140 | train_loss 2.9610 | lr 2.71e-05
step    150 | train_loss 2.5242 | lr 2.65e-05
step    150 | val_loss 2.6909 | val_ppl 14.74
step    160 | train_loss 2.8287 | lr 2.59e-05
step    170 | train_loss 2.8235 | lr 2.53e-05
step    180 | train_loss 2.7213 | lr 2.46e-05
step    190 | train_loss 2.5076 | lr 2.40e-05
step    200 | train_loss 2.8321 | lr 2.32e-05
step    210 | train_loss 2.6506 | lr 2.25e-05
step    220 | train_loss 2.7091 | lr 2.17e-05
step    225 | val_loss 2.6634 | val_ppl 14.35
step    230 | train_loss 2.7277 | lr 2.09e-05
step    240 | train_loss 2.6477 | lr 2.01e-05
step    250 | train_loss 2.8053 | lr 1.93e-05
step    260 | train_loss 2.7102 | lr 1.84e-05
step    270 | train_loss 2.7091 | lr 1.76e-05
step    280 | train_loss 2.6121 | lr 1.67e-05
step    290 | train_loss 2.8592 | lr 1.59e-05
step    300 | train_loss 2.6665 | lr 1.50e-05
step    300 | val_loss 2.6431 | val_ppl 14.06
step    310 | train_loss 2.9992 | lr 1.42e-05
step    320 | train_loss 2.5861 | lr 1.33e-05
step    330 | train_loss 2.7490 | lr 1.25e-05
step    340 | train_loss 2.6557 | lr 1.17e-05
step    350 | train_loss 2.9484 | lr 1.09e-05
step    360 | train_loss 2.5587 | lr 1.01e-05
step    370 | train_loss 2.7450 | lr 9.41e-06
step    375 | val_loss 2.6324 | val_ppl 13.91
step    380 | train_loss 2.9951 | lr 8.70e-06
step    390 | train_loss 2.5151 | lr 8.02e-06
step    400 | train_loss 2.4417 | lr 7.37e-06
step    410 | train_loss 2.6137 | lr 6.76e-06
step    420 | train_loss 2.6311 | lr 6.19e-06
step    430 | train_loss 2.7620 | lr 5.66e-06
step    440 | train_loss 2.4963 | lr 5.17e-06
step    450 | train_loss 2.6284 | lr 4.73e-06
step    450 | val_loss 2.6267 | val_ppl 13.83
step    460 | train_loss 2.8460 | lr 4.34e-06
step    470 | train_loss 2.4780 | lr 3.99e-06
step    480 | train_loss 2.8242 | lr 3.70e-06
step    490 | train_loss 2.6414 | lr 3.45e-06
step    500 | train_loss 2.9358 | lr 3.26e-06
step    510 | train_loss 2.6553 | lr 3.12e-06
step    520 | train_loss 2.7086 | lr 3.03e-06
step    525 | val_loss 2.6231 | val_ppl 13.78
step    530 | train_loss 2.4265 | lr 3.00e-06
step    530 | val_loss 2.6229 | val_ppl 13.78
Saved checkpoint to /home/system/projects/AuthLLM/checkpoints/lr_scaling_small/alpaca_third_unpacked_530_lr3e-05_seed1337/step_530.pt
