Data: 16,956 train / 346 val examples (0 dropped as longer than 512 tokens)
Model: small (29,938,560 parameters), initialized from checkpoints/small/step_18000.pt (step 18000)
step     10 | train_loss 3.1242 | lr 3.03e-06
step     20 | train_loss 2.9605 | lr 6.06e-06
step     30 | train_loss 2.7732 | lr 9.09e-06
step     40 | train_loss 2.9661 | lr 1.00e-05
step     50 | train_loss 2.8186 | lr 9.98e-06
step     60 | train_loss 2.8010 | lr 9.94e-06
step     70 | train_loss 2.8847 | lr 9.88e-06
step     75 | val_loss 2.7869 | val_ppl 16.23
step     80 | train_loss 2.9428 | lr 9.81e-06
step     90 | train_loss 2.7366 | lr 9.72e-06
step    100 | train_loss 2.6781 | lr 9.61e-06
step    110 | train_loss 2.6199 | lr 9.49e-06
step    120 | train_loss 2.5789 | lr 9.35e-06
step    130 | train_loss 2.8681 | lr 9.20e-06
step    140 | train_loss 3.0069 | lr 9.03e-06
step    150 | train_loss 2.5767 | lr 8.84e-06
step    150 | val_loss 2.7426 | val_ppl 15.53
step    160 | train_loss 2.8953 | lr 8.65e-06
step    170 | train_loss 2.8656 | lr 8.44e-06
step    180 | train_loss 2.7655 | lr 8.22e-06
step    190 | train_loss 2.5908 | lr 7.98e-06
step    200 | train_loss 2.8732 | lr 7.74e-06
step    210 | train_loss 2.6989 | lr 7.49e-06
step    220 | train_loss 2.7545 | lr 7.23e-06
step    225 | val_loss 2.7192 | val_ppl 15.17
step    230 | train_loss 2.8281 | lr 6.97e-06
step    240 | train_loss 2.6801 | lr 6.69e-06
step    250 | train_loss 2.8645 | lr 6.42e-06
step    260 | train_loss 2.7553 | lr 6.14e-06
step    270 | train_loss 2.7803 | lr 5.86e-06
step    280 | train_loss 2.6863 | lr 5.57e-06
step    290 | train_loss 2.9348 | lr 5.29e-06
step    300 | train_loss 2.7209 | lr 5.00e-06
step    300 | val_loss 2.7034 | val_ppl 14.93
step    310 | train_loss 3.0773 | lr 4.72e-06
step    320 | train_loss 2.6375 | lr 4.44e-06
step    330 | train_loss 2.7825 | lr 4.17e-06
step    340 | train_loss 2.7016 | lr 3.90e-06
step    350 | train_loss 3.0266 | lr 3.64e-06
step    360 | train_loss 2.6073 | lr 3.38e-06
step    370 | train_loss 2.8035 | lr 3.14e-06
step    375 | val_loss 2.6941 | val_ppl 14.79
step    380 | train_loss 3.0637 | lr 2.90e-06
step    390 | train_loss 2.5553 | lr 2.67e-06
step    400 | train_loss 2.5224 | lr 2.46e-06
step    410 | train_loss 2.6911 | lr 2.25e-06
step    420 | train_loss 2.6898 | lr 2.06e-06
step    430 | train_loss 2.8278 | lr 1.89e-06
step    440 | train_loss 2.5607 | lr 1.72e-06
step    450 | train_loss 2.6897 | lr 1.58e-06
step    450 | val_loss 2.6898 | val_ppl 14.73
step    460 | train_loss 2.8872 | lr 1.45e-06
step    470 | train_loss 2.5501 | lr 1.33e-06
step    480 | train_loss 2.8859 | lr 1.23e-06
step    490 | train_loss 2.7140 | lr 1.15e-06
step    500 | train_loss 2.9810 | lr 1.09e-06
step    510 | train_loss 2.7169 | lr 1.04e-06
step    520 | train_loss 2.7510 | lr 1.01e-06
step    525 | val_loss 2.6876 | val_ppl 14.70
step    530 | train_loss 2.4659 | lr 1.00e-06
step    530 | val_loss 2.6874 | val_ppl 14.69
Saved checkpoint to /home/system/projects/AuthLLM/checkpoints/lr_scaling_small/alpaca_third_unpacked_530_lr1e-05_seed1337/step_530.pt
