Data: 16,956 train / 346 val examples (0 dropped as longer than 512 tokens)
Packing: 16,956 examples into 3,761 windows (4.5 per window, 98.7% of positions used)
Model: small (29,938,560 parameters), initialized from checkpoints/small/step_18000.pt (step 18000)
step     10 | train_loss 2.8231 | lr 4.00e-04
step     16 | val_loss 2.8695 | val_ppl 17.63
step     20 | train_loss 2.8642 | lr 3.90e-04
step     30 | train_loss 2.7574 | lr 3.66e-04
step     32 | val_loss 2.8286 | val_ppl 16.92
step     40 | train_loss 2.8401 | lr 3.31e-04
step     48 | val_loss 2.7751 | val_ppl 16.04
step     50 | train_loss 2.6612 | lr 2.87e-04
step     60 | train_loss 2.6204 | lr 2.38e-04
step     64 | val_loss 2.7348 | val_ppl 15.41
step     70 | train_loss 2.7543 | lr 1.87e-04
step     80 | train_loss 2.8104 | lr 1.39e-04
step     80 | val_loss 2.6926 | val_ppl 14.77
step     90 | train_loss 2.6822 | lr 9.73e-05
step     96 | val_loss 2.6603 | val_ppl 14.30
step    100 | train_loss 2.7001 | lr 6.54e-05
step    110 | train_loss 2.7426 | lr 4.58e-05
step    112 | val_loss 2.6397 | val_ppl 14.01
step    118 | train_loss 2.5037 | lr 4.01e-05
step    118 | val_loss 2.6352 | val_ppl 13.95
Saved checkpoint to /home/system/projects/AuthLLM/checkpoints/lr_scaling_small/alpaca_third_packed_118_lr0.0004_seed1339/step_118.pt
