Data: 16,956 train / 346 val examples (0 dropped as longer than 512 tokens)
Model: small (29,938,560 parameters), initialized from checkpoints/small/step_18000.pt (step 18000)
step     10 | train_loss 3.0226 | lr 9.09e-06
step     20 | train_loss 2.8905 | lr 1.82e-05
step     30 | train_loss 2.8992 | lr 2.73e-05
step     40 | train_loss 2.7165 | lr 3.00e-05
step     50 | train_loss 2.8174 | lr 2.99e-05
step     60 | train_loss 2.7931 | lr 2.98e-05
step     70 | train_loss 2.7808 | lr 2.97e-05
step     75 | val_loss 2.7804 | val_ppl 16.13
step     80 | train_loss 2.8093 | lr 2.94e-05
step     90 | train_loss 2.7633 | lr 2.92e-05
step    100 | train_loss 2.5578 | lr 2.88e-05
step    110 | train_loss 2.8324 | lr 2.85e-05
step    120 | train_loss 2.7146 | lr 2.81e-05
step    130 | train_loss 2.6602 | lr 2.76e-05
step    140 | train_loss 2.7955 | lr 2.71e-05
step    150 | train_loss 2.5666 | lr 2.65e-05
step    150 | val_loss 2.7341 | val_ppl 15.40
step    160 | train_loss 2.6698 | lr 2.59e-05
step    170 | train_loss 2.9011 | lr 2.53e-05
step    180 | train_loss 2.6202 | lr 2.46e-05
step    190 | train_loss 2.7672 | lr 2.40e-05
step    200 | train_loss 2.6929 | lr 2.32e-05
step    210 | train_loss 2.3189 | lr 2.25e-05
step    220 | train_loss 2.5421 | lr 2.17e-05
step    225 | val_loss 2.7031 | val_ppl 14.93
step    230 | train_loss 2.6969 | lr 2.09e-05
step    240 | train_loss 2.5390 | lr 2.01e-05
step    250 | train_loss 2.6321 | lr 1.93e-05
step    260 | train_loss 2.8287 | lr 1.84e-05
step    270 | train_loss 2.7359 | lr 1.76e-05
step    280 | train_loss 2.5892 | lr 1.67e-05
step    290 | train_loss 2.7106 | lr 1.59e-05
step    300 | train_loss 2.7877 | lr 1.50e-05
step    300 | val_loss 2.6877 | val_ppl 14.70
step    310 | train_loss 2.4769 | lr 1.42e-05
step    320 | train_loss 2.6359 | lr 1.33e-05
step    330 | train_loss 2.8224 | lr 1.25e-05
step    340 | train_loss 2.8284 | lr 1.17e-05
step    350 | train_loss 2.6768 | lr 1.09e-05
step    360 | train_loss 2.7416 | lr 1.01e-05
step    370 | train_loss 2.8298 | lr 9.41e-06
step    375 | val_loss 2.6758 | val_ppl 14.52
step    380 | train_loss 2.6618 | lr 8.70e-06
step    390 | train_loss 2.5994 | lr 8.02e-06
step    400 | train_loss 2.7167 | lr 7.37e-06
step    410 | train_loss 2.5771 | lr 6.76e-06
step    420 | train_loss 2.6157 | lr 6.19e-06
step    430 | train_loss 3.0768 | lr 5.66e-06
step    440 | train_loss 2.6206 | lr 5.17e-06
step    450 | train_loss 2.8136 | lr 4.73e-06
step    450 | val_loss 2.6692 | val_ppl 14.43
step    460 | train_loss 2.6375 | lr 4.34e-06
step    470 | train_loss 2.5337 | lr 3.99e-06
step    480 | train_loss 2.1418 | lr 3.70e-06
step    490 | train_loss 2.6566 | lr 3.45e-06
step    500 | train_loss 2.5103 | lr 3.26e-06
step    510 | train_loss 2.6834 | lr 3.12e-06
step    520 | train_loss 2.6566 | lr 3.03e-06
step    525 | val_loss 2.6647 | val_ppl 14.36
step    530 | train_loss 2.6511 | lr 3.00e-06
step    530 | val_loss 2.6643 | val_ppl 14.36
Saved checkpoint to /home/system/projects/AuthLLM/checkpoints/lr_scaling_small/alpaca_third_unpacked_530_lr3e-05_seed1338/step_530.pt
