Data: 50,868 train / 1,038 val examples (68 dropped as longer than 512 tokens)
Model: small (29,938,560 parameters), initialized from checkpoints/small/step_18000.pt (step 18000)
step     10 | train_loss 3.2258 | lr 1.50e-05
step     20 | train_loss 2.9797 | lr 3.00e-05
step     30 | train_loss 2.7637 | lr 4.50e-05
step     40 | train_loss 2.7137 | lr 6.00e-05
step     50 | train_loss 2.8313 | lr 7.50e-05
step     60 | train_loss 2.9765 | lr 9.00e-05
step     70 | train_loss 2.4785 | lr 1.05e-04
step     80 | train_loss 2.6368 | lr 1.20e-04
step     90 | train_loss 2.5706 | lr 1.35e-04
step    100 | train_loss 2.6852 | lr 1.50e-04
step    110 | train_loss 2.7791 | lr 1.50e-04
step    120 | train_loss 2.8511 | lr 1.50e-04
step    130 | train_loss 2.6404 | lr 1.50e-04
step    140 | train_loss 2.9005 | lr 1.50e-04
step    150 | train_loss 2.8822 | lr 1.50e-04
step    160 | train_loss 2.7096 | lr 1.49e-04
step    170 | train_loss 2.7592 | lr 1.49e-04
step    180 | train_loss 2.9927 | lr 1.49e-04
step    190 | train_loss 2.9756 | lr 1.49e-04
step    200 | train_loss 2.7333 | lr 1.49e-04
step    210 | train_loss 2.6925 | lr 1.48e-04
step    220 | train_loss 2.7518 | lr 1.48e-04
step    228 | val_loss 2.7502 | val_ppl 15.65
step    230 | train_loss 2.7899 | lr 1.48e-04
step    240 | train_loss 2.8599 | lr 1.47e-04
step    250 | train_loss 2.7331 | lr 1.47e-04
step    260 | train_loss 2.6865 | lr 1.46e-04
step    270 | train_loss 2.6673 | lr 1.46e-04
step    280 | train_loss 2.7688 | lr 1.45e-04
step    290 | train_loss 2.6240 | lr 1.45e-04
step    300 | train_loss 2.7942 | lr 1.44e-04
step    310 | train_loss 2.8972 | lr 1.44e-04
step    320 | train_loss 2.6862 | lr 1.43e-04
step    330 | train_loss 3.2112 | lr 1.42e-04
step    340 | train_loss 2.7373 | lr 1.42e-04
step    350 | train_loss 2.8797 | lr 1.41e-04
step    360 | train_loss 2.8305 | lr 1.40e-04
step    370 | train_loss 2.6612 | lr 1.40e-04
step    380 | train_loss 2.7707 | lr 1.39e-04
step    390 | train_loss 2.8463 | lr 1.38e-04
step    400 | train_loss 2.7287 | lr 1.37e-04
step    410 | train_loss 2.7634 | lr 1.36e-04
step    420 | train_loss 2.8822 | lr 1.35e-04
step    430 | train_loss 2.9155 | lr 1.35e-04
step    440 | train_loss 2.8425 | lr 1.34e-04
step    450 | train_loss 3.0010 | lr 1.33e-04
step    456 | val_loss 2.7561 | val_ppl 15.74
step    460 | train_loss 2.5560 | lr 1.32e-04
step    470 | train_loss 2.9532 | lr 1.31e-04
step    480 | train_loss 2.8366 | lr 1.30e-04
step    490 | train_loss 2.9229 | lr 1.29e-04
step    500 | train_loss 2.6260 | lr 1.28e-04
step    510 | train_loss 2.8178 | lr 1.27e-04
step    520 | train_loss 2.7837 | lr 1.26e-04
step    530 | train_loss 2.5377 | lr 1.25e-04
step    540 | train_loss 2.7697 | lr 1.23e-04
step    550 | train_loss 2.8194 | lr 1.22e-04
step    560 | train_loss 2.6680 | lr 1.21e-04
step    570 | train_loss 2.7048 | lr 1.20e-04
step    580 | train_loss 2.8601 | lr 1.19e-04
step    590 | train_loss 2.6749 | lr 1.18e-04
step    600 | train_loss 2.7396 | lr 1.16e-04
step    610 | train_loss 2.8216 | lr 1.15e-04
step    620 | train_loss 3.0260 | lr 1.14e-04
step    630 | train_loss 2.6328 | lr 1.13e-04
step    640 | train_loss 2.8974 | lr 1.11e-04
step    650 | train_loss 2.8286 | lr 1.10e-04
step    660 | train_loss 2.7802 | lr 1.09e-04
step    670 | train_loss 2.8126 | lr 1.07e-04
step    680 | train_loss 2.3445 | lr 1.06e-04
step    684 | val_loss 2.7522 | val_ppl 15.68
step    690 | train_loss 2.9395 | lr 1.05e-04
step    700 | train_loss 2.7040 | lr 1.03e-04
step    710 | train_loss 2.7581 | lr 1.02e-04
step    720 | train_loss 2.6975 | lr 1.01e-04
step    730 | train_loss 2.7870 | lr 9.94e-05
step    740 | train_loss 2.7485 | lr 9.81e-05
step    750 | train_loss 2.7368 | lr 9.67e-05
step    760 | train_loss 2.8321 | lr 9.53e-05
step    770 | train_loss 2.7033 | lr 9.39e-05
step    780 | train_loss 2.7829 | lr 9.25e-05
step    790 | train_loss 3.1025 | lr 9.11e-05
step    800 | train_loss 2.7236 | lr 8.97e-05
step    810 | train_loss 2.7672 | lr 8.83e-05
step    820 | train_loss 2.6072 | lr 8.69e-05
step    830 | train_loss 2.7443 | lr 8.55e-05
step    840 | train_loss 2.6916 | lr 8.41e-05
step    850 | train_loss 2.7024 | lr 8.26e-05
step    860 | train_loss 2.5687 | lr 8.12e-05
step    870 | train_loss 2.5622 | lr 7.98e-05
step    880 | train_loss 2.6758 | lr 7.84e-05
step    890 | train_loss 2.7899 | lr 7.70e-05
step    900 | train_loss 2.9963 | lr 7.56e-05
step    910 | train_loss 2.3852 | lr 7.42e-05
step    912 | val_loss 2.7347 | val_ppl 15.41
step    920 | train_loss 2.6817 | lr 7.28e-05
step    930 | train_loss 2.7728 | lr 7.14e-05
step    940 | train_loss 2.5522 | lr 7.00e-05
step    950 | train_loss 3.0017 | lr 6.86e-05
step    960 | train_loss 3.1816 | lr 6.72e-05
step    970 | train_loss 2.7759 | lr 6.59e-05
step    980 | train_loss 2.8714 | lr 6.45e-05
step    990 | train_loss 2.7764 | lr 6.31e-05
step   1000 | train_loss 2.4371 | lr 6.18e-05
step   1010 | train_loss 2.9046 | lr 6.04e-05
step   1020 | train_loss 2.7167 | lr 5.91e-05
step   1030 | train_loss 2.9053 | lr 5.78e-05
step   1040 | train_loss 2.8848 | lr 5.65e-05
step   1050 | train_loss 2.8122 | lr 5.52e-05
step   1060 | train_loss 2.8837 | lr 5.39e-05
step   1070 | train_loss 2.8118 | lr 5.26e-05
step   1080 | train_loss 2.5970 | lr 5.14e-05
step   1090 | train_loss 2.8120 | lr 5.01e-05
step   1100 | train_loss 2.4843 | lr 4.89e-05
step   1110 | train_loss 2.8125 | lr 4.77e-05
step   1120 | train_loss 2.6723 | lr 4.65e-05
step   1130 | train_loss 2.7519 | lr 4.53e-05
step   1140 | train_loss 2.7221 | lr 4.41e-05
step   1140 | val_loss 2.7083 | val_ppl 15.00
step   1150 | train_loss 2.8652 | lr 4.29e-05
step   1160 | train_loss 2.8013 | lr 4.18e-05
step   1170 | train_loss 2.8293 | lr 4.07e-05
step   1180 | train_loss 2.3349 | lr 3.96e-05
step   1190 | train_loss 2.8264 | lr 3.85e-05
step   1200 | train_loss 2.8839 | lr 3.74e-05
step   1210 | train_loss 2.5944 | lr 3.64e-05
step   1220 | train_loss 2.6785 | lr 3.54e-05
step   1230 | train_loss 2.7761 | lr 3.44e-05
step   1240 | train_loss 2.6561 | lr 3.34e-05
step   1250 | train_loss 2.9267 | lr 3.24e-05
step   1260 | train_loss 2.4625 | lr 3.15e-05
step   1270 | train_loss 2.5814 | lr 3.06e-05
step   1280 | train_loss 2.8291 | lr 2.97e-05
step   1290 | train_loss 2.5160 | lr 2.88e-05
step   1300 | train_loss 3.0427 | lr 2.80e-05
step   1310 | train_loss 2.5682 | lr 2.72e-05
step   1320 | train_loss 2.5803 | lr 2.64e-05
step   1330 | train_loss 2.8824 | lr 2.56e-05
step   1340 | train_loss 2.6638 | lr 2.48e-05
step   1350 | train_loss 2.7976 | lr 2.41e-05
step   1360 | train_loss 2.9195 | lr 2.34e-05
step   1368 | val_loss 2.6907 | val_ppl 14.74
step   1370 | train_loss 2.5485 | lr 2.27e-05
step   1380 | train_loss 2.9129 | lr 2.21e-05
step   1390 | train_loss 2.5618 | lr 2.15e-05
step   1400 | train_loss 2.8192 | lr 2.09e-05
step   1410 | train_loss 2.5787 | lr 2.03e-05
step   1420 | train_loss 2.8372 | lr 1.98e-05
step   1430 | train_loss 2.8961 | lr 1.93e-05
step   1440 | train_loss 2.7135 | lr 1.88e-05
step   1450 | train_loss 2.6037 | lr 1.83e-05
step   1460 | train_loss 2.7781 | lr 1.79e-05
step   1470 | train_loss 2.7102 | lr 1.75e-05
step   1480 | train_loss 2.4617 | lr 1.72e-05
step   1490 | train_loss 3.0257 | lr 1.68e-05
step   1500 | train_loss 2.8465 | lr 1.65e-05
step   1510 | train_loss 2.4745 | lr 1.62e-05
step   1520 | train_loss 2.6955 | lr 1.60e-05
step   1530 | train_loss 2.8103 | lr 1.57e-05
step   1540 | train_loss 2.5242 | lr 1.56e-05
step   1550 | train_loss 2.7751 | lr 1.54e-05
step   1560 | train_loss 2.5698 | lr 1.52e-05
step   1570 | train_loss 2.5534 | lr 1.51e-05
step   1580 | train_loss 2.6428 | lr 1.51e-05
step   1590 | train_loss 2.6062 | lr 1.50e-05
step   1596 | val_loss 2.6813 | val_ppl 14.60
step   1600 | train_loss 2.5865 | lr 1.50e-05
step   1600 | val_loss 2.6812 | val_ppl 14.60
Saved checkpoint to /home/system/projects/AuthLLM/checkpoints/lr_scaling_small/alpaca_unpacked_1600_lr0.00015_seed1337/step_1600.pt
