Data: 50,867 train / 1,039 val examples (68 dropped as longer than 512 tokens)
Model: small (29,938,560 parameters), initialized from checkpoints/small/step_18000.pt (step 18000)
step     10 | train_loss 3.2758 | lr 2.00e-06
step     20 | train_loss 2.9113 | lr 4.00e-06
step     30 | train_loss 3.0465 | lr 6.00e-06
step     40 | train_loss 3.1276 | lr 8.00e-06
step     50 | train_loss 3.0673 | lr 1.00e-05
step     60 | train_loss 2.7567 | lr 1.20e-05
step     70 | train_loss 2.6073 | lr 1.40e-05
step     80 | train_loss 2.6626 | lr 1.60e-05
step     90 | train_loss 3.0857 | lr 1.80e-05
step    100 | train_loss 2.8602 | lr 2.00e-05
step    110 | train_loss 3.0067 | lr 2.00e-05
step    120 | train_loss 2.5013 | lr 2.00e-05
step    130 | train_loss 2.7038 | lr 2.00e-05
step    140 | train_loss 2.7459 | lr 2.00e-05
step    150 | train_loss 2.7680 | lr 2.00e-05
step    160 | train_loss 2.6777 | lr 1.99e-05
step    170 | train_loss 2.6067 | lr 1.99e-05
step    180 | train_loss 2.8582 | lr 1.99e-05
step    190 | train_loss 2.9193 | lr 1.98e-05
step    200 | train_loss 2.8955 | lr 1.98e-05
step    210 | train_loss 2.7166 | lr 1.98e-05
step    220 | train_loss 2.8272 | lr 1.97e-05
step    228 | val_loss 2.7996 | val_ppl 16.44
step    230 | train_loss 2.4976 | lr 1.97e-05
step    240 | train_loss 2.6283 | lr 1.96e-05
step    250 | train_loss 2.7006 | lr 1.96e-05
step    260 | train_loss 2.6822 | lr 1.95e-05
step    270 | train_loss 2.6936 | lr 1.94e-05
step    280 | train_loss 2.6759 | lr 1.94e-05
step    290 | train_loss 2.6563 | lr 1.93e-05
step    300 | train_loss 3.2498 | lr 1.92e-05
step    310 | train_loss 2.8426 | lr 1.92e-05
step    320 | train_loss 2.7717 | lr 1.91e-05
step    330 | train_loss 2.5723 | lr 1.90e-05
step    340 | train_loss 2.9679 | lr 1.89e-05
step    350 | train_loss 2.6795 | lr 1.88e-05
step    360 | train_loss 2.7244 | lr 1.87e-05
step    370 | train_loss 2.6560 | lr 1.86e-05
step    380 | train_loss 2.7712 | lr 1.85e-05
step    390 | train_loss 2.6355 | lr 1.84e-05
step    400 | train_loss 2.7620 | lr 1.83e-05
step    410 | train_loss 2.8152 | lr 1.82e-05
step    420 | train_loss 2.6763 | lr 1.81e-05
step    430 | train_loss 2.6558 | lr 1.79e-05
step    440 | train_loss 2.6729 | lr 1.78e-05
step    450 | train_loss 2.6302 | lr 1.77e-05
step    456 | val_loss 2.7506 | val_ppl 15.65
step    460 | train_loss 2.4525 | lr 1.76e-05
step    470 | train_loss 2.6973 | lr 1.74e-05
step    480 | train_loss 2.4748 | lr 1.73e-05
step    490 | train_loss 2.6546 | lr 1.72e-05
step    500 | train_loss 2.7164 | lr 1.70e-05
step    510 | train_loss 2.6373 | lr 1.69e-05
step    520 | train_loss 2.5590 | lr 1.68e-05
step    530 | train_loss 2.5384 | lr 1.66e-05
step    540 | train_loss 2.7493 | lr 1.65e-05
step    550 | train_loss 2.7334 | lr 1.63e-05
step    560 | train_loss 2.4446 | lr 1.62e-05
step    570 | train_loss 2.7951 | lr 1.60e-05
step    580 | train_loss 2.6635 | lr 1.58e-05
step    590 | train_loss 2.4835 | lr 1.57e-05
step    600 | train_loss 2.6307 | lr 1.55e-05
step    610 | train_loss 2.6136 | lr 1.54e-05
step    620 | train_loss 2.4491 | lr 1.52e-05
step    630 | train_loss 2.6523 | lr 1.50e-05
step    640 | train_loss 2.6915 | lr 1.48e-05
step    650 | train_loss 2.9876 | lr 1.47e-05
step    660 | train_loss 2.4444 | lr 1.45e-05
step    670 | train_loss 2.6860 | lr 1.43e-05
step    680 | train_loss 2.6421 | lr 1.42e-05
step    684 | val_loss 2.7245 | val_ppl 15.25
step    690 | train_loss 2.5728 | lr 1.40e-05
step    700 | train_loss 2.5393 | lr 1.38e-05
step    710 | train_loss 2.7240 | lr 1.36e-05
step    720 | train_loss 2.5426 | lr 1.34e-05
step    730 | train_loss 2.6923 | lr 1.33e-05
step    740 | train_loss 2.6841 | lr 1.31e-05
step    750 | train_loss 2.6961 | lr 1.29e-05
step    760 | train_loss 2.7358 | lr 1.27e-05
step    770 | train_loss 2.6548 | lr 1.25e-05
step    780 | train_loss 2.7657 | lr 1.23e-05
step    790 | train_loss 2.7031 | lr 1.21e-05
step    800 | train_loss 2.6091 | lr 1.20e-05
step    810 | train_loss 2.8074 | lr 1.18e-05
step    820 | train_loss 2.8073 | lr 1.16e-05
step    830 | train_loss 2.6972 | lr 1.14e-05
step    840 | train_loss 2.5293 | lr 1.12e-05
step    850 | train_loss 2.7567 | lr 1.10e-05
step    860 | train_loss 2.9301 | lr 1.08e-05
step    870 | train_loss 2.5611 | lr 1.06e-05
step    880 | train_loss 2.7410 | lr 1.05e-05
step    890 | train_loss 2.7774 | lr 1.03e-05
step    900 | train_loss 2.4404 | lr 1.01e-05
step    910 | train_loss 2.6850 | lr 9.89e-06
step    912 | val_loss 2.7097 | val_ppl 15.02
step    920 | train_loss 2.6930 | lr 9.70e-06
step    930 | train_loss 2.7972 | lr 9.52e-06
step    940 | train_loss 2.5124 | lr 9.33e-06
step    950 | train_loss 2.4638 | lr 9.15e-06
step    960 | train_loss 2.7591 | lr 8.96e-06
step    970 | train_loss 2.8308 | lr 8.78e-06
step    980 | train_loss 2.9656 | lr 8.60e-06
step    990 | train_loss 2.5917 | lr 8.42e-06
step   1000 | train_loss 2.7299 | lr 8.24e-06
step   1010 | train_loss 2.7549 | lr 8.06e-06
step   1020 | train_loss 2.7276 | lr 7.88e-06
step   1030 | train_loss 2.8126 | lr 7.70e-06
step   1040 | train_loss 2.6432 | lr 7.53e-06
step   1050 | train_loss 2.6570 | lr 7.36e-06
step   1060 | train_loss 2.5116 | lr 7.19e-06
step   1070 | train_loss 2.3433 | lr 7.02e-06
step   1080 | train_loss 2.4964 | lr 6.85e-06
step   1090 | train_loss 2.6670 | lr 6.68e-06
step   1100 | train_loss 2.4902 | lr 6.52e-06
step   1110 | train_loss 2.6913 | lr 6.35e-06
step   1120 | train_loss 2.6437 | lr 6.19e-06
step   1130 | train_loss 2.6710 | lr 6.04e-06
step   1140 | train_loss 2.5428 | lr 5.88e-06
step   1140 | val_loss 2.6997 | val_ppl 14.88
step   1150 | train_loss 2.6245 | lr 5.73e-06
step   1160 | train_loss 2.5856 | lr 5.57e-06
step   1170 | train_loss 2.6669 | lr 5.42e-06
step   1180 | train_loss 2.5670 | lr 5.28e-06
step   1190 | train_loss 2.8345 | lr 5.13e-06
step   1200 | train_loss 2.6663 | lr 4.99e-06
step   1210 | train_loss 2.8661 | lr 4.85e-06
step   1220 | train_loss 2.6951 | lr 4.72e-06
step   1230 | train_loss 2.6856 | lr 4.58e-06
step   1240 | train_loss 2.4922 | lr 4.45e-06
step   1250 | train_loss 2.4766 | lr 4.32e-06
step   1260 | train_loss 2.6873 | lr 4.20e-06
step   1270 | train_loss 2.6053 | lr 4.08e-06
step   1280 | train_loss 2.6489 | lr 3.96e-06
step   1290 | train_loss 2.4512 | lr 3.84e-06
step   1300 | train_loss 2.3863 | lr 3.73e-06
step   1310 | train_loss 2.3909 | lr 3.62e-06
step   1320 | train_loss 2.5690 | lr 3.51e-06
step   1330 | train_loss 2.7214 | lr 3.41e-06
step   1340 | train_loss 2.5794 | lr 3.31e-06
step   1350 | train_loss 2.6475 | lr 3.22e-06
step   1360 | train_loss 2.5698 | lr 3.12e-06
step   1368 | val_loss 2.6937 | val_ppl 14.79
step   1370 | train_loss 2.8761 | lr 3.03e-06
step   1380 | train_loss 2.4506 | lr 2.95e-06
step   1390 | train_loss 2.6977 | lr 2.86e-06
step   1400 | train_loss 2.8197 | lr 2.79e-06
step   1410 | train_loss 2.6611 | lr 2.71e-06
step   1420 | train_loss 2.5914 | lr 2.64e-06
step   1430 | train_loss 2.5853 | lr 2.57e-06
step   1440 | train_loss 2.4790 | lr 2.51e-06
step   1450 | train_loss 2.6037 | lr 2.45e-06
step   1460 | train_loss 2.7711 | lr 2.39e-06
step   1470 | train_loss 2.4840 | lr 2.34e-06
step   1480 | train_loss 2.7675 | lr 2.29e-06
step   1490 | train_loss 2.7313 | lr 2.24e-06
step   1500 | train_loss 2.7565 | lr 2.20e-06
step   1510 | train_loss 2.7829 | lr 2.16e-06
step   1520 | train_loss 2.5911 | lr 2.13e-06
step   1530 | train_loss 2.5988 | lr 2.10e-06
step   1540 | train_loss 2.5953 | lr 2.07e-06
step   1550 | train_loss 2.5567 | lr 2.05e-06
step   1560 | train_loss 2.6021 | lr 2.03e-06
step   1570 | train_loss 2.5857 | lr 2.02e-06
step   1580 | train_loss 2.3630 | lr 2.01e-06
step   1590 | train_loss 2.6738 | lr 2.00e-06
step   1596 | val_loss 2.6912 | val_ppl 14.75
step   1600 | train_loss 2.2427 | lr 2.00e-06
step   1600 | val_loss 2.6912 | val_ppl 14.75
Saved checkpoint to /home/system/projects/AuthLLM/checkpoints/lr_scaling_small/alpaca_unpacked_1600_lr2e-05_seed1339/step_1600.pt
