Data: 50,869 train / 1,037 val examples (68 dropped as longer than 512 tokens)
Packing: 50,869 examples into 11,220 windows (4.5 per window, 98.8% of positions used)
Model: small (29,938,560 parameters), initialized from checkpoints/small/step_18000.pt (step 18000)
step     10 | train_loss 2.7399 | lr 6.82e-05
step     20 | train_loss 2.7248 | lr 1.36e-04
step     30 | train_loss 2.7274 | lr 1.50e-04
step     40 | train_loss 2.6830 | lr 1.49e-04
step     50 | train_loss 2.5826 | lr 1.48e-04
step     50 | val_loss 2.6370 | val_ppl 13.97
step     60 | train_loss 2.7305 | lr 1.46e-04
step     70 | train_loss 2.6524 | lr 1.43e-04
step     80 | train_loss 2.6731 | lr 1.40e-04
step     90 | train_loss 2.7550 | lr 1.37e-04
step    100 | train_loss 2.6679 | lr 1.32e-04
step    100 | val_loss 2.5723 | val_ppl 13.10
step    110 | train_loss 2.6903 | lr 1.28e-04
step    120 | train_loss 2.5933 | lr 1.23e-04
step    130 | train_loss 2.6281 | lr 1.18e-04
step    140 | train_loss 2.5815 | lr 1.12e-04
step    150 | train_loss 2.5950 | lr 1.06e-04
step    150 | val_loss 2.5317 | val_ppl 12.58
step    160 | train_loss 2.5256 | lr 9.98e-05
step    170 | train_loss 2.4820 | lr 9.34e-05
step    180 | train_loss 2.5465 | lr 8.70e-05
step    190 | train_loss 2.5119 | lr 8.06e-05
step    200 | train_loss 2.4569 | lr 7.41e-05
step    200 | val_loss 2.4923 | val_ppl 12.09
step    210 | train_loss 2.5461 | lr 6.78e-05
step    220 | train_loss 2.5192 | lr 6.15e-05
step    230 | train_loss 2.4803 | lr 5.55e-05
step    240 | train_loss 2.4885 | lr 4.97e-05
step    250 | train_loss 2.5159 | lr 4.42e-05
step    250 | val_loss 2.4682 | val_ppl 11.80
step    260 | train_loss 2.5247 | lr 3.91e-05
step    270 | train_loss 2.4640 | lr 3.43e-05
step    280 | train_loss 2.5637 | lr 3.00e-05
step    290 | train_loss 2.4591 | lr 2.62e-05
step    300 | train_loss 2.5704 | lr 2.29e-05
step    300 | val_loss 2.4513 | val_ppl 11.60
step    310 | train_loss 2.5793 | lr 2.01e-05
step    320 | train_loss 2.6019 | lr 1.80e-05
step    330 | train_loss 2.5651 | lr 1.64e-05
step    340 | train_loss 2.5949 | lr 1.54e-05
step    350 | train_loss 2.4455 | lr 1.50e-05
step    350 | val_loss 2.4419 | val_ppl 11.50
Saved checkpoint to /home/system/projects/AuthLLM/checkpoints/lr_scaling_small/alpaca_packed_350_lr0.00015_seed1338/step_350.pt
