Data: 50,867 train / 1,039 val examples (68 dropped as longer than 512 tokens)
Packing: 50,867 examples into 11,217 windows (4.5 per window, 98.8% of positions used)
Model: small (29,938,560 parameters), initialized from checkpoints/small/step_18000.pt (step 18000)
step     10 | train_loss 2.7675 | lr 1.82e-04
step     20 | train_loss 2.6820 | lr 3.64e-04
step     30 | train_loss 2.9157 | lr 4.00e-04
step     40 | train_loss 2.9438 | lr 3.98e-04
step     50 | train_loss 2.7854 | lr 3.94e-04
step     50 | val_loss 2.8532 | val_ppl 17.34
step     60 | train_loss 2.6905 | lr 3.89e-04
step     70 | train_loss 2.7237 | lr 3.82e-04
step     80 | train_loss 2.6633 | lr 3.74e-04
step     90 | train_loss 2.7797 | lr 3.64e-04
step    100 | train_loss 2.7454 | lr 3.53e-04
step    100 | val_loss 2.8063 | val_ppl 16.55
step    110 | train_loss 2.7381 | lr 3.41e-04
step    120 | train_loss 2.6514 | lr 3.28e-04
step    130 | train_loss 2.7203 | lr 3.13e-04
step    140 | train_loss 2.6335 | lr 2.98e-04
step    150 | train_loss 2.5613 | lr 2.82e-04
step    150 | val_loss 2.7390 | val_ppl 15.47
step    160 | train_loss 2.5883 | lr 2.66e-04
step    170 | train_loss 2.4759 | lr 2.49e-04
step    180 | train_loss 2.6265 | lr 2.32e-04
step    190 | train_loss 2.4980 | lr 2.15e-04
step    200 | train_loss 2.6467 | lr 1.98e-04
step    200 | val_loss 2.6867 | val_ppl 14.68
step    210 | train_loss 2.7096 | lr 1.81e-04
step    220 | train_loss 2.4034 | lr 1.64e-04
step    230 | train_loss 2.5854 | lr 1.48e-04
step    240 | train_loss 2.5826 | lr 1.32e-04
step    250 | train_loss 2.5155 | lr 1.18e-04
step    250 | val_loss 2.6445 | val_ppl 14.08
step    260 | train_loss 2.5292 | lr 1.04e-04
step    270 | train_loss 2.4385 | lr 9.15e-05
step    280 | train_loss 2.5552 | lr 8.00e-05
step    290 | train_loss 2.6053 | lr 6.99e-05
step    300 | train_loss 2.6538 | lr 6.11e-05
step    300 | val_loss 2.6070 | val_ppl 13.56
step    310 | train_loss 2.3763 | lr 5.37e-05
step    320 | train_loss 2.5484 | lr 4.79e-05
step    330 | train_loss 2.5141 | lr 4.36e-05
step    340 | train_loss 2.4396 | lr 4.10e-05
step    350 | train_loss 2.5627 | lr 4.00e-05
step    350 | val_loss 2.5876 | val_ppl 13.30
Saved checkpoint to /home/system/projects/AuthLLM/checkpoints/lr_scaling_small/alpaca_packed_350_lr0.0004_seed1339/step_350.pt
