Data: 50,869 train / 1,037 val examples (68 dropped as longer than 512 tokens)
Model: small (29,938,560 parameters), initialized from checkpoints/small/step_18000.pt (step 18000)
step     10 | train_loss 3.3361 | lr 3.00e-06
step     20 | train_loss 2.8254 | lr 6.00e-06
step     30 | train_loss 2.8594 | lr 9.00e-06
step     40 | train_loss 3.0563 | lr 1.20e-05
step     50 | train_loss 3.1577 | lr 1.50e-05
step     60 | train_loss 2.9614 | lr 1.80e-05
step     70 | train_loss 2.6642 | lr 2.10e-05
step     80 | train_loss 2.7090 | lr 2.40e-05
step     90 | train_loss 2.8658 | lr 2.70e-05
step    100 | train_loss 2.9348 | lr 3.00e-05
step    110 | train_loss 2.7386 | lr 3.00e-05
step    120 | train_loss 2.7052 | lr 3.00e-05
step    130 | train_loss 2.5224 | lr 3.00e-05
step    140 | train_loss 2.7015 | lr 3.00e-05
step    150 | train_loss 2.7108 | lr 2.99e-05
step    160 | train_loss 2.6119 | lr 2.99e-05
step    170 | train_loss 2.8789 | lr 2.99e-05
step    180 | train_loss 2.9040 | lr 2.98e-05
step    190 | train_loss 2.8856 | lr 2.98e-05
step    200 | train_loss 2.6369 | lr 2.97e-05
step    210 | train_loss 2.7864 | lr 2.96e-05
step    220 | train_loss 2.8281 | lr 2.96e-05
step    228 | val_loss 2.6691 | val_ppl 14.43
step    230 | train_loss 2.6329 | lr 2.95e-05
step    240 | train_loss 2.7684 | lr 2.94e-05
step    250 | train_loss 2.5629 | lr 2.93e-05
step    260 | train_loss 2.9159 | lr 2.93e-05
step    270 | train_loss 2.6922 | lr 2.92e-05
step    280 | train_loss 2.6229 | lr 2.91e-05
step    290 | train_loss 2.3285 | lr 2.90e-05
step    300 | train_loss 2.8311 | lr 2.88e-05
step    310 | train_loss 2.8495 | lr 2.87e-05
step    320 | train_loss 2.5922 | lr 2.86e-05
step    330 | train_loss 2.6963 | lr 2.85e-05
step    340 | train_loss 2.5956 | lr 2.83e-05
step    350 | train_loss 2.7720 | lr 2.82e-05
step    360 | train_loss 2.6137 | lr 2.81e-05
step    370 | train_loss 2.6972 | lr 2.79e-05
step    380 | train_loss 2.9041 | lr 2.78e-05
step    390 | train_loss 2.5331 | lr 2.76e-05
step    400 | train_loss 2.4624 | lr 2.74e-05
step    410 | train_loss 2.5388 | lr 2.73e-05
step    420 | train_loss 2.9148 | lr 2.71e-05
step    430 | train_loss 2.5917 | lr 2.69e-05
step    440 | train_loss 2.7344 | lr 2.67e-05
step    450 | train_loss 2.6722 | lr 2.66e-05
step    456 | val_loss 2.6080 | val_ppl 13.57
step    460 | train_loss 2.6274 | lr 2.64e-05
step    470 | train_loss 2.4536 | lr 2.62e-05
step    480 | train_loss 2.5236 | lr 2.60e-05
step    490 | train_loss 2.6969 | lr 2.58e-05
step    500 | train_loss 2.8699 | lr 2.56e-05
step    510 | train_loss 2.5620 | lr 2.53e-05
step    520 | train_loss 2.7317 | lr 2.51e-05
step    530 | train_loss 2.7777 | lr 2.49e-05
step    540 | train_loss 2.4777 | lr 2.47e-05
step    550 | train_loss 2.5039 | lr 2.45e-05
step    560 | train_loss 2.7204 | lr 2.42e-05
step    570 | train_loss 2.7414 | lr 2.40e-05
step    580 | train_loss 2.6992 | lr 2.38e-05
step    590 | train_loss 2.7752 | lr 2.35e-05
step    600 | train_loss 2.7656 | lr 2.33e-05
step    610 | train_loss 2.6027 | lr 2.30e-05
step    620 | train_loss 2.5364 | lr 2.28e-05
step    630 | train_loss 2.3085 | lr 2.25e-05
step    640 | train_loss 2.7203 | lr 2.23e-05
step    650 | train_loss 2.6106 | lr 2.20e-05
step    660 | train_loss 2.3881 | lr 2.18e-05
step    670 | train_loss 2.7197 | lr 2.15e-05
step    680 | train_loss 2.6520 | lr 2.12e-05
step    684 | val_loss 2.5785 | val_ppl 13.18
step    690 | train_loss 2.5350 | lr 2.10e-05
step    700 | train_loss 2.4993 | lr 2.07e-05
step    710 | train_loss 2.7354 | lr 2.04e-05
step    720 | train_loss 2.6766 | lr 2.02e-05
step    730 | train_loss 2.4772 | lr 1.99e-05
step    740 | train_loss 2.7837 | lr 1.96e-05
step    750 | train_loss 2.5819 | lr 1.93e-05
step    760 | train_loss 2.6354 | lr 1.91e-05
step    770 | train_loss 2.5461 | lr 1.88e-05
step    780 | train_loss 2.6412 | lr 1.85e-05
step    790 | train_loss 2.6494 | lr 1.82e-05
step    800 | train_loss 2.7469 | lr 1.79e-05
step    810 | train_loss 2.4992 | lr 1.77e-05
step    820 | train_loss 2.5602 | lr 1.74e-05
step    830 | train_loss 2.6901 | lr 1.71e-05
step    840 | train_loss 2.7984 | lr 1.68e-05
step    850 | train_loss 2.8167 | lr 1.65e-05
step    860 | train_loss 2.6073 | lr 1.62e-05
step    870 | train_loss 2.6275 | lr 1.60e-05
step    880 | train_loss 2.6376 | lr 1.57e-05
step    890 | train_loss 2.7919 | lr 1.54e-05
step    900 | train_loss 2.5308 | lr 1.51e-05
step    910 | train_loss 2.6798 | lr 1.48e-05
step    912 | val_loss 2.5626 | val_ppl 12.97
step    920 | train_loss 2.6138 | lr 1.46e-05
step    930 | train_loss 2.4860 | lr 1.43e-05
step    940 | train_loss 2.4906 | lr 1.40e-05
step    950 | train_loss 2.6111 | lr 1.37e-05
step    960 | train_loss 2.3893 | lr 1.34e-05
step    970 | train_loss 2.5730 | lr 1.32e-05
step    980 | train_loss 2.9024 | lr 1.29e-05
step    990 | train_loss 2.6178 | lr 1.26e-05
step   1000 | train_loss 2.6308 | lr 1.24e-05
step   1010 | train_loss 2.5357 | lr 1.21e-05
step   1020 | train_loss 2.6456 | lr 1.18e-05
step   1030 | train_loss 2.8455 | lr 1.16e-05
step   1040 | train_loss 2.6852 | lr 1.13e-05
step   1050 | train_loss 2.3592 | lr 1.10e-05
step   1060 | train_loss 2.5840 | lr 1.08e-05
step   1070 | train_loss 2.7014 | lr 1.05e-05
step   1080 | train_loss 2.5821 | lr 1.03e-05
step   1090 | train_loss 2.6857 | lr 1.00e-05
step   1100 | train_loss 2.7005 | lr 9.77e-06
step   1110 | train_loss 2.7005 | lr 9.53e-06
step   1120 | train_loss 2.5178 | lr 9.29e-06
step   1130 | train_loss 2.5845 | lr 9.05e-06
step   1140 | train_loss 2.5419 | lr 8.82e-06
step   1140 | val_loss 2.5519 | val_ppl 12.83
step   1150 | train_loss 2.7560 | lr 8.59e-06
step   1160 | train_loss 2.7679 | lr 8.36e-06
step   1170 | train_loss 2.5364 | lr 8.14e-06
step   1180 | train_loss 2.8119 | lr 7.92e-06
step   1190 | train_loss 2.7726 | lr 7.70e-06
step   1200 | train_loss 2.7469 | lr 7.49e-06
step   1210 | train_loss 2.8090 | lr 7.28e-06
step   1220 | train_loss 2.4005 | lr 7.07e-06
step   1230 | train_loss 2.3056 | lr 6.87e-06
step   1240 | train_loss 2.6304 | lr 6.68e-06
step   1250 | train_loss 2.8155 | lr 6.49e-06
step   1260 | train_loss 2.8629 | lr 6.30e-06
step   1270 | train_loss 2.7006 | lr 6.12e-06
step   1280 | train_loss 2.5522 | lr 5.94e-06
step   1290 | train_loss 2.3362 | lr 5.76e-06
step   1300 | train_loss 2.3333 | lr 5.59e-06
step   1310 | train_loss 2.5065 | lr 5.43e-06
step   1320 | train_loss 2.4129 | lr 5.27e-06
step   1330 | train_loss 2.5936 | lr 5.12e-06
step   1340 | train_loss 2.8424 | lr 4.97e-06
step   1350 | train_loss 2.7293 | lr 4.82e-06
step   1360 | train_loss 2.6068 | lr 4.68e-06
step   1368 | val_loss 2.5443 | val_ppl 12.73
step   1370 | train_loss 2.4833 | lr 4.55e-06
step   1380 | train_loss 2.5429 | lr 4.42e-06
step   1390 | train_loss 2.5129 | lr 4.30e-06
step   1400 | train_loss 2.7183 | lr 4.18e-06
step   1410 | train_loss 2.6751 | lr 4.07e-06
step   1420 | train_loss 2.6685 | lr 3.96e-06
step   1430 | train_loss 2.5483 | lr 3.86e-06
step   1440 | train_loss 2.4537 | lr 3.76e-06
step   1450 | train_loss 2.7880 | lr 3.67e-06
step   1460 | train_loss 2.8602 | lr 3.58e-06
step   1470 | train_loss 2.7736 | lr 3.50e-06
step   1480 | train_loss 2.6986 | lr 3.43e-06
step   1490 | train_loss 2.5308 | lr 3.36e-06
step   1500 | train_loss 2.4025 | lr 3.30e-06
step   1510 | train_loss 3.1030 | lr 3.24e-06
step   1520 | train_loss 2.3197 | lr 3.19e-06
step   1530 | train_loss 2.7296 | lr 3.15e-06
step   1540 | train_loss 2.5159 | lr 3.11e-06
step   1550 | train_loss 2.6594 | lr 3.08e-06
step   1560 | train_loss 2.6025 | lr 3.05e-06
step   1570 | train_loss 2.7965 | lr 3.03e-06
step   1580 | train_loss 2.7171 | lr 3.01e-06
step   1590 | train_loss 2.3364 | lr 3.00e-06
step   1596 | val_loss 2.5415 | val_ppl 12.70
step   1600 | train_loss 2.4616 | lr 3.00e-06
step   1600 | val_loss 2.5415 | val_ppl 12.70
Saved checkpoint to /home/system/projects/AuthLLM/checkpoints/lr_scaling_small/alpaca_unpacked_1600_lr3e-05_seed1338/step_1600.pt
