Data: 16,956 train / 346 val examples (0 dropped as longer than 512 tokens)
Packing: 16,956 examples into 3,763 windows (4.5 per window, 98.7% of positions used)
Model: small (29,938,560 parameters), initialized from checkpoints/small/step_18000.pt (step 18000)
step     10 | train_loss 2.9932 | lr 8.99e-05
step     16 | val_loss 2.7495 | val_ppl 15.64
step     20 | train_loss 2.7895 | lr 8.77e-05
step     30 | train_loss 2.8464 | lr 8.24e-05
step     32 | val_loss 2.6841 | val_ppl 14.65
step     40 | train_loss 2.7042 | lr 7.45e-05
step     48 | val_loss 2.6520 | val_ppl 14.18
step     50 | train_loss 2.7372 | lr 6.46e-05
step     60 | train_loss 2.7136 | lr 5.35e-05
step     64 | val_loss 2.6304 | val_ppl 13.88
step     70 | train_loss 2.6426 | lr 4.21e-05
step     80 | train_loss 2.6755 | lr 3.13e-05
step     80 | val_loss 2.6131 | val_ppl 13.64
step     90 | train_loss 2.5806 | lr 2.19e-05
step     96 | val_loss 2.6029 | val_ppl 13.50
step    100 | train_loss 2.6554 | lr 1.47e-05
step    110 | train_loss 2.5650 | lr 1.03e-05
step    112 | val_loss 2.5968 | val_ppl 13.42
step    118 | train_loss 2.6343 | lr 9.02e-06
step    118 | val_loss 2.5960 | val_ppl 13.41
Saved checkpoint to /home/system/projects/AuthLLM/checkpoints/lr_scaling_small/alpaca_third_packed_118_lr9e-05_seed1337/step_118.pt
