Benchmark model: benchmark-cuda (123,587,328 params), seq_len=512, 6 steps/scenario, device=cuda (NVIDIA GeForce RTX 2080 Ti)
NOTE: this GPU has no native bf16 (compute capability < 8.0) -- bf16 rows below are emulated.

Running: baseline (everything off -- fp32, no checkpointing, manual attention, AdamW) ...
Running: gradient_checkpointing (+ gradient checkpointing) ...
Running: mixed_precision_fp16 (+ fp16 autocast (+ GradScaler)) ...
Running: mixed_precision_bf16 (+ bf16 autocast) ...
Running: grad_accum_x8 (same *effective* batch (8) via batch_size=1 x 8 accum steps, instead of batch_size=8 x 1) ...
Running: efficient_attention (+ fused scaled_dot_product_attention) ...
Running: sgd_optimizer (AdamW -> SGD+momentum (1 state buffer/param instead of 2)) ...
Running: all_combined (checkpointing + fp16 + grad_accum_x8 + efficient attention, AdamW) ...

scenario                  peak VRAM (MB)   vs baseline    s/step
----------------------------------------------------------------
baseline                          9489.8                   0.915
gradient_checkpointing            5298.5        -44.2%     0.998
mixed_precision_fp16              8386.4        -11.6%     0.725
mixed_precision_bf16              8374.0        -11.8%     1.075
grad_accum_x8                     3025.9        -68.1%     0.986
efficient_attention               7991.6        -15.8%     0.910
sgd_optimizer                     8986.8         -5.3%     0.902
all_combined                      2619.9        -72.4%     1.053
