=== chat full epoch starting 2026-08-22T00:04:26+05:30 ===
Data: 17,672 train / 367 val examples (1,961 dropped as longer than 1024 tokens)
Model: medium (123,587,328 parameters), initialized from checkpoints/sft_dolly_packed3e5/step_940.pt (step 940)
step      1 | train_loss 2.7777 | lr 1.43e-06
step      2 | train_loss 2.4994 | lr 2.86e-06
step      3 | train_loss 2.7659 | lr 4.29e-06
step      4 | train_loss 2.9935 | lr 5.71e-06
step      5 | train_loss 2.7817 | lr 7.14e-06
step      6 | train_loss 2.7617 | lr 8.57e-06
step      7 | train_loss 2.7616 | lr 1.00e-05
step      8 | train_loss 2.8724 | lr 1.14e-05
step      9 | train_loss 2.5135 | lr 1.29e-05
step     10 | train_loss 2.4775 | lr 1.43e-05
step     11 | train_loss 2.6218 | lr 1.57e-05
step     12 | train_loss 2.6466 | lr 1.71e-05
step     13 | train_loss 2.6173 | lr 1.86e-05
step     14 | train_loss 2.6607 | lr 2.00e-05
step     15 | train_loss 2.4139 | lr 2.14e-05
step     16 | train_loss 2.5148 | lr 2.29e-05
step     17 | train_loss 2.6249 | lr 2.43e-05
step     18 | train_loss 2.3897 | lr 2.57e-05
step     19 | train_loss 2.6675 | lr 2.71e-05
step     20 | train_loss 2.4127 | lr 2.86e-05
step     21 | train_loss 2.3790 | lr 3.00e-05
step     22 | train_loss 2.2788 | lr 3.14e-05
step     23 | train_loss 2.3712 | lr 3.29e-05
step     24 | train_loss 2.3165 | lr 3.43e-05
step     25 | train_loss 2.4041 | lr 3.57e-05
step     26 | train_loss 2.2561 | lr 3.71e-05
step     27 | train_loss 2.3434 | lr 3.86e-05
step     28 | train_loss 2.3839 | lr 4.00e-05
step     29 | train_loss 2.1105 | lr 4.14e-05
step     30 | train_loss 2.3326 | lr 4.29e-05
step     31 | train_loss 2.2618 | lr 4.43e-05
step     32 | train_loss 2.2397 | lr 4.57e-05
step     33 | train_loss 2.0676 | lr 4.71e-05
step     34 | train_loss 2.2887 | lr 4.86e-05
step     35 | train_loss 2.2431 | lr 5.00e-05
step     36 | train_loss 2.2587 | lr 5.14e-05
step     37 | train_loss 2.1598 | lr 5.29e-05
step     38 | train_loss 2.1540 | lr 5.43e-05
step     39 | train_loss 2.1729 | lr 5.57e-05
step     40 | train_loss 2.2341 | lr 5.71e-05
step     41 | train_loss 2.1711 | lr 5.86e-05
step     42 | train_loss 2.2417 | lr 6.00e-05
step     43 | train_loss 2.0974 | lr 6.14e-05
step     44 | train_loss 2.0611 | lr 6.29e-05
step     45 | train_loss 2.1392 | lr 6.43e-05
step     46 | train_loss 2.3373 | lr 6.57e-05
step     47 | train_loss 2.0114 | lr 6.71e-05
step     48 | train_loss 2.0603 | lr 6.86e-05
step     49 | train_loss 2.1371 | lr 7.00e-05
step     50 | train_loss 2.2991 | lr 7.14e-05
step     51 | train_loss 2.1051 | lr 7.29e-05
step     52 | train_loss 2.1610 | lr 7.43e-05
step     53 | train_loss 2.2114 | lr 7.57e-05
step     54 | train_loss 2.0024 | lr 7.71e-05
step     55 | train_loss 2.0828 | lr 7.86e-05
step     56 | train_loss 2.2756 | lr 8.00e-05
step     57 | train_loss 1.9372 | lr 8.14e-05
step     58 | train_loss 2.0193 | lr 8.29e-05
step     59 | train_loss 2.1834 | lr 8.43e-05
step     60 | train_loss 2.2442 | lr 8.57e-05
step     61 | train_loss 2.1511 | lr 8.71e-05
step     62 | train_loss 2.1146 | lr 8.86e-05
step     63 | train_loss 2.1909 | lr 9.00e-05
step     64 | train_loss 2.2748 | lr 9.14e-05
step     65 | train_loss 2.3616 | lr 9.29e-05
step     66 | train_loss 2.1090 | lr 9.43e-05
step     67 | train_loss 2.2175 | lr 9.57e-05
step     68 | train_loss 2.2944 | lr 9.71e-05
step     69 | train_loss 2.2155 | lr 9.86e-05
step     70 | train_loss 2.0952 | lr 1.00e-04
step     71 | train_loss 2.2232 | lr 1.00e-04
step     72 | train_loss 2.1341 | lr 1.00e-04
step     73 | train_loss 2.0575 | lr 1.00e-04
step     74 | train_loss 1.9907 | lr 1.00e-04
step     75 | train_loss 2.0868 | lr 1.00e-04
step     76 | train_loss 2.1784 | lr 1.00e-04
step     77 | train_loss 2.1897 | lr 1.00e-04
step     78 | train_loss 2.0689 | lr 1.00e-04
step     79 | train_loss 2.0547 | lr 1.00e-04
step     80 | train_loss 2.1155 | lr 1.00e-04
step     81 | train_loss 2.1139 | lr 1.00e-04
step     82 | train_loss 2.0869 | lr 1.00e-04
step     83 | train_loss 2.0984 | lr 1.00e-04
step     84 | train_loss 2.2007 | lr 1.00e-04
step     85 | train_loss 2.2017 | lr 1.00e-04
step     86 | train_loss 2.1968 | lr 1.00e-04
step     87 | train_loss 2.0099 | lr 9.99e-05
step     88 | train_loss 2.1017 | lr 9.99e-05
step     89 | train_loss 2.1445 | lr 9.99e-05
step     90 | train_loss 2.0991 | lr 9.99e-05
step     91 | train_loss 2.0933 | lr 9.99e-05
step     92 | train_loss 2.1440 | lr 9.99e-05
step     93 | train_loss 2.0699 | lr 9.99e-05
step     94 | train_loss 2.0568 | lr 9.99e-05
step     95 | train_loss 2.0077 | lr 9.99e-05
step     96 | train_loss 2.1265 | lr 9.99e-05
step     97 | train_loss 2.0375 | lr 9.99e-05
step     98 | train_loss 2.1363 | lr 9.98e-05
step     99 | train_loss 2.0026 | lr 9.98e-05
step    100 | train_loss 2.1569 | lr 9.98e-05
step    100 | val_loss 2.1215 | val_ppl 8.34
step    101 | train_loss 2.1122 | lr 9.98e-05
step    102 | train_loss 2.0142 | lr 9.98e-05
step    103 | train_loss 2.1517 | lr 9.98e-05
step    104 | train_loss 2.2822 | lr 9.98e-05
step    105 | train_loss 2.1235 | lr 9.98e-05
step    106 | train_loss 1.9507 | lr 9.97e-05
step    107 | train_loss 2.0524 | lr 9.97e-05
step    108 | train_loss 2.1376 | lr 9.97e-05
step    109 | train_loss 2.0709 | lr 9.97e-05
step    110 | train_loss 2.0167 | lr 9.97e-05
step    111 | train_loss 2.0627 | lr 9.97e-05
step    112 | train_loss 2.0663 | lr 9.97e-05
step    113 | train_loss 2.1662 | lr 9.96e-05
step    114 | train_loss 2.0432 | lr 9.96e-05
step    115 | train_loss 2.0890 | lr 9.96e-05
step    116 | train_loss 2.1428 | lr 9.96e-05
step    117 | train_loss 2.0527 | lr 9.96e-05
step    118 | train_loss 2.3159 | lr 9.95e-05
