=== length-normalized DPO beta 10 starting 2026-08-22T00:34:51+05:30 ===
Data: 47,829 train / 971 val pairs (441 dropped: identical answers, or one side longer than 512 tokens)
Mean response length: chosen 80 tokens, rejected 72 (1.11x) -- see PreferenceDataset.mean_response_lengths for why this is worth knowing before the run, not after
Model: medium (123,587,328 parameters), policy from checkpoints/sft_dolly_packed3e5/step_940.pt, reference frozen from checkpoints/sft_dolly_packed3e5/step_940.pt, beta 1.0, length-normalized
Before: loss 0.6931 | accuracy 50.0% | margin +0.0000 (chosen +0.0000, rejected +0.0000) | policy alone: raw 55.6%, per-token 55.0%
step      5 | train_loss 0.6931 | lr 1.67e-07
step     10 | train_loss 0.6929 | lr 3.33e-07
step     15 | train_loss 0.6918 | lr 5.00e-07
step     20 | train_loss 0.6937 | lr 6.67e-07
step     25 | train_loss 0.6885 | lr 8.33e-07
step     30 | train_loss 0.6913 | lr 1.00e-06
step     35 | train_loss 0.6932 | lr 1.00e-06
step     40 | train_loss 0.6890 | lr 9.99e-07
step     45 | train_loss 0.6902 | lr 9.97e-07
step     50 | train_loss 0.6822 | lr 9.94e-07
step     55 | train_loss 0.6855 | lr 9.91e-07
step     60 | train_loss 0.6823 | lr 9.86e-07
step     65 | train_loss 0.6890 | lr 9.81e-07
step     70 | train_loss 0.6985 | lr 9.76e-07
step     75 | train_loss 0.6724 | lr 9.69e-07
step     80 | train_loss 0.6855 | lr 9.62e-07
step     85 | train_loss 0.6774 | lr 9.54e-07
step     90 | train_loss 0.7126 | lr 9.45e-07
step     95 | train_loss 0.7074 | lr 9.35e-07
step    100 | train_loss 0.6821 | lr 9.25e-07
step    100 | val_loss 0.6872
step    105 | train_loss 0.6743 | lr 9.14e-07
step    110 | train_loss 0.6744 | lr 9.03e-07
step    115 | train_loss 0.7001 | lr 8.90e-07
step    120 | train_loss 0.6967 | lr 8.78e-07
step    125 | train_loss 0.7070 | lr 8.64e-07
step    130 | train_loss 0.6934 | lr 8.50e-07
step    135 | train_loss 0.6402 | lr 8.36e-07
step    140 | train_loss 0.6956 | lr 8.21e-07
step    145 | train_loss 0.6821 | lr 8.05e-07
step    150 | train_loss 0.6866 | lr 7.89e-07
step    155 | train_loss 0.6959 | lr 7.73e-07
step    160 | train_loss 0.6684 | lr 7.56e-07
step    165 | train_loss 0.7095 | lr 7.39e-07
step    170 | train_loss 0.6678 | lr 7.21e-07
step    175 | train_loss 0.6836 | lr 7.04e-07
step    180 | train_loss 0.6547 | lr 6.85e-07
step    185 | train_loss 0.6772 | lr 6.67e-07
step    190 | train_loss 0.6745 | lr 6.49e-07
step    195 | train_loss 0.6637 | lr 6.30e-07
step    200 | train_loss 0.6728 | lr 6.11e-07
step    200 | val_loss 0.6861
Saved checkpoint to checkpoints/dpo_hh_ln10/step_200.pt
step    205 | train_loss 0.6839 | lr 5.92e-07
step    210 | train_loss 0.7138 | lr 5.73e-07
step    215 | train_loss 0.6863 | lr 5.54e-07
step    220 | train_loss 0.6348 | lr 5.35e-07
step    225 | train_loss 0.6970 | lr 5.16e-07
step    230 | train_loss 0.6827 | lr 4.97e-07
step    235 | train_loss 0.6746 | lr 4.78e-07
step    240 | train_loss 0.7036 | lr 4.59e-07
step    245 | train_loss 0.6737 | lr 4.40e-07
step    250 | train_loss 0.6808 | lr 4.22e-07
step    255 | train_loss 0.6732 | lr 4.04e-07
step    260 | train_loss 0.6838 | lr 3.86e-07
step    265 | train_loss 0.6989 | lr 3.68e-07
step    270 | train_loss 0.6982 | lr 3.51e-07
step    275 | train_loss 0.6712 | lr 3.34e-07
step    280 | train_loss 0.6849 | lr 3.17e-07
step    285 | train_loss 0.6911 | lr 3.01e-07
step    290 | train_loss 0.6473 | lr 2.85e-07
step    295 | train_loss 0.6735 | lr 2.70e-07
step    300 | train_loss 0.7044 | lr 2.56e-07
step    300 | val_loss 0.6855
step    305 | train_loss 0.7059 | lr 2.41e-07
step    310 | train_loss 0.7181 | lr 2.28e-07
step    315 | train_loss 0.6699 | lr 2.15e-07
step    320 | train_loss 0.6886 | lr 2.02e-07
step    325 | train_loss 0.6860 | lr 1.90e-07
step    330 | train_loss 0.6838 | lr 1.79e-07
step    335 | train_loss 0.6766 | lr 1.69e-07
step    340 | train_loss 0.7066 | lr 1.59e-07
step    345 | train_loss 0.6677 | lr 1.50e-07
step    350 | train_loss 0.6825 | lr 1.42e-07
step    355 | train_loss 0.6587 | lr 1.34e-07
step    360 | train_loss 0.6867 | lr 1.27e-07
step    365 | train_loss 0.6758 | lr 1.21e-07
step    370 | train_loss 0.6988 | lr 1.15e-07
step    375 | train_loss 0.7036 | lr 1.11e-07
step    380 | train_loss 0.6539 | lr 1.07e-07
step    385 | train_loss 0.6709 | lr 1.04e-07
step    390 | train_loss 0.6720 | lr 1.02e-07
step    395 | train_loss 0.6918 | lr 1.01e-07
step    400 | train_loss 0.6790 | lr 1.00e-07
step    400 | val_loss 0.6851
Saved checkpoint to checkpoints/dpo_hh_ln10/step_400.pt
After : loss 0.6851 | accuracy 58.8% | margin +0.0313 (chosen -0.1411, rejected -0.1724) | policy alone: raw 58.1%, per-token 56.2%
=== beta 10 done 2026-08-22T00:47:32+05:30; cooling 150s ===
=== length-normalized DPO beta 80 starting 2026-08-22T00:50:02+05:30 ===
Data: 47,829 train / 971 val pairs (441 dropped: identical answers, or one side longer than 512 tokens)
Mean response length: chosen 80 tokens, rejected 72 (1.11x) -- see PreferenceDataset.mean_response_lengths for why this is worth knowing before the run, not after
Model: medium (123,587,328 parameters), policy from checkpoints/sft_dolly_packed3e5/step_940.pt, reference frozen from checkpoints/sft_dolly_packed3e5/step_940.pt, beta 8.0, length-normalized
Before: loss 0.6931 | accuracy 50.0% | margin +0.0000 (chosen +0.0000, rejected +0.0000) | policy alone: raw 55.6%, per-token 55.0%
step      5 | train_loss 0.6918 | lr 1.67e-07
step     10 | train_loss 0.6895 | lr 3.33e-07
step     15 | train_loss 0.6853 | lr 5.00e-07
step     20 | train_loss 0.6991 | lr 6.67e-07
step     25 | train_loss 0.6644 | lr 8.33e-07
step     30 | train_loss 0.6878 | lr 1.00e-06
step     35 | train_loss 0.7005 | lr 1.00e-06
step     40 | train_loss 0.6870 | lr 9.99e-07
step     45 | train_loss 0.6821 | lr 9.97e-07
step     50 | train_loss 0.6633 | lr 9.94e-07
step     55 | train_loss 0.6786 | lr 9.91e-07
step     60 | train_loss 0.6707 | lr 9.86e-07
step     65 | train_loss 0.6761 | lr 9.81e-07
step     70 | train_loss 0.7107 | lr 9.76e-07
step     75 | train_loss 0.6559 | lr 9.69e-07
step     80 | train_loss 0.6711 | lr 9.62e-07
step     85 | train_loss 0.6435 | lr 9.54e-07
step     90 | train_loss 0.7291 | lr 9.45e-07
step     95 | train_loss 0.7041 | lr 9.35e-07
step    100 | train_loss 0.6556 | lr 9.25e-07
step    100 | val_loss 0.6807
step    105 | train_loss 0.6555 | lr 9.14e-07
step    110 | train_loss 0.6503 | lr 9.03e-07
step    115 | train_loss 0.7196 | lr 8.90e-07
step    120 | train_loss 0.6612 | lr 8.78e-07
step    125 | train_loss 0.6788 | lr 8.64e-07
step    130 | train_loss 0.7112 | lr 8.50e-07
step    135 | train_loss 0.6245 | lr 8.36e-07
step    140 | train_loss 0.6920 | lr 8.21e-07
step    145 | train_loss 0.6565 | lr 8.05e-07
step    150 | train_loss 0.6857 | lr 7.89e-07
step    155 | train_loss 0.6877 | lr 7.73e-07
step    160 | train_loss 0.6487 | lr 7.56e-07
step    165 | train_loss 0.6588 | lr 7.39e-07
step    170 | train_loss 0.6625 | lr 7.21e-07
step    175 | train_loss 0.6651 | lr 7.04e-07
step    180 | train_loss 0.6347 | lr 6.85e-07
step    185 | train_loss 0.6650 | lr 6.67e-07
step    190 | train_loss 0.6712 | lr 6.49e-07
step    195 | train_loss 0.6162 | lr 6.30e-07
step    200 | train_loss 0.6573 | lr 6.11e-07
step    200 | val_loss 0.6844
Saved checkpoint to checkpoints/dpo_hh_ln80/step_200.pt
step    205 | train_loss 0.6796 | lr 5.92e-07
step    210 | train_loss 0.7369 | lr 5.73e-07
step    215 | train_loss 0.7116 | lr 5.54e-07
step    220 | train_loss 0.5693 | lr 5.35e-07
step    225 | train_loss 0.7051 | lr 5.16e-07
step    230 | train_loss 0.6791 | lr 4.97e-07
step    235 | train_loss 0.6457 | lr 4.78e-07
step    240 | train_loss 0.6931 | lr 4.59e-07
step    245 | train_loss 0.6591 | lr 4.40e-07
step    250 | train_loss 0.6806 | lr 4.22e-07
step    255 | train_loss 0.6648 | lr 4.04e-07
step    260 | train_loss 0.6928 | lr 3.86e-07
step    265 | train_loss 0.7085 | lr 3.68e-07
step    270 | train_loss 0.7030 | lr 3.51e-07
step    275 | train_loss 0.6667 | lr 3.34e-07
step    280 | train_loss 0.6558 | lr 3.17e-07
step    285 | train_loss 0.6651 | lr 3.01e-07
step    290 | train_loss 0.5951 | lr 2.85e-07
step    295 | train_loss 0.6631 | lr 2.70e-07
step    300 | train_loss 0.7150 | lr 2.56e-07
step    300 | val_loss 0.6810
step    305 | train_loss 0.7088 | lr 2.41e-07
step    310 | train_loss 0.7560 | lr 2.28e-07
step    315 | train_loss 0.6414 | lr 2.15e-07
step    320 | train_loss 0.6599 | lr 2.02e-07
step    325 | train_loss 0.6836 | lr 1.90e-07
step    330 | train_loss 0.6888 | lr 1.79e-07
step    335 | train_loss 0.6650 | lr 1.69e-07
step    340 | train_loss 0.6845 | lr 1.59e-07
step    345 | train_loss 0.6425 | lr 1.50e-07
step    350 | train_loss 0.6626 | lr 1.42e-07
step    355 | train_loss 0.6129 | lr 1.34e-07
step    360 | train_loss 0.6700 | lr 1.27e-07
step    365 | train_loss 0.6312 | lr 1.21e-07
step    370 | train_loss 0.7094 | lr 1.15e-07
step    375 | train_loss 0.6862 | lr 1.11e-07
step    380 | train_loss 0.6427 | lr 1.07e-07
step    385 | train_loss 0.6705 | lr 1.04e-07
step    390 | train_loss 0.6547 | lr 1.02e-07
step    395 | train_loss 0.7055 | lr 1.01e-07
step    400 | train_loss 0.6669 | lr 1.00e-07
step    400 | val_loss 0.6804
Saved checkpoint to checkpoints/dpo_hh_ln80/step_400.pt
After : loss 0.6804 | accuracy 58.1% | margin +0.0649 (chosen -0.2171, rejected -0.2820) | policy alone: raw 56.2%, per-token 55.0%
=== beta 80 done 2026-08-22T01:02:34+05:30; cooling 150s ===
=== ranking eval, hh test split 2026-08-22T01:05:04+05:30 ===
2,574 pairs from data/preference/hh_test.jsonl (23 dropped) | mean response: chosen 80 tokens, rejected 73
         sft: raw 46.3% (chosen shorter 92.8%, longer 8.3%) | per-token 54.3% | DPO 50.0% | margin +0.0000 | loss 0.6931
dpo_standard: raw 46.4% (chosen shorter 92.9%, longer 8.4%) | per-token 55.2% | DPO 57.1% | margin +0.0505 | loss 0.6767
   dpo_ln_b1: raw 46.5% (chosen shorter 93.1%, longer 8.4%) | per-token 55.9% | DPO 56.5% | margin +0.0653 | loss 0.6782
   dpo_ln_b8: raw 46.5% (chosen shorter 93.0%, longer 8.4%) | per-token 54.9% | DPO 57.9% | margin +0.0230 | loss 0.6836
Wrote results/preference_eval_length_normalized.md
=== behaviour on dolly 2026-08-22T01:11:20+05:30 ===
Held out 300 examples from data/sft/dolly.jsonl

=== sft: checkpoints/sft_dolly_packed3e5/step_940.pt ===
loss 2.7444 | ppl 15.56 | stop 92% | mean 62 tok | loop 20%

=== dpo_standard: checkpoints/dpo_hh_lr1e6/step_400.pt ===
loss 2.7504 | ppl 15.65 | stop 98% | mean 70 tok | loop 18%

=== dpo_ln_b1: checkpoints/dpo_hh_ln10/step_400.pt ===
loss 2.7561 | ppl 15.74 | stop 88% | mean 86 tok | loop 18%

=== dpo_ln_b8: checkpoints/dpo_hh_ln80/step_400.pt ===
loss 2.7459 | ppl 15.58 | stop 98% | mean 58 tok | loop 22%

| checkpoint | held-out loss | ppl | stop rate | mean tokens | loop rate |
| --- | ---: | ---: | ---: | ---: | ---: |
| `sft` | 2.7444 | 15.56 | 92% | 62 | 20% |
| `dpo_standard` | 2.7504 | 15.65 | 98% | 70 | 18% |
| `dpo_ln_b1` | 2.7561 | 15.74 | 88% | 86 | 18% |
| `dpo_ln_b8` | 2.7459 | 15.58 | 98% | 58 | 22% |

Wrote results/instruction_eval_length_normalized.md
=== length-normalized experiment complete 2026-08-22T01:13:55+05:30 ===
