=== sweep 1e6 starting 2026-08-21T15:53:04+05:30 ===
Data: 47,829 train / 971 val pairs (441 dropped: identical answers, or one side longer than 512 tokens)
Mean response length: chosen 80 tokens, rejected 72 (1.11x) -- see PreferenceDataset.mean_response_lengths for why this is worth knowing before the run, not after
Model: medium (123,587,328 parameters), policy from checkpoints/sft_dolly_packed3e5/step_940.pt, reference frozen from checkpoints/sft_dolly_packed3e5/step_940.pt, beta 0.1
Before: loss 0.6931 | accuracy 50.0% | margin +0.0000 (chosen +0.0000, rejected +0.0000)
step      5 | train_loss 0.6931 | lr 1.67e-07
step     10 | train_loss 0.6931 | lr 3.33e-07
step     15 | train_loss 0.6920 | lr 5.00e-07
step     20 | train_loss 0.6919 | lr 6.67e-07
step     25 | train_loss 0.6901 | lr 8.33e-07
step     30 | train_loss 0.6859 | lr 1.00e-06
step     35 | train_loss 0.6889 | lr 1.00e-06
step     40 | train_loss 0.6946 | lr 9.99e-07
step     45 | train_loss 0.6895 | lr 9.97e-07
step     50 | train_loss 0.6907 | lr 9.94e-07
step     50 | val_loss 0.6862
step     55 | train_loss 0.6840 | lr 9.91e-07
step     60 | train_loss 0.6783 | lr 9.86e-07
step     65 | train_loss 0.6826 | lr 9.81e-07
step     70 | train_loss 0.6912 | lr 9.76e-07
step     75 | train_loss 0.6823 | lr 9.69e-07
step     80 | train_loss 0.6688 | lr 9.62e-07
step     85 | train_loss 0.6596 | lr 9.54e-07
step     90 | train_loss 0.7060 | lr 9.45e-07
step     95 | train_loss 0.6778 | lr 9.35e-07
step    100 | train_loss 0.6852 | lr 9.25e-07
step    100 | val_loss 0.6757
step    105 | train_loss 0.6731 | lr 9.14e-07
step    110 | train_loss 0.6669 | lr 9.03e-07
step    115 | train_loss 0.6952 | lr 8.90e-07
step    120 | train_loss 0.6741 | lr 8.78e-07
step    125 | train_loss 0.6853 | lr 8.64e-07
step    130 | train_loss 0.6913 | lr 8.50e-07
step    135 | train_loss 0.6526 | lr 8.36e-07
step    140 | train_loss 0.6790 | lr 8.21e-07
step    145 | train_loss 0.6905 | lr 8.05e-07
step    150 | train_loss 0.6698 | lr 7.89e-07
step    150 | val_loss 0.6714
step    155 | train_loss 0.7008 | lr 7.73e-07
step    160 | train_loss 0.6546 | lr 7.56e-07
step    165 | train_loss 0.6983 | lr 7.39e-07
step    170 | train_loss 0.6663 | lr 7.21e-07
step    175 | train_loss 0.6815 | lr 7.04e-07
step    180 | train_loss 0.6347 | lr 6.85e-07
step    185 | train_loss 0.6885 | lr 6.67e-07
step    190 | train_loss 0.6796 | lr 6.49e-07
step    195 | train_loss 0.6930 | lr 6.30e-07
step    200 | train_loss 0.6675 | lr 6.11e-07
step    200 | val_loss 0.6698
step    205 | train_loss 0.6533 | lr 5.92e-07
step    210 | train_loss 0.6965 | lr 5.73e-07
step    215 | train_loss 0.6648 | lr 5.54e-07
step    220 | train_loss 0.6369 | lr 5.35e-07
step    225 | train_loss 0.6670 | lr 5.16e-07
step    230 | train_loss 0.6773 | lr 4.97e-07
step    235 | train_loss 0.7051 | lr 4.78e-07
step    240 | train_loss 0.6971 | lr 4.59e-07
step    245 | train_loss 0.6738 | lr 4.40e-07
step    250 | train_loss 0.6727 | lr 4.22e-07
step    250 | val_loss 0.6686
step    255 | train_loss 0.6802 | lr 4.04e-07
step    260 | train_loss 0.6447 | lr 3.86e-07
step    265 | train_loss 0.6638 | lr 3.68e-07
step    270 | train_loss 0.6997 | lr 3.51e-07
step    275 | train_loss 0.6542 | lr 3.34e-07
step    280 | train_loss 0.6684 | lr 3.17e-07
step    285 | train_loss 0.6829 | lr 3.01e-07
step    290 | train_loss 0.6372 | lr 2.85e-07
step    295 | train_loss 0.6623 | lr 2.70e-07
step    300 | train_loss 0.7013 | lr 2.56e-07
step    300 | val_loss 0.6674
step    305 | train_loss 0.6608 | lr 2.41e-07
step    310 | train_loss 0.6861 | lr 2.28e-07
step    315 | train_loss 0.6479 | lr 2.15e-07
step    320 | train_loss 0.6721 | lr 2.02e-07
step    325 | train_loss 0.6642 | lr 1.90e-07
step    330 | train_loss 0.6969 | lr 1.79e-07
step    335 | train_loss 0.6763 | lr 1.69e-07
step    340 | train_loss 0.7012 | lr 1.59e-07
step    345 | train_loss 0.6576 | lr 1.50e-07
step    350 | train_loss 0.6939 | lr 1.42e-07
step    350 | val_loss 0.6668
step    355 | train_loss 0.6081 | lr 1.34e-07
step    360 | train_loss 0.6579 | lr 1.27e-07
step    365 | train_loss 0.6290 | lr 1.21e-07
step    370 | train_loss 0.6698 | lr 1.15e-07
step    375 | train_loss 0.6750 | lr 1.11e-07
step    380 | train_loss 0.6739 | lr 1.07e-07
step    385 | train_loss 0.6840 | lr 1.04e-07
step    390 | train_loss 0.6597 | lr 1.02e-07
step    395 | train_loss 0.7263 | lr 1.01e-07
step    400 | train_loss 0.6953 | lr 1.00e-07
step    400 | val_loss 0.6661
Saved checkpoint to checkpoints/dpo_hh_lr1e6/step_400.pt
After : loss 0.6661 | accuracy 60.0% | margin +0.0690 (chosen -0.1563, rejected -0.2253)
=== sweep 1e6 done 2026-08-21T16:05:58+05:30; cooling down 180s ===
=== sweep 5e6 starting 2026-08-21T16:08:58+05:30 ===
Data: 47,829 train / 971 val pairs (441 dropped: identical answers, or one side longer than 512 tokens)
Mean response length: chosen 80 tokens, rejected 72 (1.11x) -- see PreferenceDataset.mean_response_lengths for why this is worth knowing before the run, not after
Model: medium (123,587,328 parameters), policy from checkpoints/sft_dolly_packed3e5/step_940.pt, reference frozen from checkpoints/sft_dolly_packed3e5/step_940.pt, beta 0.1
Before: loss 0.6931 | accuracy 50.0% | margin +0.0000 (chosen +0.0000, rejected +0.0000) | policy alone: raw 45.0%, per-token 55.6%
step      5 | train_loss 0.6922 | lr 8.33e-07
step     10 | train_loss 0.6930 | lr 1.67e-06
step     15 | train_loss 0.6883 | lr 2.50e-06
step     20 | train_loss 0.6892 | lr 3.33e-06
step     25 | train_loss 0.6807 | lr 4.17e-06
step     30 | train_loss 0.6654 | lr 5.00e-06
step     35 | train_loss 0.6770 | lr 5.00e-06
step     40 | train_loss 0.7011 | lr 4.99e-06
step     45 | train_loss 0.6862 | lr 4.98e-06
step     50 | train_loss 0.6891 | lr 4.97e-06
step     50 | val_loss 0.6738
step     55 | train_loss 0.6657 | lr 4.95e-06
step     60 | train_loss 0.6466 | lr 4.93e-06
step     65 | train_loss 0.6711 | lr 4.91e-06
step     70 | train_loss 0.7001 | lr 4.88e-06
step     75 | train_loss 0.6733 | lr 4.84e-06
step     80 | train_loss 0.6255 | lr 4.81e-06
step     85 | train_loss 0.6057 | lr 4.77e-06
step     90 | train_loss 0.7349 | lr 4.72e-06
step     95 | train_loss 0.6419 | lr 4.68e-06
step    100 | train_loss 0.6822 | lr 4.62e-06
step    100 | val_loss 0.6534
step    105 | train_loss 0.6482 | lr 4.57e-06
step    110 | train_loss 0.6407 | lr 4.51e-06
step    115 | train_loss 0.7177 | lr 4.45e-06
step    120 | train_loss 0.6638 | lr 4.39e-06
step    125 | train_loss 0.6868 | lr 4.32e-06
step    130 | train_loss 0.6791 | lr 4.25e-06
step    135 | train_loss 0.6143 | lr 4.18e-06
step    140 | train_loss 0.6638 | lr 4.10e-06
step    145 | train_loss 0.7031 | lr 4.03e-06
step    150 | train_loss 0.6582 | lr 3.95e-06
step    150 | val_loss 0.6558
step    155 | train_loss 0.7253 | lr 3.86e-06
step    160 | train_loss 0.6153 | lr 3.78e-06
step    165 | train_loss 0.7249 | lr 3.69e-06
step    170 | train_loss 0.6399 | lr 3.61e-06
step    175 | train_loss 0.7207 | lr 3.52e-06
step    180 | train_loss 0.5846 | lr 3.43e-06
step    185 | train_loss 0.6941 | lr 3.34e-06
step    190 | train_loss 0.6545 | lr 3.24e-06
step    195 | train_loss 0.6700 | lr 3.15e-06
step    200 | train_loss 0.6545 | lr 3.05e-06
step    200 | val_loss 0.6616
step    205 | train_loss 0.6182 | lr 2.96e-06
step    210 | train_loss 0.7052 | lr 2.86e-06
step    215 | train_loss 0.6448 | lr 2.77e-06
step    220 | train_loss 0.5972 | lr 2.67e-06
step    225 | train_loss 0.6867 | lr 2.58e-06
step    230 | train_loss 0.6782 | lr 2.48e-06
step    235 | train_loss 0.6942 | lr 2.39e-06
step    240 | train_loss 0.7007 | lr 2.29e-06
step    245 | train_loss 0.6697 | lr 2.20e-06
step    250 | train_loss 0.6641 | lr 2.11e-06
step    250 | val_loss 0.6651
step    255 | train_loss 0.6874 | lr 2.02e-06
step    260 | train_loss 0.6242 | lr 1.93e-06
step    265 | train_loss 0.6717 | lr 1.84e-06
step    270 | train_loss 0.7064 | lr 1.75e-06
step    275 | train_loss 0.6455 | lr 1.67e-06
step    280 | train_loss 0.6407 | lr 1.59e-06
step    285 | train_loss 0.6774 | lr 1.51e-06
step    290 | train_loss 0.5909 | lr 1.43e-06
step    295 | train_loss 0.6310 | lr 1.35e-06
step    300 | train_loss 0.7102 | lr 1.28e-06
step    300 | val_loss 0.6620
step    305 | train_loss 0.6424 | lr 1.21e-06
step    310 | train_loss 0.6922 | lr 1.14e-06
step    315 | train_loss 0.6084 | lr 1.07e-06
step    320 | train_loss 0.6505 | lr 1.01e-06
step    325 | train_loss 0.6295 | lr 9.52e-07
step    330 | train_loss 0.6935 | lr 8.97e-07
step    335 | train_loss 0.6733 | lr 8.44e-07
step    340 | train_loss 0.7213 | lr 7.95e-07
step    345 | train_loss 0.6244 | lr 7.50e-07
step    350 | train_loss 0.6848 | lr 7.08e-07
step    350 | val_loss 0.6594
step    355 | train_loss 0.5853 | lr 6.69e-07
step    360 | train_loss 0.6489 | lr 6.35e-07
step    365 | train_loss 0.6047 | lr 6.04e-07
step    370 | train_loss 0.6670 | lr 5.77e-07
step    375 | train_loss 0.6485 | lr 5.55e-07
step    380 | train_loss 0.6708 | lr 5.36e-07
step    385 | train_loss 0.6966 | lr 5.21e-07
step    390 | train_loss 0.6441 | lr 5.10e-07
step    395 | train_loss 0.7716 | lr 5.03e-07
step    400 | train_loss 0.6894 | lr 5.00e-07
step    400 | val_loss 0.6573
Saved checkpoint to checkpoints/dpo_hh_lr5e6/step_400.pt
After : loss 0.6573 | accuracy 61.9% | margin +0.1167 (chosen -0.3356, rejected -0.4523) | policy alone: raw 45.6%, per-token 56.2%
=== sweep 5e6 done 2026-08-21T16:21:53+05:30; cooling down 180s ===
=== sweep 2e5 starting 2026-08-21T16:24:53+05:30 ===
Data: 47,829 train / 971 val pairs (441 dropped: identical answers, or one side longer than 512 tokens)
Mean response length: chosen 80 tokens, rejected 72 (1.11x) -- see PreferenceDataset.mean_response_lengths for why this is worth knowing before the run, not after
Model: medium (123,587,328 parameters), policy from checkpoints/sft_dolly_packed3e5/step_940.pt, reference frozen from checkpoints/sft_dolly_packed3e5/step_940.pt, beta 0.1
Before: loss 0.6931 | accuracy 50.0% | margin +0.0000 (chosen +0.0000, rejected +0.0000) | policy alone: raw 45.0%, per-token 55.6%
step      5 | train_loss 0.6889 | lr 3.33e-06
step     10 | train_loss 0.6943 | lr 6.67e-06
step     15 | train_loss 0.6808 | lr 1.00e-05
step     20 | train_loss 0.6828 | lr 1.33e-05
step     25 | train_loss 0.6694 | lr 1.67e-05
step     30 | train_loss 0.6344 | lr 2.00e-05
step     35 | train_loss 0.6834 | lr 2.00e-05
step     40 | train_loss 0.7351 | lr 2.00e-05
step     45 | train_loss 0.6882 | lr 1.99e-05
step     50 | train_loss 0.7454 | lr 1.99e-05
step     50 | val_loss 0.6987
step     55 | train_loss 0.6642 | lr 1.98e-05
step     60 | train_loss 0.6474 | lr 1.97e-05
step     65 | train_loss 0.6721 | lr 1.96e-05
step     70 | train_loss 0.7448 | lr 1.95e-05
step     75 | train_loss 0.7284 | lr 1.94e-05
step     80 | train_loss 0.6003 | lr 1.92e-05
step     85 | train_loss 0.6029 | lr 1.91e-05
step     90 | train_loss 0.7304 | lr 1.89e-05
step     95 | train_loss 0.6445 | lr 1.87e-05
step    100 | train_loss 0.6887 | lr 1.85e-05
step    100 | val_loss 0.6584
step    105 | train_loss 0.6986 | lr 1.83e-05
step    110 | train_loss 0.6292 | lr 1.81e-05
step    115 | train_loss 0.7582 | lr 1.78e-05
step    120 | train_loss 0.6822 | lr 1.76e-05
step    125 | train_loss 0.7113 | lr 1.73e-05
step    130 | train_loss 0.6259 | lr 1.70e-05
step    135 | train_loss 0.6100 | lr 1.67e-05
step    140 | train_loss 0.6461 | lr 1.64e-05
step    145 | train_loss 0.6987 | lr 1.61e-05
step    150 | train_loss 0.7360 | lr 1.58e-05
step    150 | val_loss 0.6854
step    155 | train_loss 0.7699 | lr 1.55e-05
step    160 | train_loss 0.5958 | lr 1.51e-05
step    165 | train_loss 0.7289 | lr 1.48e-05
step    170 | train_loss 0.6907 | lr 1.44e-05
step    175 | train_loss 0.7540 | lr 1.41e-05
step    180 | train_loss 0.5770 | lr 1.37e-05
step    185 | train_loss 0.7258 | lr 1.33e-05
step    190 | train_loss 0.6547 | lr 1.30e-05
step    195 | train_loss 0.6523 | lr 1.26e-05
step    200 | train_loss 0.6676 | lr 1.22e-05
step    200 | val_loss 0.6953
step    205 | train_loss 0.6296 | lr 1.18e-05
step    210 | train_loss 0.7219 | lr 1.15e-05
step    215 | train_loss 0.6496 | lr 1.11e-05
step    220 | train_loss 0.6290 | lr 1.07e-05
step    225 | train_loss 0.7201 | lr 1.03e-05
step    230 | train_loss 0.7346 | lr 9.93e-06
step    235 | train_loss 0.6904 | lr 9.55e-06
step    240 | train_loss 0.7047 | lr 9.18e-06
step    245 | train_loss 0.7042 | lr 8.81e-06
step    250 | train_loss 0.6653 | lr 8.44e-06
step    250 | val_loss 0.6845
step    255 | train_loss 0.6559 | lr 8.07e-06
step    260 | train_loss 0.6653 | lr 7.72e-06
step    265 | train_loss 0.7055 | lr 7.36e-06
step    270 | train_loss 0.7514 | lr 7.02e-06
step    275 | train_loss 0.6266 | lr 6.68e-06
step    280 | train_loss 0.6367 | lr 6.35e-06
step    285 | train_loss 0.6662 | lr 6.02e-06
step    290 | train_loss 0.5885 | lr 5.71e-06
step    295 | train_loss 0.6092 | lr 5.41e-06
step    300 | train_loss 0.7004 | lr 5.11e-06
step    300 | val_loss 0.6696
step    305 | train_loss 0.5987 | lr 4.83e-06
step    310 | train_loss 0.7313 | lr 4.56e-06
step    315 | train_loss 0.6354 | lr 4.29e-06
step    320 | train_loss 0.6864 | lr 4.05e-06
step    325 | train_loss 0.6148 | lr 3.81e-06
step    330 | train_loss 0.6730 | lr 3.59e-06
step    335 | train_loss 0.6544 | lr 3.38e-06
step    340 | train_loss 0.7102 | lr 3.18e-06
step    345 | train_loss 0.6328 | lr 3.00e-06
step    350 | train_loss 0.6832 | lr 2.83e-06
step    350 | val_loss 0.6622
step    355 | train_loss 0.5649 | lr 2.68e-06
step    360 | train_loss 0.6898 | lr 2.54e-06
step    365 | train_loss 0.5895 | lr 2.42e-06
step    370 | train_loss 0.6922 | lr 2.31e-06
step    375 | train_loss 0.6430 | lr 2.22e-06
step    380 | train_loss 0.6529 | lr 2.14e-06
step    385 | train_loss 0.7207 | lr 2.08e-06
step    390 | train_loss 0.6857 | lr 2.04e-06
step    395 | train_loss 0.8192 | lr 2.01e-06
step    400 | train_loss 0.6711 | lr 2.00e-06
step    400 | val_loss 0.6562
Saved checkpoint to checkpoints/dpo_hh_lr2e5/step_400.pt
After : loss 0.6562 | accuracy 60.6% | margin +0.1674 (chosen -0.6595, rejected -0.8270) | policy alone: raw 46.2%, per-token 58.1%
=== sweep 2e5 done 2026-08-21T16:37:48+05:30; cooling down 180s ===
=== sweep complete 2026-08-21T16:40:48+05:30 ===
