Data: 47,829 train / 971 val pairs (441 dropped: identical answers, or one side longer than 512 tokens)
Mean response length: chosen 80 tokens, rejected 72 (1.11x) -- see PreferenceDataset.mean_response_lengths for why this is worth knowing before the run, not after
Model: medium (123,587,328 parameters), policy from checkpoints/sft_dolly_packed3e5/step_940.pt, reference frozen from checkpoints/sft_dolly_packed3e5/step_940.pt, beta 0.1
Before: loss 0.6931 | accuracy 50.0% | margin +0.0000 (chosen +0.0000, rejected +0.0000) | policy alone: raw 45.0%, per-token 55.6%
step      5 | train_loss 0.6934 | lr 1.00e-07
step     10 | train_loss 0.6927 | lr 2.00e-07
step     15 | train_loss 0.6926 | lr 3.00e-07
step     20 | train_loss 0.6925 | lr 4.00e-07
step     25 | train_loss 0.6910 | lr 5.00e-07
step     30 | train_loss 0.6887 | lr 6.00e-07
step     35 | train_loss 0.6903 | lr 7.00e-07
step     40 | train_loss 0.6942 | lr 8.00e-07
step     45 | train_loss 0.6909 | lr 9.00e-07
step     50 | train_loss 0.6904 | lr 1.00e-06
step     55 | train_loss 0.6863 | lr 1.00e-06
step     60 | train_loss 0.6815 | lr 1.00e-06
step     65 | train_loss 0.6842 | lr 1.00e-06
step     70 | train_loss 0.6914 | lr 1.00e-06
step     75 | train_loss 0.6843 | lr 9.99e-07
step     80 | train_loss 0.6718 | lr 9.99e-07
step     85 | train_loss 0.6639 | lr 9.99e-07
step     90 | train_loss 0.7049 | lr 9.98e-07
step     95 | train_loss 0.6789 | lr 9.98e-07
step    100 | train_loss 0.6853 | lr 9.97e-07
step    100 | val_loss 0.6764
step    105 | train_loss 0.6747 | lr 9.97e-07
step    110 | train_loss 0.6688 | lr 9.96e-07
step    115 | train_loss 0.6946 | lr 9.96e-07
step    120 | train_loss 0.6748 | lr 9.95e-07
step    125 | train_loss 0.6845 | lr 9.94e-07
step    130 | train_loss 0.6908 | lr 9.93e-07
step    135 | train_loss 0.6541 | lr 9.93e-07
step    140 | train_loss 0.6796 | lr 9.92e-07
step    145 | train_loss 0.6921 | lr 9.91e-07
step    150 | train_loss 0.6709 | lr 9.90e-07
step    155 | train_loss 0.6993 | lr 9.89e-07
step    160 | train_loss 0.6547 | lr 9.87e-07
step    165 | train_loss 0.6976 | lr 9.86e-07
step    170 | train_loss 0.6685 | lr 9.85e-07
step    175 | train_loss 0.6786 | lr 9.84e-07
step    180 | train_loss 0.6325 | lr 9.82e-07
step    185 | train_loss 0.6890 | lr 9.81e-07
step    190 | train_loss 0.6800 | lr 9.80e-07
step    195 | train_loss 0.6927 | lr 9.78e-07
step    200 | train_loss 0.6676 | lr 9.77e-07
step    200 | val_loss 0.6689
step    205 | train_loss 0.6520 | lr 9.75e-07
step    210 | train_loss 0.6971 | lr 9.73e-07
step    215 | train_loss 0.6648 | lr 9.72e-07
step    220 | train_loss 0.6315 | lr 9.70e-07
step    225 | train_loss 0.6680 | lr 9.68e-07
step    230 | train_loss 0.6758 | lr 9.66e-07
step    235 | train_loss 0.7040 | lr 9.64e-07
step    240 | train_loss 0.6981 | lr 9.63e-07
step    245 | train_loss 0.6724 | lr 9.61e-07
step    250 | train_loss 0.6714 | lr 9.59e-07
step    255 | train_loss 0.6774 | lr 9.56e-07
step    260 | train_loss 0.6429 | lr 9.54e-07
step    265 | train_loss 0.6637 | lr 9.52e-07
step    270 | train_loss 0.7001 | lr 9.50e-07
step    275 | train_loss 0.6516 | lr 9.48e-07
step    280 | train_loss 0.6658 | lr 9.45e-07
step    285 | train_loss 0.6826 | lr 9.43e-07
step    290 | train_loss 0.6321 | lr 9.41e-07
step    295 | train_loss 0.6600 | lr 9.38e-07
Saved checkpoint to checkpoints/dpo_hh/step_299.pt
step    300 | train_loss 0.7029 | lr 9.36e-07
step    300 | val_loss 0.6646
step    305 | train_loss 0.6544 | lr 9.33e-07
step    310 | train_loss 0.6850 | lr 9.31e-07
step    315 | train_loss 0.6368 | lr 9.28e-07
step    320 | train_loss 0.6696 | lr 9.25e-07
step    325 | train_loss 0.6580 | lr 9.22e-07
step    330 | train_loss 0.6984 | lr 9.20e-07
step    335 | train_loss 0.6749 | lr 9.17e-07
step    340 | train_loss 0.7057 | lr 9.14e-07
step    345 | train_loss 0.6535 | lr 9.11e-07
step    350 | train_loss 0.6919 | lr 9.08e-07
step    355 | train_loss 0.5916 | lr 9.05e-07
step    360 | train_loss 0.6503 | lr 9.02e-07
step    365 | train_loss 0.6159 | lr 8.99e-07
step    370 | train_loss 0.6684 | lr 8.96e-07
step    375 | train_loss 0.6672 | lr 8.93e-07
step    380 | train_loss 0.6755 | lr 8.90e-07
step    385 | train_loss 0.6815 | lr 8.86e-07
step    390 | train_loss 0.6567 | lr 8.83e-07
step    395 | train_loss 0.7379 | lr 8.80e-07
step    400 | train_loss 0.6955 | lr 8.77e-07
step    400 | val_loss 0.6582
step    405 | train_loss 0.6936 | lr 8.73e-07
step    410 | train_loss 0.6674 | lr 8.70e-07
step    415 | train_loss 0.6420 | lr 8.66e-07
step    420 | train_loss 0.6906 | lr 8.63e-07
step    425 | train_loss 0.6378 | lr 8.59e-07
step    430 | train_loss 0.7283 | lr 8.56e-07
step    435 | train_loss 0.6613 | lr 8.52e-07
step    440 | train_loss 0.6303 | lr 8.48e-07
step    445 | train_loss 0.6582 | lr 8.45e-07
step    450 | train_loss 0.6231 | lr 8.41e-07
step    455 | train_loss 0.6944 | lr 8.37e-07
step    460 | train_loss 0.7230 | lr 8.34e-07
step    465 | train_loss 0.6868 | lr 8.30e-07
step    470 | train_loss 0.6719 | lr 8.26e-07
step    475 | train_loss 0.6769 | lr 8.22e-07
step    480 | train_loss 0.6550 | lr 8.18e-07
step    485 | train_loss 0.7017 | lr 8.14e-07
step    490 | train_loss 0.6967 | lr 8.10e-07
step    495 | train_loss 0.7414 | lr 8.06e-07
step    500 | train_loss 0.6373 | lr 8.02e-07
step    500 | val_loss 0.6563
step    505 | train_loss 0.6212 | lr 7.98e-07
step    510 | train_loss 0.6871 | lr 7.94e-07
step    515 | train_loss 0.7102 | lr 7.90e-07
step    520 | train_loss 0.6525 | lr 7.86e-07
step    525 | train_loss 0.6483 | lr 7.81e-07
step    530 | train_loss 0.7021 | lr 7.77e-07
step    535 | train_loss 0.6257 | lr 7.73e-07
step    540 | train_loss 0.6392 | lr 7.69e-07
step    545 | train_loss 0.6602 | lr 7.64e-07
step    550 | train_loss 0.6781 | lr 7.60e-07
step    555 | train_loss 0.6697 | lr 7.56e-07
step    560 | train_loss 0.6916 | lr 7.51e-07
step    565 | train_loss 0.6544 | lr 7.47e-07
step    570 | train_loss 0.6664 | lr 7.43e-07
step    575 | train_loss 0.6509 | lr 7.38e-07
step    580 | train_loss 0.6268 | lr 7.34e-07
step    585 | train_loss 0.6060 | lr 7.29e-07
step    590 | train_loss 0.6432 | lr 7.25e-07
step    595 | train_loss 0.6396 | lr 7.20e-07
Saved checkpoint to checkpoints/dpo_hh/step_598.pt
step    600 | train_loss 0.6073 | lr 7.16e-07
step    600 | val_loss 0.6537
step    605 | train_loss 0.6632 | lr 7.11e-07
step    610 | train_loss 0.6961 | lr 7.07e-07
step    615 | train_loss 0.7024 | lr 7.02e-07
step    620 | train_loss 0.7054 | lr 6.97e-07
step    625 | train_loss 0.7069 | lr 6.93e-07
step    630 | train_loss 0.6488 | lr 6.88e-07
step    635 | train_loss 0.6246 | lr 6.83e-07
step    640 | train_loss 0.6318 | lr 6.79e-07
step    645 | train_loss 0.6252 | lr 6.74e-07
step    650 | train_loss 0.6770 | lr 6.69e-07
step    655 | train_loss 0.7170 | lr 6.65e-07
step    660 | train_loss 0.6669 | lr 6.60e-07
step    665 | train_loss 0.7084 | lr 6.55e-07
step    670 | train_loss 0.6351 | lr 6.50e-07
step    675 | train_loss 0.6534 | lr 6.46e-07
step    680 | train_loss 0.6730 | lr 6.41e-07
step    685 | train_loss 0.6595 | lr 6.36e-07
step    690 | train_loss 0.6419 | lr 6.31e-07
step    695 | train_loss 0.6488 | lr 6.26e-07
step    700 | train_loss 0.6637 | lr 6.22e-07
step    700 | val_loss 0.6538
step    705 | train_loss 0.6976 | lr 6.17e-07
step    710 | train_loss 0.6658 | lr 6.12e-07
step    715 | train_loss 0.6228 | lr 6.07e-07
step    720 | train_loss 0.6471 | lr 6.02e-07
step    725 | train_loss 0.6070 | lr 5.97e-07
step    730 | train_loss 0.6985 | lr 5.92e-07
step    735 | train_loss 0.6324 | lr 5.88e-07
step    740 | train_loss 0.7086 | lr 5.83e-07
step    745 | train_loss 0.6551 | lr 5.78e-07
step    750 | train_loss 0.7640 | lr 5.73e-07
step    755 | train_loss 0.6714 | lr 5.68e-07
step    760 | train_loss 0.6943 | lr 5.63e-07
step    765 | train_loss 0.6429 | lr 5.58e-07
step    770 | train_loss 0.6416 | lr 5.53e-07
step    775 | train_loss 0.6263 | lr 5.49e-07
step    780 | train_loss 0.6435 | lr 5.44e-07
step    785 | train_loss 0.6998 | lr 5.39e-07
step    790 | train_loss 0.6662 | lr 5.34e-07
step    795 | train_loss 0.7017 | lr 5.29e-07
step    800 | train_loss 0.6997 | lr 5.24e-07
step    800 | val_loss 0.6525
step    805 | train_loss 0.6634 | lr 5.19e-07
step    810 | train_loss 0.6315 | lr 5.14e-07
step    815 | train_loss 0.6769 | lr 5.09e-07
step    820 | train_loss 0.6514 | lr 5.05e-07
step    825 | train_loss 0.6213 | lr 5.00e-07
step    830 | train_loss 0.7045 | lr 4.95e-07
step    835 | train_loss 0.6529 | lr 4.90e-07
step    840 | train_loss 0.6530 | lr 4.85e-07
step    845 | train_loss 0.7375 | lr 4.80e-07
step    850 | train_loss 0.6946 | lr 4.76e-07
step    855 | train_loss 0.6171 | lr 4.71e-07
step    860 | train_loss 0.6266 | lr 4.66e-07
step    865 | train_loss 0.6211 | lr 4.61e-07
step    870 | train_loss 0.6966 | lr 4.56e-07
step    875 | train_loss 0.6863 | lr 4.52e-07
step    880 | train_loss 0.6875 | lr 4.47e-07
step    885 | train_loss 0.7038 | lr 4.42e-07
step    890 | train_loss 0.6828 | lr 4.37e-07
step    895 | train_loss 0.6380 | lr 4.33e-07
Saved checkpoint to checkpoints/dpo_hh/step_897.pt
step    900 | train_loss 0.6549 | lr 4.28e-07
step    900 | val_loss 0.6526
step    905 | train_loss 0.6837 | lr 4.23e-07
step    910 | train_loss 0.6259 | lr 4.18e-07
step    915 | train_loss 0.6469 | lr 4.14e-07
step    920 | train_loss 0.6545 | lr 4.09e-07
step    925 | train_loss 0.6838 | lr 4.04e-07
step    930 | train_loss 0.6585 | lr 4.00e-07
step    935 | train_loss 0.6830 | lr 3.95e-07
step    940 | train_loss 0.6522 | lr 3.91e-07
step    945 | train_loss 0.6186 | lr 3.86e-07
step    950 | train_loss 0.6384 | lr 3.82e-07
step    955 | train_loss 0.6548 | lr 3.77e-07
step    960 | train_loss 0.6351 | lr 3.72e-07
step    965 | train_loss 0.6419 | lr 3.68e-07
step    970 | train_loss 0.6365 | lr 3.64e-07
step    975 | train_loss 0.6375 | lr 3.59e-07
step    980 | train_loss 0.6281 | lr 3.55e-07
step    985 | train_loss 0.6947 | lr 3.50e-07
step    990 | train_loss 0.6836 | lr 3.46e-07
step    995 | train_loss 0.6479 | lr 3.42e-07
step   1000 | train_loss 0.6463 | lr 3.37e-07
step   1000 | val_loss 0.6511
step   1005 | train_loss 0.6051 | lr 3.33e-07
step   1010 | train_loss 0.6529 | lr 3.29e-07
step   1015 | train_loss 0.6944 | lr 3.24e-07
step   1020 | train_loss 0.7002 | lr 3.20e-07
step   1025 | train_loss 0.6400 | lr 3.16e-07
step   1030 | train_loss 0.6448 | lr 3.12e-07
step   1035 | train_loss 0.6818 | lr 3.08e-07
step   1040 | train_loss 0.5869 | lr 3.04e-07
step   1045 | train_loss 0.6676 | lr 3.00e-07
step   1050 | train_loss 0.6542 | lr 2.95e-07
step   1055 | train_loss 0.6487 | lr 2.91e-07
step   1060 | train_loss 0.6762 | lr 2.87e-07
step   1065 | train_loss 0.6359 | lr 2.84e-07
step   1070 | train_loss 0.6742 | lr 2.80e-07
step   1075 | train_loss 0.6576 | lr 2.76e-07
step   1080 | train_loss 0.6380 | lr 2.72e-07
step   1085 | train_loss 0.5909 | lr 2.68e-07
step   1090 | train_loss 0.6529 | lr 2.64e-07
step   1095 | train_loss 0.7141 | lr 2.60e-07
step   1100 | train_loss 0.6375 | lr 2.57e-07
step   1100 | val_loss 0.6507
step   1105 | train_loss 0.6697 | lr 2.53e-07
step   1110 | train_loss 0.6673 | lr 2.49e-07
step   1115 | train_loss 0.6710 | lr 2.46e-07
step   1120 | train_loss 0.6974 | lr 2.42e-07
step   1125 | train_loss 0.6511 | lr 2.39e-07
step   1130 | train_loss 0.6727 | lr 2.35e-07
step   1135 | train_loss 0.6634 | lr 2.32e-07
step   1140 | train_loss 0.6344 | lr 2.28e-07
step   1145 | train_loss 0.6955 | lr 2.25e-07
step   1150 | train_loss 0.6494 | lr 2.21e-07
step   1155 | train_loss 0.6913 | lr 2.18e-07
step   1160 | train_loss 0.6899 | lr 2.15e-07
step   1165 | train_loss 0.6802 | lr 2.12e-07
step   1170 | train_loss 0.6187 | lr 2.08e-07
step   1175 | train_loss 0.6722 | lr 2.05e-07
step   1180 | train_loss 0.6748 | lr 2.02e-07
step   1185 | train_loss 0.6850 | lr 1.99e-07
step   1190 | train_loss 0.6560 | lr 1.96e-07
step   1195 | train_loss 0.7052 | lr 1.93e-07
Saved checkpoint to checkpoints/dpo_hh/step_1196.pt
step   1200 | train_loss 0.6631 | lr 1.90e-07
step   1200 | val_loss 0.6505
step   1205 | train_loss 0.6498 | lr 1.87e-07
step   1210 | train_loss 0.6366 | lr 1.84e-07
step   1215 | train_loss 0.6660 | lr 1.81e-07
step   1220 | train_loss 0.6687 | lr 1.79e-07
step   1225 | train_loss 0.6722 | lr 1.76e-07
step   1230 | train_loss 0.7249 | lr 1.73e-07
step   1235 | train_loss 0.7109 | lr 1.71e-07
step   1240 | train_loss 0.6323 | lr 1.68e-07
step   1245 | train_loss 0.6501 | lr 1.65e-07
step   1250 | train_loss 0.7049 | lr 1.63e-07
step   1255 | train_loss 0.6842 | lr 1.60e-07
step   1260 | train_loss 0.6665 | lr 1.58e-07
step   1265 | train_loss 0.7034 | lr 1.56e-07
step   1270 | train_loss 0.6241 | lr 1.53e-07
step   1275 | train_loss 0.6547 | lr 1.51e-07
step   1280 | train_loss 0.6670 | lr 1.49e-07
step   1285 | train_loss 0.6927 | lr 1.47e-07
step   1290 | train_loss 0.6733 | lr 1.44e-07
step   1295 | train_loss 0.6649 | lr 1.42e-07
step   1300 | train_loss 0.7024 | lr 1.40e-07
step   1300 | val_loss 0.6499
step   1305 | train_loss 0.6731 | lr 1.38e-07
step   1310 | train_loss 0.6353 | lr 1.36e-07
step   1315 | train_loss 0.6278 | lr 1.34e-07
step   1320 | train_loss 0.6722 | lr 1.33e-07
step   1325 | train_loss 0.6863 | lr 1.31e-07
step   1330 | train_loss 0.6978 | lr 1.29e-07
step   1335 | train_loss 0.6468 | lr 1.27e-07
step   1340 | train_loss 0.6206 | lr 1.26e-07
step   1345 | train_loss 0.6281 | lr 1.24e-07
step   1350 | train_loss 0.6536 | lr 1.22e-07
step   1355 | train_loss 0.6287 | lr 1.21e-07
step   1360 | train_loss 0.6322 | lr 1.20e-07
step   1365 | train_loss 0.7305 | lr 1.18e-07
step   1370 | train_loss 0.6543 | lr 1.17e-07
step   1375 | train_loss 0.6757 | lr 1.15e-07
step   1380 | train_loss 0.6440 | lr 1.14e-07
step   1385 | train_loss 0.6437 | lr 1.13e-07
step   1390 | train_loss 0.6468 | lr 1.12e-07
step   1395 | train_loss 0.6536 | lr 1.11e-07
step   1400 | train_loss 0.6959 | lr 1.10e-07
step   1400 | val_loss 0.6492
step   1405 | train_loss 0.6917 | lr 1.09e-07
step   1410 | train_loss 0.6081 | lr 1.08e-07
step   1415 | train_loss 0.7187 | lr 1.07e-07
step   1420 | train_loss 0.6416 | lr 1.06e-07
step   1425 | train_loss 0.6304 | lr 1.05e-07
step   1430 | train_loss 0.7187 | lr 1.05e-07
step   1435 | train_loss 0.6681 | lr 1.04e-07
step   1440 | train_loss 0.6900 | lr 1.03e-07
step   1445 | train_loss 0.6836 | lr 1.03e-07
step   1450 | train_loss 0.6381 | lr 1.02e-07
step   1455 | train_loss 0.6879 | lr 1.02e-07
step   1460 | train_loss 0.6684 | lr 1.01e-07
step   1465 | train_loss 0.6603 | lr 1.01e-07
step   1470 | train_loss 0.6681 | lr 1.01e-07
step   1475 | train_loss 0.6832 | lr 1.00e-07
step   1480 | train_loss 0.6367 | lr 1.00e-07
step   1485 | train_loss 0.6216 | lr 1.00e-07
step   1490 | train_loss 0.6304 | lr 1.00e-07
step   1495 | train_loss 0.7066 | lr 1.00e-07
step   1495 | val_loss 0.6491
Saved checkpoint to checkpoints/dpo_hh/step_1495.pt
After : loss 0.6491 | accuracy 61.3% | margin +0.1220 (chosen -0.2509, rejected -0.3729) | policy alone: raw 45.0%, per-token 56.9%
