Data: 50,868 train / 1,038 val examples (68 dropped as longer than 512 tokens)
Packing: 50,868 examples into 11,220 windows (4.5 per window, 98.8% of positions used)
Model: medium (123,587,328 parameters), initialized from checkpoints/medium/step_20000.pt (step 20000)
step      1 | train_loss 2.5508 | lr 6.82e-06
step      2 | train_loss 2.5777 | lr 1.36e-05
step      3 | train_loss 2.6183 | lr 2.05e-05
step      4 | train_loss 2.5570 | lr 2.73e-05
step      5 | train_loss 2.4265 | lr 3.41e-05
step      6 | train_loss 2.3673 | lr 4.09e-05
step      7 | train_loss 2.3465 | lr 4.77e-05
step      8 | train_loss 2.3667 | lr 5.45e-05
step      9 | train_loss 2.3665 | lr 6.14e-05
step     10 | train_loss 2.3059 | lr 6.82e-05
step     11 | train_loss 2.3324 | lr 7.50e-05
step     12 | train_loss 2.2370 | lr 8.18e-05
step     13 | train_loss 2.2040 | lr 8.86e-05
step     14 | train_loss 2.2716 | lr 9.55e-05
step     15 | train_loss 2.2404 | lr 1.02e-04
step     16 | train_loss 2.2339 | lr 1.09e-04
step     17 | train_loss 2.3311 | lr 1.16e-04
step     18 | train_loss 2.2530 | lr 1.23e-04
step     19 | train_loss 2.2176 | lr 1.30e-04
step     20 | train_loss 2.2586 | lr 1.36e-04
step     21 | train_loss 2.1803 | lr 1.43e-04
step     22 | train_loss 2.2508 | lr 1.50e-04
step     23 | train_loss 2.2112 | lr 1.50e-04
step     24 | train_loss 2.1752 | lr 1.50e-04
step     25 | train_loss 2.2396 | lr 1.50e-04
step     26 | train_loss 2.3007 | lr 1.50e-04
step     27 | train_loss 2.2147 | lr 1.50e-04
step     28 | train_loss 2.1545 | lr 1.50e-04
step     29 | train_loss 2.2561 | lr 1.50e-04
step     30 | train_loss 2.1371 | lr 1.50e-04
step     31 | train_loss 2.2222 | lr 1.50e-04
step     32 | train_loss 2.1657 | lr 1.50e-04
step     33 | train_loss 2.2840 | lr 1.50e-04
step     34 | train_loss 2.1755 | lr 1.50e-04
step     35 | train_loss 2.1465 | lr 1.50e-04
step     36 | train_loss 2.1459 | lr 1.49e-04
step     37 | train_loss 2.1249 | lr 1.49e-04
step     38 | train_loss 2.1600 | lr 1.49e-04
step     39 | train_loss 2.2132 | lr 1.49e-04
step     40 | train_loss 2.1729 | lr 1.49e-04
step     41 | train_loss 2.2119 | lr 1.49e-04
step     42 | train_loss 2.0971 | lr 1.49e-04
step     43 | train_loss 2.2127 | lr 1.49e-04
step     44 | train_loss 2.2455 | lr 1.49e-04
step     45 | train_loss 2.1831 | lr 1.49e-04
step     46 | train_loss 2.1745 | lr 1.48e-04
step     47 | train_loss 2.1605 | lr 1.48e-04
step     48 | train_loss 2.1545 | lr 1.48e-04
step     49 | train_loss 2.2343 | lr 1.48e-04
step     50 | train_loss 2.0879 | lr 1.48e-04
step     50 | val_loss 2.1673 | val_ppl 8.73
step     51 | train_loss 2.1697 | lr 1.48e-04
step     52 | train_loss 2.2256 | lr 1.47e-04
step     53 | train_loss 2.0933 | lr 1.47e-04
step     54 | train_loss 2.2078 | lr 1.47e-04
step     55 | train_loss 2.2791 | lr 1.47e-04
step     56 | train_loss 2.2510 | lr 1.47e-04
step     57 | train_loss 2.2935 | lr 1.46e-04
step     58 | train_loss 2.1189 | lr 1.46e-04
step     59 | train_loss 2.1656 | lr 1.46e-04
step     60 | train_loss 2.1687 | lr 1.46e-04
step     61 | train_loss 2.2122 | lr 1.46e-04
step     62 | train_loss 2.1879 | lr 1.45e-04
step     63 | train_loss 2.1827 | lr 1.45e-04
step     64 | train_loss 2.1908 | lr 1.45e-04
step     65 | train_loss 2.1996 | lr 1.45e-04
step     66 | train_loss 2.0755 | lr 1.44e-04
step     67 | train_loss 2.2171 | lr 1.44e-04
step     68 | train_loss 2.1120 | lr 1.44e-04
step     69 | train_loss 2.2978 | lr 1.44e-04
step     70 | train_loss 2.1392 | lr 1.43e-04
step     71 | train_loss 2.2209 | lr 1.43e-04
step     72 | train_loss 2.1565 | lr 1.43e-04
step     73 | train_loss 2.2445 | lr 1.42e-04
step     74 | train_loss 2.0896 | lr 1.42e-04
step     75 | train_loss 2.1841 | lr 1.42e-04
step     76 | train_loss 2.2260 | lr 1.41e-04
step     77 | train_loss 2.2554 | lr 1.41e-04
step     78 | train_loss 2.1961 | lr 1.41e-04
step     79 | train_loss 2.2033 | lr 1.41e-04
step     80 | train_loss 2.2270 | lr 1.40e-04
step     81 | train_loss 2.0864 | lr 1.40e-04
step     82 | train_loss 2.1713 | lr 1.40e-04
step     83 | train_loss 2.2528 | lr 1.39e-04
step     84 | train_loss 2.1734 | lr 1.39e-04
step     85 | train_loss 2.1938 | lr 1.38e-04
step     86 | train_loss 2.1468 | lr 1.38e-04
step     87 | train_loss 2.1795 | lr 1.38e-04
step     88 | train_loss 2.1917 | lr 1.37e-04
step     89 | train_loss 2.2805 | lr 1.37e-04
step     90 | train_loss 2.1338 | lr 1.37e-04
step     91 | train_loss 2.2559 | lr 1.36e-04
step     92 | train_loss 2.1714 | lr 1.36e-04
step     93 | train_loss 2.1288 | lr 1.35e-04
step     94 | train_loss 2.1188 | lr 1.35e-04
step     95 | train_loss 2.0547 | lr 1.35e-04
step     96 | train_loss 2.2856 | lr 1.34e-04
step     97 | train_loss 2.1404 | lr 1.34e-04
step     98 | train_loss 2.1274 | lr 1.33e-04
step     99 | train_loss 2.0781 | lr 1.33e-04
step    100 | train_loss 2.2262 | lr 1.32e-04
step    100 | val_loss 2.1211 | val_ppl 8.34
step    101 | train_loss 2.2437 | lr 1.32e-04
step    102 | train_loss 2.1768 | lr 1.32e-04
step    103 | train_loss 2.1103 | lr 1.31e-04
step    104 | train_loss 2.1475 | lr 1.31e-04
step    105 | train_loss 2.2197 | lr 1.30e-04
step    106 | train_loss 2.0944 | lr 1.30e-04
step    107 | train_loss 2.1243 | lr 1.29e-04
step    108 | train_loss 2.1953 | lr 1.29e-04
step    109 | train_loss 2.1135 | lr 1.28e-04
step    110 | train_loss 2.1959 | lr 1.28e-04
step    111 | train_loss 2.1566 | lr 1.27e-04
step    112 | train_loss 2.1524 | lr 1.27e-04
step    113 | train_loss 2.1723 | lr 1.26e-04
step    114 | train_loss 2.1231 | lr 1.26e-04
step    115 | train_loss 2.1214 | lr 1.25e-04
step    116 | train_loss 2.1632 | lr 1.25e-04
step    117 | train_loss 2.1492 | lr 1.24e-04
step    118 | train_loss 2.1475 | lr 1.24e-04
step    119 | train_loss 2.0983 | lr 1.23e-04
step    120 | train_loss 2.1624 | lr 1.23e-04
step    121 | train_loss 2.1262 | lr 1.22e-04
step    122 | train_loss 2.1243 | lr 1.22e-04
step    123 | train_loss 2.1703 | lr 1.21e-04
step    124 | train_loss 2.1884 | lr 1.21e-04
step    125 | train_loss 2.0893 | lr 1.20e-04
step    126 | train_loss 2.0573 | lr 1.20e-04
step    127 | train_loss 2.1688 | lr 1.19e-04
step    128 | train_loss 2.1480 | lr 1.19e-04
step    129 | train_loss 2.1263 | lr 1.18e-04
step    130 | train_loss 2.1242 | lr 1.18e-04
step    131 | train_loss 2.0552 | lr 1.17e-04
step    132 | train_loss 2.0942 | lr 1.16e-04
step    133 | train_loss 2.2508 | lr 1.16e-04
step    134 | train_loss 2.0806 | lr 1.15e-04
step    135 | train_loss 2.0389 | lr 1.15e-04
step    136 | train_loss 2.1886 | lr 1.14e-04
step    137 | train_loss 2.0667 | lr 1.14e-04
step    138 | train_loss 2.1473 | lr 1.13e-04
step    139 | train_loss 2.2586 | lr 1.12e-04
step    140 | train_loss 2.1509 | lr 1.12e-04
step    141 | train_loss 2.1495 | lr 1.11e-04
step    142 | train_loss 2.0542 | lr 1.11e-04
step    143 | train_loss 2.1397 | lr 1.10e-04
step    144 | train_loss 2.2089 | lr 1.10e-04
step    145 | train_loss 2.1366 | lr 1.09e-04
step    146 | train_loss 2.0963 | lr 1.08e-04
step    147 | train_loss 2.1416 | lr 1.08e-04
step    148 | train_loss 2.0391 | lr 1.07e-04
step    149 | train_loss 2.0169 | lr 1.07e-04
step    150 | train_loss 2.1117 | lr 1.06e-04
step    150 | val_loss 2.0942 | val_ppl 8.12
step    151 | train_loss 2.0758 | lr 1.05e-04
step    152 | train_loss 2.2550 | lr 1.05e-04
step    153 | train_loss 2.1080 | lr 1.04e-04
step    154 | train_loss 2.0944 | lr 1.03e-04
step    155 | train_loss 2.0229 | lr 1.03e-04
step    156 | train_loss 2.0344 | lr 1.02e-04
step    157 | train_loss 2.1222 | lr 1.02e-04
step    158 | train_loss 2.0887 | lr 1.01e-04
step    159 | train_loss 2.0486 | lr 1.00e-04
step    160 | train_loss 2.1040 | lr 9.98e-05
step    161 | train_loss 2.1686 | lr 9.91e-05
step    162 | train_loss 2.1665 | lr 9.85e-05
step    163 | train_loss 2.0963 | lr 9.79e-05
step    164 | train_loss 2.0561 | lr 9.72e-05
step    165 | train_loss 2.0488 | lr 9.66e-05
step    166 | train_loss 2.1952 | lr 9.60e-05
step    167 | train_loss 2.0180 | lr 9.54e-05
step    168 | train_loss 2.0869 | lr 9.47e-05
step    169 | train_loss 2.0910 | lr 9.41e-05
step    170 | train_loss 2.0744 | lr 9.34e-05
step    171 | train_loss 2.1082 | lr 9.28e-05
step    172 | train_loss 2.0649 | lr 9.22e-05
step    173 | train_loss 2.0294 | lr 9.15e-05
step    174 | train_loss 2.1320 | lr 9.09e-05
step    175 | train_loss 2.1281 | lr 9.02e-05
Saved checkpoint to checkpoints/sft_alpaca_packed_150/step_175.pt
step    176 | train_loss 2.0583 | lr 8.96e-05
step    177 | train_loss 2.0652 | lr 8.90e-05
step    178 | train_loss 2.2011 | lr 8.83e-05
step    179 | train_loss 2.0783 | lr 8.77e-05
step    180 | train_loss 2.1045 | lr 8.70e-05
step    181 | train_loss 2.0756 | lr 8.64e-05
step    182 | train_loss 2.0115 | lr 8.57e-05
step    183 | train_loss 2.1156 | lr 8.51e-05
step    184 | train_loss 2.1500 | lr 8.44e-05
step    185 | train_loss 2.1357 | lr 8.38e-05
step    186 | train_loss 2.0546 | lr 8.31e-05
step    187 | train_loss 2.0615 | lr 8.25e-05
step    188 | train_loss 2.0693 | lr 8.19e-05
step    189 | train_loss 2.0376 | lr 8.12e-05
step    190 | train_loss 2.0911 | lr 8.06e-05
step    191 | train_loss 2.0225 | lr 7.99e-05
step    192 | train_loss 2.0195 | lr 7.93e-05
step    193 | train_loss 2.0180 | lr 7.86e-05
step    194 | train_loss 2.1590 | lr 7.80e-05
step    195 | train_loss 2.1490 | lr 7.73e-05
step    196 | train_loss 2.0280 | lr 7.67e-05
step    197 | train_loss 2.0331 | lr 7.60e-05
step    198 | train_loss 2.0711 | lr 7.54e-05
step    199 | train_loss 2.1335 | lr 7.48e-05
step    200 | train_loss 2.1846 | lr 7.41e-05
step    200 | val_loss 2.0623 | val_ppl 7.86
step    201 | train_loss 2.0919 | lr 7.35e-05
step    202 | train_loss 2.1473 | lr 7.28e-05
step    203 | train_loss 1.9949 | lr 7.22e-05
step    204 | train_loss 2.0420 | lr 7.16e-05
step    205 | train_loss 2.0392 | lr 7.09e-05
step    206 | train_loss 2.0727 | lr 7.03e-05
step    207 | train_loss 2.1330 | lr 6.96e-05
step    208 | train_loss 2.0594 | lr 6.90e-05
step    209 | train_loss 2.0801 | lr 6.84e-05
step    210 | train_loss 2.0891 | lr 6.78e-05
step    211 | train_loss 2.0395 | lr 6.71e-05
step    212 | train_loss 2.0852 | lr 6.65e-05
step    213 | train_loss 2.1434 | lr 6.59e-05
step    214 | train_loss 2.1415 | lr 6.52e-05
step    215 | train_loss 2.0326 | lr 6.46e-05
step    216 | train_loss 2.0911 | lr 6.40e-05
step    217 | train_loss 2.0162 | lr 6.34e-05
step    218 | train_loss 2.0803 | lr 6.28e-05
step    219 | train_loss 2.1922 | lr 6.21e-05
step    220 | train_loss 1.8897 | lr 6.15e-05
step    221 | train_loss 2.1767 | lr 6.09e-05
step    222 | train_loss 2.0369 | lr 6.03e-05
step    223 | train_loss 2.0477 | lr 5.97e-05
step    224 | train_loss 2.0887 | lr 5.91e-05
step    225 | train_loss 2.1371 | lr 5.85e-05
step    226 | train_loss 1.9611 | lr 5.79e-05
step    227 | train_loss 2.0440 | lr 5.73e-05
step    228 | train_loss 2.1193 | lr 5.67e-05
step    229 | train_loss 1.9795 | lr 5.61e-05
step    230 | train_loss 2.1070 | lr 5.55e-05
step    231 | train_loss 1.9590 | lr 5.49e-05
step    232 | train_loss 2.0319 | lr 5.43e-05
step    233 | train_loss 1.9112 | lr 5.37e-05
step    234 | train_loss 1.9932 | lr 5.31e-05
step    235 | train_loss 2.1106 | lr 5.25e-05
step    236 | train_loss 2.0574 | lr 5.20e-05
step    237 | train_loss 2.1470 | lr 5.14e-05
step    238 | train_loss 2.1206 | lr 5.08e-05
step    239 | train_loss 1.9530 | lr 5.03e-05
step    240 | train_loss 2.0581 | lr 4.97e-05
step    241 | train_loss 2.1217 | lr 4.91e-05
step    242 | train_loss 1.9904 | lr 4.86e-05
step    243 | train_loss 2.0778 | lr 4.80e-05
step    244 | train_loss 2.0957 | lr 4.75e-05
step    245 | train_loss 2.0945 | lr 4.69e-05
step    246 | train_loss 2.1023 | lr 4.64e-05
step    247 | train_loss 2.0335 | lr 4.58e-05
step    248 | train_loss 1.9928 | lr 4.53e-05
step    249 | train_loss 2.0916 | lr 4.47e-05
step    250 | train_loss 2.0634 | lr 4.42e-05
step    250 | val_loss 2.0421 | val_ppl 7.71
step    251 | train_loss 2.0850 | lr 4.37e-05
step    252 | train_loss 2.0517 | lr 4.31e-05
step    253 | train_loss 2.0200 | lr 4.26e-05
step    254 | train_loss 2.0827 | lr 4.21e-05
step    255 | train_loss 2.1045 | lr 4.16e-05
step    256 | train_loss 1.9994 | lr 4.11e-05
step    257 | train_loss 2.0288 | lr 4.06e-05
step    258 | train_loss 2.0553 | lr 4.01e-05
step    259 | train_loss 2.0958 | lr 3.96e-05
step    260 | train_loss 2.0772 | lr 3.91e-05
step    261 | train_loss 2.1122 | lr 3.86e-05
step    262 | train_loss 2.0735 | lr 3.81e-05
step    263 | train_loss 1.9268 | lr 3.76e-05
step    264 | train_loss 2.0833 | lr 3.71e-05
step    265 | train_loss 2.0260 | lr 3.66e-05
step    266 | train_loss 2.1589 | lr 3.62e-05
step    267 | train_loss 1.9659 | lr 3.57e-05
step    268 | train_loss 2.0193 | lr 3.52e-05
step    269 | train_loss 1.9308 | lr 3.48e-05
step    270 | train_loss 2.1194 | lr 3.43e-05
step    271 | train_loss 2.0842 | lr 3.39e-05
step    272 | train_loss 2.0442 | lr 3.34e-05
step    273 | train_loss 2.0264 | lr 3.30e-05
step    274 | train_loss 2.1011 | lr 3.25e-05
step    275 | train_loss 2.0989 | lr 3.21e-05
step    276 | train_loss 2.0411 | lr 3.17e-05
step    277 | train_loss 2.0199 | lr 3.13e-05
step    278 | train_loss 2.0030 | lr 3.08e-05
step    279 | train_loss 2.0028 | lr 3.04e-05
step    280 | train_loss 2.0866 | lr 3.00e-05
step    281 | train_loss 1.9173 | lr 2.96e-05
step    282 | train_loss 2.0795 | lr 2.92e-05
step    283 | train_loss 2.0216 | lr 2.88e-05
step    284 | train_loss 2.0057 | lr 2.84e-05
step    285 | train_loss 2.1019 | lr 2.80e-05
step    286 | train_loss 2.1322 | lr 2.77e-05
step    287 | train_loss 1.9764 | lr 2.73e-05
step    288 | train_loss 2.0401 | lr 2.69e-05
step    289 | train_loss 2.0751 | lr 2.66e-05
step    290 | train_loss 2.0152 | lr 2.62e-05
step    291 | train_loss 1.9931 | lr 2.58e-05
step    292 | train_loss 2.0065 | lr 2.55e-05
step    293 | train_loss 1.9257 | lr 2.52e-05
step    294 | train_loss 2.0244 | lr 2.48e-05
step    295 | train_loss 2.1403 | lr 2.45e-05
step    296 | train_loss 2.1260 | lr 2.42e-05
step    297 | train_loss 2.0453 | lr 2.38e-05
step    298 | train_loss 2.0562 | lr 2.35e-05
step    299 | train_loss 2.0081 | lr 2.32e-05
step    300 | train_loss 2.0136 | lr 2.29e-05
step    300 | val_loss 2.0251 | val_ppl 7.58
step    301 | train_loss 1.9973 | lr 2.26e-05
step    302 | train_loss 2.0783 | lr 2.23e-05
step    303 | train_loss 1.9708 | lr 2.20e-05
step    304 | train_loss 2.0827 | lr 2.17e-05
step    305 | train_loss 2.0344 | lr 2.14e-05
step    306 | train_loss 2.0758 | lr 2.12e-05
step    307 | train_loss 2.0238 | lr 2.09e-05
step    308 | train_loss 2.0145 | lr 2.06e-05
step    309 | train_loss 1.9695 | lr 2.04e-05
step    310 | train_loss 2.0181 | lr 2.01e-05
step    311 | train_loss 2.0049 | lr 1.99e-05
step    312 | train_loss 2.0509 | lr 1.97e-05
step    313 | train_loss 2.0981 | lr 1.94e-05
step    314 | train_loss 1.9898 | lr 1.92e-05
step    315 | train_loss 1.9004 | lr 1.90e-05
step    316 | train_loss 2.0921 | lr 1.88e-05
step    317 | train_loss 2.0301 | lr 1.85e-05
step    318 | train_loss 1.9966 | lr 1.83e-05
step    319 | train_loss 2.1285 | lr 1.81e-05
step    320 | train_loss 1.9564 | lr 1.80e-05
step    321 | train_loss 2.0358 | lr 1.78e-05
step    322 | train_loss 2.0440 | lr 1.76e-05
step    323 | train_loss 2.0463 | lr 1.74e-05
step    324 | train_loss 2.0364 | lr 1.72e-05
step    325 | train_loss 2.0695 | lr 1.71e-05
step    326 | train_loss 2.1813 | lr 1.69e-05
step    327 | train_loss 2.0197 | lr 1.68e-05
step    328 | train_loss 2.0426 | lr 1.66e-05
step    329 | train_loss 2.0127 | lr 1.65e-05
step    330 | train_loss 2.2769 | lr 1.64e-05
step    331 | train_loss 2.0668 | lr 1.62e-05
step    332 | train_loss 2.1673 | lr 1.61e-05
step    333 | train_loss 2.0592 | lr 1.60e-05
step    334 | train_loss 2.0290 | lr 1.59e-05
step    335 | train_loss 2.1714 | lr 1.58e-05
step    336 | train_loss 2.0810 | lr 1.57e-05
step    337 | train_loss 2.1092 | lr 1.56e-05
step    338 | train_loss 2.1676 | lr 1.55e-05
step    339 | train_loss 2.0469 | lr 1.54e-05
step    340 | train_loss 1.9885 | lr 1.54e-05
step    341 | train_loss 1.9814 | lr 1.53e-05
step    342 | train_loss 2.0400 | lr 1.53e-05
step    343 | train_loss 2.0100 | lr 1.52e-05
step    344 | train_loss 2.0410 | lr 1.52e-05
step    345 | train_loss 1.9963 | lr 1.51e-05
step    346 | train_loss 2.0688 | lr 1.51e-05
step    347 | train_loss 2.1656 | lr 1.50e-05
step    348 | train_loss 2.0007 | lr 1.50e-05
step    349 | train_loss 2.0054 | lr 1.50e-05
step    350 | train_loss 1.9997 | lr 1.50e-05
step    350 | val_loss 2.0175 | val_ppl 7.52
Saved checkpoint to checkpoints/sft_alpaca_packed_150/step_350.pt
