Data: 13,756 train / 278 val examples (977 dropped as longer than 512 tokens)
Model: medium (123,587,328 parameters), initialized from checkpoints/sft_alpaca_packed_90/step_350.pt (step 350)
step      1 | train_loss 3.0118 | lr 2.00e-07
step      2 | train_loss 2.5632 | lr 4.00e-07
step      3 | train_loss 2.9183 | lr 6.00e-07
step      4 | train_loss 2.5847 | lr 8.00e-07
step      5 | train_loss 2.5021 | lr 1.00e-06
step      6 | train_loss 2.9887 | lr 1.20e-06
step      7 | train_loss 2.8972 | lr 1.40e-06
step      8 | train_loss 2.7409 | lr 1.60e-06
step      9 | train_loss 2.7276 | lr 1.80e-06
step     10 | train_loss 2.9915 | lr 2.00e-06
step     11 | train_loss 3.0136 | lr 2.20e-06
step     12 | train_loss 2.6349 | lr 2.40e-06
step     13 | train_loss 2.8718 | lr 2.60e-06
step     14 | train_loss 3.0459 | lr 2.80e-06
step     15 | train_loss 3.1270 | lr 3.00e-06
step     16 | train_loss 2.6219 | lr 3.20e-06
step     17 | train_loss 2.8670 | lr 3.40e-06
step     18 | train_loss 3.1881 | lr 3.60e-06
step     19 | train_loss 2.6199 | lr 3.80e-06
step     20 | train_loss 3.0758 | lr 4.00e-06
step     21 | train_loss 2.8626 | lr 4.20e-06
step     22 | train_loss 2.7504 | lr 4.40e-06
step     23 | train_loss 2.7293 | lr 4.60e-06
step     24 | train_loss 3.0617 | lr 4.80e-06
step     25 | train_loss 2.7311 | lr 5.00e-06
step     26 | train_loss 3.0915 | lr 5.20e-06
step     27 | train_loss 2.6720 | lr 5.40e-06
step     28 | train_loss 2.7318 | lr 5.60e-06
step     29 | train_loss 2.9566 | lr 5.80e-06
step     30 | train_loss 2.6678 | lr 6.00e-06
step     31 | train_loss 2.6135 | lr 6.20e-06
step     32 | train_loss 3.1682 | lr 6.40e-06
step     33 | train_loss 2.7613 | lr 6.60e-06
step     34 | train_loss 3.0568 | lr 6.80e-06
step     35 | train_loss 3.0349 | lr 7.00e-06
step     36 | train_loss 3.1024 | lr 7.20e-06
step     37 | train_loss 2.6115 | lr 7.40e-06
step     38 | train_loss 2.8268 | lr 7.60e-06
step     39 | train_loss 2.6694 | lr 7.80e-06
step     40 | train_loss 2.8226 | lr 8.00e-06
step     41 | train_loss 2.7761 | lr 8.20e-06
step     42 | train_loss 2.6348 | lr 8.40e-06
step     43 | train_loss 2.5079 | lr 8.60e-06
step     44 | train_loss 2.5097 | lr 8.80e-06
step     45 | train_loss 2.8581 | lr 9.00e-06
step     46 | train_loss 2.5305 | lr 9.20e-06
step     47 | train_loss 2.8476 | lr 9.40e-06
step     48 | train_loss 2.4731 | lr 9.60e-06
step     49 | train_loss 2.7754 | lr 9.80e-06
step     50 | train_loss 3.1485 | lr 1.00e-05
step     51 | train_loss 2.6786 | lr 1.00e-05
step     52 | train_loss 2.6866 | lr 1.00e-05
step     53 | train_loss 2.6450 | lr 1.00e-05
step     54 | train_loss 2.8617 | lr 1.00e-05
step     55 | train_loss 2.6568 | lr 1.00e-05
step     56 | train_loss 2.8534 | lr 1.00e-05
step     57 | train_loss 2.9892 | lr 1.00e-05
step     58 | train_loss 2.9206 | lr 1.00e-05
step     59 | train_loss 2.5646 | lr 1.00e-05
step     60 | train_loss 2.7736 | lr 1.00e-05
step     61 | train_loss 2.7403 | lr 1.00e-05
step     62 | train_loss 2.7627 | lr 1.00e-05
step     63 | train_loss 2.8411 | lr 1.00e-05
step     64 | train_loss 2.6743 | lr 1.00e-05
step     65 | train_loss 2.5000 | lr 9.99e-06
step     66 | train_loss 2.7802 | lr 9.99e-06
step     67 | train_loss 2.9715 | lr 9.99e-06
step     68 | train_loss 2.7673 | lr 9.99e-06
step     69 | train_loss 2.4988 | lr 9.99e-06
step     70 | train_loss 2.6941 | lr 9.99e-06
step     71 | train_loss 2.4007 | lr 9.99e-06
step     72 | train_loss 2.8128 | lr 9.99e-06
step     73 | train_loss 2.6013 | lr 9.99e-06
step     74 | train_loss 2.8127 | lr 9.99e-06
step     75 | train_loss 3.0167 | lr 9.98e-06
step     76 | train_loss 2.8500 | lr 9.98e-06
step     77 | train_loss 2.7527 | lr 9.98e-06
step     78 | train_loss 2.8168 | lr 9.98e-06
step     79 | train_loss 3.0134 | lr 9.98e-06
step     80 | train_loss 2.8505 | lr 9.98e-06
step     81 | train_loss 2.8219 | lr 9.97e-06
step     82 | train_loss 2.8898 | lr 9.97e-06
step     83 | train_loss 2.5459 | lr 9.97e-06
step     84 | train_loss 2.6243 | lr 9.97e-06
step     85 | train_loss 2.7158 | lr 9.97e-06
step     86 | train_loss 2.7535 | lr 9.97e-06
step     87 | train_loss 2.6583 | lr 9.96e-06
step     88 | train_loss 2.7023 | lr 9.96e-06
step     89 | train_loss 2.6939 | lr 9.96e-06
step     90 | train_loss 2.8875 | lr 9.96e-06
step     91 | train_loss 2.7878 | lr 9.96e-06
step     92 | train_loss 2.7550 | lr 9.95e-06
step     93 | train_loss 2.6724 | lr 9.95e-06
step     94 | train_loss 2.7286 | lr 9.95e-06
step     95 | train_loss 2.7019 | lr 9.95e-06
step     96 | train_loss 2.7430 | lr 9.94e-06
step     97 | train_loss 2.9286 | lr 9.94e-06
step     98 | train_loss 2.9052 | lr 9.94e-06
step     99 | train_loss 2.4899 | lr 9.94e-06
step    100 | train_loss 2.8427 | lr 9.93e-06
step    100 | val_loss 2.8367 | val_ppl 17.06
step    101 | train_loss 2.5064 | lr 9.93e-06
step    102 | train_loss 2.7641 | lr 9.93e-06
step    103 | train_loss 2.6665 | lr 9.92e-06
step    104 | train_loss 3.0548 | lr 9.92e-06
step    105 | train_loss 2.5199 | lr 9.92e-06
step    106 | train_loss 2.8575 | lr 9.92e-06
step    107 | train_loss 2.8058 | lr 9.91e-06
step    108 | train_loss 2.6677 | lr 9.91e-06
step    109 | train_loss 2.3656 | lr 9.91e-06
step    110 | train_loss 2.4965 | lr 9.90e-06
step    111 | train_loss 3.0773 | lr 9.90e-06
step    112 | train_loss 2.7439 | lr 9.90e-06
step    113 | train_loss 2.8984 | lr 9.89e-06
step    114 | train_loss 2.8641 | lr 9.89e-06
step    115 | train_loss 2.5569 | lr 9.89e-06
step    116 | train_loss 2.4634 | lr 9.88e-06
step    117 | train_loss 2.9814 | lr 9.88e-06
step    118 | train_loss 2.6418 | lr 9.87e-06
step    119 | train_loss 2.7530 | lr 9.87e-06
step    120 | train_loss 3.2407 | lr 9.87e-06
step    121 | train_loss 2.6403 | lr 9.86e-06
step    122 | train_loss 2.6874 | lr 9.86e-06
step    123 | train_loss 2.4295 | lr 9.86e-06
step    124 | train_loss 2.6730 | lr 9.85e-06
step    125 | train_loss 2.7015 | lr 9.85e-06
step    126 | train_loss 2.9543 | lr 9.84e-06
step    127 | train_loss 2.5642 | lr 9.84e-06
step    128 | train_loss 2.9572 | lr 9.83e-06
step    129 | train_loss 2.5783 | lr 9.83e-06
step    130 | train_loss 2.9455 | lr 9.83e-06
step    131 | train_loss 2.6141 | lr 9.82e-06
step    132 | train_loss 2.5628 | lr 9.82e-06
step    133 | train_loss 2.8196 | lr 9.81e-06
step    134 | train_loss 1.9713 | lr 9.81e-06
step    135 | train_loss 2.8119 | lr 9.80e-06
step    136 | train_loss 2.7538 | lr 9.80e-06
step    137 | train_loss 2.7772 | lr 9.79e-06
step    138 | train_loss 2.2893 | lr 9.79e-06
step    139 | train_loss 2.5674 | lr 9.78e-06
step    140 | train_loss 2.7232 | lr 9.78e-06
step    141 | train_loss 2.6353 | lr 9.77e-06
step    142 | train_loss 2.6929 | lr 9.77e-06
step    143 | train_loss 2.6215 | lr 9.76e-06
step    144 | train_loss 2.4589 | lr 9.76e-06
step    145 | train_loss 2.6540 | lr 9.75e-06
step    146 | train_loss 2.8587 | lr 9.75e-06
step    147 | train_loss 2.6144 | lr 9.74e-06
step    148 | train_loss 3.0187 | lr 9.74e-06
step    149 | train_loss 2.7593 | lr 9.73e-06
step    150 | train_loss 2.5731 | lr 9.73e-06
step    151 | train_loss 2.7250 | lr 9.72e-06
step    152 | train_loss 2.1841 | lr 9.72e-06
step    153 | train_loss 2.4724 | lr 9.71e-06
step    154 | train_loss 2.7069 | lr 9.71e-06
step    155 | train_loss 2.5436 | lr 9.70e-06
step    156 | train_loss 2.7620 | lr 9.69e-06
step    157 | train_loss 3.0173 | lr 9.69e-06
step    158 | train_loss 2.4650 | lr 9.68e-06
step    159 | train_loss 2.2661 | lr 9.68e-06
step    160 | train_loss 2.8894 | lr 9.67e-06
step    161 | train_loss 2.8261 | lr 9.67e-06
step    162 | train_loss 2.7026 | lr 9.66e-06
step    163 | train_loss 2.8647 | lr 9.65e-06
step    164 | train_loss 3.0382 | lr 9.65e-06
step    165 | train_loss 2.2750 | lr 9.64e-06
step    166 | train_loss 2.7827 | lr 9.63e-06
step    167 | train_loss 2.2436 | lr 9.63e-06
step    168 | train_loss 2.2387 | lr 9.62e-06
step    169 | train_loss 2.7912 | lr 9.62e-06
step    170 | train_loss 2.8375 | lr 9.61e-06
step    171 | train_loss 2.8512 | lr 9.60e-06
step    172 | train_loss 2.7651 | lr 9.60e-06
step    173 | train_loss 2.9131 | lr 9.59e-06
step    174 | train_loss 2.9155 | lr 9.58e-06
step    175 | train_loss 2.5131 | lr 9.58e-06
step    176 | train_loss 2.4388 | lr 9.57e-06
step    177 | train_loss 3.0695 | lr 9.56e-06
step    178 | train_loss 2.9429 | lr 9.56e-06
step    179 | train_loss 2.8238 | lr 9.55e-06
step    180 | train_loss 2.7477 | lr 9.54e-06
step    181 | train_loss 2.8011 | lr 9.53e-06
step    182 | train_loss 2.5928 | lr 9.53e-06
step    183 | train_loss 2.7255 | lr 9.52e-06
step    184 | train_loss 2.8696 | lr 9.51e-06
step    185 | train_loss 2.3136 | lr 9.51e-06
step    186 | train_loss 2.7882 | lr 9.50e-06
step    187 | train_loss 2.8327 | lr 9.49e-06
step    188 | train_loss 2.8336 | lr 9.48e-06
step    189 | train_loss 2.0065 | lr 9.48e-06
step    190 | train_loss 2.4001 | lr 9.47e-06
step    191 | train_loss 2.8237 | lr 9.46e-06
step    192 | train_loss 2.8549 | lr 9.45e-06
step    193 | train_loss 2.8198 | lr 9.45e-06
step    194 | train_loss 2.7292 | lr 9.44e-06
step    195 | train_loss 2.9722 | lr 9.43e-06
step    196 | train_loss 2.9517 | lr 9.42e-06
step    197 | train_loss 2.7360 | lr 9.42e-06
step    198 | train_loss 2.9730 | lr 9.41e-06
step    199 | train_loss 2.6879 | lr 9.40e-06
step    200 | train_loss 2.7400 | lr 9.39e-06
step    200 | val_loss 2.8150 | val_ppl 16.69
step    201 | train_loss 2.7232 | lr 9.38e-06
step    202 | train_loss 2.2469 | lr 9.38e-06
step    203 | train_loss 2.9587 | lr 9.37e-06
step    204 | train_loss 2.6220 | lr 9.36e-06
step    205 | train_loss 2.7817 | lr 9.35e-06
step    206 | train_loss 2.6039 | lr 9.34e-06
step    207 | train_loss 2.7214 | lr 9.33e-06
step    208 | train_loss 2.9181 | lr 9.33e-06
step    209 | train_loss 2.9035 | lr 9.32e-06
step    210 | train_loss 2.5549 | lr 9.31e-06
step    211 | train_loss 3.3703 | lr 9.30e-06
step    212 | train_loss 2.8331 | lr 9.29e-06
step    213 | train_loss 2.4885 | lr 9.28e-06
step    214 | train_loss 2.8813 | lr 9.28e-06
step    215 | train_loss 3.0517 | lr 9.27e-06
step    216 | train_loss 2.0482 | lr 9.26e-06
step    217 | train_loss 2.6455 | lr 9.25e-06
step    218 | train_loss 3.1099 | lr 9.24e-06
step    219 | train_loss 2.3660 | lr 9.23e-06
step    220 | train_loss 2.6574 | lr 9.22e-06
step    221 | train_loss 2.9953 | lr 9.21e-06
step    222 | train_loss 2.8449 | lr 9.20e-06
step    223 | train_loss 2.8426 | lr 9.20e-06
step    224 | train_loss 2.6798 | lr 9.19e-06
step    225 | train_loss 2.8141 | lr 9.18e-06
step    226 | train_loss 2.7718 | lr 9.17e-06
step    227 | train_loss 2.4388 | lr 9.16e-06
step    228 | train_loss 2.9939 | lr 9.15e-06
step    229 | train_loss 2.4546 | lr 9.14e-06
step    230 | train_loss 2.8480 | lr 9.13e-06
step    231 | train_loss 2.8581 | lr 9.12e-06
step    232 | train_loss 2.6222 | lr 9.11e-06
step    233 | train_loss 2.7986 | lr 9.10e-06
step    234 | train_loss 2.6914 | lr 9.09e-06
step    235 | train_loss 2.7553 | lr 9.08e-06
Saved checkpoint to checkpoints/sft_dolly_from_packed_90/step_235.pt
step    236 | train_loss 2.7419 | lr 9.07e-06
step    237 | train_loss 2.7843 | lr 9.06e-06
step    238 | train_loss 2.7125 | lr 9.05e-06
step    239 | train_loss 2.7726 | lr 9.04e-06
step    240 | train_loss 2.8198 | lr 9.04e-06
step    241 | train_loss 2.4329 | lr 9.03e-06
step    242 | train_loss 2.8620 | lr 9.02e-06
step    243 | train_loss 2.6657 | lr 9.01e-06
step    244 | train_loss 2.5941 | lr 9.00e-06
step    245 | train_loss 2.8426 | lr 8.99e-06
step    246 | train_loss 2.8583 | lr 8.98e-06
step    247 | train_loss 2.6077 | lr 8.97e-06
step    248 | train_loss 2.8032 | lr 8.96e-06
step    249 | train_loss 2.6526 | lr 8.94e-06
step    250 | train_loss 2.8517 | lr 8.93e-06
step    251 | train_loss 2.9231 | lr 8.92e-06
step    252 | train_loss 2.7390 | lr 8.91e-06
step    253 | train_loss 2.6705 | lr 8.90e-06
step    254 | train_loss 2.0911 | lr 8.89e-06
step    255 | train_loss 2.6339 | lr 8.88e-06
step    256 | train_loss 2.8201 | lr 8.87e-06
step    257 | train_loss 2.8204 | lr 8.86e-06
step    258 | train_loss 2.6935 | lr 8.85e-06
step    259 | train_loss 2.9511 | lr 8.84e-06
step    260 | train_loss 2.8008 | lr 8.83e-06
step    261 | train_loss 2.6302 | lr 8.82e-06
step    262 | train_loss 2.7789 | lr 8.81e-06
step    263 | train_loss 2.5736 | lr 8.80e-06
step    264 | train_loss 2.9619 | lr 8.79e-06
step    265 | train_loss 2.9002 | lr 8.78e-06
step    266 | train_loss 2.6214 | lr 8.77e-06
step    267 | train_loss 2.5566 | lr 8.75e-06
step    268 | train_loss 2.7405 | lr 8.74e-06
step    269 | train_loss 2.6302 | lr 8.73e-06
step    270 | train_loss 3.0629 | lr 8.72e-06
step    271 | train_loss 2.9072 | lr 8.71e-06
step    272 | train_loss 2.4390 | lr 8.70e-06
step    273 | train_loss 2.9710 | lr 8.69e-06
step    274 | train_loss 3.0284 | lr 8.68e-06
step    275 | train_loss 2.6446 | lr 8.67e-06
step    276 | train_loss 2.6970 | lr 8.65e-06
step    277 | train_loss 2.7726 | lr 8.64e-06
step    278 | train_loss 2.4900 | lr 8.63e-06
step    279 | train_loss 2.7803 | lr 8.62e-06
step    280 | train_loss 2.3756 | lr 8.61e-06
step    281 | train_loss 2.6215 | lr 8.60e-06
step    282 | train_loss 3.0400 | lr 8.59e-06
step    283 | train_loss 2.7110 | lr 8.57e-06
step    284 | train_loss 2.7951 | lr 8.56e-06
step    285 | train_loss 2.7216 | lr 8.55e-06
step    286 | train_loss 2.5939 | lr 8.54e-06
step    287 | train_loss 2.4046 | lr 8.53e-06
step    288 | train_loss 2.7957 | lr 8.52e-06
step    289 | train_loss 2.9780 | lr 8.50e-06
step    290 | train_loss 2.5264 | lr 8.49e-06
step    291 | train_loss 2.8213 | lr 8.48e-06
step    292 | train_loss 3.1213 | lr 8.47e-06
step    293 | train_loss 2.8640 | lr 8.46e-06
step    294 | train_loss 2.6234 | lr 8.44e-06
step    295 | train_loss 2.8393 | lr 8.43e-06
step    296 | train_loss 2.5323 | lr 8.42e-06
step    297 | train_loss 2.3712 | lr 8.41e-06
step    298 | train_loss 2.7827 | lr 8.40e-06
step    299 | train_loss 2.8696 | lr 8.38e-06
step    300 | train_loss 2.9023 | lr 8.37e-06
step    300 | val_loss 2.8017 | val_ppl 16.47
step    301 | train_loss 2.6816 | lr 8.36e-06
step    302 | train_loss 2.6140 | lr 8.35e-06
step    303 | train_loss 2.2708 | lr 8.33e-06
step    304 | train_loss 2.6390 | lr 8.32e-06
step    305 | train_loss 2.5195 | lr 8.31e-06
step    306 | train_loss 2.6934 | lr 8.30e-06
step    307 | train_loss 2.6347 | lr 8.28e-06
step    308 | train_loss 2.4523 | lr 8.27e-06
step    309 | train_loss 2.4067 | lr 8.26e-06
step    310 | train_loss 2.7400 | lr 8.25e-06
step    311 | train_loss 2.5417 | lr 8.23e-06
step    312 | train_loss 2.9144 | lr 8.22e-06
step    313 | train_loss 2.6506 | lr 8.21e-06
step    314 | train_loss 2.9968 | lr 8.20e-06
step    315 | train_loss 2.5815 | lr 8.18e-06
step    316 | train_loss 2.7796 | lr 8.17e-06
step    317 | train_loss 2.9165 | lr 8.16e-06
step    318 | train_loss 2.5156 | lr 8.15e-06
step    319 | train_loss 3.3075 | lr 8.13e-06
step    320 | train_loss 2.9649 | lr 8.12e-06
step    321 | train_loss 2.6978 | lr 8.11e-06
step    322 | train_loss 2.7411 | lr 8.09e-06
step    323 | train_loss 2.9942 | lr 8.08e-06
step    324 | train_loss 2.6742 | lr 8.07e-06
step    325 | train_loss 2.6400 | lr 8.05e-06
step    326 | train_loss 2.9883 | lr 8.04e-06
step    327 | train_loss 2.8749 | lr 8.03e-06
step    328 | train_loss 2.9967 | lr 8.01e-06
step    329 | train_loss 2.9218 | lr 8.00e-06
step    330 | train_loss 2.7726 | lr 7.99e-06
step    331 | train_loss 2.6745 | lr 7.98e-06
step    332 | train_loss 2.6353 | lr 7.96e-06
step    333 | train_loss 2.8017 | lr 7.95e-06
step    334 | train_loss 2.6628 | lr 7.94e-06
step    335 | train_loss 2.7080 | lr 7.92e-06
step    336 | train_loss 2.9032 | lr 7.91e-06
step    337 | train_loss 2.8737 | lr 7.90e-06
step    338 | train_loss 2.9659 | lr 7.88e-06
step    339 | train_loss 2.6824 | lr 7.87e-06
step    340 | train_loss 2.8223 | lr 7.85e-06
step    341 | train_loss 2.4312 | lr 7.84e-06
step    342 | train_loss 2.7137 | lr 7.83e-06
step    343 | train_loss 2.5265 | lr 7.81e-06
step    344 | train_loss 2.9018 | lr 7.80e-06
step    345 | train_loss 2.4930 | lr 7.79e-06
step    346 | train_loss 2.6950 | lr 7.77e-06
step    347 | train_loss 2.9888 | lr 7.76e-06
step    348 | train_loss 2.4693 | lr 7.75e-06
step    349 | train_loss 2.5813 | lr 7.73e-06
step    350 | train_loss 2.8194 | lr 7.72e-06
step    351 | train_loss 2.4043 | lr 7.70e-06
step    352 | train_loss 2.8360 | lr 7.69e-06
step    353 | train_loss 2.4289 | lr 7.68e-06
step    354 | train_loss 2.7308 | lr 7.66e-06
step    355 | train_loss 2.6145 | lr 7.65e-06
step    356 | train_loss 2.8460 | lr 7.63e-06
step    357 | train_loss 2.4953 | lr 7.62e-06
step    358 | train_loss 2.5904 | lr 7.61e-06
step    359 | train_loss 2.3999 | lr 7.59e-06
step    360 | train_loss 2.4358 | lr 7.58e-06
step    361 | train_loss 2.8334 | lr 7.56e-06
step    362 | train_loss 2.3936 | lr 7.55e-06
step    363 | train_loss 2.9219 | lr 7.54e-06
step    364 | train_loss 2.6750 | lr 7.52e-06
step    365 | train_loss 2.6655 | lr 7.51e-06
step    366 | train_loss 2.6104 | lr 7.49e-06
step    367 | train_loss 2.7756 | lr 7.48e-06
step    368 | train_loss 2.6689 | lr 7.46e-06
step    369 | train_loss 2.5926 | lr 7.45e-06
step    370 | train_loss 2.6677 | lr 7.44e-06
step    371 | train_loss 2.7559 | lr 7.42e-06
step    372 | train_loss 3.0322 | lr 7.41e-06
step    373 | train_loss 2.8330 | lr 7.39e-06
step    374 | train_loss 2.8339 | lr 7.38e-06
step    375 | train_loss 2.5558 | lr 7.36e-06
step    376 | train_loss 2.6295 | lr 7.35e-06
step    377 | train_loss 1.9509 | lr 7.34e-06
step    378 | train_loss 2.4825 | lr 7.32e-06
step    379 | train_loss 2.5990 | lr 7.31e-06
step    380 | train_loss 2.9092 | lr 7.29e-06
step    381 | train_loss 2.6651 | lr 7.28e-06
step    382 | train_loss 2.7254 | lr 7.26e-06
step    383 | train_loss 2.7014 | lr 7.25e-06
step    384 | train_loss 2.6313 | lr 7.23e-06
step    385 | train_loss 2.6660 | lr 7.22e-06
step    386 | train_loss 2.6863 | lr 7.20e-06
step    387 | train_loss 2.0472 | lr 7.19e-06
step    388 | train_loss 2.4525 | lr 7.17e-06
step    389 | train_loss 2.8900 | lr 7.16e-06
step    390 | train_loss 2.9074 | lr 7.14e-06
step    391 | train_loss 2.7233 | lr 7.13e-06
step    392 | train_loss 2.6854 | lr 7.12e-06
step    393 | train_loss 2.6793 | lr 7.10e-06
step    394 | train_loss 2.6592 | lr 7.09e-06
step    395 | train_loss 2.8137 | lr 7.07e-06
step    396 | train_loss 2.6771 | lr 7.06e-06
step    397 | train_loss 2.3621 | lr 7.04e-06
step    398 | train_loss 2.6175 | lr 7.03e-06
step    399 | train_loss 2.8393 | lr 7.01e-06
step    400 | train_loss 2.6395 | lr 7.00e-06
step    400 | val_loss 2.7927 | val_ppl 16.33
step    401 | train_loss 2.8059 | lr 6.98e-06
step    402 | train_loss 2.6318 | lr 6.97e-06
step    403 | train_loss 2.5980 | lr 6.95e-06
step    404 | train_loss 2.5913 | lr 6.94e-06
step    405 | train_loss 2.4782 | lr 6.92e-06
step    406 | train_loss 2.7433 | lr 6.91e-06
step    407 | train_loss 2.8285 | lr 6.89e-06
step    408 | train_loss 2.7604 | lr 6.88e-06
step    409 | train_loss 2.0384 | lr 6.86e-06
step    410 | train_loss 2.7532 | lr 6.85e-06
step    411 | train_loss 2.4692 | lr 6.83e-06
step    412 | train_loss 2.5522 | lr 6.81e-06
step    413 | train_loss 2.8665 | lr 6.80e-06
step    414 | train_loss 3.1031 | lr 6.78e-06
step    415 | train_loss 2.5703 | lr 6.77e-06
step    416 | train_loss 2.8992 | lr 6.75e-06
step    417 | train_loss 2.5063 | lr 6.74e-06
step    418 | train_loss 2.8555 | lr 6.72e-06
step    419 | train_loss 2.3751 | lr 6.71e-06
step    420 | train_loss 2.8293 | lr 6.69e-06
step    421 | train_loss 2.5012 | lr 6.68e-06
step    422 | train_loss 2.7659 | lr 6.66e-06
step    423 | train_loss 2.5116 | lr 6.65e-06
step    424 | train_loss 2.8919 | lr 6.63e-06
step    425 | train_loss 2.6351 | lr 6.62e-06
step    426 | train_loss 2.7647 | lr 6.60e-06
step    427 | train_loss 2.4337 | lr 6.59e-06
step    428 | train_loss 2.9789 | lr 6.57e-06
step    429 | train_loss 2.4742 | lr 6.55e-06
step    430 | train_loss 2.5125 | lr 6.54e-06
step    431 | train_loss 2.5369 | lr 6.52e-06
step    432 | train_loss 2.7532 | lr 6.51e-06
step    433 | train_loss 2.0244 | lr 6.49e-06
step    434 | train_loss 2.2805 | lr 6.48e-06
step    435 | train_loss 2.4235 | lr 6.46e-06
step    436 | train_loss 2.6280 | lr 6.45e-06
step    437 | train_loss 2.5220 | lr 6.43e-06
step    438 | train_loss 2.9091 | lr 6.41e-06
step    439 | train_loss 2.1893 | lr 6.40e-06
step    440 | train_loss 2.5038 | lr 6.38e-06
step    441 | train_loss 2.8873 | lr 6.37e-06
step    442 | train_loss 2.4096 | lr 6.35e-06
step    443 | train_loss 2.4983 | lr 6.34e-06
step    444 | train_loss 2.6487 | lr 6.32e-06
step    445 | train_loss 1.6927 | lr 6.31e-06
step    446 | train_loss 2.5043 | lr 6.29e-06
step    447 | train_loss 2.8678 | lr 6.27e-06
step    448 | train_loss 2.0141 | lr 6.26e-06
step    449 | train_loss 2.8748 | lr 6.24e-06
step    450 | train_loss 2.6612 | lr 6.23e-06
step    451 | train_loss 2.8677 | lr 6.21e-06
step    452 | train_loss 2.6499 | lr 6.20e-06
step    453 | train_loss 2.0875 | lr 6.18e-06
step    454 | train_loss 2.3602 | lr 6.16e-06
step    455 | train_loss 2.6496 | lr 6.15e-06
step    456 | train_loss 2.6723 | lr 6.13e-06
step    457 | train_loss 2.4438 | lr 6.12e-06
step    458 | train_loss 2.8584 | lr 6.10e-06
step    459 | train_loss 2.3379 | lr 6.09e-06
step    460 | train_loss 2.8811 | lr 6.07e-06
step    461 | train_loss 2.7751 | lr 6.05e-06
step    462 | train_loss 2.6598 | lr 6.04e-06
step    463 | train_loss 2.5846 | lr 6.02e-06
step    464 | train_loss 2.4525 | lr 6.01e-06
step    465 | train_loss 2.5311 | lr 5.99e-06
step    466 | train_loss 2.5310 | lr 5.98e-06
step    467 | train_loss 2.5340 | lr 5.96e-06
step    468 | train_loss 2.5964 | lr 5.94e-06
step    469 | train_loss 2.5204 | lr 5.93e-06
step    470 | train_loss 2.4874 | lr 5.91e-06
Saved checkpoint to checkpoints/sft_dolly_from_packed_90/step_470.pt
step    471 | train_loss 2.7826 | lr 5.90e-06
step    472 | train_loss 2.4435 | lr 5.88e-06
step    473 | train_loss 2.6700 | lr 5.86e-06
step    474 | train_loss 2.2432 | lr 5.85e-06
step    475 | train_loss 2.7098 | lr 5.83e-06
step    476 | train_loss 2.3641 | lr 5.82e-06
step    477 | train_loss 3.0032 | lr 5.80e-06
step    478 | train_loss 2.7651 | lr 5.79e-06
step    479 | train_loss 2.5813 | lr 5.77e-06
step    480 | train_loss 2.6247 | lr 5.75e-06
step    481 | train_loss 2.6780 | lr 5.74e-06
step    482 | train_loss 2.5745 | lr 5.72e-06
step    483 | train_loss 2.6790 | lr 5.71e-06
step    484 | train_loss 2.5349 | lr 5.69e-06
step    485 | train_loss 2.3504 | lr 5.67e-06
step    486 | train_loss 2.3351 | lr 5.66e-06
step    487 | train_loss 2.5733 | lr 5.64e-06
step    488 | train_loss 2.5703 | lr 5.63e-06
step    489 | train_loss 2.2379 | lr 5.61e-06
step    490 | train_loss 2.8805 | lr 5.60e-06
step    491 | train_loss 2.8902 | lr 5.58e-06
step    492 | train_loss 2.7661 | lr 5.56e-06
step    493 | train_loss 2.3921 | lr 5.55e-06
step    494 | train_loss 2.7343 | lr 5.53e-06
step    495 | train_loss 2.7216 | lr 5.52e-06
step    496 | train_loss 2.8916 | lr 5.50e-06
step    497 | train_loss 2.8670 | lr 5.48e-06
step    498 | train_loss 2.5844 | lr 5.47e-06
step    499 | train_loss 2.4017 | lr 5.45e-06
step    500 | train_loss 2.5675 | lr 5.44e-06
step    500 | val_loss 2.7878 | val_ppl 16.24
step    501 | train_loss 2.6605 | lr 5.42e-06
step    502 | train_loss 2.2563 | lr 5.40e-06
step    503 | train_loss 2.5276 | lr 5.39e-06
step    504 | train_loss 2.4618 | lr 5.37e-06
step    505 | train_loss 2.7519 | lr 5.36e-06
step    506 | train_loss 2.2891 | lr 5.34e-06
step    507 | train_loss 2.4882 | lr 5.33e-06
step    508 | train_loss 2.8459 | lr 5.31e-06
step    509 | train_loss 2.0618 | lr 5.29e-06
step    510 | train_loss 2.4816 | lr 5.28e-06
step    511 | train_loss 2.4204 | lr 5.26e-06
step    512 | train_loss 3.0339 | lr 5.25e-06
step    513 | train_loss 2.8220 | lr 5.23e-06
step    514 | train_loss 2.4685 | lr 5.21e-06
step    515 | train_loss 2.9510 | lr 5.20e-06
step    516 | train_loss 2.7256 | lr 5.18e-06
step    517 | train_loss 2.7339 | lr 5.17e-06
step    518 | train_loss 2.7927 | lr 5.15e-06
step    519 | train_loss 2.6341 | lr 5.14e-06
step    520 | train_loss 2.5666 | lr 5.12e-06
step    521 | train_loss 2.5928 | lr 5.10e-06
step    522 | train_loss 2.8052 | lr 5.09e-06
step    523 | train_loss 2.7782 | lr 5.07e-06
step    524 | train_loss 2.6435 | lr 5.06e-06
step    525 | train_loss 2.8381 | lr 5.04e-06
step    526 | train_loss 2.6203 | lr 5.02e-06
step    527 | train_loss 2.5255 | lr 5.01e-06
step    528 | train_loss 2.8192 | lr 4.99e-06
step    529 | train_loss 2.5448 | lr 4.98e-06
step    530 | train_loss 2.7460 | lr 4.96e-06
step    531 | train_loss 2.4589 | lr 4.95e-06
step    532 | train_loss 2.7043 | lr 4.93e-06
step    533 | train_loss 2.2628 | lr 4.91e-06
step    534 | train_loss 2.7154 | lr 4.90e-06
step    535 | train_loss 2.1827 | lr 4.88e-06
step    536 | train_loss 2.9341 | lr 4.87e-06
step    537 | train_loss 2.4727 | lr 4.85e-06
step    538 | train_loss 2.9270 | lr 4.84e-06
step    539 | train_loss 2.7796 | lr 4.82e-06
step    540 | train_loss 2.4449 | lr 4.80e-06
step    541 | train_loss 2.8146 | lr 4.79e-06
step    542 | train_loss 2.8259 | lr 4.77e-06
step    543 | train_loss 2.7240 | lr 4.76e-06
step    544 | train_loss 2.6099 | lr 4.74e-06
step    545 | train_loss 2.4668 | lr 4.73e-06
step    546 | train_loss 2.2887 | lr 4.71e-06
step    547 | train_loss 2.3141 | lr 4.69e-06
step    548 | train_loss 2.6009 | lr 4.68e-06
step    549 | train_loss 2.4461 | lr 4.66e-06
step    550 | train_loss 2.5767 | lr 4.65e-06
step    551 | train_loss 2.7819 | lr 4.63e-06
step    552 | train_loss 2.7667 | lr 4.62e-06
step    553 | train_loss 2.5267 | lr 4.60e-06
step    554 | train_loss 2.8833 | lr 4.59e-06
step    555 | train_loss 2.5507 | lr 4.57e-06
step    556 | train_loss 2.4839 | lr 4.55e-06
step    557 | train_loss 2.0416 | lr 4.54e-06
step    558 | train_loss 2.4480 | lr 4.52e-06
step    559 | train_loss 2.3262 | lr 4.51e-06
step    560 | train_loss 2.6570 | lr 4.49e-06
step    561 | train_loss 2.8829 | lr 4.48e-06
step    562 | train_loss 2.5687 | lr 4.46e-06
step    563 | train_loss 2.3143 | lr 4.45e-06
step    564 | train_loss 2.3133 | lr 4.43e-06
step    565 | train_loss 2.4875 | lr 4.41e-06
step    566 | train_loss 2.7116 | lr 4.40e-06
step    567 | train_loss 2.5885 | lr 4.38e-06
step    568 | train_loss 2.6062 | lr 4.37e-06
step    569 | train_loss 2.7125 | lr 4.35e-06
step    570 | train_loss 2.5324 | lr 4.34e-06
step    571 | train_loss 2.7300 | lr 4.32e-06
step    572 | train_loss 2.1970 | lr 4.31e-06
step    573 | train_loss 2.4345 | lr 4.29e-06
step    574 | train_loss 2.5809 | lr 4.28e-06
step    575 | train_loss 2.4567 | lr 4.26e-06
step    576 | train_loss 2.9385 | lr 4.25e-06
step    577 | train_loss 2.3399 | lr 4.23e-06
step    578 | train_loss 2.3510 | lr 4.22e-06
step    579 | train_loss 2.3920 | lr 4.20e-06
step    580 | train_loss 2.5434 | lr 4.19e-06
step    581 | train_loss 2.4153 | lr 4.17e-06
step    582 | train_loss 2.6694 | lr 4.15e-06
step    583 | train_loss 2.2956 | lr 4.14e-06
step    584 | train_loss 2.7808 | lr 4.12e-06
step    585 | train_loss 2.3085 | lr 4.11e-06
step    586 | train_loss 2.4250 | lr 4.09e-06
step    587 | train_loss 2.7061 | lr 4.08e-06
step    588 | train_loss 2.7230 | lr 4.06e-06
step    589 | train_loss 2.5409 | lr 4.05e-06
step    590 | train_loss 2.5749 | lr 4.03e-06
step    591 | train_loss 2.6611 | lr 4.02e-06
step    592 | train_loss 2.8054 | lr 4.00e-06
step    593 | train_loss 2.6594 | lr 3.99e-06
step    594 | train_loss 2.5731 | lr 3.97e-06
step    595 | train_loss 2.7103 | lr 3.96e-06
step    596 | train_loss 2.4341 | lr 3.94e-06
step    597 | train_loss 2.8144 | lr 3.93e-06
step    598 | train_loss 2.6048 | lr 3.91e-06
step    599 | train_loss 2.2245 | lr 3.90e-06
step    600 | train_loss 2.5085 | lr 3.88e-06
step    600 | val_loss 2.7855 | val_ppl 16.21
step    601 | train_loss 2.4736 | lr 3.87e-06
step    602 | train_loss 2.8962 | lr 3.86e-06
step    603 | train_loss 2.7115 | lr 3.84e-06
step    604 | train_loss 2.5865 | lr 3.83e-06
step    605 | train_loss 2.7453 | lr 3.81e-06
step    606 | train_loss 2.2682 | lr 3.80e-06
step    607 | train_loss 1.9797 | lr 3.78e-06
step    608 | train_loss 2.7403 | lr 3.77e-06
step    609 | train_loss 2.8961 | lr 3.75e-06
step    610 | train_loss 2.6671 | lr 3.74e-06
step    611 | train_loss 2.6080 | lr 3.72e-06
step    612 | train_loss 2.5385 | lr 3.71e-06
step    613 | train_loss 2.6577 | lr 3.69e-06
step    614 | train_loss 2.6279 | lr 3.68e-06
step    615 | train_loss 2.8168 | lr 3.66e-06
step    616 | train_loss 2.2842 | lr 3.65e-06
step    617 | train_loss 2.6461 | lr 3.64e-06
step    618 | train_loss 2.5657 | lr 3.62e-06
step    619 | train_loss 2.5735 | lr 3.61e-06
step    620 | train_loss 2.9228 | lr 3.59e-06
step    621 | train_loss 3.0062 | lr 3.58e-06
step    622 | train_loss 2.4610 | lr 3.56e-06
step    623 | train_loss 2.7254 | lr 3.55e-06
step    624 | train_loss 2.4080 | lr 3.54e-06
step    625 | train_loss 2.3155 | lr 3.52e-06
step    626 | train_loss 2.7220 | lr 3.51e-06
step    627 | train_loss 2.3469 | lr 3.49e-06
step    628 | train_loss 2.6714 | lr 3.48e-06
step    629 | train_loss 2.7544 | lr 3.46e-06
step    630 | train_loss 2.7237 | lr 3.45e-06
step    631 | train_loss 2.8362 | lr 3.44e-06
step    632 | train_loss 2.2299 | lr 3.42e-06
step    633 | train_loss 2.7890 | lr 3.41e-06
step    634 | train_loss 2.5323 | lr 3.39e-06
step    635 | train_loss 2.4056 | lr 3.38e-06
step    636 | train_loss 2.2163 | lr 3.37e-06
step    637 | train_loss 2.1590 | lr 3.35e-06
step    638 | train_loss 2.8001 | lr 3.34e-06
step    639 | train_loss 2.4897 | lr 3.32e-06
step    640 | train_loss 2.3794 | lr 3.31e-06
step    641 | train_loss 2.7423 | lr 3.30e-06
step    642 | train_loss 2.8547 | lr 3.28e-06
step    643 | train_loss 2.9086 | lr 3.27e-06
step    644 | train_loss 2.5268 | lr 3.25e-06
step    645 | train_loss 2.7779 | lr 3.24e-06
step    646 | train_loss 2.6445 | lr 3.23e-06
step    647 | train_loss 3.0028 | lr 3.21e-06
step    648 | train_loss 2.3935 | lr 3.20e-06
step    649 | train_loss 2.4558 | lr 3.19e-06
step    650 | train_loss 2.4961 | lr 3.17e-06
step    651 | train_loss 2.5953 | lr 3.16e-06
step    652 | train_loss 2.6497 | lr 3.15e-06
step    653 | train_loss 2.6500 | lr 3.13e-06
step    654 | train_loss 2.7553 | lr 3.12e-06
step    655 | train_loss 2.2766 | lr 3.10e-06
step    656 | train_loss 2.1178 | lr 3.09e-06
step    657 | train_loss 2.4393 | lr 3.08e-06
step    658 | train_loss 2.6504 | lr 3.06e-06
step    659 | train_loss 2.8829 | lr 3.05e-06
step    660 | train_loss 2.6508 | lr 3.04e-06
step    661 | train_loss 2.7191 | lr 3.02e-06
step    662 | train_loss 2.9131 | lr 3.01e-06
step    663 | train_loss 2.2847 | lr 3.00e-06
step    664 | train_loss 2.8313 | lr 2.99e-06
step    665 | train_loss 2.6183 | lr 2.97e-06
step    666 | train_loss 2.5868 | lr 2.96e-06
step    667 | train_loss 2.4809 | lr 2.95e-06
step    668 | train_loss 2.2742 | lr 2.93e-06
step    669 | train_loss 2.6784 | lr 2.92e-06
step    670 | train_loss 2.5742 | lr 2.91e-06
step    671 | train_loss 2.5850 | lr 2.89e-06
step    672 | train_loss 2.5886 | lr 2.88e-06
step    673 | train_loss 2.7798 | lr 2.87e-06
step    674 | train_loss 2.6667 | lr 2.85e-06
step    675 | train_loss 2.6269 | lr 2.84e-06
step    676 | train_loss 2.5458 | lr 2.83e-06
step    677 | train_loss 2.6532 | lr 2.82e-06
step    678 | train_loss 2.9048 | lr 2.80e-06
step    679 | train_loss 2.6039 | lr 2.79e-06
step    680 | train_loss 2.6016 | lr 2.78e-06
step    681 | train_loss 2.7637 | lr 2.77e-06
step    682 | train_loss 2.4446 | lr 2.75e-06
step    683 | train_loss 2.8743 | lr 2.74e-06
step    684 | train_loss 2.7313 | lr 2.73e-06
step    685 | train_loss 2.5319 | lr 2.72e-06
step    686 | train_loss 2.3467 | lr 2.70e-06
step    687 | train_loss 2.4446 | lr 2.69e-06
step    688 | train_loss 2.1975 | lr 2.68e-06
step    689 | train_loss 2.6896 | lr 2.67e-06
step    690 | train_loss 2.0744 | lr 2.65e-06
step    691 | train_loss 2.8492 | lr 2.64e-06
step    692 | train_loss 2.8007 | lr 2.63e-06
step    693 | train_loss 2.8470 | lr 2.62e-06
step    694 | train_loss 2.6764 | lr 2.60e-06
step    695 | train_loss 2.5454 | lr 2.59e-06
step    696 | train_loss 2.5137 | lr 2.58e-06
step    697 | train_loss 2.3480 | lr 2.57e-06
step    698 | train_loss 2.2193 | lr 2.56e-06
step    699 | train_loss 2.3863 | lr 2.54e-06
step    700 | train_loss 2.9606 | lr 2.53e-06
step    700 | val_loss 2.7829 | val_ppl 16.17
step    701 | train_loss 2.7092 | lr 2.52e-06
step    702 | train_loss 2.8624 | lr 2.51e-06
step    703 | train_loss 2.2784 | lr 2.50e-06
step    704 | train_loss 2.4141 | lr 2.48e-06
step    705 | train_loss 2.2637 | lr 2.47e-06
Saved checkpoint to checkpoints/sft_dolly_from_packed_90/step_705.pt
step    706 | train_loss 2.2845 | lr 2.46e-06
step    707 | train_loss 2.6238 | lr 2.45e-06
step    708 | train_loss 2.6896 | lr 2.44e-06
step    709 | train_loss 2.5696 | lr 2.43e-06
step    710 | train_loss 2.5791 | lr 2.41e-06
step    711 | train_loss 2.8397 | lr 2.40e-06
step    712 | train_loss 2.7653 | lr 2.39e-06
step    713 | train_loss 2.6368 | lr 2.38e-06
step    714 | train_loss 2.8370 | lr 2.37e-06
step    715 | train_loss 2.7536 | lr 2.36e-06
step    716 | train_loss 2.6927 | lr 2.35e-06
step    717 | train_loss 2.5834 | lr 2.33e-06
step    718 | train_loss 2.7192 | lr 2.32e-06
step    719 | train_loss 2.9559 | lr 2.31e-06
step    720 | train_loss 2.7332 | lr 2.30e-06
step    721 | train_loss 2.6217 | lr 2.29e-06
step    722 | train_loss 2.3402 | lr 2.28e-06
step    723 | train_loss 2.6290 | lr 2.27e-06
step    724 | train_loss 2.9879 | lr 2.26e-06
step    725 | train_loss 2.5136 | lr 2.25e-06
step    726 | train_loss 2.3717 | lr 2.23e-06
step    727 | train_loss 2.4292 | lr 2.22e-06
step    728 | train_loss 2.7945 | lr 2.21e-06
step    729 | train_loss 2.4637 | lr 2.20e-06
step    730 | train_loss 2.3237 | lr 2.19e-06
step    731 | train_loss 2.7890 | lr 2.18e-06
step    732 | train_loss 2.5875 | lr 2.17e-06
step    733 | train_loss 2.4835 | lr 2.16e-06
step    734 | train_loss 2.5715 | lr 2.15e-06
step    735 | train_loss 2.8598 | lr 2.14e-06
step    736 | train_loss 2.5890 | lr 2.13e-06
step    737 | train_loss 2.5203 | lr 2.12e-06
step    738 | train_loss 2.4915 | lr 2.11e-06
step    739 | train_loss 2.4858 | lr 2.10e-06
step    740 | train_loss 2.4245 | lr 2.09e-06
step    741 | train_loss 2.7665 | lr 2.08e-06
step    742 | train_loss 2.6544 | lr 2.07e-06
step    743 | train_loss 2.8372 | lr 2.06e-06
step    744 | train_loss 2.6956 | lr 2.04e-06
step    745 | train_loss 2.4124 | lr 2.03e-06
step    746 | train_loss 2.3375 | lr 2.02e-06
step    747 | train_loss 2.3341 | lr 2.01e-06
step    748 | train_loss 2.7846 | lr 2.00e-06
step    749 | train_loss 2.4403 | lr 1.99e-06
step    750 | train_loss 2.5485 | lr 1.98e-06
step    751 | train_loss 2.7641 | lr 1.97e-06
step    752 | train_loss 2.5982 | lr 1.96e-06
step    753 | train_loss 2.5955 | lr 1.96e-06
step    754 | train_loss 2.6802 | lr 1.95e-06
step    755 | train_loss 2.5238 | lr 1.94e-06
step    756 | train_loss 2.8572 | lr 1.93e-06
step    757 | train_loss 2.5766 | lr 1.92e-06
step    758 | train_loss 2.4379 | lr 1.91e-06
step    759 | train_loss 2.7452 | lr 1.90e-06
step    760 | train_loss 2.6787 | lr 1.89e-06
step    761 | train_loss 2.5649 | lr 1.88e-06
step    762 | train_loss 2.4812 | lr 1.87e-06
step    763 | train_loss 2.7678 | lr 1.86e-06
step    764 | train_loss 2.7671 | lr 1.85e-06
step    765 | train_loss 2.3994 | lr 1.84e-06
step    766 | train_loss 2.2343 | lr 1.83e-06
step    767 | train_loss 2.4996 | lr 1.82e-06
step    768 | train_loss 2.7120 | lr 1.81e-06
step    769 | train_loss 2.7621 | lr 1.80e-06
step    770 | train_loss 2.0091 | lr 1.80e-06
step    771 | train_loss 2.6485 | lr 1.79e-06
step    772 | train_loss 2.6697 | lr 1.78e-06
step    773 | train_loss 2.5292 | lr 1.77e-06
step    774 | train_loss 2.6213 | lr 1.76e-06
step    775 | train_loss 2.3060 | lr 1.75e-06
step    776 | train_loss 2.2817 | lr 1.74e-06
step    777 | train_loss 2.7843 | lr 1.73e-06
step    778 | train_loss 2.7027 | lr 1.72e-06
step    779 | train_loss 2.5402 | lr 1.72e-06
step    780 | train_loss 2.6516 | lr 1.71e-06
step    781 | train_loss 2.6168 | lr 1.70e-06
step    782 | train_loss 2.6932 | lr 1.69e-06
step    783 | train_loss 2.7754 | lr 1.68e-06
step    784 | train_loss 2.8492 | lr 1.67e-06
step    785 | train_loss 2.5856 | lr 1.67e-06
step    786 | train_loss 2.4326 | lr 1.66e-06
step    787 | train_loss 2.5168 | lr 1.65e-06
step    788 | train_loss 2.7110 | lr 1.64e-06
step    789 | train_loss 2.5695 | lr 1.63e-06
step    790 | train_loss 2.5199 | lr 1.62e-06
step    791 | train_loss 2.4326 | lr 1.62e-06
step    792 | train_loss 2.4552 | lr 1.61e-06
step    793 | train_loss 2.7794 | lr 1.60e-06
step    794 | train_loss 2.7666 | lr 1.59e-06
step    795 | train_loss 2.8497 | lr 1.58e-06
step    796 | train_loss 2.5985 | lr 1.58e-06
step    797 | train_loss 2.4535 | lr 1.57e-06
step    798 | train_loss 2.5611 | lr 1.56e-06
step    799 | train_loss 2.3362 | lr 1.55e-06
step    800 | train_loss 2.3604 | lr 1.55e-06
step    800 | val_loss 2.7813 | val_ppl 16.14
step    801 | train_loss 2.5662 | lr 1.54e-06
step    802 | train_loss 2.2510 | lr 1.53e-06
step    803 | train_loss 2.2576 | lr 1.52e-06
step    804 | train_loss 2.8694 | lr 1.52e-06
step    805 | train_loss 2.3593 | lr 1.51e-06
step    806 | train_loss 2.6360 | lr 1.50e-06
step    807 | train_loss 2.5681 | lr 1.49e-06
step    808 | train_loss 2.7163 | lr 1.49e-06
step    809 | train_loss 2.4454 | lr 1.48e-06
step    810 | train_loss 2.5225 | lr 1.47e-06
step    811 | train_loss 2.6307 | lr 1.47e-06
step    812 | train_loss 2.7138 | lr 1.46e-06
step    813 | train_loss 2.0978 | lr 1.45e-06
step    814 | train_loss 2.5975 | lr 1.44e-06
step    815 | train_loss 2.9869 | lr 1.44e-06
step    816 | train_loss 2.0216 | lr 1.43e-06
step    817 | train_loss 2.6645 | lr 1.42e-06
step    818 | train_loss 2.7448 | lr 1.42e-06
step    819 | train_loss 2.4533 | lr 1.41e-06
step    820 | train_loss 2.7250 | lr 1.40e-06
step    821 | train_loss 2.4910 | lr 1.40e-06
step    822 | train_loss 2.7129 | lr 1.39e-06
step    823 | train_loss 2.5124 | lr 1.38e-06
step    824 | train_loss 2.7404 | lr 1.38e-06
step    825 | train_loss 2.7655 | lr 1.37e-06
step    826 | train_loss 2.4547 | lr 1.37e-06
step    827 | train_loss 3.1303 | lr 1.36e-06
step    828 | train_loss 2.3329 | lr 1.35e-06
step    829 | train_loss 2.6723 | lr 1.35e-06
step    830 | train_loss 2.3376 | lr 1.34e-06
step    831 | train_loss 2.9368 | lr 1.33e-06
step    832 | train_loss 2.6184 | lr 1.33e-06
step    833 | train_loss 2.5753 | lr 1.32e-06
step    834 | train_loss 2.6560 | lr 1.32e-06
step    835 | train_loss 2.6281 | lr 1.31e-06
step    836 | train_loss 2.3837 | lr 1.31e-06
step    837 | train_loss 2.6159 | lr 1.30e-06
step    838 | train_loss 2.8222 | lr 1.29e-06
step    839 | train_loss 2.7155 | lr 1.29e-06
step    840 | train_loss 3.0731 | lr 1.28e-06
step    841 | train_loss 2.7212 | lr 1.28e-06
step    842 | train_loss 2.4224 | lr 1.27e-06
step    843 | train_loss 2.6230 | lr 1.27e-06
step    844 | train_loss 2.8088 | lr 1.26e-06
step    845 | train_loss 2.4980 | lr 1.26e-06
step    846 | train_loss 1.9600 | lr 1.25e-06
step    847 | train_loss 2.4728 | lr 1.25e-06
step    848 | train_loss 2.5113 | lr 1.24e-06
step    849 | train_loss 2.5692 | lr 1.24e-06
step    850 | train_loss 2.5261 | lr 1.23e-06
step    851 | train_loss 2.4582 | lr 1.23e-06
step    852 | train_loss 2.4996 | lr 1.22e-06
step    853 | train_loss 2.6708 | lr 1.22e-06
step    854 | train_loss 2.7282 | lr 1.21e-06
step    855 | train_loss 2.2220 | lr 1.21e-06
step    856 | train_loss 2.6559 | lr 1.20e-06
step    857 | train_loss 2.7451 | lr 1.20e-06
step    858 | train_loss 2.7933 | lr 1.19e-06
step    859 | train_loss 2.7056 | lr 1.19e-06
step    860 | train_loss 2.4712 | lr 1.18e-06
step    861 | train_loss 2.7234 | lr 1.18e-06
step    862 | train_loss 2.6544 | lr 1.17e-06
step    863 | train_loss 2.4407 | lr 1.17e-06
step    864 | train_loss 2.4555 | lr 1.17e-06
step    865 | train_loss 2.8195 | lr 1.16e-06
step    866 | train_loss 2.4380 | lr 1.16e-06
step    867 | train_loss 2.5786 | lr 1.15e-06
step    868 | train_loss 2.2186 | lr 1.15e-06
step    869 | train_loss 2.7162 | lr 1.14e-06
step    870 | train_loss 2.6739 | lr 1.14e-06
step    871 | train_loss 2.7898 | lr 1.14e-06
step    872 | train_loss 2.5021 | lr 1.13e-06
step    873 | train_loss 2.6113 | lr 1.13e-06
step    874 | train_loss 2.6782 | lr 1.13e-06
step    875 | train_loss 1.9784 | lr 1.12e-06
step    876 | train_loss 2.4846 | lr 1.12e-06
step    877 | train_loss 2.6496 | lr 1.11e-06
step    878 | train_loss 2.6242 | lr 1.11e-06
step    879 | train_loss 2.7045 | lr 1.11e-06
step    880 | train_loss 2.7896 | lr 1.10e-06
step    881 | train_loss 2.7511 | lr 1.10e-06
step    882 | train_loss 2.6243 | lr 1.10e-06
step    883 | train_loss 2.9058 | lr 1.09e-06
step    884 | train_loss 2.4197 | lr 1.09e-06
step    885 | train_loss 2.5951 | lr 1.09e-06
step    886 | train_loss 2.3093 | lr 1.08e-06
step    887 | train_loss 2.6357 | lr 1.08e-06
step    888 | train_loss 2.7027 | lr 1.08e-06
step    889 | train_loss 2.4813 | lr 1.08e-06
step    890 | train_loss 2.4016 | lr 1.07e-06
step    891 | train_loss 2.4453 | lr 1.07e-06
step    892 | train_loss 2.5770 | lr 1.07e-06
step    893 | train_loss 2.3731 | lr 1.06e-06
step    894 | train_loss 2.6530 | lr 1.06e-06
step    895 | train_loss 2.5464 | lr 1.06e-06
step    896 | train_loss 2.6226 | lr 1.06e-06
step    897 | train_loss 2.5604 | lr 1.05e-06
step    898 | train_loss 2.6461 | lr 1.05e-06
step    899 | train_loss 2.1108 | lr 1.05e-06
step    900 | train_loss 2.1890 | lr 1.05e-06
step    900 | val_loss 2.7806 | val_ppl 16.13
step    901 | train_loss 2.6299 | lr 1.04e-06
step    902 | train_loss 2.4561 | lr 1.04e-06
step    903 | train_loss 2.4526 | lr 1.04e-06
step    904 | train_loss 2.2802 | lr 1.04e-06
step    905 | train_loss 2.6870 | lr 1.04e-06
step    906 | train_loss 2.7605 | lr 1.03e-06
step    907 | train_loss 2.0750 | lr 1.03e-06
step    908 | train_loss 2.5242 | lr 1.03e-06
step    909 | train_loss 2.4489 | lr 1.03e-06
step    910 | train_loss 2.7430 | lr 1.03e-06
step    911 | train_loss 2.5659 | lr 1.03e-06
step    912 | train_loss 2.4475 | lr 1.02e-06
step    913 | train_loss 2.5699 | lr 1.02e-06
step    914 | train_loss 2.5016 | lr 1.02e-06
step    915 | train_loss 2.2821 | lr 1.02e-06
step    916 | train_loss 2.5218 | lr 1.02e-06
step    917 | train_loss 2.3616 | lr 1.02e-06
step    918 | train_loss 2.4573 | lr 1.01e-06
step    919 | train_loss 2.3630 | lr 1.01e-06
step    920 | train_loss 2.7659 | lr 1.01e-06
step    921 | train_loss 2.1290 | lr 1.01e-06
step    922 | train_loss 2.5084 | lr 1.01e-06
step    923 | train_loss 2.7880 | lr 1.01e-06
step    924 | train_loss 2.4329 | lr 1.01e-06
step    925 | train_loss 2.5752 | lr 1.01e-06
step    926 | train_loss 2.8121 | lr 1.01e-06
step    927 | train_loss 2.7287 | lr 1.01e-06
step    928 | train_loss 2.7461 | lr 1.00e-06
step    929 | train_loss 2.5663 | lr 1.00e-06
step    930 | train_loss 2.3648 | lr 1.00e-06
step    931 | train_loss 2.5691 | lr 1.00e-06
step    932 | train_loss 2.7984 | lr 1.00e-06
step    933 | train_loss 2.5504 | lr 1.00e-06
step    934 | train_loss 2.7083 | lr 1.00e-06
step    935 | train_loss 2.5783 | lr 1.00e-06
step    936 | train_loss 2.2406 | lr 1.00e-06
step    937 | train_loss 2.6261 | lr 1.00e-06
step    938 | train_loss 2.7836 | lr 1.00e-06
step    939 | train_loss 2.3302 | lr 1.00e-06
step    940 | train_loss 2.6695 | lr 1.00e-06
step    940 | val_loss 2.7808 | val_ppl 16.13
Saved checkpoint to checkpoints/sft_dolly_from_packed_90/step_940.pt
