Data: 13,756 train / 278 val examples (977 dropped as longer than 512 tokens)
Model: medium (123,587,328 parameters), initialized from checkpoints/sft_alpaca/step_1500.pt (step 1500)
step      1 | train_loss 3.0519 | lr 2.00e-07
step      2 | train_loss 2.5936 | lr 4.00e-07
step      3 | train_loss 2.9414 | lr 6.00e-07
step      4 | train_loss 2.6083 | lr 8.00e-07
step      5 | train_loss 2.5305 | lr 1.00e-06
step      6 | train_loss 3.0184 | lr 1.20e-06
step      7 | train_loss 2.9320 | lr 1.40e-06
step      8 | train_loss 2.7594 | lr 1.60e-06
step      9 | train_loss 2.7542 | lr 1.80e-06
step     10 | train_loss 3.0219 | lr 2.00e-06
step     11 | train_loss 3.0332 | lr 2.20e-06
step     12 | train_loss 2.6650 | lr 2.40e-06
step     13 | train_loss 2.8888 | lr 2.60e-06
step     14 | train_loss 3.0810 | lr 2.80e-06
step     15 | train_loss 3.1368 | lr 3.00e-06
step     16 | train_loss 2.6507 | lr 3.20e-06
step     17 | train_loss 2.8867 | lr 3.40e-06
step     18 | train_loss 3.2043 | lr 3.60e-06
step     19 | train_loss 2.6328 | lr 3.80e-06
step     20 | train_loss 3.0962 | lr 4.00e-06
step     21 | train_loss 2.8954 | lr 4.20e-06
step     22 | train_loss 2.7719 | lr 4.40e-06
step     23 | train_loss 2.7391 | lr 4.60e-06
step     24 | train_loss 3.0935 | lr 4.80e-06
step     25 | train_loss 2.7654 | lr 5.00e-06
step     26 | train_loss 3.0992 | lr 5.20e-06
step     27 | train_loss 2.7065 | lr 5.40e-06
step     28 | train_loss 2.7538 | lr 5.60e-06
step     29 | train_loss 2.9710 | lr 5.80e-06
step     30 | train_loss 2.6847 | lr 6.00e-06
step     31 | train_loss 2.6362 | lr 6.20e-06
step     32 | train_loss 3.1952 | lr 6.40e-06
step     33 | train_loss 2.7999 | lr 6.60e-06
step     34 | train_loss 3.0858 | lr 6.80e-06
step     35 | train_loss 3.0461 | lr 7.00e-06
step     36 | train_loss 3.1121 | lr 7.20e-06
step     37 | train_loss 2.6290 | lr 7.40e-06
step     38 | train_loss 2.8605 | lr 7.60e-06
step     39 | train_loss 2.7010 | lr 7.80e-06
step     40 | train_loss 2.8555 | lr 8.00e-06
step     41 | train_loss 2.8087 | lr 8.20e-06
step     42 | train_loss 2.6633 | lr 8.40e-06
step     43 | train_loss 2.5425 | lr 8.60e-06
step     44 | train_loss 2.5351 | lr 8.80e-06
step     45 | train_loss 2.8855 | lr 9.00e-06
step     46 | train_loss 2.5546 | lr 9.20e-06
step     47 | train_loss 2.8767 | lr 9.40e-06
step     48 | train_loss 2.5029 | lr 9.60e-06
step     49 | train_loss 2.7997 | lr 9.80e-06
step     50 | train_loss 3.1772 | lr 1.00e-05
step     51 | train_loss 2.7064 | lr 1.00e-05
step     52 | train_loss 2.7031 | lr 1.00e-05
step     53 | train_loss 2.6726 | lr 1.00e-05
step     54 | train_loss 2.8770 | lr 1.00e-05
step     55 | train_loss 2.7018 | lr 1.00e-05
step     56 | train_loss 2.8801 | lr 1.00e-05
step     57 | train_loss 3.0023 | lr 1.00e-05
step     58 | train_loss 2.9473 | lr 1.00e-05
step     59 | train_loss 2.6097 | lr 1.00e-05
step     60 | train_loss 2.8200 | lr 1.00e-05
step     61 | train_loss 2.7767 | lr 1.00e-05
step     62 | train_loss 2.7953 | lr 1.00e-05
step     63 | train_loss 2.8727 | lr 1.00e-05
step     64 | train_loss 2.7035 | lr 1.00e-05
step     65 | train_loss 2.5372 | lr 9.99e-06
step     66 | train_loss 2.8064 | lr 9.99e-06
step     67 | train_loss 3.0110 | lr 9.99e-06
step     68 | train_loss 2.7838 | lr 9.99e-06
step     69 | train_loss 2.5203 | lr 9.99e-06
step     70 | train_loss 2.7359 | lr 9.99e-06
step     71 | train_loss 2.4329 | lr 9.99e-06
step     72 | train_loss 2.8454 | lr 9.99e-06
step     73 | train_loss 2.6410 | lr 9.99e-06
step     74 | train_loss 2.8292 | lr 9.99e-06
step     75 | train_loss 3.0336 | lr 9.98e-06
step     76 | train_loss 2.8726 | lr 9.98e-06
step     77 | train_loss 2.7674 | lr 9.98e-06
step     78 | train_loss 2.8404 | lr 9.98e-06
step     79 | train_loss 3.0323 | lr 9.98e-06
step     80 | train_loss 2.8772 | lr 9.98e-06
step     81 | train_loss 2.8518 | lr 9.97e-06
step     82 | train_loss 2.8954 | lr 9.97e-06
step     83 | train_loss 2.5646 | lr 9.97e-06
step     84 | train_loss 2.6657 | lr 9.97e-06
step     85 | train_loss 2.7391 | lr 9.97e-06
step     86 | train_loss 2.7693 | lr 9.97e-06
step     87 | train_loss 2.6872 | lr 9.96e-06
step     88 | train_loss 2.7170 | lr 9.96e-06
step     89 | train_loss 2.7227 | lr 9.96e-06
step     90 | train_loss 2.9152 | lr 9.96e-06
step     91 | train_loss 2.8128 | lr 9.96e-06
step     92 | train_loss 2.7813 | lr 9.95e-06
step     93 | train_loss 2.6957 | lr 9.95e-06
step     94 | train_loss 2.7611 | lr 9.95e-06
step     95 | train_loss 2.7201 | lr 9.95e-06
step     96 | train_loss 2.7660 | lr 9.94e-06
step     97 | train_loss 2.9549 | lr 9.94e-06
step     98 | train_loss 2.9432 | lr 9.94e-06
step     99 | train_loss 2.5090 | lr 9.94e-06
step    100 | train_loss 2.8644 | lr 9.93e-06
step    100 | val_loss 2.8615 | val_ppl 17.49
step    101 | train_loss 2.5468 | lr 9.93e-06
step    102 | train_loss 2.7881 | lr 9.93e-06
step    103 | train_loss 2.6814 | lr 9.92e-06
step    104 | train_loss 3.0815 | lr 9.92e-06
step    105 | train_loss 2.5356 | lr 9.92e-06
step    106 | train_loss 2.8826 | lr 9.92e-06
step    107 | train_loss 2.8439 | lr 9.91e-06
step    108 | train_loss 2.6969 | lr 9.91e-06
step    109 | train_loss 2.3843 | lr 9.91e-06
step    110 | train_loss 2.5290 | lr 9.90e-06
step    111 | train_loss 3.1107 | lr 9.90e-06
step    112 | train_loss 2.7747 | lr 9.90e-06
step    113 | train_loss 2.9306 | lr 9.89e-06
step    114 | train_loss 2.8904 | lr 9.89e-06
step    115 | train_loss 2.5801 | lr 9.89e-06
step    116 | train_loss 2.4846 | lr 9.88e-06
step    117 | train_loss 3.0038 | lr 9.88e-06
step    118 | train_loss 2.6538 | lr 9.87e-06
step    119 | train_loss 2.7855 | lr 9.87e-06
step    120 | train_loss 3.2589 | lr 9.87e-06
step    121 | train_loss 2.6659 | lr 9.86e-06
step    122 | train_loss 2.7030 | lr 9.86e-06
step    123 | train_loss 2.4492 | lr 9.86e-06
step    124 | train_loss 2.6978 | lr 9.85e-06
step    125 | train_loss 2.7142 | lr 9.85e-06
step    126 | train_loss 2.9761 | lr 9.84e-06
step    127 | train_loss 2.5872 | lr 9.84e-06
step    128 | train_loss 2.9690 | lr 9.83e-06
step    129 | train_loss 2.6037 | lr 9.83e-06
step    130 | train_loss 2.9755 | lr 9.83e-06
step    131 | train_loss 2.6480 | lr 9.82e-06
step    132 | train_loss 2.6000 | lr 9.82e-06
step    133 | train_loss 2.8528 | lr 9.81e-06
step    134 | train_loss 1.9760 | lr 9.81e-06
step    135 | train_loss 2.8524 | lr 9.80e-06
step    136 | train_loss 2.7790 | lr 9.80e-06
step    137 | train_loss 2.7974 | lr 9.79e-06
step    138 | train_loss 2.3180 | lr 9.79e-06
step    139 | train_loss 2.5904 | lr 9.78e-06
step    140 | train_loss 2.7573 | lr 9.78e-06
step    141 | train_loss 2.6446 | lr 9.77e-06
step    142 | train_loss 2.7095 | lr 9.77e-06
step    143 | train_loss 2.6553 | lr 9.76e-06
step    144 | train_loss 2.4734 | lr 9.76e-06
step    145 | train_loss 2.6701 | lr 9.75e-06
step    146 | train_loss 2.8964 | lr 9.75e-06
step    147 | train_loss 2.6342 | lr 9.74e-06
step    148 | train_loss 3.0353 | lr 9.74e-06
step    149 | train_loss 2.7693 | lr 9.73e-06
step    150 | train_loss 2.5992 | lr 9.73e-06
step    151 | train_loss 2.7660 | lr 9.72e-06
step    152 | train_loss 2.2176 | lr 9.72e-06
step    153 | train_loss 2.4966 | lr 9.71e-06
step    154 | train_loss 2.7351 | lr 9.71e-06
step    155 | train_loss 2.5778 | lr 9.70e-06
step    156 | train_loss 2.7936 | lr 9.69e-06
step    157 | train_loss 3.0484 | lr 9.69e-06
step    158 | train_loss 2.4942 | lr 9.68e-06
step    159 | train_loss 2.2995 | lr 9.68e-06
step    160 | train_loss 2.9081 | lr 9.67e-06
step    161 | train_loss 2.8499 | lr 9.67e-06
step    162 | train_loss 2.7330 | lr 9.66e-06
step    163 | train_loss 2.8912 | lr 9.65e-06
step    164 | train_loss 3.0640 | lr 9.65e-06
step    165 | train_loss 2.2977 | lr 9.64e-06
step    166 | train_loss 2.7965 | lr 9.63e-06
step    167 | train_loss 2.2698 | lr 9.63e-06
step    168 | train_loss 2.2685 | lr 9.62e-06
step    169 | train_loss 2.8024 | lr 9.62e-06
step    170 | train_loss 2.8604 | lr 9.61e-06
step    171 | train_loss 2.8675 | lr 9.60e-06
step    172 | train_loss 2.8043 | lr 9.60e-06
step    173 | train_loss 2.9390 | lr 9.59e-06
step    174 | train_loss 2.9263 | lr 9.58e-06
step    175 | train_loss 2.5458 | lr 9.58e-06
step    176 | train_loss 2.4509 | lr 9.57e-06
step    177 | train_loss 3.0963 | lr 9.56e-06
step    178 | train_loss 2.9703 | lr 9.56e-06
step    179 | train_loss 2.8432 | lr 9.55e-06
step    180 | train_loss 2.7689 | lr 9.54e-06
step    181 | train_loss 2.8253 | lr 9.53e-06
step    182 | train_loss 2.6107 | lr 9.53e-06
step    183 | train_loss 2.7536 | lr 9.52e-06
step    184 | train_loss 2.9007 | lr 9.51e-06
step    185 | train_loss 2.3292 | lr 9.51e-06
step    186 | train_loss 2.8193 | lr 9.50e-06
step    187 | train_loss 2.8603 | lr 9.49e-06
step    188 | train_loss 2.8652 | lr 9.48e-06
step    189 | train_loss 2.0446 | lr 9.48e-06
step    190 | train_loss 2.4405 | lr 9.47e-06
step    191 | train_loss 2.8532 | lr 9.46e-06
step    192 | train_loss 2.8806 | lr 9.45e-06
step    193 | train_loss 2.8520 | lr 9.45e-06
step    194 | train_loss 2.7594 | lr 9.44e-06
step    195 | train_loss 3.0030 | lr 9.43e-06
step    196 | train_loss 2.9790 | lr 9.42e-06
step    197 | train_loss 2.7588 | lr 9.42e-06
step    198 | train_loss 2.9947 | lr 9.41e-06
step    199 | train_loss 2.7240 | lr 9.40e-06
step    200 | train_loss 2.7667 | lr 9.39e-06
step    200 | val_loss 2.8400 | val_ppl 17.12
step    201 | train_loss 2.7569 | lr 9.38e-06
step    202 | train_loss 2.2698 | lr 9.38e-06
step    203 | train_loss 2.9919 | lr 9.37e-06
step    204 | train_loss 2.6429 | lr 9.36e-06
step    205 | train_loss 2.8250 | lr 9.35e-06
step    206 | train_loss 2.6409 | lr 9.34e-06
step    207 | train_loss 2.7434 | lr 9.33e-06
step    208 | train_loss 2.9428 | lr 9.33e-06
step    209 | train_loss 2.9369 | lr 9.32e-06
step    210 | train_loss 2.5856 | lr 9.31e-06
step    211 | train_loss 3.3975 | lr 9.30e-06
step    212 | train_loss 2.8623 | lr 9.29e-06
step    213 | train_loss 2.5203 | lr 9.28e-06
step    214 | train_loss 2.9035 | lr 9.28e-06
step    215 | train_loss 3.0694 | lr 9.27e-06
step    216 | train_loss 2.0681 | lr 9.26e-06
step    217 | train_loss 2.6789 | lr 9.25e-06
step    218 | train_loss 3.1320 | lr 9.24e-06
step    219 | train_loss 2.3862 | lr 9.23e-06
step    220 | train_loss 2.6842 | lr 9.22e-06
step    221 | train_loss 3.0268 | lr 9.21e-06
step    222 | train_loss 2.8636 | lr 9.20e-06
step    223 | train_loss 2.8739 | lr 9.20e-06
step    224 | train_loss 2.7029 | lr 9.19e-06
step    225 | train_loss 2.8361 | lr 9.18e-06
step    226 | train_loss 2.8061 | lr 9.17e-06
step    227 | train_loss 2.4693 | lr 9.16e-06
step    228 | train_loss 3.0247 | lr 9.15e-06
step    229 | train_loss 2.4865 | lr 9.14e-06
step    230 | train_loss 2.8733 | lr 9.13e-06
step    231 | train_loss 2.8773 | lr 9.12e-06
step    232 | train_loss 2.6551 | lr 9.11e-06
step    233 | train_loss 2.8149 | lr 9.10e-06
step    234 | train_loss 2.7110 | lr 9.09e-06
step    235 | train_loss 2.7913 | lr 9.08e-06
Saved checkpoint to checkpoints/sft_dolly_2epoch/step_235.pt
step    236 | train_loss 2.7656 | lr 9.07e-06
step    237 | train_loss 2.8014 | lr 9.06e-06
step    238 | train_loss 2.7485 | lr 9.05e-06
step    239 | train_loss 2.7919 | lr 9.04e-06
step    240 | train_loss 2.8454 | lr 9.04e-06
step    241 | train_loss 2.4697 | lr 9.03e-06
step    242 | train_loss 2.8938 | lr 9.02e-06
step    243 | train_loss 2.6845 | lr 9.01e-06
step    244 | train_loss 2.6226 | lr 9.00e-06
step    245 | train_loss 2.8700 | lr 8.99e-06
step    246 | train_loss 2.8766 | lr 8.98e-06
step    247 | train_loss 2.6299 | lr 8.97e-06
step    248 | train_loss 2.8274 | lr 8.96e-06
step    249 | train_loss 2.6736 | lr 8.94e-06
step    250 | train_loss 2.8814 | lr 8.93e-06
step    251 | train_loss 2.9514 | lr 8.92e-06
step    252 | train_loss 2.7606 | lr 8.91e-06
step    253 | train_loss 2.6872 | lr 8.90e-06
step    254 | train_loss 2.1134 | lr 8.89e-06
step    255 | train_loss 2.6605 | lr 8.88e-06
step    256 | train_loss 2.8463 | lr 8.87e-06
step    257 | train_loss 2.8369 | lr 8.86e-06
step    258 | train_loss 2.7193 | lr 8.85e-06
step    259 | train_loss 2.9922 | lr 8.84e-06
step    260 | train_loss 2.8198 | lr 8.83e-06
step    261 | train_loss 2.6508 | lr 8.82e-06
step    262 | train_loss 2.7973 | lr 8.81e-06
step    263 | train_loss 2.5925 | lr 8.80e-06
step    264 | train_loss 2.9895 | lr 8.79e-06
step    265 | train_loss 2.9261 | lr 8.78e-06
step    266 | train_loss 2.6424 | lr 8.77e-06
step    267 | train_loss 2.5818 | lr 8.75e-06
step    268 | train_loss 2.7744 | lr 8.74e-06
step    269 | train_loss 2.6632 | lr 8.73e-06
step    270 | train_loss 3.0839 | lr 8.72e-06
step    271 | train_loss 2.9351 | lr 8.71e-06
step    272 | train_loss 2.4652 | lr 8.70e-06
step    273 | train_loss 3.0044 | lr 8.69e-06
step    274 | train_loss 3.0505 | lr 8.68e-06
step    275 | train_loss 2.6616 | lr 8.67e-06
step    276 | train_loss 2.7134 | lr 8.65e-06
step    277 | train_loss 2.7878 | lr 8.64e-06
step    278 | train_loss 2.5151 | lr 8.63e-06
step    279 | train_loss 2.7983 | lr 8.62e-06
step    280 | train_loss 2.4091 | lr 8.61e-06
step    281 | train_loss 2.6288 | lr 8.60e-06
step    282 | train_loss 3.0595 | lr 8.59e-06
step    283 | train_loss 2.7370 | lr 8.57e-06
step    284 | train_loss 2.8234 | lr 8.56e-06
step    285 | train_loss 2.7383 | lr 8.55e-06
step    286 | train_loss 2.6100 | lr 8.54e-06
step    287 | train_loss 2.4329 | lr 8.53e-06
step    288 | train_loss 2.8059 | lr 8.52e-06
step    289 | train_loss 3.0115 | lr 8.50e-06
step    290 | train_loss 2.5558 | lr 8.49e-06
step    291 | train_loss 2.8517 | lr 8.48e-06
step    292 | train_loss 3.1365 | lr 8.47e-06
step    293 | train_loss 2.8928 | lr 8.46e-06
step    294 | train_loss 2.6612 | lr 8.44e-06
step    295 | train_loss 2.8647 | lr 8.43e-06
step    296 | train_loss 2.5488 | lr 8.42e-06
step    297 | train_loss 2.3918 | lr 8.41e-06
step    298 | train_loss 2.8071 | lr 8.40e-06
step    299 | train_loss 2.8831 | lr 8.38e-06
step    300 | train_loss 2.9306 | lr 8.37e-06
step    300 | val_loss 2.8258 | val_ppl 16.87
step    301 | train_loss 2.7098 | lr 8.36e-06
step    302 | train_loss 2.6278 | lr 8.35e-06
step    303 | train_loss 2.3035 | lr 8.33e-06
step    304 | train_loss 2.6705 | lr 8.32e-06
step    305 | train_loss 2.5465 | lr 8.31e-06
step    306 | train_loss 2.7224 | lr 8.30e-06
step    307 | train_loss 2.6620 | lr 8.28e-06
step    308 | train_loss 2.4844 | lr 8.27e-06
step    309 | train_loss 2.4289 | lr 8.26e-06
step    310 | train_loss 2.7736 | lr 8.25e-06
step    311 | train_loss 2.5721 | lr 8.23e-06
step    312 | train_loss 2.9318 | lr 8.22e-06
step    313 | train_loss 2.6691 | lr 8.21e-06
step    314 | train_loss 3.0228 | lr 8.20e-06
step    315 | train_loss 2.6143 | lr 8.18e-06
step    316 | train_loss 2.8040 | lr 8.17e-06
step    317 | train_loss 2.9352 | lr 8.16e-06
step    318 | train_loss 2.5345 | lr 8.15e-06
step    319 | train_loss 3.3381 | lr 8.13e-06
step    320 | train_loss 3.0078 | lr 8.12e-06
step    321 | train_loss 2.7140 | lr 8.11e-06
step    322 | train_loss 2.7629 | lr 8.09e-06
step    323 | train_loss 3.0236 | lr 8.08e-06
step    324 | train_loss 2.7099 | lr 8.07e-06
step    325 | train_loss 2.6647 | lr 8.05e-06
step    326 | train_loss 3.0131 | lr 8.04e-06
step    327 | train_loss 2.8906 | lr 8.03e-06
step    328 | train_loss 3.0161 | lr 8.01e-06
step    329 | train_loss 2.9575 | lr 8.00e-06
step    330 | train_loss 2.8012 | lr 7.99e-06
step    331 | train_loss 2.7017 | lr 7.98e-06
step    332 | train_loss 2.6646 | lr 7.96e-06
step    333 | train_loss 2.8285 | lr 7.95e-06
step    334 | train_loss 2.6862 | lr 7.94e-06
step    335 | train_loss 2.7316 | lr 7.92e-06
step    336 | train_loss 2.9166 | lr 7.91e-06
step    337 | train_loss 2.9011 | lr 7.90e-06
step    338 | train_loss 2.9820 | lr 7.88e-06
step    339 | train_loss 2.7098 | lr 7.87e-06
step    340 | train_loss 2.8432 | lr 7.85e-06
step    341 | train_loss 2.4486 | lr 7.84e-06
step    342 | train_loss 2.7421 | lr 7.83e-06
step    343 | train_loss 2.5397 | lr 7.81e-06
step    344 | train_loss 2.9188 | lr 7.80e-06
step    345 | train_loss 2.5175 | lr 7.79e-06
step    346 | train_loss 2.7207 | lr 7.77e-06
step    347 | train_loss 3.0133 | lr 7.76e-06
step    348 | train_loss 2.4872 | lr 7.75e-06
step    349 | train_loss 2.6093 | lr 7.73e-06
step    350 | train_loss 2.8372 | lr 7.72e-06
step    351 | train_loss 2.4393 | lr 7.70e-06
step    352 | train_loss 2.8606 | lr 7.69e-06
step    353 | train_loss 2.4459 | lr 7.68e-06
step    354 | train_loss 2.7427 | lr 7.66e-06
step    355 | train_loss 2.6348 | lr 7.65e-06
step    356 | train_loss 2.8807 | lr 7.63e-06
step    357 | train_loss 2.5049 | lr 7.62e-06
step    358 | train_loss 2.6167 | lr 7.61e-06
step    359 | train_loss 2.4216 | lr 7.59e-06
step    360 | train_loss 2.4576 | lr 7.58e-06
step    361 | train_loss 2.8598 | lr 7.56e-06
step    362 | train_loss 2.4121 | lr 7.55e-06
step    363 | train_loss 2.9449 | lr 7.54e-06
step    364 | train_loss 2.7043 | lr 7.52e-06
step    365 | train_loss 2.6935 | lr 7.51e-06
step    366 | train_loss 2.6394 | lr 7.49e-06
step    367 | train_loss 2.8003 | lr 7.48e-06
step    368 | train_loss 2.6891 | lr 7.46e-06
step    369 | train_loss 2.6221 | lr 7.45e-06
step    370 | train_loss 2.6912 | lr 7.44e-06
step    371 | train_loss 2.7912 | lr 7.42e-06
step    372 | train_loss 3.0562 | lr 7.41e-06
step    373 | train_loss 2.8610 | lr 7.39e-06
step    374 | train_loss 2.8635 | lr 7.38e-06
step    375 | train_loss 2.5755 | lr 7.36e-06
step    376 | train_loss 2.6551 | lr 7.35e-06
step    377 | train_loss 1.9631 | lr 7.34e-06
step    378 | train_loss 2.5042 | lr 7.32e-06
step    379 | train_loss 2.6151 | lr 7.31e-06
step    380 | train_loss 2.9369 | lr 7.29e-06
step    381 | train_loss 2.6915 | lr 7.28e-06
step    382 | train_loss 2.7520 | lr 7.26e-06
step    383 | train_loss 2.7119 | lr 7.25e-06
step    384 | train_loss 2.6485 | lr 7.23e-06
step    385 | train_loss 2.6999 | lr 7.22e-06
step    386 | train_loss 2.7035 | lr 7.20e-06
step    387 | train_loss 2.0725 | lr 7.19e-06
step    388 | train_loss 2.4914 | lr 7.17e-06
step    389 | train_loss 2.9150 | lr 7.16e-06
step    390 | train_loss 2.9259 | lr 7.14e-06
step    391 | train_loss 2.7479 | lr 7.13e-06
step    392 | train_loss 2.7159 | lr 7.12e-06
step    393 | train_loss 2.7099 | lr 7.10e-06
step    394 | train_loss 2.6682 | lr 7.09e-06
step    395 | train_loss 2.8383 | lr 7.07e-06
step    396 | train_loss 2.7204 | lr 7.06e-06
step    397 | train_loss 2.3905 | lr 7.04e-06
step    398 | train_loss 2.6379 | lr 7.03e-06
step    399 | train_loss 2.8552 | lr 7.01e-06
step    400 | train_loss 2.6761 | lr 7.00e-06
step    400 | val_loss 2.8169 | val_ppl 16.73
step    401 | train_loss 2.8317 | lr 6.98e-06
step    402 | train_loss 2.6583 | lr 6.97e-06
step    403 | train_loss 2.6200 | lr 6.95e-06
step    404 | train_loss 2.6130 | lr 6.94e-06
step    405 | train_loss 2.4955 | lr 6.92e-06
step    406 | train_loss 2.7630 | lr 6.91e-06
step    407 | train_loss 2.8525 | lr 6.89e-06
step    408 | train_loss 2.7744 | lr 6.88e-06
step    409 | train_loss 2.0631 | lr 6.86e-06
step    410 | train_loss 2.7678 | lr 6.85e-06
step    411 | train_loss 2.4928 | lr 6.83e-06
step    412 | train_loss 2.5757 | lr 6.81e-06
step    413 | train_loss 2.8861 | lr 6.80e-06
step    414 | train_loss 3.1293 | lr 6.78e-06
step    415 | train_loss 2.5918 | lr 6.77e-06
step    416 | train_loss 2.9292 | lr 6.75e-06
step    417 | train_loss 2.5227 | lr 6.74e-06
step    418 | train_loss 2.8772 | lr 6.72e-06
step    419 | train_loss 2.3938 | lr 6.71e-06
step    420 | train_loss 2.8529 | lr 6.69e-06
step    421 | train_loss 2.5273 | lr 6.68e-06
step    422 | train_loss 2.7977 | lr 6.66e-06
step    423 | train_loss 2.5394 | lr 6.65e-06
step    424 | train_loss 2.9129 | lr 6.63e-06
step    425 | train_loss 2.6625 | lr 6.62e-06
step    426 | train_loss 2.7795 | lr 6.60e-06
step    427 | train_loss 2.4567 | lr 6.59e-06
step    428 | train_loss 3.0034 | lr 6.57e-06
step    429 | train_loss 2.5002 | lr 6.55e-06
step    430 | train_loss 2.5253 | lr 6.54e-06
step    431 | train_loss 2.5631 | lr 6.52e-06
step    432 | train_loss 2.7856 | lr 6.51e-06
step    433 | train_loss 2.0539 | lr 6.49e-06
step    434 | train_loss 2.3150 | lr 6.48e-06
step    435 | train_loss 2.4471 | lr 6.46e-06
step    436 | train_loss 2.6419 | lr 6.45e-06
step    437 | train_loss 2.5433 | lr 6.43e-06
step    438 | train_loss 2.9462 | lr 6.41e-06
step    439 | train_loss 2.2177 | lr 6.40e-06
step    440 | train_loss 2.5264 | lr 6.38e-06
step    441 | train_loss 2.9071 | lr 6.37e-06
step    442 | train_loss 2.4367 | lr 6.35e-06
step    443 | train_loss 2.5199 | lr 6.34e-06
step    444 | train_loss 2.6777 | lr 6.32e-06
step    445 | train_loss 1.7059 | lr 6.31e-06
step    446 | train_loss 2.5383 | lr 6.29e-06
step    447 | train_loss 2.8923 | lr 6.27e-06
step    448 | train_loss 2.0273 | lr 6.26e-06
step    449 | train_loss 2.8951 | lr 6.24e-06
step    450 | train_loss 2.6789 | lr 6.23e-06
step    451 | train_loss 2.8944 | lr 6.21e-06
step    452 | train_loss 2.6687 | lr 6.20e-06
step    453 | train_loss 2.0993 | lr 6.18e-06
step    454 | train_loss 2.3893 | lr 6.16e-06
step    455 | train_loss 2.6765 | lr 6.15e-06
step    456 | train_loss 2.6838 | lr 6.13e-06
step    457 | train_loss 2.4648 | lr 6.12e-06
step    458 | train_loss 2.8894 | lr 6.10e-06
step    459 | train_loss 2.3650 | lr 6.09e-06
step    460 | train_loss 2.9105 | lr 6.07e-06
step    461 | train_loss 2.8003 | lr 6.05e-06
step    462 | train_loss 2.6826 | lr 6.04e-06
step    463 | train_loss 2.6006 | lr 6.02e-06
step    464 | train_loss 2.4720 | lr 6.01e-06
step    465 | train_loss 2.5589 | lr 5.99e-06
step    466 | train_loss 2.5508 | lr 5.98e-06
step    467 | train_loss 2.5514 | lr 5.96e-06
step    468 | train_loss 2.6223 | lr 5.94e-06
step    469 | train_loss 2.5422 | lr 5.93e-06
step    470 | train_loss 2.5098 | lr 5.91e-06
Saved checkpoint to checkpoints/sft_dolly_2epoch/step_470.pt
step    471 | train_loss 2.8075 | lr 5.90e-06
step    472 | train_loss 2.4617 | lr 5.88e-06
step    473 | train_loss 2.6988 | lr 5.86e-06
step    474 | train_loss 2.2714 | lr 5.85e-06
step    475 | train_loss 2.7385 | lr 5.83e-06
step    476 | train_loss 2.3993 | lr 5.82e-06
step    477 | train_loss 3.0123 | lr 5.80e-06
step    478 | train_loss 2.8009 | lr 5.79e-06
step    479 | train_loss 2.6047 | lr 5.77e-06
step    480 | train_loss 2.6438 | lr 5.75e-06
step    481 | train_loss 2.7103 | lr 5.74e-06
step    482 | train_loss 2.5924 | lr 5.72e-06
step    483 | train_loss 2.6983 | lr 5.71e-06
step    484 | train_loss 2.5543 | lr 5.69e-06
step    485 | train_loss 2.3664 | lr 5.67e-06
step    486 | train_loss 2.3601 | lr 5.66e-06
step    487 | train_loss 2.5878 | lr 5.64e-06
step    488 | train_loss 2.6011 | lr 5.63e-06
step    489 | train_loss 2.2546 | lr 5.61e-06
step    490 | train_loss 2.9039 | lr 5.60e-06
step    491 | train_loss 2.9226 | lr 5.58e-06
step    492 | train_loss 2.7796 | lr 5.56e-06
step    493 | train_loss 2.4083 | lr 5.55e-06
step    494 | train_loss 2.7635 | lr 5.53e-06
step    495 | train_loss 2.7428 | lr 5.52e-06
step    496 | train_loss 2.9234 | lr 5.50e-06
step    497 | train_loss 2.8805 | lr 5.48e-06
step    498 | train_loss 2.6142 | lr 5.47e-06
step    499 | train_loss 2.4286 | lr 5.45e-06
step    500 | train_loss 2.5880 | lr 5.44e-06
step    500 | val_loss 2.8116 | val_ppl 16.64
step    501 | train_loss 2.6821 | lr 5.42e-06
step    502 | train_loss 2.2896 | lr 5.40e-06
step    503 | train_loss 2.5518 | lr 5.39e-06
step    504 | train_loss 2.4849 | lr 5.37e-06
step    505 | train_loss 2.7793 | lr 5.36e-06
step    506 | train_loss 2.3141 | lr 5.34e-06
step    507 | train_loss 2.5165 | lr 5.33e-06
step    508 | train_loss 2.8702 | lr 5.31e-06
step    509 | train_loss 2.0876 | lr 5.29e-06
step    510 | train_loss 2.5145 | lr 5.28e-06
step    511 | train_loss 2.4387 | lr 5.26e-06
step    512 | train_loss 3.0526 | lr 5.25e-06
step    513 | train_loss 2.8471 | lr 5.23e-06
step    514 | train_loss 2.4917 | lr 5.21e-06
step    515 | train_loss 2.9752 | lr 5.20e-06
step    516 | train_loss 2.7464 | lr 5.18e-06
step    517 | train_loss 2.7577 | lr 5.17e-06
step    518 | train_loss 2.8146 | lr 5.15e-06
step    519 | train_loss 2.6621 | lr 5.14e-06
step    520 | train_loss 2.5944 | lr 5.12e-06
step    521 | train_loss 2.6051 | lr 5.10e-06
step    522 | train_loss 2.8396 | lr 5.09e-06
step    523 | train_loss 2.8070 | lr 5.07e-06
step    524 | train_loss 2.6690 | lr 5.06e-06
step    525 | train_loss 2.8667 | lr 5.04e-06
step    526 | train_loss 2.6508 | lr 5.02e-06
step    527 | train_loss 2.5410 | lr 5.01e-06
step    528 | train_loss 2.8420 | lr 4.99e-06
step    529 | train_loss 2.5622 | lr 4.98e-06
step    530 | train_loss 2.7735 | lr 4.96e-06
step    531 | train_loss 2.4828 | lr 4.95e-06
step    532 | train_loss 2.7260 | lr 4.93e-06
step    533 | train_loss 2.2796 | lr 4.91e-06
step    534 | train_loss 2.7381 | lr 4.90e-06
step    535 | train_loss 2.2116 | lr 4.88e-06
step    536 | train_loss 2.9731 | lr 4.87e-06
step    537 | train_loss 2.4983 | lr 4.85e-06
step    538 | train_loss 2.9457 | lr 4.84e-06
step    539 | train_loss 2.8003 | lr 4.82e-06
step    540 | train_loss 2.4637 | lr 4.80e-06
step    541 | train_loss 2.8376 | lr 4.79e-06
step    542 | train_loss 2.8481 | lr 4.77e-06
step    543 | train_loss 2.7527 | lr 4.76e-06
step    544 | train_loss 2.6430 | lr 4.74e-06
step    545 | train_loss 2.4935 | lr 4.73e-06
step    546 | train_loss 2.3156 | lr 4.71e-06
step    547 | train_loss 2.3364 | lr 4.69e-06
step    548 | train_loss 2.6186 | lr 4.68e-06
step    549 | train_loss 2.4684 | lr 4.66e-06
step    550 | train_loss 2.5991 | lr 4.65e-06
step    551 | train_loss 2.7995 | lr 4.63e-06
step    552 | train_loss 2.7866 | lr 4.62e-06
step    553 | train_loss 2.5490 | lr 4.60e-06
step    554 | train_loss 2.9088 | lr 4.59e-06
step    555 | train_loss 2.5627 | lr 4.57e-06
step    556 | train_loss 2.5166 | lr 4.55e-06
step    557 | train_loss 2.0703 | lr 4.54e-06
step    558 | train_loss 2.4695 | lr 4.52e-06
step    559 | train_loss 2.3451 | lr 4.51e-06
step    560 | train_loss 2.6807 | lr 4.49e-06
step    561 | train_loss 2.9007 | lr 4.48e-06
step    562 | train_loss 2.5931 | lr 4.46e-06
step    563 | train_loss 2.3485 | lr 4.45e-06
step    564 | train_loss 2.3250 | lr 4.43e-06
step    565 | train_loss 2.5057 | lr 4.41e-06
step    566 | train_loss 2.7382 | lr 4.40e-06
step    567 | train_loss 2.6013 | lr 4.38e-06
step    568 | train_loss 2.6362 | lr 4.37e-06
step    569 | train_loss 2.7304 | lr 4.35e-06
step    570 | train_loss 2.5555 | lr 4.34e-06
step    571 | train_loss 2.7509 | lr 4.32e-06
step    572 | train_loss 2.2191 | lr 4.31e-06
step    573 | train_loss 2.4545 | lr 4.29e-06
step    574 | train_loss 2.5993 | lr 4.28e-06
step    575 | train_loss 2.4743 | lr 4.26e-06
step    576 | train_loss 2.9646 | lr 4.25e-06
step    577 | train_loss 2.3766 | lr 4.23e-06
step    578 | train_loss 2.3724 | lr 4.22e-06
step    579 | train_loss 2.4105 | lr 4.20e-06
step    580 | train_loss 2.5551 | lr 4.19e-06
step    581 | train_loss 2.4451 | lr 4.17e-06
step    582 | train_loss 2.7002 | lr 4.15e-06
step    583 | train_loss 2.3111 | lr 4.14e-06
step    584 | train_loss 2.8136 | lr 4.12e-06
step    585 | train_loss 2.3314 | lr 4.11e-06
step    586 | train_loss 2.4490 | lr 4.09e-06
step    587 | train_loss 2.7235 | lr 4.08e-06
step    588 | train_loss 2.7627 | lr 4.06e-06
step    589 | train_loss 2.5616 | lr 4.05e-06
step    590 | train_loss 2.6080 | lr 4.03e-06
step    591 | train_loss 2.6804 | lr 4.02e-06
step    592 | train_loss 2.8224 | lr 4.00e-06
step    593 | train_loss 2.6680 | lr 3.99e-06
step    594 | train_loss 2.5842 | lr 3.97e-06
step    595 | train_loss 2.7432 | lr 3.96e-06
step    596 | train_loss 2.4532 | lr 3.94e-06
step    597 | train_loss 2.8337 | lr 3.93e-06
step    598 | train_loss 2.6259 | lr 3.91e-06
step    599 | train_loss 2.2422 | lr 3.90e-06
step    600 | train_loss 2.5288 | lr 3.88e-06
step    600 | val_loss 2.8088 | val_ppl 16.59
step    601 | train_loss 2.4911 | lr 3.87e-06
step    602 | train_loss 2.9333 | lr 3.86e-06
step    603 | train_loss 2.7416 | lr 3.84e-06
step    604 | train_loss 2.6137 | lr 3.83e-06
step    605 | train_loss 2.7620 | lr 3.81e-06
step    606 | train_loss 2.2855 | lr 3.80e-06
step    607 | train_loss 2.0051 | lr 3.78e-06
step    608 | train_loss 2.7647 | lr 3.77e-06
step    609 | train_loss 2.9224 | lr 3.75e-06
step    610 | train_loss 2.6921 | lr 3.74e-06
step    611 | train_loss 2.6234 | lr 3.72e-06
step    612 | train_loss 2.5588 | lr 3.71e-06
step    613 | train_loss 2.6801 | lr 3.69e-06
step    614 | train_loss 2.6499 | lr 3.68e-06
step    615 | train_loss 2.8350 | lr 3.66e-06
step    616 | train_loss 2.3054 | lr 3.65e-06
step    617 | train_loss 2.6688 | lr 3.64e-06
step    618 | train_loss 2.5841 | lr 3.62e-06
step    619 | train_loss 2.6011 | lr 3.61e-06
step    620 | train_loss 2.9477 | lr 3.59e-06
step    621 | train_loss 3.0244 | lr 3.58e-06
step    622 | train_loss 2.4773 | lr 3.56e-06
step    623 | train_loss 2.7508 | lr 3.55e-06
step    624 | train_loss 2.4261 | lr 3.54e-06
step    625 | train_loss 2.3327 | lr 3.52e-06
step    626 | train_loss 2.7529 | lr 3.51e-06
step    627 | train_loss 2.3745 | lr 3.49e-06
step    628 | train_loss 2.6878 | lr 3.48e-06
step    629 | train_loss 2.7713 | lr 3.46e-06
step    630 | train_loss 2.7535 | lr 3.45e-06
step    631 | train_loss 2.8661 | lr 3.44e-06
step    632 | train_loss 2.2463 | lr 3.42e-06
step    633 | train_loss 2.8167 | lr 3.41e-06
step    634 | train_loss 2.5571 | lr 3.39e-06
step    635 | train_loss 2.4263 | lr 3.38e-06
step    636 | train_loss 2.2399 | lr 3.37e-06
step    637 | train_loss 2.1813 | lr 3.35e-06
step    638 | train_loss 2.8231 | lr 3.34e-06
step    639 | train_loss 2.5042 | lr 3.32e-06
step    640 | train_loss 2.4102 | lr 3.31e-06
step    641 | train_loss 2.7683 | lr 3.30e-06
step    642 | train_loss 2.8810 | lr 3.28e-06
step    643 | train_loss 2.9285 | lr 3.27e-06
step    644 | train_loss 2.5391 | lr 3.25e-06
step    645 | train_loss 2.8034 | lr 3.24e-06
step    646 | train_loss 2.6657 | lr 3.23e-06
step    647 | train_loss 3.0222 | lr 3.21e-06
step    648 | train_loss 2.4056 | lr 3.20e-06
step    649 | train_loss 2.4678 | lr 3.19e-06
step    650 | train_loss 2.5126 | lr 3.17e-06
step    651 | train_loss 2.6155 | lr 3.16e-06
step    652 | train_loss 2.6797 | lr 3.15e-06
step    653 | train_loss 2.6750 | lr 3.13e-06
step    654 | train_loss 2.7847 | lr 3.12e-06
step    655 | train_loss 2.2994 | lr 3.10e-06
step    656 | train_loss 2.1445 | lr 3.09e-06
step    657 | train_loss 2.4647 | lr 3.08e-06
step    658 | train_loss 2.6714 | lr 3.06e-06
step    659 | train_loss 2.9065 | lr 3.05e-06
step    660 | train_loss 2.6800 | lr 3.04e-06
step    661 | train_loss 2.7345 | lr 3.02e-06
step    662 | train_loss 2.9323 | lr 3.01e-06
step    663 | train_loss 2.2999 | lr 3.00e-06
step    664 | train_loss 2.8602 | lr 2.99e-06
step    665 | train_loss 2.6400 | lr 2.97e-06
step    666 | train_loss 2.6204 | lr 2.96e-06
step    667 | train_loss 2.4986 | lr 2.95e-06
step    668 | train_loss 2.2996 | lr 2.93e-06
step    669 | train_loss 2.6990 | lr 2.92e-06
step    670 | train_loss 2.5869 | lr 2.91e-06
step    671 | train_loss 2.6150 | lr 2.89e-06
step    672 | train_loss 2.6064 | lr 2.88e-06
step    673 | train_loss 2.8023 | lr 2.87e-06
step    674 | train_loss 2.6904 | lr 2.85e-06
step    675 | train_loss 2.6496 | lr 2.84e-06
step    676 | train_loss 2.5853 | lr 2.83e-06
step    677 | train_loss 2.6773 | lr 2.82e-06
step    678 | train_loss 2.9240 | lr 2.80e-06
step    679 | train_loss 2.6234 | lr 2.79e-06
step    680 | train_loss 2.6223 | lr 2.78e-06
step    681 | train_loss 2.7821 | lr 2.77e-06
step    682 | train_loss 2.4759 | lr 2.75e-06
step    683 | train_loss 2.8943 | lr 2.74e-06
step    684 | train_loss 2.7511 | lr 2.73e-06
step    685 | train_loss 2.5503 | lr 2.72e-06
step    686 | train_loss 2.3655 | lr 2.70e-06
step    687 | train_loss 2.4593 | lr 2.69e-06
step    688 | train_loss 2.2168 | lr 2.68e-06
step    689 | train_loss 2.6951 | lr 2.67e-06
step    690 | train_loss 2.1036 | lr 2.65e-06
step    691 | train_loss 2.8642 | lr 2.64e-06
step    692 | train_loss 2.8165 | lr 2.63e-06
step    693 | train_loss 2.8703 | lr 2.62e-06
step    694 | train_loss 2.7014 | lr 2.60e-06
step    695 | train_loss 2.5674 | lr 2.59e-06
step    696 | train_loss 2.5332 | lr 2.58e-06
step    697 | train_loss 2.3674 | lr 2.57e-06
step    698 | train_loss 2.2371 | lr 2.56e-06
step    699 | train_loss 2.4031 | lr 2.54e-06
step    700 | train_loss 2.9816 | lr 2.53e-06
step    700 | val_loss 2.8061 | val_ppl 16.54
step    701 | train_loss 2.7383 | lr 2.52e-06
step    702 | train_loss 2.8788 | lr 2.51e-06
step    703 | train_loss 2.2996 | lr 2.50e-06
step    704 | train_loss 2.4213 | lr 2.48e-06
step    705 | train_loss 2.2970 | lr 2.47e-06
Saved checkpoint to checkpoints/sft_dolly_2epoch/step_705.pt
step    706 | train_loss 2.3093 | lr 2.46e-06
step    707 | train_loss 2.6345 | lr 2.45e-06
step    708 | train_loss 2.7169 | lr 2.44e-06
step    709 | train_loss 2.6016 | lr 2.43e-06
step    710 | train_loss 2.6039 | lr 2.41e-06
step    711 | train_loss 2.8629 | lr 2.40e-06
step    712 | train_loss 2.7967 | lr 2.39e-06
step    713 | train_loss 2.6587 | lr 2.38e-06
step    714 | train_loss 2.8638 | lr 2.37e-06
step    715 | train_loss 2.7814 | lr 2.36e-06
step    716 | train_loss 2.7128 | lr 2.35e-06
step    717 | train_loss 2.6081 | lr 2.33e-06
step    718 | train_loss 2.7421 | lr 2.32e-06
step    719 | train_loss 2.9749 | lr 2.31e-06
step    720 | train_loss 2.7541 | lr 2.30e-06
step    721 | train_loss 2.6400 | lr 2.29e-06
step    722 | train_loss 2.3733 | lr 2.28e-06
step    723 | train_loss 2.6550 | lr 2.27e-06
step    724 | train_loss 3.0187 | lr 2.26e-06
step    725 | train_loss 2.5308 | lr 2.25e-06
step    726 | train_loss 2.4075 | lr 2.23e-06
step    727 | train_loss 2.4449 | lr 2.22e-06
step    728 | train_loss 2.8230 | lr 2.21e-06
step    729 | train_loss 2.4787 | lr 2.20e-06
step    730 | train_loss 2.3476 | lr 2.19e-06
step    731 | train_loss 2.8210 | lr 2.18e-06
step    732 | train_loss 2.6114 | lr 2.17e-06
step    733 | train_loss 2.5122 | lr 2.16e-06
step    734 | train_loss 2.5919 | lr 2.15e-06
step    735 | train_loss 2.8810 | lr 2.14e-06
step    736 | train_loss 2.6053 | lr 2.13e-06
step    737 | train_loss 2.5395 | lr 2.12e-06
step    738 | train_loss 2.5178 | lr 2.11e-06
step    739 | train_loss 2.5114 | lr 2.10e-06
step    740 | train_loss 2.4536 | lr 2.09e-06
step    741 | train_loss 2.7927 | lr 2.08e-06
step    742 | train_loss 2.6735 | lr 2.07e-06
step    743 | train_loss 2.8551 | lr 2.06e-06
step    744 | train_loss 2.7221 | lr 2.04e-06
step    745 | train_loss 2.4368 | lr 2.03e-06
step    746 | train_loss 2.3555 | lr 2.02e-06
step    747 | train_loss 2.3647 | lr 2.01e-06
step    748 | train_loss 2.8248 | lr 2.00e-06
step    749 | train_loss 2.4605 | lr 1.99e-06
step    750 | train_loss 2.5706 | lr 1.98e-06
step    751 | train_loss 2.7876 | lr 1.97e-06
step    752 | train_loss 2.6176 | lr 1.96e-06
step    753 | train_loss 2.6187 | lr 1.96e-06
step    754 | train_loss 2.6976 | lr 1.95e-06
step    755 | train_loss 2.5430 | lr 1.94e-06
step    756 | train_loss 2.8788 | lr 1.93e-06
step    757 | train_loss 2.5999 | lr 1.92e-06
step    758 | train_loss 2.4550 | lr 1.91e-06
step    759 | train_loss 2.7662 | lr 1.90e-06
step    760 | train_loss 2.6963 | lr 1.89e-06
step    761 | train_loss 2.5856 | lr 1.88e-06
step    762 | train_loss 2.5155 | lr 1.87e-06
step    763 | train_loss 2.7824 | lr 1.86e-06
step    764 | train_loss 2.7856 | lr 1.85e-06
step    765 | train_loss 2.4205 | lr 1.84e-06
step    766 | train_loss 2.2621 | lr 1.83e-06
step    767 | train_loss 2.5259 | lr 1.82e-06
step    768 | train_loss 2.7277 | lr 1.81e-06
step    769 | train_loss 2.7946 | lr 1.80e-06
step    770 | train_loss 2.0274 | lr 1.80e-06
step    771 | train_loss 2.6614 | lr 1.79e-06
step    772 | train_loss 2.6974 | lr 1.78e-06
step    773 | train_loss 2.5545 | lr 1.77e-06
step    774 | train_loss 2.6405 | lr 1.76e-06
step    775 | train_loss 2.3362 | lr 1.75e-06
step    776 | train_loss 2.3007 | lr 1.74e-06
step    777 | train_loss 2.7923 | lr 1.73e-06
step    778 | train_loss 2.7344 | lr 1.72e-06
step    779 | train_loss 2.5619 | lr 1.72e-06
step    780 | train_loss 2.6752 | lr 1.71e-06
step    781 | train_loss 2.6408 | lr 1.70e-06
step    782 | train_loss 2.7195 | lr 1.69e-06
step    783 | train_loss 2.8001 | lr 1.68e-06
step    784 | train_loss 2.8755 | lr 1.67e-06
step    785 | train_loss 2.6026 | lr 1.67e-06
step    786 | train_loss 2.4488 | lr 1.66e-06
step    787 | train_loss 2.5379 | lr 1.65e-06
step    788 | train_loss 2.7369 | lr 1.64e-06
step    789 | train_loss 2.5993 | lr 1.63e-06
step    790 | train_loss 2.5489 | lr 1.62e-06
step    791 | train_loss 2.4510 | lr 1.62e-06
step    792 | train_loss 2.4767 | lr 1.61e-06
step    793 | train_loss 2.7928 | lr 1.60e-06
step    794 | train_loss 2.7846 | lr 1.59e-06
step    795 | train_loss 2.8762 | lr 1.58e-06
step    796 | train_loss 2.6092 | lr 1.58e-06
step    797 | train_loss 2.4847 | lr 1.57e-06
step    798 | train_loss 2.5923 | lr 1.56e-06
step    799 | train_loss 2.3571 | lr 1.55e-06
step    800 | train_loss 2.3837 | lr 1.55e-06
step    800 | val_loss 2.8046 | val_ppl 16.52
step    801 | train_loss 2.5838 | lr 1.54e-06
step    802 | train_loss 2.2696 | lr 1.53e-06
step    803 | train_loss 2.2720 | lr 1.52e-06
step    804 | train_loss 2.8865 | lr 1.52e-06
step    805 | train_loss 2.3781 | lr 1.51e-06
step    806 | train_loss 2.6579 | lr 1.50e-06
step    807 | train_loss 2.5873 | lr 1.49e-06
step    808 | train_loss 2.7486 | lr 1.49e-06
step    809 | train_loss 2.4683 | lr 1.48e-06
step    810 | train_loss 2.5451 | lr 1.47e-06
step    811 | train_loss 2.6538 | lr 1.47e-06
step    812 | train_loss 2.7322 | lr 1.46e-06
step    813 | train_loss 2.1065 | lr 1.45e-06
step    814 | train_loss 2.6072 | lr 1.44e-06
step    815 | train_loss 3.0107 | lr 1.44e-06
step    816 | train_loss 2.0507 | lr 1.43e-06
step    817 | train_loss 2.6847 | lr 1.42e-06
step    818 | train_loss 2.7589 | lr 1.42e-06
step    819 | train_loss 2.4804 | lr 1.41e-06
step    820 | train_loss 2.7507 | lr 1.40e-06
step    821 | train_loss 2.5057 | lr 1.40e-06
step    822 | train_loss 2.7362 | lr 1.39e-06
step    823 | train_loss 2.5345 | lr 1.38e-06
step    824 | train_loss 2.7701 | lr 1.38e-06
step    825 | train_loss 2.8014 | lr 1.37e-06
step    826 | train_loss 2.4763 | lr 1.37e-06
step    827 | train_loss 3.1529 | lr 1.36e-06
step    828 | train_loss 2.3543 | lr 1.35e-06
step    829 | train_loss 2.6926 | lr 1.35e-06
step    830 | train_loss 2.3584 | lr 1.34e-06
step    831 | train_loss 2.9647 | lr 1.33e-06
step    832 | train_loss 2.6352 | lr 1.33e-06
step    833 | train_loss 2.5972 | lr 1.32e-06
step    834 | train_loss 2.6817 | lr 1.32e-06
step    835 | train_loss 2.6546 | lr 1.31e-06
step    836 | train_loss 2.3992 | lr 1.31e-06
step    837 | train_loss 2.6428 | lr 1.30e-06
step    838 | train_loss 2.8383 | lr 1.29e-06
step    839 | train_loss 2.7509 | lr 1.29e-06
step    840 | train_loss 3.1098 | lr 1.28e-06
step    841 | train_loss 2.7456 | lr 1.28e-06
step    842 | train_loss 2.4406 | lr 1.27e-06
step    843 | train_loss 2.6471 | lr 1.27e-06
step    844 | train_loss 2.8334 | lr 1.26e-06
step    845 | train_loss 2.5170 | lr 1.26e-06
step    846 | train_loss 1.9733 | lr 1.25e-06
step    847 | train_loss 2.4914 | lr 1.25e-06
step    848 | train_loss 2.5409 | lr 1.24e-06
step    849 | train_loss 2.6144 | lr 1.24e-06
step    850 | train_loss 2.5493 | lr 1.23e-06
step    851 | train_loss 2.4817 | lr 1.23e-06
step    852 | train_loss 2.5181 | lr 1.22e-06
step    853 | train_loss 2.6930 | lr 1.22e-06
step    854 | train_loss 2.7521 | lr 1.21e-06
step    855 | train_loss 2.2475 | lr 1.21e-06
step    856 | train_loss 2.6805 | lr 1.20e-06
step    857 | train_loss 2.7617 | lr 1.20e-06
step    858 | train_loss 2.8185 | lr 1.19e-06
step    859 | train_loss 2.7320 | lr 1.19e-06
step    860 | train_loss 2.5010 | lr 1.18e-06
step    861 | train_loss 2.7478 | lr 1.18e-06
step    862 | train_loss 2.6737 | lr 1.17e-06
step    863 | train_loss 2.4646 | lr 1.17e-06
step    864 | train_loss 2.4946 | lr 1.17e-06
step    865 | train_loss 2.8370 | lr 1.16e-06
step    866 | train_loss 2.4663 | lr 1.16e-06
step    867 | train_loss 2.6045 | lr 1.15e-06
step    868 | train_loss 2.2392 | lr 1.15e-06
step    869 | train_loss 2.7443 | lr 1.14e-06
step    870 | train_loss 2.6873 | lr 1.14e-06
step    871 | train_loss 2.8132 | lr 1.14e-06
step    872 | train_loss 2.5152 | lr 1.13e-06
step    873 | train_loss 2.6265 | lr 1.13e-06
step    874 | train_loss 2.7034 | lr 1.13e-06
step    875 | train_loss 1.9997 | lr 1.12e-06
step    876 | train_loss 2.5126 | lr 1.12e-06
step    877 | train_loss 2.6731 | lr 1.11e-06
step    878 | train_loss 2.6373 | lr 1.11e-06
step    879 | train_loss 2.7341 | lr 1.11e-06
step    880 | train_loss 2.8102 | lr 1.10e-06
step    881 | train_loss 2.7682 | lr 1.10e-06
step    882 | train_loss 2.6469 | lr 1.10e-06
step    883 | train_loss 2.9341 | lr 1.09e-06
step    884 | train_loss 2.4283 | lr 1.09e-06
step    885 | train_loss 2.6155 | lr 1.09e-06
step    886 | train_loss 2.3178 | lr 1.08e-06
step    887 | train_loss 2.6587 | lr 1.08e-06
step    888 | train_loss 2.7197 | lr 1.08e-06
step    889 | train_loss 2.5042 | lr 1.08e-06
step    890 | train_loss 2.4266 | lr 1.07e-06
step    891 | train_loss 2.4642 | lr 1.07e-06
step    892 | train_loss 2.6037 | lr 1.07e-06
step    893 | train_loss 2.3950 | lr 1.06e-06
step    894 | train_loss 2.6760 | lr 1.06e-06
step    895 | train_loss 2.5744 | lr 1.06e-06
step    896 | train_loss 2.6461 | lr 1.06e-06
step    897 | train_loss 2.5813 | lr 1.05e-06
step    898 | train_loss 2.6708 | lr 1.05e-06
step    899 | train_loss 2.1356 | lr 1.05e-06
step    900 | train_loss 2.2164 | lr 1.05e-06
step    900 | val_loss 2.8038 | val_ppl 16.51
step    901 | train_loss 2.6509 | lr 1.04e-06
step    902 | train_loss 2.4810 | lr 1.04e-06
step    903 | train_loss 2.4729 | lr 1.04e-06
step    904 | train_loss 2.2957 | lr 1.04e-06
step    905 | train_loss 2.7104 | lr 1.04e-06
step    906 | train_loss 2.7813 | lr 1.03e-06
step    907 | train_loss 2.0960 | lr 1.03e-06
step    908 | train_loss 2.5514 | lr 1.03e-06
step    909 | train_loss 2.4634 | lr 1.03e-06
step    910 | train_loss 2.7626 | lr 1.03e-06
step    911 | train_loss 2.5870 | lr 1.03e-06
step    912 | train_loss 2.4599 | lr 1.02e-06
step    913 | train_loss 2.5934 | lr 1.02e-06
step    914 | train_loss 2.5237 | lr 1.02e-06
step    915 | train_loss 2.2944 | lr 1.02e-06
step    916 | train_loss 2.5361 | lr 1.02e-06
step    917 | train_loss 2.3807 | lr 1.02e-06
step    918 | train_loss 2.4842 | lr 1.01e-06
step    919 | train_loss 2.3908 | lr 1.01e-06
step    920 | train_loss 2.7870 | lr 1.01e-06
step    921 | train_loss 2.1452 | lr 1.01e-06
step    922 | train_loss 2.5359 | lr 1.01e-06
step    923 | train_loss 2.8137 | lr 1.01e-06
step    924 | train_loss 2.4582 | lr 1.01e-06
step    925 | train_loss 2.5948 | lr 1.01e-06
step    926 | train_loss 2.8286 | lr 1.01e-06
step    927 | train_loss 2.7517 | lr 1.01e-06
step    928 | train_loss 2.7727 | lr 1.00e-06
step    929 | train_loss 2.5756 | lr 1.00e-06
step    930 | train_loss 2.3835 | lr 1.00e-06
step    931 | train_loss 2.5909 | lr 1.00e-06
step    932 | train_loss 2.8193 | lr 1.00e-06
step    933 | train_loss 2.5777 | lr 1.00e-06
step    934 | train_loss 2.7204 | lr 1.00e-06
step    935 | train_loss 2.6013 | lr 1.00e-06
step    936 | train_loss 2.2641 | lr 1.00e-06
step    937 | train_loss 2.6695 | lr 1.00e-06
step    938 | train_loss 2.8005 | lr 1.00e-06
step    939 | train_loss 2.3455 | lr 1.00e-06
step    940 | train_loss 2.6903 | lr 1.00e-06
step    940 | val_loss 2.8041 | val_ppl 16.51
Saved checkpoint to checkpoints/sft_dolly_2epoch/step_940.pt
