Data: 13,756 train / 278 val examples (977 dropped as longer than 512 tokens)
Model: medium (123,587,328 parameters), initialized from checkpoints/sft_alpaca_packed_30/step_350.pt (step 350)
step      1 | train_loss 2.9716 | lr 2.00e-07
step      2 | train_loss 2.5217 | lr 4.00e-07
step      3 | train_loss 2.8774 | lr 6.00e-07
step      4 | train_loss 2.5416 | lr 8.00e-07
step      5 | train_loss 2.4642 | lr 1.00e-06
step      6 | train_loss 2.9358 | lr 1.20e-06
step      7 | train_loss 2.8571 | lr 1.40e-06
step      8 | train_loss 2.7041 | lr 1.60e-06
step      9 | train_loss 2.6705 | lr 1.80e-06
step     10 | train_loss 2.9519 | lr 2.00e-06
step     11 | train_loss 2.9523 | lr 2.20e-06
step     12 | train_loss 2.5920 | lr 2.40e-06
step     13 | train_loss 2.8233 | lr 2.60e-06
step     14 | train_loss 3.0093 | lr 2.80e-06
step     15 | train_loss 3.0576 | lr 3.00e-06
step     16 | train_loss 2.5842 | lr 3.20e-06
step     17 | train_loss 2.8234 | lr 3.40e-06
step     18 | train_loss 3.1388 | lr 3.60e-06
step     19 | train_loss 2.5692 | lr 3.80e-06
step     20 | train_loss 2.9971 | lr 4.00e-06
step     21 | train_loss 2.8305 | lr 4.20e-06
step     22 | train_loss 2.6960 | lr 4.40e-06
step     23 | train_loss 2.6904 | lr 4.60e-06
step     24 | train_loss 3.0178 | lr 4.80e-06
step     25 | train_loss 2.6859 | lr 5.00e-06
step     26 | train_loss 3.0344 | lr 5.20e-06
step     27 | train_loss 2.6244 | lr 5.40e-06
step     28 | train_loss 2.6897 | lr 5.60e-06
step     29 | train_loss 2.8890 | lr 5.80e-06
step     30 | train_loss 2.6141 | lr 6.00e-06
step     31 | train_loss 2.5816 | lr 6.20e-06
step     32 | train_loss 3.1067 | lr 6.40e-06
step     33 | train_loss 2.7063 | lr 6.60e-06
step     34 | train_loss 3.0041 | lr 6.80e-06
step     35 | train_loss 2.9778 | lr 7.00e-06
step     36 | train_loss 3.0415 | lr 7.20e-06
step     37 | train_loss 2.5663 | lr 7.40e-06
step     38 | train_loss 2.7956 | lr 7.60e-06
step     39 | train_loss 2.6470 | lr 7.80e-06
step     40 | train_loss 2.7825 | lr 8.00e-06
step     41 | train_loss 2.7156 | lr 8.20e-06
step     42 | train_loss 2.5889 | lr 8.40e-06
step     43 | train_loss 2.4668 | lr 8.60e-06
step     44 | train_loss 2.4563 | lr 8.80e-06
step     45 | train_loss 2.8167 | lr 9.00e-06
step     46 | train_loss 2.4861 | lr 9.20e-06
step     47 | train_loss 2.8049 | lr 9.40e-06
step     48 | train_loss 2.4347 | lr 9.60e-06
step     49 | train_loss 2.7413 | lr 9.80e-06
step     50 | train_loss 3.0826 | lr 1.00e-05
step     51 | train_loss 2.6277 | lr 1.00e-05
step     52 | train_loss 2.6405 | lr 1.00e-05
step     53 | train_loss 2.5942 | lr 1.00e-05
step     54 | train_loss 2.8112 | lr 1.00e-05
step     55 | train_loss 2.6242 | lr 1.00e-05
step     56 | train_loss 2.8133 | lr 1.00e-05
step     57 | train_loss 2.9307 | lr 1.00e-05
step     58 | train_loss 2.8748 | lr 1.00e-05
step     59 | train_loss 2.5315 | lr 1.00e-05
step     60 | train_loss 2.7457 | lr 1.00e-05
step     61 | train_loss 2.7035 | lr 1.00e-05
step     62 | train_loss 2.7218 | lr 1.00e-05
step     63 | train_loss 2.8029 | lr 1.00e-05
step     64 | train_loss 2.6317 | lr 1.00e-05
step     65 | train_loss 2.4719 | lr 9.99e-06
step     66 | train_loss 2.7312 | lr 9.99e-06
step     67 | train_loss 2.9398 | lr 9.99e-06
step     68 | train_loss 2.7289 | lr 9.99e-06
step     69 | train_loss 2.4496 | lr 9.99e-06
step     70 | train_loss 2.6540 | lr 9.99e-06
step     71 | train_loss 2.3793 | lr 9.99e-06
step     72 | train_loss 2.7745 | lr 9.99e-06
step     73 | train_loss 2.5693 | lr 9.99e-06
step     74 | train_loss 2.7558 | lr 9.99e-06
step     75 | train_loss 2.9549 | lr 9.98e-06
step     76 | train_loss 2.8069 | lr 9.98e-06
step     77 | train_loss 2.7181 | lr 9.98e-06
step     78 | train_loss 2.7704 | lr 9.98e-06
step     79 | train_loss 2.9776 | lr 9.98e-06
step     80 | train_loss 2.8198 | lr 9.98e-06
step     81 | train_loss 2.7876 | lr 9.97e-06
step     82 | train_loss 2.8400 | lr 9.97e-06
step     83 | train_loss 2.5080 | lr 9.97e-06
step     84 | train_loss 2.5903 | lr 9.97e-06
step     85 | train_loss 2.6726 | lr 9.97e-06
step     86 | train_loss 2.7066 | lr 9.97e-06
step     87 | train_loss 2.6189 | lr 9.96e-06
step     88 | train_loss 2.6564 | lr 9.96e-06
step     89 | train_loss 2.6577 | lr 9.96e-06
step     90 | train_loss 2.8431 | lr 9.96e-06
step     91 | train_loss 2.7491 | lr 9.96e-06
step     92 | train_loss 2.7192 | lr 9.95e-06
step     93 | train_loss 2.6350 | lr 9.95e-06
step     94 | train_loss 2.7015 | lr 9.95e-06
step     95 | train_loss 2.6661 | lr 9.95e-06
step     96 | train_loss 2.7051 | lr 9.94e-06
step     97 | train_loss 2.8841 | lr 9.94e-06
step     98 | train_loss 2.8612 | lr 9.94e-06
step     99 | train_loss 2.4350 | lr 9.94e-06
step    100 | train_loss 2.7928 | lr 9.93e-06
step    100 | val_loss 2.7991 | val_ppl 16.43
step    101 | train_loss 2.4759 | lr 9.93e-06
step    102 | train_loss 2.7364 | lr 9.93e-06
step    103 | train_loss 2.6195 | lr 9.92e-06
step    104 | train_loss 3.0240 | lr 9.92e-06
step    105 | train_loss 2.4810 | lr 9.92e-06
step    106 | train_loss 2.8327 | lr 9.92e-06
step    107 | train_loss 2.7681 | lr 9.91e-06
step    108 | train_loss 2.6340 | lr 9.91e-06
step    109 | train_loss 2.3245 | lr 9.91e-06
step    110 | train_loss 2.4557 | lr 9.90e-06
step    111 | train_loss 2.9996 | lr 9.90e-06
step    112 | train_loss 2.7115 | lr 9.90e-06
step    113 | train_loss 2.8601 | lr 9.89e-06
step    114 | train_loss 2.8185 | lr 9.89e-06
step    115 | train_loss 2.5282 | lr 9.89e-06
step    116 | train_loss 2.4219 | lr 9.88e-06
step    117 | train_loss 2.9339 | lr 9.88e-06
step    118 | train_loss 2.6047 | lr 9.87e-06
step    119 | train_loss 2.7151 | lr 9.87e-06
step    120 | train_loss 3.1943 | lr 9.87e-06
step    121 | train_loss 2.6130 | lr 9.86e-06
step    122 | train_loss 2.6414 | lr 9.86e-06
step    123 | train_loss 2.3898 | lr 9.86e-06
step    124 | train_loss 2.6311 | lr 9.85e-06
step    125 | train_loss 2.6576 | lr 9.85e-06
step    126 | train_loss 2.9197 | lr 9.84e-06
step    127 | train_loss 2.5253 | lr 9.84e-06
step    128 | train_loss 2.9235 | lr 9.83e-06
step    129 | train_loss 2.5403 | lr 9.83e-06
step    130 | train_loss 2.9058 | lr 9.83e-06
step    131 | train_loss 2.5769 | lr 9.82e-06
step    132 | train_loss 2.5470 | lr 9.82e-06
step    133 | train_loss 2.7793 | lr 9.81e-06
step    134 | train_loss 1.9362 | lr 9.81e-06
step    135 | train_loss 2.7784 | lr 9.80e-06
step    136 | train_loss 2.7201 | lr 9.80e-06
step    137 | train_loss 2.7342 | lr 9.79e-06
step    138 | train_loss 2.2438 | lr 9.79e-06
step    139 | train_loss 2.5266 | lr 9.78e-06
step    140 | train_loss 2.6837 | lr 9.78e-06
step    141 | train_loss 2.5995 | lr 9.77e-06
step    142 | train_loss 2.6589 | lr 9.77e-06
step    143 | train_loss 2.5834 | lr 9.76e-06
step    144 | train_loss 2.4272 | lr 9.76e-06
step    145 | train_loss 2.6233 | lr 9.75e-06
step    146 | train_loss 2.8210 | lr 9.75e-06
step    147 | train_loss 2.5722 | lr 9.74e-06
step    148 | train_loss 2.9786 | lr 9.74e-06
step    149 | train_loss 2.7069 | lr 9.73e-06
step    150 | train_loss 2.5535 | lr 9.73e-06
step    151 | train_loss 2.6960 | lr 9.72e-06
step    152 | train_loss 2.1600 | lr 9.72e-06
step    153 | train_loss 2.4394 | lr 9.71e-06
step    154 | train_loss 2.6707 | lr 9.71e-06
step    155 | train_loss 2.5151 | lr 9.70e-06
step    156 | train_loss 2.7319 | lr 9.69e-06
step    157 | train_loss 2.9749 | lr 9.69e-06
step    158 | train_loss 2.4273 | lr 9.68e-06
step    159 | train_loss 2.2541 | lr 9.68e-06
step    160 | train_loss 2.8506 | lr 9.67e-06
step    161 | train_loss 2.7856 | lr 9.67e-06
step    162 | train_loss 2.6652 | lr 9.66e-06
step    163 | train_loss 2.8368 | lr 9.65e-06
step    164 | train_loss 2.9963 | lr 9.65e-06
step    165 | train_loss 2.2377 | lr 9.64e-06
step    166 | train_loss 2.7364 | lr 9.63e-06
step    167 | train_loss 2.2172 | lr 9.63e-06
step    168 | train_loss 2.2127 | lr 9.62e-06
step    169 | train_loss 2.7526 | lr 9.62e-06
step    170 | train_loss 2.8093 | lr 9.61e-06
step    171 | train_loss 2.7954 | lr 9.60e-06
step    172 | train_loss 2.7492 | lr 9.60e-06
step    173 | train_loss 2.8682 | lr 9.59e-06
step    174 | train_loss 2.8695 | lr 9.58e-06
step    175 | train_loss 2.4818 | lr 9.58e-06
step    176 | train_loss 2.4042 | lr 9.57e-06
step    177 | train_loss 3.0358 | lr 9.56e-06
step    178 | train_loss 2.9149 | lr 9.56e-06
step    179 | train_loss 2.7753 | lr 9.55e-06
step    180 | train_loss 2.6984 | lr 9.54e-06
step    181 | train_loss 2.7696 | lr 9.53e-06
step    182 | train_loss 2.5481 | lr 9.53e-06
step    183 | train_loss 2.6872 | lr 9.52e-06
step    184 | train_loss 2.8361 | lr 9.51e-06
step    185 | train_loss 2.2761 | lr 9.51e-06
step    186 | train_loss 2.7451 | lr 9.50e-06
step    187 | train_loss 2.8023 | lr 9.49e-06
step    188 | train_loss 2.7983 | lr 9.48e-06
step    189 | train_loss 1.9816 | lr 9.48e-06
step    190 | train_loss 2.3748 | lr 9.47e-06
step    191 | train_loss 2.7689 | lr 9.46e-06
step    192 | train_loss 2.8073 | lr 9.45e-06
step    193 | train_loss 2.7837 | lr 9.45e-06
step    194 | train_loss 2.7045 | lr 9.44e-06
step    195 | train_loss 2.9365 | lr 9.43e-06
step    196 | train_loss 2.9039 | lr 9.42e-06
step    197 | train_loss 2.6887 | lr 9.42e-06
step    198 | train_loss 2.9221 | lr 9.41e-06
step    199 | train_loss 2.6516 | lr 9.40e-06
step    200 | train_loss 2.7031 | lr 9.39e-06
step    200 | val_loss 2.7798 | val_ppl 16.12
step    201 | train_loss 2.7029 | lr 9.38e-06
step    202 | train_loss 2.2182 | lr 9.38e-06
step    203 | train_loss 2.9417 | lr 9.37e-06
step    204 | train_loss 2.5998 | lr 9.36e-06
step    205 | train_loss 2.7542 | lr 9.35e-06
step    206 | train_loss 2.5891 | lr 9.34e-06
step    207 | train_loss 2.6906 | lr 9.33e-06
step    208 | train_loss 2.8705 | lr 9.33e-06
step    209 | train_loss 2.8542 | lr 9.32e-06
step    210 | train_loss 2.5181 | lr 9.31e-06
step    211 | train_loss 3.3030 | lr 9.30e-06
step    212 | train_loss 2.8274 | lr 9.29e-06
step    213 | train_loss 2.4595 | lr 9.28e-06
step    214 | train_loss 2.8479 | lr 9.28e-06
step    215 | train_loss 3.0076 | lr 9.27e-06
step    216 | train_loss 2.0270 | lr 9.26e-06
step    217 | train_loss 2.6238 | lr 9.25e-06
step    218 | train_loss 3.0672 | lr 9.24e-06
step    219 | train_loss 2.3277 | lr 9.23e-06
step    220 | train_loss 2.6252 | lr 9.22e-06
step    221 | train_loss 2.9487 | lr 9.21e-06
step    222 | train_loss 2.8020 | lr 9.20e-06
step    223 | train_loss 2.8012 | lr 9.20e-06
step    224 | train_loss 2.6434 | lr 9.19e-06
step    225 | train_loss 2.7680 | lr 9.18e-06
step    226 | train_loss 2.7246 | lr 9.17e-06
step    227 | train_loss 2.4060 | lr 9.16e-06
step    228 | train_loss 2.9429 | lr 9.15e-06
step    229 | train_loss 2.4228 | lr 9.14e-06
step    230 | train_loss 2.8049 | lr 9.13e-06
step    231 | train_loss 2.8171 | lr 9.12e-06
step    232 | train_loss 2.5860 | lr 9.11e-06
step    233 | train_loss 2.7600 | lr 9.10e-06
step    234 | train_loss 2.6468 | lr 9.09e-06
step    235 | train_loss 2.7215 | lr 9.08e-06
Saved checkpoint to checkpoints/sft_dolly_from_packed_30/step_235.pt
step    236 | train_loss 2.7213 | lr 9.07e-06
step    237 | train_loss 2.7516 | lr 9.06e-06
step    238 | train_loss 2.6758 | lr 9.05e-06
step    239 | train_loss 2.7351 | lr 9.04e-06
step    240 | train_loss 2.7847 | lr 9.04e-06
step    241 | train_loss 2.4066 | lr 9.03e-06
step    242 | train_loss 2.8342 | lr 9.02e-06
step    243 | train_loss 2.6362 | lr 9.01e-06
step    244 | train_loss 2.5695 | lr 9.00e-06
step    245 | train_loss 2.8059 | lr 8.99e-06
step    246 | train_loss 2.8215 | lr 8.98e-06
step    247 | train_loss 2.5676 | lr 8.97e-06
step    248 | train_loss 2.7512 | lr 8.96e-06
step    249 | train_loss 2.6136 | lr 8.94e-06
step    250 | train_loss 2.8229 | lr 8.93e-06
step    251 | train_loss 2.8884 | lr 8.92e-06
step    252 | train_loss 2.7104 | lr 8.91e-06
step    253 | train_loss 2.6391 | lr 8.90e-06
step    254 | train_loss 2.0613 | lr 8.89e-06
step    255 | train_loss 2.6233 | lr 8.88e-06
step    256 | train_loss 2.7930 | lr 8.87e-06
step    257 | train_loss 2.7792 | lr 8.86e-06
step    258 | train_loss 2.6513 | lr 8.85e-06
step    259 | train_loss 2.8967 | lr 8.84e-06
step    260 | train_loss 2.7548 | lr 8.83e-06
step    261 | train_loss 2.5822 | lr 8.82e-06
step    262 | train_loss 2.7283 | lr 8.81e-06
step    263 | train_loss 2.5385 | lr 8.80e-06
step    264 | train_loss 2.9304 | lr 8.79e-06
step    265 | train_loss 2.8657 | lr 8.78e-06
step    266 | train_loss 2.5793 | lr 8.77e-06
step    267 | train_loss 2.5244 | lr 8.75e-06
step    268 | train_loss 2.6960 | lr 8.74e-06
step    269 | train_loss 2.6064 | lr 8.73e-06
step    270 | train_loss 3.0144 | lr 8.72e-06
step    271 | train_loss 2.8560 | lr 8.71e-06
step    272 | train_loss 2.4044 | lr 8.70e-06
step    273 | train_loss 2.9231 | lr 8.69e-06
step    274 | train_loss 2.9724 | lr 8.68e-06
step    275 | train_loss 2.6114 | lr 8.67e-06
step    276 | train_loss 2.6489 | lr 8.65e-06
step    277 | train_loss 2.7264 | lr 8.64e-06
step    278 | train_loss 2.4648 | lr 8.63e-06
step    279 | train_loss 2.7469 | lr 8.62e-06
step    280 | train_loss 2.3517 | lr 8.61e-06
step    281 | train_loss 2.5648 | lr 8.60e-06
step    282 | train_loss 2.9932 | lr 8.59e-06
step    283 | train_loss 2.6682 | lr 8.57e-06
step    284 | train_loss 2.7564 | lr 8.56e-06
step    285 | train_loss 2.6892 | lr 8.55e-06
step    286 | train_loss 2.5499 | lr 8.54e-06
step    287 | train_loss 2.3643 | lr 8.53e-06
step    288 | train_loss 2.7550 | lr 8.52e-06
step    289 | train_loss 2.9369 | lr 8.50e-06
step    290 | train_loss 2.4927 | lr 8.49e-06
step    291 | train_loss 2.7901 | lr 8.48e-06
step    292 | train_loss 3.0850 | lr 8.47e-06
step    293 | train_loss 2.8309 | lr 8.46e-06
step    294 | train_loss 2.5941 | lr 8.44e-06
step    295 | train_loss 2.7959 | lr 8.43e-06
step    296 | train_loss 2.4904 | lr 8.42e-06
step    297 | train_loss 2.3410 | lr 8.41e-06
step    298 | train_loss 2.7344 | lr 8.40e-06
step    299 | train_loss 2.8289 | lr 8.38e-06
step    300 | train_loss 2.8706 | lr 8.37e-06
step    300 | val_loss 2.7682 | val_ppl 15.93
step    301 | train_loss 2.6506 | lr 8.36e-06
step    302 | train_loss 2.5722 | lr 8.35e-06
step    303 | train_loss 2.2516 | lr 8.33e-06
step    304 | train_loss 2.6084 | lr 8.32e-06
step    305 | train_loss 2.4975 | lr 8.31e-06
step    306 | train_loss 2.6721 | lr 8.30e-06
step    307 | train_loss 2.5978 | lr 8.28e-06
step    308 | train_loss 2.4198 | lr 8.27e-06
step    309 | train_loss 2.3805 | lr 8.26e-06
step    310 | train_loss 2.7181 | lr 8.25e-06
step    311 | train_loss 2.5149 | lr 8.23e-06
step    312 | train_loss 2.8667 | lr 8.22e-06
step    313 | train_loss 2.6183 | lr 8.21e-06
step    314 | train_loss 2.9692 | lr 8.20e-06
step    315 | train_loss 2.5341 | lr 8.18e-06
step    316 | train_loss 2.7393 | lr 8.17e-06
step    317 | train_loss 2.8813 | lr 8.16e-06
step    318 | train_loss 2.4758 | lr 8.15e-06
step    319 | train_loss 3.2625 | lr 8.13e-06
step    320 | train_loss 2.9379 | lr 8.12e-06
step    321 | train_loss 2.6630 | lr 8.11e-06
step    322 | train_loss 2.7177 | lr 8.09e-06
step    323 | train_loss 2.9619 | lr 8.08e-06
step    324 | train_loss 2.6398 | lr 8.07e-06
step    325 | train_loss 2.6031 | lr 8.05e-06
step    326 | train_loss 2.9456 | lr 8.04e-06
step    327 | train_loss 2.8420 | lr 8.03e-06
step    328 | train_loss 2.9571 | lr 8.01e-06
step    329 | train_loss 2.8947 | lr 8.00e-06
step    330 | train_loss 2.7384 | lr 7.99e-06
step    331 | train_loss 2.6456 | lr 7.98e-06
step    332 | train_loss 2.6143 | lr 7.96e-06
step    333 | train_loss 2.7542 | lr 7.95e-06
step    334 | train_loss 2.6256 | lr 7.94e-06
step    335 | train_loss 2.6635 | lr 7.92e-06
step    336 | train_loss 2.8510 | lr 7.91e-06
step    337 | train_loss 2.8412 | lr 7.90e-06
step    338 | train_loss 2.9203 | lr 7.88e-06
step    339 | train_loss 2.6513 | lr 7.87e-06
step    340 | train_loss 2.7894 | lr 7.85e-06
step    341 | train_loss 2.3868 | lr 7.84e-06
step    342 | train_loss 2.6774 | lr 7.83e-06
step    343 | train_loss 2.4840 | lr 7.81e-06
step    344 | train_loss 2.8626 | lr 7.80e-06
step    345 | train_loss 2.4684 | lr 7.79e-06
step    346 | train_loss 2.6584 | lr 7.77e-06
step    347 | train_loss 2.9461 | lr 7.76e-06
step    348 | train_loss 2.4383 | lr 7.75e-06
step    349 | train_loss 2.5565 | lr 7.73e-06
step    350 | train_loss 2.7864 | lr 7.72e-06
step    351 | train_loss 2.3842 | lr 7.70e-06
step    352 | train_loss 2.8090 | lr 7.69e-06
step    353 | train_loss 2.3873 | lr 7.68e-06
step    354 | train_loss 2.6923 | lr 7.66e-06
step    355 | train_loss 2.5895 | lr 7.65e-06
step    356 | train_loss 2.8221 | lr 7.63e-06
step    357 | train_loss 2.4603 | lr 7.62e-06
step    358 | train_loss 2.5674 | lr 7.61e-06
step    359 | train_loss 2.3533 | lr 7.59e-06
step    360 | train_loss 2.3968 | lr 7.58e-06
step    361 | train_loss 2.8011 | lr 7.56e-06
step    362 | train_loss 2.3506 | lr 7.55e-06
step    363 | train_loss 2.8829 | lr 7.54e-06
step    364 | train_loss 2.6494 | lr 7.52e-06
step    365 | train_loss 2.6238 | lr 7.51e-06
step    366 | train_loss 2.5759 | lr 7.49e-06
step    367 | train_loss 2.7363 | lr 7.48e-06
step    368 | train_loss 2.6354 | lr 7.46e-06
step    369 | train_loss 2.5660 | lr 7.45e-06
step    370 | train_loss 2.6396 | lr 7.44e-06
step    371 | train_loss 2.7179 | lr 7.42e-06
step    372 | train_loss 2.9954 | lr 7.41e-06
step    373 | train_loss 2.7974 | lr 7.39e-06
step    374 | train_loss 2.8037 | lr 7.38e-06
step    375 | train_loss 2.5179 | lr 7.36e-06
step    376 | train_loss 2.5988 | lr 7.35e-06
step    377 | train_loss 1.9226 | lr 7.34e-06
step    378 | train_loss 2.4553 | lr 7.32e-06
step    379 | train_loss 2.5658 | lr 7.31e-06
step    380 | train_loss 2.8673 | lr 7.29e-06
step    381 | train_loss 2.6316 | lr 7.28e-06
step    382 | train_loss 2.6848 | lr 7.26e-06
step    383 | train_loss 2.6617 | lr 7.25e-06
step    384 | train_loss 2.6073 | lr 7.23e-06
step    385 | train_loss 2.6329 | lr 7.22e-06
step    386 | train_loss 2.6453 | lr 7.20e-06
step    387 | train_loss 2.0285 | lr 7.19e-06
step    388 | train_loss 2.4256 | lr 7.17e-06
step    389 | train_loss 2.8538 | lr 7.16e-06
step    390 | train_loss 2.8684 | lr 7.14e-06
step    391 | train_loss 2.7041 | lr 7.13e-06
step    392 | train_loss 2.6494 | lr 7.12e-06
step    393 | train_loss 2.6567 | lr 7.10e-06
step    394 | train_loss 2.6205 | lr 7.09e-06
step    395 | train_loss 2.7696 | lr 7.07e-06
step    396 | train_loss 2.6417 | lr 7.06e-06
step    397 | train_loss 2.3380 | lr 7.04e-06
step    398 | train_loss 2.5946 | lr 7.03e-06
step    399 | train_loss 2.7921 | lr 7.01e-06
step    400 | train_loss 2.5895 | lr 7.00e-06
step    400 | val_loss 2.7605 | val_ppl 15.81
step    401 | train_loss 2.7670 | lr 6.98e-06
step    402 | train_loss 2.6174 | lr 6.97e-06
step    403 | train_loss 2.5643 | lr 6.95e-06
step    404 | train_loss 2.5610 | lr 6.94e-06
step    405 | train_loss 2.4532 | lr 6.92e-06
step    406 | train_loss 2.7068 | lr 6.91e-06
step    407 | train_loss 2.7934 | lr 6.89e-06
step    408 | train_loss 2.7245 | lr 6.88e-06
step    409 | train_loss 2.0131 | lr 6.86e-06
step    410 | train_loss 2.7100 | lr 6.85e-06
step    411 | train_loss 2.4307 | lr 6.83e-06
step    412 | train_loss 2.5154 | lr 6.81e-06
step    413 | train_loss 2.8185 | lr 6.80e-06
step    414 | train_loss 3.0561 | lr 6.78e-06
step    415 | train_loss 2.5391 | lr 6.77e-06
step    416 | train_loss 2.8736 | lr 6.75e-06
step    417 | train_loss 2.4738 | lr 6.74e-06
step    418 | train_loss 2.8284 | lr 6.72e-06
step    419 | train_loss 2.3503 | lr 6.71e-06
step    420 | train_loss 2.7960 | lr 6.69e-06
step    421 | train_loss 2.4716 | lr 6.68e-06
step    422 | train_loss 2.7201 | lr 6.66e-06
step    423 | train_loss 2.4788 | lr 6.65e-06
step    424 | train_loss 2.8568 | lr 6.63e-06
step    425 | train_loss 2.6146 | lr 6.62e-06
step    426 | train_loss 2.7307 | lr 6.60e-06
step    427 | train_loss 2.3970 | lr 6.59e-06
step    428 | train_loss 2.9445 | lr 6.57e-06
step    429 | train_loss 2.4554 | lr 6.55e-06
step    430 | train_loss 2.4862 | lr 6.54e-06
step    431 | train_loss 2.4996 | lr 6.52e-06
step    432 | train_loss 2.7099 | lr 6.51e-06
step    433 | train_loss 2.0055 | lr 6.49e-06
step    434 | train_loss 2.2510 | lr 6.48e-06
step    435 | train_loss 2.3866 | lr 6.46e-06
step    436 | train_loss 2.5889 | lr 6.45e-06
step    437 | train_loss 2.4794 | lr 6.43e-06
step    438 | train_loss 2.8852 | lr 6.41e-06
step    439 | train_loss 2.1684 | lr 6.40e-06
step    440 | train_loss 2.4759 | lr 6.38e-06
step    441 | train_loss 2.8548 | lr 6.37e-06
step    442 | train_loss 2.3799 | lr 6.35e-06
step    443 | train_loss 2.4628 | lr 6.34e-06
step    444 | train_loss 2.6287 | lr 6.32e-06
step    445 | train_loss 1.6640 | lr 6.31e-06
step    446 | train_loss 2.4683 | lr 6.29e-06
step    447 | train_loss 2.8428 | lr 6.27e-06
step    448 | train_loss 1.9751 | lr 6.26e-06
step    449 | train_loss 2.8488 | lr 6.24e-06
step    450 | train_loss 2.6178 | lr 6.23e-06
step    451 | train_loss 2.8375 | lr 6.21e-06
step    452 | train_loss 2.6118 | lr 6.20e-06
step    453 | train_loss 2.0405 | lr 6.18e-06
step    454 | train_loss 2.3424 | lr 6.16e-06
step    455 | train_loss 2.6172 | lr 6.15e-06
step    456 | train_loss 2.6260 | lr 6.13e-06
step    457 | train_loss 2.4105 | lr 6.12e-06
step    458 | train_loss 2.8227 | lr 6.10e-06
step    459 | train_loss 2.3077 | lr 6.09e-06
step    460 | train_loss 2.8461 | lr 6.07e-06
step    461 | train_loss 2.7357 | lr 6.05e-06
step    462 | train_loss 2.6139 | lr 6.04e-06
step    463 | train_loss 2.5431 | lr 6.02e-06
step    464 | train_loss 2.4097 | lr 6.01e-06
step    465 | train_loss 2.5009 | lr 5.99e-06
step    466 | train_loss 2.5000 | lr 5.98e-06
step    467 | train_loss 2.5003 | lr 5.96e-06
step    468 | train_loss 2.5592 | lr 5.94e-06
step    469 | train_loss 2.4757 | lr 5.93e-06
step    470 | train_loss 2.4663 | lr 5.91e-06
Saved checkpoint to checkpoints/sft_dolly_from_packed_30/step_470.pt
step    471 | train_loss 2.7484 | lr 5.90e-06
step    472 | train_loss 2.4032 | lr 5.88e-06
step    473 | train_loss 2.6371 | lr 5.86e-06
step    474 | train_loss 2.2082 | lr 5.85e-06
step    475 | train_loss 2.6809 | lr 5.83e-06
step    476 | train_loss 2.3455 | lr 5.82e-06
step    477 | train_loss 2.9676 | lr 5.80e-06
step    478 | train_loss 2.7337 | lr 5.79e-06
step    479 | train_loss 2.5561 | lr 5.77e-06
step    480 | train_loss 2.5934 | lr 5.75e-06
step    481 | train_loss 2.6341 | lr 5.74e-06
step    482 | train_loss 2.5428 | lr 5.72e-06
step    483 | train_loss 2.6540 | lr 5.71e-06
step    484 | train_loss 2.4997 | lr 5.69e-06
step    485 | train_loss 2.3212 | lr 5.67e-06
step    486 | train_loss 2.3129 | lr 5.66e-06
step    487 | train_loss 2.5455 | lr 5.64e-06
step    488 | train_loss 2.5250 | lr 5.63e-06
step    489 | train_loss 2.2103 | lr 5.61e-06
step    490 | train_loss 2.8538 | lr 5.60e-06
step    491 | train_loss 2.8520 | lr 5.58e-06
step    492 | train_loss 2.7226 | lr 5.56e-06
step    493 | train_loss 2.3554 | lr 5.55e-06
step    494 | train_loss 2.7003 | lr 5.53e-06
step    495 | train_loss 2.7012 | lr 5.52e-06
step    496 | train_loss 2.8507 | lr 5.50e-06
step    497 | train_loss 2.8142 | lr 5.48e-06
step    498 | train_loss 2.5676 | lr 5.47e-06
step    499 | train_loss 2.3645 | lr 5.45e-06
step    500 | train_loss 2.5437 | lr 5.44e-06
step    500 | val_loss 2.7560 | val_ppl 15.74
step    501 | train_loss 2.6268 | lr 5.42e-06
step    502 | train_loss 2.2238 | lr 5.40e-06
step    503 | train_loss 2.5042 | lr 5.39e-06
step    504 | train_loss 2.4402 | lr 5.37e-06
step    505 | train_loss 2.7086 | lr 5.36e-06
step    506 | train_loss 2.2553 | lr 5.34e-06
step    507 | train_loss 2.4523 | lr 5.33e-06
step    508 | train_loss 2.8054 | lr 5.31e-06
step    509 | train_loss 2.0331 | lr 5.29e-06
step    510 | train_loss 2.4606 | lr 5.28e-06
step    511 | train_loss 2.3773 | lr 5.26e-06
step    512 | train_loss 2.9994 | lr 5.25e-06
step    513 | train_loss 2.7884 | lr 5.23e-06
step    514 | train_loss 2.4484 | lr 5.21e-06
step    515 | train_loss 2.9290 | lr 5.20e-06
step    516 | train_loss 2.6871 | lr 5.18e-06
step    517 | train_loss 2.6931 | lr 5.17e-06
step    518 | train_loss 2.7517 | lr 5.15e-06
step    519 | train_loss 2.6004 | lr 5.14e-06
step    520 | train_loss 2.5458 | lr 5.12e-06
step    521 | train_loss 2.5476 | lr 5.10e-06
step    522 | train_loss 2.7672 | lr 5.09e-06
step    523 | train_loss 2.7416 | lr 5.07e-06
step    524 | train_loss 2.6070 | lr 5.06e-06
step    525 | train_loss 2.8044 | lr 5.04e-06
step    526 | train_loss 2.5776 | lr 5.02e-06
step    527 | train_loss 2.4922 | lr 5.01e-06
step    528 | train_loss 2.7771 | lr 4.99e-06
step    529 | train_loss 2.5122 | lr 4.98e-06
step    530 | train_loss 2.7279 | lr 4.96e-06
step    531 | train_loss 2.4256 | lr 4.95e-06
step    532 | train_loss 2.6648 | lr 4.93e-06
step    533 | train_loss 2.2258 | lr 4.91e-06
step    534 | train_loss 2.6807 | lr 4.90e-06
step    535 | train_loss 2.1588 | lr 4.88e-06
step    536 | train_loss 2.9068 | lr 4.87e-06
step    537 | train_loss 2.4450 | lr 4.85e-06
step    538 | train_loss 2.8911 | lr 4.84e-06
step    539 | train_loss 2.7501 | lr 4.82e-06
step    540 | train_loss 2.4212 | lr 4.80e-06
step    541 | train_loss 2.7799 | lr 4.79e-06
step    542 | train_loss 2.7848 | lr 4.77e-06
step    543 | train_loss 2.6936 | lr 4.76e-06
step    544 | train_loss 2.5743 | lr 4.74e-06
step    545 | train_loss 2.4332 | lr 4.73e-06
step    546 | train_loss 2.2569 | lr 4.71e-06
step    547 | train_loss 2.2745 | lr 4.69e-06
step    548 | train_loss 2.5775 | lr 4.68e-06
step    549 | train_loss 2.4264 | lr 4.66e-06
step    550 | train_loss 2.5489 | lr 4.65e-06
step    551 | train_loss 2.7483 | lr 4.63e-06
step    552 | train_loss 2.7278 | lr 4.62e-06
step    553 | train_loss 2.4996 | lr 4.60e-06
step    554 | train_loss 2.8342 | lr 4.59e-06
step    555 | train_loss 2.5138 | lr 4.57e-06
step    556 | train_loss 2.4496 | lr 4.55e-06
step    557 | train_loss 2.0255 | lr 4.54e-06
step    558 | train_loss 2.4189 | lr 4.52e-06
step    559 | train_loss 2.3018 | lr 4.51e-06
step    560 | train_loss 2.6233 | lr 4.49e-06
step    561 | train_loss 2.8456 | lr 4.48e-06
step    562 | train_loss 2.5432 | lr 4.46e-06
step    563 | train_loss 2.2961 | lr 4.45e-06
step    564 | train_loss 2.2818 | lr 4.43e-06
step    565 | train_loss 2.4567 | lr 4.41e-06
step    566 | train_loss 2.6803 | lr 4.40e-06
step    567 | train_loss 2.5464 | lr 4.38e-06
step    568 | train_loss 2.5778 | lr 4.37e-06
step    569 | train_loss 2.6836 | lr 4.35e-06
step    570 | train_loss 2.5086 | lr 4.34e-06
step    571 | train_loss 2.7004 | lr 4.32e-06
step    572 | train_loss 2.1714 | lr 4.31e-06
step    573 | train_loss 2.3985 | lr 4.29e-06
step    574 | train_loss 2.5589 | lr 4.28e-06
step    575 | train_loss 2.4399 | lr 4.26e-06
step    576 | train_loss 2.8977 | lr 4.25e-06
step    577 | train_loss 2.3106 | lr 4.23e-06
step    578 | train_loss 2.3256 | lr 4.22e-06
step    579 | train_loss 2.3569 | lr 4.20e-06
step    580 | train_loss 2.5073 | lr 4.19e-06
step    581 | train_loss 2.3812 | lr 4.17e-06
step    582 | train_loss 2.6350 | lr 4.15e-06
step    583 | train_loss 2.2462 | lr 4.14e-06
step    584 | train_loss 2.7772 | lr 4.12e-06
step    585 | train_loss 2.2844 | lr 4.11e-06
step    586 | train_loss 2.3944 | lr 4.09e-06
step    587 | train_loss 2.6793 | lr 4.08e-06
step    588 | train_loss 2.6902 | lr 4.06e-06
step    589 | train_loss 2.5083 | lr 4.05e-06
step    590 | train_loss 2.5626 | lr 4.03e-06
step    591 | train_loss 2.6312 | lr 4.02e-06
step    592 | train_loss 2.7652 | lr 4.00e-06
step    593 | train_loss 2.6255 | lr 3.99e-06
step    594 | train_loss 2.5373 | lr 3.97e-06
step    595 | train_loss 2.6740 | lr 3.96e-06
step    596 | train_loss 2.4043 | lr 3.94e-06
step    597 | train_loss 2.7700 | lr 3.93e-06
step    598 | train_loss 2.5761 | lr 3.91e-06
step    599 | train_loss 2.1930 | lr 3.90e-06
step    600 | train_loss 2.4711 | lr 3.88e-06
step    600 | val_loss 2.7539 | val_ppl 15.70
step    601 | train_loss 2.4410 | lr 3.87e-06
step    602 | train_loss 2.8687 | lr 3.86e-06
step    603 | train_loss 2.6725 | lr 3.84e-06
step    604 | train_loss 2.5723 | lr 3.83e-06
step    605 | train_loss 2.7146 | lr 3.81e-06
step    606 | train_loss 2.2349 | lr 3.80e-06
step    607 | train_loss 1.9633 | lr 3.78e-06
step    608 | train_loss 2.7239 | lr 3.77e-06
step    609 | train_loss 2.8583 | lr 3.75e-06
step    610 | train_loss 2.6407 | lr 3.74e-06
step    611 | train_loss 2.5768 | lr 3.72e-06
step    612 | train_loss 2.5102 | lr 3.71e-06
step    613 | train_loss 2.6190 | lr 3.69e-06
step    614 | train_loss 2.6016 | lr 3.68e-06
step    615 | train_loss 2.7701 | lr 3.66e-06
step    616 | train_loss 2.2557 | lr 3.65e-06
step    617 | train_loss 2.6226 | lr 3.64e-06
step    618 | train_loss 2.5337 | lr 3.62e-06
step    619 | train_loss 2.5365 | lr 3.61e-06
step    620 | train_loss 2.8921 | lr 3.59e-06
step    621 | train_loss 2.9731 | lr 3.58e-06
step    622 | train_loss 2.4332 | lr 3.56e-06
step    623 | train_loss 2.6994 | lr 3.55e-06
step    624 | train_loss 2.3785 | lr 3.54e-06
step    625 | train_loss 2.2864 | lr 3.52e-06
step    626 | train_loss 2.7080 | lr 3.51e-06
step    627 | train_loss 2.3261 | lr 3.49e-06
step    628 | train_loss 2.6396 | lr 3.48e-06
step    629 | train_loss 2.7267 | lr 3.46e-06
step    630 | train_loss 2.6886 | lr 3.45e-06
step    631 | train_loss 2.8031 | lr 3.44e-06
step    632 | train_loss 2.1992 | lr 3.42e-06
step    633 | train_loss 2.7620 | lr 3.41e-06
step    634 | train_loss 2.5086 | lr 3.39e-06
step    635 | train_loss 2.3767 | lr 3.38e-06
step    636 | train_loss 2.1872 | lr 3.37e-06
step    637 | train_loss 2.1323 | lr 3.35e-06
step    638 | train_loss 2.7802 | lr 3.34e-06
step    639 | train_loss 2.4512 | lr 3.32e-06
step    640 | train_loss 2.3498 | lr 3.31e-06
step    641 | train_loss 2.7095 | lr 3.30e-06
step    642 | train_loss 2.8218 | lr 3.28e-06
step    643 | train_loss 2.8674 | lr 3.27e-06
step    644 | train_loss 2.4938 | lr 3.25e-06
step    645 | train_loss 2.7396 | lr 3.24e-06
step    646 | train_loss 2.6126 | lr 3.23e-06
step    647 | train_loss 2.9639 | lr 3.21e-06
step    648 | train_loss 2.3659 | lr 3.20e-06
step    649 | train_loss 2.4231 | lr 3.19e-06
step    650 | train_loss 2.4588 | lr 3.17e-06
step    651 | train_loss 2.5601 | lr 3.16e-06
step    652 | train_loss 2.6300 | lr 3.15e-06
step    653 | train_loss 2.6071 | lr 3.13e-06
step    654 | train_loss 2.7254 | lr 3.12e-06
step    655 | train_loss 2.2699 | lr 3.10e-06
step    656 | train_loss 2.0889 | lr 3.09e-06
step    657 | train_loss 2.4008 | lr 3.08e-06
step    658 | train_loss 2.6186 | lr 3.06e-06
step    659 | train_loss 2.8524 | lr 3.05e-06
step    660 | train_loss 2.6225 | lr 3.04e-06
step    661 | train_loss 2.6795 | lr 3.02e-06
step    662 | train_loss 2.8659 | lr 3.01e-06
step    663 | train_loss 2.2680 | lr 3.00e-06
step    664 | train_loss 2.8040 | lr 2.99e-06
step    665 | train_loss 2.5850 | lr 2.97e-06
step    666 | train_loss 2.5592 | lr 2.96e-06
step    667 | train_loss 2.4416 | lr 2.95e-06
step    668 | train_loss 2.2547 | lr 2.93e-06
step    669 | train_loss 2.6431 | lr 2.92e-06
step    670 | train_loss 2.5484 | lr 2.91e-06
step    671 | train_loss 2.5653 | lr 2.89e-06
step    672 | train_loss 2.5451 | lr 2.88e-06
step    673 | train_loss 2.7447 | lr 2.87e-06
step    674 | train_loss 2.6434 | lr 2.85e-06
step    675 | train_loss 2.5862 | lr 2.84e-06
step    676 | train_loss 2.5166 | lr 2.83e-06
step    677 | train_loss 2.6169 | lr 2.82e-06
step    678 | train_loss 2.8656 | lr 2.80e-06
step    679 | train_loss 2.5813 | lr 2.79e-06
step    680 | train_loss 2.5728 | lr 2.78e-06
step    681 | train_loss 2.7396 | lr 2.77e-06
step    682 | train_loss 2.4187 | lr 2.75e-06
step    683 | train_loss 2.8397 | lr 2.74e-06
step    684 | train_loss 2.7020 | lr 2.73e-06
step    685 | train_loss 2.5057 | lr 2.72e-06
step    686 | train_loss 2.3209 | lr 2.70e-06
step    687 | train_loss 2.4094 | lr 2.69e-06
step    688 | train_loss 2.1691 | lr 2.68e-06
step    689 | train_loss 2.6704 | lr 2.67e-06
step    690 | train_loss 2.0420 | lr 2.65e-06
step    691 | train_loss 2.8221 | lr 2.64e-06
step    692 | train_loss 2.7753 | lr 2.63e-06
step    693 | train_loss 2.8007 | lr 2.62e-06
step    694 | train_loss 2.6420 | lr 2.60e-06
step    695 | train_loss 2.5163 | lr 2.59e-06
step    696 | train_loss 2.4622 | lr 2.58e-06
step    697 | train_loss 2.3045 | lr 2.57e-06
step    698 | train_loss 2.2004 | lr 2.56e-06
step    699 | train_loss 2.3578 | lr 2.54e-06
step    700 | train_loss 2.9193 | lr 2.53e-06
step    700 | val_loss 2.7516 | val_ppl 15.67
step    701 | train_loss 2.6783 | lr 2.52e-06
step    702 | train_loss 2.8129 | lr 2.51e-06
step    703 | train_loss 2.2499 | lr 2.50e-06
step    704 | train_loss 2.3732 | lr 2.48e-06
step    705 | train_loss 2.2420 | lr 2.47e-06
Saved checkpoint to checkpoints/sft_dolly_from_packed_30/step_705.pt
step    706 | train_loss 2.2643 | lr 2.46e-06
step    707 | train_loss 2.5866 | lr 2.45e-06
step    708 | train_loss 2.6638 | lr 2.44e-06
step    709 | train_loss 2.5381 | lr 2.43e-06
step    710 | train_loss 2.5362 | lr 2.41e-06
step    711 | train_loss 2.8046 | lr 2.40e-06
step    712 | train_loss 2.7396 | lr 2.39e-06
step    713 | train_loss 2.6067 | lr 2.38e-06
step    714 | train_loss 2.8072 | lr 2.37e-06
step    715 | train_loss 2.7175 | lr 2.36e-06
step    716 | train_loss 2.6600 | lr 2.35e-06
step    717 | train_loss 2.5734 | lr 2.33e-06
step    718 | train_loss 2.6976 | lr 2.32e-06
step    719 | train_loss 2.9087 | lr 2.31e-06
step    720 | train_loss 2.7028 | lr 2.30e-06
step    721 | train_loss 2.5906 | lr 2.29e-06
step    722 | train_loss 2.3250 | lr 2.28e-06
step    723 | train_loss 2.6006 | lr 2.27e-06
step    724 | train_loss 2.9328 | lr 2.26e-06
step    725 | train_loss 2.4863 | lr 2.25e-06
step    726 | train_loss 2.3506 | lr 2.23e-06
step    727 | train_loss 2.4017 | lr 2.22e-06
step    728 | train_loss 2.7694 | lr 2.21e-06
step    729 | train_loss 2.4296 | lr 2.20e-06
step    730 | train_loss 2.3043 | lr 2.19e-06
step    731 | train_loss 2.7388 | lr 2.18e-06
step    732 | train_loss 2.5515 | lr 2.17e-06
step    733 | train_loss 2.4612 | lr 2.16e-06
step    734 | train_loss 2.5482 | lr 2.15e-06
step    735 | train_loss 2.8246 | lr 2.14e-06
step    736 | train_loss 2.5619 | lr 2.13e-06
step    737 | train_loss 2.4960 | lr 2.12e-06
step    738 | train_loss 2.4576 | lr 2.11e-06
step    739 | train_loss 2.4566 | lr 2.10e-06
step    740 | train_loss 2.3953 | lr 2.09e-06
step    741 | train_loss 2.7388 | lr 2.08e-06
step    742 | train_loss 2.6166 | lr 2.07e-06
step    743 | train_loss 2.7929 | lr 2.06e-06
step    744 | train_loss 2.6673 | lr 2.04e-06
step    745 | train_loss 2.3951 | lr 2.03e-06
step    746 | train_loss 2.3023 | lr 2.02e-06
step    747 | train_loss 2.3139 | lr 2.01e-06
step    748 | train_loss 2.7431 | lr 2.00e-06
step    749 | train_loss 2.4023 | lr 1.99e-06
step    750 | train_loss 2.5252 | lr 1.98e-06
step    751 | train_loss 2.7286 | lr 1.97e-06
step    752 | train_loss 2.5606 | lr 1.96e-06
step    753 | train_loss 2.5597 | lr 1.96e-06
step    754 | train_loss 2.6444 | lr 1.95e-06
step    755 | train_loss 2.5058 | lr 1.94e-06
step    756 | train_loss 2.8274 | lr 1.93e-06
step    757 | train_loss 2.5379 | lr 1.92e-06
step    758 | train_loss 2.4036 | lr 1.91e-06
step    759 | train_loss 2.7076 | lr 1.90e-06
step    760 | train_loss 2.6333 | lr 1.89e-06
step    761 | train_loss 2.5356 | lr 1.88e-06
step    762 | train_loss 2.4613 | lr 1.87e-06
step    763 | train_loss 2.7203 | lr 1.86e-06
step    764 | train_loss 2.7327 | lr 1.85e-06
step    765 | train_loss 2.3702 | lr 1.84e-06
step    766 | train_loss 2.2019 | lr 1.83e-06
step    767 | train_loss 2.4682 | lr 1.82e-06
step    768 | train_loss 2.6799 | lr 1.81e-06
step    769 | train_loss 2.7274 | lr 1.80e-06
step    770 | train_loss 1.9823 | lr 1.80e-06
step    771 | train_loss 2.6064 | lr 1.79e-06
step    772 | train_loss 2.6515 | lr 1.78e-06
step    773 | train_loss 2.4950 | lr 1.77e-06
step    774 | train_loss 2.5840 | lr 1.76e-06
step    775 | train_loss 2.2698 | lr 1.75e-06
step    776 | train_loss 2.2632 | lr 1.74e-06
step    777 | train_loss 2.7543 | lr 1.73e-06
step    778 | train_loss 2.6751 | lr 1.72e-06
step    779 | train_loss 2.5106 | lr 1.72e-06
step    780 | train_loss 2.6161 | lr 1.71e-06
step    781 | train_loss 2.5802 | lr 1.70e-06
step    782 | train_loss 2.6591 | lr 1.69e-06
step    783 | train_loss 2.7386 | lr 1.68e-06
step    784 | train_loss 2.8191 | lr 1.67e-06
step    785 | train_loss 2.5326 | lr 1.67e-06
step    786 | train_loss 2.3995 | lr 1.66e-06
step    787 | train_loss 2.4844 | lr 1.65e-06
step    788 | train_loss 2.6769 | lr 1.64e-06
step    789 | train_loss 2.5450 | lr 1.63e-06
step    790 | train_loss 2.4941 | lr 1.62e-06
step    791 | train_loss 2.3883 | lr 1.62e-06
step    792 | train_loss 2.4262 | lr 1.61e-06
step    793 | train_loss 2.7479 | lr 1.60e-06
step    794 | train_loss 2.7395 | lr 1.59e-06
step    795 | train_loss 2.8083 | lr 1.58e-06
step    796 | train_loss 2.5552 | lr 1.58e-06
step    797 | train_loss 2.4243 | lr 1.57e-06
step    798 | train_loss 2.5457 | lr 1.56e-06
step    799 | train_loss 2.3021 | lr 1.55e-06
step    800 | train_loss 2.3407 | lr 1.55e-06
step    800 | val_loss 2.7502 | val_ppl 15.65
step    801 | train_loss 2.5424 | lr 1.54e-06
step    802 | train_loss 2.2124 | lr 1.53e-06
step    803 | train_loss 2.2365 | lr 1.52e-06
step    804 | train_loss 2.8254 | lr 1.52e-06
step    805 | train_loss 2.3275 | lr 1.51e-06
step    806 | train_loss 2.6057 | lr 1.50e-06
step    807 | train_loss 2.5319 | lr 1.49e-06
step    808 | train_loss 2.6764 | lr 1.49e-06
step    809 | train_loss 2.4220 | lr 1.48e-06
step    810 | train_loss 2.4848 | lr 1.47e-06
step    811 | train_loss 2.5972 | lr 1.47e-06
step    812 | train_loss 2.6795 | lr 1.46e-06
step    813 | train_loss 2.0618 | lr 1.45e-06
step    814 | train_loss 2.5682 | lr 1.44e-06
step    815 | train_loss 2.9438 | lr 1.44e-06
step    816 | train_loss 2.0019 | lr 1.43e-06
step    817 | train_loss 2.6387 | lr 1.42e-06
step    818 | train_loss 2.7100 | lr 1.42e-06
step    819 | train_loss 2.4204 | lr 1.41e-06
step    820 | train_loss 2.6866 | lr 1.40e-06
step    821 | train_loss 2.4503 | lr 1.40e-06
step    822 | train_loss 2.6773 | lr 1.39e-06
step    823 | train_loss 2.4822 | lr 1.38e-06
step    824 | train_loss 2.7079 | lr 1.38e-06
step    825 | train_loss 2.7370 | lr 1.37e-06
step    826 | train_loss 2.4231 | lr 1.37e-06
step    827 | train_loss 3.0886 | lr 1.36e-06
step    828 | train_loss 2.2927 | lr 1.35e-06
step    829 | train_loss 2.6277 | lr 1.35e-06
step    830 | train_loss 2.3200 | lr 1.34e-06
step    831 | train_loss 2.8989 | lr 1.33e-06
step    832 | train_loss 2.5811 | lr 1.33e-06
step    833 | train_loss 2.5520 | lr 1.32e-06
step    834 | train_loss 2.6205 | lr 1.32e-06
step    835 | train_loss 2.5936 | lr 1.31e-06
step    836 | train_loss 2.3547 | lr 1.31e-06
step    837 | train_loss 2.5963 | lr 1.30e-06
step    838 | train_loss 2.7867 | lr 1.29e-06
step    839 | train_loss 2.6799 | lr 1.29e-06
step    840 | train_loss 3.0400 | lr 1.28e-06
step    841 | train_loss 2.6857 | lr 1.28e-06
step    842 | train_loss 2.3876 | lr 1.27e-06
step    843 | train_loss 2.5919 | lr 1.27e-06
step    844 | train_loss 2.7636 | lr 1.26e-06
step    845 | train_loss 2.4478 | lr 1.26e-06
step    846 | train_loss 1.9244 | lr 1.25e-06
step    847 | train_loss 2.4374 | lr 1.25e-06
step    848 | train_loss 2.4799 | lr 1.24e-06
step    849 | train_loss 2.5502 | lr 1.24e-06
step    850 | train_loss 2.5024 | lr 1.23e-06
step    851 | train_loss 2.4311 | lr 1.23e-06
step    852 | train_loss 2.4680 | lr 1.22e-06
step    853 | train_loss 2.6383 | lr 1.22e-06
step    854 | train_loss 2.7051 | lr 1.21e-06
step    855 | train_loss 2.2091 | lr 1.21e-06
step    856 | train_loss 2.6195 | lr 1.20e-06
step    857 | train_loss 2.7040 | lr 1.20e-06
step    858 | train_loss 2.7634 | lr 1.19e-06
step    859 | train_loss 2.6794 | lr 1.19e-06
step    860 | train_loss 2.4363 | lr 1.18e-06
step    861 | train_loss 2.6861 | lr 1.18e-06
step    862 | train_loss 2.6134 | lr 1.17e-06
step    863 | train_loss 2.4143 | lr 1.17e-06
step    864 | train_loss 2.4367 | lr 1.17e-06
step    865 | train_loss 2.7911 | lr 1.16e-06
step    866 | train_loss 2.3984 | lr 1.16e-06
step    867 | train_loss 2.5502 | lr 1.15e-06
step    868 | train_loss 2.1823 | lr 1.15e-06
step    869 | train_loss 2.6832 | lr 1.14e-06
step    870 | train_loss 2.6294 | lr 1.14e-06
step    871 | train_loss 2.7575 | lr 1.14e-06
step    872 | train_loss 2.4591 | lr 1.13e-06
step    873 | train_loss 2.5756 | lr 1.13e-06
step    874 | train_loss 2.6401 | lr 1.13e-06
step    875 | train_loss 1.9609 | lr 1.12e-06
step    876 | train_loss 2.4726 | lr 1.12e-06
step    877 | train_loss 2.6199 | lr 1.11e-06
step    878 | train_loss 2.5775 | lr 1.11e-06
step    879 | train_loss 2.6763 | lr 1.11e-06
step    880 | train_loss 2.7573 | lr 1.10e-06
step    881 | train_loss 2.7112 | lr 1.10e-06
step    882 | train_loss 2.6000 | lr 1.10e-06
step    883 | train_loss 2.8709 | lr 1.09e-06
step    884 | train_loss 2.3855 | lr 1.09e-06
step    885 | train_loss 2.5783 | lr 1.09e-06
step    886 | train_loss 2.2700 | lr 1.08e-06
step    887 | train_loss 2.5952 | lr 1.08e-06
step    888 | train_loss 2.6714 | lr 1.08e-06
step    889 | train_loss 2.4636 | lr 1.08e-06
step    890 | train_loss 2.3681 | lr 1.07e-06
step    891 | train_loss 2.4213 | lr 1.07e-06
step    892 | train_loss 2.5408 | lr 1.07e-06
step    893 | train_loss 2.3520 | lr 1.06e-06
step    894 | train_loss 2.6251 | lr 1.06e-06
step    895 | train_loss 2.5037 | lr 1.06e-06
step    896 | train_loss 2.5837 | lr 1.06e-06
step    897 | train_loss 2.5294 | lr 1.05e-06
step    898 | train_loss 2.6172 | lr 1.05e-06
step    899 | train_loss 2.0985 | lr 1.05e-06
step    900 | train_loss 2.1557 | lr 1.05e-06
step    900 | val_loss 2.7496 | val_ppl 15.64
step    901 | train_loss 2.6059 | lr 1.04e-06
step    902 | train_loss 2.4256 | lr 1.04e-06
step    903 | train_loss 2.4307 | lr 1.04e-06
step    904 | train_loss 2.2516 | lr 1.04e-06
step    905 | train_loss 2.6481 | lr 1.04e-06
step    906 | train_loss 2.7288 | lr 1.03e-06
step    907 | train_loss 2.0401 | lr 1.03e-06
step    908 | train_loss 2.5040 | lr 1.03e-06
step    909 | train_loss 2.4117 | lr 1.03e-06
step    910 | train_loss 2.6996 | lr 1.03e-06
step    911 | train_loss 2.5427 | lr 1.03e-06
step    912 | train_loss 2.4188 | lr 1.02e-06
step    913 | train_loss 2.5478 | lr 1.02e-06
step    914 | train_loss 2.4730 | lr 1.02e-06
step    915 | train_loss 2.2762 | lr 1.02e-06
step    916 | train_loss 2.4888 | lr 1.02e-06
step    917 | train_loss 2.3281 | lr 1.02e-06
step    918 | train_loss 2.4278 | lr 1.01e-06
step    919 | train_loss 2.3195 | lr 1.01e-06
step    920 | train_loss 2.7173 | lr 1.01e-06
step    921 | train_loss 2.1060 | lr 1.01e-06
step    922 | train_loss 2.4782 | lr 1.01e-06
step    923 | train_loss 2.7563 | lr 1.01e-06
step    924 | train_loss 2.3835 | lr 1.01e-06
step    925 | train_loss 2.5488 | lr 1.01e-06
step    926 | train_loss 2.7804 | lr 1.01e-06
step    927 | train_loss 2.6978 | lr 1.01e-06
step    928 | train_loss 2.7157 | lr 1.00e-06
step    929 | train_loss 2.5244 | lr 1.00e-06
step    930 | train_loss 2.3308 | lr 1.00e-06
step    931 | train_loss 2.5293 | lr 1.00e-06
step    932 | train_loss 2.7624 | lr 1.00e-06
step    933 | train_loss 2.5263 | lr 1.00e-06
step    934 | train_loss 2.6767 | lr 1.00e-06
step    935 | train_loss 2.5479 | lr 1.00e-06
step    936 | train_loss 2.2021 | lr 1.00e-06
step    937 | train_loss 2.5958 | lr 1.00e-06
step    938 | train_loss 2.7472 | lr 1.00e-06
step    939 | train_loss 2.3017 | lr 1.00e-06
step    940 | train_loss 2.6412 | lr 1.00e-06
step    940 | val_loss 2.7499 | val_ppl 15.64
Saved checkpoint to checkpoints/sft_dolly_from_packed_30/step_940.pt
