Data: 50,868 train / 1,038 val examples (68 dropped as longer than 512 tokens)
Packing: 50,868 examples into 11,220 windows (4.5 per window, 98.8% of positions used)
Model: medium (123,587,328 parameters), initialized from checkpoints/medium/step_20000.pt (step 20000)
step      1 | train_loss 2.5508 | lr 4.09e-06
step      2 | train_loss 2.5917 | lr 8.18e-06
step      3 | train_loss 2.6502 | lr 1.23e-05
step      4 | train_loss 2.5999 | lr 1.64e-05
step      5 | train_loss 2.4668 | lr 2.05e-05
step      6 | train_loss 2.3991 | lr 2.45e-05
step      7 | train_loss 2.3790 | lr 2.86e-05
step      8 | train_loss 2.3793 | lr 3.27e-05
step      9 | train_loss 2.3938 | lr 3.68e-05
step     10 | train_loss 2.3361 | lr 4.09e-05
step     11 | train_loss 2.3512 | lr 4.50e-05
step     12 | train_loss 2.2524 | lr 4.91e-05
step     13 | train_loss 2.2206 | lr 5.32e-05
step     14 | train_loss 2.2923 | lr 5.73e-05
step     15 | train_loss 2.2686 | lr 6.14e-05
step     16 | train_loss 2.2453 | lr 6.55e-05
step     17 | train_loss 2.3449 | lr 6.95e-05
step     18 | train_loss 2.2621 | lr 7.36e-05
step     19 | train_loss 2.2213 | lr 7.77e-05
step     20 | train_loss 2.2672 | lr 8.18e-05
step     21 | train_loss 2.1911 | lr 8.59e-05
step     22 | train_loss 2.2611 | lr 9.00e-05
step     23 | train_loss 2.2082 | lr 9.00e-05
step     24 | train_loss 2.1796 | lr 9.00e-05
step     25 | train_loss 2.2442 | lr 9.00e-05
step     26 | train_loss 2.3036 | lr 9.00e-05
step     27 | train_loss 2.2131 | lr 9.00e-05
step     28 | train_loss 2.1459 | lr 9.00e-05
step     29 | train_loss 2.2553 | lr 8.99e-05
step     30 | train_loss 2.1379 | lr 8.99e-05
step     31 | train_loss 2.2154 | lr 8.99e-05
step     32 | train_loss 2.1574 | lr 8.98e-05
step     33 | train_loss 2.2802 | lr 8.98e-05
step     34 | train_loss 2.2085 | lr 8.98e-05
step     35 | train_loss 2.1413 | lr 8.97e-05
step     36 | train_loss 2.1423 | lr 8.97e-05
step     37 | train_loss 2.1215 | lr 8.96e-05
step     38 | train_loss 2.1493 | lr 8.96e-05
step     39 | train_loss 2.2019 | lr 8.95e-05
step     40 | train_loss 2.1614 | lr 8.95e-05
step     41 | train_loss 2.1974 | lr 8.94e-05
step     42 | train_loss 2.0865 | lr 8.93e-05
step     43 | train_loss 2.2028 | lr 8.93e-05
step     44 | train_loss 2.2365 | lr 8.92e-05
step     45 | train_loss 2.1746 | lr 8.91e-05
step     46 | train_loss 2.1228 | lr 8.90e-05
step     47 | train_loss 2.1471 | lr 8.89e-05
step     48 | train_loss 2.1402 | lr 8.88e-05
step     49 | train_loss 2.2200 | lr 8.88e-05
step     50 | train_loss 2.0770 | lr 8.87e-05
step     50 | val_loss 2.1516 | val_ppl 8.60
step     51 | train_loss 2.1509 | lr 8.86e-05
step     52 | train_loss 2.2109 | lr 8.84e-05
step     53 | train_loss 2.0799 | lr 8.83e-05
step     54 | train_loss 2.1990 | lr 8.82e-05
step     55 | train_loss 2.2654 | lr 8.81e-05
step     56 | train_loss 2.2331 | lr 8.80e-05
step     57 | train_loss 2.2917 | lr 8.79e-05
step     58 | train_loss 2.1068 | lr 8.77e-05
step     59 | train_loss 2.1533 | lr 8.76e-05
step     60 | train_loss 2.1554 | lr 8.75e-05
step     61 | train_loss 2.1985 | lr 8.73e-05
step     62 | train_loss 2.1707 | lr 8.72e-05
step     63 | train_loss 2.1727 | lr 8.71e-05
step     64 | train_loss 2.1764 | lr 8.69e-05
step     65 | train_loss 2.1878 | lr 8.68e-05
step     66 | train_loss 2.0617 | lr 8.66e-05
step     67 | train_loss 2.2036 | lr 8.65e-05
step     68 | train_loss 2.1062 | lr 8.63e-05
step     69 | train_loss 2.2845 | lr 8.61e-05
step     70 | train_loss 2.1217 | lr 8.60e-05
step     71 | train_loss 2.2131 | lr 8.58e-05
step     72 | train_loss 2.1361 | lr 8.56e-05
step     73 | train_loss 2.2200 | lr 8.54e-05
step     74 | train_loss 2.0698 | lr 8.53e-05
step     75 | train_loss 2.1669 | lr 8.51e-05
step     76 | train_loss 2.2078 | lr 8.49e-05
step     77 | train_loss 2.2381 | lr 8.47e-05
step     78 | train_loss 2.1815 | lr 8.45e-05
step     79 | train_loss 2.1762 | lr 8.43e-05
step     80 | train_loss 2.2031 | lr 8.41e-05
step     81 | train_loss 2.0511 | lr 8.39e-05
step     82 | train_loss 2.1470 | lr 8.37e-05
step     83 | train_loss 2.2317 | lr 8.35e-05
step     84 | train_loss 2.1501 | lr 8.33e-05
step     85 | train_loss 2.1741 | lr 8.31e-05
step     86 | train_loss 2.1282 | lr 8.28e-05
step     87 | train_loss 2.1640 | lr 8.26e-05
step     88 | train_loss 2.1686 | lr 8.24e-05
step     89 | train_loss 2.2526 | lr 8.22e-05
step     90 | train_loss 2.1142 | lr 8.19e-05
step     91 | train_loss 2.2313 | lr 8.17e-05
step     92 | train_loss 2.1493 | lr 8.15e-05
step     93 | train_loss 2.1072 | lr 8.12e-05
step     94 | train_loss 2.1021 | lr 8.10e-05
step     95 | train_loss 2.0334 | lr 8.07e-05
step     96 | train_loss 2.2658 | lr 8.05e-05
step     97 | train_loss 2.1251 | lr 8.02e-05
step     98 | train_loss 2.1040 | lr 8.00e-05
step     99 | train_loss 2.0610 | lr 7.97e-05
step    100 | train_loss 2.2142 | lr 7.95e-05
step    100 | val_loss 2.1020 | val_ppl 8.18
step    101 | train_loss 2.2166 | lr 7.92e-05
step    102 | train_loss 2.1585 | lr 7.89e-05
step    103 | train_loss 2.0947 | lr 7.87e-05
step    104 | train_loss 2.1309 | lr 7.84e-05
step    105 | train_loss 2.2049 | lr 7.81e-05
step    106 | train_loss 2.0730 | lr 7.79e-05
step    107 | train_loss 2.1019 | lr 7.76e-05
step    108 | train_loss 2.1828 | lr 7.73e-05
step    109 | train_loss 2.0914 | lr 7.70e-05
step    110 | train_loss 2.1738 | lr 7.67e-05
step    111 | train_loss 2.1344 | lr 7.64e-05
step    112 | train_loss 2.1337 | lr 7.62e-05
step    113 | train_loss 2.1599 | lr 7.59e-05
step    114 | train_loss 2.1119 | lr 7.56e-05
step    115 | train_loss 2.1062 | lr 7.53e-05
step    116 | train_loss 2.1458 | lr 7.50e-05
step    117 | train_loss 2.1332 | lr 7.47e-05
step    118 | train_loss 2.1293 | lr 7.44e-05
step    119 | train_loss 2.0826 | lr 7.41e-05
step    120 | train_loss 2.1477 | lr 7.37e-05
step    121 | train_loss 2.1116 | lr 7.34e-05
step    122 | train_loss 2.1023 | lr 7.31e-05
step    123 | train_loss 2.1463 | lr 7.28e-05
step    124 | train_loss 2.1702 | lr 7.25e-05
step    125 | train_loss 2.0800 | lr 7.22e-05
step    126 | train_loss 2.0398 | lr 7.18e-05
step    127 | train_loss 2.1499 | lr 7.15e-05
step    128 | train_loss 2.1311 | lr 7.12e-05
step    129 | train_loss 2.1109 | lr 7.09e-05
step    130 | train_loss 2.1054 | lr 7.05e-05
step    131 | train_loss 2.0369 | lr 7.02e-05
step    132 | train_loss 2.0758 | lr 6.99e-05
step    133 | train_loss 2.2258 | lr 6.95e-05
step    134 | train_loss 2.0569 | lr 6.92e-05
step    135 | train_loss 2.0187 | lr 6.88e-05
step    136 | train_loss 2.1737 | lr 6.85e-05
step    137 | train_loss 2.0534 | lr 6.82e-05
step    138 | train_loss 2.1359 | lr 6.78e-05
step    139 | train_loss 2.2259 | lr 6.75e-05
step    140 | train_loss 2.1320 | lr 6.71e-05
step    141 | train_loss 2.1313 | lr 6.68e-05
step    142 | train_loss 2.0317 | lr 6.64e-05
step    143 | train_loss 2.1282 | lr 6.61e-05
step    144 | train_loss 2.1918 | lr 6.57e-05
step    145 | train_loss 2.1215 | lr 6.54e-05
step    146 | train_loss 2.0853 | lr 6.50e-05
step    147 | train_loss 2.1249 | lr 6.46e-05
step    148 | train_loss 2.0267 | lr 6.43e-05
step    149 | train_loss 2.0010 | lr 6.39e-05
step    150 | train_loss 2.0959 | lr 6.36e-05
step    150 | val_loss 2.0758 | val_ppl 7.97
step    151 | train_loss 2.0595 | lr 6.32e-05
step    152 | train_loss 2.2471 | lr 6.28e-05
step    153 | train_loss 2.0948 | lr 6.25e-05
step    154 | train_loss 2.0819 | lr 6.21e-05
step    155 | train_loss 2.0125 | lr 6.17e-05
step    156 | train_loss 2.0217 | lr 6.13e-05
step    157 | train_loss 2.1038 | lr 6.10e-05
step    158 | train_loss 2.0825 | lr 6.06e-05
step    159 | train_loss 2.0319 | lr 6.02e-05
step    160 | train_loss 2.0850 | lr 5.99e-05
step    161 | train_loss 2.1600 | lr 5.95e-05
step    162 | train_loss 2.1519 | lr 5.91e-05
step    163 | train_loss 2.0836 | lr 5.87e-05
step    164 | train_loss 2.0487 | lr 5.83e-05
step    165 | train_loss 2.0428 | lr 5.80e-05
step    166 | train_loss 2.1713 | lr 5.76e-05
step    167 | train_loss 1.9965 | lr 5.72e-05
step    168 | train_loss 2.0731 | lr 5.68e-05
step    169 | train_loss 2.0727 | lr 5.64e-05
step    170 | train_loss 2.0651 | lr 5.61e-05
step    171 | train_loss 2.1014 | lr 5.57e-05
step    172 | train_loss 2.0501 | lr 5.53e-05
step    173 | train_loss 2.0153 | lr 5.49e-05
step    174 | train_loss 2.1147 | lr 5.45e-05
step    175 | train_loss 2.1193 | lr 5.41e-05
Saved checkpoint to checkpoints/sft_alpaca_packed_90/step_175.pt
step    176 | train_loss 2.0429 | lr 5.38e-05
step    177 | train_loss 2.0571 | lr 5.34e-05
step    178 | train_loss 2.1908 | lr 5.30e-05
step    179 | train_loss 2.0677 | lr 5.26e-05
step    180 | train_loss 2.0946 | lr 5.22e-05
step    181 | train_loss 2.0613 | lr 5.18e-05
step    182 | train_loss 2.0013 | lr 5.14e-05
step    183 | train_loss 2.1107 | lr 5.11e-05
step    184 | train_loss 2.1389 | lr 5.07e-05
step    185 | train_loss 2.1235 | lr 5.03e-05
step    186 | train_loss 2.0445 | lr 4.99e-05
step    187 | train_loss 2.0510 | lr 4.95e-05
step    188 | train_loss 2.0571 | lr 4.91e-05
step    189 | train_loss 2.0239 | lr 4.87e-05
step    190 | train_loss 2.0797 | lr 4.83e-05
step    191 | train_loss 2.0142 | lr 4.79e-05
step    192 | train_loss 2.0116 | lr 4.76e-05
step    193 | train_loss 2.0103 | lr 4.72e-05
step    194 | train_loss 2.1438 | lr 4.68e-05
step    195 | train_loss 2.1491 | lr 4.64e-05
step    196 | train_loss 2.0206 | lr 4.60e-05
step    197 | train_loss 2.0302 | lr 4.56e-05
step    198 | train_loss 2.0584 | lr 4.52e-05
step    199 | train_loss 2.1227 | lr 4.49e-05
step    200 | train_loss 2.1729 | lr 4.45e-05
step    200 | val_loss 2.0526 | val_ppl 7.79
step    201 | train_loss 2.0785 | lr 4.41e-05
step    202 | train_loss 2.1429 | lr 4.37e-05
step    203 | train_loss 1.9917 | lr 4.33e-05
step    204 | train_loss 2.0272 | lr 4.29e-05
step    205 | train_loss 2.0336 | lr 4.26e-05
step    206 | train_loss 2.0635 | lr 4.22e-05
step    207 | train_loss 2.0182 | lr 4.18e-05
step    208 | train_loss 2.0521 | lr 4.14e-05
step    209 | train_loss 2.0723 | lr 4.10e-05
step    210 | train_loss 2.0787 | lr 4.07e-05
step    211 | train_loss 2.0338 | lr 4.03e-05
step    212 | train_loss 2.0771 | lr 3.99e-05
step    213 | train_loss 2.1352 | lr 3.95e-05
step    214 | train_loss 2.1377 | lr 3.91e-05
step    215 | train_loss 2.0249 | lr 3.88e-05
step    216 | train_loss 2.0823 | lr 3.84e-05
step    217 | train_loss 2.0119 | lr 3.80e-05
step    218 | train_loss 2.0751 | lr 3.77e-05
step    219 | train_loss 2.1816 | lr 3.73e-05
step    220 | train_loss 1.8910 | lr 3.69e-05
step    221 | train_loss 2.1677 | lr 3.65e-05
step    222 | train_loss 2.0349 | lr 3.62e-05
step    223 | train_loss 2.0384 | lr 3.58e-05
step    224 | train_loss 2.0744 | lr 3.54e-05
step    225 | train_loss 2.1289 | lr 3.51e-05
step    226 | train_loss 1.9554 | lr 3.47e-05
step    227 | train_loss 2.0397 | lr 3.44e-05
step    228 | train_loss 2.1107 | lr 3.40e-05
step    229 | train_loss 1.9829 | lr 3.36e-05
step    230 | train_loss 2.0979 | lr 3.33e-05
step    231 | train_loss 1.9574 | lr 3.29e-05
step    232 | train_loss 2.0285 | lr 3.26e-05
step    233 | train_loss 1.9010 | lr 3.22e-05
step    234 | train_loss 1.9893 | lr 3.19e-05
step    235 | train_loss 2.0967 | lr 3.15e-05
step    236 | train_loss 2.0469 | lr 3.12e-05
step    237 | train_loss 2.1439 | lr 3.08e-05
step    238 | train_loss 2.1190 | lr 3.05e-05
step    239 | train_loss 1.9492 | lr 3.02e-05
step    240 | train_loss 2.0512 | lr 2.98e-05
step    241 | train_loss 2.1147 | lr 2.95e-05
step    242 | train_loss 1.9875 | lr 2.91e-05
step    243 | train_loss 2.0775 | lr 2.88e-05
step    244 | train_loss 2.0902 | lr 2.85e-05
step    245 | train_loss 2.0906 | lr 2.81e-05
step    246 | train_loss 2.0939 | lr 2.78e-05
step    247 | train_loss 2.0353 | lr 2.75e-05
step    248 | train_loss 1.9915 | lr 2.72e-05
step    249 | train_loss 2.0887 | lr 2.68e-05
step    250 | train_loss 2.0657 | lr 2.65e-05
step    250 | val_loss 2.0383 | val_ppl 7.68
step    251 | train_loss 2.0819 | lr 2.62e-05
step    252 | train_loss 2.0442 | lr 2.59e-05
step    253 | train_loss 2.0261 | lr 2.56e-05
step    254 | train_loss 2.0758 | lr 2.53e-05
step    255 | train_loss 2.1039 | lr 2.49e-05
step    256 | train_loss 1.9952 | lr 2.46e-05
step    257 | train_loss 2.0281 | lr 2.43e-05
step    258 | train_loss 2.0483 | lr 2.40e-05
step    259 | train_loss 2.0898 | lr 2.37e-05
step    260 | train_loss 2.0811 | lr 2.34e-05
step    261 | train_loss 2.1079 | lr 2.31e-05
step    262 | train_loss 2.0634 | lr 2.28e-05
step    263 | train_loss 1.9227 | lr 2.26e-05
step    264 | train_loss 2.0837 | lr 2.23e-05
step    265 | train_loss 2.0249 | lr 2.20e-05
step    266 | train_loss 2.1499 | lr 2.17e-05
step    267 | train_loss 1.9653 | lr 2.14e-05
step    268 | train_loss 2.0134 | lr 2.11e-05
step    269 | train_loss 1.9364 | lr 2.09e-05
step    270 | train_loss 2.1198 | lr 2.06e-05
step    271 | train_loss 2.0793 | lr 2.03e-05
step    272 | train_loss 2.0454 | lr 2.01e-05
step    273 | train_loss 2.0252 | lr 1.98e-05
step    274 | train_loss 2.0946 | lr 1.95e-05
step    275 | train_loss 2.0983 | lr 1.93e-05
step    276 | train_loss 2.0422 | lr 1.90e-05
step    277 | train_loss 2.0255 | lr 1.88e-05
step    278 | train_loss 2.0008 | lr 1.85e-05
step    279 | train_loss 2.0048 | lr 1.83e-05
step    280 | train_loss 2.0919 | lr 1.80e-05
step    281 | train_loss 1.9190 | lr 1.78e-05
step    282 | train_loss 2.0810 | lr 1.75e-05
step    283 | train_loss 2.0224 | lr 1.73e-05
step    284 | train_loss 2.0101 | lr 1.71e-05
step    285 | train_loss 2.0974 | lr 1.68e-05
step    286 | train_loss 2.1314 | lr 1.66e-05
step    287 | train_loss 1.9840 | lr 1.64e-05
step    288 | train_loss 2.0479 | lr 1.62e-05
step    289 | train_loss 2.0766 | lr 1.59e-05
step    290 | train_loss 2.0172 | lr 1.57e-05
step    291 | train_loss 2.0007 | lr 1.55e-05
step    292 | train_loss 2.0071 | lr 1.53e-05
step    293 | train_loss 1.9337 | lr 1.51e-05
step    294 | train_loss 2.0317 | lr 1.49e-05
step    295 | train_loss 2.1407 | lr 1.47e-05
step    296 | train_loss 2.1260 | lr 1.45e-05
step    297 | train_loss 2.0428 | lr 1.43e-05
step    298 | train_loss 2.0582 | lr 1.41e-05
step    299 | train_loss 2.0047 | lr 1.39e-05
step    300 | train_loss 2.0116 | lr 1.37e-05
step    300 | val_loss 2.0266 | val_ppl 7.59
step    301 | train_loss 2.0021 | lr 1.36e-05
step    302 | train_loss 2.0815 | lr 1.34e-05
step    303 | train_loss 1.9792 | lr 1.32e-05
step    304 | train_loss 2.0861 | lr 1.30e-05
step    305 | train_loss 2.0344 | lr 1.29e-05
step    306 | train_loss 2.0784 | lr 1.27e-05
step    307 | train_loss 2.0220 | lr 1.25e-05
step    308 | train_loss 2.0231 | lr 1.24e-05
step    309 | train_loss 1.9739 | lr 1.22e-05
step    310 | train_loss 2.0252 | lr 1.21e-05
step    311 | train_loss 2.0137 | lr 1.19e-05
step    312 | train_loss 2.0540 | lr 1.18e-05
step    313 | train_loss 2.0998 | lr 1.17e-05
step    314 | train_loss 1.9952 | lr 1.15e-05
step    315 | train_loss 1.9080 | lr 1.14e-05
step    316 | train_loss 2.0853 | lr 1.13e-05
step    317 | train_loss 2.0337 | lr 1.11e-05
step    318 | train_loss 2.0055 | lr 1.10e-05
step    319 | train_loss 2.1272 | lr 1.09e-05
step    320 | train_loss 1.9585 | lr 1.08e-05
step    321 | train_loss 2.0419 | lr 1.07e-05
step    322 | train_loss 2.0492 | lr 1.06e-05
step    323 | train_loss 2.0536 | lr 1.04e-05
step    324 | train_loss 2.0450 | lr 1.03e-05
step    325 | train_loss 2.0745 | lr 1.02e-05
step    326 | train_loss 2.1831 | lr 1.02e-05
step    327 | train_loss 2.0279 | lr 1.01e-05
step    328 | train_loss 2.0461 | lr 9.98e-06
step    329 | train_loss 2.0172 | lr 9.90e-06
step    330 | train_loss 2.2727 | lr 9.82e-06
step    331 | train_loss 2.0747 | lr 9.74e-06
step    332 | train_loss 2.1634 | lr 9.67e-06
step    333 | train_loss 2.0652 | lr 9.60e-06
step    334 | train_loss 2.0455 | lr 9.54e-06
step    335 | train_loss 2.1716 | lr 9.47e-06
step    336 | train_loss 2.0809 | lr 9.42e-06
step    337 | train_loss 2.1114 | lr 9.36e-06
step    338 | train_loss 2.1710 | lr 9.31e-06
step    339 | train_loss 2.0515 | lr 9.27e-06
step    340 | train_loss 1.9888 | lr 9.22e-06
step    341 | train_loss 1.9872 | lr 9.19e-06
step    342 | train_loss 2.0407 | lr 9.15e-06
step    343 | train_loss 2.0183 | lr 9.12e-06
step    344 | train_loss 2.0445 | lr 9.09e-06
step    345 | train_loss 2.0021 | lr 9.07e-06
step    346 | train_loss 2.0731 | lr 9.05e-06
step    347 | train_loss 2.1667 | lr 9.03e-06
step    348 | train_loss 1.9998 | lr 9.02e-06
step    349 | train_loss 2.0110 | lr 9.01e-06
step    350 | train_loss 2.0015 | lr 9.00e-06
step    350 | val_loss 2.0217 | val_ppl 7.55
Saved checkpoint to checkpoints/sft_alpaca_packed_90/step_350.pt
