Data: 13,756 train / 278 val examples (977 dropped as longer than 512 tokens)
Model: medium (123,587,328 parameters), initialized from checkpoints/sft_alpaca_1epoch/step_1600.pt (step 1600)
step      1 | train_loss 3.0030 | lr 2.00e-07
step      2 | train_loss 2.5535 | lr 4.00e-07
step      3 | train_loss 2.9045 | lr 6.00e-07
step      4 | train_loss 2.5713 | lr 8.00e-07
step      5 | train_loss 2.4962 | lr 1.00e-06
step      6 | train_loss 2.9754 | lr 1.20e-06
step      7 | train_loss 2.8932 | lr 1.40e-06
step      8 | train_loss 2.7384 | lr 1.60e-06
step      9 | train_loss 2.7157 | lr 1.80e-06
step     10 | train_loss 2.9912 | lr 2.00e-06
step     11 | train_loss 2.9947 | lr 2.20e-06
step     12 | train_loss 2.6226 | lr 2.40e-06
step     13 | train_loss 2.8526 | lr 2.60e-06
step     14 | train_loss 3.0405 | lr 2.80e-06
step     15 | train_loss 3.0927 | lr 3.00e-06
step     16 | train_loss 2.6105 | lr 3.20e-06
step     17 | train_loss 2.8593 | lr 3.40e-06
step     18 | train_loss 3.1720 | lr 3.60e-06
step     19 | train_loss 2.5977 | lr 3.80e-06
step     20 | train_loss 3.0414 | lr 4.00e-06
step     21 | train_loss 2.8603 | lr 4.20e-06
step     22 | train_loss 2.7385 | lr 4.40e-06
step     23 | train_loss 2.7097 | lr 4.60e-06
step     24 | train_loss 3.0485 | lr 4.80e-06
step     25 | train_loss 2.7267 | lr 5.00e-06
step     26 | train_loss 3.0595 | lr 5.20e-06
step     27 | train_loss 2.6654 | lr 5.40e-06
step     28 | train_loss 2.7192 | lr 5.60e-06
step     29 | train_loss 2.9267 | lr 5.80e-06
step     30 | train_loss 2.6431 | lr 6.00e-06
step     31 | train_loss 2.6118 | lr 6.20e-06
step     32 | train_loss 3.1494 | lr 6.40e-06
step     33 | train_loss 2.7496 | lr 6.60e-06
step     34 | train_loss 3.0391 | lr 6.80e-06
step     35 | train_loss 3.0055 | lr 7.00e-06
step     36 | train_loss 3.0668 | lr 7.20e-06
step     37 | train_loss 2.5930 | lr 7.40e-06
step     38 | train_loss 2.8216 | lr 7.60e-06
step     39 | train_loss 2.6778 | lr 7.80e-06
step     40 | train_loss 2.8162 | lr 8.00e-06
step     41 | train_loss 2.7568 | lr 8.20e-06
step     42 | train_loss 2.6204 | lr 8.40e-06
step     43 | train_loss 2.5045 | lr 8.60e-06
step     44 | train_loss 2.4933 | lr 8.80e-06
step     45 | train_loss 2.8510 | lr 9.00e-06
step     46 | train_loss 2.5156 | lr 9.20e-06
step     47 | train_loss 2.8436 | lr 9.40e-06
step     48 | train_loss 2.4705 | lr 9.60e-06
step     49 | train_loss 2.7693 | lr 9.80e-06
step     50 | train_loss 3.1318 | lr 1.00e-05
step     51 | train_loss 2.6623 | lr 1.00e-05
step     52 | train_loss 2.6630 | lr 1.00e-05
step     53 | train_loss 2.6337 | lr 1.00e-05
step     54 | train_loss 2.8413 | lr 1.00e-05
step     55 | train_loss 2.6649 | lr 1.00e-05
step     56 | train_loss 2.8448 | lr 1.00e-05
step     57 | train_loss 2.9641 | lr 1.00e-05
step     58 | train_loss 2.9119 | lr 1.00e-05
step     59 | train_loss 2.5747 | lr 1.00e-05
step     60 | train_loss 2.7782 | lr 1.00e-05
step     61 | train_loss 2.7322 | lr 1.00e-05
step     62 | train_loss 2.7523 | lr 1.00e-05
step     63 | train_loss 2.8369 | lr 1.00e-05
step     64 | train_loss 2.6636 | lr 1.00e-05
step     65 | train_loss 2.5059 | lr 9.99e-06
step     66 | train_loss 2.7702 | lr 9.99e-06
step     67 | train_loss 2.9751 | lr 9.99e-06
step     68 | train_loss 2.7511 | lr 9.99e-06
step     69 | train_loss 2.4826 | lr 9.99e-06
step     70 | train_loss 2.6932 | lr 9.99e-06
step     71 | train_loss 2.4069 | lr 9.99e-06
step     72 | train_loss 2.8148 | lr 9.99e-06
step     73 | train_loss 2.6061 | lr 9.99e-06
step     74 | train_loss 2.7892 | lr 9.99e-06
step     75 | train_loss 2.9900 | lr 9.98e-06
step     76 | train_loss 2.8427 | lr 9.98e-06
step     77 | train_loss 2.7407 | lr 9.98e-06
step     78 | train_loss 2.7976 | lr 9.98e-06
step     79 | train_loss 3.0021 | lr 9.98e-06
step     80 | train_loss 2.8464 | lr 9.98e-06
step     81 | train_loss 2.8191 | lr 9.97e-06
step     82 | train_loss 2.8616 | lr 9.97e-06
step     83 | train_loss 2.5336 | lr 9.97e-06
step     84 | train_loss 2.6242 | lr 9.97e-06
step     85 | train_loss 2.7038 | lr 9.97e-06
step     86 | train_loss 2.7341 | lr 9.97e-06
step     87 | train_loss 2.6558 | lr 9.96e-06
step     88 | train_loss 2.6820 | lr 9.96e-06
step     89 | train_loss 2.6884 | lr 9.96e-06
step     90 | train_loss 2.8740 | lr 9.96e-06
step     91 | train_loss 2.7788 | lr 9.96e-06
step     92 | train_loss 2.7526 | lr 9.95e-06
step     93 | train_loss 2.6612 | lr 9.95e-06
step     94 | train_loss 2.7255 | lr 9.95e-06
step     95 | train_loss 2.6919 | lr 9.95e-06
step     96 | train_loss 2.7368 | lr 9.94e-06
step     97 | train_loss 2.9161 | lr 9.94e-06
step     98 | train_loss 2.8999 | lr 9.94e-06
step     99 | train_loss 2.4706 | lr 9.94e-06
step    100 | train_loss 2.8304 | lr 9.93e-06
step    100 | val_loss 2.8288 | val_ppl 16.92
step    101 | train_loss 2.5104 | lr 9.93e-06
step    102 | train_loss 2.7585 | lr 9.93e-06
step    103 | train_loss 2.6465 | lr 9.92e-06
step    104 | train_loss 3.0532 | lr 9.92e-06
step    105 | train_loss 2.5035 | lr 9.92e-06
step    106 | train_loss 2.8576 | lr 9.92e-06
step    107 | train_loss 2.8034 | lr 9.91e-06
step    108 | train_loss 2.6626 | lr 9.91e-06
step    109 | train_loss 2.3516 | lr 9.91e-06
step    110 | train_loss 2.4912 | lr 9.90e-06
step    111 | train_loss 3.0456 | lr 9.90e-06
step    112 | train_loss 2.7416 | lr 9.90e-06
step    113 | train_loss 2.8960 | lr 9.89e-06
step    114 | train_loss 2.8483 | lr 9.89e-06
step    115 | train_loss 2.5561 | lr 9.89e-06
step    116 | train_loss 2.4481 | lr 9.88e-06
step    117 | train_loss 2.9630 | lr 9.88e-06
step    118 | train_loss 2.6268 | lr 9.87e-06
step    119 | train_loss 2.7489 | lr 9.87e-06
step    120 | train_loss 3.2243 | lr 9.87e-06
step    121 | train_loss 2.6367 | lr 9.86e-06
step    122 | train_loss 2.6689 | lr 9.86e-06
step    123 | train_loss 2.4169 | lr 9.86e-06
step    124 | train_loss 2.6611 | lr 9.85e-06
step    125 | train_loss 2.6828 | lr 9.85e-06
step    126 | train_loss 2.9513 | lr 9.84e-06
step    127 | train_loss 2.5506 | lr 9.84e-06
step    128 | train_loss 2.9448 | lr 9.83e-06
step    129 | train_loss 2.5716 | lr 9.83e-06
step    130 | train_loss 2.9393 | lr 9.83e-06
step    131 | train_loss 2.6128 | lr 9.82e-06
step    132 | train_loss 2.5729 | lr 9.82e-06
step    133 | train_loss 2.8198 | lr 9.81e-06
step    134 | train_loss 1.9503 | lr 9.81e-06
step    135 | train_loss 2.8192 | lr 9.80e-06
step    136 | train_loss 2.7494 | lr 9.80e-06
step    137 | train_loss 2.7635 | lr 9.79e-06
step    138 | train_loss 2.2789 | lr 9.79e-06
step    139 | train_loss 2.5566 | lr 9.78e-06
step    140 | train_loss 2.7229 | lr 9.78e-06
step    141 | train_loss 2.6215 | lr 9.77e-06
step    142 | train_loss 2.6842 | lr 9.77e-06
step    143 | train_loss 2.6129 | lr 9.76e-06
step    144 | train_loss 2.4473 | lr 9.76e-06
step    145 | train_loss 2.6484 | lr 9.75e-06
step    146 | train_loss 2.8564 | lr 9.75e-06
step    147 | train_loss 2.6015 | lr 9.74e-06
step    148 | train_loss 3.0055 | lr 9.74e-06
step    149 | train_loss 2.7337 | lr 9.73e-06
step    150 | train_loss 2.5754 | lr 9.73e-06
step    151 | train_loss 2.7321 | lr 9.72e-06
step    152 | train_loss 2.1839 | lr 9.72e-06
step    153 | train_loss 2.4657 | lr 9.71e-06
step    154 | train_loss 2.7029 | lr 9.71e-06
step    155 | train_loss 2.5471 | lr 9.70e-06
step    156 | train_loss 2.7621 | lr 9.69e-06
step    157 | train_loss 3.0078 | lr 9.69e-06
step    158 | train_loss 2.4609 | lr 9.68e-06
step    159 | train_loss 2.2749 | lr 9.68e-06
step    160 | train_loss 2.8738 | lr 9.67e-06
step    161 | train_loss 2.8179 | lr 9.67e-06
step    162 | train_loss 2.7010 | lr 9.66e-06
step    163 | train_loss 2.8623 | lr 9.65e-06
step    164 | train_loss 3.0282 | lr 9.65e-06
step    165 | train_loss 2.2642 | lr 9.64e-06
step    166 | train_loss 2.7633 | lr 9.63e-06
step    167 | train_loss 2.2372 | lr 9.63e-06
step    168 | train_loss 2.2382 | lr 9.62e-06
step    169 | train_loss 2.7771 | lr 9.62e-06
step    170 | train_loss 2.8346 | lr 9.61e-06
step    171 | train_loss 2.8310 | lr 9.60e-06
step    172 | train_loss 2.7749 | lr 9.60e-06
step    173 | train_loss 2.9040 | lr 9.59e-06
step    174 | train_loss 2.8960 | lr 9.58e-06
step    175 | train_loss 2.5163 | lr 9.58e-06
step    176 | train_loss 2.4230 | lr 9.57e-06
step    177 | train_loss 3.0664 | lr 9.56e-06
step    178 | train_loss 2.9394 | lr 9.56e-06
step    179 | train_loss 2.8069 | lr 9.55e-06
step    180 | train_loss 2.7323 | lr 9.54e-06
step    181 | train_loss 2.7950 | lr 9.53e-06
step    182 | train_loss 2.5758 | lr 9.53e-06
step    183 | train_loss 2.7179 | lr 9.52e-06
step    184 | train_loss 2.8671 | lr 9.51e-06
step    185 | train_loss 2.3000 | lr 9.51e-06
step    186 | train_loss 2.7758 | lr 9.50e-06
step    187 | train_loss 2.8318 | lr 9.49e-06
step    188 | train_loss 2.8315 | lr 9.48e-06
step    189 | train_loss 2.0136 | lr 9.48e-06
step    190 | train_loss 2.4126 | lr 9.47e-06
step    191 | train_loss 2.8079 | lr 9.46e-06
step    192 | train_loss 2.8430 | lr 9.45e-06
step    193 | train_loss 2.8131 | lr 9.45e-06
step    194 | train_loss 2.7332 | lr 9.44e-06
step    195 | train_loss 2.9680 | lr 9.43e-06
step    196 | train_loss 2.9403 | lr 9.42e-06
step    197 | train_loss 2.7228 | lr 9.42e-06
step    198 | train_loss 2.9561 | lr 9.41e-06
step    199 | train_loss 2.6900 | lr 9.40e-06
step    200 | train_loss 2.7370 | lr 9.39e-06
step    200 | val_loss 2.8088 | val_ppl 16.59
step    201 | train_loss 2.7326 | lr 9.38e-06
step    202 | train_loss 2.2415 | lr 9.38e-06
step    203 | train_loss 2.9684 | lr 9.37e-06
step    204 | train_loss 2.6218 | lr 9.36e-06
step    205 | train_loss 2.7894 | lr 9.35e-06
step    206 | train_loss 2.6130 | lr 9.34e-06
step    207 | train_loss 2.7195 | lr 9.33e-06
step    208 | train_loss 2.9004 | lr 9.33e-06
step    209 | train_loss 2.8948 | lr 9.32e-06
step    210 | train_loss 2.5531 | lr 9.31e-06
step    211 | train_loss 3.3512 | lr 9.30e-06
step    212 | train_loss 2.8425 | lr 9.29e-06
step    213 | train_loss 2.4871 | lr 9.28e-06
step    214 | train_loss 2.8755 | lr 9.28e-06
step    215 | train_loss 3.0361 | lr 9.27e-06
step    216 | train_loss 2.0470 | lr 9.26e-06
step    217 | train_loss 2.6527 | lr 9.25e-06
step    218 | train_loss 3.1030 | lr 9.24e-06
step    219 | train_loss 2.3544 | lr 9.23e-06
step    220 | train_loss 2.6568 | lr 9.22e-06
step    221 | train_loss 2.9890 | lr 9.21e-06
step    222 | train_loss 2.8323 | lr 9.20e-06
step    223 | train_loss 2.8367 | lr 9.20e-06
step    224 | train_loss 2.6714 | lr 9.19e-06
step    225 | train_loss 2.8019 | lr 9.18e-06
step    226 | train_loss 2.7658 | lr 9.17e-06
step    227 | train_loss 2.4351 | lr 9.16e-06
step    228 | train_loss 2.9835 | lr 9.15e-06
step    229 | train_loss 2.4541 | lr 9.14e-06
step    230 | train_loss 2.8368 | lr 9.13e-06
step    231 | train_loss 2.8476 | lr 9.12e-06
step    232 | train_loss 2.6224 | lr 9.11e-06
step    233 | train_loss 2.7850 | lr 9.10e-06
step    234 | train_loss 2.6778 | lr 9.09e-06
step    235 | train_loss 2.7565 | lr 9.08e-06
Saved checkpoint to checkpoints/sft_dolly_v2/step_235.pt
step    236 | train_loss 2.7407 | lr 9.07e-06
step    237 | train_loss 2.7759 | lr 9.06e-06
step    238 | train_loss 2.7098 | lr 9.05e-06
step    239 | train_loss 2.7609 | lr 9.04e-06
step    240 | train_loss 2.8109 | lr 9.04e-06
step    241 | train_loss 2.4417 | lr 9.03e-06
step    242 | train_loss 2.8680 | lr 9.02e-06
step    243 | train_loss 2.6598 | lr 9.01e-06
step    244 | train_loss 2.5948 | lr 9.00e-06
step    245 | train_loss 2.8355 | lr 8.99e-06
step    246 | train_loss 2.8496 | lr 8.98e-06
step    247 | train_loss 2.5967 | lr 8.97e-06
step    248 | train_loss 2.7851 | lr 8.96e-06
step    249 | train_loss 2.6438 | lr 8.94e-06
step    250 | train_loss 2.8541 | lr 8.93e-06
step    251 | train_loss 2.9220 | lr 8.92e-06
step    252 | train_loss 2.7362 | lr 8.91e-06
step    253 | train_loss 2.6570 | lr 8.90e-06
step    254 | train_loss 2.0896 | lr 8.89e-06
step    255 | train_loss 2.6440 | lr 8.88e-06
step    256 | train_loss 2.8183 | lr 8.87e-06
step    257 | train_loss 2.8069 | lr 8.86e-06
step    258 | train_loss 2.6873 | lr 8.85e-06
step    259 | train_loss 2.9435 | lr 8.84e-06
step    260 | train_loss 2.7846 | lr 8.83e-06
step    261 | train_loss 2.6149 | lr 8.82e-06
step    262 | train_loss 2.7691 | lr 8.81e-06
step    263 | train_loss 2.5671 | lr 8.80e-06
step    264 | train_loss 2.9615 | lr 8.79e-06
step    265 | train_loss 2.8924 | lr 8.78e-06
step    266 | train_loss 2.6060 | lr 8.77e-06
step    267 | train_loss 2.5521 | lr 8.75e-06
step    268 | train_loss 2.7340 | lr 8.74e-06
step    269 | train_loss 2.6373 | lr 8.73e-06
step    270 | train_loss 3.0482 | lr 8.72e-06
step    271 | train_loss 2.8970 | lr 8.71e-06
step    272 | train_loss 2.4342 | lr 8.70e-06
step    273 | train_loss 2.9650 | lr 8.69e-06
step    274 | train_loss 3.0085 | lr 8.68e-06
step    275 | train_loss 2.6353 | lr 8.67e-06
step    276 | train_loss 2.6760 | lr 8.65e-06
step    277 | train_loss 2.7515 | lr 8.64e-06
step    278 | train_loss 2.4911 | lr 8.63e-06
step    279 | train_loss 2.7693 | lr 8.62e-06
step    280 | train_loss 2.3817 | lr 8.61e-06
step    281 | train_loss 2.5932 | lr 8.60e-06
step    282 | train_loss 3.0227 | lr 8.59e-06
step    283 | train_loss 2.7031 | lr 8.57e-06
step    284 | train_loss 2.7847 | lr 8.56e-06
step    285 | train_loss 2.7116 | lr 8.55e-06
step    286 | train_loss 2.5773 | lr 8.54e-06
step    287 | train_loss 2.3970 | lr 8.53e-06
step    288 | train_loss 2.7771 | lr 8.52e-06
step    289 | train_loss 2.9700 | lr 8.50e-06
step    290 | train_loss 2.5255 | lr 8.49e-06
step    291 | train_loss 2.8230 | lr 8.48e-06
step    292 | train_loss 3.1055 | lr 8.47e-06
step    293 | train_loss 2.8577 | lr 8.46e-06
step    294 | train_loss 2.6335 | lr 8.44e-06
step    295 | train_loss 2.8271 | lr 8.43e-06
step    296 | train_loss 2.5174 | lr 8.42e-06
step    297 | train_loss 2.3613 | lr 8.41e-06
step    298 | train_loss 2.7667 | lr 8.40e-06
step    299 | train_loss 2.8520 | lr 8.38e-06
step    300 | train_loss 2.9011 | lr 8.37e-06
step    300 | val_loss 2.7961 | val_ppl 16.38
step    301 | train_loss 2.6778 | lr 8.36e-06
step    302 | train_loss 2.5984 | lr 8.35e-06
step    303 | train_loss 2.2814 | lr 8.33e-06
step    304 | train_loss 2.6419 | lr 8.32e-06
step    305 | train_loss 2.5227 | lr 8.31e-06
step    306 | train_loss 2.6978 | lr 8.30e-06
step    307 | train_loss 2.6247 | lr 8.28e-06
step    308 | train_loss 2.4531 | lr 8.27e-06
step    309 | train_loss 2.4080 | lr 8.26e-06
step    310 | train_loss 2.7477 | lr 8.25e-06
step    311 | train_loss 2.5437 | lr 8.23e-06
step    312 | train_loss 2.8957 | lr 8.22e-06
step    313 | train_loss 2.6418 | lr 8.21e-06
step    314 | train_loss 2.9960 | lr 8.20e-06
step    315 | train_loss 2.5710 | lr 8.18e-06
step    316 | train_loss 2.7697 | lr 8.17e-06
step    317 | train_loss 2.9060 | lr 8.16e-06
step    318 | train_loss 2.5057 | lr 8.15e-06
step    319 | train_loss 3.3005 | lr 8.13e-06
step    320 | train_loss 2.9739 | lr 8.12e-06
step    321 | train_loss 2.6855 | lr 8.11e-06
step    322 | train_loss 2.7393 | lr 8.09e-06
step    323 | train_loss 2.9930 | lr 8.08e-06
step    324 | train_loss 2.6714 | lr 8.07e-06
step    325 | train_loss 2.6313 | lr 8.05e-06
step    326 | train_loss 2.9792 | lr 8.04e-06
step    327 | train_loss 2.8646 | lr 8.03e-06
step    328 | train_loss 2.9876 | lr 8.01e-06
step    329 | train_loss 2.9232 | lr 8.00e-06
step    330 | train_loss 2.7708 | lr 7.99e-06
step    331 | train_loss 2.6738 | lr 7.98e-06
step    332 | train_loss 2.6382 | lr 7.96e-06
step    333 | train_loss 2.7864 | lr 7.95e-06
step    334 | train_loss 2.6570 | lr 7.94e-06
step    335 | train_loss 2.6954 | lr 7.92e-06
step    336 | train_loss 2.8810 | lr 7.91e-06
step    337 | train_loss 2.8718 | lr 7.90e-06
step    338 | train_loss 2.9484 | lr 7.88e-06
step    339 | train_loss 2.6792 | lr 7.87e-06
step    340 | train_loss 2.8154 | lr 7.85e-06
step    341 | train_loss 2.4151 | lr 7.84e-06
step    342 | train_loss 2.7110 | lr 7.83e-06
step    343 | train_loss 2.5098 | lr 7.81e-06
step    344 | train_loss 2.8901 | lr 7.80e-06
step    345 | train_loss 2.4917 | lr 7.79e-06
step    346 | train_loss 2.6886 | lr 7.77e-06
step    347 | train_loss 2.9791 | lr 7.76e-06
step    348 | train_loss 2.4613 | lr 7.75e-06
step    349 | train_loss 2.5848 | lr 7.73e-06
step    350 | train_loss 2.8121 | lr 7.72e-06
step    351 | train_loss 2.4136 | lr 7.70e-06
step    352 | train_loss 2.8339 | lr 7.69e-06
step    353 | train_loss 2.4157 | lr 7.68e-06
step    354 | train_loss 2.7137 | lr 7.66e-06
step    355 | train_loss 2.6128 | lr 7.65e-06
step    356 | train_loss 2.8489 | lr 7.63e-06
step    357 | train_loss 2.4785 | lr 7.62e-06
step    358 | train_loss 2.5908 | lr 7.61e-06
step    359 | train_loss 2.3866 | lr 7.59e-06
step    360 | train_loss 2.4231 | lr 7.58e-06
step    361 | train_loss 2.8288 | lr 7.56e-06
step    362 | train_loss 2.3770 | lr 7.55e-06
step    363 | train_loss 2.9122 | lr 7.54e-06
step    364 | train_loss 2.6766 | lr 7.52e-06
step    365 | train_loss 2.6587 | lr 7.51e-06
step    366 | train_loss 2.6099 | lr 7.49e-06
step    367 | train_loss 2.7676 | lr 7.48e-06
step    368 | train_loss 2.6649 | lr 7.46e-06
step    369 | train_loss 2.5934 | lr 7.45e-06
step    370 | train_loss 2.6675 | lr 7.44e-06
step    371 | train_loss 2.7543 | lr 7.42e-06
step    372 | train_loss 3.0243 | lr 7.41e-06
step    373 | train_loss 2.8230 | lr 7.39e-06
step    374 | train_loss 2.8349 | lr 7.38e-06
step    375 | train_loss 2.5463 | lr 7.36e-06
step    376 | train_loss 2.6267 | lr 7.35e-06
step    377 | train_loss 1.9448 | lr 7.34e-06
step    378 | train_loss 2.4816 | lr 7.32e-06
step    379 | train_loss 2.5902 | lr 7.31e-06
step    380 | train_loss 2.9043 | lr 7.29e-06
step    381 | train_loss 2.6639 | lr 7.28e-06
step    382 | train_loss 2.7176 | lr 7.26e-06
step    383 | train_loss 2.6834 | lr 7.25e-06
step    384 | train_loss 2.6287 | lr 7.23e-06
step    385 | train_loss 2.6661 | lr 7.22e-06
step    386 | train_loss 2.6693 | lr 7.20e-06
step    387 | train_loss 2.0475 | lr 7.19e-06
step    388 | train_loss 2.4577 | lr 7.17e-06
step    389 | train_loss 2.8841 | lr 7.16e-06
step    390 | train_loss 2.8920 | lr 7.14e-06
step    391 | train_loss 2.7262 | lr 7.13e-06
step    392 | train_loss 2.6840 | lr 7.12e-06
step    393 | train_loss 2.6831 | lr 7.10e-06
step    394 | train_loss 2.6433 | lr 7.09e-06
step    395 | train_loss 2.8026 | lr 7.07e-06
step    396 | train_loss 2.6806 | lr 7.06e-06
step    397 | train_loss 2.3693 | lr 7.04e-06
step    398 | train_loss 2.6147 | lr 7.03e-06
step    399 | train_loss 2.8213 | lr 7.01e-06
step    400 | train_loss 2.6314 | lr 7.00e-06
step    400 | val_loss 2.7882 | val_ppl 16.25
step    401 | train_loss 2.7990 | lr 6.98e-06
step    402 | train_loss 2.6381 | lr 6.97e-06
step    403 | train_loss 2.5901 | lr 6.95e-06
step    404 | train_loss 2.5835 | lr 6.94e-06
step    405 | train_loss 2.4766 | lr 6.92e-06
step    406 | train_loss 2.7349 | lr 6.91e-06
step    407 | train_loss 2.8225 | lr 6.89e-06
step    408 | train_loss 2.7515 | lr 6.88e-06
step    409 | train_loss 2.0311 | lr 6.86e-06
step    410 | train_loss 2.7350 | lr 6.85e-06
step    411 | train_loss 2.4604 | lr 6.83e-06
step    412 | train_loss 2.5425 | lr 6.81e-06
step    413 | train_loss 2.8490 | lr 6.80e-06
step    414 | train_loss 3.0926 | lr 6.78e-06
step    415 | train_loss 2.5648 | lr 6.77e-06
step    416 | train_loss 2.9029 | lr 6.75e-06
step    417 | train_loss 2.4950 | lr 6.74e-06
step    418 | train_loss 2.8497 | lr 6.72e-06
step    419 | train_loss 2.3705 | lr 6.71e-06
step    420 | train_loss 2.8236 | lr 6.69e-06
step    421 | train_loss 2.5009 | lr 6.68e-06
step    422 | train_loss 2.7564 | lr 6.66e-06
step    423 | train_loss 2.5088 | lr 6.65e-06
step    424 | train_loss 2.8862 | lr 6.63e-06
step    425 | train_loss 2.6333 | lr 6.62e-06
step    426 | train_loss 2.7515 | lr 6.60e-06
step    427 | train_loss 2.4272 | lr 6.59e-06
step    428 | train_loss 2.9737 | lr 6.57e-06
step    429 | train_loss 2.4753 | lr 6.55e-06
step    430 | train_loss 2.5082 | lr 6.54e-06
step    431 | train_loss 2.5292 | lr 6.52e-06
step    432 | train_loss 2.7514 | lr 6.51e-06
step    433 | train_loss 2.0267 | lr 6.49e-06
step    434 | train_loss 2.2831 | lr 6.48e-06
step    435 | train_loss 2.4162 | lr 6.46e-06
step    436 | train_loss 2.6172 | lr 6.45e-06
step    437 | train_loss 2.5051 | lr 6.43e-06
step    438 | train_loss 2.9191 | lr 6.41e-06
step    439 | train_loss 2.1938 | lr 6.40e-06
step    440 | train_loss 2.5048 | lr 6.38e-06
step    441 | train_loss 2.8826 | lr 6.37e-06
step    442 | train_loss 2.4089 | lr 6.35e-06
step    443 | train_loss 2.4888 | lr 6.34e-06
step    444 | train_loss 2.6538 | lr 6.32e-06
step    445 | train_loss 1.6822 | lr 6.31e-06
step    446 | train_loss 2.4999 | lr 6.29e-06
step    447 | train_loss 2.8675 | lr 6.27e-06
step    448 | train_loss 1.9980 | lr 6.26e-06
step    449 | train_loss 2.8730 | lr 6.24e-06
step    450 | train_loss 2.6466 | lr 6.23e-06
step    451 | train_loss 2.8685 | lr 6.21e-06
step    452 | train_loss 2.6411 | lr 6.20e-06
step    453 | train_loss 2.0705 | lr 6.18e-06
step    454 | train_loss 2.3634 | lr 6.16e-06
step    455 | train_loss 2.6438 | lr 6.15e-06
step    456 | train_loss 2.6530 | lr 6.13e-06
step    457 | train_loss 2.4369 | lr 6.12e-06
step    458 | train_loss 2.8573 | lr 6.10e-06
step    459 | train_loss 2.3375 | lr 6.09e-06
step    460 | train_loss 2.8769 | lr 6.07e-06
step    461 | train_loss 2.7636 | lr 6.05e-06
step    462 | train_loss 2.6475 | lr 6.04e-06
step    463 | train_loss 2.5705 | lr 6.02e-06
step    464 | train_loss 2.4399 | lr 6.01e-06
step    465 | train_loss 2.5280 | lr 5.99e-06
step    466 | train_loss 2.5233 | lr 5.98e-06
step    467 | train_loss 2.5229 | lr 5.96e-06
step    468 | train_loss 2.5869 | lr 5.94e-06
step    469 | train_loss 2.5087 | lr 5.93e-06
step    470 | train_loss 2.4863 | lr 5.91e-06
Saved checkpoint to checkpoints/sft_dolly_v2/step_470.pt
step    471 | train_loss 2.7725 | lr 5.90e-06
step    472 | train_loss 2.4326 | lr 5.88e-06
step    473 | train_loss 2.6657 | lr 5.86e-06
step    474 | train_loss 2.2434 | lr 5.85e-06
step    475 | train_loss 2.7094 | lr 5.83e-06
step    476 | train_loss 2.3696 | lr 5.82e-06
step    477 | train_loss 2.9901 | lr 5.80e-06
step    478 | train_loss 2.7684 | lr 5.79e-06
step    479 | train_loss 2.5812 | lr 5.77e-06
step    480 | train_loss 2.6195 | lr 5.75e-06
step    481 | train_loss 2.6732 | lr 5.74e-06
step    482 | train_loss 2.5650 | lr 5.72e-06
step    483 | train_loss 2.6761 | lr 5.71e-06
step    484 | train_loss 2.5244 | lr 5.69e-06
step    485 | train_loss 2.3444 | lr 5.67e-06
step    486 | train_loss 2.3356 | lr 5.66e-06
step    487 | train_loss 2.5629 | lr 5.64e-06
step    488 | train_loss 2.5632 | lr 5.63e-06
step    489 | train_loss 2.2297 | lr 5.61e-06
step    490 | train_loss 2.8838 | lr 5.60e-06
step    491 | train_loss 2.8862 | lr 5.58e-06
step    492 | train_loss 2.7493 | lr 5.56e-06
step    493 | train_loss 2.3860 | lr 5.55e-06
step    494 | train_loss 2.7333 | lr 5.53e-06
step    495 | train_loss 2.7217 | lr 5.52e-06
step    496 | train_loss 2.8869 | lr 5.50e-06
step    497 | train_loss 2.8437 | lr 5.48e-06
step    498 | train_loss 2.5911 | lr 5.47e-06
step    499 | train_loss 2.3983 | lr 5.45e-06
step    500 | train_loss 2.5645 | lr 5.44e-06
step    500 | val_loss 2.7831 | val_ppl 16.17
step    501 | train_loss 2.6507 | lr 5.42e-06
step    502 | train_loss 2.2630 | lr 5.40e-06
step    503 | train_loss 2.5285 | lr 5.39e-06
step    504 | train_loss 2.4640 | lr 5.37e-06
step    505 | train_loss 2.7449 | lr 5.36e-06
step    506 | train_loss 2.2860 | lr 5.34e-06
step    507 | train_loss 2.4830 | lr 5.33e-06
step    508 | train_loss 2.8366 | lr 5.31e-06
step    509 | train_loss 2.0593 | lr 5.29e-06
step    510 | train_loss 2.4897 | lr 5.28e-06
step    511 | train_loss 2.4067 | lr 5.26e-06
step    512 | train_loss 3.0280 | lr 5.25e-06
step    513 | train_loss 2.8173 | lr 5.23e-06
step    514 | train_loss 2.4705 | lr 5.21e-06
step    515 | train_loss 2.9507 | lr 5.20e-06
step    516 | train_loss 2.7177 | lr 5.18e-06
step    517 | train_loss 2.7231 | lr 5.17e-06
step    518 | train_loss 2.7857 | lr 5.15e-06
step    519 | train_loss 2.6316 | lr 5.14e-06
step    520 | train_loss 2.5714 | lr 5.12e-06
step    521 | train_loss 2.5723 | lr 5.10e-06
step    522 | train_loss 2.8029 | lr 5.09e-06
step    523 | train_loss 2.7738 | lr 5.07e-06
step    524 | train_loss 2.6381 | lr 5.06e-06
step    525 | train_loss 2.8353 | lr 5.04e-06
step    526 | train_loss 2.6159 | lr 5.02e-06
step    527 | train_loss 2.5157 | lr 5.01e-06
step    528 | train_loss 2.8082 | lr 4.99e-06
step    529 | train_loss 2.5368 | lr 4.98e-06
step    530 | train_loss 2.7519 | lr 4.96e-06
step    531 | train_loss 2.4544 | lr 4.95e-06
step    532 | train_loss 2.6912 | lr 4.93e-06
step    533 | train_loss 2.2483 | lr 4.91e-06
step    534 | train_loss 2.7080 | lr 4.90e-06
step    535 | train_loss 2.1855 | lr 4.88e-06
step    536 | train_loss 2.9435 | lr 4.87e-06
step    537 | train_loss 2.4684 | lr 4.85e-06
step    538 | train_loss 2.9192 | lr 4.84e-06
step    539 | train_loss 2.7757 | lr 4.82e-06
step    540 | train_loss 2.4428 | lr 4.80e-06
step    541 | train_loss 2.8094 | lr 4.79e-06
step    542 | train_loss 2.8128 | lr 4.77e-06
step    543 | train_loss 2.7232 | lr 4.76e-06
step    544 | train_loss 2.6089 | lr 4.74e-06
step    545 | train_loss 2.4607 | lr 4.73e-06
step    546 | train_loss 2.2840 | lr 4.71e-06
step    547 | train_loss 2.3034 | lr 4.69e-06
step    548 | train_loss 2.5991 | lr 4.68e-06
step    549 | train_loss 2.4460 | lr 4.66e-06
step    550 | train_loss 2.5747 | lr 4.65e-06
step    551 | train_loss 2.7743 | lr 4.63e-06
step    552 | train_loss 2.7579 | lr 4.62e-06
step    553 | train_loss 2.5233 | lr 4.60e-06
step    554 | train_loss 2.8707 | lr 4.59e-06
step    555 | train_loss 2.5359 | lr 4.57e-06
step    556 | train_loss 2.4836 | lr 4.55e-06
step    557 | train_loss 2.0501 | lr 4.54e-06
step    558 | train_loss 2.4448 | lr 4.52e-06
step    559 | train_loss 2.3210 | lr 4.51e-06
step    560 | train_loss 2.6542 | lr 4.49e-06
step    561 | train_loss 2.8719 | lr 4.48e-06
step    562 | train_loss 2.5681 | lr 4.46e-06
step    563 | train_loss 2.3238 | lr 4.45e-06
step    564 | train_loss 2.3023 | lr 4.43e-06
step    565 | train_loss 2.4806 | lr 4.41e-06
step    566 | train_loss 2.7090 | lr 4.40e-06
step    567 | train_loss 2.5724 | lr 4.38e-06
step    568 | train_loss 2.6045 | lr 4.37e-06
step    569 | train_loss 2.7080 | lr 4.35e-06
step    570 | train_loss 2.5302 | lr 4.34e-06
step    571 | train_loss 2.7235 | lr 4.32e-06
step    572 | train_loss 2.1966 | lr 4.31e-06
step    573 | train_loss 2.4242 | lr 4.29e-06
step    574 | train_loss 2.5804 | lr 4.28e-06
step    575 | train_loss 2.4595 | lr 4.26e-06
step    576 | train_loss 2.9333 | lr 4.25e-06
step    577 | train_loss 2.3431 | lr 4.23e-06
step    578 | train_loss 2.3490 | lr 4.22e-06
step    579 | train_loss 2.3802 | lr 4.20e-06
step    580 | train_loss 2.5321 | lr 4.19e-06
step    581 | train_loss 2.4134 | lr 4.17e-06
step    582 | train_loss 2.6679 | lr 4.15e-06
step    583 | train_loss 2.2760 | lr 4.14e-06
step    584 | train_loss 2.7950 | lr 4.12e-06
step    585 | train_loss 2.3057 | lr 4.11e-06
step    586 | train_loss 2.4268 | lr 4.09e-06
step    587 | train_loss 2.6989 | lr 4.08e-06
step    588 | train_loss 2.7258 | lr 4.06e-06
step    589 | train_loss 2.5331 | lr 4.05e-06
step    590 | train_loss 2.5866 | lr 4.03e-06
step    591 | train_loss 2.6574 | lr 4.02e-06
step    592 | train_loss 2.7937 | lr 4.00e-06
step    593 | train_loss 2.6491 | lr 3.99e-06
step    594 | train_loss 2.5618 | lr 3.97e-06
step    595 | train_loss 2.7132 | lr 3.96e-06
step    596 | train_loss 2.4257 | lr 3.94e-06
step    597 | train_loss 2.7993 | lr 3.93e-06
step    598 | train_loss 2.5999 | lr 3.91e-06
step    599 | train_loss 2.2175 | lr 3.90e-06
step    600 | train_loss 2.5016 | lr 3.88e-06
step    600 | val_loss 2.7805 | val_ppl 16.13
step    601 | train_loss 2.4631 | lr 3.87e-06
step    602 | train_loss 2.9032 | lr 3.86e-06
step    603 | train_loss 2.7053 | lr 3.84e-06
step    604 | train_loss 2.5958 | lr 3.83e-06
step    605 | train_loss 2.7382 | lr 3.81e-06
step    606 | train_loss 2.2582 | lr 3.80e-06
step    607 | train_loss 1.9880 | lr 3.78e-06
step    608 | train_loss 2.7470 | lr 3.77e-06
step    609 | train_loss 2.8890 | lr 3.75e-06
step    610 | train_loss 2.6649 | lr 3.74e-06
step    611 | train_loss 2.5951 | lr 3.72e-06
step    612 | train_loss 2.5320 | lr 3.71e-06
step    613 | train_loss 2.6463 | lr 3.69e-06
step    614 | train_loss 2.6288 | lr 3.68e-06
step    615 | train_loss 2.8012 | lr 3.66e-06
step    616 | train_loss 2.2798 | lr 3.65e-06
step    617 | train_loss 2.6464 | lr 3.64e-06
step    618 | train_loss 2.5592 | lr 3.62e-06
step    619 | train_loss 2.5695 | lr 3.61e-06
step    620 | train_loss 2.9188 | lr 3.59e-06
step    621 | train_loss 2.9970 | lr 3.58e-06
step    622 | train_loss 2.4547 | lr 3.56e-06
step    623 | train_loss 2.7255 | lr 3.55e-06
step    624 | train_loss 2.4023 | lr 3.54e-06
step    625 | train_loss 2.3100 | lr 3.52e-06
step    626 | train_loss 2.7337 | lr 3.51e-06
step    627 | train_loss 2.3512 | lr 3.49e-06
step    628 | train_loss 2.6586 | lr 3.48e-06
step    629 | train_loss 2.7474 | lr 3.46e-06
step    630 | train_loss 2.7221 | lr 3.45e-06
step    631 | train_loss 2.8406 | lr 3.44e-06
step    632 | train_loss 2.2200 | lr 3.42e-06
step    633 | train_loss 2.7910 | lr 3.41e-06
step    634 | train_loss 2.5343 | lr 3.39e-06
step    635 | train_loss 2.3993 | lr 3.38e-06
step    636 | train_loss 2.2107 | lr 3.37e-06
step    637 | train_loss 2.1563 | lr 3.35e-06
step    638 | train_loss 2.8022 | lr 3.34e-06
step    639 | train_loss 2.4763 | lr 3.32e-06
step    640 | train_loss 2.3804 | lr 3.31e-06
step    641 | train_loss 2.7390 | lr 3.30e-06
step    642 | train_loss 2.8506 | lr 3.28e-06
step    643 | train_loss 2.8951 | lr 3.27e-06
step    644 | train_loss 2.5145 | lr 3.25e-06
step    645 | train_loss 2.7709 | lr 3.24e-06
step    646 | train_loss 2.6375 | lr 3.23e-06
step    647 | train_loss 2.9909 | lr 3.21e-06
step    648 | train_loss 2.3852 | lr 3.20e-06
step    649 | train_loss 2.4385 | lr 3.19e-06
step    650 | train_loss 2.4796 | lr 3.17e-06
step    651 | train_loss 2.5870 | lr 3.16e-06
step    652 | train_loss 2.6571 | lr 3.15e-06
step    653 | train_loss 2.6416 | lr 3.13e-06
step    654 | train_loss 2.7527 | lr 3.12e-06
step    655 | train_loss 2.2849 | lr 3.10e-06
step    656 | train_loss 2.1189 | lr 3.09e-06
step    657 | train_loss 2.4337 | lr 3.08e-06
step    658 | train_loss 2.6420 | lr 3.06e-06
step    659 | train_loss 2.8784 | lr 3.05e-06
step    660 | train_loss 2.6508 | lr 3.04e-06
step    661 | train_loss 2.7055 | lr 3.02e-06
step    662 | train_loss 2.8996 | lr 3.01e-06
step    663 | train_loss 2.2847 | lr 3.00e-06
step    664 | train_loss 2.8337 | lr 2.99e-06
step    665 | train_loss 2.6098 | lr 2.97e-06
step    666 | train_loss 2.5935 | lr 2.96e-06
step    667 | train_loss 2.4700 | lr 2.95e-06
step    668 | train_loss 2.2812 | lr 2.93e-06
step    669 | train_loss 2.6647 | lr 2.92e-06
step    670 | train_loss 2.5651 | lr 2.91e-06
step    671 | train_loss 2.5910 | lr 2.89e-06
step    672 | train_loss 2.5720 | lr 2.88e-06
step    673 | train_loss 2.7725 | lr 2.87e-06
step    674 | train_loss 2.6669 | lr 2.85e-06
step    675 | train_loss 2.6176 | lr 2.84e-06
step    676 | train_loss 2.5540 | lr 2.83e-06
step    677 | train_loss 2.6478 | lr 2.82e-06
step    678 | train_loss 2.8945 | lr 2.80e-06
step    679 | train_loss 2.6016 | lr 2.79e-06
step    680 | train_loss 2.5976 | lr 2.78e-06
step    681 | train_loss 2.7576 | lr 2.77e-06
step    682 | train_loss 2.4491 | lr 2.75e-06
step    683 | train_loss 2.8662 | lr 2.74e-06
step    684 | train_loss 2.7283 | lr 2.73e-06
step    685 | train_loss 2.5275 | lr 2.72e-06
step    686 | train_loss 2.3418 | lr 2.70e-06
step    687 | train_loss 2.4273 | lr 2.69e-06
step    688 | train_loss 2.1917 | lr 2.68e-06
step    689 | train_loss 2.6798 | lr 2.67e-06
step    690 | train_loss 2.0782 | lr 2.65e-06
step    691 | train_loss 2.8429 | lr 2.64e-06
step    692 | train_loss 2.7968 | lr 2.63e-06
step    693 | train_loss 2.8328 | lr 2.62e-06
step    694 | train_loss 2.6713 | lr 2.60e-06
step    695 | train_loss 2.5439 | lr 2.59e-06
step    696 | train_loss 2.4974 | lr 2.58e-06
step    697 | train_loss 2.3362 | lr 2.57e-06
step    698 | train_loss 2.2186 | lr 2.56e-06
step    699 | train_loss 2.3760 | lr 2.54e-06
step    700 | train_loss 2.9488 | lr 2.53e-06
step    700 | val_loss 2.7781 | val_ppl 16.09
step    701 | train_loss 2.7110 | lr 2.52e-06
step    702 | train_loss 2.8432 | lr 2.51e-06
step    703 | train_loss 2.2727 | lr 2.50e-06
step    704 | train_loss 2.3917 | lr 2.48e-06
step    705 | train_loss 2.2687 | lr 2.47e-06
Saved checkpoint to checkpoints/sft_dolly_v2/step_705.pt
step    706 | train_loss 2.2882 | lr 2.46e-06
step    707 | train_loss 2.6079 | lr 2.45e-06
step    708 | train_loss 2.6895 | lr 2.44e-06
step    709 | train_loss 2.5707 | lr 2.43e-06
step    710 | train_loss 2.5729 | lr 2.41e-06
step    711 | train_loss 2.8320 | lr 2.40e-06
step    712 | train_loss 2.7688 | lr 2.39e-06
step    713 | train_loss 2.6314 | lr 2.38e-06
step    714 | train_loss 2.8331 | lr 2.37e-06
step    715 | train_loss 2.7462 | lr 2.36e-06
step    716 | train_loss 2.6856 | lr 2.35e-06
step    717 | train_loss 2.5920 | lr 2.33e-06
step    718 | train_loss 2.7167 | lr 2.32e-06
step    719 | train_loss 2.9420 | lr 2.31e-06
step    720 | train_loss 2.7277 | lr 2.30e-06
step    721 | train_loss 2.6135 | lr 2.29e-06
step    722 | train_loss 2.3523 | lr 2.28e-06
step    723 | train_loss 2.6280 | lr 2.27e-06
step    724 | train_loss 2.9739 | lr 2.26e-06
step    725 | train_loss 2.5053 | lr 2.25e-06
step    726 | train_loss 2.3810 | lr 2.23e-06
step    727 | train_loss 2.4215 | lr 2.22e-06
step    728 | train_loss 2.7975 | lr 2.21e-06
step    729 | train_loss 2.4568 | lr 2.20e-06
step    730 | train_loss 2.3252 | lr 2.19e-06
step    731 | train_loss 2.7777 | lr 2.18e-06
step    732 | train_loss 2.5849 | lr 2.17e-06
step    733 | train_loss 2.4885 | lr 2.16e-06
step    734 | train_loss 2.5702 | lr 2.15e-06
step    735 | train_loss 2.8493 | lr 2.14e-06
step    736 | train_loss 2.5804 | lr 2.13e-06
step    737 | train_loss 2.5133 | lr 2.12e-06
step    738 | train_loss 2.4872 | lr 2.11e-06
step    739 | train_loss 2.4792 | lr 2.10e-06
step    740 | train_loss 2.4259 | lr 2.09e-06
step    741 | train_loss 2.7669 | lr 2.08e-06
step    742 | train_loss 2.6442 | lr 2.07e-06
step    743 | train_loss 2.8230 | lr 2.06e-06
step    744 | train_loss 2.6932 | lr 2.04e-06
step    745 | train_loss 2.4170 | lr 2.03e-06
step    746 | train_loss 2.3296 | lr 2.02e-06
step    747 | train_loss 2.3382 | lr 2.01e-06
step    748 | train_loss 2.7883 | lr 2.00e-06
step    749 | train_loss 2.4277 | lr 1.99e-06
step    750 | train_loss 2.5476 | lr 1.98e-06
step    751 | train_loss 2.7562 | lr 1.97e-06
step    752 | train_loss 2.5899 | lr 1.96e-06
step    753 | train_loss 2.5860 | lr 1.96e-06
step    754 | train_loss 2.6689 | lr 1.95e-06
step    755 | train_loss 2.5234 | lr 1.94e-06
step    756 | train_loss 2.8538 | lr 1.93e-06
step    757 | train_loss 2.5678 | lr 1.92e-06
step    758 | train_loss 2.4292 | lr 1.91e-06
step    759 | train_loss 2.7361 | lr 1.90e-06
step    760 | train_loss 2.6624 | lr 1.89e-06
step    761 | train_loss 2.5612 | lr 1.88e-06
step    762 | train_loss 2.4901 | lr 1.87e-06
step    763 | train_loss 2.7491 | lr 1.86e-06
step    764 | train_loss 2.7588 | lr 1.85e-06
step    765 | train_loss 2.3980 | lr 1.84e-06
step    766 | train_loss 2.2310 | lr 1.83e-06
step    767 | train_loss 2.4960 | lr 1.82e-06
step    768 | train_loss 2.7006 | lr 1.81e-06
step    769 | train_loss 2.7666 | lr 1.80e-06
step    770 | train_loss 2.0023 | lr 1.80e-06
step    771 | train_loss 2.6300 | lr 1.79e-06
step    772 | train_loss 2.6763 | lr 1.78e-06
step    773 | train_loss 2.5245 | lr 1.77e-06
step    774 | train_loss 2.6108 | lr 1.76e-06
step    775 | train_loss 2.3040 | lr 1.75e-06
step    776 | train_loss 2.2789 | lr 1.74e-06
step    777 | train_loss 2.7726 | lr 1.73e-06
step    778 | train_loss 2.7082 | lr 1.72e-06
step    779 | train_loss 2.5358 | lr 1.72e-06
step    780 | train_loss 2.6461 | lr 1.71e-06
step    781 | train_loss 2.6102 | lr 1.70e-06
step    782 | train_loss 2.6887 | lr 1.69e-06
step    783 | train_loss 2.7679 | lr 1.68e-06
step    784 | train_loss 2.8464 | lr 1.67e-06
step    785 | train_loss 2.5683 | lr 1.67e-06
step    786 | train_loss 2.4226 | lr 1.66e-06
step    787 | train_loss 2.5114 | lr 1.65e-06
step    788 | train_loss 2.7072 | lr 1.64e-06
step    789 | train_loss 2.5731 | lr 1.63e-06
step    790 | train_loss 2.5218 | lr 1.62e-06
step    791 | train_loss 2.4193 | lr 1.62e-06
step    792 | train_loss 2.4532 | lr 1.61e-06
step    793 | train_loss 2.7674 | lr 1.60e-06
step    794 | train_loss 2.7623 | lr 1.59e-06
step    795 | train_loss 2.8423 | lr 1.58e-06
step    796 | train_loss 2.5815 | lr 1.58e-06
step    797 | train_loss 2.4529 | lr 1.57e-06
step    798 | train_loss 2.5688 | lr 1.56e-06
step    799 | train_loss 2.3301 | lr 1.55e-06
step    800 | train_loss 2.3612 | lr 1.55e-06
step    800 | val_loss 2.7768 | val_ppl 16.07
step    801 | train_loss 2.5622 | lr 1.54e-06
step    802 | train_loss 2.2385 | lr 1.53e-06
step    803 | train_loss 2.2537 | lr 1.52e-06
step    804 | train_loss 2.8540 | lr 1.52e-06
step    805 | train_loss 2.3534 | lr 1.51e-06
step    806 | train_loss 2.6324 | lr 1.50e-06
step    807 | train_loss 2.5572 | lr 1.49e-06
step    808 | train_loss 2.7139 | lr 1.49e-06
step    809 | train_loss 2.4450 | lr 1.48e-06
step    810 | train_loss 2.5120 | lr 1.47e-06
step    811 | train_loss 2.6216 | lr 1.47e-06
step    812 | train_loss 2.7011 | lr 1.46e-06
step    813 | train_loss 2.0827 | lr 1.45e-06
step    814 | train_loss 2.5846 | lr 1.44e-06
step    815 | train_loss 2.9743 | lr 1.44e-06
step    816 | train_loss 2.0294 | lr 1.43e-06
step    817 | train_loss 2.6624 | lr 1.42e-06
step    818 | train_loss 2.7314 | lr 1.42e-06
step    819 | train_loss 2.4525 | lr 1.41e-06
step    820 | train_loss 2.7196 | lr 1.40e-06
step    821 | train_loss 2.4735 | lr 1.40e-06
step    822 | train_loss 2.7045 | lr 1.39e-06
step    823 | train_loss 2.5051 | lr 1.38e-06
step    824 | train_loss 2.7391 | lr 1.38e-06
step    825 | train_loss 2.7740 | lr 1.37e-06
step    826 | train_loss 2.4494 | lr 1.37e-06
step    827 | train_loss 3.1178 | lr 1.36e-06
step    828 | train_loss 2.3255 | lr 1.35e-06
step    829 | train_loss 2.6592 | lr 1.35e-06
step    830 | train_loss 2.3351 | lr 1.34e-06
step    831 | train_loss 2.9317 | lr 1.33e-06
step    832 | train_loss 2.6073 | lr 1.33e-06
step    833 | train_loss 2.5752 | lr 1.32e-06
step    834 | train_loss 2.6518 | lr 1.32e-06
step    835 | train_loss 2.6262 | lr 1.31e-06
step    836 | train_loss 2.3745 | lr 1.31e-06
step    837 | train_loss 2.6199 | lr 1.30e-06
step    838 | train_loss 2.8076 | lr 1.29e-06
step    839 | train_loss 2.7139 | lr 1.29e-06
step    840 | train_loss 3.0734 | lr 1.28e-06
step    841 | train_loss 2.7164 | lr 1.28e-06
step    842 | train_loss 2.4139 | lr 1.27e-06
step    843 | train_loss 2.6180 | lr 1.27e-06
step    844 | train_loss 2.7978 | lr 1.26e-06
step    845 | train_loss 2.4840 | lr 1.26e-06
step    846 | train_loss 1.9492 | lr 1.25e-06
step    847 | train_loss 2.4625 | lr 1.25e-06
step    848 | train_loss 2.5102 | lr 1.24e-06
step    849 | train_loss 2.5841 | lr 1.24e-06
step    850 | train_loss 2.5272 | lr 1.23e-06
step    851 | train_loss 2.4578 | lr 1.23e-06
step    852 | train_loss 2.4905 | lr 1.22e-06
step    853 | train_loss 2.6647 | lr 1.22e-06
step    854 | train_loss 2.7258 | lr 1.21e-06
step    855 | train_loss 2.2271 | lr 1.21e-06
step    856 | train_loss 2.6491 | lr 1.20e-06
step    857 | train_loss 2.7323 | lr 1.20e-06
step    858 | train_loss 2.7910 | lr 1.19e-06
step    859 | train_loss 2.7059 | lr 1.19e-06
step    860 | train_loss 2.4698 | lr 1.18e-06
step    861 | train_loss 2.7202 | lr 1.18e-06
step    862 | train_loss 2.6437 | lr 1.17e-06
step    863 | train_loss 2.4345 | lr 1.17e-06
step    864 | train_loss 2.4659 | lr 1.17e-06
step    865 | train_loss 2.8131 | lr 1.16e-06
step    866 | train_loss 2.4340 | lr 1.16e-06
step    867 | train_loss 2.5795 | lr 1.15e-06
step    868 | train_loss 2.2112 | lr 1.15e-06
step    869 | train_loss 2.7167 | lr 1.14e-06
step    870 | train_loss 2.6547 | lr 1.14e-06
step    871 | train_loss 2.7858 | lr 1.14e-06
step    872 | train_loss 2.4869 | lr 1.13e-06
step    873 | train_loss 2.5985 | lr 1.13e-06
step    874 | train_loss 2.6707 | lr 1.13e-06
step    875 | train_loss 1.9826 | lr 1.12e-06
step    876 | train_loss 2.4937 | lr 1.12e-06
step    877 | train_loss 2.6447 | lr 1.11e-06
step    878 | train_loss 2.6082 | lr 1.11e-06
step    879 | train_loss 2.7044 | lr 1.11e-06
step    880 | train_loss 2.7847 | lr 1.10e-06
step    881 | train_loss 2.7395 | lr 1.10e-06
step    882 | train_loss 2.6230 | lr 1.10e-06
step    883 | train_loss 2.9036 | lr 1.09e-06
step    884 | train_loss 2.4037 | lr 1.09e-06
step    885 | train_loss 2.6002 | lr 1.09e-06
step    886 | train_loss 2.2899 | lr 1.08e-06
step    887 | train_loss 2.6247 | lr 1.08e-06
step    888 | train_loss 2.6965 | lr 1.08e-06
step    889 | train_loss 2.4849 | lr 1.08e-06
step    890 | train_loss 2.3928 | lr 1.07e-06
step    891 | train_loss 2.4468 | lr 1.07e-06
step    892 | train_loss 2.5709 | lr 1.07e-06
step    893 | train_loss 2.3710 | lr 1.06e-06
step    894 | train_loss 2.6488 | lr 1.06e-06
step    895 | train_loss 2.5378 | lr 1.06e-06
step    896 | train_loss 2.6141 | lr 1.06e-06
step    897 | train_loss 2.5578 | lr 1.05e-06
step    898 | train_loss 2.6423 | lr 1.05e-06
step    899 | train_loss 2.1184 | lr 1.05e-06
step    900 | train_loss 2.1866 | lr 1.05e-06
step    900 | val_loss 2.7759 | val_ppl 16.05
step    901 | train_loss 2.6291 | lr 1.04e-06
step    902 | train_loss 2.4533 | lr 1.04e-06
step    903 | train_loss 2.4534 | lr 1.04e-06
step    904 | train_loss 2.2697 | lr 1.04e-06
step    905 | train_loss 2.6824 | lr 1.04e-06
step    906 | train_loss 2.7557 | lr 1.03e-06
step    907 | train_loss 2.0686 | lr 1.03e-06
step    908 | train_loss 2.5244 | lr 1.03e-06
step    909 | train_loss 2.4373 | lr 1.03e-06
step    910 | train_loss 2.7313 | lr 1.03e-06
step    911 | train_loss 2.5627 | lr 1.03e-06
step    912 | train_loss 2.4385 | lr 1.02e-06
step    913 | train_loss 2.5724 | lr 1.02e-06
step    914 | train_loss 2.4992 | lr 1.02e-06
step    915 | train_loss 2.2819 | lr 1.02e-06
step    916 | train_loss 2.5105 | lr 1.02e-06
step    917 | train_loss 2.3578 | lr 1.02e-06
step    918 | train_loss 2.4569 | lr 1.01e-06
step    919 | train_loss 2.3547 | lr 1.01e-06
step    920 | train_loss 2.7498 | lr 1.01e-06
step    921 | train_loss 2.1228 | lr 1.01e-06
step    922 | train_loss 2.5083 | lr 1.01e-06
step    923 | train_loss 2.7852 | lr 1.01e-06
step    924 | train_loss 2.4239 | lr 1.01e-06
step    925 | train_loss 2.5694 | lr 1.01e-06
step    926 | train_loss 2.8036 | lr 1.01e-06
step    927 | train_loss 2.7225 | lr 1.01e-06
step    928 | train_loss 2.7415 | lr 1.00e-06
step    929 | train_loss 2.5481 | lr 1.00e-06
step    930 | train_loss 2.3588 | lr 1.00e-06
step    931 | train_loss 2.5579 | lr 1.00e-06
step    932 | train_loss 2.7880 | lr 1.00e-06
step    933 | train_loss 2.5506 | lr 1.00e-06
step    934 | train_loss 2.6915 | lr 1.00e-06
step    935 | train_loss 2.5721 | lr 1.00e-06
step    936 | train_loss 2.2310 | lr 1.00e-06
step    937 | train_loss 2.6373 | lr 1.00e-06
step    938 | train_loss 2.7762 | lr 1.00e-06
step    939 | train_loss 2.3197 | lr 1.00e-06
step    940 | train_loss 2.6644 | lr 1.00e-06
step    940 | val_loss 2.7762 | val_ppl 16.06
Saved checkpoint to checkpoints/sft_dolly_v2/step_940.pt
