Data: 50,868 train / 1,038 val examples (68 dropped as longer than 512 tokens)
Packing: 50,868 examples into 11,220 windows (4.5 per window, 98.8% of positions used)
Model: medium (123,587,328 parameters), initialized from checkpoints/medium/step_20000.pt (step 20000)
step      1 | train_loss 2.5508 | lr 1.91e-06
step      2 | train_loss 2.6038 | lr 3.82e-06
step      3 | train_loss 2.6848 | lr 5.73e-06
step      4 | train_loss 2.6555 | lr 7.64e-06
step      5 | train_loss 2.5204 | lr 9.55e-06
step      6 | train_loss 2.4443 | lr 1.15e-05
step      7 | train_loss 2.4406 | lr 1.34e-05
step      8 | train_loss 2.4403 | lr 1.53e-05
step      9 | train_loss 2.4400 | lr 1.72e-05
step     10 | train_loss 2.3733 | lr 1.91e-05
step     11 | train_loss 2.3835 | lr 2.10e-05
step     12 | train_loss 2.2938 | lr 2.29e-05
step     13 | train_loss 2.2538 | lr 2.48e-05
step     14 | train_loss 2.3303 | lr 2.67e-05
step     15 | train_loss 2.3095 | lr 2.86e-05
step     16 | train_loss 2.2766 | lr 3.05e-05
step     17 | train_loss 2.3870 | lr 3.25e-05
step     18 | train_loss 2.2963 | lr 3.44e-05
step     19 | train_loss 2.2599 | lr 3.63e-05
step     20 | train_loss 2.3066 | lr 3.82e-05
step     21 | train_loss 2.2523 | lr 4.01e-05
step     22 | train_loss 2.2836 | lr 4.20e-05
step     23 | train_loss 2.2379 | lr 4.20e-05
step     24 | train_loss 2.2160 | lr 4.20e-05
step     25 | train_loss 2.2685 | lr 4.20e-05
step     26 | train_loss 2.3371 | lr 4.20e-05
step     27 | train_loss 2.2436 | lr 4.20e-05
step     28 | train_loss 2.1784 | lr 4.20e-05
step     29 | train_loss 2.2944 | lr 4.20e-05
step     30 | train_loss 2.1727 | lr 4.20e-05
step     31 | train_loss 2.2367 | lr 4.19e-05
step     32 | train_loss 2.1813 | lr 4.19e-05
step     33 | train_loss 2.3134 | lr 4.19e-05
step     34 | train_loss 2.2009 | lr 4.19e-05
step     35 | train_loss 2.1701 | lr 4.19e-05
step     36 | train_loss 2.1693 | lr 4.19e-05
step     37 | train_loss 2.1482 | lr 4.18e-05
step     38 | train_loss 2.1633 | lr 4.18e-05
step     39 | train_loss 2.2187 | lr 4.18e-05
step     40 | train_loss 2.1712 | lr 4.18e-05
step     41 | train_loss 2.2155 | lr 4.17e-05
step     42 | train_loss 2.1081 | lr 4.17e-05
step     43 | train_loss 2.2141 | lr 4.17e-05
step     44 | train_loss 2.2639 | lr 4.16e-05
step     45 | train_loss 2.2020 | lr 4.16e-05
step     46 | train_loss 2.1332 | lr 4.15e-05
step     47 | train_loss 2.1617 | lr 4.15e-05
step     48 | train_loss 2.1561 | lr 4.15e-05
step     49 | train_loss 2.2430 | lr 4.14e-05
step     50 | train_loss 2.1031 | lr 4.14e-05
step     50 | val_loss 2.1674 | val_ppl 8.74
step     51 | train_loss 2.1676 | lr 4.13e-05
step     52 | train_loss 2.2274 | lr 4.13e-05
step     53 | train_loss 2.1051 | lr 4.12e-05
step     54 | train_loss 2.2246 | lr 4.12e-05
step     55 | train_loss 2.2774 | lr 4.11e-05
step     56 | train_loss 2.2382 | lr 4.11e-05
step     57 | train_loss 2.3255 | lr 4.10e-05
step     58 | train_loss 2.1311 | lr 4.09e-05
step     59 | train_loss 2.1621 | lr 4.09e-05
step     60 | train_loss 2.1716 | lr 4.08e-05
step     61 | train_loss 2.2219 | lr 4.08e-05
step     62 | train_loss 2.1826 | lr 4.07e-05
step     63 | train_loss 2.1974 | lr 4.06e-05
step     64 | train_loss 2.1976 | lr 4.06e-05
step     65 | train_loss 2.2061 | lr 4.05e-05
step     66 | train_loss 2.0787 | lr 4.04e-05
step     67 | train_loss 2.2259 | lr 4.03e-05
step     68 | train_loss 2.1223 | lr 4.03e-05
step     69 | train_loss 2.3074 | lr 4.02e-05
step     70 | train_loss 2.1377 | lr 4.01e-05
step     71 | train_loss 2.2302 | lr 4.00e-05
step     72 | train_loss 2.1473 | lr 4.00e-05
step     73 | train_loss 2.2290 | lr 3.99e-05
step     74 | train_loss 2.0875 | lr 3.98e-05
step     75 | train_loss 2.1833 | lr 3.97e-05
step     76 | train_loss 2.2167 | lr 3.96e-05
step     77 | train_loss 2.2491 | lr 3.95e-05
step     78 | train_loss 2.1969 | lr 3.94e-05
step     79 | train_loss 2.1790 | lr 3.93e-05
step     80 | train_loss 2.2176 | lr 3.93e-05
step     81 | train_loss 2.0610 | lr 3.92e-05
step     82 | train_loss 2.1538 | lr 3.91e-05
step     83 | train_loss 2.2402 | lr 3.90e-05
step     84 | train_loss 2.1640 | lr 3.89e-05
step     85 | train_loss 2.2024 | lr 3.88e-05
step     86 | train_loss 2.1434 | lr 3.87e-05
step     87 | train_loss 2.1778 | lr 3.86e-05
step     88 | train_loss 2.1812 | lr 3.85e-05
step     89 | train_loss 2.2611 | lr 3.83e-05
step     90 | train_loss 2.1210 | lr 3.82e-05
step     91 | train_loss 2.2352 | lr 3.81e-05
step     92 | train_loss 2.1588 | lr 3.80e-05
step     93 | train_loss 2.1287 | lr 3.79e-05
step     94 | train_loss 2.1241 | lr 3.78e-05
step     95 | train_loss 2.0548 | lr 3.77e-05
step     96 | train_loss 2.2745 | lr 3.76e-05
step     97 | train_loss 2.1432 | lr 3.74e-05
step     98 | train_loss 2.1106 | lr 3.73e-05
step     99 | train_loss 2.0697 | lr 3.72e-05
step    100 | train_loss 2.2322 | lr 3.71e-05
step    100 | val_loss 2.1165 | val_ppl 8.30
step    101 | train_loss 2.2250 | lr 3.70e-05
step    102 | train_loss 2.1742 | lr 3.68e-05
step    103 | train_loss 2.1077 | lr 3.67e-05
step    104 | train_loss 2.1436 | lr 3.66e-05
step    105 | train_loss 2.2202 | lr 3.65e-05
step    106 | train_loss 2.0774 | lr 3.63e-05
step    107 | train_loss 2.1132 | lr 3.62e-05
step    108 | train_loss 2.1953 | lr 3.61e-05
step    109 | train_loss 2.0999 | lr 3.59e-05
step    110 | train_loss 2.1815 | lr 3.58e-05
step    111 | train_loss 2.1387 | lr 3.57e-05
step    112 | train_loss 2.1571 | lr 3.55e-05
step    113 | train_loss 2.1739 | lr 3.54e-05
step    114 | train_loss 2.1248 | lr 3.53e-05
step    115 | train_loss 2.1208 | lr 3.51e-05
step    116 | train_loss 2.1573 | lr 3.50e-05
step    117 | train_loss 2.1535 | lr 3.48e-05
step    118 | train_loss 2.1436 | lr 3.47e-05
step    119 | train_loss 2.0959 | lr 3.46e-05
step    120 | train_loss 2.1634 | lr 3.44e-05
step    121 | train_loss 2.1247 | lr 3.43e-05
step    122 | train_loss 2.1194 | lr 3.41e-05
step    123 | train_loss 2.1549 | lr 3.40e-05
step    124 | train_loss 2.1871 | lr 3.38e-05
step    125 | train_loss 2.0975 | lr 3.37e-05
step    126 | train_loss 2.0560 | lr 3.35e-05
step    127 | train_loss 2.1628 | lr 3.34e-05
step    128 | train_loss 2.1471 | lr 3.32e-05
step    129 | train_loss 2.1297 | lr 3.31e-05
step    130 | train_loss 2.1161 | lr 3.29e-05
step    131 | train_loss 2.0459 | lr 3.28e-05
step    132 | train_loss 2.0878 | lr 3.26e-05
step    133 | train_loss 2.2337 | lr 3.24e-05
step    134 | train_loss 2.0686 | lr 3.23e-05
step    135 | train_loss 2.0309 | lr 3.21e-05
step    136 | train_loss 2.1884 | lr 3.20e-05
step    137 | train_loss 2.0714 | lr 3.18e-05
step    138 | train_loss 2.1544 | lr 3.16e-05
step    139 | train_loss 2.2247 | lr 3.15e-05
step    140 | train_loss 2.1433 | lr 3.13e-05
step    141 | train_loss 2.1436 | lr 3.12e-05
step    142 | train_loss 2.0384 | lr 3.10e-05
step    143 | train_loss 2.1469 | lr 3.08e-05
step    144 | train_loss 2.2009 | lr 3.07e-05
step    145 | train_loss 2.1393 | lr 3.05e-05
step    146 | train_loss 2.1088 | lr 3.03e-05
step    147 | train_loss 2.1433 | lr 3.02e-05
step    148 | train_loss 2.0465 | lr 3.00e-05
step    149 | train_loss 2.0158 | lr 2.98e-05
step    150 | train_loss 2.1088 | lr 2.97e-05
step    150 | val_loss 2.0885 | val_ppl 8.07
step    151 | train_loss 2.0728 | lr 2.95e-05
step    152 | train_loss 2.2718 | lr 2.93e-05
step    153 | train_loss 2.1071 | lr 2.91e-05
step    154 | train_loss 2.0945 | lr 2.90e-05
step    155 | train_loss 2.0322 | lr 2.88e-05
step    156 | train_loss 2.0349 | lr 2.86e-05
step    157 | train_loss 2.1150 | lr 2.85e-05
step    158 | train_loss 2.1056 | lr 2.83e-05
step    159 | train_loss 2.0416 | lr 2.81e-05
step    160 | train_loss 2.0930 | lr 2.79e-05
step    161 | train_loss 2.1821 | lr 2.78e-05
step    162 | train_loss 2.1664 | lr 2.76e-05
step    163 | train_loss 2.1015 | lr 2.74e-05
step    164 | train_loss 2.0664 | lr 2.72e-05
step    165 | train_loss 2.0661 | lr 2.71e-05
step    166 | train_loss 2.1770 | lr 2.69e-05
step    167 | train_loss 2.0044 | lr 2.67e-05
step    168 | train_loss 2.0914 | lr 2.65e-05
step    169 | train_loss 2.0790 | lr 2.63e-05
step    170 | train_loss 2.0896 | lr 2.62e-05
step    171 | train_loss 2.1231 | lr 2.60e-05
step    172 | train_loss 2.0577 | lr 2.58e-05
step    173 | train_loss 2.0316 | lr 2.56e-05
step    174 | train_loss 2.1271 | lr 2.54e-05
step    175 | train_loss 2.1407 | lr 2.53e-05
Saved checkpoint to checkpoints/sft_alpaca_packed_42/step_175.pt
step    176 | train_loss 2.0526 | lr 2.51e-05
step    177 | train_loss 2.0796 | lr 2.49e-05
step    178 | train_loss 2.2136 | lr 2.47e-05
step    179 | train_loss 2.0889 | lr 2.45e-05
step    180 | train_loss 2.1160 | lr 2.44e-05
step    181 | train_loss 2.0732 | lr 2.42e-05
step    182 | train_loss 2.0240 | lr 2.40e-05
step    183 | train_loss 2.1345 | lr 2.38e-05
step    184 | train_loss 2.1565 | lr 2.36e-05
step    185 | train_loss 2.1362 | lr 2.35e-05
step    186 | train_loss 2.0628 | lr 2.33e-05
step    187 | train_loss 2.0682 | lr 2.31e-05
step    188 | train_loss 2.0714 | lr 2.29e-05
step    189 | train_loss 2.0393 | lr 2.27e-05
step    190 | train_loss 2.0954 | lr 2.26e-05
step    191 | train_loss 2.0403 | lr 2.24e-05
step    192 | train_loss 2.0292 | lr 2.22e-05
step    193 | train_loss 2.0281 | lr 2.20e-05
step    194 | train_loss 2.1538 | lr 2.18e-05
step    195 | train_loss 2.1627 | lr 2.17e-05
step    196 | train_loss 2.0415 | lr 2.15e-05
step    197 | train_loss 2.0597 | lr 2.13e-05
step    198 | train_loss 2.0715 | lr 2.11e-05
step    199 | train_loss 2.1371 | lr 2.09e-05
step    200 | train_loss 2.1874 | lr 2.08e-05
step    200 | val_loss 2.0721 | val_ppl 7.94
step    201 | train_loss 2.0994 | lr 2.06e-05
step    202 | train_loss 2.1762 | lr 2.04e-05
step    203 | train_loss 2.0137 | lr 2.02e-05
step    204 | train_loss 2.0389 | lr 2.00e-05
step    205 | train_loss 2.0586 | lr 1.99e-05
step    206 | train_loss 2.0854 | lr 1.97e-05
step    207 | train_loss 2.0452 | lr 1.95e-05
step    208 | train_loss 2.0679 | lr 1.93e-05
step    209 | train_loss 2.0905 | lr 1.91e-05
step    210 | train_loss 2.0947 | lr 1.90e-05
step    211 | train_loss 2.0542 | lr 1.88e-05
step    212 | train_loss 2.0913 | lr 1.86e-05
step    213 | train_loss 2.1540 | lr 1.84e-05
step    214 | train_loss 2.1654 | lr 1.83e-05
step    215 | train_loss 2.0396 | lr 1.81e-05
step    216 | train_loss 2.1043 | lr 1.79e-05
step    217 | train_loss 2.0397 | lr 1.77e-05
step    218 | train_loss 2.0969 | lr 1.76e-05
step    219 | train_loss 2.1975 | lr 1.74e-05
step    220 | train_loss 1.9284 | lr 1.72e-05
step    221 | train_loss 2.1832 | lr 1.71e-05
step    222 | train_loss 2.0596 | lr 1.69e-05
step    223 | train_loss 2.0516 | lr 1.67e-05
step    224 | train_loss 2.0902 | lr 1.65e-05
step    225 | train_loss 2.1485 | lr 1.64e-05
step    226 | train_loss 1.9798 | lr 1.62e-05
step    227 | train_loss 2.0649 | lr 1.60e-05
step    228 | train_loss 2.1275 | lr 1.59e-05
step    229 | train_loss 2.0150 | lr 1.57e-05
step    230 | train_loss 2.1183 | lr 1.55e-05
step    231 | train_loss 1.9817 | lr 1.54e-05
step    232 | train_loss 2.0517 | lr 1.52e-05
step    233 | train_loss 1.9198 | lr 1.50e-05
step    234 | train_loss 2.0126 | lr 1.49e-05
step    235 | train_loss 2.1124 | lr 1.47e-05
step    236 | train_loss 2.0649 | lr 1.46e-05
step    237 | train_loss 2.1682 | lr 1.44e-05
step    238 | train_loss 2.1500 | lr 1.42e-05
step    239 | train_loss 1.9742 | lr 1.41e-05
step    240 | train_loss 2.0683 | lr 1.39e-05
step    241 | train_loss 2.1350 | lr 1.38e-05
step    242 | train_loss 2.0096 | lr 1.36e-05
step    243 | train_loss 2.1017 | lr 1.34e-05
step    244 | train_loss 2.1088 | lr 1.33e-05
step    245 | train_loss 2.1163 | lr 1.31e-05
step    246 | train_loss 2.1087 | lr 1.30e-05
step    247 | train_loss 2.0631 | lr 1.28e-05
step    248 | train_loss 2.0188 | lr 1.27e-05
step    249 | train_loss 2.1132 | lr 1.25e-05
step    250 | train_loss 2.1059 | lr 1.24e-05
step    250 | val_loss 2.0598 | val_ppl 7.84
step    251 | train_loss 2.1063 | lr 1.22e-05
step    252 | train_loss 2.0640 | lr 1.21e-05
step    253 | train_loss 2.0568 | lr 1.19e-05
step    254 | train_loss 2.0955 | lr 1.18e-05
step    255 | train_loss 2.1281 | lr 1.16e-05
step    256 | train_loss 2.0169 | lr 1.15e-05
step    257 | train_loss 2.0528 | lr 1.14e-05
step    258 | train_loss 2.0725 | lr 1.12e-05
step    259 | train_loss 2.1115 | lr 1.11e-05
step    260 | train_loss 2.1092 | lr 1.09e-05
step    261 | train_loss 2.1283 | lr 1.08e-05
step    262 | train_loss 2.0753 | lr 1.07e-05
step    263 | train_loss 1.9503 | lr 1.05e-05
step    264 | train_loss 2.1107 | lr 1.04e-05
step    265 | train_loss 2.0500 | lr 1.03e-05
step    266 | train_loss 2.1701 | lr 1.01e-05
step    267 | train_loss 1.9907 | lr 9.99e-06
step    268 | train_loss 2.0342 | lr 9.86e-06
step    269 | train_loss 1.9664 | lr 9.74e-06
step    270 | train_loss 2.1525 | lr 9.61e-06
step    271 | train_loss 2.1014 | lr 9.48e-06
step    272 | train_loss 2.0785 | lr 9.36e-06
step    273 | train_loss 2.0491 | lr 9.23e-06
step    274 | train_loss 2.1159 | lr 9.11e-06
step    275 | train_loss 2.1250 | lr 8.99e-06
step    276 | train_loss 2.0752 | lr 8.87e-06
step    277 | train_loss 2.0603 | lr 8.75e-06
step    278 | train_loss 2.0284 | lr 8.63e-06
step    279 | train_loss 2.0300 | lr 8.52e-06
step    280 | train_loss 2.1271 | lr 8.40e-06
step    281 | train_loss 1.9444 | lr 8.29e-06
step    282 | train_loss 2.1070 | lr 8.18e-06
step    283 | train_loss 2.0479 | lr 8.07e-06
step    284 | train_loss 2.0408 | lr 7.96e-06
step    285 | train_loss 2.1198 | lr 7.85e-06
step    286 | train_loss 2.1551 | lr 7.75e-06
step    287 | train_loss 2.0193 | lr 7.64e-06
step    288 | train_loss 2.0835 | lr 7.54e-06
step    289 | train_loss 2.1060 | lr 7.44e-06
step    290 | train_loss 2.0470 | lr 7.34e-06
step    291 | train_loss 2.0313 | lr 7.24e-06
step    292 | train_loss 2.0328 | lr 7.14e-06
step    293 | train_loss 1.9718 | lr 7.04e-06
step    294 | train_loss 2.0704 | lr 6.95e-06
step    295 | train_loss 2.1666 | lr 6.85e-06
step    296 | train_loss 2.1483 | lr 6.76e-06
step    297 | train_loss 2.0645 | lr 6.67e-06
step    298 | train_loss 2.0840 | lr 6.58e-06
step    299 | train_loss 2.0259 | lr 6.50e-06
step    300 | train_loss 2.0354 | lr 6.41e-06
step    300 | val_loss 2.0540 | val_ppl 7.80
step    301 | train_loss 2.0329 | lr 6.33e-06
step    302 | train_loss 2.1133 | lr 6.24e-06
step    303 | train_loss 2.0141 | lr 6.16e-06
step    304 | train_loss 2.1206 | lr 6.08e-06
step    305 | train_loss 2.0617 | lr 6.00e-06
step    306 | train_loss 2.1067 | lr 5.93e-06
step    307 | train_loss 2.0544 | lr 5.85e-06
step    308 | train_loss 2.0581 | lr 5.78e-06
step    309 | train_loss 2.0028 | lr 5.71e-06
step    310 | train_loss 2.0608 | lr 5.64e-06
step    311 | train_loss 2.0627 | lr 5.57e-06
step    312 | train_loss 2.0838 | lr 5.50e-06
step    313 | train_loss 2.1245 | lr 5.44e-06
step    314 | train_loss 2.0267 | lr 5.37e-06
step    315 | train_loss 1.9382 | lr 5.31e-06
step    316 | train_loss 2.1008 | lr 5.25e-06
step    317 | train_loss 2.0579 | lr 5.19e-06
step    318 | train_loss 2.0382 | lr 5.14e-06
step    319 | train_loss 2.1549 | lr 5.08e-06
step    320 | train_loss 1.9848 | lr 5.03e-06
step    321 | train_loss 2.0771 | lr 4.97e-06
step    322 | train_loss 2.0769 | lr 4.92e-06
step    323 | train_loss 2.0849 | lr 4.88e-06
step    324 | train_loss 2.0806 | lr 4.83e-06
step    325 | train_loss 2.1026 | lr 4.78e-06
step    326 | train_loss 2.2124 | lr 4.74e-06
step    327 | train_loss 2.0624 | lr 4.70e-06
step    328 | train_loss 2.0753 | lr 4.66e-06
step    329 | train_loss 2.0451 | lr 4.62e-06
step    330 | train_loss 2.2912 | lr 4.58e-06
step    331 | train_loss 2.1074 | lr 4.55e-06
step    332 | train_loss 2.1825 | lr 4.51e-06
step    333 | train_loss 2.0959 | lr 4.48e-06
step    334 | train_loss 2.1021 | lr 4.45e-06
step    335 | train_loss 2.1957 | lr 4.42e-06
step    336 | train_loss 2.1054 | lr 4.39e-06
step    337 | train_loss 2.1412 | lr 4.37e-06
step    338 | train_loss 2.1969 | lr 4.35e-06
step    339 | train_loss 2.0797 | lr 4.32e-06
step    340 | train_loss 2.0097 | lr 4.30e-06
step    341 | train_loss 2.0193 | lr 4.29e-06
step    342 | train_loss 2.0583 | lr 4.27e-06
step    343 | train_loss 2.0541 | lr 4.26e-06
step    344 | train_loss 2.0672 | lr 4.24e-06
step    345 | train_loss 2.0331 | lr 4.23e-06
step    346 | train_loss 2.1038 | lr 4.22e-06
step    347 | train_loss 2.1892 | lr 4.21e-06
step    348 | train_loss 2.0255 | lr 4.21e-06
step    349 | train_loss 2.0402 | lr 4.20e-06
step    350 | train_loss 2.0252 | lr 4.20e-06
step    350 | val_loss 2.0505 | val_ppl 7.77
Saved checkpoint to checkpoints/sft_alpaca_packed_42/step_350.pt
