Data: 13,756 train / 278 val examples (977 dropped as longer than 512 tokens)
Model: medium (123,587,328 parameters), initialized from checkpoints/sft_alpaca/step_1500.pt (step 1500)
step      1 | train_loss 3.0519 | lr 2.00e-07
step      2 | train_loss 2.5935 | lr 4.00e-07
step      3 | train_loss 2.9414 | lr 6.00e-07
step      4 | train_loss 2.6083 | lr 8.00e-07
step      5 | train_loss 2.5305 | lr 1.00e-06
step      6 | train_loss 3.0184 | lr 1.20e-06
step      7 | train_loss 2.9321 | lr 1.40e-06
step      8 | train_loss 2.7593 | lr 1.60e-06
step      9 | train_loss 2.7542 | lr 1.80e-06
step     10 | train_loss 3.0219 | lr 2.00e-06
step     11 | train_loss 3.0332 | lr 2.20e-06
step     12 | train_loss 2.6649 | lr 2.40e-06
step     13 | train_loss 2.8888 | lr 2.60e-06
step     14 | train_loss 3.0810 | lr 2.80e-06
step     15 | train_loss 3.1370 | lr 3.00e-06
step     16 | train_loss 2.6507 | lr 3.20e-06
step     17 | train_loss 2.8866 | lr 3.40e-06
step     18 | train_loss 3.2043 | lr 3.60e-06
step     19 | train_loss 2.6329 | lr 3.80e-06
step     20 | train_loss 3.0960 | lr 4.00e-06
step     21 | train_loss 2.8954 | lr 4.20e-06
step     22 | train_loss 2.7720 | lr 4.40e-06
step     23 | train_loss 2.7391 | lr 4.60e-06
step     24 | train_loss 3.0935 | lr 4.80e-06
step     25 | train_loss 2.7653 | lr 5.00e-06
step     26 | train_loss 3.0991 | lr 5.20e-06
step     27 | train_loss 2.7066 | lr 5.40e-06
step     28 | train_loss 2.7539 | lr 5.60e-06
step     29 | train_loss 2.9710 | lr 5.80e-06
step     30 | train_loss 2.6847 | lr 6.00e-06
step     31 | train_loss 2.6362 | lr 6.20e-06
step     32 | train_loss 3.1952 | lr 6.40e-06
step     33 | train_loss 2.8000 | lr 6.60e-06
step     34 | train_loss 3.0858 | lr 6.80e-06
step     35 | train_loss 3.0461 | lr 7.00e-06
step     36 | train_loss 3.1121 | lr 7.20e-06
step     37 | train_loss 2.6290 | lr 7.40e-06
step     38 | train_loss 2.8604 | lr 7.60e-06
step     39 | train_loss 2.7011 | lr 7.80e-06
step     40 | train_loss 2.8556 | lr 8.00e-06
step     41 | train_loss 2.8087 | lr 8.20e-06
step     42 | train_loss 2.6633 | lr 8.40e-06
step     43 | train_loss 2.5426 | lr 8.60e-06
step     44 | train_loss 2.5351 | lr 8.80e-06
step     45 | train_loss 2.8855 | lr 9.00e-06
step     46 | train_loss 2.5546 | lr 9.20e-06
step     47 | train_loss 2.8766 | lr 9.40e-06
step     48 | train_loss 2.5029 | lr 9.60e-06
step     49 | train_loss 2.7998 | lr 9.80e-06
step     50 | train_loss 3.1772 | lr 1.00e-05
step     51 | train_loss 2.7064 | lr 1.00e-05
step     52 | train_loss 2.7030 | lr 1.00e-05
step     53 | train_loss 2.6727 | lr 1.00e-05
step     54 | train_loss 2.8769 | lr 1.00e-05
step     55 | train_loss 2.7019 | lr 1.00e-05
step     56 | train_loss 2.8802 | lr 1.00e-05
step     57 | train_loss 3.0023 | lr 1.00e-05
step     58 | train_loss 2.9474 | lr 9.99e-06
step     59 | train_loss 2.6096 | lr 9.99e-06
step     60 | train_loss 2.8200 | lr 9.99e-06
step     61 | train_loss 2.7767 | lr 9.99e-06
step     62 | train_loss 2.7952 | lr 9.98e-06
step     63 | train_loss 2.8726 | lr 9.98e-06
step     64 | train_loss 2.7035 | lr 9.98e-06
step     65 | train_loss 2.5372 | lr 9.98e-06
step     66 | train_loss 2.8063 | lr 9.97e-06
step     67 | train_loss 3.0109 | lr 9.97e-06
step     68 | train_loss 2.7838 | lr 9.96e-06
step     69 | train_loss 2.5203 | lr 9.96e-06
step     70 | train_loss 2.7359 | lr 9.95e-06
step     71 | train_loss 2.4328 | lr 9.95e-06
step     72 | train_loss 2.8455 | lr 9.94e-06
step     73 | train_loss 2.6410 | lr 9.94e-06
step     74 | train_loss 2.8292 | lr 9.93e-06
step     75 | train_loss 3.0335 | lr 9.93e-06
step     76 | train_loss 2.8726 | lr 9.92e-06
step     77 | train_loss 2.7674 | lr 9.92e-06
step     78 | train_loss 2.8404 | lr 9.91e-06
step     79 | train_loss 3.0322 | lr 9.90e-06
step     80 | train_loss 2.8772 | lr 9.89e-06
step     81 | train_loss 2.8519 | lr 9.89e-06
step     82 | train_loss 2.8954 | lr 9.88e-06
step     83 | train_loss 2.5646 | lr 9.87e-06
step     84 | train_loss 2.6658 | lr 9.86e-06
step     85 | train_loss 2.7391 | lr 9.86e-06
step     86 | train_loss 2.7693 | lr 9.85e-06
step     87 | train_loss 2.6873 | lr 9.84e-06
step     88 | train_loss 2.7171 | lr 9.83e-06
step     89 | train_loss 2.7227 | lr 9.82e-06
step     90 | train_loss 2.9151 | lr 9.81e-06
step     91 | train_loss 2.8128 | lr 9.80e-06
step     92 | train_loss 2.7814 | lr 9.79e-06
step     93 | train_loss 2.6957 | lr 9.78e-06
step     94 | train_loss 2.7613 | lr 9.77e-06
step     95 | train_loss 2.7201 | lr 9.76e-06
step     96 | train_loss 2.7661 | lr 9.75e-06
step     97 | train_loss 2.9550 | lr 9.74e-06
step     98 | train_loss 2.9432 | lr 9.72e-06
step     99 | train_loss 2.5090 | lr 9.71e-06
step    100 | train_loss 2.8646 | lr 9.70e-06
step    100 | val_loss 2.8616 | val_ppl 17.49
step    101 | train_loss 2.5470 | lr 9.69e-06
step    102 | train_loss 2.7882 | lr 9.68e-06
step    103 | train_loss 2.6814 | lr 9.66e-06
step    104 | train_loss 3.0817 | lr 9.65e-06
step    105 | train_loss 2.5358 | lr 9.64e-06
step    106 | train_loss 2.8827 | lr 9.62e-06
step    107 | train_loss 2.8438 | lr 9.61e-06
step    108 | train_loss 2.6972 | lr 9.60e-06
step    109 | train_loss 2.3844 | lr 9.58e-06
step    110 | train_loss 2.5292 | lr 9.57e-06
step    111 | train_loss 3.1108 | lr 9.55e-06
step    112 | train_loss 2.7749 | lr 9.54e-06
step    113 | train_loss 2.9307 | lr 9.52e-06
step    114 | train_loss 2.8906 | lr 9.51e-06
step    115 | train_loss 2.5802 | lr 9.49e-06
step    116 | train_loss 2.4847 | lr 9.48e-06
step    117 | train_loss 3.0039 | lr 9.46e-06
step    118 | train_loss 2.6539 | lr 9.45e-06
step    119 | train_loss 2.7858 | lr 9.43e-06
step    120 | train_loss 3.2591 | lr 9.41e-06
step    121 | train_loss 2.6662 | lr 9.40e-06
step    122 | train_loss 2.7034 | lr 9.38e-06
step    123 | train_loss 2.4495 | lr 9.36e-06
step    124 | train_loss 2.6981 | lr 9.35e-06
step    125 | train_loss 2.7145 | lr 9.33e-06
step    126 | train_loss 2.9763 | lr 9.31e-06
step    127 | train_loss 2.5877 | lr 9.29e-06
step    128 | train_loss 2.9695 | lr 9.27e-06
step    129 | train_loss 2.6042 | lr 9.26e-06
step    130 | train_loss 2.9756 | lr 9.24e-06
step    131 | train_loss 2.6484 | lr 9.22e-06
step    132 | train_loss 2.6004 | lr 9.20e-06
step    133 | train_loss 2.8530 | lr 9.18e-06
step    134 | train_loss 1.9762 | lr 9.16e-06
step    135 | train_loss 2.8526 | lr 9.14e-06
step    136 | train_loss 2.7793 | lr 9.12e-06
step    137 | train_loss 2.7976 | lr 9.10e-06
step    138 | train_loss 2.3186 | lr 9.08e-06
step    139 | train_loss 2.5909 | lr 9.06e-06
step    140 | train_loss 2.7577 | lr 9.04e-06
step    141 | train_loss 2.6450 | lr 9.02e-06
step    142 | train_loss 2.7098 | lr 9.00e-06
step    143 | train_loss 2.6556 | lr 8.98e-06
step    144 | train_loss 2.4741 | lr 8.95e-06
step    145 | train_loss 2.6707 | lr 8.93e-06
step    146 | train_loss 2.8968 | lr 8.91e-06
step    147 | train_loss 2.6343 | lr 8.89e-06
step    148 | train_loss 3.0357 | lr 8.87e-06
step    149 | train_loss 2.7696 | lr 8.84e-06
step    150 | train_loss 2.6001 | lr 8.82e-06
Saved checkpoint to checkpoints/sft_dolly_from1500/step_150.pt
step    151 | train_loss 2.7665 | lr 8.80e-06
step    152 | train_loss 2.2185 | lr 8.78e-06
step    153 | train_loss 2.4971 | lr 8.75e-06
step    154 | train_loss 2.7355 | lr 8.73e-06
step    155 | train_loss 2.5786 | lr 8.71e-06
step    156 | train_loss 2.7940 | lr 8.68e-06
step    157 | train_loss 3.0493 | lr 8.66e-06
step    158 | train_loss 2.4950 | lr 8.63e-06
step    159 | train_loss 2.3002 | lr 8.61e-06
step    160 | train_loss 2.9085 | lr 8.59e-06
step    161 | train_loss 2.8506 | lr 8.56e-06
step    162 | train_loss 2.7337 | lr 8.54e-06
step    163 | train_loss 2.8917 | lr 8.51e-06
step    164 | train_loss 3.0644 | lr 8.49e-06
step    165 | train_loss 2.2986 | lr 8.46e-06
step    166 | train_loss 2.7968 | lr 8.44e-06
step    167 | train_loss 2.2707 | lr 8.41e-06
step    168 | train_loss 2.2691 | lr 8.38e-06
step    169 | train_loss 2.8029 | lr 8.36e-06
step    170 | train_loss 2.8608 | lr 8.33e-06
step    171 | train_loss 2.8681 | lr 8.31e-06
step    172 | train_loss 2.8051 | lr 8.28e-06
step    173 | train_loss 2.9400 | lr 8.25e-06
step    174 | train_loss 2.9265 | lr 8.23e-06
step    175 | train_loss 2.5466 | lr 8.20e-06
step    176 | train_loss 2.4523 | lr 8.17e-06
step    177 | train_loss 3.0975 | lr 8.15e-06
step    178 | train_loss 2.9712 | lr 8.12e-06
step    179 | train_loss 2.8438 | lr 8.09e-06
step    180 | train_loss 2.7697 | lr 8.06e-06
step    181 | train_loss 2.8256 | lr 8.03e-06
step    182 | train_loss 2.6119 | lr 8.01e-06
step    183 | train_loss 2.7544 | lr 7.98e-06
step    184 | train_loss 2.9015 | lr 7.95e-06
step    185 | train_loss 2.3307 | lr 7.92e-06
step    186 | train_loss 2.8203 | lr 7.89e-06
step    187 | train_loss 2.8610 | lr 7.87e-06
step    188 | train_loss 2.8659 | lr 7.84e-06
step    189 | train_loss 2.0463 | lr 7.81e-06
step    190 | train_loss 2.4424 | lr 7.78e-06
step    191 | train_loss 2.8538 | lr 7.75e-06
step    192 | train_loss 2.8818 | lr 7.72e-06
step    193 | train_loss 2.8557 | lr 7.69e-06
step    194 | train_loss 2.7608 | lr 7.66e-06
step    195 | train_loss 3.0042 | lr 7.63e-06
step    196 | train_loss 2.9801 | lr 7.60e-06
step    197 | train_loss 2.7600 | lr 7.57e-06
step    198 | train_loss 2.9960 | lr 7.54e-06
step    199 | train_loss 2.7259 | lr 7.51e-06
step    200 | train_loss 2.7679 | lr 7.48e-06
step    200 | val_loss 2.8411 | val_ppl 17.14
step    201 | train_loss 2.7571 | lr 7.45e-06
step    202 | train_loss 2.2714 | lr 7.42e-06
step    203 | train_loss 2.9929 | lr 7.39e-06
step    204 | train_loss 2.6441 | lr 7.36e-06
step    205 | train_loss 2.8271 | lr 7.33e-06
step    206 | train_loss 2.6421 | lr 7.30e-06
step    207 | train_loss 2.7449 | lr 7.27e-06
step    208 | train_loss 2.9443 | lr 7.24e-06
step    209 | train_loss 2.9392 | lr 7.21e-06
step    210 | train_loss 2.5884 | lr 7.18e-06
step    211 | train_loss 3.3999 | lr 7.14e-06
step    212 | train_loss 2.8651 | lr 7.11e-06
step    213 | train_loss 2.5218 | lr 7.08e-06
step    214 | train_loss 2.9038 | lr 7.05e-06
step    215 | train_loss 3.0711 | lr 7.02e-06
step    216 | train_loss 2.0702 | lr 6.99e-06
step    217 | train_loss 2.6806 | lr 6.95e-06
step    218 | train_loss 3.1336 | lr 6.92e-06
step    219 | train_loss 2.3884 | lr 6.89e-06
step    220 | train_loss 2.6861 | lr 6.86e-06
step    221 | train_loss 3.0280 | lr 6.83e-06
step    222 | train_loss 2.8644 | lr 6.79e-06
step    223 | train_loss 2.8750 | lr 6.76e-06
step    224 | train_loss 2.7049 | lr 6.73e-06
step    225 | train_loss 2.8381 | lr 6.70e-06
step    226 | train_loss 2.8078 | lr 6.66e-06
step    227 | train_loss 2.4713 | lr 6.63e-06
step    228 | train_loss 3.0260 | lr 6.60e-06
step    229 | train_loss 2.4878 | lr 6.57e-06
step    230 | train_loss 2.8748 | lr 6.53e-06
step    231 | train_loss 2.8785 | lr 6.50e-06
step    232 | train_loss 2.6568 | lr 6.47e-06
step    233 | train_loss 2.8173 | lr 6.44e-06
step    234 | train_loss 2.7120 | lr 6.40e-06
step    235 | train_loss 2.7942 | lr 6.37e-06
step    236 | train_loss 2.7682 | lr 6.34e-06
step    237 | train_loss 2.8023 | lr 6.30e-06
step    238 | train_loss 2.7519 | lr 6.27e-06
step    239 | train_loss 2.7935 | lr 6.24e-06
step    240 | train_loss 2.8472 | lr 6.20e-06
step    241 | train_loss 2.4719 | lr 6.17e-06
step    242 | train_loss 2.8954 | lr 6.14e-06
step    243 | train_loss 2.6855 | lr 6.10e-06
step    244 | train_loss 2.6248 | lr 6.07e-06
step    245 | train_loss 2.8719 | lr 6.04e-06
step    246 | train_loss 2.8780 | lr 6.00e-06
step    247 | train_loss 2.6316 | lr 5.97e-06
step    248 | train_loss 2.8297 | lr 5.94e-06
step    249 | train_loss 2.6771 | lr 5.90e-06
step    250 | train_loss 2.8834 | lr 5.87e-06
step    251 | train_loss 2.9529 | lr 5.84e-06
step    252 | train_loss 2.7625 | lr 5.80e-06
step    253 | train_loss 2.6901 | lr 5.77e-06
step    254 | train_loss 2.1169 | lr 5.74e-06
step    255 | train_loss 2.6637 | lr 5.70e-06
step    256 | train_loss 2.8489 | lr 5.67e-06
step    257 | train_loss 2.8405 | lr 5.63e-06
step    258 | train_loss 2.7215 | lr 5.60e-06
step    259 | train_loss 2.9948 | lr 5.57e-06
step    260 | train_loss 2.8213 | lr 5.53e-06
step    261 | train_loss 2.6536 | lr 5.50e-06
step    262 | train_loss 2.8010 | lr 5.47e-06
step    263 | train_loss 2.5943 | lr 5.43e-06
step    264 | train_loss 2.9905 | lr 5.40e-06
step    265 | train_loss 2.9272 | lr 5.37e-06
step    266 | train_loss 2.6479 | lr 5.33e-06
step    267 | train_loss 2.5854 | lr 5.30e-06
step    268 | train_loss 2.7775 | lr 5.26e-06
step    269 | train_loss 2.6663 | lr 5.23e-06
step    270 | train_loss 3.0869 | lr 5.20e-06
step    271 | train_loss 2.9383 | lr 5.16e-06
step    272 | train_loss 2.4688 | lr 5.13e-06
step    273 | train_loss 3.0092 | lr 5.10e-06
step    274 | train_loss 3.0579 | lr 5.06e-06
step    275 | train_loss 2.6658 | lr 5.03e-06
step    276 | train_loss 2.7174 | lr 5.00e-06
step    277 | train_loss 2.7933 | lr 4.96e-06
step    278 | train_loss 2.5189 | lr 4.93e-06
step    279 | train_loss 2.8047 | lr 4.90e-06
step    280 | train_loss 2.4132 | lr 4.86e-06
step    281 | train_loss 2.6339 | lr 4.83e-06
step    282 | train_loss 3.0651 | lr 4.80e-06
step    283 | train_loss 2.7394 | lr 4.76e-06
step    284 | train_loss 2.8288 | lr 4.73e-06
step    285 | train_loss 2.7410 | lr 4.70e-06
step    286 | train_loss 2.6128 | lr 4.66e-06
step    287 | train_loss 2.4373 | lr 4.63e-06
step    288 | train_loss 2.8118 | lr 4.60e-06
step    289 | train_loss 3.0132 | lr 4.56e-06
step    290 | train_loss 2.5612 | lr 4.53e-06
step    291 | train_loss 2.8557 | lr 4.50e-06
step    292 | train_loss 3.1404 | lr 4.47e-06
step    293 | train_loss 2.8971 | lr 4.43e-06
step    294 | train_loss 2.6647 | lr 4.40e-06
step    295 | train_loss 2.8689 | lr 4.37e-06
step    296 | train_loss 2.5536 | lr 4.34e-06
step    297 | train_loss 2.3962 | lr 4.30e-06
step    298 | train_loss 2.8108 | lr 4.27e-06
step    299 | train_loss 2.8852 | lr 4.24e-06
step    300 | train_loss 2.9346 | lr 4.21e-06
step    300 | val_loss 2.8300 | val_ppl 16.95
Saved checkpoint to checkpoints/sft_dolly_from1500/step_300.pt
step    301 | train_loss 2.7142 | lr 4.17e-06
step    302 | train_loss 2.6313 | lr 4.14e-06
step    303 | train_loss 2.3077 | lr 4.11e-06
step    304 | train_loss 2.6727 | lr 4.08e-06
step    305 | train_loss 2.5557 | lr 4.05e-06
step    306 | train_loss 2.7268 | lr 4.01e-06
step    307 | train_loss 2.6671 | lr 3.98e-06
step    308 | train_loss 2.4881 | lr 3.95e-06
step    309 | train_loss 2.4373 | lr 3.92e-06
step    310 | train_loss 2.7779 | lr 3.89e-06
step    311 | train_loss 2.5785 | lr 3.86e-06
step    312 | train_loss 2.9359 | lr 3.82e-06
step    313 | train_loss 2.6781 | lr 3.79e-06
step    314 | train_loss 3.0269 | lr 3.76e-06
step    315 | train_loss 2.6197 | lr 3.73e-06
step    316 | train_loss 2.8096 | lr 3.70e-06
step    317 | train_loss 2.9393 | lr 3.67e-06
step    318 | train_loss 2.5373 | lr 3.64e-06
step    319 | train_loss 3.3411 | lr 3.61e-06
step    320 | train_loss 3.0122 | lr 3.58e-06
step    321 | train_loss 2.7199 | lr 3.55e-06
step    322 | train_loss 2.7682 | lr 3.52e-06
step    323 | train_loss 3.0281 | lr 3.49e-06
step    324 | train_loss 2.7137 | lr 3.46e-06
step    325 | train_loss 2.6736 | lr 3.43e-06
step    326 | train_loss 3.0167 | lr 3.40e-06
step    327 | train_loss 2.8968 | lr 3.37e-06
step    328 | train_loss 3.0203 | lr 3.34e-06
step    329 | train_loss 2.9626 | lr 3.31e-06
step    330 | train_loss 2.8055 | lr 3.28e-06
step    331 | train_loss 2.7047 | lr 3.25e-06
step    332 | train_loss 2.6682 | lr 3.22e-06
step    333 | train_loss 2.8335 | lr 3.19e-06
step    334 | train_loss 2.6921 | lr 3.16e-06
step    335 | train_loss 2.7373 | lr 3.13e-06
step    336 | train_loss 2.9232 | lr 3.11e-06
step    337 | train_loss 2.9065 | lr 3.08e-06
step    338 | train_loss 2.9840 | lr 3.05e-06
step    339 | train_loss 2.7159 | lr 3.02e-06
step    340 | train_loss 2.8483 | lr 2.99e-06
step    341 | train_loss 2.4556 | lr 2.97e-06
step    342 | train_loss 2.7482 | lr 2.94e-06
step    343 | train_loss 2.5482 | lr 2.91e-06
step    344 | train_loss 2.9258 | lr 2.88e-06
step    345 | train_loss 2.5231 | lr 2.85e-06
step    346 | train_loss 2.7248 | lr 2.83e-06
step    347 | train_loss 3.0179 | lr 2.80e-06
step    348 | train_loss 2.4927 | lr 2.77e-06
step    349 | train_loss 2.6134 | lr 2.75e-06
step    350 | train_loss 2.8467 | lr 2.72e-06
step    351 | train_loss 2.4463 | lr 2.69e-06
step    352 | train_loss 2.8695 | lr 2.67e-06
step    353 | train_loss 2.4576 | lr 2.64e-06
step    354 | train_loss 2.7480 | lr 2.62e-06
step    355 | train_loss 2.6442 | lr 2.59e-06
step    356 | train_loss 2.8882 | lr 2.56e-06
step    357 | train_loss 2.5209 | lr 2.54e-06
step    358 | train_loss 2.6233 | lr 2.51e-06
step    359 | train_loss 2.4358 | lr 2.49e-06
step    360 | train_loss 2.4649 | lr 2.46e-06
step    361 | train_loss 2.8705 | lr 2.44e-06
step    362 | train_loss 2.4229 | lr 2.41e-06
step    363 | train_loss 2.9510 | lr 2.39e-06
step    364 | train_loss 2.7126 | lr 2.37e-06
step    365 | train_loss 2.7026 | lr 2.34e-06
step    366 | train_loss 2.6465 | lr 2.32e-06
step    367 | train_loss 2.8052 | lr 2.29e-06
step    368 | train_loss 2.7006 | lr 2.27e-06
step    369 | train_loss 2.6320 | lr 2.25e-06
step    370 | train_loss 2.6965 | lr 2.22e-06
step    371 | train_loss 2.7991 | lr 2.20e-06
step    372 | train_loss 3.0641 | lr 2.18e-06
step    373 | train_loss 2.8690 | lr 2.16e-06
step    374 | train_loss 2.8700 | lr 2.13e-06
step    375 | train_loss 2.5795 | lr 2.11e-06
step    376 | train_loss 2.6636 | lr 2.09e-06
step    377 | train_loss 1.9738 | lr 2.07e-06
step    378 | train_loss 2.5128 | lr 2.05e-06
step    379 | train_loss 2.6255 | lr 2.02e-06
step    380 | train_loss 2.9441 | lr 2.00e-06
step    381 | train_loss 2.7059 | lr 1.98e-06
step    382 | train_loss 2.7631 | lr 1.96e-06
step    383 | train_loss 2.7212 | lr 1.94e-06
step    384 | train_loss 2.6577 | lr 1.92e-06
step    385 | train_loss 2.7126 | lr 1.90e-06
step    386 | train_loss 2.7141 | lr 1.88e-06
step    387 | train_loss 2.0917 | lr 1.86e-06
step    388 | train_loss 2.4966 | lr 1.84e-06
step    389 | train_loss 2.9215 | lr 1.82e-06
step    390 | train_loss 2.9353 | lr 1.80e-06
step    391 | train_loss 2.7599 | lr 1.78e-06
step    392 | train_loss 2.7286 | lr 1.76e-06
step    393 | train_loss 2.7185 | lr 1.74e-06
step    394 | train_loss 2.6773 | lr 1.73e-06
step    395 | train_loss 2.8420 | lr 1.71e-06
step    396 | train_loss 2.7313 | lr 1.69e-06
step    397 | train_loss 2.4029 | lr 1.67e-06
step    398 | train_loss 2.6428 | lr 1.65e-06
step    399 | train_loss 2.8628 | lr 1.64e-06
step    400 | train_loss 2.6901 | lr 1.62e-06
step    400 | val_loss 2.8249 | val_ppl 16.86
step    401 | train_loss 2.8429 | lr 1.60e-06
step    402 | train_loss 2.6673 | lr 1.59e-06
step    403 | train_loss 2.6274 | lr 1.57e-06
step    404 | train_loss 2.6257 | lr 1.55e-06
step    405 | train_loss 2.5037 | lr 1.54e-06
step    406 | train_loss 2.7696 | lr 1.52e-06
step    407 | train_loss 2.8610 | lr 1.51e-06
step    408 | train_loss 2.7835 | lr 1.49e-06
step    409 | train_loss 2.0810 | lr 1.48e-06
step    410 | train_loss 2.7782 | lr 1.46e-06
step    411 | train_loss 2.5075 | lr 1.45e-06
step    412 | train_loss 2.5865 | lr 1.43e-06
step    413 | train_loss 2.8913 | lr 1.42e-06
step    414 | train_loss 3.1391 | lr 1.40e-06
step    415 | train_loss 2.5985 | lr 1.39e-06
step    416 | train_loss 2.9394 | lr 1.38e-06
step    417 | train_loss 2.5278 | lr 1.36e-06
step    418 | train_loss 2.8863 | lr 1.35e-06
step    419 | train_loss 2.4005 | lr 1.34e-06
step    420 | train_loss 2.8649 | lr 1.32e-06
step    421 | train_loss 2.5438 | lr 1.31e-06
step    422 | train_loss 2.8147 | lr 1.30e-06
step    423 | train_loss 2.5522 | lr 1.29e-06
step    424 | train_loss 2.9247 | lr 1.28e-06
step    425 | train_loss 2.6721 | lr 1.26e-06
step    426 | train_loss 2.7891 | lr 1.25e-06
step    427 | train_loss 2.4655 | lr 1.24e-06
step    428 | train_loss 3.0109 | lr 1.23e-06
step    429 | train_loss 2.5140 | lr 1.22e-06
step    430 | train_loss 2.5409 | lr 1.21e-06
step    431 | train_loss 2.6049 | lr 1.20e-06
step    432 | train_loss 2.8249 | lr 1.19e-06
step    433 | train_loss 2.0900 | lr 1.18e-06
step    434 | train_loss 2.3556 | lr 1.17e-06
step    435 | train_loss 2.4857 | lr 1.16e-06
step    436 | train_loss 2.6741 | lr 1.15e-06
step    437 | train_loss 2.5971 | lr 1.14e-06
step    438 | train_loss 2.9894 | lr 1.14e-06
step    439 | train_loss 2.2541 | lr 1.13e-06
step    440 | train_loss 2.5788 | lr 1.12e-06
step    441 | train_loss 2.9470 | lr 1.11e-06
step    442 | train_loss 2.4804 | lr 1.11e-06
step    443 | train_loss 2.5599 | lr 1.10e-06
step    444 | train_loss 2.7093 | lr 1.09e-06
step    445 | train_loss 1.7602 | lr 1.08e-06
step    446 | train_loss 2.5764 | lr 1.08e-06
step    447 | train_loss 2.9371 | lr 1.07e-06
step    448 | train_loss 2.0620 | lr 1.07e-06
step    449 | train_loss 2.9338 | lr 1.06e-06
step    450 | train_loss 2.7301 | lr 1.06e-06
Saved checkpoint to checkpoints/sft_dolly_from1500/step_450.pt
step    451 | train_loss 2.9360 | lr 1.05e-06
step    452 | train_loss 2.7085 | lr 1.05e-06
step    453 | train_loss 2.1481 | lr 1.04e-06
step    454 | train_loss 2.4369 | lr 1.04e-06
step    455 | train_loss 2.7126 | lr 1.03e-06
step    456 | train_loss 2.7254 | lr 1.03e-06
step    457 | train_loss 2.4983 | lr 1.02e-06
step    458 | train_loss 2.9263 | lr 1.02e-06
step    459 | train_loss 2.4213 | lr 1.02e-06
step    460 | train_loss 2.9505 | lr 1.02e-06
step    461 | train_loss 2.8479 | lr 1.01e-06
step    462 | train_loss 2.7214 | lr 1.01e-06
step    463 | train_loss 2.6282 | lr 1.01e-06
step    464 | train_loss 2.5080 | lr 1.01e-06
step    465 | train_loss 2.5996 | lr 1.00e-06
step    466 | train_loss 2.5901 | lr 1.00e-06
step    467 | train_loss 2.5944 | lr 1.00e-06
step    468 | train_loss 2.6600 | lr 1.00e-06
step    469 | train_loss 2.5792 | lr 1.00e-06
step    470 | train_loss 2.5518 | lr 1.00e-06
step    470 | val_loss 2.8237 | val_ppl 16.84
Saved checkpoint to checkpoints/sft_dolly_from1500/step_470.pt
