Data: 50,868 train / 1,038 val examples (68 dropped as longer than 512 tokens)
Model: medium (123,587,328 parameters), initialized from checkpoints/medium/step_20000.pt (step 20000)
step      1 | train_loss 2.5404 | lr 6.00e-07
step      2 | train_loss 2.7298 | lr 1.20e-06
step      3 | train_loss 2.5684 | lr 1.80e-06
step      4 | train_loss 2.8683 | lr 2.40e-06
step      5 | train_loss 2.5732 | lr 3.00e-06
step      6 | train_loss 2.5838 | lr 3.60e-06
step      7 | train_loss 2.7893 | lr 4.20e-06
step      8 | train_loss 2.5050 | lr 4.80e-06
step      9 | train_loss 2.6652 | lr 5.40e-06
step     10 | train_loss 2.7313 | lr 6.00e-06
step     11 | train_loss 2.7901 | lr 6.60e-06
step     12 | train_loss 2.5006 | lr 7.20e-06
step     13 | train_loss 2.6580 | lr 7.80e-06
step     14 | train_loss 2.6823 | lr 8.40e-06
step     15 | train_loss 2.7280 | lr 9.00e-06
step     16 | train_loss 2.4272 | lr 9.60e-06
step     17 | train_loss 2.7299 | lr 1.02e-05
step     18 | train_loss 2.3717 | lr 1.08e-05
step     19 | train_loss 2.3751 | lr 1.14e-05
step     20 | train_loss 2.4608 | lr 1.20e-05
step     21 | train_loss 2.2607 | lr 1.26e-05
step     22 | train_loss 2.3084 | lr 1.32e-05
step     23 | train_loss 2.3982 | lr 1.38e-05
step     24 | train_loss 2.4275 | lr 1.44e-05
step     25 | train_loss 2.3809 | lr 1.50e-05
step     26 | train_loss 2.3207 | lr 1.56e-05
step     27 | train_loss 2.3500 | lr 1.62e-05
step     28 | train_loss 2.5479 | lr 1.68e-05
step     29 | train_loss 2.2503 | lr 1.74e-05
step     30 | train_loss 2.2357 | lr 1.80e-05
step     31 | train_loss 2.4869 | lr 1.86e-05
step     32 | train_loss 2.3321 | lr 1.92e-05
step     33 | train_loss 2.3796 | lr 1.98e-05
step     34 | train_loss 2.3856 | lr 2.04e-05
step     35 | train_loss 2.3579 | lr 2.10e-05
step     36 | train_loss 2.4646 | lr 2.16e-05
step     37 | train_loss 2.2318 | lr 2.22e-05
step     38 | train_loss 2.2852 | lr 2.28e-05
step     39 | train_loss 2.4950 | lr 2.34e-05
step     40 | train_loss 2.1689 | lr 2.40e-05
step     41 | train_loss 2.3122 | lr 2.46e-05
step     42 | train_loss 2.1267 | lr 2.52e-05
step     43 | train_loss 2.4171 | lr 2.58e-05
step     44 | train_loss 2.2136 | lr 2.64e-05
step     45 | train_loss 2.4569 | lr 2.70e-05
step     46 | train_loss 2.2620 | lr 2.76e-05
step     47 | train_loss 2.2689 | lr 2.82e-05
step     48 | train_loss 2.1780 | lr 2.88e-05
step     49 | train_loss 2.1282 | lr 2.94e-05
step     50 | train_loss 2.3255 | lr 3.00e-05
step     51 | train_loss 2.2457 | lr 3.06e-05
step     52 | train_loss 2.2415 | lr 3.12e-05
step     53 | train_loss 2.1473 | lr 3.18e-05
step     54 | train_loss 2.2637 | lr 3.24e-05
step     55 | train_loss 2.2742 | lr 3.30e-05
step     56 | train_loss 2.2368 | lr 3.36e-05
step     57 | train_loss 2.4255 | lr 3.42e-05
step     58 | train_loss 2.4117 | lr 3.48e-05
step     59 | train_loss 2.2626 | lr 3.54e-05
step     60 | train_loss 2.4398 | lr 3.60e-05
step     61 | train_loss 2.2386 | lr 3.66e-05
step     62 | train_loss 2.1492 | lr 3.72e-05
step     63 | train_loss 2.2844 | lr 3.78e-05
step     64 | train_loss 2.3049 | lr 3.84e-05
step     65 | train_loss 2.1996 | lr 3.90e-05
step     66 | train_loss 2.2301 | lr 3.96e-05
step     67 | train_loss 2.1432 | lr 4.02e-05
step     68 | train_loss 2.1931 | lr 4.08e-05
step     69 | train_loss 2.2077 | lr 4.14e-05
step     70 | train_loss 1.9757 | lr 4.20e-05
step     71 | train_loss 2.1538 | lr 4.26e-05
step     72 | train_loss 2.2820 | lr 4.32e-05
step     73 | train_loss 2.1441 | lr 4.38e-05
step     74 | train_loss 2.2258 | lr 4.44e-05
step     75 | train_loss 2.2030 | lr 4.50e-05
step     76 | train_loss 2.4445 | lr 4.56e-05
step     77 | train_loss 2.1332 | lr 4.62e-05
step     78 | train_loss 2.1179 | lr 4.68e-05
step     79 | train_loss 2.2097 | lr 4.74e-05
step     80 | train_loss 2.1518 | lr 4.80e-05
step     81 | train_loss 2.3493 | lr 4.86e-05
step     82 | train_loss 2.2953 | lr 4.92e-05
step     83 | train_loss 2.1221 | lr 4.98e-05
step     84 | train_loss 2.2622 | lr 5.04e-05
step     85 | train_loss 2.3378 | lr 5.10e-05
step     86 | train_loss 2.2953 | lr 5.16e-05
step     87 | train_loss 2.2662 | lr 5.22e-05
step     88 | train_loss 2.1875 | lr 5.28e-05
step     89 | train_loss 2.0532 | lr 5.34e-05
step     90 | train_loss 2.0707 | lr 5.40e-05
step     91 | train_loss 2.2602 | lr 5.46e-05
step     92 | train_loss 2.2478 | lr 5.52e-05
step     93 | train_loss 2.0352 | lr 5.58e-05
step     94 | train_loss 2.1782 | lr 5.64e-05
step     95 | train_loss 2.0167 | lr 5.70e-05
step     96 | train_loss 2.1416 | lr 5.76e-05
step     97 | train_loss 2.3939 | lr 5.82e-05
step     98 | train_loss 2.2651 | lr 5.88e-05
step     99 | train_loss 2.2327 | lr 5.94e-05
step    100 | train_loss 2.1802 | lr 6.00e-05
step    101 | train_loss 2.3197 | lr 6.00e-05
step    102 | train_loss 2.3832 | lr 6.00e-05
step    103 | train_loss 2.3944 | lr 6.00e-05
step    104 | train_loss 2.2880 | lr 6.00e-05
step    105 | train_loss 2.1904 | lr 6.00e-05
step    106 | train_loss 2.1552 | lr 6.00e-05
step    107 | train_loss 2.2762 | lr 6.00e-05
step    108 | train_loss 2.4946 | lr 6.00e-05
step    109 | train_loss 2.0717 | lr 6.00e-05
step    110 | train_loss 2.2366 | lr 6.00e-05
step    111 | train_loss 2.1178 | lr 6.00e-05
step    112 | train_loss 2.4331 | lr 6.00e-05
step    113 | train_loss 2.5270 | lr 6.00e-05
step    114 | train_loss 2.1859 | lr 6.00e-05
step    115 | train_loss 2.0348 | lr 6.00e-05
step    116 | train_loss 2.3985 | lr 6.00e-05
step    117 | train_loss 2.1654 | lr 6.00e-05
step    118 | train_loss 2.2094 | lr 6.00e-05
step    119 | train_loss 2.2805 | lr 6.00e-05
step    120 | train_loss 2.2495 | lr 6.00e-05
step    121 | train_loss 2.2345 | lr 6.00e-05
step    122 | train_loss 2.4702 | lr 6.00e-05
step    123 | train_loss 2.1364 | lr 6.00e-05
step    124 | train_loss 2.1359 | lr 6.00e-05
step    125 | train_loss 2.2190 | lr 6.00e-05
step    126 | train_loss 2.3117 | lr 6.00e-05
step    127 | train_loss 2.2352 | lr 6.00e-05
step    128 | train_loss 2.2515 | lr 6.00e-05
step    129 | train_loss 2.0977 | lr 6.00e-05
step    130 | train_loss 2.0938 | lr 6.00e-05
step    131 | train_loss 2.3645 | lr 5.99e-05
step    132 | train_loss 2.0399 | lr 5.99e-05
step    133 | train_loss 2.1508 | lr 5.99e-05
step    134 | train_loss 2.0685 | lr 5.99e-05
step    135 | train_loss 2.3053 | lr 5.99e-05
step    136 | train_loss 2.0805 | lr 5.99e-05
step    137 | train_loss 2.0494 | lr 5.99e-05
step    138 | train_loss 2.2805 | lr 5.99e-05
step    139 | train_loss 2.3194 | lr 5.99e-05
step    140 | train_loss 2.2393 | lr 5.99e-05
step    141 | train_loss 2.1520 | lr 5.99e-05
step    142 | train_loss 2.4247 | lr 5.99e-05
step    143 | train_loss 2.1242 | lr 5.99e-05
step    144 | train_loss 2.2127 | lr 5.99e-05
step    145 | train_loss 2.2693 | lr 5.99e-05
step    146 | train_loss 1.9082 | lr 5.99e-05
step    147 | train_loss 2.2793 | lr 5.99e-05
step    148 | train_loss 2.0777 | lr 5.99e-05
step    149 | train_loss 2.1927 | lr 5.99e-05
step    150 | train_loss 2.3395 | lr 5.99e-05
step    151 | train_loss 2.3250 | lr 5.99e-05
step    152 | train_loss 2.0948 | lr 5.98e-05
step    153 | train_loss 2.4636 | lr 5.98e-05
step    154 | train_loss 2.1939 | lr 5.98e-05
step    155 | train_loss 2.2613 | lr 5.98e-05
step    156 | train_loss 2.1926 | lr 5.98e-05
step    157 | train_loss 2.2004 | lr 5.98e-05
step    158 | train_loss 2.1087 | lr 5.98e-05
step    159 | train_loss 2.1232 | lr 5.98e-05
step    160 | train_loss 2.1430 | lr 5.98e-05
step    161 | train_loss 2.2946 | lr 5.98e-05
step    162 | train_loss 1.9806 | lr 5.98e-05
step    163 | train_loss 2.2166 | lr 5.98e-05
step    164 | train_loss 2.3566 | lr 5.98e-05
step    165 | train_loss 2.3464 | lr 5.98e-05
step    166 | train_loss 2.0431 | lr 5.98e-05
step    167 | train_loss 2.3503 | lr 5.97e-05
step    168 | train_loss 2.1781 | lr 5.97e-05
step    169 | train_loss 2.1787 | lr 5.97e-05
step    170 | train_loss 2.2148 | lr 5.97e-05
step    171 | train_loss 2.0236 | lr 5.97e-05
step    172 | train_loss 2.1827 | lr 5.97e-05
step    173 | train_loss 2.1451 | lr 5.97e-05
step    174 | train_loss 2.2262 | lr 5.97e-05
step    175 | train_loss 2.1056 | lr 5.97e-05
step    176 | train_loss 2.3317 | lr 5.97e-05
step    177 | train_loss 2.1612 | lr 5.97e-05
step    178 | train_loss 2.2931 | lr 5.96e-05
step    179 | train_loss 2.2203 | lr 5.96e-05
step    180 | train_loss 2.3947 | lr 5.96e-05
step    181 | train_loss 2.1953 | lr 5.96e-05
step    182 | train_loss 2.5011 | lr 5.96e-05
step    183 | train_loss 2.2195 | lr 5.96e-05
step    184 | train_loss 2.2320 | lr 5.96e-05
step    185 | train_loss 2.0975 | lr 5.96e-05
step    186 | train_loss 2.0598 | lr 5.96e-05
step    187 | train_loss 2.2892 | lr 5.96e-05
step    188 | train_loss 2.0962 | lr 5.96e-05
step    189 | train_loss 2.2559 | lr 5.95e-05
step    190 | train_loss 2.3137 | lr 5.95e-05
step    191 | train_loss 2.1772 | lr 5.95e-05
step    192 | train_loss 2.4852 | lr 5.95e-05
step    193 | train_loss 2.0673 | lr 5.95e-05
step    194 | train_loss 2.2688 | lr 5.95e-05
step    195 | train_loss 2.2506 | lr 5.95e-05
step    196 | train_loss 2.0216 | lr 5.95e-05
step    197 | train_loss 2.1166 | lr 5.95e-05
step    198 | train_loss 2.0628 | lr 5.94e-05
step    199 | train_loss 2.2555 | lr 5.94e-05
step    200 | train_loss 2.2175 | lr 5.94e-05
step    200 | val_loss 2.1769 | val_ppl 8.82
step    201 | train_loss 2.3075 | lr 5.94e-05
step    202 | train_loss 1.9250 | lr 5.94e-05
step    203 | train_loss 2.1712 | lr 5.94e-05
step    204 | train_loss 2.4651 | lr 5.94e-05
step    205 | train_loss 2.2126 | lr 5.94e-05
step    206 | train_loss 2.4625 | lr 5.93e-05
step    207 | train_loss 2.0943 | lr 5.93e-05
step    208 | train_loss 2.0483 | lr 5.93e-05
step    209 | train_loss 2.0589 | lr 5.93e-05
step    210 | train_loss 2.0743 | lr 5.93e-05
step    211 | train_loss 1.9929 | lr 5.93e-05
step    212 | train_loss 2.1091 | lr 5.93e-05
step    213 | train_loss 2.1293 | lr 5.93e-05
step    214 | train_loss 2.1606 | lr 5.92e-05
step    215 | train_loss 2.2293 | lr 5.92e-05
step    216 | train_loss 2.3114 | lr 5.92e-05
step    217 | train_loss 2.3173 | lr 5.92e-05
step    218 | train_loss 2.1243 | lr 5.92e-05
step    219 | train_loss 2.2028 | lr 5.92e-05
step    220 | train_loss 2.1744 | lr 5.92e-05
step    221 | train_loss 2.0866 | lr 5.92e-05
step    222 | train_loss 2.1921 | lr 5.91e-05
step    223 | train_loss 2.0553 | lr 5.91e-05
step    224 | train_loss 2.1359 | lr 5.91e-05
step    225 | train_loss 2.0411 | lr 5.91e-05
step    226 | train_loss 2.2785 | lr 5.91e-05
step    227 | train_loss 2.2822 | lr 5.91e-05
step    228 | train_loss 2.1980 | lr 5.91e-05
step    229 | train_loss 2.2115 | lr 5.90e-05
step    230 | train_loss 2.1820 | lr 5.90e-05
step    231 | train_loss 2.3729 | lr 5.90e-05
step    232 | train_loss 2.1157 | lr 5.90e-05
step    233 | train_loss 2.0062 | lr 5.90e-05
step    234 | train_loss 2.2758 | lr 5.90e-05
step    235 | train_loss 2.1896 | lr 5.89e-05
step    236 | train_loss 2.0684 | lr 5.89e-05
step    237 | train_loss 2.4746 | lr 5.89e-05
step    238 | train_loss 1.9898 | lr 5.89e-05
step    239 | train_loss 2.2420 | lr 5.89e-05
step    240 | train_loss 2.2829 | lr 5.89e-05
step    241 | train_loss 2.0865 | lr 5.88e-05
step    242 | train_loss 2.0986 | lr 5.88e-05
step    243 | train_loss 2.4899 | lr 5.88e-05
step    244 | train_loss 2.1221 | lr 5.88e-05
step    245 | train_loss 2.1409 | lr 5.88e-05
step    246 | train_loss 2.2767 | lr 5.88e-05
step    247 | train_loss 2.1264 | lr 5.87e-05
step    248 | train_loss 2.3710 | lr 5.87e-05
step    249 | train_loss 2.0432 | lr 5.87e-05
step    250 | train_loss 2.1214 | lr 5.87e-05
step    251 | train_loss 2.2354 | lr 5.87e-05
step    252 | train_loss 2.1313 | lr 5.87e-05
step    253 | train_loss 2.1078 | lr 5.86e-05
step    254 | train_loss 2.0353 | lr 5.86e-05
step    255 | train_loss 2.3274 | lr 5.86e-05
step    256 | train_loss 2.1844 | lr 5.86e-05
step    257 | train_loss 2.2787 | lr 5.86e-05
step    258 | train_loss 2.4663 | lr 5.86e-05
step    259 | train_loss 2.1268 | lr 5.85e-05
step    260 | train_loss 2.1523 | lr 5.85e-05
step    261 | train_loss 2.1314 | lr 5.85e-05
step    262 | train_loss 2.2139 | lr 5.85e-05
step    263 | train_loss 2.1740 | lr 5.85e-05
step    264 | train_loss 2.4262 | lr 5.84e-05
step    265 | train_loss 2.1384 | lr 5.84e-05
step    266 | train_loss 2.2852 | lr 5.84e-05
step    267 | train_loss 2.0216 | lr 5.84e-05
step    268 | train_loss 2.2663 | lr 5.84e-05
step    269 | train_loss 2.1052 | lr 5.83e-05
step    270 | train_loss 2.1455 | lr 5.83e-05
step    271 | train_loss 2.3314 | lr 5.83e-05
step    272 | train_loss 2.2341 | lr 5.83e-05
step    273 | train_loss 2.1455 | lr 5.83e-05
step    274 | train_loss 2.2637 | lr 5.82e-05
step    275 | train_loss 2.0817 | lr 5.82e-05
step    276 | train_loss 2.0958 | lr 5.82e-05
step    277 | train_loss 2.0124 | lr 5.82e-05
step    278 | train_loss 2.2229 | lr 5.82e-05
step    279 | train_loss 2.0133 | lr 5.81e-05
step    280 | train_loss 2.1908 | lr 5.81e-05
step    281 | train_loss 2.1279 | lr 5.81e-05
step    282 | train_loss 2.3045 | lr 5.81e-05
step    283 | train_loss 2.4054 | lr 5.81e-05
step    284 | train_loss 1.9576 | lr 5.80e-05
step    285 | train_loss 2.0534 | lr 5.80e-05
step    286 | train_loss 2.2793 | lr 5.80e-05
step    287 | train_loss 2.3325 | lr 5.80e-05
step    288 | train_loss 2.1581 | lr 5.80e-05
step    289 | train_loss 1.9663 | lr 5.79e-05
step    290 | train_loss 2.0882 | lr 5.79e-05
step    291 | train_loss 2.2757 | lr 5.79e-05
step    292 | train_loss 2.2594 | lr 5.79e-05
step    293 | train_loss 2.1816 | lr 5.78e-05
step    294 | train_loss 2.3229 | lr 5.78e-05
step    295 | train_loss 2.2879 | lr 5.78e-05
step    296 | train_loss 2.0923 | lr 5.78e-05
step    297 | train_loss 2.0921 | lr 5.78e-05
step    298 | train_loss 1.9806 | lr 5.77e-05
step    299 | train_loss 1.9318 | lr 5.77e-05
step    300 | train_loss 2.1502 | lr 5.77e-05
step    301 | train_loss 2.2815 | lr 5.77e-05
step    302 | train_loss 2.0153 | lr 5.76e-05
step    303 | train_loss 2.0400 | lr 5.76e-05
step    304 | train_loss 2.0206 | lr 5.76e-05
step    305 | train_loss 2.2298 | lr 5.76e-05
step    306 | train_loss 2.1708 | lr 5.75e-05
step    307 | train_loss 2.1381 | lr 5.75e-05
step    308 | train_loss 2.1362 | lr 5.75e-05
step    309 | train_loss 2.2962 | lr 5.75e-05
step    310 | train_loss 2.2469 | lr 5.75e-05
step    311 | train_loss 2.2508 | lr 5.74e-05
step    312 | train_loss 1.8930 | lr 5.74e-05
step    313 | train_loss 2.2697 | lr 5.74e-05
step    314 | train_loss 1.9569 | lr 5.74e-05
step    315 | train_loss 2.1702 | lr 5.73e-05
step    316 | train_loss 2.2078 | lr 5.73e-05
step    317 | train_loss 2.2889 | lr 5.73e-05
step    318 | train_loss 2.2205 | lr 5.73e-05
step    319 | train_loss 2.0810 | lr 5.72e-05
step    320 | train_loss 2.1581 | lr 5.72e-05
step    321 | train_loss 2.1923 | lr 5.72e-05
step    322 | train_loss 2.2487 | lr 5.72e-05
step    323 | train_loss 2.1442 | lr 5.71e-05
step    324 | train_loss 2.0703 | lr 5.71e-05
step    325 | train_loss 2.1702 | lr 5.71e-05
step    326 | train_loss 2.1337 | lr 5.71e-05
step    327 | train_loss 2.1151 | lr 5.70e-05
step    328 | train_loss 2.0655 | lr 5.70e-05
step    329 | train_loss 2.1498 | lr 5.70e-05
step    330 | train_loss 2.5522 | lr 5.70e-05
step    331 | train_loss 2.0368 | lr 5.69e-05
step    332 | train_loss 2.0422 | lr 5.69e-05
step    333 | train_loss 2.1153 | lr 5.69e-05
step    334 | train_loss 2.2367 | lr 5.68e-05
step    335 | train_loss 2.2531 | lr 5.68e-05
step    336 | train_loss 2.1446 | lr 5.68e-05
step    337 | train_loss 2.1710 | lr 5.68e-05
step    338 | train_loss 2.1325 | lr 5.67e-05
step    339 | train_loss 2.2597 | lr 5.67e-05
step    340 | train_loss 2.0110 | lr 5.67e-05
step    341 | train_loss 2.3423 | lr 5.67e-05
step    342 | train_loss 1.9898 | lr 5.66e-05
step    343 | train_loss 2.2953 | lr 5.66e-05
step    344 | train_loss 2.3790 | lr 5.66e-05
step    345 | train_loss 1.9538 | lr 5.66e-05
step    346 | train_loss 2.1720 | lr 5.65e-05
step    347 | train_loss 2.0335 | lr 5.65e-05
step    348 | train_loss 2.1496 | lr 5.65e-05
step    349 | train_loss 2.2622 | lr 5.64e-05
step    350 | train_loss 2.2429 | lr 5.64e-05
step    351 | train_loss 2.1975 | lr 5.64e-05
step    352 | train_loss 2.0984 | lr 5.64e-05
step    353 | train_loss 2.2375 | lr 5.63e-05
step    354 | train_loss 2.1442 | lr 5.63e-05
step    355 | train_loss 2.4773 | lr 5.63e-05
step    356 | train_loss 2.2474 | lr 5.62e-05
step    357 | train_loss 2.0832 | lr 5.62e-05
step    358 | train_loss 2.1221 | lr 5.62e-05
step    359 | train_loss 2.2228 | lr 5.62e-05
step    360 | train_loss 2.1573 | lr 5.61e-05
step    361 | train_loss 2.0831 | lr 5.61e-05
step    362 | train_loss 2.0546 | lr 5.61e-05
step    363 | train_loss 2.2024 | lr 5.60e-05
step    364 | train_loss 2.2382 | lr 5.60e-05
step    365 | train_loss 2.1809 | lr 5.60e-05
step    366 | train_loss 2.1097 | lr 5.59e-05
step    367 | train_loss 2.1667 | lr 5.59e-05
step    368 | train_loss 1.9827 | lr 5.59e-05
step    369 | train_loss 2.3009 | lr 5.59e-05
step    370 | train_loss 2.0471 | lr 5.58e-05
step    371 | train_loss 2.1927 | lr 5.58e-05
step    372 | train_loss 2.1615 | lr 5.58e-05
step    373 | train_loss 2.4621 | lr 5.57e-05
step    374 | train_loss 2.1494 | lr 5.57e-05
step    375 | train_loss 2.1720 | lr 5.57e-05
step    376 | train_loss 1.9524 | lr 5.56e-05
step    377 | train_loss 2.1598 | lr 5.56e-05
step    378 | train_loss 2.1786 | lr 5.56e-05
step    379 | train_loss 2.5007 | lr 5.56e-05
step    380 | train_loss 2.1108 | lr 5.55e-05
step    381 | train_loss 1.9077 | lr 5.55e-05
step    382 | train_loss 2.1262 | lr 5.55e-05
step    383 | train_loss 2.3083 | lr 5.54e-05
step    384 | train_loss 2.0946 | lr 5.54e-05
step    385 | train_loss 2.2768 | lr 5.54e-05
step    386 | train_loss 2.0282 | lr 5.53e-05
step    387 | train_loss 2.3614 | lr 5.53e-05
step    388 | train_loss 2.0858 | lr 5.53e-05
step    389 | train_loss 2.0849 | lr 5.52e-05
step    390 | train_loss 2.2246 | lr 5.52e-05
step    391 | train_loss 1.9882 | lr 5.52e-05
step    392 | train_loss 2.2642 | lr 5.51e-05
step    393 | train_loss 2.2701 | lr 5.51e-05
step    394 | train_loss 2.0703 | lr 5.51e-05
step    395 | train_loss 2.2745 | lr 5.50e-05
step    396 | train_loss 2.1686 | lr 5.50e-05
step    397 | train_loss 2.2253 | lr 5.50e-05
step    398 | train_loss 2.2629 | lr 5.49e-05
step    399 | train_loss 1.9657 | lr 5.49e-05
step    400 | train_loss 2.1126 | lr 5.49e-05
step    400 | val_loss 2.1561 | val_ppl 8.64
step    401 | train_loss 2.1835 | lr 5.48e-05
step    402 | train_loss 2.1265 | lr 5.48e-05
step    403 | train_loss 2.0894 | lr 5.48e-05
step    404 | train_loss 2.0303 | lr 5.47e-05
step    405 | train_loss 2.1648 | lr 5.47e-05
step    406 | train_loss 2.2786 | lr 5.47e-05
step    407 | train_loss 2.0569 | lr 5.46e-05
step    408 | train_loss 2.0036 | lr 5.46e-05
step    409 | train_loss 2.0642 | lr 5.46e-05
step    410 | train_loss 2.1790 | lr 5.45e-05
step    411 | train_loss 2.2064 | lr 5.45e-05
step    412 | train_loss 2.2411 | lr 5.45e-05
step    413 | train_loss 2.0022 | lr 5.44e-05
step    414 | train_loss 2.1216 | lr 5.44e-05
step    415 | train_loss 2.0438 | lr 5.44e-05
step    416 | train_loss 2.2546 | lr 5.43e-05
step    417 | train_loss 2.3109 | lr 5.43e-05
step    418 | train_loss 2.1377 | lr 5.43e-05
step    419 | train_loss 2.0376 | lr 5.42e-05
step    420 | train_loss 2.1314 | lr 5.42e-05
step    421 | train_loss 2.2332 | lr 5.42e-05
step    422 | train_loss 2.2141 | lr 5.41e-05
step    423 | train_loss 2.1685 | lr 5.41e-05
step    424 | train_loss 2.1853 | lr 5.41e-05
step    425 | train_loss 2.1785 | lr 5.40e-05
step    426 | train_loss 2.1223 | lr 5.40e-05
step    427 | train_loss 2.0869 | lr 5.39e-05
step    428 | train_loss 2.1053 | lr 5.39e-05
step    429 | train_loss 1.8439 | lr 5.39e-05
step    430 | train_loss 2.1597 | lr 5.38e-05
step    431 | train_loss 2.2336 | lr 5.38e-05
step    432 | train_loss 2.0657 | lr 5.38e-05
step    433 | train_loss 2.0789 | lr 5.37e-05
step    434 | train_loss 2.1031 | lr 5.37e-05
step    435 | train_loss 2.2677 | lr 5.37e-05
step    436 | train_loss 2.2687 | lr 5.36e-05
step    437 | train_loss 2.1345 | lr 5.36e-05
step    438 | train_loss 2.2689 | lr 5.35e-05
step    439 | train_loss 2.2877 | lr 5.35e-05
step    440 | train_loss 2.1108 | lr 5.35e-05
step    441 | train_loss 2.2077 | lr 5.34e-05
step    442 | train_loss 2.1213 | lr 5.34e-05
step    443 | train_loss 2.0777 | lr 5.34e-05
step    444 | train_loss 1.9146 | lr 5.33e-05
step    445 | train_loss 2.1160 | lr 5.33e-05
step    446 | train_loss 2.1675 | lr 5.33e-05
step    447 | train_loss 2.1945 | lr 5.32e-05
step    448 | train_loss 2.2699 | lr 5.32e-05
step    449 | train_loss 2.2347 | lr 5.31e-05
step    450 | train_loss 2.3336 | lr 5.31e-05
step    451 | train_loss 2.0508 | lr 5.31e-05
step    452 | train_loss 2.0387 | lr 5.30e-05
step    453 | train_loss 2.3563 | lr 5.30e-05
step    454 | train_loss 2.1941 | lr 5.30e-05
step    455 | train_loss 1.9461 | lr 5.29e-05
step    456 | train_loss 2.2033 | lr 5.29e-05
step    457 | train_loss 2.0875 | lr 5.28e-05
step    458 | train_loss 2.2654 | lr 5.28e-05
step    459 | train_loss 1.9137 | lr 5.28e-05
step    460 | train_loss 2.0219 | lr 5.27e-05
step    461 | train_loss 2.1327 | lr 5.27e-05
step    462 | train_loss 2.2263 | lr 5.26e-05
step    463 | train_loss 2.3337 | lr 5.26e-05
step    464 | train_loss 2.1806 | lr 5.26e-05
step    465 | train_loss 2.1463 | lr 5.25e-05
step    466 | train_loss 1.9300 | lr 5.25e-05
step    467 | train_loss 2.1554 | lr 5.24e-05
step    468 | train_loss 2.4789 | lr 5.24e-05
step    469 | train_loss 2.2117 | lr 5.24e-05
step    470 | train_loss 2.3469 | lr 5.23e-05
step    471 | train_loss 2.2447 | lr 5.23e-05
step    472 | train_loss 1.8686 | lr 5.23e-05
step    473 | train_loss 1.9891 | lr 5.22e-05
step    474 | train_loss 2.0370 | lr 5.22e-05
step    475 | train_loss 2.2378 | lr 5.21e-05
step    476 | train_loss 2.0010 | lr 5.21e-05
step    477 | train_loss 2.2852 | lr 5.21e-05
step    478 | train_loss 2.2687 | lr 5.20e-05
step    479 | train_loss 2.1202 | lr 5.20e-05
step    480 | train_loss 2.1925 | lr 5.19e-05
step    481 | train_loss 2.1294 | lr 5.19e-05
step    482 | train_loss 2.3341 | lr 5.19e-05
step    483 | train_loss 2.0114 | lr 5.18e-05
step    484 | train_loss 2.0245 | lr 5.18e-05
step    485 | train_loss 2.0671 | lr 5.17e-05
step    486 | train_loss 2.3772 | lr 5.17e-05
step    487 | train_loss 2.2544 | lr 5.16e-05
step    488 | train_loss 2.2385 | lr 5.16e-05
step    489 | train_loss 2.0998 | lr 5.16e-05
step    490 | train_loss 2.3276 | lr 5.15e-05
step    491 | train_loss 2.1853 | lr 5.15e-05
step    492 | train_loss 2.1780 | lr 5.14e-05
step    493 | train_loss 2.2449 | lr 5.14e-05
step    494 | train_loss 2.0503 | lr 5.14e-05
step    495 | train_loss 2.2939 | lr 5.13e-05
step    496 | train_loss 2.1127 | lr 5.13e-05
step    497 | train_loss 2.0434 | lr 5.12e-05
step    498 | train_loss 2.2790 | lr 5.12e-05
step    499 | train_loss 2.0327 | lr 5.12e-05
step    500 | train_loss 2.0714 | lr 5.11e-05
step    501 | train_loss 2.2845 | lr 5.11e-05
step    502 | train_loss 2.0658 | lr 5.10e-05
step    503 | train_loss 2.0343 | lr 5.10e-05
step    504 | train_loss 2.0291 | lr 5.09e-05
step    505 | train_loss 2.0384 | lr 5.09e-05
step    506 | train_loss 2.0369 | lr 5.09e-05
step    507 | train_loss 2.1507 | lr 5.08e-05
step    508 | train_loss 2.2679 | lr 5.08e-05
step    509 | train_loss 2.1156 | lr 5.07e-05
step    510 | train_loss 2.1929 | lr 5.07e-05
step    511 | train_loss 2.1199 | lr 5.06e-05
step    512 | train_loss 2.0295 | lr 5.06e-05
step    513 | train_loss 2.2642 | lr 5.06e-05
step    514 | train_loss 1.9287 | lr 5.05e-05
step    515 | train_loss 2.2473 | lr 5.05e-05
step    516 | train_loss 2.1593 | lr 5.04e-05
step    517 | train_loss 2.2285 | lr 5.04e-05
step    518 | train_loss 2.2950 | lr 5.03e-05
step    519 | train_loss 2.0924 | lr 5.03e-05
step    520 | train_loss 2.1809 | lr 5.03e-05
step    521 | train_loss 2.2554 | lr 5.02e-05
step    522 | train_loss 1.8667 | lr 5.02e-05
step    523 | train_loss 1.9667 | lr 5.01e-05
step    524 | train_loss 2.2900 | lr 5.01e-05
step    525 | train_loss 2.1488 | lr 5.00e-05
step    526 | train_loss 2.0864 | lr 5.00e-05
step    527 | train_loss 2.1531 | lr 4.99e-05
step    528 | train_loss 2.2155 | lr 4.99e-05
step    529 | train_loss 2.1098 | lr 4.99e-05
step    530 | train_loss 2.0298 | lr 4.98e-05
step    531 | train_loss 2.1277 | lr 4.98e-05
step    532 | train_loss 2.0492 | lr 4.97e-05
step    533 | train_loss 2.3115 | lr 4.97e-05
step    534 | train_loss 2.1506 | lr 4.96e-05
step    535 | train_loss 2.2016 | lr 4.96e-05
step    536 | train_loss 2.2680 | lr 4.95e-05
step    537 | train_loss 2.1587 | lr 4.95e-05
step    538 | train_loss 2.1439 | lr 4.95e-05
step    539 | train_loss 1.9983 | lr 4.94e-05
step    540 | train_loss 2.1136 | lr 4.94e-05
step    541 | train_loss 2.2224 | lr 4.93e-05
step    542 | train_loss 2.4035 | lr 4.93e-05
step    543 | train_loss 2.2972 | lr 4.92e-05
step    544 | train_loss 2.1390 | lr 4.92e-05
step    545 | train_loss 2.3085 | lr 4.91e-05
step    546 | train_loss 2.0819 | lr 4.91e-05
step    547 | train_loss 2.2031 | lr 4.91e-05
step    548 | train_loss 2.1685 | lr 4.90e-05
step    549 | train_loss 2.1235 | lr 4.90e-05
step    550 | train_loss 2.2432 | lr 4.89e-05
step    551 | train_loss 2.0012 | lr 4.89e-05
step    552 | train_loss 2.2647 | lr 4.88e-05
step    553 | train_loss 2.0552 | lr 4.88e-05
step    554 | train_loss 2.0486 | lr 4.87e-05
step    555 | train_loss 2.0839 | lr 4.87e-05
step    556 | train_loss 2.1213 | lr 4.86e-05
step    557 | train_loss 2.1392 | lr 4.86e-05
step    558 | train_loss 2.1027 | lr 4.85e-05
step    559 | train_loss 2.0898 | lr 4.85e-05
step    560 | train_loss 2.0992 | lr 4.85e-05
step    561 | train_loss 2.2392 | lr 4.84e-05
step    562 | train_loss 1.9853 | lr 4.84e-05
step    563 | train_loss 2.2244 | lr 4.83e-05
step    564 | train_loss 2.0691 | lr 4.83e-05
step    565 | train_loss 2.1449 | lr 4.82e-05
step    566 | train_loss 2.2777 | lr 4.82e-05
step    567 | train_loss 2.4236 | lr 4.81e-05
step    568 | train_loss 2.1624 | lr 4.81e-05
step    569 | train_loss 2.0306 | lr 4.80e-05
step    570 | train_loss 2.0047 | lr 4.80e-05
step    571 | train_loss 2.2222 | lr 4.79e-05
step    572 | train_loss 2.1383 | lr 4.79e-05
step    573 | train_loss 2.0572 | lr 4.78e-05
step    574 | train_loss 2.3143 | lr 4.78e-05
step    575 | train_loss 2.1733 | lr 4.78e-05
step    576 | train_loss 2.4672 | lr 4.77e-05
step    577 | train_loss 2.0710 | lr 4.77e-05
step    578 | train_loss 2.1190 | lr 4.76e-05
step    579 | train_loss 2.2458 | lr 4.76e-05
step    580 | train_loss 2.2170 | lr 4.75e-05
step    581 | train_loss 2.1534 | lr 4.75e-05
step    582 | train_loss 2.1751 | lr 4.74e-05
step    583 | train_loss 2.2027 | lr 4.74e-05
step    584 | train_loss 2.1458 | lr 4.73e-05
step    585 | train_loss 2.1872 | lr 4.73e-05
step    586 | train_loss 1.9855 | lr 4.72e-05
step    587 | train_loss 2.1680 | lr 4.72e-05
step    588 | train_loss 2.0764 | lr 4.71e-05
step    589 | train_loss 2.0116 | lr 4.71e-05
step    590 | train_loss 2.0625 | lr 4.70e-05
step    591 | train_loss 2.0450 | lr 4.70e-05
step    592 | train_loss 2.3932 | lr 4.69e-05
step    593 | train_loss 2.2735 | lr 4.69e-05
step    594 | train_loss 2.1453 | lr 4.68e-05
step    595 | train_loss 2.0984 | lr 4.68e-05
step    596 | train_loss 2.2587 | lr 4.67e-05
step    597 | train_loss 2.4363 | lr 4.67e-05
step    598 | train_loss 1.7321 | lr 4.66e-05
step    599 | train_loss 2.1494 | lr 4.66e-05
step    600 | train_loss 2.0778 | lr 4.65e-05
step    600 | val_loss 2.1431 | val_ppl 8.53
step    601 | train_loss 1.9850 | lr 4.65e-05
step    602 | train_loss 2.2546 | lr 4.65e-05
step    603 | train_loss 2.0909 | lr 4.64e-05
step    604 | train_loss 2.2274 | lr 4.64e-05
step    605 | train_loss 2.2595 | lr 4.63e-05
step    606 | train_loss 2.1045 | lr 4.63e-05
step    607 | train_loss 2.0321 | lr 4.62e-05
step    608 | train_loss 2.3063 | lr 4.62e-05
step    609 | train_loss 2.2567 | lr 4.61e-05
step    610 | train_loss 2.2090 | lr 4.61e-05
step    611 | train_loss 1.9938 | lr 4.60e-05
step    612 | train_loss 2.2032 | lr 4.60e-05
step    613 | train_loss 2.1732 | lr 4.59e-05
step    614 | train_loss 2.0522 | lr 4.59e-05
step    615 | train_loss 2.1889 | lr 4.58e-05
step    616 | train_loss 2.1431 | lr 4.58e-05
step    617 | train_loss 2.2888 | lr 4.57e-05
step    618 | train_loss 2.0936 | lr 4.57e-05
step    619 | train_loss 2.2746 | lr 4.56e-05
step    620 | train_loss 2.2704 | lr 4.56e-05
step    621 | train_loss 2.3267 | lr 4.55e-05
step    622 | train_loss 1.8777 | lr 4.55e-05
step    623 | train_loss 2.1085 | lr 4.54e-05
step    624 | train_loss 2.1196 | lr 4.54e-05
step    625 | train_loss 2.2446 | lr 4.53e-05
step    626 | train_loss 2.4214 | lr 4.53e-05
step    627 | train_loss 2.1322 | lr 4.52e-05
step    628 | train_loss 2.1990 | lr 4.52e-05
step    629 | train_loss 2.1302 | lr 4.51e-05
step    630 | train_loss 2.0653 | lr 4.51e-05
step    631 | train_loss 2.1561 | lr 4.50e-05
step    632 | train_loss 2.1643 | lr 4.50e-05
step    633 | train_loss 2.1460 | lr 4.49e-05
step    634 | train_loss 2.2160 | lr 4.49e-05
step    635 | train_loss 2.0209 | lr 4.48e-05
step    636 | train_loss 1.9298 | lr 4.48e-05
step    637 | train_loss 2.2218 | lr 4.47e-05
step    638 | train_loss 2.0409 | lr 4.46e-05
step    639 | train_loss 2.0740 | lr 4.46e-05
step    640 | train_loss 2.2430 | lr 4.45e-05
step    641 | train_loss 2.1373 | lr 4.45e-05
step    642 | train_loss 2.1734 | lr 4.44e-05
step    643 | train_loss 2.0826 | lr 4.44e-05
step    644 | train_loss 2.4293 | lr 4.43e-05
step    645 | train_loss 2.0843 | lr 4.43e-05
step    646 | train_loss 2.1220 | lr 4.42e-05
step    647 | train_loss 2.5593 | lr 4.42e-05
step    648 | train_loss 2.0037 | lr 4.41e-05
step    649 | train_loss 2.1828 | lr 4.41e-05
step    650 | train_loss 2.2275 | lr 4.40e-05
step    651 | train_loss 2.1959 | lr 4.40e-05
step    652 | train_loss 2.0955 | lr 4.39e-05
step    653 | train_loss 2.1913 | lr 4.39e-05
step    654 | train_loss 2.2615 | lr 4.38e-05
step    655 | train_loss 2.1627 | lr 4.38e-05
step    656 | train_loss 2.0640 | lr 4.37e-05
step    657 | train_loss 2.1543 | lr 4.37e-05
step    658 | train_loss 2.0073 | lr 4.36e-05
step    659 | train_loss 2.1844 | lr 4.36e-05
step    660 | train_loss 2.1765 | lr 4.35e-05
step    661 | train_loss 2.1971 | lr 4.35e-05
step    662 | train_loss 1.8995 | lr 4.34e-05
step    663 | train_loss 2.1809 | lr 4.34e-05
step    664 | train_loss 1.9620 | lr 4.33e-05
step    665 | train_loss 2.3083 | lr 4.33e-05
step    666 | train_loss 2.0821 | lr 4.32e-05
step    667 | train_loss 2.1851 | lr 4.31e-05
step    668 | train_loss 2.3057 | lr 4.31e-05
step    669 | train_loss 2.1884 | lr 4.30e-05
step    670 | train_loss 2.2327 | lr 4.30e-05
step    671 | train_loss 1.9954 | lr 4.29e-05
step    672 | train_loss 2.1934 | lr 4.29e-05
step    673 | train_loss 2.3664 | lr 4.28e-05
step    674 | train_loss 2.1717 | lr 4.28e-05
step    675 | train_loss 2.1687 | lr 4.27e-05
step    676 | train_loss 2.1280 | lr 4.27e-05
step    677 | train_loss 2.1383 | lr 4.26e-05
step    678 | train_loss 2.2819 | lr 4.26e-05
step    679 | train_loss 2.4449 | lr 4.25e-05
step    680 | train_loss 1.8431 | lr 4.25e-05
step    681 | train_loss 2.2758 | lr 4.24e-05
step    682 | train_loss 2.0041 | lr 4.24e-05
step    683 | train_loss 2.2182 | lr 4.23e-05
step    684 | train_loss 1.9950 | lr 4.23e-05
step    685 | train_loss 2.1969 | lr 4.22e-05
step    686 | train_loss 2.1213 | lr 4.21e-05
step    687 | train_loss 2.0038 | lr 4.21e-05
step    688 | train_loss 2.2195 | lr 4.20e-05
step    689 | train_loss 2.3205 | lr 4.20e-05
step    690 | train_loss 2.1791 | lr 4.19e-05
step    691 | train_loss 2.2484 | lr 4.19e-05
step    692 | train_loss 2.2029 | lr 4.18e-05
step    693 | train_loss 2.0714 | lr 4.18e-05
step    694 | train_loss 2.2976 | lr 4.17e-05
step    695 | train_loss 2.1305 | lr 4.17e-05
step    696 | train_loss 2.0224 | lr 4.16e-05
step    697 | train_loss 2.0408 | lr 4.16e-05
step    698 | train_loss 1.9496 | lr 4.15e-05
step    699 | train_loss 2.1700 | lr 4.15e-05
step    700 | train_loss 2.1239 | lr 4.14e-05
step    701 | train_loss 2.1397 | lr 4.13e-05
step    702 | train_loss 1.9838 | lr 4.13e-05
step    703 | train_loss 2.0076 | lr 4.12e-05
step    704 | train_loss 1.9318 | lr 4.12e-05
step    705 | train_loss 2.1300 | lr 4.11e-05
step    706 | train_loss 2.1690 | lr 4.11e-05
step    707 | train_loss 1.7565 | lr 4.10e-05
step    708 | train_loss 2.0666 | lr 4.10e-05
step    709 | train_loss 2.0355 | lr 4.09e-05
step    710 | train_loss 2.1066 | lr 4.09e-05
step    711 | train_loss 1.8827 | lr 4.08e-05
step    712 | train_loss 2.0555 | lr 4.07e-05
step    713 | train_loss 2.2065 | lr 4.07e-05
step    714 | train_loss 2.0161 | lr 4.06e-05
step    715 | train_loss 2.4272 | lr 4.06e-05
step    716 | train_loss 1.8756 | lr 4.05e-05
step    717 | train_loss 2.3120 | lr 4.05e-05
step    718 | train_loss 2.0471 | lr 4.04e-05
step    719 | train_loss 2.3039 | lr 4.04e-05
step    720 | train_loss 2.0946 | lr 4.03e-05
step    721 | train_loss 2.2777 | lr 4.03e-05
step    722 | train_loss 2.0075 | lr 4.02e-05
step    723 | train_loss 2.1824 | lr 4.02e-05
step    724 | train_loss 2.3289 | lr 4.01e-05
step    725 | train_loss 2.0326 | lr 4.00e-05
step    726 | train_loss 1.8981 | lr 4.00e-05
step    727 | train_loss 2.0102 | lr 3.99e-05
step    728 | train_loss 2.3151 | lr 3.99e-05
step    729 | train_loss 2.1929 | lr 3.98e-05
step    730 | train_loss 2.1707 | lr 3.98e-05
step    731 | train_loss 2.0071 | lr 3.97e-05
step    732 | train_loss 2.2388 | lr 3.97e-05
step    733 | train_loss 2.0532 | lr 3.96e-05
step    734 | train_loss 2.4142 | lr 3.96e-05
step    735 | train_loss 1.9852 | lr 3.95e-05
step    736 | train_loss 2.3668 | lr 3.94e-05
step    737 | train_loss 2.2731 | lr 3.94e-05
step    738 | train_loss 2.2475 | lr 3.93e-05
step    739 | train_loss 2.3670 | lr 3.93e-05
step    740 | train_loss 2.1637 | lr 3.92e-05
step    741 | train_loss 2.3216 | lr 3.92e-05
step    742 | train_loss 2.3335 | lr 3.91e-05
step    743 | train_loss 2.2450 | lr 3.91e-05
step    744 | train_loss 2.1517 | lr 3.90e-05
step    745 | train_loss 2.2273 | lr 3.89e-05
step    746 | train_loss 2.0697 | lr 3.89e-05
step    747 | train_loss 2.2452 | lr 3.88e-05
step    748 | train_loss 2.2420 | lr 3.88e-05
step    749 | train_loss 2.2554 | lr 3.87e-05
step    750 | train_loss 2.0913 | lr 3.87e-05
step    751 | train_loss 2.1358 | lr 3.86e-05
step    752 | train_loss 2.0369 | lr 3.86e-05
step    753 | train_loss 2.1154 | lr 3.85e-05
step    754 | train_loss 1.9503 | lr 3.84e-05
step    755 | train_loss 1.9232 | lr 3.84e-05
step    756 | train_loss 2.1695 | lr 3.83e-05
step    757 | train_loss 1.9450 | lr 3.83e-05
step    758 | train_loss 2.1289 | lr 3.82e-05
step    759 | train_loss 2.2285 | lr 3.82e-05
step    760 | train_loss 2.1946 | lr 3.81e-05
step    761 | train_loss 2.1864 | lr 3.81e-05
step    762 | train_loss 2.0210 | lr 3.80e-05
step    763 | train_loss 2.0440 | lr 3.79e-05
step    764 | train_loss 2.1493 | lr 3.79e-05
step    765 | train_loss 2.2810 | lr 3.78e-05
step    766 | train_loss 2.0656 | lr 3.78e-05
step    767 | train_loss 2.0371 | lr 3.77e-05
step    768 | train_loss 2.3669 | lr 3.77e-05
step    769 | train_loss 2.2272 | lr 3.76e-05
step    770 | train_loss 2.0821 | lr 3.76e-05
step    771 | train_loss 2.1332 | lr 3.75e-05
step    772 | train_loss 2.4068 | lr 3.74e-05
step    773 | train_loss 2.2596 | lr 3.74e-05
step    774 | train_loss 2.1511 | lr 3.73e-05
step    775 | train_loss 2.2719 | lr 3.73e-05
step    776 | train_loss 2.1738 | lr 3.72e-05
step    777 | train_loss 2.1906 | lr 3.72e-05
step    778 | train_loss 2.1769 | lr 3.71e-05
step    779 | train_loss 2.0858 | lr 3.71e-05
step    780 | train_loss 2.2062 | lr 3.70e-05
step    781 | train_loss 2.3861 | lr 3.69e-05
step    782 | train_loss 2.3250 | lr 3.69e-05
step    783 | train_loss 2.2074 | lr 3.68e-05
step    784 | train_loss 2.1078 | lr 3.68e-05
step    785 | train_loss 2.1812 | lr 3.67e-05
step    786 | train_loss 2.0434 | lr 3.67e-05
step    787 | train_loss 2.1419 | lr 3.66e-05
step    788 | train_loss 1.9631 | lr 3.66e-05
step    789 | train_loss 2.0217 | lr 3.65e-05
step    790 | train_loss 2.4990 | lr 3.64e-05
step    791 | train_loss 2.2564 | lr 3.64e-05
step    792 | train_loss 2.1785 | lr 3.63e-05
step    793 | train_loss 1.9425 | lr 3.63e-05
step    794 | train_loss 2.0414 | lr 3.62e-05
step    795 | train_loss 2.2254 | lr 3.62e-05
step    796 | train_loss 2.1527 | lr 3.61e-05
step    797 | train_loss 2.2265 | lr 3.60e-05
step    798 | train_loss 2.2078 | lr 3.60e-05
step    799 | train_loss 2.0280 | lr 3.59e-05
step    800 | train_loss 2.0597 | lr 3.59e-05
step    800 | val_loss 2.1273 | val_ppl 8.39
Saved checkpoint to checkpoints/sft_alpaca_packed_u60/step_800.pt
step    801 | train_loss 2.3123 | lr 3.58e-05
step    802 | train_loss 2.0329 | lr 3.58e-05
step    803 | train_loss 2.2606 | lr 3.57e-05
step    804 | train_loss 2.3031 | lr 3.57e-05
step    805 | train_loss 1.9857 | lr 3.56e-05
step    806 | train_loss 2.3592 | lr 3.55e-05
step    807 | train_loss 1.9203 | lr 3.55e-05
step    808 | train_loss 2.1247 | lr 3.54e-05
step    809 | train_loss 2.1176 | lr 3.54e-05
step    810 | train_loss 2.1527 | lr 3.53e-05
step    811 | train_loss 2.2930 | lr 3.53e-05
step    812 | train_loss 2.0380 | lr 3.52e-05
step    813 | train_loss 2.1170 | lr 3.51e-05
step    814 | train_loss 2.2288 | lr 3.51e-05
step    815 | train_loss 2.0231 | lr 3.50e-05
step    816 | train_loss 2.1279 | lr 3.50e-05
step    817 | train_loss 2.0459 | lr 3.49e-05
step    818 | train_loss 1.9485 | lr 3.49e-05
step    819 | train_loss 2.1086 | lr 3.48e-05
step    820 | train_loss 2.0445 | lr 3.48e-05
step    821 | train_loss 2.0698 | lr 3.47e-05
step    822 | train_loss 2.2474 | lr 3.46e-05
step    823 | train_loss 2.0803 | lr 3.46e-05
step    824 | train_loss 2.0052 | lr 3.45e-05
step    825 | train_loss 2.0116 | lr 3.45e-05
step    826 | train_loss 2.0224 | lr 3.44e-05
step    827 | train_loss 2.2531 | lr 3.44e-05
step    828 | train_loss 2.1498 | lr 3.43e-05
step    829 | train_loss 2.1423 | lr 3.42e-05
step    830 | train_loss 2.1462 | lr 3.42e-05
step    831 | train_loss 2.3369 | lr 3.41e-05
step    832 | train_loss 2.3288 | lr 3.41e-05
step    833 | train_loss 1.9247 | lr 3.40e-05
step    834 | train_loss 2.3025 | lr 3.40e-05
step    835 | train_loss 2.3617 | lr 3.39e-05
step    836 | train_loss 2.3733 | lr 3.38e-05
step    837 | train_loss 2.2407 | lr 3.38e-05
step    838 | train_loss 2.4716 | lr 3.37e-05
step    839 | train_loss 2.1481 | lr 3.37e-05
step    840 | train_loss 2.0352 | lr 3.36e-05
step    841 | train_loss 2.2356 | lr 3.36e-05
step    842 | train_loss 1.9624 | lr 3.35e-05
step    843 | train_loss 1.9454 | lr 3.35e-05
step    844 | train_loss 2.0695 | lr 3.34e-05
step    845 | train_loss 2.1021 | lr 3.33e-05
step    846 | train_loss 2.0739 | lr 3.33e-05
step    847 | train_loss 2.2124 | lr 3.32e-05
step    848 | train_loss 2.1568 | lr 3.32e-05
step    849 | train_loss 2.3042 | lr 3.31e-05
step    850 | train_loss 2.0639 | lr 3.31e-05
step    851 | train_loss 2.2704 | lr 3.30e-05
step    852 | train_loss 1.9803 | lr 3.29e-05
step    853 | train_loss 2.1473 | lr 3.29e-05
step    854 | train_loss 2.3584 | lr 3.28e-05
step    855 | train_loss 2.1557 | lr 3.28e-05
step    856 | train_loss 2.3712 | lr 3.27e-05
step    857 | train_loss 2.4026 | lr 3.27e-05
step    858 | train_loss 2.3938 | lr 3.26e-05
step    859 | train_loss 2.1736 | lr 3.25e-05
step    860 | train_loss 2.0358 | lr 3.25e-05
step    861 | train_loss 2.2231 | lr 3.24e-05
step    862 | train_loss 2.2334 | lr 3.24e-05
step    863 | train_loss 2.2601 | lr 3.23e-05
step    864 | train_loss 2.0856 | lr 3.23e-05
step    865 | train_loss 2.2832 | lr 3.22e-05
step    866 | train_loss 2.0104 | lr 3.22e-05
step    867 | train_loss 2.0445 | lr 3.21e-05
step    868 | train_loss 2.0950 | lr 3.20e-05
step    869 | train_loss 2.3165 | lr 3.20e-05
step    870 | train_loss 1.9132 | lr 3.19e-05
step    871 | train_loss 2.0229 | lr 3.19e-05
step    872 | train_loss 2.1546 | lr 3.18e-05
step    873 | train_loss 2.1502 | lr 3.18e-05
step    874 | train_loss 2.1288 | lr 3.17e-05
step    875 | train_loss 2.1702 | lr 3.16e-05
step    876 | train_loss 2.0909 | lr 3.16e-05
step    877 | train_loss 2.1722 | lr 3.15e-05
step    878 | train_loss 2.1367 | lr 3.15e-05
step    879 | train_loss 2.3161 | lr 3.14e-05
step    880 | train_loss 2.0605 | lr 3.14e-05
step    881 | train_loss 1.8569 | lr 3.13e-05
step    882 | train_loss 2.2075 | lr 3.12e-05
step    883 | train_loss 1.9236 | lr 3.12e-05
step    884 | train_loss 1.9463 | lr 3.11e-05
step    885 | train_loss 2.2511 | lr 3.11e-05
step    886 | train_loss 2.0216 | lr 3.10e-05
step    887 | train_loss 2.0216 | lr 3.10e-05
step    888 | train_loss 2.1244 | lr 3.09e-05
step    889 | train_loss 2.0946 | lr 3.09e-05
step    890 | train_loss 2.1793 | lr 3.08e-05
step    891 | train_loss 1.9965 | lr 3.07e-05
step    892 | train_loss 2.2151 | lr 3.07e-05
step    893 | train_loss 2.2185 | lr 3.06e-05
step    894 | train_loss 1.9860 | lr 3.06e-05
step    895 | train_loss 2.1409 | lr 3.05e-05
step    896 | train_loss 2.1356 | lr 3.05e-05
step    897 | train_loss 2.3908 | lr 3.04e-05
step    898 | train_loss 2.2277 | lr 3.03e-05
step    899 | train_loss 2.0808 | lr 3.03e-05
step    900 | train_loss 2.3621 | lr 3.02e-05
step    901 | train_loss 2.1063 | lr 3.02e-05
step    902 | train_loss 1.7492 | lr 3.01e-05
step    903 | train_loss 2.1301 | lr 3.01e-05
step    904 | train_loss 2.2651 | lr 3.00e-05
step    905 | train_loss 2.2225 | lr 3.00e-05
step    906 | train_loss 2.1231 | lr 2.99e-05
step    907 | train_loss 2.0372 | lr 2.98e-05
step    908 | train_loss 2.0239 | lr 2.98e-05
step    909 | train_loss 2.1329 | lr 2.97e-05
step    910 | train_loss 1.8345 | lr 2.97e-05
step    911 | train_loss 2.1315 | lr 2.96e-05
step    912 | train_loss 2.3689 | lr 2.96e-05
step    913 | train_loss 2.0941 | lr 2.95e-05
step    914 | train_loss 2.4360 | lr 2.94e-05
step    915 | train_loss 2.1163 | lr 2.94e-05
step    916 | train_loss 2.0656 | lr 2.93e-05
step    917 | train_loss 2.1257 | lr 2.93e-05
step    918 | train_loss 1.9519 | lr 2.92e-05
step    919 | train_loss 2.3173 | lr 2.92e-05
step    920 | train_loss 2.0778 | lr 2.91e-05
step    921 | train_loss 2.1113 | lr 2.91e-05
step    922 | train_loss 2.2387 | lr 2.90e-05
step    923 | train_loss 1.9534 | lr 2.89e-05
step    924 | train_loss 2.4156 | lr 2.89e-05
step    925 | train_loss 2.0929 | lr 2.88e-05
step    926 | train_loss 2.0031 | lr 2.88e-05
step    927 | train_loss 2.2984 | lr 2.87e-05
step    928 | train_loss 2.1571 | lr 2.87e-05
step    929 | train_loss 2.2227 | lr 2.86e-05
step    930 | train_loss 2.2170 | lr 2.86e-05
step    931 | train_loss 1.9645 | lr 2.85e-05
step    932 | train_loss 2.0331 | lr 2.84e-05
step    933 | train_loss 1.9960 | lr 2.84e-05
step    934 | train_loss 2.0121 | lr 2.83e-05
step    935 | train_loss 2.2175 | lr 2.83e-05
step    936 | train_loss 2.0661 | lr 2.82e-05
step    937 | train_loss 2.0448 | lr 2.82e-05
step    938 | train_loss 2.1230 | lr 2.81e-05
step    939 | train_loss 1.8525 | lr 2.81e-05
step    940 | train_loss 1.8770 | lr 2.80e-05
step    941 | train_loss 2.0582 | lr 2.79e-05
step    942 | train_loss 2.0634 | lr 2.79e-05
step    943 | train_loss 2.0995 | lr 2.78e-05
step    944 | train_loss 2.1883 | lr 2.78e-05
step    945 | train_loss 2.2700 | lr 2.77e-05
step    946 | train_loss 1.9864 | lr 2.77e-05
step    947 | train_loss 2.0739 | lr 2.76e-05
step    948 | train_loss 2.2743 | lr 2.76e-05
step    949 | train_loss 2.2592 | lr 2.75e-05
step    950 | train_loss 2.3254 | lr 2.74e-05
step    951 | train_loss 1.9598 | lr 2.74e-05
step    952 | train_loss 2.0633 | lr 2.73e-05
step    953 | train_loss 2.1881 | lr 2.73e-05
step    954 | train_loss 2.1407 | lr 2.72e-05
step    955 | train_loss 2.1512 | lr 2.72e-05
step    956 | train_loss 2.2280 | lr 2.71e-05
step    957 | train_loss 2.1526 | lr 2.71e-05
step    958 | train_loss 2.0901 | lr 2.70e-05
step    959 | train_loss 2.0427 | lr 2.69e-05
step    960 | train_loss 2.4428 | lr 2.69e-05
step    961 | train_loss 2.2357 | lr 2.68e-05
step    962 | train_loss 2.1535 | lr 2.68e-05
step    963 | train_loss 2.1116 | lr 2.67e-05
step    964 | train_loss 2.3378 | lr 2.67e-05
step    965 | train_loss 2.2793 | lr 2.66e-05
step    966 | train_loss 1.9918 | lr 2.66e-05
step    967 | train_loss 2.0737 | lr 2.65e-05
step    968 | train_loss 2.1937 | lr 2.64e-05
step    969 | train_loss 2.3439 | lr 2.64e-05
step    970 | train_loss 2.0714 | lr 2.63e-05
step    971 | train_loss 2.0293 | lr 2.63e-05
step    972 | train_loss 1.9194 | lr 2.62e-05
step    973 | train_loss 2.1019 | lr 2.62e-05
step    974 | train_loss 1.9944 | lr 2.61e-05
step    975 | train_loss 2.1276 | lr 2.61e-05
step    976 | train_loss 2.0660 | lr 2.60e-05
step    977 | train_loss 2.2754 | lr 2.60e-05
step    978 | train_loss 2.1832 | lr 2.59e-05
step    979 | train_loss 2.1360 | lr 2.58e-05
step    980 | train_loss 2.2659 | lr 2.58e-05
step    981 | train_loss 2.3398 | lr 2.57e-05
step    982 | train_loss 2.0625 | lr 2.57e-05
step    983 | train_loss 2.1769 | lr 2.56e-05
step    984 | train_loss 2.0936 | lr 2.56e-05
step    985 | train_loss 1.9999 | lr 2.55e-05
step    986 | train_loss 2.0474 | lr 2.55e-05
step    987 | train_loss 2.1666 | lr 2.54e-05
step    988 | train_loss 2.1790 | lr 2.54e-05
step    989 | train_loss 2.1385 | lr 2.53e-05
step    990 | train_loss 2.1867 | lr 2.53e-05
step    991 | train_loss 2.3558 | lr 2.52e-05
step    992 | train_loss 1.9885 | lr 2.51e-05
step    993 | train_loss 2.0226 | lr 2.51e-05
step    994 | train_loss 2.1866 | lr 2.50e-05
step    995 | train_loss 2.1585 | lr 2.50e-05
step    996 | train_loss 2.1708 | lr 2.49e-05
step    997 | train_loss 2.1999 | lr 2.49e-05
step    998 | train_loss 2.2636 | lr 2.48e-05
step    999 | train_loss 2.0139 | lr 2.48e-05
step   1000 | train_loss 1.8587 | lr 2.47e-05
step   1000 | val_loss 2.1162 | val_ppl 8.30
step   1001 | train_loss 1.9959 | lr 2.47e-05
step   1002 | train_loss 2.0897 | lr 2.46e-05
step   1003 | train_loss 1.9960 | lr 2.45e-05
step   1004 | train_loss 2.0066 | lr 2.45e-05
step   1005 | train_loss 2.0696 | lr 2.44e-05
step   1006 | train_loss 2.1251 | lr 2.44e-05
step   1007 | train_loss 2.0926 | lr 2.43e-05
step   1008 | train_loss 2.4269 | lr 2.43e-05
step   1009 | train_loss 2.1853 | lr 2.42e-05
step   1010 | train_loss 2.2262 | lr 2.42e-05
step   1011 | train_loss 2.2235 | lr 2.41e-05
step   1012 | train_loss 2.3214 | lr 2.41e-05
step   1013 | train_loss 1.8881 | lr 2.40e-05
step   1014 | train_loss 2.1362 | lr 2.40e-05
step   1015 | train_loss 2.0673 | lr 2.39e-05
step   1016 | train_loss 2.1479 | lr 2.39e-05
step   1017 | train_loss 2.1125 | lr 2.38e-05
step   1018 | train_loss 2.4208 | lr 2.37e-05
step   1019 | train_loss 2.2446 | lr 2.37e-05
step   1020 | train_loss 2.1267 | lr 2.36e-05
step   1021 | train_loss 2.0468 | lr 2.36e-05
step   1022 | train_loss 1.9500 | lr 2.35e-05
step   1023 | train_loss 2.0520 | lr 2.35e-05
step   1024 | train_loss 2.0698 | lr 2.34e-05
step   1025 | train_loss 2.0417 | lr 2.34e-05
step   1026 | train_loss 2.1847 | lr 2.33e-05
step   1027 | train_loss 2.0206 | lr 2.33e-05
step   1028 | train_loss 1.9515 | lr 2.32e-05
step   1029 | train_loss 2.2229 | lr 2.32e-05
step   1030 | train_loss 2.2647 | lr 2.31e-05
step   1031 | train_loss 2.3599 | lr 2.31e-05
step   1032 | train_loss 2.0027 | lr 2.30e-05
step   1033 | train_loss 2.2198 | lr 2.30e-05
step   1034 | train_loss 2.1651 | lr 2.29e-05
step   1035 | train_loss 2.1238 | lr 2.29e-05
step   1036 | train_loss 2.2975 | lr 2.28e-05
step   1037 | train_loss 2.3357 | lr 2.27e-05
step   1038 | train_loss 2.3257 | lr 2.27e-05
step   1039 | train_loss 2.0672 | lr 2.26e-05
step   1040 | train_loss 2.2523 | lr 2.26e-05
step   1041 | train_loss 2.2885 | lr 2.25e-05
step   1042 | train_loss 1.8631 | lr 2.25e-05
step   1043 | train_loss 2.1021 | lr 2.24e-05
step   1044 | train_loss 2.1745 | lr 2.24e-05
step   1045 | train_loss 1.8267 | lr 2.23e-05
step   1046 | train_loss 2.0419 | lr 2.23e-05
step   1047 | train_loss 2.0872 | lr 2.22e-05
step   1048 | train_loss 2.0717 | lr 2.22e-05
step   1049 | train_loss 2.0411 | lr 2.21e-05
step   1050 | train_loss 2.1788 | lr 2.21e-05
step   1051 | train_loss 2.1643 | lr 2.20e-05
step   1052 | train_loss 2.0240 | lr 2.20e-05
step   1053 | train_loss 2.0837 | lr 2.19e-05
step   1054 | train_loss 2.0368 | lr 2.19e-05
step   1055 | train_loss 2.2717 | lr 2.18e-05
step   1056 | train_loss 2.0727 | lr 2.18e-05
step   1057 | train_loss 2.1386 | lr 2.17e-05
step   1058 | train_loss 2.0798 | lr 2.17e-05
step   1059 | train_loss 2.0435 | lr 2.16e-05
step   1060 | train_loss 2.3029 | lr 2.16e-05
step   1061 | train_loss 2.2335 | lr 2.15e-05
step   1062 | train_loss 2.2888 | lr 2.15e-05
step   1063 | train_loss 2.1585 | lr 2.14e-05
step   1064 | train_loss 2.1722 | lr 2.14e-05
step   1065 | train_loss 2.0640 | lr 2.13e-05
step   1066 | train_loss 2.0873 | lr 2.12e-05
step   1067 | train_loss 2.1307 | lr 2.12e-05
step   1068 | train_loss 2.0410 | lr 2.11e-05
step   1069 | train_loss 1.9072 | lr 2.11e-05
step   1070 | train_loss 2.1713 | lr 2.10e-05
step   1071 | train_loss 2.2061 | lr 2.10e-05
step   1072 | train_loss 2.4673 | lr 2.09e-05
step   1073 | train_loss 2.0523 | lr 2.09e-05
step   1074 | train_loss 2.2129 | lr 2.08e-05
step   1075 | train_loss 2.0503 | lr 2.08e-05
step   1076 | train_loss 2.0827 | lr 2.07e-05
step   1077 | train_loss 2.1809 | lr 2.07e-05
step   1078 | train_loss 2.1024 | lr 2.06e-05
step   1079 | train_loss 2.0135 | lr 2.06e-05
step   1080 | train_loss 1.9827 | lr 2.05e-05
step   1081 | train_loss 2.1468 | lr 2.05e-05
step   1082 | train_loss 2.0246 | lr 2.04e-05
step   1083 | train_loss 2.1721 | lr 2.04e-05
step   1084 | train_loss 2.2493 | lr 2.03e-05
step   1085 | train_loss 2.0438 | lr 2.03e-05
step   1086 | train_loss 1.9225 | lr 2.02e-05
step   1087 | train_loss 2.0399 | lr 2.02e-05
step   1088 | train_loss 2.0007 | lr 2.01e-05
step   1089 | train_loss 1.7715 | lr 2.01e-05
step   1090 | train_loss 2.0985 | lr 2.00e-05
step   1091 | train_loss 2.0943 | lr 2.00e-05
step   1092 | train_loss 2.1753 | lr 1.99e-05
step   1093 | train_loss 2.0763 | lr 1.99e-05
step   1094 | train_loss 2.0827 | lr 1.98e-05
step   1095 | train_loss 2.0364 | lr 1.98e-05
step   1096 | train_loss 1.8101 | lr 1.97e-05
step   1097 | train_loss 2.0297 | lr 1.97e-05
step   1098 | train_loss 2.0254 | lr 1.96e-05
step   1099 | train_loss 2.0953 | lr 1.96e-05
step   1100 | train_loss 1.9151 | lr 1.95e-05
step   1101 | train_loss 2.1452 | lr 1.95e-05
step   1102 | train_loss 2.2888 | lr 1.95e-05
step   1103 | train_loss 2.0578 | lr 1.94e-05
step   1104 | train_loss 2.0773 | lr 1.94e-05
step   1105 | train_loss 2.0219 | lr 1.93e-05
step   1106 | train_loss 2.1926 | lr 1.93e-05
step   1107 | train_loss 2.1113 | lr 1.92e-05
step   1108 | train_loss 2.0414 | lr 1.92e-05
step   1109 | train_loss 2.1193 | lr 1.91e-05
step   1110 | train_loss 2.1641 | lr 1.91e-05
step   1111 | train_loss 2.1860 | lr 1.90e-05
step   1112 | train_loss 2.3764 | lr 1.90e-05
step   1113 | train_loss 2.1630 | lr 1.89e-05
step   1114 | train_loss 2.0001 | lr 1.89e-05
step   1115 | train_loss 2.2133 | lr 1.88e-05
step   1116 | train_loss 2.0414 | lr 1.88e-05
step   1117 | train_loss 2.1136 | lr 1.87e-05
step   1118 | train_loss 2.0272 | lr 1.87e-05
step   1119 | train_loss 2.1317 | lr 1.86e-05
step   1120 | train_loss 2.0735 | lr 1.86e-05
step   1121 | train_loss 2.1876 | lr 1.85e-05
step   1122 | train_loss 2.1837 | lr 1.85e-05
step   1123 | train_loss 2.2287 | lr 1.84e-05
step   1124 | train_loss 2.0966 | lr 1.84e-05
step   1125 | train_loss 2.1094 | lr 1.83e-05
step   1126 | train_loss 1.9479 | lr 1.83e-05
step   1127 | train_loss 2.2369 | lr 1.82e-05
step   1128 | train_loss 2.2289 | lr 1.82e-05
step   1129 | train_loss 1.8226 | lr 1.82e-05
step   1130 | train_loss 2.1011 | lr 1.81e-05
step   1131 | train_loss 2.0102 | lr 1.81e-05
step   1132 | train_loss 2.4544 | lr 1.80e-05
step   1133 | train_loss 2.2376 | lr 1.80e-05
step   1134 | train_loss 1.9645 | lr 1.79e-05
step   1135 | train_loss 2.2972 | lr 1.79e-05
step   1136 | train_loss 2.1570 | lr 1.78e-05
step   1137 | train_loss 2.1664 | lr 1.78e-05
step   1138 | train_loss 2.0341 | lr 1.77e-05
step   1139 | train_loss 1.8829 | lr 1.77e-05
step   1140 | train_loss 2.0612 | lr 1.76e-05
step   1141 | train_loss 2.0071 | lr 1.76e-05
step   1142 | train_loss 1.9830 | lr 1.75e-05
step   1143 | train_loss 2.0336 | lr 1.75e-05
step   1144 | train_loss 2.0290 | lr 1.75e-05
step   1145 | train_loss 2.2763 | lr 1.74e-05
step   1146 | train_loss 2.3206 | lr 1.74e-05
step   1147 | train_loss 1.9869 | lr 1.73e-05
step   1148 | train_loss 1.9073 | lr 1.73e-05
step   1149 | train_loss 1.7434 | lr 1.72e-05
step   1150 | train_loss 2.2017 | lr 1.72e-05
step   1151 | train_loss 2.1163 | lr 1.71e-05
step   1152 | train_loss 2.1151 | lr 1.71e-05
step   1153 | train_loss 2.1733 | lr 1.70e-05
step   1154 | train_loss 2.1420 | lr 1.70e-05
step   1155 | train_loss 2.0580 | lr 1.69e-05
step   1156 | train_loss 1.8586 | lr 1.69e-05
step   1157 | train_loss 1.9900 | lr 1.69e-05
step   1158 | train_loss 2.2479 | lr 1.68e-05
step   1159 | train_loss 2.4278 | lr 1.68e-05
step   1160 | train_loss 2.2286 | lr 1.67e-05
step   1161 | train_loss 1.9953 | lr 1.67e-05
step   1162 | train_loss 2.0187 | lr 1.66e-05
step   1163 | train_loss 2.0922 | lr 1.66e-05
step   1164 | train_loss 2.0447 | lr 1.65e-05
step   1165 | train_loss 2.4021 | lr 1.65e-05
step   1166 | train_loss 2.1090 | lr 1.65e-05
step   1167 | train_loss 1.7461 | lr 1.64e-05
step   1168 | train_loss 2.1700 | lr 1.64e-05
step   1169 | train_loss 1.9878 | lr 1.63e-05
step   1170 | train_loss 2.1945 | lr 1.63e-05
step   1171 | train_loss 2.1978 | lr 1.62e-05
step   1172 | train_loss 2.0572 | lr 1.62e-05
step   1173 | train_loss 1.8553 | lr 1.61e-05
step   1174 | train_loss 1.8966 | lr 1.61e-05
step   1175 | train_loss 2.1798 | lr 1.61e-05
step   1176 | train_loss 2.0054 | lr 1.60e-05
step   1177 | train_loss 2.0800 | lr 1.60e-05
step   1178 | train_loss 2.3327 | lr 1.59e-05
step   1179 | train_loss 2.1963 | lr 1.59e-05
step   1180 | train_loss 1.7985 | lr 1.58e-05
step   1181 | train_loss 2.0893 | lr 1.58e-05
step   1182 | train_loss 2.1241 | lr 1.57e-05
step   1183 | train_loss 1.9926 | lr 1.57e-05
step   1184 | train_loss 2.1250 | lr 1.57e-05
step   1185 | train_loss 2.3178 | lr 1.56e-05
step   1186 | train_loss 2.2505 | lr 1.56e-05
step   1187 | train_loss 1.8817 | lr 1.55e-05
step   1188 | train_loss 1.9973 | lr 1.55e-05
step   1189 | train_loss 2.0174 | lr 1.54e-05
step   1190 | train_loss 2.2150 | lr 1.54e-05
step   1191 | train_loss 2.2972 | lr 1.54e-05
step   1192 | train_loss 2.2177 | lr 1.53e-05
step   1193 | train_loss 2.4126 | lr 1.53e-05
step   1194 | train_loss 2.1611 | lr 1.52e-05
step   1195 | train_loss 1.9372 | lr 1.52e-05
step   1196 | train_loss 2.3011 | lr 1.51e-05
step   1197 | train_loss 2.1309 | lr 1.51e-05
step   1198 | train_loss 2.0636 | lr 1.51e-05
step   1199 | train_loss 2.0144 | lr 1.50e-05
step   1200 | train_loss 2.2397 | lr 1.50e-05
step   1200 | val_loss 2.1076 | val_ppl 8.23
step   1201 | train_loss 2.4463 | lr 1.49e-05
step   1202 | train_loss 2.2216 | lr 1.49e-05
step   1203 | train_loss 2.1244 | lr 1.48e-05
step   1204 | train_loss 2.2925 | lr 1.48e-05
step   1205 | train_loss 2.1426 | lr 1.48e-05
step   1206 | train_loss 2.3302 | lr 1.47e-05
step   1207 | train_loss 2.2778 | lr 1.47e-05
step   1208 | train_loss 2.0933 | lr 1.46e-05
step   1209 | train_loss 2.0631 | lr 1.46e-05
step   1210 | train_loss 1.9910 | lr 1.46e-05
step   1211 | train_loss 1.9520 | lr 1.45e-05
step   1212 | train_loss 2.2346 | lr 1.45e-05
step   1213 | train_loss 2.3450 | lr 1.44e-05
step   1214 | train_loss 2.2380 | lr 1.44e-05
step   1215 | train_loss 2.2108 | lr 1.44e-05
step   1216 | train_loss 2.0439 | lr 1.43e-05
step   1217 | train_loss 2.2306 | lr 1.43e-05
step   1218 | train_loss 2.0798 | lr 1.42e-05
step   1219 | train_loss 2.1900 | lr 1.42e-05
step   1220 | train_loss 2.0485 | lr 1.41e-05
step   1221 | train_loss 2.1698 | lr 1.41e-05
step   1222 | train_loss 2.0101 | lr 1.41e-05
step   1223 | train_loss 2.3330 | lr 1.40e-05
step   1224 | train_loss 2.0322 | lr 1.40e-05
step   1225 | train_loss 2.0782 | lr 1.39e-05
step   1226 | train_loss 2.1852 | lr 1.39e-05
step   1227 | train_loss 2.1388 | lr 1.39e-05
step   1228 | train_loss 2.0097 | lr 1.38e-05
step   1229 | train_loss 2.2084 | lr 1.38e-05
step   1230 | train_loss 2.1175 | lr 1.37e-05
step   1231 | train_loss 2.1935 | lr 1.37e-05
step   1232 | train_loss 2.0962 | lr 1.37e-05
step   1233 | train_loss 2.0378 | lr 1.36e-05
step   1234 | train_loss 2.0133 | lr 1.36e-05
step   1235 | train_loss 2.0145 | lr 1.36e-05
step   1236 | train_loss 2.1030 | lr 1.35e-05
step   1237 | train_loss 1.7791 | lr 1.35e-05
step   1238 | train_loss 2.2411 | lr 1.34e-05
step   1239 | train_loss 2.0845 | lr 1.34e-05
step   1240 | train_loss 2.0109 | lr 1.34e-05
step   1241 | train_loss 2.2052 | lr 1.33e-05
step   1242 | train_loss 1.7469 | lr 1.33e-05
step   1243 | train_loss 2.2229 | lr 1.32e-05
step   1244 | train_loss 2.2225 | lr 1.32e-05
step   1245 | train_loss 2.0826 | lr 1.32e-05
step   1246 | train_loss 2.0510 | lr 1.31e-05
step   1247 | train_loss 2.1090 | lr 1.31e-05
step   1248 | train_loss 1.9460 | lr 1.30e-05
step   1249 | train_loss 1.9806 | lr 1.30e-05
step   1250 | train_loss 2.2862 | lr 1.30e-05
step   1251 | train_loss 2.0410 | lr 1.29e-05
step   1252 | train_loss 1.8612 | lr 1.29e-05
step   1253 | train_loss 2.0931 | lr 1.29e-05
step   1254 | train_loss 2.1916 | lr 1.28e-05
step   1255 | train_loss 2.2176 | lr 1.28e-05
step   1256 | train_loss 2.1789 | lr 1.27e-05
step   1257 | train_loss 2.3584 | lr 1.27e-05
step   1258 | train_loss 1.8548 | lr 1.27e-05
step   1259 | train_loss 2.2236 | lr 1.26e-05
step   1260 | train_loss 1.9632 | lr 1.26e-05
step   1261 | train_loss 1.9148 | lr 1.26e-05
step   1262 | train_loss 2.0208 | lr 1.25e-05
step   1263 | train_loss 2.3707 | lr 1.25e-05
step   1264 | train_loss 2.0535 | lr 1.25e-05
step   1265 | train_loss 2.0559 | lr 1.24e-05
step   1266 | train_loss 1.8945 | lr 1.24e-05
step   1267 | train_loss 2.1079 | lr 1.23e-05
step   1268 | train_loss 2.0525 | lr 1.23e-05
step   1269 | train_loss 1.9480 | lr 1.23e-05
step   1270 | train_loss 2.0423 | lr 1.22e-05
step   1271 | train_loss 2.1528 | lr 1.22e-05
step   1272 | train_loss 1.7973 | lr 1.22e-05
step   1273 | train_loss 2.3343 | lr 1.21e-05
step   1274 | train_loss 2.1296 | lr 1.21e-05
step   1275 | train_loss 2.1383 | lr 1.21e-05
step   1276 | train_loss 2.2203 | lr 1.20e-05
step   1277 | train_loss 2.1992 | lr 1.20e-05
step   1278 | train_loss 2.1384 | lr 1.19e-05
step   1279 | train_loss 1.9169 | lr 1.19e-05
step   1280 | train_loss 2.2551 | lr 1.19e-05
step   1281 | train_loss 2.0793 | lr 1.18e-05
step   1282 | train_loss 2.0121 | lr 1.18e-05
step   1283 | train_loss 1.9993 | lr 1.18e-05
step   1284 | train_loss 2.0647 | lr 1.17e-05
step   1285 | train_loss 2.2280 | lr 1.17e-05
step   1286 | train_loss 2.2723 | lr 1.17e-05
step   1287 | train_loss 2.0373 | lr 1.16e-05
step   1288 | train_loss 2.0262 | lr 1.16e-05
step   1289 | train_loss 2.1933 | lr 1.16e-05
step   1290 | train_loss 1.9600 | lr 1.15e-05
step   1291 | train_loss 2.1546 | lr 1.15e-05
step   1292 | train_loss 2.4509 | lr 1.15e-05
step   1293 | train_loss 2.0694 | lr 1.14e-05
step   1294 | train_loss 2.2216 | lr 1.14e-05
step   1295 | train_loss 1.9708 | lr 1.14e-05
step   1296 | train_loss 2.1803 | lr 1.13e-05
step   1297 | train_loss 2.0327 | lr 1.13e-05
step   1298 | train_loss 1.9411 | lr 1.13e-05
step   1299 | train_loss 2.0991 | lr 1.12e-05
step   1300 | train_loss 2.3731 | lr 1.12e-05
step   1301 | train_loss 1.9763 | lr 1.12e-05
step   1302 | train_loss 2.0663 | lr 1.11e-05
step   1303 | train_loss 2.2526 | lr 1.11e-05
step   1304 | train_loss 1.9255 | lr 1.11e-05
step   1305 | train_loss 2.0228 | lr 1.10e-05
step   1306 | train_loss 2.2216 | lr 1.10e-05
step   1307 | train_loss 2.2645 | lr 1.10e-05
step   1308 | train_loss 2.0603 | lr 1.09e-05
step   1309 | train_loss 2.0078 | lr 1.09e-05
step   1310 | train_loss 1.9955 | lr 1.09e-05
step   1311 | train_loss 2.1338 | lr 1.08e-05
step   1312 | train_loss 1.8175 | lr 1.08e-05
step   1313 | train_loss 2.2613 | lr 1.08e-05
step   1314 | train_loss 2.2286 | lr 1.07e-05
step   1315 | train_loss 2.1651 | lr 1.07e-05
step   1316 | train_loss 2.1555 | lr 1.07e-05
step   1317 | train_loss 1.9159 | lr 1.06e-05
step   1318 | train_loss 2.0859 | lr 1.06e-05
step   1319 | train_loss 2.0813 | lr 1.06e-05
step   1320 | train_loss 2.0007 | lr 1.05e-05
step   1321 | train_loss 2.3185 | lr 1.05e-05
step   1322 | train_loss 2.0335 | lr 1.05e-05
step   1323 | train_loss 2.0652 | lr 1.04e-05
step   1324 | train_loss 2.2044 | lr 1.04e-05
step   1325 | train_loss 2.1460 | lr 1.04e-05
step   1326 | train_loss 1.8449 | lr 1.04e-05
step   1327 | train_loss 2.0757 | lr 1.03e-05
step   1328 | train_loss 2.1011 | lr 1.03e-05
step   1329 | train_loss 1.9082 | lr 1.03e-05
step   1330 | train_loss 2.2879 | lr 1.02e-05
step   1331 | train_loss 1.9234 | lr 1.02e-05
step   1332 | train_loss 2.0730 | lr 1.02e-05
step   1333 | train_loss 2.2621 | lr 1.01e-05
step   1334 | train_loss 2.1331 | lr 1.01e-05
step   1335 | train_loss 2.0794 | lr 1.01e-05
step   1336 | train_loss 2.3017 | lr 1.01e-05
step   1337 | train_loss 1.9504 | lr 1.00e-05
step   1338 | train_loss 2.0167 | lr 9.99e-06
step   1339 | train_loss 2.2023 | lr 9.96e-06
step   1340 | train_loss 2.0518 | lr 9.93e-06
step   1341 | train_loss 1.9571 | lr 9.91e-06
step   1342 | train_loss 1.9929 | lr 9.88e-06
step   1343 | train_loss 2.1277 | lr 9.85e-06
step   1344 | train_loss 2.0263 | lr 9.82e-06
step   1345 | train_loss 2.1205 | lr 9.79e-06
step   1346 | train_loss 2.5063 | lr 9.76e-06
step   1347 | train_loss 2.1821 | lr 9.73e-06
step   1348 | train_loss 2.0108 | lr 9.70e-06
step   1349 | train_loss 2.2700 | lr 9.67e-06
step   1350 | train_loss 2.1579 | lr 9.65e-06
step   1351 | train_loss 1.8821 | lr 9.62e-06
step   1352 | train_loss 2.1127 | lr 9.59e-06
step   1353 | train_loss 2.2796 | lr 9.56e-06
step   1354 | train_loss 2.3376 | lr 9.53e-06
step   1355 | train_loss 2.2184 | lr 9.51e-06
step   1356 | train_loss 2.1945 | lr 9.48e-06
step   1357 | train_loss 2.2063 | lr 9.45e-06
step   1358 | train_loss 2.0566 | lr 9.42e-06
step   1359 | train_loss 2.0049 | lr 9.39e-06
step   1360 | train_loss 2.3030 | lr 9.37e-06
step   1361 | train_loss 1.9660 | lr 9.34e-06
step   1362 | train_loss 2.1973 | lr 9.31e-06
step   1363 | train_loss 2.0664 | lr 9.29e-06
step   1364 | train_loss 2.1106 | lr 9.26e-06
step   1365 | train_loss 1.9760 | lr 9.23e-06
step   1366 | train_loss 1.9229 | lr 9.20e-06
step   1367 | train_loss 2.2174 | lr 9.18e-06
step   1368 | train_loss 2.1669 | lr 9.15e-06
step   1369 | train_loss 2.0177 | lr 9.13e-06
step   1370 | train_loss 2.0326 | lr 9.10e-06
step   1371 | train_loss 2.4213 | lr 9.07e-06
step   1372 | train_loss 2.2256 | lr 9.05e-06
step   1373 | train_loss 1.9091 | lr 9.02e-06
step   1374 | train_loss 2.0033 | lr 8.99e-06
step   1375 | train_loss 2.1647 | lr 8.97e-06
step   1376 | train_loss 2.0862 | lr 8.94e-06
step   1377 | train_loss 2.1555 | lr 8.92e-06
step   1378 | train_loss 2.3464 | lr 8.89e-06
step   1379 | train_loss 2.0167 | lr 8.87e-06
step   1380 | train_loss 2.3066 | lr 8.84e-06
step   1381 | train_loss 2.0880 | lr 8.82e-06
step   1382 | train_loss 2.0994 | lr 8.79e-06
step   1383 | train_loss 2.2312 | lr 8.77e-06
step   1384 | train_loss 2.0222 | lr 8.74e-06
step   1385 | train_loss 2.2741 | lr 8.72e-06
step   1386 | train_loss 1.8961 | lr 8.69e-06
step   1387 | train_loss 2.1211 | lr 8.67e-06
step   1388 | train_loss 2.1716 | lr 8.64e-06
step   1389 | train_loss 2.0107 | lr 8.62e-06
step   1390 | train_loss 1.9716 | lr 8.59e-06
step   1391 | train_loss 2.3012 | lr 8.57e-06
step   1392 | train_loss 2.1347 | lr 8.55e-06
step   1393 | train_loss 2.2877 | lr 8.52e-06
step   1394 | train_loss 2.0893 | lr 8.50e-06
step   1395 | train_loss 2.0733 | lr 8.47e-06
step   1396 | train_loss 2.0636 | lr 8.45e-06
step   1397 | train_loss 1.9892 | lr 8.43e-06
step   1398 | train_loss 2.1574 | lr 8.40e-06
step   1399 | train_loss 2.0733 | lr 8.38e-06
step   1400 | train_loss 2.2234 | lr 8.36e-06
step   1400 | val_loss 2.0993 | val_ppl 8.16
step   1401 | train_loss 2.1137 | lr 8.33e-06
step   1402 | train_loss 2.3347 | lr 8.31e-06
step   1403 | train_loss 1.9928 | lr 8.29e-06
step   1404 | train_loss 2.0659 | lr 8.27e-06
step   1405 | train_loss 2.2706 | lr 8.24e-06
step   1406 | train_loss 2.0563 | lr 8.22e-06
step   1407 | train_loss 2.3187 | lr 8.20e-06
step   1408 | train_loss 1.9876 | lr 8.18e-06
step   1409 | train_loss 2.0340 | lr 8.15e-06
step   1410 | train_loss 2.0234 | lr 8.13e-06
step   1411 | train_loss 2.0216 | lr 8.11e-06
step   1412 | train_loss 2.2257 | lr 8.09e-06
step   1413 | train_loss 2.3228 | lr 8.07e-06
step   1414 | train_loss 2.0790 | lr 8.04e-06
step   1415 | train_loss 2.2066 | lr 8.02e-06
step   1416 | train_loss 2.2189 | lr 8.00e-06
step   1417 | train_loss 2.1817 | lr 7.98e-06
step   1418 | train_loss 1.8455 | lr 7.96e-06
step   1419 | train_loss 2.3165 | lr 7.94e-06
step   1420 | train_loss 2.1808 | lr 7.92e-06
step   1421 | train_loss 2.2131 | lr 7.90e-06
step   1422 | train_loss 2.4209 | lr 7.88e-06
step   1423 | train_loss 1.8917 | lr 7.85e-06
step   1424 | train_loss 2.0370 | lr 7.83e-06
step   1425 | train_loss 2.1698 | lr 7.81e-06
step   1426 | train_loss 2.0964 | lr 7.79e-06
step   1427 | train_loss 2.1559 | lr 7.77e-06
step   1428 | train_loss 2.1863 | lr 7.75e-06
step   1429 | train_loss 2.0524 | lr 7.73e-06
step   1430 | train_loss 2.1693 | lr 7.71e-06
step   1431 | train_loss 2.0304 | lr 7.69e-06
step   1432 | train_loss 2.3048 | lr 7.67e-06
step   1433 | train_loss 1.9989 | lr 7.65e-06
step   1434 | train_loss 2.1095 | lr 7.63e-06
step   1435 | train_loss 2.2043 | lr 7.62e-06
step   1436 | train_loss 2.2886 | lr 7.60e-06
step   1437 | train_loss 2.1264 | lr 7.58e-06
step   1438 | train_loss 2.1487 | lr 7.56e-06
step   1439 | train_loss 2.0359 | lr 7.54e-06
step   1440 | train_loss 2.1548 | lr 7.52e-06
step   1441 | train_loss 2.4047 | lr 7.50e-06
step   1442 | train_loss 2.1109 | lr 7.48e-06
step   1443 | train_loss 2.1006 | lr 7.46e-06
step   1444 | train_loss 2.2061 | lr 7.45e-06
step   1445 | train_loss 2.1539 | lr 7.43e-06
step   1446 | train_loss 1.8755 | lr 7.41e-06
step   1447 | train_loss 2.0785 | lr 7.39e-06
step   1448 | train_loss 2.1927 | lr 7.37e-06
step   1449 | train_loss 2.0234 | lr 7.36e-06
step   1450 | train_loss 1.9913 | lr 7.34e-06
step   1451 | train_loss 2.1072 | lr 7.32e-06
step   1452 | train_loss 1.9845 | lr 7.30e-06
step   1453 | train_loss 2.0054 | lr 7.29e-06
step   1454 | train_loss 2.1420 | lr 7.27e-06
step   1455 | train_loss 2.1775 | lr 7.25e-06
step   1456 | train_loss 1.9899 | lr 7.24e-06
step   1457 | train_loss 2.2564 | lr 7.22e-06
step   1458 | train_loss 1.8209 | lr 7.20e-06
step   1459 | train_loss 2.2938 | lr 7.19e-06
step   1460 | train_loss 2.1869 | lr 7.17e-06
step   1461 | train_loss 2.0863 | lr 7.15e-06
step   1462 | train_loss 2.2484 | lr 7.14e-06
step   1463 | train_loss 2.2010 | lr 7.12e-06
step   1464 | train_loss 2.1183 | lr 7.10e-06
step   1465 | train_loss 2.0539 | lr 7.09e-06
step   1466 | train_loss 2.2037 | lr 7.07e-06
step   1467 | train_loss 2.1386 | lr 7.06e-06
step   1468 | train_loss 2.1963 | lr 7.04e-06
step   1469 | train_loss 2.0511 | lr 7.03e-06
step   1470 | train_loss 2.0794 | lr 7.01e-06
step   1471 | train_loss 2.0031 | lr 6.99e-06
step   1472 | train_loss 2.1651 | lr 6.98e-06
step   1473 | train_loss 1.9935 | lr 6.96e-06
step   1474 | train_loss 2.1911 | lr 6.95e-06
step   1475 | train_loss 2.1484 | lr 6.93e-06
step   1476 | train_loss 2.1888 | lr 6.92e-06
step   1477 | train_loss 1.9477 | lr 6.91e-06
step   1478 | train_loss 2.0877 | lr 6.89e-06
step   1479 | train_loss 2.1624 | lr 6.88e-06
step   1480 | train_loss 1.8934 | lr 6.86e-06
step   1481 | train_loss 2.3310 | lr 6.85e-06
step   1482 | train_loss 2.0344 | lr 6.83e-06
step   1483 | train_loss 2.0854 | lr 6.82e-06
step   1484 | train_loss 2.1379 | lr 6.81e-06
step   1485 | train_loss 2.0105 | lr 6.79e-06
step   1486 | train_loss 2.1224 | lr 6.78e-06
step   1487 | train_loss 2.5865 | lr 6.77e-06
step   1488 | train_loss 2.2569 | lr 6.75e-06
step   1489 | train_loss 2.0883 | lr 6.74e-06
step   1490 | train_loss 2.3514 | lr 6.73e-06
step   1491 | train_loss 2.1798 | lr 6.71e-06
step   1492 | train_loss 2.0777 | lr 6.70e-06
step   1493 | train_loss 1.8580 | lr 6.69e-06
step   1494 | train_loss 2.2514 | lr 6.68e-06
step   1495 | train_loss 1.8766 | lr 6.66e-06
step   1496 | train_loss 2.2069 | lr 6.65e-06
step   1497 | train_loss 1.9361 | lr 6.64e-06
step   1498 | train_loss 2.5183 | lr 6.63e-06
step   1499 | train_loss 2.2532 | lr 6.61e-06
step   1500 | train_loss 2.1684 | lr 6.60e-06
step   1501 | train_loss 1.9603 | lr 6.59e-06
step   1502 | train_loss 2.2728 | lr 6.58e-06
step   1503 | train_loss 2.0964 | lr 6.57e-06
step   1504 | train_loss 2.2330 | lr 6.56e-06
step   1505 | train_loss 2.0839 | lr 6.54e-06
step   1506 | train_loss 2.0385 | lr 6.53e-06
step   1507 | train_loss 2.0086 | lr 6.52e-06
step   1508 | train_loss 2.0072 | lr 6.51e-06
step   1509 | train_loss 2.2638 | lr 6.50e-06
step   1510 | train_loss 1.9991 | lr 6.49e-06
step   1511 | train_loss 2.2313 | lr 6.48e-06
step   1512 | train_loss 1.9778 | lr 6.47e-06
step   1513 | train_loss 2.0289 | lr 6.46e-06
step   1514 | train_loss 1.9961 | lr 6.45e-06
step   1515 | train_loss 2.1301 | lr 6.44e-06
step   1516 | train_loss 2.3079 | lr 6.43e-06
step   1517 | train_loss 2.2471 | lr 6.42e-06
step   1518 | train_loss 2.0237 | lr 6.41e-06
step   1519 | train_loss 2.0466 | lr 6.40e-06
step   1520 | train_loss 2.0807 | lr 6.39e-06
step   1521 | train_loss 1.9898 | lr 6.38e-06
step   1522 | train_loss 2.1481 | lr 6.37e-06
step   1523 | train_loss 2.2194 | lr 6.36e-06
step   1524 | train_loss 1.9733 | lr 6.35e-06
step   1525 | train_loss 1.9321 | lr 6.34e-06
step   1526 | train_loss 2.0975 | lr 6.33e-06
step   1527 | train_loss 2.2523 | lr 6.32e-06
step   1528 | train_loss 2.0759 | lr 6.31e-06
step   1529 | train_loss 2.2449 | lr 6.31e-06
step   1530 | train_loss 2.1868 | lr 6.30e-06
step   1531 | train_loss 2.2034 | lr 6.29e-06
step   1532 | train_loss 2.0994 | lr 6.28e-06
step   1533 | train_loss 1.9663 | lr 6.27e-06
step   1534 | train_loss 2.2543 | lr 6.27e-06
step   1535 | train_loss 2.2381 | lr 6.26e-06
step   1536 | train_loss 2.4445 | lr 6.25e-06
step   1537 | train_loss 2.1880 | lr 6.24e-06
step   1538 | train_loss 1.9515 | lr 6.23e-06
step   1539 | train_loss 2.1263 | lr 6.23e-06
step   1540 | train_loss 2.0068 | lr 6.22e-06
step   1541 | train_loss 2.0992 | lr 6.21e-06
step   1542 | train_loss 2.1158 | lr 6.21e-06
step   1543 | train_loss 1.9108 | lr 6.20e-06
step   1544 | train_loss 2.1513 | lr 6.19e-06
step   1545 | train_loss 2.1816 | lr 6.19e-06
step   1546 | train_loss 2.2742 | lr 6.18e-06
step   1547 | train_loss 1.8730 | lr 6.17e-06
step   1548 | train_loss 2.0186 | lr 6.17e-06
step   1549 | train_loss 2.1658 | lr 6.16e-06
step   1550 | train_loss 2.1301 | lr 6.15e-06
step   1551 | train_loss 2.0427 | lr 6.15e-06
step   1552 | train_loss 1.9036 | lr 6.14e-06
step   1553 | train_loss 2.2652 | lr 6.14e-06
step   1554 | train_loss 1.9054 | lr 6.13e-06
step   1555 | train_loss 2.0480 | lr 6.13e-06
step   1556 | train_loss 1.9502 | lr 6.12e-06
step   1557 | train_loss 2.2689 | lr 6.11e-06
step   1558 | train_loss 2.2516 | lr 6.11e-06
step   1559 | train_loss 2.2096 | lr 6.10e-06
step   1560 | train_loss 2.0066 | lr 6.10e-06
step   1561 | train_loss 1.9569 | lr 6.09e-06
step   1562 | train_loss 2.1127 | lr 6.09e-06
step   1563 | train_loss 1.9970 | lr 6.09e-06
step   1564 | train_loss 1.9757 | lr 6.08e-06
step   1565 | train_loss 1.9138 | lr 6.08e-06
step   1566 | train_loss 2.2262 | lr 6.07e-06
step   1567 | train_loss 1.8127 | lr 6.07e-06
step   1568 | train_loss 2.0396 | lr 6.06e-06
step   1569 | train_loss 2.0664 | lr 6.06e-06
step   1570 | train_loss 2.0116 | lr 6.06e-06
step   1571 | train_loss 2.0982 | lr 6.05e-06
step   1572 | train_loss 2.0937 | lr 6.05e-06
step   1573 | train_loss 2.1035 | lr 6.05e-06
step   1574 | train_loss 2.1800 | lr 6.04e-06
step   1575 | train_loss 2.1907 | lr 6.04e-06
step   1576 | train_loss 2.3382 | lr 6.04e-06
step   1577 | train_loss 1.9756 | lr 6.03e-06
step   1578 | train_loss 1.9700 | lr 6.03e-06
step   1579 | train_loss 2.2713 | lr 6.03e-06
step   1580 | train_loss 2.0373 | lr 6.03e-06
step   1581 | train_loss 2.1694 | lr 6.02e-06
step   1582 | train_loss 2.2578 | lr 6.02e-06
step   1583 | train_loss 2.0932 | lr 6.02e-06
step   1584 | train_loss 2.0749 | lr 6.02e-06
step   1585 | train_loss 2.0765 | lr 6.02e-06
step   1586 | train_loss 2.1317 | lr 6.01e-06
step   1587 | train_loss 2.0471 | lr 6.01e-06
step   1588 | train_loss 2.2242 | lr 6.01e-06
step   1589 | train_loss 2.1109 | lr 6.01e-06
step   1590 | train_loss 2.0678 | lr 6.01e-06
step   1591 | train_loss 1.9862 | lr 6.01e-06
step   1592 | train_loss 2.0937 | lr 6.00e-06
step   1593 | train_loss 1.6633 | lr 6.00e-06
step   1594 | train_loss 1.9767 | lr 6.00e-06
step   1595 | train_loss 1.8760 | lr 6.00e-06
step   1596 | train_loss 1.9291 | lr 6.00e-06
step   1597 | train_loss 1.7589 | lr 6.00e-06
step   1598 | train_loss 2.0587 | lr 6.00e-06
step   1599 | train_loss 1.9870 | lr 6.00e-06
step   1600 | train_loss 2.0262 | lr 6.00e-06
step   1600 | val_loss 2.0973 | val_ppl 8.14
Saved checkpoint to checkpoints/sft_alpaca_packed_u60/step_1600.pt
