Data: 13,756 train / 278 val examples (977 dropped as longer than 512 tokens)
Model: medium (123,587,328 parameters), initialized from checkpoints/sft_alpaca/step_1500.pt (step 1500)
step      1 | train_loss 3.0519 | lr 2.00e-07
step      2 | train_loss 2.5936 | lr 4.00e-07
step      3 | train_loss 2.9414 | lr 6.00e-07
step      4 | train_loss 2.6083 | lr 8.00e-07
step      5 | train_loss 2.5306 | lr 1.00e-06
step      6 | train_loss 3.0185 | lr 1.20e-06
step      7 | train_loss 2.9320 | lr 1.40e-06
step      8 | train_loss 2.7592 | lr 1.60e-06
step      9 | train_loss 2.7542 | lr 1.80e-06
step     10 | train_loss 3.0219 | lr 2.00e-06
step     11 | train_loss 3.0332 | lr 2.20e-06
step     12 | train_loss 2.6649 | lr 2.40e-06
step     13 | train_loss 2.8888 | lr 2.60e-06
step     14 | train_loss 3.0809 | lr 2.80e-06
step     15 | train_loss 3.1370 | lr 3.00e-06
step     16 | train_loss 2.6507 | lr 3.20e-06
step     17 | train_loss 2.8867 | lr 3.40e-06
step     18 | train_loss 3.2044 | lr 3.60e-06
step     19 | train_loss 2.6328 | lr 3.80e-06
step     20 | train_loss 3.0961 | lr 4.00e-06
step     21 | train_loss 2.8955 | lr 4.20e-06
step     22 | train_loss 2.7720 | lr 4.40e-06
step     23 | train_loss 2.7391 | lr 4.60e-06
step     24 | train_loss 3.0936 | lr 4.80e-06
step     25 | train_loss 2.7654 | lr 5.00e-06
step     26 | train_loss 3.0991 | lr 5.20e-06
step     27 | train_loss 2.7066 | lr 5.40e-06
step     28 | train_loss 2.7538 | lr 5.60e-06
step     29 | train_loss 2.9710 | lr 5.80e-06
step     30 | train_loss 2.6847 | lr 6.00e-06
step     31 | train_loss 2.6362 | lr 6.20e-06
step     32 | train_loss 3.1952 | lr 6.40e-06
step     33 | train_loss 2.7999 | lr 6.60e-06
step     34 | train_loss 3.0859 | lr 6.80e-06
step     35 | train_loss 3.0462 | lr 7.00e-06
step     36 | train_loss 3.1122 | lr 7.20e-06
step     37 | train_loss 2.6290 | lr 7.40e-06
step     38 | train_loss 2.8605 | lr 7.60e-06
step     39 | train_loss 2.7011 | lr 7.80e-06
step     40 | train_loss 2.8555 | lr 8.00e-06
step     41 | train_loss 2.8087 | lr 8.20e-06
step     42 | train_loss 2.6633 | lr 8.40e-06
step     43 | train_loss 2.5426 | lr 8.60e-06
step     44 | train_loss 2.5351 | lr 8.80e-06
step     45 | train_loss 2.8855 | lr 9.00e-06
step     46 | train_loss 2.5547 | lr 9.20e-06
step     47 | train_loss 2.8766 | lr 9.40e-06
step     48 | train_loss 2.5029 | lr 9.60e-06
step     49 | train_loss 2.7998 | lr 9.80e-06
step     50 | train_loss 3.1771 | lr 1.00e-05
step     51 | train_loss 2.7064 | lr 1.00e-05
step     52 | train_loss 2.7030 | lr 1.00e-05
step     53 | train_loss 2.6727 | lr 1.00e-05
step     54 | train_loss 2.8769 | lr 1.00e-05
step     55 | train_loss 2.7017 | lr 1.00e-05
step     56 | train_loss 2.8801 | lr 1.00e-05
step     57 | train_loss 3.0024 | lr 1.00e-05
step     58 | train_loss 2.9473 | lr 1.00e-05
step     59 | train_loss 2.6096 | lr 1.00e-05
step     60 | train_loss 2.8199 | lr 1.00e-05
step     61 | train_loss 2.7766 | lr 1.00e-05
step     62 | train_loss 2.7951 | lr 1.00e-05
step     63 | train_loss 2.8727 | lr 1.00e-05
step     64 | train_loss 2.7035 | lr 1.00e-05
step     65 | train_loss 2.5373 | lr 1.00e-05
step     66 | train_loss 2.8063 | lr 1.00e-05
step     67 | train_loss 3.0109 | lr 1.00e-05
step     68 | train_loss 2.7837 | lr 1.00e-05
step     69 | train_loss 2.5203 | lr 1.00e-05
step     70 | train_loss 2.7360 | lr 1.00e-05
step     71 | train_loss 2.4328 | lr 1.00e-05
step     72 | train_loss 2.8455 | lr 9.99e-06
step     73 | train_loss 2.6410 | lr 9.99e-06
step     74 | train_loss 2.8292 | lr 9.99e-06
step     75 | train_loss 3.0336 | lr 9.99e-06
step     76 | train_loss 2.8726 | lr 9.99e-06
step     77 | train_loss 2.7675 | lr 9.99e-06
step     78 | train_loss 2.8404 | lr 9.99e-06
step     79 | train_loss 3.0323 | lr 9.99e-06
step     80 | train_loss 2.8772 | lr 9.99e-06
step     81 | train_loss 2.8519 | lr 9.99e-06
step     82 | train_loss 2.8954 | lr 9.99e-06
step     83 | train_loss 2.5645 | lr 9.99e-06
step     84 | train_loss 2.6657 | lr 9.99e-06
step     85 | train_loss 2.7391 | lr 9.99e-06
step     86 | train_loss 2.7693 | lr 9.99e-06
step     87 | train_loss 2.6871 | lr 9.98e-06
step     88 | train_loss 2.7171 | lr 9.98e-06
step     89 | train_loss 2.7227 | lr 9.98e-06
step     90 | train_loss 2.9151 | lr 9.98e-06
step     91 | train_loss 2.8128 | lr 9.98e-06
step     92 | train_loss 2.7813 | lr 9.98e-06
step     93 | train_loss 2.6956 | lr 9.98e-06
step     94 | train_loss 2.7611 | lr 9.98e-06
step     95 | train_loss 2.7200 | lr 9.98e-06
step     96 | train_loss 2.7659 | lr 9.98e-06
step     97 | train_loss 2.9549 | lr 9.97e-06
step     98 | train_loss 2.9431 | lr 9.97e-06
step     99 | train_loss 2.5090 | lr 9.97e-06
step    100 | train_loss 2.8645 | lr 9.97e-06
step    100 | val_loss 2.8615 | val_ppl 17.49
step    101 | train_loss 2.5467 | lr 9.97e-06
step    102 | train_loss 2.7881 | lr 9.97e-06
step    103 | train_loss 2.6813 | lr 9.97e-06
step    104 | train_loss 3.0815 | lr 9.97e-06
step    105 | train_loss 2.5356 | lr 9.97e-06
step    106 | train_loss 2.8826 | lr 9.96e-06
step    107 | train_loss 2.8439 | lr 9.96e-06
step    108 | train_loss 2.6970 | lr 9.96e-06
step    109 | train_loss 2.3843 | lr 9.96e-06
step    110 | train_loss 2.5290 | lr 9.96e-06
step    111 | train_loss 3.1106 | lr 9.96e-06
step    112 | train_loss 2.7747 | lr 9.96e-06
step    113 | train_loss 2.9306 | lr 9.95e-06
step    114 | train_loss 2.8904 | lr 9.95e-06
step    115 | train_loss 2.5800 | lr 9.95e-06
step    116 | train_loss 2.4845 | lr 9.95e-06
step    117 | train_loss 3.0038 | lr 9.95e-06
step    118 | train_loss 2.6538 | lr 9.95e-06
step    119 | train_loss 2.7854 | lr 9.94e-06
step    120 | train_loss 3.2588 | lr 9.94e-06
step    121 | train_loss 2.6657 | lr 9.94e-06
step    122 | train_loss 2.7030 | lr 9.94e-06
step    123 | train_loss 2.4492 | lr 9.94e-06
step    124 | train_loss 2.6977 | lr 9.94e-06
step    125 | train_loss 2.7143 | lr 9.93e-06
step    126 | train_loss 2.9761 | lr 9.93e-06
step    127 | train_loss 2.5871 | lr 9.93e-06
step    128 | train_loss 2.9688 | lr 9.93e-06
step    129 | train_loss 2.6036 | lr 9.93e-06
step    130 | train_loss 2.9755 | lr 9.93e-06
step    131 | train_loss 2.6479 | lr 9.92e-06
step    132 | train_loss 2.5999 | lr 9.92e-06
step    133 | train_loss 2.8529 | lr 9.92e-06
step    134 | train_loss 1.9759 | lr 9.92e-06
step    135 | train_loss 2.8523 | lr 9.92e-06
step    136 | train_loss 2.7789 | lr 9.91e-06
step    137 | train_loss 2.7974 | lr 9.91e-06
step    138 | train_loss 2.3180 | lr 9.91e-06
step    139 | train_loss 2.5903 | lr 9.91e-06
step    140 | train_loss 2.7572 | lr 9.91e-06
step    141 | train_loss 2.6446 | lr 9.90e-06
step    142 | train_loss 2.7095 | lr 9.90e-06
step    143 | train_loss 2.6553 | lr 9.90e-06
step    144 | train_loss 2.4732 | lr 9.90e-06
step    145 | train_loss 2.6701 | lr 9.89e-06
step    146 | train_loss 2.8963 | lr 9.89e-06
step    147 | train_loss 2.6342 | lr 9.89e-06
step    148 | train_loss 3.0352 | lr 9.89e-06
step    149 | train_loss 2.7692 | lr 9.89e-06
step    150 | train_loss 2.5991 | lr 9.88e-06
step    151 | train_loss 2.7659 | lr 9.88e-06
step    152 | train_loss 2.2174 | lr 9.88e-06
step    153 | train_loss 2.4965 | lr 9.88e-06
step    154 | train_loss 2.7349 | lr 9.87e-06
step    155 | train_loss 2.5776 | lr 9.87e-06
step    156 | train_loss 2.7934 | lr 9.87e-06
step    157 | train_loss 3.0483 | lr 9.87e-06
step    158 | train_loss 2.4940 | lr 9.86e-06
step    159 | train_loss 2.2993 | lr 9.86e-06
step    160 | train_loss 2.9081 | lr 9.86e-06
step    161 | train_loss 2.8498 | lr 9.86e-06
step    162 | train_loss 2.7329 | lr 9.85e-06
step    163 | train_loss 2.8911 | lr 9.85e-06
step    164 | train_loss 3.0639 | lr 9.85e-06
step    165 | train_loss 2.2976 | lr 9.84e-06
step    166 | train_loss 2.7964 | lr 9.84e-06
step    167 | train_loss 2.2698 | lr 9.84e-06
step    168 | train_loss 2.2683 | lr 9.84e-06
step    169 | train_loss 2.8022 | lr 9.83e-06
step    170 | train_loss 2.8604 | lr 9.83e-06
step    171 | train_loss 2.8674 | lr 9.83e-06
step    172 | train_loss 2.8042 | lr 9.83e-06
step    173 | train_loss 2.9388 | lr 9.82e-06
step    174 | train_loss 2.9263 | lr 9.82e-06
step    175 | train_loss 2.5456 | lr 9.82e-06
step    176 | train_loss 2.4506 | lr 9.81e-06
step    177 | train_loss 3.0962 | lr 9.81e-06
step    178 | train_loss 2.9702 | lr 9.81e-06
step    179 | train_loss 2.8431 | lr 9.80e-06
step    180 | train_loss 2.7687 | lr 9.80e-06
step    181 | train_loss 2.8252 | lr 9.80e-06
step    182 | train_loss 2.6106 | lr 9.80e-06
step    183 | train_loss 2.7534 | lr 9.79e-06
step    184 | train_loss 2.9006 | lr 9.79e-06
step    185 | train_loss 2.3290 | lr 9.79e-06
step    186 | train_loss 2.8192 | lr 9.78e-06
step    187 | train_loss 2.8601 | lr 9.78e-06
step    188 | train_loss 2.8652 | lr 9.78e-06
step    189 | train_loss 2.0443 | lr 9.77e-06
step    190 | train_loss 2.4402 | lr 9.77e-06
step    191 | train_loss 2.8531 | lr 9.77e-06
step    192 | train_loss 2.8803 | lr 9.76e-06
step    193 | train_loss 2.8515 | lr 9.76e-06
step    194 | train_loss 2.7592 | lr 9.76e-06
step    195 | train_loss 3.0027 | lr 9.75e-06
step    196 | train_loss 2.9789 | lr 9.75e-06
step    197 | train_loss 2.7585 | lr 9.75e-06
step    198 | train_loss 2.9944 | lr 9.74e-06
step    199 | train_loss 2.7236 | lr 9.74e-06
step    200 | train_loss 2.7665 | lr 9.74e-06
step    200 | val_loss 2.8398 | val_ppl 17.11
step    201 | train_loss 2.7568 | lr 9.73e-06
step    202 | train_loss 2.2696 | lr 9.73e-06
step    203 | train_loss 2.9917 | lr 9.73e-06
step    204 | train_loss 2.6427 | lr 9.72e-06
step    205 | train_loss 2.8246 | lr 9.72e-06
step    206 | train_loss 2.6407 | lr 9.71e-06
step    207 | train_loss 2.7432 | lr 9.71e-06
step    208 | train_loss 2.9426 | lr 9.71e-06
step    209 | train_loss 2.9364 | lr 9.70e-06
step    210 | train_loss 2.5851 | lr 9.70e-06
step    211 | train_loss 3.3971 | lr 9.70e-06
step    212 | train_loss 2.8619 | lr 9.69e-06
step    213 | train_loss 2.5201 | lr 9.69e-06
step    214 | train_loss 2.9034 | lr 9.68e-06
step    215 | train_loss 3.0691 | lr 9.68e-06
step    216 | train_loss 2.0679 | lr 9.68e-06
step    217 | train_loss 2.6786 | lr 9.67e-06
step    218 | train_loss 3.1318 | lr 9.67e-06
step    219 | train_loss 2.3859 | lr 9.67e-06
step    220 | train_loss 2.6839 | lr 9.66e-06
step    221 | train_loss 3.0267 | lr 9.66e-06
step    222 | train_loss 2.8634 | lr 9.65e-06
step    223 | train_loss 2.8736 | lr 9.65e-06
step    224 | train_loss 2.7026 | lr 9.65e-06
step    225 | train_loss 2.8358 | lr 9.64e-06
step    226 | train_loss 2.8058 | lr 9.64e-06
step    227 | train_loss 2.4690 | lr 9.63e-06
step    228 | train_loss 3.0244 | lr 9.63e-06
step    229 | train_loss 2.4863 | lr 9.62e-06
step    230 | train_loss 2.8730 | lr 9.62e-06
step    231 | train_loss 2.8771 | lr 9.62e-06
step    232 | train_loss 2.6548 | lr 9.61e-06
step    233 | train_loss 2.8145 | lr 9.61e-06
step    234 | train_loss 2.7108 | lr 9.60e-06
step    235 | train_loss 2.7908 | lr 9.60e-06
step    236 | train_loss 2.7650 | lr 9.60e-06
step    237 | train_loss 2.8012 | lr 9.59e-06
step    238 | train_loss 2.7480 | lr 9.59e-06
step    239 | train_loss 2.7916 | lr 9.58e-06
step    240 | train_loss 2.8451 | lr 9.58e-06
step    241 | train_loss 2.4692 | lr 9.57e-06
step    242 | train_loss 2.8936 | lr 9.57e-06
step    243 | train_loss 2.6844 | lr 9.56e-06
step    244 | train_loss 2.6223 | lr 9.56e-06
step    245 | train_loss 2.8696 | lr 9.56e-06
step    246 | train_loss 2.8763 | lr 9.55e-06
step    247 | train_loss 2.6296 | lr 9.55e-06
step    248 | train_loss 2.8269 | lr 9.54e-06
step    249 | train_loss 2.6731 | lr 9.54e-06
step    250 | train_loss 2.8810 | lr 9.53e-06
step    251 | train_loss 2.9512 | lr 9.53e-06
step    252 | train_loss 2.7603 | lr 9.52e-06
step    253 | train_loss 2.6868 | lr 9.52e-06
step    254 | train_loss 2.1128 | lr 9.51e-06
step    255 | train_loss 2.6599 | lr 9.51e-06
step    256 | train_loss 2.8460 | lr 9.50e-06
step    257 | train_loss 2.8364 | lr 9.50e-06
step    258 | train_loss 2.7188 | lr 9.50e-06
step    259 | train_loss 2.9916 | lr 9.49e-06
step    260 | train_loss 2.8195 | lr 9.49e-06
step    261 | train_loss 2.6503 | lr 9.48e-06
step    262 | train_loss 2.7966 | lr 9.48e-06
step    263 | train_loss 2.5923 | lr 9.47e-06
step    264 | train_loss 2.9893 | lr 9.47e-06
step    265 | train_loss 2.9260 | lr 9.46e-06
step    266 | train_loss 2.6417 | lr 9.46e-06
step    267 | train_loss 2.5811 | lr 9.45e-06
step    268 | train_loss 2.7740 | lr 9.45e-06
step    269 | train_loss 2.6627 | lr 9.44e-06
step    270 | train_loss 3.0835 | lr 9.44e-06
step    271 | train_loss 2.9348 | lr 9.43e-06
step    272 | train_loss 2.4647 | lr 9.43e-06
step    273 | train_loss 3.0035 | lr 9.42e-06
step    274 | train_loss 3.0492 | lr 9.42e-06
step    275 | train_loss 2.6610 | lr 9.41e-06
step    276 | train_loss 2.7129 | lr 9.41e-06
step    277 | train_loss 2.7869 | lr 9.40e-06
step    278 | train_loss 2.5146 | lr 9.40e-06
step    279 | train_loss 2.7974 | lr 9.39e-06
step    280 | train_loss 2.4084 | lr 9.38e-06
step    281 | train_loss 2.6281 | lr 9.38e-06
step    282 | train_loss 3.0587 | lr 9.37e-06
step    283 | train_loss 2.7366 | lr 9.37e-06
step    284 | train_loss 2.8224 | lr 9.36e-06
step    285 | train_loss 2.7379 | lr 9.36e-06
step    286 | train_loss 2.6095 | lr 9.35e-06
step    287 | train_loss 2.4318 | lr 9.35e-06
step    288 | train_loss 2.8047 | lr 9.34e-06
step    289 | train_loss 3.0112 | lr 9.34e-06
step    290 | train_loss 2.5550 | lr 9.33e-06
step    291 | train_loss 2.8509 | lr 9.33e-06
step    292 | train_loss 3.1360 | lr 9.32e-06
step    293 | train_loss 2.8921 | lr 9.31e-06
step    294 | train_loss 2.6607 | lr 9.31e-06
step    295 | train_loss 2.8641 | lr 9.30e-06
step    296 | train_loss 2.5483 | lr 9.30e-06
step    297 | train_loss 2.3911 | lr 9.29e-06
step    298 | train_loss 2.8065 | lr 9.29e-06
step    299 | train_loss 2.8828 | lr 9.28e-06
step    300 | train_loss 2.9301 | lr 9.28e-06
step    300 | val_loss 2.8251 | val_ppl 16.86
step    301 | train_loss 2.7090 | lr 9.27e-06
step    302 | train_loss 2.6275 | lr 9.26e-06
step    303 | train_loss 2.3025 | lr 9.26e-06
step    304 | train_loss 2.6700 | lr 9.25e-06
step    305 | train_loss 2.5450 | lr 9.25e-06
step    306 | train_loss 2.7218 | lr 9.24e-06
step    307 | train_loss 2.6613 | lr 9.24e-06
step    308 | train_loss 2.4840 | lr 9.23e-06
step    309 | train_loss 2.4274 | lr 9.22e-06
step    310 | train_loss 2.7730 | lr 9.22e-06
step    311 | train_loss 2.5709 | lr 9.21e-06
step    312 | train_loss 2.9313 | lr 9.21e-06
step    313 | train_loss 2.6677 | lr 9.20e-06
step    314 | train_loss 3.0223 | lr 9.19e-06
step    315 | train_loss 2.6134 | lr 9.19e-06
step    316 | train_loss 2.8032 | lr 9.18e-06
step    317 | train_loss 2.9347 | lr 9.18e-06
step    318 | train_loss 2.5341 | lr 9.17e-06
step    319 | train_loss 3.3374 | lr 9.16e-06
step    320 | train_loss 3.0070 | lr 9.16e-06
step    321 | train_loss 2.7129 | lr 9.15e-06
step    322 | train_loss 2.7622 | lr 9.15e-06
step    323 | train_loss 3.0231 | lr 9.14e-06
step    324 | train_loss 2.7092 | lr 9.13e-06
step    325 | train_loss 2.6631 | lr 9.13e-06
step    326 | train_loss 3.0126 | lr 9.12e-06
step    327 | train_loss 2.8895 | lr 9.12e-06
step    328 | train_loss 3.0153 | lr 9.11e-06
step    329 | train_loss 2.9569 | lr 9.10e-06
step    330 | train_loss 2.8005 | lr 9.10e-06
step    331 | train_loss 2.7015 | lr 9.09e-06
step    332 | train_loss 2.6642 | lr 9.08e-06
step    333 | train_loss 2.8277 | lr 9.08e-06
step    334 | train_loss 2.6854 | lr 9.07e-06
step    335 | train_loss 2.7306 | lr 9.07e-06
step    336 | train_loss 2.9157 | lr 9.06e-06
step    337 | train_loss 2.9003 | lr 9.05e-06
step    338 | train_loss 2.9820 | lr 9.05e-06
step    339 | train_loss 2.7089 | lr 9.04e-06
step    340 | train_loss 2.8425 | lr 9.03e-06
step    341 | train_loss 2.4475 | lr 9.03e-06
step    342 | train_loss 2.7413 | lr 9.02e-06
step    343 | train_loss 2.5383 | lr 9.01e-06
step    344 | train_loss 2.9178 | lr 9.01e-06
step    345 | train_loss 2.5167 | lr 9.00e-06
step    346 | train_loss 2.7201 | lr 8.99e-06
step    347 | train_loss 3.0126 | lr 8.99e-06
step    348 | train_loss 2.4860 | lr 8.98e-06
step    349 | train_loss 2.6084 | lr 8.98e-06
step    350 | train_loss 2.8353 | lr 8.97e-06
step    351 | train_loss 2.4381 | lr 8.96e-06
step    352 | train_loss 2.8591 | lr 8.96e-06
step    353 | train_loss 2.4437 | lr 8.95e-06
Saved checkpoint to checkpoints/sft_dolly_3epoch/step_353.pt
step    354 | train_loss 2.7417 | lr 8.94e-06
step    355 | train_loss 2.6331 | lr 8.94e-06
step    356 | train_loss 2.8794 | lr 8.93e-06
step    357 | train_loss 2.5022 | lr 8.92e-06
step    358 | train_loss 2.6156 | lr 8.92e-06
step    359 | train_loss 2.4193 | lr 8.91e-06
step    360 | train_loss 2.4564 | lr 8.90e-06
step    361 | train_loss 2.8579 | lr 8.89e-06
step    362 | train_loss 2.4104 | lr 8.89e-06
step    363 | train_loss 2.9439 | lr 8.88e-06
step    364 | train_loss 2.7032 | lr 8.87e-06
step    365 | train_loss 2.6921 | lr 8.87e-06
step    366 | train_loss 2.6383 | lr 8.86e-06
step    367 | train_loss 2.7997 | lr 8.85e-06
step    368 | train_loss 2.6872 | lr 8.85e-06
step    369 | train_loss 2.6202 | lr 8.84e-06
step    370 | train_loss 2.6906 | lr 8.83e-06
step    371 | train_loss 2.7894 | lr 8.83e-06
step    372 | train_loss 3.0548 | lr 8.82e-06
step    373 | train_loss 2.8600 | lr 8.81e-06
step    374 | train_loss 2.8625 | lr 8.80e-06
step    375 | train_loss 2.5750 | lr 8.80e-06
step    376 | train_loss 2.6536 | lr 8.79e-06
step    377 | train_loss 1.9615 | lr 8.78e-06
step    378 | train_loss 2.5032 | lr 8.78e-06
step    379 | train_loss 2.6139 | lr 8.77e-06
step    380 | train_loss 2.9357 | lr 8.76e-06
step    381 | train_loss 2.6890 | lr 8.75e-06
step    382 | train_loss 2.7503 | lr 8.75e-06
step    383 | train_loss 2.7103 | lr 8.74e-06
step    384 | train_loss 2.6468 | lr 8.73e-06
step    385 | train_loss 2.6978 | lr 8.73e-06
step    386 | train_loss 2.7015 | lr 8.72e-06
step    387 | train_loss 2.0690 | lr 8.71e-06
step    388 | train_loss 2.4907 | lr 8.70e-06
step    389 | train_loss 2.9140 | lr 8.70e-06
step    390 | train_loss 2.9246 | lr 8.69e-06
step    391 | train_loss 2.7457 | lr 8.68e-06
step    392 | train_loss 2.7136 | lr 8.67e-06
step    393 | train_loss 2.7082 | lr 8.67e-06
step    394 | train_loss 2.6669 | lr 8.66e-06
step    395 | train_loss 2.8381 | lr 8.65e-06
step    396 | train_loss 2.7188 | lr 8.65e-06
step    397 | train_loss 2.3888 | lr 8.64e-06
step    398 | train_loss 2.6372 | lr 8.63e-06
step    399 | train_loss 2.8543 | lr 8.62e-06
step    400 | train_loss 2.6733 | lr 8.62e-06
step    400 | val_loss 2.8158 | val_ppl 16.71
step    401 | train_loss 2.8299 | lr 8.61e-06
step    402 | train_loss 2.6567 | lr 8.60e-06
step    403 | train_loss 2.6190 | lr 8.59e-06
step    404 | train_loss 2.6109 | lr 8.59e-06
step    405 | train_loss 2.4941 | lr 8.58e-06
step    406 | train_loss 2.7618 | lr 8.57e-06
step    407 | train_loss 2.8514 | lr 8.56e-06
step    408 | train_loss 2.7726 | lr 8.55e-06
step    409 | train_loss 2.0602 | lr 8.55e-06
step    410 | train_loss 2.7664 | lr 8.54e-06
step    411 | train_loss 2.4905 | lr 8.53e-06
step    412 | train_loss 2.5736 | lr 8.52e-06
step    413 | train_loss 2.8855 | lr 8.52e-06
step    414 | train_loss 3.1281 | lr 8.51e-06
step    415 | train_loss 2.5910 | lr 8.50e-06
step    416 | train_loss 2.9273 | lr 8.49e-06
step    417 | train_loss 2.5221 | lr 8.49e-06
step    418 | train_loss 2.8757 | lr 8.48e-06
step    419 | train_loss 2.3924 | lr 8.47e-06
step    420 | train_loss 2.8507 | lr 8.46e-06
step    421 | train_loss 2.5247 | lr 8.45e-06
step    422 | train_loss 2.7947 | lr 8.45e-06
step    423 | train_loss 2.5372 | lr 8.44e-06
step    424 | train_loss 2.9110 | lr 8.43e-06
step    425 | train_loss 2.6605 | lr 8.42e-06
step    426 | train_loss 2.7780 | lr 8.41e-06
step    427 | train_loss 2.4558 | lr 8.41e-06
step    428 | train_loss 3.0025 | lr 8.40e-06
step    429 | train_loss 2.4977 | lr 8.39e-06
step    430 | train_loss 2.5217 | lr 8.38e-06
step    431 | train_loss 2.5543 | lr 8.37e-06
step    432 | train_loss 2.7774 | lr 8.37e-06
step    433 | train_loss 2.0465 | lr 8.36e-06
step    434 | train_loss 2.3052 | lr 8.35e-06
step    435 | train_loss 2.4384 | lr 8.34e-06
step    436 | train_loss 2.6359 | lr 8.33e-06
step    437 | train_loss 2.5311 | lr 8.33e-06
step    438 | train_loss 2.9365 | lr 8.32e-06
step    439 | train_loss 2.2103 | lr 8.31e-06
step    440 | train_loss 2.5156 | lr 8.30e-06
step    441 | train_loss 2.8980 | lr 8.29e-06
step    442 | train_loss 2.4269 | lr 8.29e-06
step    443 | train_loss 2.5118 | lr 8.28e-06
step    444 | train_loss 2.6716 | lr 8.27e-06
step    445 | train_loss 1.6938 | lr 8.26e-06
step    446 | train_loss 2.5302 | lr 8.25e-06
step    447 | train_loss 2.8823 | lr 8.24e-06
step    448 | train_loss 2.0206 | lr 8.24e-06
step    449 | train_loss 2.8878 | lr 8.23e-06
step    450 | train_loss 2.6681 | lr 8.22e-06
step    451 | train_loss 2.8852 | lr 8.21e-06
step    452 | train_loss 2.6595 | lr 8.20e-06
step    453 | train_loss 2.0901 | lr 8.20e-06
step    454 | train_loss 2.3775 | lr 8.19e-06
step    455 | train_loss 2.6690 | lr 8.18e-06
step    456 | train_loss 2.6751 | lr 8.17e-06
step    457 | train_loss 2.4580 | lr 8.16e-06
step    458 | train_loss 2.8815 | lr 8.15e-06
step    459 | train_loss 2.3534 | lr 8.15e-06
step    460 | train_loss 2.9014 | lr 8.14e-06
step    461 | train_loss 2.7886 | lr 8.13e-06
step    462 | train_loss 2.6735 | lr 8.12e-06
step    463 | train_loss 2.5956 | lr 8.11e-06
step    464 | train_loss 2.4645 | lr 8.10e-06
step    465 | train_loss 2.5510 | lr 8.09e-06
step    466 | train_loss 2.5430 | lr 8.09e-06
step    467 | train_loss 2.5416 | lr 8.08e-06
step    468 | train_loss 2.6139 | lr 8.07e-06
step    469 | train_loss 2.5341 | lr 8.06e-06
step    470 | train_loss 2.5017 | lr 8.05e-06
step    471 | train_loss 2.7978 | lr 8.04e-06
step    472 | train_loss 2.4547 | lr 8.03e-06
step    473 | train_loss 2.6857 | lr 8.03e-06
step    474 | train_loss 2.2615 | lr 8.02e-06
step    475 | train_loss 2.7288 | lr 8.01e-06
step    476 | train_loss 2.3905 | lr 8.00e-06
step    477 | train_loss 3.0009 | lr 7.99e-06
step    478 | train_loss 2.7923 | lr 7.98e-06
step    479 | train_loss 2.5933 | lr 7.97e-06
step    480 | train_loss 2.6334 | lr 7.97e-06
step    481 | train_loss 2.6990 | lr 7.96e-06
step    482 | train_loss 2.5878 | lr 7.95e-06
step    483 | train_loss 2.6869 | lr 7.94e-06
step    484 | train_loss 2.5443 | lr 7.93e-06
step    485 | train_loss 2.3586 | lr 7.92e-06
step    486 | train_loss 2.3480 | lr 7.91e-06
step    487 | train_loss 2.5787 | lr 7.90e-06
step    488 | train_loss 2.5900 | lr 7.90e-06
step    489 | train_loss 2.2430 | lr 7.89e-06
step    490 | train_loss 2.8939 | lr 7.88e-06
step    491 | train_loss 2.9161 | lr 7.87e-06
step    492 | train_loss 2.7727 | lr 7.86e-06
step    493 | train_loss 2.4025 | lr 7.85e-06
step    494 | train_loss 2.7580 | lr 7.84e-06
step    495 | train_loss 2.7400 | lr 7.83e-06
step    496 | train_loss 2.9143 | lr 7.82e-06
step    497 | train_loss 2.8720 | lr 7.82e-06
step    498 | train_loss 2.6066 | lr 7.81e-06
step    499 | train_loss 2.4179 | lr 7.80e-06
step    500 | train_loss 2.5810 | lr 7.79e-06
step    500 | val_loss 2.8099 | val_ppl 16.61
step    501 | train_loss 2.6757 | lr 7.78e-06
step    502 | train_loss 2.2793 | lr 7.77e-06
step    503 | train_loss 2.5438 | lr 7.76e-06
step    504 | train_loss 2.4765 | lr 7.75e-06
step    505 | train_loss 2.7680 | lr 7.74e-06
step    506 | train_loss 2.3045 | lr 7.73e-06
step    507 | train_loss 2.5060 | lr 7.73e-06
step    508 | train_loss 2.8635 | lr 7.72e-06
step    509 | train_loss 2.0811 | lr 7.71e-06
step    510 | train_loss 2.5021 | lr 7.70e-06
step    511 | train_loss 2.4285 | lr 7.69e-06
step    512 | train_loss 3.0425 | lr 7.68e-06
step    513 | train_loss 2.8424 | lr 7.67e-06
step    514 | train_loss 2.4837 | lr 7.66e-06
step    515 | train_loss 2.9662 | lr 7.65e-06
step    516 | train_loss 2.7376 | lr 7.64e-06
step    517 | train_loss 2.7500 | lr 7.64e-06
step    518 | train_loss 2.8029 | lr 7.63e-06
step    519 | train_loss 2.6502 | lr 7.62e-06
step    520 | train_loss 2.5883 | lr 7.61e-06
step    521 | train_loss 2.5967 | lr 7.60e-06
step    522 | train_loss 2.8299 | lr 7.59e-06
step    523 | train_loss 2.7995 | lr 7.58e-06
step    524 | train_loss 2.6606 | lr 7.57e-06
step    525 | train_loss 2.8524 | lr 7.56e-06
step    526 | train_loss 2.6422 | lr 7.55e-06
step    527 | train_loss 2.5281 | lr 7.54e-06
step    528 | train_loss 2.8294 | lr 7.53e-06
step    529 | train_loss 2.5523 | lr 7.52e-06
step    530 | train_loss 2.7626 | lr 7.52e-06
step    531 | train_loss 2.4753 | lr 7.51e-06
step    532 | train_loss 2.7134 | lr 7.50e-06
step    533 | train_loss 2.2686 | lr 7.49e-06
step    534 | train_loss 2.7271 | lr 7.48e-06
step    535 | train_loss 2.2036 | lr 7.47e-06
step    536 | train_loss 2.9654 | lr 7.46e-06
step    537 | train_loss 2.4866 | lr 7.45e-06
step    538 | train_loss 2.9349 | lr 7.44e-06
step    539 | train_loss 2.7924 | lr 7.43e-06
step    540 | train_loss 2.4553 | lr 7.42e-06
step    541 | train_loss 2.8309 | lr 7.41e-06
step    542 | train_loss 2.8417 | lr 7.40e-06
step    543 | train_loss 2.7441 | lr 7.39e-06
step    544 | train_loss 2.6326 | lr 7.38e-06
step    545 | train_loss 2.4820 | lr 7.37e-06
step    546 | train_loss 2.3101 | lr 7.37e-06
step    547 | train_loss 2.3258 | lr 7.36e-06
step    548 | train_loss 2.6095 | lr 7.35e-06
step    549 | train_loss 2.4556 | lr 7.34e-06
step    550 | train_loss 2.5872 | lr 7.33e-06
step    551 | train_loss 2.7906 | lr 7.32e-06
step    552 | train_loss 2.7798 | lr 7.31e-06
step    553 | train_loss 2.5347 | lr 7.30e-06
step    554 | train_loss 2.9006 | lr 7.29e-06
step    555 | train_loss 2.5531 | lr 7.28e-06
step    556 | train_loss 2.5063 | lr 7.27e-06
step    557 | train_loss 2.0617 | lr 7.26e-06
step    558 | train_loss 2.4622 | lr 7.25e-06
step    559 | train_loss 2.3394 | lr 7.24e-06
step    560 | train_loss 2.6686 | lr 7.23e-06
step    561 | train_loss 2.8917 | lr 7.22e-06
step    562 | train_loss 2.5839 | lr 7.21e-06
step    563 | train_loss 2.3357 | lr 7.20e-06
step    564 | train_loss 2.3169 | lr 7.19e-06
step    565 | train_loss 2.4972 | lr 7.18e-06
step    566 | train_loss 2.7328 | lr 7.17e-06
step    567 | train_loss 2.5914 | lr 7.16e-06
step    568 | train_loss 2.6284 | lr 7.15e-06
step    569 | train_loss 2.7183 | lr 7.14e-06
step    570 | train_loss 2.5490 | lr 7.14e-06
step    571 | train_loss 2.7427 | lr 7.13e-06
step    572 | train_loss 2.2045 | lr 7.12e-06
step    573 | train_loss 2.4468 | lr 7.11e-06
step    574 | train_loss 2.5911 | lr 7.10e-06
step    575 | train_loss 2.4703 | lr 7.09e-06
step    576 | train_loss 2.9484 | lr 7.08e-06
step    577 | train_loss 2.3685 | lr 7.07e-06
step    578 | train_loss 2.3596 | lr 7.06e-06
step    579 | train_loss 2.4009 | lr 7.05e-06
step    580 | train_loss 2.5467 | lr 7.04e-06
step    581 | train_loss 2.4391 | lr 7.03e-06
step    582 | train_loss 2.6899 | lr 7.02e-06
step    583 | train_loss 2.3004 | lr 7.01e-06
step    584 | train_loss 2.8025 | lr 7.00e-06
step    585 | train_loss 2.3262 | lr 6.99e-06
step    586 | train_loss 2.4432 | lr 6.98e-06
step    587 | train_loss 2.7160 | lr 6.97e-06
step    588 | train_loss 2.7474 | lr 6.96e-06
step    589 | train_loss 2.5503 | lr 6.95e-06
step    590 | train_loss 2.5980 | lr 6.94e-06
step    591 | train_loss 2.6701 | lr 6.93e-06
step    592 | train_loss 2.8124 | lr 6.92e-06
step    593 | train_loss 2.6584 | lr 6.91e-06
step    594 | train_loss 2.5781 | lr 6.90e-06
step    595 | train_loss 2.7345 | lr 6.89e-06
step    596 | train_loss 2.4443 | lr 6.88e-06
step    597 | train_loss 2.8230 | lr 6.87e-06
step    598 | train_loss 2.6167 | lr 6.86e-06
step    599 | train_loss 2.2296 | lr 6.85e-06
step    600 | train_loss 2.5222 | lr 6.84e-06
step    600 | val_loss 2.8062 | val_ppl 16.55
step    601 | train_loss 2.4835 | lr 6.83e-06
step    602 | train_loss 2.9241 | lr 6.82e-06
step    603 | train_loss 2.7314 | lr 6.81e-06
step    604 | train_loss 2.6025 | lr 6.80e-06
step    605 | train_loss 2.7541 | lr 6.79e-06
step    606 | train_loss 2.2738 | lr 6.78e-06
step    607 | train_loss 1.9950 | lr 6.77e-06
step    608 | train_loss 2.7539 | lr 6.76e-06
step    609 | train_loss 2.9111 | lr 6.75e-06
step    610 | train_loss 2.6889 | lr 6.74e-06
step    611 | train_loss 2.6140 | lr 6.73e-06
step    612 | train_loss 2.5497 | lr 6.72e-06
step    613 | train_loss 2.6737 | lr 6.71e-06
step    614 | train_loss 2.6406 | lr 6.70e-06
step    615 | train_loss 2.8263 | lr 6.69e-06
step    616 | train_loss 2.2957 | lr 6.68e-06
step    617 | train_loss 2.6615 | lr 6.67e-06
step    618 | train_loss 2.5749 | lr 6.66e-06
step    619 | train_loss 2.5896 | lr 6.65e-06
step    620 | train_loss 2.9386 | lr 6.64e-06
step    621 | train_loss 3.0123 | lr 6.63e-06
step    622 | train_loss 2.4700 | lr 6.62e-06
step    623 | train_loss 2.7397 | lr 6.61e-06
step    624 | train_loss 2.4152 | lr 6.60e-06
step    625 | train_loss 2.3260 | lr 6.59e-06
step    626 | train_loss 2.7413 | lr 6.58e-06
step    627 | train_loss 2.3630 | lr 6.57e-06
step    628 | train_loss 2.6758 | lr 6.56e-06
step    629 | train_loss 2.7620 | lr 6.55e-06
step    630 | train_loss 2.7460 | lr 6.54e-06
step    631 | train_loss 2.8527 | lr 6.53e-06
step    632 | train_loss 2.2394 | lr 6.52e-06
step    633 | train_loss 2.8051 | lr 6.51e-06
step    634 | train_loss 2.5500 | lr 6.50e-06
step    635 | train_loss 2.4184 | lr 6.49e-06
step    636 | train_loss 2.2278 | lr 6.48e-06
step    637 | train_loss 2.1728 | lr 6.47e-06
step    638 | train_loss 2.8196 | lr 6.46e-06
step    639 | train_loss 2.4926 | lr 6.45e-06
step    640 | train_loss 2.4028 | lr 6.44e-06
step    641 | train_loss 2.7642 | lr 6.43e-06
step    642 | train_loss 2.8719 | lr 6.42e-06
step    643 | train_loss 2.9222 | lr 6.41e-06
step    644 | train_loss 2.5324 | lr 6.40e-06
step    645 | train_loss 2.7924 | lr 6.39e-06
step    646 | train_loss 2.6593 | lr 6.38e-06
step    647 | train_loss 3.0136 | lr 6.37e-06
step    648 | train_loss 2.3998 | lr 6.36e-06
step    649 | train_loss 2.4554 | lr 6.35e-06
step    650 | train_loss 2.5022 | lr 6.34e-06
step    651 | train_loss 2.6071 | lr 6.33e-06
step    652 | train_loss 2.6709 | lr 6.32e-06
step    653 | train_loss 2.6656 | lr 6.31e-06
step    654 | train_loss 2.7772 | lr 6.30e-06
step    655 | train_loss 2.2910 | lr 6.29e-06
step    656 | train_loss 2.1351 | lr 6.28e-06
step    657 | train_loss 2.4555 | lr 6.27e-06
step    658 | train_loss 2.6610 | lr 6.26e-06
step    659 | train_loss 2.8956 | lr 6.24e-06
step    660 | train_loss 2.6700 | lr 6.23e-06
step    661 | train_loss 2.7269 | lr 6.22e-06
step    662 | train_loss 2.9252 | lr 6.21e-06
step    663 | train_loss 2.2859 | lr 6.20e-06
step    664 | train_loss 2.8557 | lr 6.19e-06
step    665 | train_loss 2.6264 | lr 6.18e-06
step    666 | train_loss 2.6112 | lr 6.17e-06
step    667 | train_loss 2.4898 | lr 6.16e-06
step    668 | train_loss 2.2957 | lr 6.15e-06
step    669 | train_loss 2.6923 | lr 6.14e-06
step    670 | train_loss 2.5806 | lr 6.13e-06
step    671 | train_loss 2.6088 | lr 6.12e-06
step    672 | train_loss 2.5990 | lr 6.11e-06
step    673 | train_loss 2.7936 | lr 6.10e-06
step    674 | train_loss 2.6825 | lr 6.09e-06
step    675 | train_loss 2.6400 | lr 6.08e-06
step    676 | train_loss 2.5688 | lr 6.07e-06
step    677 | train_loss 2.6709 | lr 6.06e-06
step    678 | train_loss 2.9135 | lr 6.05e-06
step    679 | train_loss 2.6160 | lr 6.04e-06
step    680 | train_loss 2.6172 | lr 6.03e-06
step    681 | train_loss 2.7714 | lr 6.02e-06
step    682 | train_loss 2.4700 | lr 6.01e-06
step    683 | train_loss 2.8884 | lr 6.00e-06
step    684 | train_loss 2.7464 | lr 5.99e-06
step    685 | train_loss 2.5413 | lr 5.98e-06
step    686 | train_loss 2.3595 | lr 5.97e-06
step    687 | train_loss 2.4466 | lr 5.96e-06
step    688 | train_loss 2.2092 | lr 5.95e-06
step    689 | train_loss 2.6904 | lr 5.94e-06
step    690 | train_loss 2.0860 | lr 5.93e-06
step    691 | train_loss 2.8560 | lr 5.92e-06
step    692 | train_loss 2.8053 | lr 5.90e-06
step    693 | train_loss 2.8614 | lr 5.89e-06
step    694 | train_loss 2.6872 | lr 5.88e-06
step    695 | train_loss 2.5610 | lr 5.87e-06
step    696 | train_loss 2.5279 | lr 5.86e-06
step    697 | train_loss 2.3522 | lr 5.85e-06
step    698 | train_loss 2.2305 | lr 5.84e-06
step    699 | train_loss 2.3942 | lr 5.83e-06
step    700 | train_loss 2.9716 | lr 5.82e-06
step    700 | val_loss 2.8023 | val_ppl 16.48
step    701 | train_loss 2.7288 | lr 5.81e-06
step    702 | train_loss 2.8628 | lr 5.80e-06
step    703 | train_loss 2.2928 | lr 5.79e-06
step    704 | train_loss 2.4130 | lr 5.78e-06
step    705 | train_loss 2.2853 | lr 5.77e-06
step    706 | train_loss 2.3005 | lr 5.76e-06
Saved checkpoint to checkpoints/sft_dolly_3epoch/step_706.pt
step    707 | train_loss 2.6234 | lr 5.75e-06
step    708 | train_loss 2.7068 | lr 5.74e-06
step    709 | train_loss 2.5958 | lr 5.73e-06
step    710 | train_loss 2.5919 | lr 5.72e-06
step    711 | train_loss 2.8525 | lr 5.71e-06
step    712 | train_loss 2.7836 | lr 5.70e-06
step    713 | train_loss 2.6487 | lr 5.69e-06
step    714 | train_loss 2.8553 | lr 5.68e-06
step    715 | train_loss 2.7703 | lr 5.67e-06
step    716 | train_loss 2.7021 | lr 5.66e-06
step    717 | train_loss 2.6017 | lr 5.65e-06
step    718 | train_loss 2.7352 | lr 5.64e-06
step    719 | train_loss 2.9655 | lr 5.62e-06
step    720 | train_loss 2.7457 | lr 5.61e-06
step    721 | train_loss 2.6357 | lr 5.60e-06
step    722 | train_loss 2.3610 | lr 5.59e-06
step    723 | train_loss 2.6437 | lr 5.58e-06
step    724 | train_loss 3.0069 | lr 5.57e-06
step    725 | train_loss 2.5216 | lr 5.56e-06
step    726 | train_loss 2.4013 | lr 5.55e-06
step    727 | train_loss 2.4402 | lr 5.54e-06
step    728 | train_loss 2.8115 | lr 5.53e-06
step    729 | train_loss 2.4709 | lr 5.52e-06
step    730 | train_loss 2.3365 | lr 5.51e-06
step    731 | train_loss 2.8135 | lr 5.50e-06
step    732 | train_loss 2.5980 | lr 5.49e-06
step    733 | train_loss 2.5052 | lr 5.48e-06
step    734 | train_loss 2.5822 | lr 5.47e-06
step    735 | train_loss 2.8702 | lr 5.46e-06
step    736 | train_loss 2.5945 | lr 5.45e-06
step    737 | train_loss 2.5293 | lr 5.44e-06
step    738 | train_loss 2.5073 | lr 5.43e-06
step    739 | train_loss 2.5037 | lr 5.42e-06
step    740 | train_loss 2.4406 | lr 5.41e-06
step    741 | train_loss 2.7856 | lr 5.40e-06
step    742 | train_loss 2.6650 | lr 5.39e-06
step    743 | train_loss 2.8500 | lr 5.38e-06
step    744 | train_loss 2.7120 | lr 5.36e-06
step    745 | train_loss 2.4283 | lr 5.35e-06
step    746 | train_loss 2.3446 | lr 5.34e-06
step    747 | train_loss 2.3533 | lr 5.33e-06
step    748 | train_loss 2.8125 | lr 5.32e-06
step    749 | train_loss 2.4486 | lr 5.31e-06
step    750 | train_loss 2.5568 | lr 5.30e-06
step    751 | train_loss 2.7810 | lr 5.29e-06
step    752 | train_loss 2.6070 | lr 5.28e-06
step    753 | train_loss 2.6104 | lr 5.27e-06
step    754 | train_loss 2.6898 | lr 5.26e-06
step    755 | train_loss 2.5351 | lr 5.25e-06
step    756 | train_loss 2.8667 | lr 5.24e-06
step    757 | train_loss 2.5887 | lr 5.23e-06
step    758 | train_loss 2.4409 | lr 5.22e-06
step    759 | train_loss 2.7567 | lr 5.21e-06
step    760 | train_loss 2.6898 | lr 5.20e-06
step    761 | train_loss 2.5759 | lr 5.19e-06
step    762 | train_loss 2.5084 | lr 5.18e-06
step    763 | train_loss 2.7726 | lr 5.17e-06
step    764 | train_loss 2.7704 | lr 5.16e-06
step    765 | train_loss 2.4111 | lr 5.15e-06
step    766 | train_loss 2.2529 | lr 5.14e-06
step    767 | train_loss 2.5164 | lr 5.13e-06
step    768 | train_loss 2.7153 | lr 5.12e-06
step    769 | train_loss 2.7812 | lr 5.11e-06
step    770 | train_loss 2.0161 | lr 5.10e-06
step    771 | train_loss 2.6532 | lr 5.08e-06
step    772 | train_loss 2.6846 | lr 5.07e-06
step    773 | train_loss 2.5465 | lr 5.06e-06
step    774 | train_loss 2.6281 | lr 5.05e-06
step    775 | train_loss 2.3257 | lr 5.04e-06
step    776 | train_loss 2.2912 | lr 5.03e-06
step    777 | train_loss 2.7868 | lr 5.02e-06
step    778 | train_loss 2.7248 | lr 5.01e-06
step    779 | train_loss 2.5525 | lr 5.00e-06
step    780 | train_loss 2.6661 | lr 4.99e-06
step    781 | train_loss 2.6315 | lr 4.98e-06
step    782 | train_loss 2.7124 | lr 4.97e-06
step    783 | train_loss 2.7914 | lr 4.96e-06
step    784 | train_loss 2.8684 | lr 4.95e-06
step    785 | train_loss 2.5892 | lr 4.94e-06
step    786 | train_loss 2.4378 | lr 4.93e-06
step    787 | train_loss 2.5282 | lr 4.92e-06
step    788 | train_loss 2.7297 | lr 4.91e-06
step    789 | train_loss 2.5929 | lr 4.90e-06
step    790 | train_loss 2.5394 | lr 4.89e-06
step    791 | train_loss 2.4371 | lr 4.88e-06
step    792 | train_loss 2.4705 | lr 4.87e-06
step    793 | train_loss 2.7803 | lr 4.86e-06
step    794 | train_loss 2.7736 | lr 4.85e-06
step    795 | train_loss 2.8698 | lr 4.84e-06
step    796 | train_loss 2.6024 | lr 4.83e-06
step    797 | train_loss 2.4733 | lr 4.82e-06
step    798 | train_loss 2.5798 | lr 4.81e-06
step    799 | train_loss 2.3449 | lr 4.80e-06
step    800 | train_loss 2.3701 | lr 4.79e-06
step    800 | val_loss 2.7995 | val_ppl 16.44
step    801 | train_loss 2.5743 | lr 4.78e-06
step    802 | train_loss 2.2576 | lr 4.77e-06
step    803 | train_loss 2.2632 | lr 4.76e-06
step    804 | train_loss 2.8762 | lr 4.74e-06
step    805 | train_loss 2.3646 | lr 4.73e-06
step    806 | train_loss 2.6473 | lr 4.72e-06
step    807 | train_loss 2.5760 | lr 4.71e-06
step    808 | train_loss 2.7410 | lr 4.70e-06
step    809 | train_loss 2.4590 | lr 4.69e-06
step    810 | train_loss 2.5313 | lr 4.68e-06
step    811 | train_loss 2.6473 | lr 4.67e-06
step    812 | train_loss 2.7221 | lr 4.66e-06
step    813 | train_loss 2.0900 | lr 4.65e-06
step    814 | train_loss 2.5982 | lr 4.64e-06
step    815 | train_loss 3.0021 | lr 4.63e-06
step    816 | train_loss 2.0370 | lr 4.62e-06
step    817 | train_loss 2.6749 | lr 4.61e-06
step    818 | train_loss 2.7518 | lr 4.60e-06
step    819 | train_loss 2.4643 | lr 4.59e-06
step    820 | train_loss 2.7397 | lr 4.58e-06
step    821 | train_loss 2.4925 | lr 4.57e-06
step    822 | train_loss 2.7255 | lr 4.56e-06
step    823 | train_loss 2.5232 | lr 4.55e-06
step    824 | train_loss 2.7606 | lr 4.54e-06
step    825 | train_loss 2.7910 | lr 4.53e-06
step    826 | train_loss 2.4662 | lr 4.52e-06
step    827 | train_loss 3.1390 | lr 4.51e-06
step    828 | train_loss 2.3359 | lr 4.50e-06
step    829 | train_loss 2.6797 | lr 4.49e-06
step    830 | train_loss 2.3467 | lr 4.48e-06
step    831 | train_loss 2.9568 | lr 4.47e-06
step    832 | train_loss 2.6299 | lr 4.46e-06
step    833 | train_loss 2.5828 | lr 4.45e-06
step    834 | train_loss 2.6725 | lr 4.44e-06
step    835 | train_loss 2.6441 | lr 4.43e-06
step    836 | train_loss 2.3888 | lr 4.42e-06
step    837 | train_loss 2.6272 | lr 4.41e-06
step    838 | train_loss 2.8246 | lr 4.40e-06
step    839 | train_loss 2.7431 | lr 4.39e-06
step    840 | train_loss 3.0992 | lr 4.38e-06
step    841 | train_loss 2.7315 | lr 4.37e-06
step    842 | train_loss 2.4215 | lr 4.36e-06
step    843 | train_loss 2.6302 | lr 4.35e-06
step    844 | train_loss 2.8242 | lr 4.34e-06
step    845 | train_loss 2.5060 | lr 4.33e-06
step    846 | train_loss 1.9629 | lr 4.32e-06
step    847 | train_loss 2.4818 | lr 4.31e-06
step    848 | train_loss 2.5332 | lr 4.30e-06
step    849 | train_loss 2.6024 | lr 4.29e-06
step    850 | train_loss 2.5384 | lr 4.28e-06
step    851 | train_loss 2.4691 | lr 4.27e-06
step    852 | train_loss 2.5083 | lr 4.26e-06
step    853 | train_loss 2.6800 | lr 4.25e-06
step    854 | train_loss 2.7442 | lr 4.24e-06
step    855 | train_loss 2.2333 | lr 4.23e-06
step    856 | train_loss 2.6697 | lr 4.22e-06
step    857 | train_loss 2.7518 | lr 4.21e-06
step    858 | train_loss 2.8093 | lr 4.20e-06
step    859 | train_loss 2.7232 | lr 4.19e-06
step    860 | train_loss 2.4912 | lr 4.18e-06
step    861 | train_loss 2.7103 | lr 4.17e-06
step    862 | train_loss 2.6299 | lr 4.16e-06
step    863 | train_loss 2.4215 | lr 4.15e-06
step    864 | train_loss 2.4489 | lr 4.14e-06
step    865 | train_loss 2.7969 | lr 4.13e-06
step    866 | train_loss 2.4147 | lr 4.12e-06
step    867 | train_loss 2.5657 | lr 4.11e-06
step    868 | train_loss 2.1965 | lr 4.10e-06
step    869 | train_loss 2.7035 | lr 4.09e-06
step    870 | train_loss 2.6443 | lr 4.08e-06
step    871 | train_loss 2.7729 | lr 4.07e-06
step    872 | train_loss 2.4791 | lr 4.06e-06
step    873 | train_loss 2.5788 | lr 4.05e-06
step    874 | train_loss 2.6602 | lr 4.04e-06
step    875 | train_loss 1.9592 | lr 4.03e-06
step    876 | train_loss 2.4688 | lr 4.02e-06
step    877 | train_loss 2.6330 | lr 4.01e-06
step    878 | train_loss 2.5941 | lr 4.00e-06
step    879 | train_loss 2.6869 | lr 3.99e-06
step    880 | train_loss 2.7688 | lr 3.98e-06
step    881 | train_loss 2.7220 | lr 3.97e-06
step    882 | train_loss 2.5883 | lr 3.96e-06
step    883 | train_loss 2.8925 | lr 3.95e-06
step    884 | train_loss 2.3859 | lr 3.94e-06
step    885 | train_loss 2.5751 | lr 3.93e-06
step    886 | train_loss 2.2625 | lr 3.92e-06
step    887 | train_loss 2.6233 | lr 3.91e-06
step    888 | train_loss 2.6700 | lr 3.90e-06
step    889 | train_loss 2.4541 | lr 3.89e-06
step    890 | train_loss 2.3814 | lr 3.88e-06
step    891 | train_loss 2.4286 | lr 3.87e-06
step    892 | train_loss 2.5606 | lr 3.86e-06
step    893 | train_loss 2.3420 | lr 3.86e-06
step    894 | train_loss 2.6260 | lr 3.85e-06
step    895 | train_loss 2.5313 | lr 3.84e-06
step    896 | train_loss 2.6050 | lr 3.83e-06
step    897 | train_loss 2.5316 | lr 3.82e-06
step    898 | train_loss 2.6214 | lr 3.81e-06
step    899 | train_loss 2.0938 | lr 3.80e-06
step    900 | train_loss 2.1615 | lr 3.79e-06
step    900 | val_loss 2.7991 | val_ppl 16.43
step    901 | train_loss 2.6098 | lr 3.78e-06
step    902 | train_loss 2.4352 | lr 3.77e-06
step    903 | train_loss 2.4323 | lr 3.76e-06
step    904 | train_loss 2.2561 | lr 3.75e-06
step    905 | train_loss 2.6626 | lr 3.74e-06
step    906 | train_loss 2.7391 | lr 3.73e-06
step    907 | train_loss 2.0522 | lr 3.72e-06
step    908 | train_loss 2.5207 | lr 3.71e-06
step    909 | train_loss 2.4085 | lr 3.70e-06
step    910 | train_loss 2.7201 | lr 3.69e-06
step    911 | train_loss 2.5323 | lr 3.68e-06
step    912 | train_loss 2.4103 | lr 3.67e-06
step    913 | train_loss 2.5443 | lr 3.66e-06
step    914 | train_loss 2.4785 | lr 3.65e-06
step    915 | train_loss 2.2562 | lr 3.64e-06
step    916 | train_loss 2.4976 | lr 3.63e-06
step    917 | train_loss 2.3345 | lr 3.63e-06
step    918 | train_loss 2.4362 | lr 3.62e-06
step    919 | train_loss 2.3479 | lr 3.61e-06
step    920 | train_loss 2.7294 | lr 3.60e-06
step    921 | train_loss 2.1073 | lr 3.59e-06
step    922 | train_loss 2.4976 | lr 3.58e-06
step    923 | train_loss 2.7604 | lr 3.57e-06
step    924 | train_loss 2.4051 | lr 3.56e-06
step    925 | train_loss 2.5407 | lr 3.55e-06
step    926 | train_loss 2.7851 | lr 3.54e-06
step    927 | train_loss 2.7100 | lr 3.53e-06
step    928 | train_loss 2.7240 | lr 3.52e-06
step    929 | train_loss 2.5256 | lr 3.51e-06
step    930 | train_loss 2.3324 | lr 3.50e-06
step    931 | train_loss 2.5492 | lr 3.49e-06
step    932 | train_loss 2.7753 | lr 3.48e-06
step    933 | train_loss 2.5295 | lr 3.48e-06
step    934 | train_loss 2.6680 | lr 3.47e-06
step    935 | train_loss 2.5544 | lr 3.46e-06
step    936 | train_loss 2.2242 | lr 3.45e-06
step    937 | train_loss 2.6248 | lr 3.44e-06
step    938 | train_loss 2.7637 | lr 3.43e-06
step    939 | train_loss 2.2972 | lr 3.42e-06
step    940 | train_loss 2.6482 | lr 3.41e-06
step    941 | train_loss 2.3237 | lr 3.40e-06
step    942 | train_loss 2.6742 | lr 3.39e-06
step    943 | train_loss 2.6928 | lr 3.38e-06
step    944 | train_loss 2.4393 | lr 3.37e-06
step    945 | train_loss 2.8424 | lr 3.36e-06
step    946 | train_loss 2.1219 | lr 3.36e-06
step    947 | train_loss 2.1800 | lr 3.35e-06
step    948 | train_loss 2.7128 | lr 3.34e-06
step    949 | train_loss 2.3485 | lr 3.33e-06
step    950 | train_loss 2.3891 | lr 3.32e-06
step    951 | train_loss 2.5038 | lr 3.31e-06
step    952 | train_loss 2.8392 | lr 3.30e-06
step    953 | train_loss 2.5320 | lr 3.29e-06
step    954 | train_loss 2.5851 | lr 3.28e-06
step    955 | train_loss 2.7513 | lr 3.27e-06
step    956 | train_loss 2.4750 | lr 3.27e-06
step    957 | train_loss 2.7742 | lr 3.26e-06
step    958 | train_loss 2.5354 | lr 3.25e-06
step    959 | train_loss 2.8617 | lr 3.24e-06
step    960 | train_loss 2.4484 | lr 3.23e-06
step    961 | train_loss 2.6231 | lr 3.22e-06
step    962 | train_loss 2.5650 | lr 3.21e-06
step    963 | train_loss 2.2851 | lr 3.20e-06
step    964 | train_loss 2.2370 | lr 3.19e-06
step    965 | train_loss 2.5916 | lr 3.18e-06
step    966 | train_loss 2.5992 | lr 3.18e-06
step    967 | train_loss 2.5421 | lr 3.17e-06
step    968 | train_loss 2.3642 | lr 3.16e-06
step    969 | train_loss 2.6305 | lr 3.15e-06
step    970 | train_loss 2.2100 | lr 3.14e-06
step    971 | train_loss 2.9646 | lr 3.13e-06
step    972 | train_loss 2.6021 | lr 3.12e-06
step    973 | train_loss 2.6242 | lr 3.11e-06
step    974 | train_loss 1.9391 | lr 3.10e-06
step    975 | train_loss 2.3030 | lr 3.10e-06
step    976 | train_loss 2.6763 | lr 3.09e-06
step    977 | train_loss 2.2852 | lr 3.08e-06
step    978 | train_loss 2.3353 | lr 3.07e-06
step    979 | train_loss 2.7892 | lr 3.06e-06
step    980 | train_loss 2.5739 | lr 3.05e-06
step    981 | train_loss 2.4033 | lr 3.04e-06
step    982 | train_loss 1.9398 | lr 3.03e-06
step    983 | train_loss 2.6609 | lr 3.03e-06
step    984 | train_loss 2.2547 | lr 3.02e-06
step    985 | train_loss 2.5118 | lr 3.01e-06
step    986 | train_loss 2.5373 | lr 3.00e-06
step    987 | train_loss 2.4795 | lr 2.99e-06
step    988 | train_loss 2.5485 | lr 2.98e-06
step    989 | train_loss 2.0883 | lr 2.97e-06
step    990 | train_loss 2.3144 | lr 2.97e-06
step    991 | train_loss 2.5832 | lr 2.96e-06
step    992 | train_loss 2.4592 | lr 2.95e-06
step    993 | train_loss 2.6315 | lr 2.94e-06
step    994 | train_loss 2.6695 | lr 2.93e-06
step    995 | train_loss 2.3873 | lr 2.92e-06
step    996 | train_loss 2.2126 | lr 2.91e-06
step    997 | train_loss 3.1410 | lr 2.91e-06
step    998 | train_loss 2.5174 | lr 2.90e-06
step    999 | train_loss 2.9522 | lr 2.89e-06
step   1000 | train_loss 2.6844 | lr 2.88e-06
step   1000 | val_loss 2.7993 | val_ppl 16.43
step   1001 | train_loss 2.4455 | lr 2.87e-06
step   1002 | train_loss 2.6053 | lr 2.86e-06
step   1003 | train_loss 2.6276 | lr 2.85e-06
step   1004 | train_loss 2.5849 | lr 2.85e-06
step   1005 | train_loss 2.3954 | lr 2.84e-06
step   1006 | train_loss 2.3821 | lr 2.83e-06
step   1007 | train_loss 2.4863 | lr 2.82e-06
step   1008 | train_loss 2.9120 | lr 2.81e-06
step   1009 | train_loss 2.7261 | lr 2.80e-06
step   1010 | train_loss 2.8987 | lr 2.80e-06
step   1011 | train_loss 2.4865 | lr 2.79e-06
step   1012 | train_loss 2.4309 | lr 2.78e-06
step   1013 | train_loss 2.3559 | lr 2.77e-06
step   1014 | train_loss 2.4572 | lr 2.76e-06
step   1015 | train_loss 2.0667 | lr 2.76e-06
step   1016 | train_loss 2.2127 | lr 2.75e-06
step   1017 | train_loss 2.6486 | lr 2.74e-06
step   1018 | train_loss 2.6307 | lr 2.73e-06
step   1019 | train_loss 2.7264 | lr 2.72e-06
step   1020 | train_loss 2.5470 | lr 2.71e-06
step   1021 | train_loss 2.4334 | lr 2.71e-06
step   1022 | train_loss 2.7067 | lr 2.70e-06
step   1023 | train_loss 2.6113 | lr 2.69e-06
step   1024 | train_loss 2.6167 | lr 2.68e-06
step   1025 | train_loss 2.2729 | lr 2.67e-06
step   1026 | train_loss 2.3249 | lr 2.67e-06
step   1027 | train_loss 2.4283 | lr 2.66e-06
step   1028 | train_loss 2.6155 | lr 2.65e-06
step   1029 | train_loss 2.8886 | lr 2.64e-06
step   1030 | train_loss 2.5266 | lr 2.63e-06
step   1031 | train_loss 2.3573 | lr 2.63e-06
step   1032 | train_loss 2.8108 | lr 2.62e-06
step   1033 | train_loss 2.3820 | lr 2.61e-06
step   1034 | train_loss 2.4916 | lr 2.60e-06
step   1035 | train_loss 2.4662 | lr 2.59e-06
step   1036 | train_loss 2.4981 | lr 2.59e-06
step   1037 | train_loss 2.5016 | lr 2.58e-06
step   1038 | train_loss 2.5412 | lr 2.57e-06
step   1039 | train_loss 2.3533 | lr 2.56e-06
step   1040 | train_loss 2.2939 | lr 2.55e-06
step   1041 | train_loss 2.7265 | lr 2.55e-06
step   1042 | train_loss 2.2464 | lr 2.54e-06
step   1043 | train_loss 2.5116 | lr 2.53e-06
step   1044 | train_loss 2.1138 | lr 2.52e-06
step   1045 | train_loss 2.7453 | lr 2.51e-06
step   1046 | train_loss 2.4619 | lr 2.51e-06
step   1047 | train_loss 2.7461 | lr 2.50e-06
step   1048 | train_loss 2.2541 | lr 2.49e-06
step   1049 | train_loss 2.6393 | lr 2.48e-06
step   1050 | train_loss 1.9372 | lr 2.48e-06
step   1051 | train_loss 2.6788 | lr 2.47e-06
step   1052 | train_loss 2.3284 | lr 2.46e-06
step   1053 | train_loss 2.5524 | lr 2.45e-06
step   1054 | train_loss 2.6891 | lr 2.45e-06
step   1055 | train_loss 2.3614 | lr 2.44e-06
step   1056 | train_loss 2.5942 | lr 2.43e-06
step   1057 | train_loss 2.6640 | lr 2.42e-06
step   1058 | train_loss 2.1653 | lr 2.41e-06
step   1059 | train_loss 2.4359 | lr 2.41e-06
Saved checkpoint to checkpoints/sft_dolly_3epoch/step_1059.pt
step   1060 | train_loss 2.0328 | lr 2.40e-06
step   1061 | train_loss 2.6317 | lr 2.39e-06
step   1062 | train_loss 2.5342 | lr 2.38e-06
step   1063 | train_loss 2.4920 | lr 2.38e-06
step   1064 | train_loss 2.4371 | lr 2.37e-06
step   1065 | train_loss 2.4169 | lr 2.36e-06
step   1066 | train_loss 2.4751 | lr 2.35e-06
step   1067 | train_loss 2.4101 | lr 2.35e-06
step   1068 | train_loss 2.3203 | lr 2.34e-06
step   1069 | train_loss 2.5801 | lr 2.33e-06
step   1070 | train_loss 2.5416 | lr 2.33e-06
step   1071 | train_loss 2.3509 | lr 2.32e-06
step   1072 | train_loss 2.5981 | lr 2.31e-06
step   1073 | train_loss 2.4614 | lr 2.30e-06
step   1074 | train_loss 2.1309 | lr 2.30e-06
step   1075 | train_loss 2.4617 | lr 2.29e-06
step   1076 | train_loss 2.2279 | lr 2.28e-06
step   1077 | train_loss 2.4962 | lr 2.27e-06
step   1078 | train_loss 2.5433 | lr 2.27e-06
step   1079 | train_loss 2.3126 | lr 2.26e-06
step   1080 | train_loss 2.0753 | lr 2.25e-06
step   1081 | train_loss 2.3629 | lr 2.25e-06
step   1082 | train_loss 2.6239 | lr 2.24e-06
step   1083 | train_loss 2.9151 | lr 2.23e-06
step   1084 | train_loss 2.6113 | lr 2.22e-06
step   1085 | train_loss 2.6841 | lr 2.22e-06
step   1086 | train_loss 2.5009 | lr 2.21e-06
step   1087 | train_loss 2.1703 | lr 2.20e-06
step   1088 | train_loss 2.5483 | lr 2.20e-06
step   1089 | train_loss 2.4922 | lr 2.19e-06
step   1090 | train_loss 2.7329 | lr 2.18e-06
step   1091 | train_loss 2.8733 | lr 2.17e-06
step   1092 | train_loss 2.2778 | lr 2.17e-06
step   1093 | train_loss 2.2619 | lr 2.16e-06
step   1094 | train_loss 2.4564 | lr 2.15e-06
step   1095 | train_loss 2.6663 | lr 2.15e-06
step   1096 | train_loss 2.1790 | lr 2.14e-06
step   1097 | train_loss 2.2012 | lr 2.13e-06
step   1098 | train_loss 2.3438 | lr 2.13e-06
step   1099 | train_loss 2.4773 | lr 2.12e-06
step   1100 | train_loss 2.8604 | lr 2.11e-06
step   1100 | val_loss 2.7985 | val_ppl 16.42
step   1101 | train_loss 2.5391 | lr 2.11e-06
step   1102 | train_loss 2.5401 | lr 2.10e-06
step   1103 | train_loss 2.6432 | lr 2.09e-06
step   1104 | train_loss 2.6496 | lr 2.08e-06
step   1105 | train_loss 2.3433 | lr 2.08e-06
step   1106 | train_loss 2.6036 | lr 2.07e-06
step   1107 | train_loss 2.5200 | lr 2.06e-06
step   1108 | train_loss 2.8520 | lr 2.06e-06
step   1109 | train_loss 2.4342 | lr 2.05e-06
step   1110 | train_loss 2.4352 | lr 2.04e-06
step   1111 | train_loss 2.5655 | lr 2.04e-06
step   1112 | train_loss 2.6196 | lr 2.03e-06
step   1113 | train_loss 2.5702 | lr 2.02e-06
step   1114 | train_loss 2.6248 | lr 2.02e-06
step   1115 | train_loss 2.8302 | lr 2.01e-06
step   1116 | train_loss 2.4226 | lr 2.01e-06
step   1117 | train_loss 2.7894 | lr 2.00e-06
step   1118 | train_loss 2.8275 | lr 1.99e-06
step   1119 | train_loss 2.3321 | lr 1.99e-06
step   1120 | train_loss 2.7076 | lr 1.98e-06
step   1121 | train_loss 2.5007 | lr 1.97e-06
step   1122 | train_loss 2.7447 | lr 1.97e-06
step   1123 | train_loss 2.5493 | lr 1.96e-06
step   1124 | train_loss 2.6229 | lr 1.95e-06
step   1125 | train_loss 2.6336 | lr 1.95e-06
step   1126 | train_loss 2.3630 | lr 1.94e-06
step   1127 | train_loss 2.4965 | lr 1.93e-06
step   1128 | train_loss 2.4881 | lr 1.93e-06
step   1129 | train_loss 2.6310 | lr 1.92e-06
step   1130 | train_loss 2.8963 | lr 1.92e-06
step   1131 | train_loss 2.2994 | lr 1.91e-06
step   1132 | train_loss 2.6270 | lr 1.90e-06
step   1133 | train_loss 2.5016 | lr 1.90e-06
step   1134 | train_loss 2.4671 | lr 1.89e-06
step   1135 | train_loss 2.0980 | lr 1.88e-06
step   1136 | train_loss 2.7228 | lr 1.88e-06
step   1137 | train_loss 2.3054 | lr 1.87e-06
step   1138 | train_loss 2.8764 | lr 1.87e-06
step   1139 | train_loss 2.6563 | lr 1.86e-06
step   1140 | train_loss 2.6873 | lr 1.85e-06
step   1141 | train_loss 2.6601 | lr 1.85e-06
step   1142 | train_loss 2.4874 | lr 1.84e-06
step   1143 | train_loss 2.7445 | lr 1.84e-06
step   1144 | train_loss 2.3208 | lr 1.83e-06
step   1145 | train_loss 2.5327 | lr 1.82e-06
step   1146 | train_loss 2.6836 | lr 1.82e-06
step   1147 | train_loss 2.3376 | lr 1.81e-06
step   1148 | train_loss 2.2764 | lr 1.81e-06
step   1149 | train_loss 2.3088 | lr 1.80e-06
step   1150 | train_loss 2.4036 | lr 1.79e-06
step   1151 | train_loss 2.2090 | lr 1.79e-06
step   1152 | train_loss 2.6424 | lr 1.78e-06
step   1153 | train_loss 2.4698 | lr 1.78e-06
step   1154 | train_loss 2.2580 | lr 1.77e-06
step   1155 | train_loss 2.5906 | lr 1.76e-06
step   1156 | train_loss 2.4751 | lr 1.76e-06
step   1157 | train_loss 2.6682 | lr 1.75e-06
step   1158 | train_loss 2.4654 | lr 1.75e-06
step   1159 | train_loss 2.2659 | lr 1.74e-06
step   1160 | train_loss 2.4730 | lr 1.74e-06
step   1161 | train_loss 2.3760 | lr 1.73e-06
step   1162 | train_loss 2.6518 | lr 1.72e-06
step   1163 | train_loss 2.6741 | lr 1.72e-06
step   1164 | train_loss 2.3673 | lr 1.71e-06
step   1165 | train_loss 2.5053 | lr 1.71e-06
step   1166 | train_loss 2.1577 | lr 1.70e-06
step   1167 | train_loss 2.7823 | lr 1.70e-06
step   1168 | train_loss 2.6273 | lr 1.69e-06
step   1169 | train_loss 2.6727 | lr 1.69e-06
step   1170 | train_loss 2.7180 | lr 1.68e-06
step   1171 | train_loss 2.4365 | lr 1.67e-06
step   1172 | train_loss 2.4949 | lr 1.67e-06
step   1173 | train_loss 2.6620 | lr 1.66e-06
step   1174 | train_loss 2.4183 | lr 1.66e-06
step   1175 | train_loss 2.4505 | lr 1.65e-06
step   1176 | train_loss 2.4022 | lr 1.65e-06
step   1177 | train_loss 2.3811 | lr 1.64e-06
step   1178 | train_loss 2.5364 | lr 1.64e-06
step   1179 | train_loss 2.7856 | lr 1.63e-06
step   1180 | train_loss 2.4666 | lr 1.63e-06
step   1181 | train_loss 2.1363 | lr 1.62e-06
step   1182 | train_loss 2.6941 | lr 1.62e-06
step   1183 | train_loss 2.7022 | lr 1.61e-06
step   1184 | train_loss 2.6352 | lr 1.60e-06
step   1185 | train_loss 2.7673 | lr 1.60e-06
step   1186 | train_loss 2.7384 | lr 1.59e-06
step   1187 | train_loss 2.4036 | lr 1.59e-06
step   1188 | train_loss 2.3922 | lr 1.58e-06
step   1189 | train_loss 2.5334 | lr 1.58e-06
step   1190 | train_loss 2.4669 | lr 1.57e-06
step   1191 | train_loss 2.3588 | lr 1.57e-06
step   1192 | train_loss 2.4956 | lr 1.56e-06
step   1193 | train_loss 2.3063 | lr 1.56e-06
step   1194 | train_loss 2.9028 | lr 1.55e-06
step   1195 | train_loss 1.9555 | lr 1.55e-06
step   1196 | train_loss 2.4346 | lr 1.54e-06
step   1197 | train_loss 2.2330 | lr 1.54e-06
step   1198 | train_loss 2.4347 | lr 1.53e-06
step   1199 | train_loss 2.8063 | lr 1.53e-06
step   1200 | train_loss 2.4774 | lr 1.52e-06
step   1200 | val_loss 2.7975 | val_ppl 16.40
step   1201 | train_loss 2.6727 | lr 1.52e-06
step   1202 | train_loss 2.6517 | lr 1.51e-06
step   1203 | train_loss 2.1824 | lr 1.51e-06
step   1204 | train_loss 2.5346 | lr 1.50e-06
step   1205 | train_loss 2.5696 | lr 1.50e-06
step   1206 | train_loss 2.3361 | lr 1.50e-06
step   1207 | train_loss 2.6188 | lr 1.49e-06
step   1208 | train_loss 2.7365 | lr 1.49e-06
step   1209 | train_loss 2.2492 | lr 1.48e-06
step   1210 | train_loss 2.7814 | lr 1.48e-06
step   1211 | train_loss 2.6190 | lr 1.47e-06
step   1212 | train_loss 2.5040 | lr 1.47e-06
step   1213 | train_loss 2.3147 | lr 1.46e-06
step   1214 | train_loss 2.4791 | lr 1.46e-06
step   1215 | train_loss 2.5940 | lr 1.45e-06
step   1216 | train_loss 2.5411 | lr 1.45e-06
step   1217 | train_loss 2.7175 | lr 1.44e-06
step   1218 | train_loss 2.5723 | lr 1.44e-06
step   1219 | train_loss 2.5533 | lr 1.44e-06
step   1220 | train_loss 2.6875 | lr 1.43e-06
step   1221 | train_loss 2.4005 | lr 1.43e-06
step   1222 | train_loss 2.5548 | lr 1.42e-06
step   1223 | train_loss 2.4550 | lr 1.42e-06
step   1224 | train_loss 2.9202 | lr 1.41e-06
step   1225 | train_loss 2.2794 | lr 1.41e-06
step   1226 | train_loss 2.4413 | lr 1.40e-06
step   1227 | train_loss 2.5422 | lr 1.40e-06
step   1228 | train_loss 2.1564 | lr 1.40e-06
step   1229 | train_loss 2.3796 | lr 1.39e-06
step   1230 | train_loss 2.3741 | lr 1.39e-06
step   1231 | train_loss 2.5120 | lr 1.38e-06
step   1232 | train_loss 2.7936 | lr 1.38e-06
step   1233 | train_loss 2.8020 | lr 1.38e-06
step   1234 | train_loss 2.3393 | lr 1.37e-06
step   1235 | train_loss 2.8916 | lr 1.37e-06
step   1236 | train_loss 2.7583 | lr 1.36e-06
step   1237 | train_loss 2.4342 | lr 1.36e-06
step   1238 | train_loss 2.4468 | lr 1.35e-06
step   1239 | train_loss 2.9545 | lr 1.35e-06
step   1240 | train_loss 2.5031 | lr 1.35e-06
step   1241 | train_loss 2.4195 | lr 1.34e-06
step   1242 | train_loss 2.6846 | lr 1.34e-06
step   1243 | train_loss 2.5075 | lr 1.33e-06
step   1244 | train_loss 2.6126 | lr 1.33e-06
step   1245 | train_loss 2.3512 | lr 1.33e-06
step   1246 | train_loss 2.8410 | lr 1.32e-06
step   1247 | train_loss 2.3605 | lr 1.32e-06
step   1248 | train_loss 2.3812 | lr 1.32e-06
step   1249 | train_loss 2.4215 | lr 1.31e-06
step   1250 | train_loss 2.4613 | lr 1.31e-06
step   1251 | train_loss 3.0011 | lr 1.30e-06
step   1252 | train_loss 2.4013 | lr 1.30e-06
step   1253 | train_loss 2.3029 | lr 1.30e-06
step   1254 | train_loss 2.7263 | lr 1.29e-06
step   1255 | train_loss 2.3607 | lr 1.29e-06
step   1256 | train_loss 2.4280 | lr 1.29e-06
step   1257 | train_loss 2.4561 | lr 1.28e-06
step   1258 | train_loss 2.6395 | lr 1.28e-06
step   1259 | train_loss 2.4406 | lr 1.27e-06
step   1260 | train_loss 2.2743 | lr 1.27e-06
step   1261 | train_loss 2.4793 | lr 1.27e-06
step   1262 | train_loss 2.6396 | lr 1.26e-06
step   1263 | train_loss 2.5049 | lr 1.26e-06
step   1264 | train_loss 2.1457 | lr 1.26e-06
step   1265 | train_loss 2.7120 | lr 1.25e-06
step   1266 | train_loss 2.4836 | lr 1.25e-06
step   1267 | train_loss 2.8249 | lr 1.25e-06
step   1268 | train_loss 2.2838 | lr 1.24e-06
step   1269 | train_loss 2.3681 | lr 1.24e-06
step   1270 | train_loss 2.2974 | lr 1.24e-06
step   1271 | train_loss 2.3667 | lr 1.23e-06
step   1272 | train_loss 2.3902 | lr 1.23e-06
step   1273 | train_loss 2.8520 | lr 1.23e-06
step   1274 | train_loss 3.0023 | lr 1.22e-06
step   1275 | train_loss 2.4856 | lr 1.22e-06
step   1276 | train_loss 2.2140 | lr 1.22e-06
step   1277 | train_loss 2.4177 | lr 1.21e-06
step   1278 | train_loss 2.3684 | lr 1.21e-06
step   1279 | train_loss 2.3579 | lr 1.21e-06
step   1280 | train_loss 2.4856 | lr 1.20e-06
step   1281 | train_loss 2.3354 | lr 1.20e-06
step   1282 | train_loss 2.7322 | lr 1.20e-06
step   1283 | train_loss 2.4427 | lr 1.20e-06
step   1284 | train_loss 2.4910 | lr 1.19e-06
step   1285 | train_loss 2.5091 | lr 1.19e-06
step   1286 | train_loss 2.4844 | lr 1.19e-06
step   1287 | train_loss 2.7302 | lr 1.18e-06
step   1288 | train_loss 2.3744 | lr 1.18e-06
step   1289 | train_loss 2.6142 | lr 1.18e-06
step   1290 | train_loss 2.5308 | lr 1.17e-06
step   1291 | train_loss 2.6048 | lr 1.17e-06
step   1292 | train_loss 2.6667 | lr 1.17e-06
step   1293 | train_loss 2.0331 | lr 1.17e-06
step   1294 | train_loss 2.4057 | lr 1.16e-06
step   1295 | train_loss 2.5952 | lr 1.16e-06
step   1296 | train_loss 2.3488 | lr 1.16e-06
step   1297 | train_loss 2.5377 | lr 1.16e-06
step   1298 | train_loss 2.0562 | lr 1.15e-06
step   1299 | train_loss 2.4528 | lr 1.15e-06
step   1300 | train_loss 2.6615 | lr 1.15e-06
step   1300 | val_loss 2.7969 | val_ppl 16.39
step   1301 | train_loss 2.4153 | lr 1.14e-06
step   1302 | train_loss 1.9289 | lr 1.14e-06
step   1303 | train_loss 2.5181 | lr 1.14e-06
step   1304 | train_loss 2.2081 | lr 1.14e-06
step   1305 | train_loss 2.6457 | lr 1.13e-06
step   1306 | train_loss 2.5102 | lr 1.13e-06
step   1307 | train_loss 2.3629 | lr 1.13e-06
step   1308 | train_loss 2.3793 | lr 1.13e-06
step   1309 | train_loss 2.5985 | lr 1.12e-06
step   1310 | train_loss 2.4433 | lr 1.12e-06
step   1311 | train_loss 2.6665 | lr 1.12e-06
step   1312 | train_loss 2.1749 | lr 1.12e-06
step   1313 | train_loss 2.4527 | lr 1.11e-06
step   1314 | train_loss 2.3341 | lr 1.11e-06
step   1315 | train_loss 2.7762 | lr 1.11e-06
step   1316 | train_loss 2.4037 | lr 1.11e-06
step   1317 | train_loss 2.1443 | lr 1.11e-06
step   1318 | train_loss 2.6377 | lr 1.10e-06
step   1319 | train_loss 2.5801 | lr 1.10e-06
step   1320 | train_loss 2.6191 | lr 1.10e-06
step   1321 | train_loss 2.2936 | lr 1.10e-06
step   1322 | train_loss 2.5857 | lr 1.09e-06
step   1323 | train_loss 2.3757 | lr 1.09e-06
step   1324 | train_loss 2.5784 | lr 1.09e-06
step   1325 | train_loss 2.0247 | lr 1.09e-06
step   1326 | train_loss 2.5013 | lr 1.09e-06
step   1327 | train_loss 2.4473 | lr 1.08e-06
step   1328 | train_loss 2.7305 | lr 1.08e-06
step   1329 | train_loss 2.2719 | lr 1.08e-06
step   1330 | train_loss 2.3973 | lr 1.08e-06
step   1331 | train_loss 2.6678 | lr 1.08e-06
step   1332 | train_loss 2.9362 | lr 1.07e-06
step   1333 | train_loss 2.6312 | lr 1.07e-06
step   1334 | train_loss 2.4898 | lr 1.07e-06
step   1335 | train_loss 2.6869 | lr 1.07e-06
step   1336 | train_loss 2.4936 | lr 1.07e-06
step   1337 | train_loss 2.4136 | lr 1.07e-06
step   1338 | train_loss 2.4337 | lr 1.06e-06
step   1339 | train_loss 2.6907 | lr 1.06e-06
step   1340 | train_loss 2.4362 | lr 1.06e-06
step   1341 | train_loss 2.6601 | lr 1.06e-06
step   1342 | train_loss 2.4118 | lr 1.06e-06
step   1343 | train_loss 2.5289 | lr 1.06e-06
step   1344 | train_loss 2.6319 | lr 1.05e-06
step   1345 | train_loss 2.8420 | lr 1.05e-06
step   1346 | train_loss 2.6306 | lr 1.05e-06
step   1347 | train_loss 2.3194 | lr 1.05e-06
step   1348 | train_loss 2.4098 | lr 1.05e-06
step   1349 | train_loss 2.5863 | lr 1.05e-06
step   1350 | train_loss 2.2879 | lr 1.04e-06
step   1351 | train_loss 2.2585 | lr 1.04e-06
step   1352 | train_loss 2.5433 | lr 1.04e-06
step   1353 | train_loss 2.5488 | lr 1.04e-06
step   1354 | train_loss 2.4867 | lr 1.04e-06
step   1355 | train_loss 2.8037 | lr 1.04e-06
step   1356 | train_loss 2.0542 | lr 1.04e-06
step   1357 | train_loss 2.5600 | lr 1.03e-06
step   1358 | train_loss 2.4491 | lr 1.03e-06
step   1359 | train_loss 2.3624 | lr 1.03e-06
step   1360 | train_loss 2.5920 | lr 1.03e-06
step   1361 | train_loss 2.5362 | lr 1.03e-06
step   1362 | train_loss 2.5941 | lr 1.03e-06
step   1363 | train_loss 2.6135 | lr 1.03e-06
step   1364 | train_loss 2.4389 | lr 1.03e-06
step   1365 | train_loss 2.3608 | lr 1.03e-06
step   1366 | train_loss 2.2668 | lr 1.02e-06
step   1367 | train_loss 2.6806 | lr 1.02e-06
step   1368 | train_loss 2.6122 | lr 1.02e-06
step   1369 | train_loss 2.4635 | lr 1.02e-06
step   1370 | train_loss 2.6519 | lr 1.02e-06
step   1371 | train_loss 2.4253 | lr 1.02e-06
step   1372 | train_loss 2.1538 | lr 1.02e-06
step   1373 | train_loss 2.3757 | lr 1.02e-06
step   1374 | train_loss 2.3953 | lr 1.02e-06
step   1375 | train_loss 2.9103 | lr 1.02e-06
step   1376 | train_loss 2.2965 | lr 1.01e-06
step   1377 | train_loss 2.5883 | lr 1.01e-06
step   1378 | train_loss 2.2565 | lr 1.01e-06
step   1379 | train_loss 2.4630 | lr 1.01e-06
step   1380 | train_loss 2.0888 | lr 1.01e-06
step   1381 | train_loss 2.5551 | lr 1.01e-06
step   1382 | train_loss 2.7915 | lr 1.01e-06
step   1383 | train_loss 2.2629 | lr 1.01e-06
step   1384 | train_loss 2.5558 | lr 1.01e-06
step   1385 | train_loss 2.4681 | lr 1.01e-06
step   1386 | train_loss 2.1186 | lr 1.01e-06
step   1387 | train_loss 2.4228 | lr 1.01e-06
step   1388 | train_loss 2.2944 | lr 1.01e-06
step   1389 | train_loss 2.7748 | lr 1.01e-06
step   1390 | train_loss 2.3354 | lr 1.01e-06
step   1391 | train_loss 2.5651 | lr 1.00e-06
step   1392 | train_loss 2.7365 | lr 1.00e-06
step   1393 | train_loss 2.6270 | lr 1.00e-06
step   1394 | train_loss 2.5412 | lr 1.00e-06
step   1395 | train_loss 2.5940 | lr 1.00e-06
step   1396 | train_loss 2.3689 | lr 1.00e-06
step   1397 | train_loss 2.6811 | lr 1.00e-06
step   1398 | train_loss 2.2762 | lr 1.00e-06
step   1399 | train_loss 2.4062 | lr 1.00e-06
step   1400 | train_loss 2.6327 | lr 1.00e-06
step   1400 | val_loss 2.7971 | val_ppl 16.40
step   1401 | train_loss 2.5616 | lr 1.00e-06
step   1402 | train_loss 2.9544 | lr 1.00e-06
step   1403 | train_loss 2.5758 | lr 1.00e-06
step   1404 | train_loss 2.6292 | lr 1.00e-06
step   1405 | train_loss 2.5161 | lr 1.00e-06
step   1406 | train_loss 2.2509 | lr 1.00e-06
step   1407 | train_loss 2.2757 | lr 1.00e-06
step   1408 | train_loss 2.5812 | lr 1.00e-06
step   1409 | train_loss 2.7836 | lr 1.00e-06
step   1410 | train_loss 2.7110 | lr 1.00e-06
step   1410 | val_loss 2.7972 | val_ppl 16.40
Saved checkpoint to checkpoints/sft_dolly_3epoch/step_1410.pt
