=== chat sweep 15e6 starting 2026-08-21T23:26:05+05:30 ===
Data: 17,672 train / 367 val examples (1,961 dropped as longer than 1024 tokens)
Model: medium (123,587,328 parameters), initialized from checkpoints/sft_dolly_packed3e5/step_940.pt (step 940)
step      5 | train_loss 2.8145 | lr 3.00e-06
step     10 | train_loss 2.5516 | lr 6.00e-06
step     15 | train_loss 2.5241 | lr 9.00e-06
step     20 | train_loss 2.4792 | lr 1.20e-05
step     25 | train_loss 2.5683 | lr 1.50e-05
step     30 | train_loss 2.4759 | lr 1.50e-05
step     35 | train_loss 2.4002 | lr 1.50e-05
step     40 | train_loss 2.3650 | lr 1.49e-05
step     45 | train_loss 2.2580 | lr 1.48e-05
step     50 | train_loss 2.4010 | lr 1.47e-05
step     50 | val_loss 2.2649 | val_ppl 9.63
step     55 | train_loss 2.1704 | lr 1.46e-05
step     60 | train_loss 2.3378 | lr 1.45e-05
step     65 | train_loss 2.4679 | lr 1.43e-05
step     70 | train_loss 2.1429 | lr 1.42e-05
step     75 | train_loss 2.1532 | lr 1.40e-05
step     80 | train_loss 2.2051 | lr 1.38e-05
step     85 | train_loss 2.2668 | lr 1.35e-05
step     90 | train_loss 2.1547 | lr 1.33e-05
step     95 | train_loss 2.0713 | lr 1.30e-05
step    100 | train_loss 2.2031 | lr 1.27e-05
step    100 | val_loss 2.1736 | val_ppl 8.79
step    105 | train_loss 2.1738 | lr 1.24e-05
step    110 | train_loss 2.0821 | lr 1.21e-05
step    115 | train_loss 2.1397 | lr 1.18e-05
step    120 | train_loss 2.1953 | lr 1.15e-05
step    125 | train_loss 2.2609 | lr 1.11e-05
step    130 | train_loss 2.0331 | lr 1.08e-05
step    135 | train_loss 2.1751 | lr 1.04e-05
step    140 | train_loss 2.1727 | lr 1.00e-05
step    145 | train_loss 2.0778 | lr 9.67e-06
step    150 | train_loss 2.1326 | lr 9.29e-06
step    150 | val_loss 2.1443 | val_ppl 8.54
step    155 | train_loss 2.0747 | lr 8.90e-06
step    160 | train_loss 2.0641 | lr 8.52e-06
step    165 | train_loss 2.2468 | lr 8.13e-06
step    170 | train_loss 2.2268 | lr 7.75e-06
step    175 | train_loss 2.1612 | lr 7.37e-06
step    180 | train_loss 2.3046 | lr 6.99e-06
step    185 | train_loss 2.0966 | lr 6.61e-06
step    190 | train_loss 2.0516 | lr 6.24e-06
step    195 | train_loss 2.1747 | lr 5.87e-06
step    200 | train_loss 2.1324 | lr 5.52e-06
step    200 | val_loss 2.1292 | val_ppl 8.41
step    205 | train_loss 2.1092 | lr 5.17e-06
step    210 | train_loss 2.3309 | lr 4.83e-06
step    215 | train_loss 2.1230 | lr 4.50e-06
step    220 | train_loss 2.1322 | lr 4.19e-06
step    225 | train_loss 1.9655 | lr 3.89e-06
step    230 | train_loss 2.3290 | lr 3.60e-06
step    235 | train_loss 2.2458 | lr 3.33e-06
step    240 | train_loss 2.1304 | lr 3.07e-06
step    245 | train_loss 2.0986 | lr 2.83e-06
step    250 | train_loss 2.1498 | lr 2.61e-06
step    250 | val_loss 2.1220 | val_ppl 8.35
step    255 | train_loss 2.0295 | lr 2.41e-06
step    260 | train_loss 1.9470 | lr 2.23e-06
step    265 | train_loss 2.1298 | lr 2.06e-06
step    270 | train_loss 2.2534 | lr 1.92e-06
step    275 | train_loss 2.2642 | lr 1.80e-06
step    280 | train_loss 2.0668 | lr 1.69e-06
step    285 | train_loss 2.1703 | lr 1.61e-06
step    290 | train_loss 2.3101 | lr 1.55e-06
step    295 | train_loss 2.0281 | lr 1.52e-06
step    300 | train_loss 1.9770 | lr 1.50e-06
step    300 | val_loss 2.1187 | val_ppl 8.32
Saved checkpoint to checkpoints/sft_chat_lr15e6/step_300.pt
=== chat sweep 15e6 done 2026-08-21T23:30:17+05:30; cooling 120s ===
=== chat sweep 4e5 starting 2026-08-21T23:32:17+05:30 ===
Data: 17,672 train / 367 val examples (1,961 dropped as longer than 1024 tokens)
Model: medium (123,587,328 parameters), initialized from checkpoints/sft_dolly_packed3e5/step_940.pt (step 940)
step      5 | train_loss 2.7753 | lr 8.00e-06
step     10 | train_loss 2.4659 | lr 1.60e-05
step     15 | train_loss 2.3985 | lr 2.40e-05
step     20 | train_loss 2.4017 | lr 3.20e-05
step     25 | train_loss 2.3850 | lr 4.00e-05
step     30 | train_loss 2.3218 | lr 4.00e-05
step     35 | train_loss 2.2369 | lr 3.99e-05
step     40 | train_loss 2.2348 | lr 3.98e-05
step     45 | train_loss 2.1421 | lr 3.96e-05
step     50 | train_loss 2.3046 | lr 3.93e-05
step     50 | val_loss 2.1753 | val_ppl 8.80
step     55 | train_loss 2.0897 | lr 3.90e-05
step     60 | train_loss 2.2547 | lr 3.87e-05
step     65 | train_loss 2.3765 | lr 3.82e-05
step     70 | train_loss 2.0932 | lr 3.78e-05
step     75 | train_loss 2.0946 | lr 3.73e-05
step     80 | train_loss 2.1273 | lr 3.67e-05
step     85 | train_loss 2.2019 | lr 3.61e-05
step     90 | train_loss 2.0930 | lr 3.54e-05
step     95 | train_loss 2.0168 | lr 3.47e-05
step    100 | train_loss 2.1557 | lr 3.39e-05
step    100 | val_loss 2.1207 | val_ppl 8.34
step    105 | train_loss 2.1231 | lr 3.32e-05
step    110 | train_loss 2.0189 | lr 3.23e-05
step    115 | train_loss 2.0826 | lr 3.15e-05
step    120 | train_loss 2.1376 | lr 3.06e-05
step    125 | train_loss 2.2202 | lr 2.97e-05
step    130 | train_loss 1.9584 | lr 2.87e-05
step    135 | train_loss 2.1259 | lr 2.78e-05
step    140 | train_loss 2.1176 | lr 2.68e-05
step    145 | train_loss 2.0170 | lr 2.58e-05
step    150 | train_loss 2.0627 | lr 2.48e-05
step    150 | val_loss 2.0938 | val_ppl 8.12
step    155 | train_loss 2.0153 | lr 2.37e-05
step    160 | train_loss 1.9915 | lr 2.27e-05
step    165 | train_loss 2.2018 | lr 2.17e-05
step    170 | train_loss 2.1815 | lr 2.07e-05
step    175 | train_loss 2.1158 | lr 1.96e-05
step    180 | train_loss 2.2570 | lr 1.86e-05
step    185 | train_loss 2.0329 | lr 1.76e-05
step    190 | train_loss 2.0028 | lr 1.66e-05
step    195 | train_loss 2.1296 | lr 1.57e-05
step    200 | train_loss 2.0680 | lr 1.47e-05
step    200 | val_loss 2.0757 | val_ppl 7.97
step    205 | train_loss 2.0546 | lr 1.38e-05
step    210 | train_loss 2.2687 | lr 1.29e-05
step    215 | train_loss 2.0883 | lr 1.20e-05
step    220 | train_loss 2.0918 | lr 1.12e-05
step    225 | train_loss 1.9101 | lr 1.04e-05
step    230 | train_loss 2.2764 | lr 9.60e-06
step    235 | train_loss 2.2003 | lr 8.88e-06
step    240 | train_loss 2.0839 | lr 8.20e-06
step    245 | train_loss 2.0482 | lr 7.56e-06
step    250 | train_loss 2.1134 | lr 6.97e-06
step    250 | val_loss 2.0674 | val_ppl 7.90
step    255 | train_loss 1.9758 | lr 6.43e-06
step    260 | train_loss 1.9051 | lr 5.94e-06
step    265 | train_loss 2.0834 | lr 5.50e-06
step    270 | train_loss 2.1871 | lr 5.12e-06
step    275 | train_loss 2.2115 | lr 4.79e-06
step    280 | train_loss 2.0136 | lr 4.52e-06
step    285 | train_loss 2.1153 | lr 4.30e-06
step    290 | train_loss 2.2534 | lr 4.14e-06
step    295 | train_loss 1.9780 | lr 4.04e-06
step    300 | train_loss 1.9205 | lr 4.00e-06
step    300 | val_loss 2.0630 | val_ppl 7.87
Saved checkpoint to checkpoints/sft_chat_lr4e5/step_300.pt
=== chat sweep 4e5 done 2026-08-21T23:36:27+05:30; cooling 120s ===
=== chat sweep 1e4 starting 2026-08-21T23:38:27+05:30 ===
Data: 17,672 train / 367 val examples (1,961 dropped as longer than 1024 tokens)
Model: medium (123,587,328 parameters), initialized from checkpoints/sft_dolly_packed3e5/step_940.pt (step 940)
step      5 | train_loss 2.7027 | lr 2.00e-05
step     10 | train_loss 2.3664 | lr 4.00e-05
step     15 | train_loss 2.2617 | lr 6.00e-05
step     20 | train_loss 2.3336 | lr 8.00e-05
step     25 | train_loss 2.2790 | lr 1.00e-04
step     30 | train_loss 2.2856 | lr 1.00e-04
step     35 | train_loss 2.1839 | lr 9.98e-05
step     40 | train_loss 2.2162 | lr 9.94e-05
step     45 | train_loss 2.1230 | lr 9.89e-05
step     50 | train_loss 2.2929 | lr 9.83e-05
step     50 | val_loss 2.1583 | val_ppl 8.66
step     55 | train_loss 2.0823 | lr 9.76e-05
step     60 | train_loss 2.2397 | lr 9.66e-05
step     65 | train_loss 2.3475 | lr 9.56e-05
step     70 | train_loss 2.0947 | lr 9.44e-05
step     75 | train_loss 2.0775 | lr 9.31e-05
step     80 | train_loss 2.1016 | lr 9.17e-05
step     85 | train_loss 2.1954 | lr 9.02e-05
step     90 | train_loss 2.0863 | lr 8.85e-05
step     95 | train_loss 2.0003 | lr 8.67e-05
step    100 | train_loss 2.1474 | lr 8.49e-05
step    100 | val_loss 2.1108 | val_ppl 8.25
step    105 | train_loss 2.1151 | lr 8.29e-05
step    110 | train_loss 2.0070 | lr 8.08e-05
step    115 | train_loss 2.0801 | lr 7.87e-05
step    120 | train_loss 2.1220 | lr 7.65e-05
step    125 | train_loss 2.2263 | lr 7.42e-05
step    130 | train_loss 1.9263 | lr 7.18e-05
step    135 | train_loss 2.1139 | lr 6.94e-05
step    140 | train_loss 2.1018 | lr 6.69e-05
step    145 | train_loss 1.9907 | lr 6.44e-05
step    150 | train_loss 2.0428 | lr 6.19e-05
step    150 | val_loss 2.0801 | val_ppl 8.01
step    155 | train_loss 1.9920 | lr 5.94e-05
step    160 | train_loss 1.9492 | lr 5.68e-05
step    165 | train_loss 2.2033 | lr 5.42e-05
step    170 | train_loss 2.1718 | lr 5.17e-05
step    175 | train_loss 2.1002 | lr 4.91e-05
step    180 | train_loss 2.2429 | lr 4.66e-05
step    185 | train_loss 2.0034 | lr 4.41e-05
step    190 | train_loss 1.9878 | lr 4.16e-05
step    195 | train_loss 2.1234 | lr 3.92e-05
step    200 | train_loss 2.0403 | lr 3.68e-05
step    200 | val_loss 2.0560 | val_ppl 7.81
step    205 | train_loss 2.0345 | lr 3.45e-05
step    210 | train_loss 2.2391 | lr 3.22e-05
step    215 | train_loss 2.0825 | lr 3.00e-05
step    220 | train_loss 2.0838 | lr 2.79e-05
step    225 | train_loss 1.8880 | lr 2.59e-05
step    230 | train_loss 2.2568 | lr 2.40e-05
step    235 | train_loss 2.1802 | lr 2.22e-05
step    240 | train_loss 2.0701 | lr 2.05e-05
step    245 | train_loss 2.0265 | lr 1.89e-05
step    250 | train_loss 2.1061 | lr 1.74e-05
step    250 | val_loss 2.0408 | val_ppl 7.70
step    255 | train_loss 1.9533 | lr 1.61e-05
step    260 | train_loss 1.8881 | lr 1.48e-05
step    265 | train_loss 2.0688 | lr 1.38e-05
step    270 | train_loss 2.1483 | lr 1.28e-05
step    275 | train_loss 2.1850 | lr 1.20e-05
step    280 | train_loss 1.9928 | lr 1.13e-05
step    285 | train_loss 2.0823 | lr 1.07e-05
step    290 | train_loss 2.2309 | lr 1.04e-05
step    295 | train_loss 1.9479 | lr 1.01e-05
step    300 | train_loss 1.8919 | lr 1.00e-05
step    300 | val_loss 2.0333 | val_ppl 7.64
Saved checkpoint to checkpoints/sft_chat_lr1e4/step_300.pt
=== chat sweep 1e4 done 2026-08-21T23:42:38+05:30; cooling 120s ===
=== chat sweep complete 2026-08-21T23:44:38+05:30 ===
