Data: 50,868 train / 1,038 val examples (68 dropped as longer than 512 tokens)
Packing: 50,868 examples into 11,220 windows (4.5 per window, 98.8% of positions used)
Model: medium (123,587,328 parameters), initialized from checkpoints/medium/step_20000.pt (step 20000)
step      1 | train_loss 2.5508 | lr 9.09e-07
step      2 | train_loss 2.6096 | lr 1.82e-06
step      3 | train_loss 2.7036 | lr 2.73e-06
step      4 | train_loss 2.6906 | lr 3.64e-06
step      5 | train_loss 2.5638 | lr 4.55e-06
step      6 | train_loss 2.4829 | lr 5.45e-06
step      7 | train_loss 2.4922 | lr 6.36e-06
step      8 | train_loss 2.4893 | lr 7.27e-06
step      9 | train_loss 2.4923 | lr 8.18e-06
step     10 | train_loss 2.4386 | lr 9.09e-06
step     11 | train_loss 2.4465 | lr 1.00e-05
step     12 | train_loss 2.3513 | lr 1.09e-05
step     13 | train_loss 2.3009 | lr 1.18e-05
step     14 | train_loss 2.3713 | lr 1.27e-05
step     15 | train_loss 2.3385 | lr 1.36e-05
step     16 | train_loss 2.3097 | lr 1.45e-05
step     17 | train_loss 2.4327 | lr 1.55e-05
step     18 | train_loss 2.3358 | lr 1.64e-05
step     19 | train_loss 2.2947 | lr 1.73e-05
step     20 | train_loss 2.3402 | lr 1.82e-05
step     21 | train_loss 2.2905 | lr 1.91e-05
step     22 | train_loss 2.3218 | lr 2.00e-05
step     23 | train_loss 2.2728 | lr 2.00e-05
step     24 | train_loss 2.2564 | lr 2.00e-05
step     25 | train_loss 2.3003 | lr 2.00e-05
step     26 | train_loss 2.3632 | lr 2.00e-05
step     27 | train_loss 2.2708 | lr 2.00e-05
step     28 | train_loss 2.2157 | lr 2.00e-05
step     29 | train_loss 2.3383 | lr 2.00e-05
step     30 | train_loss 2.2136 | lr 2.00e-05
step     31 | train_loss 2.2687 | lr 2.00e-05
step     32 | train_loss 2.2146 | lr 2.00e-05
step     33 | train_loss 2.3522 | lr 2.00e-05
step     34 | train_loss 2.2388 | lr 2.00e-05
step     35 | train_loss 2.2041 | lr 1.99e-05
step     36 | train_loss 2.2083 | lr 1.99e-05
step     37 | train_loss 2.1895 | lr 1.99e-05
step     38 | train_loss 2.2011 | lr 1.99e-05
step     39 | train_loss 2.2475 | lr 1.99e-05
step     40 | train_loss 2.2000 | lr 1.99e-05
step     41 | train_loss 2.2557 | lr 1.99e-05
step     42 | train_loss 2.1446 | lr 1.99e-05
step     43 | train_loss 2.2430 | lr 1.98e-05
step     44 | train_loss 2.3055 | lr 1.98e-05
step     45 | train_loss 2.2416 | lr 1.98e-05
step     46 | train_loss 2.1627 | lr 1.98e-05
step     47 | train_loss 2.1974 | lr 1.98e-05
step     48 | train_loss 2.1883 | lr 1.97e-05
step     49 | train_loss 2.2808 | lr 1.97e-05
step     50 | train_loss 2.1365 | lr 1.97e-05
step     50 | val_loss 2.2061 | val_ppl 9.08
step     51 | train_loss 2.2054 | lr 1.97e-05
step     52 | train_loss 2.2633 | lr 1.97e-05
step     53 | train_loss 2.1479 | lr 1.96e-05
step     54 | train_loss 2.2682 | lr 1.96e-05
step     55 | train_loss 2.3083 | lr 1.96e-05
step     56 | train_loss 2.2689 | lr 1.96e-05
step     57 | train_loss 2.3694 | lr 1.95e-05
step     58 | train_loss 2.1747 | lr 1.95e-05
step     59 | train_loss 2.2005 | lr 1.95e-05
step     60 | train_loss 2.2091 | lr 1.94e-05
step     61 | train_loss 2.2572 | lr 1.94e-05
step     62 | train_loss 2.2189 | lr 1.94e-05
step     63 | train_loss 2.2366 | lr 1.93e-05
step     64 | train_loss 2.2433 | lr 1.93e-05
step     65 | train_loss 2.2480 | lr 1.93e-05
step     66 | train_loss 2.1134 | lr 1.92e-05
step     67 | train_loss 2.2664 | lr 1.92e-05
step     68 | train_loss 2.1626 | lr 1.92e-05
step     69 | train_loss 2.3499 | lr 1.91e-05
step     70 | train_loss 2.1717 | lr 1.91e-05
step     71 | train_loss 2.2691 | lr 1.91e-05
step     72 | train_loss 2.1787 | lr 1.90e-05
step     73 | train_loss 2.2647 | lr 1.90e-05
step     74 | train_loss 2.1275 | lr 1.89e-05
step     75 | train_loss 2.2176 | lr 1.89e-05
step     76 | train_loss 2.2549 | lr 1.89e-05
step     77 | train_loss 2.2788 | lr 1.88e-05
step     78 | train_loss 2.2287 | lr 1.88e-05
step     79 | train_loss 2.2055 | lr 1.87e-05
step     80 | train_loss 2.2539 | lr 1.87e-05
step     81 | train_loss 2.0997 | lr 1.86e-05
step     82 | train_loss 2.1880 | lr 1.86e-05
step     83 | train_loss 2.2726 | lr 1.86e-05
step     84 | train_loss 2.1993 | lr 1.85e-05
step     85 | train_loss 2.2261 | lr 1.85e-05
step     86 | train_loss 2.1785 | lr 1.84e-05
step     87 | train_loss 2.2068 | lr 1.84e-05
step     88 | train_loss 2.2135 | lr 1.83e-05
step     89 | train_loss 2.2904 | lr 1.83e-05
step     90 | train_loss 2.1463 | lr 1.82e-05
step     91 | train_loss 2.2636 | lr 1.82e-05
step     92 | train_loss 2.1858 | lr 1.81e-05
step     93 | train_loss 2.1641 | lr 1.81e-05
step     94 | train_loss 2.1611 | lr 1.80e-05
step     95 | train_loss 2.0951 | lr 1.79e-05
step     96 | train_loss 2.3075 | lr 1.79e-05
step     97 | train_loss 2.1840 | lr 1.78e-05
step     98 | train_loss 2.1356 | lr 1.78e-05
step     99 | train_loss 2.1042 | lr 1.77e-05
step    100 | train_loss 2.2675 | lr 1.77e-05
step    100 | val_loss 2.1504 | val_ppl 8.59
step    101 | train_loss 2.2554 | lr 1.76e-05
step    102 | train_loss 2.2088 | lr 1.75e-05
step    103 | train_loss 2.1430 | lr 1.75e-05
step    104 | train_loss 2.1774 | lr 1.74e-05
step    105 | train_loss 2.2548 | lr 1.74e-05
step    106 | train_loss 2.1032 | lr 1.73e-05
step    107 | train_loss 2.1496 | lr 1.72e-05
step    108 | train_loss 2.2269 | lr 1.72e-05
step    109 | train_loss 2.1282 | lr 1.71e-05
step    110 | train_loss 2.2156 | lr 1.71e-05
step    111 | train_loss 2.1643 | lr 1.70e-05
step    112 | train_loss 2.1931 | lr 1.69e-05
step    113 | train_loss 2.2056 | lr 1.69e-05
step    114 | train_loss 2.1670 | lr 1.68e-05
step    115 | train_loss 2.1622 | lr 1.67e-05
step    116 | train_loss 2.1905 | lr 1.67e-05
step    117 | train_loss 2.1868 | lr 1.66e-05
step    118 | train_loss 2.1850 | lr 1.65e-05
step    119 | train_loss 2.1314 | lr 1.65e-05
step    120 | train_loss 2.2019 | lr 1.64e-05
step    121 | train_loss 2.1602 | lr 1.63e-05
step    122 | train_loss 2.1539 | lr 1.62e-05
step    123 | train_loss 2.1896 | lr 1.62e-05
step    124 | train_loss 2.2277 | lr 1.61e-05
step    125 | train_loss 2.1320 | lr 1.60e-05
step    126 | train_loss 2.0928 | lr 1.60e-05
step    127 | train_loss 2.1948 | lr 1.59e-05
step    128 | train_loss 2.1850 | lr 1.58e-05
step    129 | train_loss 2.1696 | lr 1.57e-05
step    130 | train_loss 2.1448 | lr 1.57e-05
step    131 | train_loss 2.0794 | lr 1.56e-05
step    132 | train_loss 2.1194 | lr 1.55e-05
step    133 | train_loss 2.2600 | lr 1.55e-05
step    134 | train_loss 2.1000 | lr 1.54e-05
step    135 | train_loss 2.0618 | lr 1.53e-05
step    136 | train_loss 2.2262 | lr 1.52e-05
step    137 | train_loss 2.1148 | lr 1.51e-05
step    138 | train_loss 2.1976 | lr 1.51e-05
step    139 | train_loss 2.2436 | lr 1.50e-05
step    140 | train_loss 2.1716 | lr 1.49e-05
step    141 | train_loss 2.1728 | lr 1.48e-05
step    142 | train_loss 2.0660 | lr 1.48e-05
step    143 | train_loss 2.1803 | lr 1.47e-05
step    144 | train_loss 2.2292 | lr 1.46e-05
step    145 | train_loss 2.1743 | lr 1.45e-05
step    146 | train_loss 2.1466 | lr 1.44e-05
step    147 | train_loss 2.1772 | lr 1.44e-05
step    148 | train_loss 2.0874 | lr 1.43e-05
step    149 | train_loss 2.0485 | lr 1.42e-05
step    150 | train_loss 2.1413 | lr 1.41e-05
step    150 | val_loss 2.1243 | val_ppl 8.37
step    151 | train_loss 2.1045 | lr 1.40e-05
step    152 | train_loss 2.3152 | lr 1.40e-05
step    153 | train_loss 2.1434 | lr 1.39e-05
step    154 | train_loss 2.1251 | lr 1.38e-05
step    155 | train_loss 2.0747 | lr 1.37e-05
step    156 | train_loss 2.0699 | lr 1.36e-05
step    157 | train_loss 2.1499 | lr 1.36e-05
step    158 | train_loss 2.1475 | lr 1.35e-05
step    159 | train_loss 2.0793 | lr 1.34e-05
step    160 | train_loss 2.1216 | lr 1.33e-05
step    161 | train_loss 2.2215 | lr 1.32e-05
step    162 | train_loss 2.2037 | lr 1.31e-05
step    163 | train_loss 2.1368 | lr 1.31e-05
step    164 | train_loss 2.1021 | lr 1.30e-05
step    165 | train_loss 2.1146 | lr 1.29e-05
step    166 | train_loss 2.2085 | lr 1.28e-05
step    167 | train_loss 2.0322 | lr 1.27e-05
step    168 | train_loss 2.1273 | lr 1.26e-05
step    169 | train_loss 2.1083 | lr 1.25e-05
step    170 | train_loss 2.1314 | lr 1.25e-05
step    171 | train_loss 2.1621 | lr 1.24e-05
step    172 | train_loss 2.0851 | lr 1.23e-05
step    173 | train_loss 2.0678 | lr 1.22e-05
step    174 | train_loss 2.1580 | lr 1.21e-05
step    175 | train_loss 2.1818 | lr 1.20e-05
Saved checkpoint to checkpoints/sft_alpaca_packed_20/step_175.pt
step    176 | train_loss 2.0845 | lr 1.19e-05
step    177 | train_loss 2.1193 | lr 1.19e-05
step    178 | train_loss 2.2543 | lr 1.18e-05
step    179 | train_loss 2.1313 | lr 1.17e-05
step    180 | train_loss 2.1562 | lr 1.16e-05
step    181 | train_loss 2.1022 | lr 1.15e-05
step    182 | train_loss 2.0600 | lr 1.14e-05
step    183 | train_loss 2.1768 | lr 1.13e-05
step    184 | train_loss 2.1892 | lr 1.13e-05
step    185 | train_loss 2.1662 | lr 1.12e-05
step    186 | train_loss 2.0969 | lr 1.11e-05
step    187 | train_loss 2.1010 | lr 1.10e-05
step    188 | train_loss 2.1030 | lr 1.09e-05
step    189 | train_loss 2.0772 | lr 1.08e-05
step    190 | train_loss 2.1321 | lr 1.07e-05
step    191 | train_loss 2.0806 | lr 1.07e-05
step    192 | train_loss 2.0634 | lr 1.06e-05
step    193 | train_loss 2.0622 | lr 1.05e-05
step    194 | train_loss 2.1847 | lr 1.04e-05
step    195 | train_loss 2.1978 | lr 1.03e-05
step    196 | train_loss 2.0847 | lr 1.02e-05
step    197 | train_loss 2.1073 | lr 1.01e-05
step    198 | train_loss 2.1012 | lr 1.01e-05
step    199 | train_loss 2.1677 | lr 9.97e-06
step    200 | train_loss 2.2198 | lr 9.88e-06
step    200 | val_loss 2.1096 | val_ppl 8.24
step    201 | train_loss 2.1383 | lr 9.80e-06
step    202 | train_loss 2.2259 | lr 9.71e-06
step    203 | train_loss 2.0522 | lr 9.63e-06
step    204 | train_loss 2.0729 | lr 9.54e-06
step    205 | train_loss 2.1028 | lr 9.46e-06
step    206 | train_loss 2.1220 | lr 9.37e-06
step    207 | train_loss 2.0913 | lr 9.29e-06
step    208 | train_loss 2.1023 | lr 9.20e-06
step    209 | train_loss 2.1284 | lr 9.12e-06
step    210 | train_loss 2.1292 | lr 9.03e-06
step    211 | train_loss 2.0918 | lr 8.95e-06
step    212 | train_loss 2.1234 | lr 8.87e-06
step    213 | train_loss 2.1894 | lr 8.78e-06
step    214 | train_loss 2.2118 | lr 8.70e-06
step    215 | train_loss 2.0733 | lr 8.62e-06
step    216 | train_loss 2.1438 | lr 8.53e-06
step    217 | train_loss 2.0837 | lr 8.45e-06
step    218 | train_loss 2.1283 | lr 8.37e-06
step    219 | train_loss 2.2321 | lr 8.28e-06
step    220 | train_loss 1.9772 | lr 8.20e-06
step    221 | train_loss 2.2159 | lr 8.12e-06
step    222 | train_loss 2.1005 | lr 8.04e-06
step    223 | train_loss 2.0818 | lr 7.96e-06
step    224 | train_loss 2.1270 | lr 7.88e-06
step    225 | train_loss 2.1848 | lr 7.80e-06
step    226 | train_loss 2.0202 | lr 7.72e-06
step    227 | train_loss 2.1040 | lr 7.64e-06
step    228 | train_loss 2.1624 | lr 7.56e-06
step    229 | train_loss 2.0580 | lr 7.48e-06
step    230 | train_loss 2.1543 | lr 7.40e-06
step    231 | train_loss 2.0222 | lr 7.32e-06
step    232 | train_loss 2.0909 | lr 7.24e-06
step    233 | train_loss 1.9576 | lr 7.16e-06
step    234 | train_loss 2.0507 | lr 7.08e-06
step    235 | train_loss 2.1459 | lr 7.01e-06
step    236 | train_loss 2.0981 | lr 6.93e-06
step    237 | train_loss 2.2083 | lr 6.85e-06
step    238 | train_loss 2.1973 | lr 6.78e-06
step    239 | train_loss 2.0135 | lr 6.70e-06
step    240 | train_loss 2.0997 | lr 6.62e-06
step    241 | train_loss 2.1693 | lr 6.55e-06
step    242 | train_loss 2.0480 | lr 6.48e-06
step    243 | train_loss 2.1394 | lr 6.40e-06
step    244 | train_loss 2.1434 | lr 6.33e-06
step    245 | train_loss 2.1579 | lr 6.25e-06
step    246 | train_loss 2.1363 | lr 6.18e-06
step    247 | train_loss 2.1035 | lr 6.11e-06
step    248 | train_loss 2.0585 | lr 6.04e-06
step    249 | train_loss 2.1527 | lr 5.96e-06
step    250 | train_loss 2.1638 | lr 5.89e-06
step    250 | val_loss 2.0986 | val_ppl 8.16
step    251 | train_loss 2.1415 | lr 5.82e-06
step    252 | train_loss 2.1033 | lr 5.75e-06
step    253 | train_loss 2.1005 | lr 5.68e-06
step    254 | train_loss 2.1314 | lr 5.61e-06
step    255 | train_loss 2.1682 | lr 5.54e-06
step    256 | train_loss 2.0551 | lr 5.48e-06
step    257 | train_loss 2.0908 | lr 5.41e-06
step    258 | train_loss 2.1137 | lr 5.34e-06
step    259 | train_loss 2.1490 | lr 5.27e-06
step    260 | train_loss 2.1466 | lr 5.21e-06
step    261 | train_loss 2.1633 | lr 5.14e-06
step    262 | train_loss 2.1054 | lr 5.08e-06
step    263 | train_loss 1.9932 | lr 5.01e-06
step    264 | train_loss 2.1493 | lr 4.95e-06
step    265 | train_loss 2.0879 | lr 4.88e-06
step    266 | train_loss 2.2066 | lr 4.82e-06
step    267 | train_loss 2.0288 | lr 4.76e-06
step    268 | train_loss 2.0641 | lr 4.70e-06
step    269 | train_loss 2.0106 | lr 4.64e-06
step    270 | train_loss 2.1999 | lr 4.58e-06
step    271 | train_loss 2.1393 | lr 4.52e-06
step    272 | train_loss 2.1219 | lr 4.46e-06
step    273 | train_loss 2.0881 | lr 4.40e-06
step    274 | train_loss 2.1523 | lr 4.34e-06
step    275 | train_loss 2.1680 | lr 4.28e-06
step    276 | train_loss 2.1254 | lr 4.22e-06
step    277 | train_loss 2.1055 | lr 4.17e-06
step    278 | train_loss 2.0688 | lr 4.11e-06
step    279 | train_loss 2.0663 | lr 4.06e-06
step    280 | train_loss 2.1736 | lr 4.00e-06
step    281 | train_loss 1.9831 | lr 3.95e-06
step    282 | train_loss 2.1433 | lr 3.89e-06
step    283 | train_loss 2.0866 | lr 3.84e-06
step    284 | train_loss 2.0839 | lr 3.79e-06
step    285 | train_loss 2.1563 | lr 3.74e-06
step    286 | train_loss 2.1954 | lr 3.69e-06
step    287 | train_loss 2.0685 | lr 3.64e-06
step    288 | train_loss 2.1333 | lr 3.59e-06
step    289 | train_loss 2.1475 | lr 3.54e-06
step    290 | train_loss 2.0907 | lr 3.49e-06
step    291 | train_loss 2.0733 | lr 3.45e-06
step    292 | train_loss 2.0725 | lr 3.40e-06
step    293 | train_loss 2.0198 | lr 3.35e-06
step    294 | train_loss 2.1192 | lr 3.31e-06
step    295 | train_loss 2.2065 | lr 3.26e-06
step    296 | train_loss 2.1842 | lr 3.22e-06
step    297 | train_loss 2.1015 | lr 3.18e-06
step    298 | train_loss 2.1238 | lr 3.13e-06
step    299 | train_loss 2.0617 | lr 3.09e-06
step    300 | train_loss 2.0748 | lr 3.05e-06
step    300 | val_loss 2.0942 | val_ppl 8.12
step    301 | train_loss 2.0754 | lr 3.01e-06
step    302 | train_loss 2.1622 | lr 2.97e-06
step    303 | train_loss 2.0595 | lr 2.93e-06
step    304 | train_loss 2.1670 | lr 2.90e-06
step    305 | train_loss 2.1030 | lr 2.86e-06
step    306 | train_loss 2.1526 | lr 2.82e-06
step    307 | train_loss 2.0879 | lr 2.79e-06
step    308 | train_loss 2.1076 | lr 2.75e-06
step    309 | train_loss 2.0456 | lr 2.72e-06
step    310 | train_loss 2.1076 | lr 2.69e-06
step    311 | train_loss 2.1259 | lr 2.65e-06
step    312 | train_loss 2.1280 | lr 2.62e-06
step    313 | train_loss 2.1612 | lr 2.59e-06
step    314 | train_loss 2.0712 | lr 2.56e-06
step    315 | train_loss 1.9787 | lr 2.53e-06
step    316 | train_loss 2.1318 | lr 2.50e-06
step    317 | train_loss 2.0919 | lr 2.47e-06
step    318 | train_loss 2.0793 | lr 2.45e-06
step    319 | train_loss 2.1933 | lr 2.42e-06
step    320 | train_loss 2.0246 | lr 2.39e-06
step    321 | train_loss 2.1271 | lr 2.37e-06
step    322 | train_loss 2.1172 | lr 2.34e-06
step    323 | train_loss 2.1259 | lr 2.32e-06
step    324 | train_loss 2.1238 | lr 2.30e-06
step    325 | train_loss 2.1446 | lr 2.28e-06
step    326 | train_loss 2.2542 | lr 2.26e-06
step    327 | train_loss 2.1107 | lr 2.24e-06
step    328 | train_loss 2.1185 | lr 2.22e-06
step    329 | train_loss 2.0847 | lr 2.20e-06
step    330 | train_loss 2.3270 | lr 2.18e-06
step    331 | train_loss 2.1497 | lr 2.16e-06
step    332 | train_loss 2.2135 | lr 2.15e-06
step    333 | train_loss 2.1383 | lr 2.13e-06
step    334 | train_loss 2.1728 | lr 2.12e-06
step    335 | train_loss 2.2308 | lr 2.11e-06
step    336 | train_loss 2.1438 | lr 2.09e-06
step    337 | train_loss 2.1841 | lr 2.08e-06
step    338 | train_loss 2.2344 | lr 2.07e-06
step    339 | train_loss 2.1209 | lr 2.06e-06
step    340 | train_loss 2.0426 | lr 2.05e-06
step    341 | train_loss 2.0612 | lr 2.04e-06
step    342 | train_loss 2.0914 | lr 2.03e-06
step    343 | train_loss 2.1000 | lr 2.03e-06
step    344 | train_loss 2.1015 | lr 2.02e-06
step    345 | train_loss 2.0780 | lr 2.01e-06
step    346 | train_loss 2.1486 | lr 2.01e-06
step    347 | train_loss 2.2268 | lr 2.01e-06
step    348 | train_loss 2.0641 | lr 2.00e-06
step    349 | train_loss 2.0805 | lr 2.00e-06
step    350 | train_loss 2.0626 | lr 2.00e-06
step    350 | val_loss 2.0912 | val_ppl 8.09
Saved checkpoint to checkpoints/sft_alpaca_packed_20/step_350.pt
