Data: 50,868 train / 1,038 val examples (68 dropped as longer than 512 tokens)
Packing: 50,868 examples into 11,220 windows (4.5 per window, 98.8% of positions used)
Model: medium (123,587,328 parameters), initialized from checkpoints/medium/step_20000.pt (step 20000)
step      1 | train_loss 2.5508 | lr 2.73e-06
step      2 | train_loss 2.5992 | lr 5.45e-06
step      3 | train_loss 2.6710 | lr 8.18e-06
step      4 | train_loss 2.6317 | lr 1.09e-05
step      5 | train_loss 2.4956 | lr 1.36e-05
step      6 | train_loss 2.4240 | lr 1.64e-05
step      7 | train_loss 2.4135 | lr 1.91e-05
step      8 | train_loss 2.4105 | lr 2.18e-05
step      9 | train_loss 2.4120 | lr 2.45e-05
step     10 | train_loss 2.3473 | lr 2.73e-05
step     11 | train_loss 2.3708 | lr 3.00e-05
step     12 | train_loss 2.2788 | lr 3.27e-05
step     13 | train_loss 2.2360 | lr 3.55e-05
step     14 | train_loss 2.3062 | lr 3.82e-05
step     15 | train_loss 2.2860 | lr 4.09e-05
step     16 | train_loss 2.2631 | lr 4.36e-05
step     17 | train_loss 2.3710 | lr 4.64e-05
step     18 | train_loss 2.2792 | lr 4.91e-05
step     19 | train_loss 2.2376 | lr 5.18e-05
step     20 | train_loss 2.2827 | lr 5.45e-05
step     21 | train_loss 2.2241 | lr 5.73e-05
step     22 | train_loss 2.2740 | lr 6.00e-05
step     23 | train_loss 2.2269 | lr 6.00e-05
step     24 | train_loss 2.2010 | lr 6.00e-05
step     25 | train_loss 2.2584 | lr 6.00e-05
step     26 | train_loss 2.3204 | lr 6.00e-05
step     27 | train_loss 2.2277 | lr 6.00e-05
step     28 | train_loss 2.1728 | lr 6.00e-05
step     29 | train_loss 2.2788 | lr 6.00e-05
step     30 | train_loss 2.1530 | lr 5.99e-05
step     31 | train_loss 2.2242 | lr 5.99e-05
step     32 | train_loss 2.1676 | lr 5.99e-05
step     33 | train_loss 2.2945 | lr 5.99e-05
step     34 | train_loss 2.2147 | lr 5.99e-05
step     35 | train_loss 2.1515 | lr 5.98e-05
step     36 | train_loss 2.1535 | lr 5.98e-05
step     37 | train_loss 2.1326 | lr 5.98e-05
step     38 | train_loss 2.1527 | lr 5.97e-05
step     39 | train_loss 2.2082 | lr 5.97e-05
step     40 | train_loss 2.1630 | lr 5.96e-05
step     41 | train_loss 2.2020 | lr 5.96e-05
step     42 | train_loss 2.0932 | lr 5.96e-05
step     43 | train_loss 2.2063 | lr 5.95e-05
step     44 | train_loss 2.2483 | lr 5.95e-05
step     45 | train_loss 2.1848 | lr 5.94e-05
step     46 | train_loss 2.1248 | lr 5.93e-05
step     47 | train_loss 2.1515 | lr 5.93e-05
step     48 | train_loss 2.1462 | lr 5.92e-05
step     49 | train_loss 2.2277 | lr 5.92e-05
step     50 | train_loss 2.0934 | lr 5.91e-05
step     50 | val_loss 2.1544 | val_ppl 8.62
step     51 | train_loss 2.1547 | lr 5.90e-05
step     52 | train_loss 2.2157 | lr 5.90e-05
step     53 | train_loss 2.0905 | lr 5.89e-05
step     54 | train_loss 2.2082 | lr 5.88e-05
step     55 | train_loss 2.2685 | lr 5.87e-05
step     56 | train_loss 2.2311 | lr 5.87e-05
step     57 | train_loss 2.3077 | lr 5.86e-05
step     58 | train_loss 2.1171 | lr 5.85e-05
step     59 | train_loss 2.1535 | lr 5.84e-05
step     60 | train_loss 2.1610 | lr 5.83e-05
step     61 | train_loss 2.2083 | lr 5.82e-05
step     62 | train_loss 2.1737 | lr 5.81e-05
step     63 | train_loss 2.1831 | lr 5.80e-05
step     64 | train_loss 2.1871 | lr 5.79e-05
step     65 | train_loss 2.1937 | lr 5.78e-05
step     66 | train_loss 2.0674 | lr 5.77e-05
step     67 | train_loss 2.2118 | lr 5.76e-05
step     68 | train_loss 2.1107 | lr 5.75e-05
step     69 | train_loss 2.2942 | lr 5.74e-05
step     70 | train_loss 2.1270 | lr 5.73e-05
step     71 | train_loss 2.2202 | lr 5.72e-05
step     72 | train_loss 2.1373 | lr 5.71e-05
step     73 | train_loss 2.2204 | lr 5.70e-05
step     74 | train_loss 2.0779 | lr 5.68e-05
step     75 | train_loss 2.1728 | lr 5.67e-05
step     76 | train_loss 2.2066 | lr 5.66e-05
step     77 | train_loss 2.2412 | lr 5.65e-05
step     78 | train_loss 2.1869 | lr 5.63e-05
step     79 | train_loss 2.1740 | lr 5.62e-05
step     80 | train_loss 2.2116 | lr 5.61e-05
step     81 | train_loss 2.0597 | lr 5.59e-05
step     82 | train_loss 2.1457 | lr 5.58e-05
step     83 | train_loss 2.2378 | lr 5.57e-05
step     84 | train_loss 2.1529 | lr 5.55e-05
step     85 | train_loss 2.1924 | lr 5.54e-05
step     86 | train_loss 2.1321 | lr 5.52e-05
step     87 | train_loss 2.1688 | lr 5.51e-05
step     88 | train_loss 2.1728 | lr 5.49e-05
step     89 | train_loss 2.2536 | lr 5.48e-05
step     90 | train_loss 2.1157 | lr 5.46e-05
step     91 | train_loss 2.2284 | lr 5.45e-05
step     92 | train_loss 2.1508 | lr 5.43e-05
step     93 | train_loss 2.1172 | lr 5.42e-05
step     94 | train_loss 2.1118 | lr 5.40e-05
step     95 | train_loss 2.0418 | lr 5.38e-05
step     96 | train_loss 2.2654 | lr 5.37e-05
step     97 | train_loss 2.1304 | lr 5.35e-05
step     98 | train_loss 2.1050 | lr 5.33e-05
step     99 | train_loss 2.0614 | lr 5.32e-05
step    100 | train_loss 2.2208 | lr 5.30e-05
step    100 | val_loss 2.1072 | val_ppl 8.23
step    101 | train_loss 2.2211 | lr 5.28e-05
step    102 | train_loss 2.1637 | lr 5.26e-05
step    103 | train_loss 2.0968 | lr 5.25e-05
step    104 | train_loss 2.1336 | lr 5.23e-05
step    105 | train_loss 2.2098 | lr 5.21e-05
step    106 | train_loss 2.0720 | lr 5.19e-05
step    107 | train_loss 2.1035 | lr 5.17e-05
step    108 | train_loss 2.1855 | lr 5.15e-05
step    109 | train_loss 2.0918 | lr 5.13e-05
step    110 | train_loss 2.1724 | lr 5.12e-05
step    111 | train_loss 2.1332 | lr 5.10e-05
step    112 | train_loss 2.1441 | lr 5.08e-05
step    113 | train_loss 2.1643 | lr 5.06e-05
step    114 | train_loss 2.1158 | lr 5.04e-05
step    115 | train_loss 2.1087 | lr 5.02e-05
step    116 | train_loss 2.1481 | lr 5.00e-05
step    117 | train_loss 2.1404 | lr 4.98e-05
step    118 | train_loss 2.1339 | lr 4.96e-05
step    119 | train_loss 2.0859 | lr 4.94e-05
step    120 | train_loss 2.1513 | lr 4.92e-05
step    121 | train_loss 2.1151 | lr 4.90e-05
step    122 | train_loss 2.1082 | lr 4.87e-05
step    123 | train_loss 2.1469 | lr 4.85e-05
step    124 | train_loss 2.1754 | lr 4.83e-05
step    125 | train_loss 2.0861 | lr 4.81e-05
step    126 | train_loss 2.0442 | lr 4.79e-05
step    127 | train_loss 2.1522 | lr 4.77e-05
step    128 | train_loss 2.1353 | lr 4.75e-05
step    129 | train_loss 2.1158 | lr 4.72e-05
step    130 | train_loss 2.1079 | lr 4.70e-05
step    131 | train_loss 2.0391 | lr 4.68e-05
step    132 | train_loss 2.0792 | lr 4.66e-05
step    133 | train_loss 2.2270 | lr 4.64e-05
step    134 | train_loss 2.0588 | lr 4.61e-05
step    135 | train_loss 2.0213 | lr 4.59e-05
step    136 | train_loss 2.1769 | lr 4.57e-05
step    137 | train_loss 2.0601 | lr 4.54e-05
step    138 | train_loss 2.1416 | lr 4.52e-05
step    139 | train_loss 2.2225 | lr 4.50e-05
step    140 | train_loss 2.1353 | lr 4.47e-05
step    141 | train_loss 2.1345 | lr 4.45e-05
step    142 | train_loss 2.0316 | lr 4.43e-05
step    143 | train_loss 2.1371 | lr 4.40e-05
step    144 | train_loss 2.1946 | lr 4.38e-05
step    145 | train_loss 2.1282 | lr 4.36e-05
step    146 | train_loss 2.0941 | lr 4.33e-05
step    147 | train_loss 2.1302 | lr 4.31e-05
step    148 | train_loss 2.0332 | lr 4.29e-05
step    149 | train_loss 2.0064 | lr 4.26e-05
step    150 | train_loss 2.0992 | lr 4.24e-05
step    150 | val_loss 2.0793 | val_ppl 8.00
step    151 | train_loss 2.0635 | lr 4.21e-05
step    152 | train_loss 2.2579 | lr 4.19e-05
step    153 | train_loss 2.0967 | lr 4.16e-05
step    154 | train_loss 2.0855 | lr 4.14e-05
step    155 | train_loss 2.0199 | lr 4.11e-05
step    156 | train_loss 2.0238 | lr 4.09e-05
step    157 | train_loss 2.1058 | lr 4.07e-05
step    158 | train_loss 2.0908 | lr 4.04e-05
step    159 | train_loss 2.0324 | lr 4.02e-05
step    160 | train_loss 2.0861 | lr 3.99e-05
step    161 | train_loss 2.1685 | lr 3.97e-05
step    162 | train_loss 2.1557 | lr 3.94e-05
step    163 | train_loss 2.0897 | lr 3.92e-05
step    164 | train_loss 2.0553 | lr 3.89e-05
step    165 | train_loss 2.0519 | lr 3.86e-05
step    166 | train_loss 2.1707 | lr 3.84e-05
step    167 | train_loss 1.9963 | lr 3.81e-05
step    168 | train_loss 2.0794 | lr 3.79e-05
step    169 | train_loss 2.0725 | lr 3.76e-05
step    170 | train_loss 2.0748 | lr 3.74e-05
step    171 | train_loss 2.1087 | lr 3.71e-05
step    172 | train_loss 2.0510 | lr 3.69e-05
step    173 | train_loss 2.0216 | lr 3.66e-05
step    174 | train_loss 2.1171 | lr 3.64e-05
step    175 | train_loss 2.1276 | lr 3.61e-05
Saved checkpoint to checkpoints/sft_alpaca_packed_60/step_175.pt
step    176 | train_loss 2.0444 | lr 3.58e-05
step    177 | train_loss 2.0674 | lr 3.56e-05
step    178 | train_loss 2.1993 | lr 3.53e-05
step    179 | train_loss 2.0752 | lr 3.51e-05
step    180 | train_loss 2.1033 | lr 3.48e-05
step    181 | train_loss 2.0647 | lr 3.46e-05
step    182 | train_loss 2.0106 | lr 3.43e-05
step    183 | train_loss 2.1203 | lr 3.40e-05
step    184 | train_loss 2.1457 | lr 3.38e-05
step    185 | train_loss 2.1277 | lr 3.35e-05
step    186 | train_loss 2.0505 | lr 3.33e-05
step    187 | train_loss 2.0566 | lr 3.30e-05
step    188 | train_loss 2.0612 | lr 3.27e-05
step    189 | train_loss 2.0277 | lr 3.25e-05
step    190 | train_loss 2.0855 | lr 3.22e-05
step    191 | train_loss 2.0253 | lr 3.20e-05
step    192 | train_loss 2.0175 | lr 3.17e-05
step    193 | train_loss 2.0172 | lr 3.14e-05
step    194 | train_loss 2.1456 | lr 3.12e-05
step    195 | train_loss 2.1489 | lr 3.09e-05
step    196 | train_loss 2.0288 | lr 3.07e-05
step    197 | train_loss 2.0432 | lr 3.04e-05
step    198 | train_loss 2.0623 | lr 3.02e-05
step    199 | train_loss 2.1274 | lr 2.99e-05
step    200 | train_loss 2.1776 | lr 2.96e-05
step    200 | val_loss 2.0603 | val_ppl 7.85
step    201 | train_loss 2.0865 | lr 2.94e-05
step    202 | train_loss 2.1577 | lr 2.91e-05
step    203 | train_loss 1.9999 | lr 2.89e-05
step    204 | train_loss 2.0302 | lr 2.86e-05
step    205 | train_loss 2.0437 | lr 2.84e-05
step    206 | train_loss 2.0727 | lr 2.81e-05
step    207 | train_loss 2.0280 | lr 2.79e-05
step    208 | train_loss 2.0581 | lr 2.76e-05
step    209 | train_loss 2.0771 | lr 2.74e-05
step    210 | train_loss 2.0841 | lr 2.71e-05
step    211 | train_loss 2.0410 | lr 2.68e-05
step    212 | train_loss 2.0820 | lr 2.66e-05
step    213 | train_loss 2.1419 | lr 2.63e-05
step    214 | train_loss 2.1504 | lr 2.61e-05
step    215 | train_loss 2.0294 | lr 2.58e-05
step    216 | train_loss 2.0907 | lr 2.56e-05
step    217 | train_loss 2.0237 | lr 2.53e-05
step    218 | train_loss 2.0848 | lr 2.51e-05
step    219 | train_loss 2.1866 | lr 2.49e-05
step    220 | train_loss 1.9073 | lr 2.46e-05
step    221 | train_loss 2.1727 | lr 2.44e-05
step    222 | train_loss 2.0451 | lr 2.41e-05
step    223 | train_loss 2.0424 | lr 2.39e-05
step    224 | train_loss 2.0793 | lr 2.36e-05
step    225 | train_loss 2.1365 | lr 2.34e-05
step    226 | train_loss 1.9661 | lr 2.31e-05
step    227 | train_loss 2.0501 | lr 2.29e-05
step    228 | train_loss 2.1163 | lr 2.27e-05
step    229 | train_loss 1.9995 | lr 2.24e-05
step    230 | train_loss 2.1055 | lr 2.22e-05
step    231 | train_loss 1.9671 | lr 2.20e-05
step    232 | train_loss 2.0382 | lr 2.17e-05
step    233 | train_loss 1.9078 | lr 2.15e-05
step    234 | train_loss 1.9996 | lr 2.13e-05
step    235 | train_loss 2.1025 | lr 2.10e-05
step    236 | train_loss 2.0536 | lr 2.08e-05
step    237 | train_loss 2.1540 | lr 2.06e-05
step    238 | train_loss 2.1329 | lr 2.03e-05
step    239 | train_loss 1.9592 | lr 2.01e-05
step    240 | train_loss 2.0578 | lr 1.99e-05
step    241 | train_loss 2.1226 | lr 1.96e-05
step    242 | train_loss 1.9960 | lr 1.94e-05
step    243 | train_loss 2.0883 | lr 1.92e-05
step    244 | train_loss 2.0977 | lr 1.90e-05
step    245 | train_loss 2.1025 | lr 1.88e-05
step    246 | train_loss 2.0997 | lr 1.85e-05
step    247 | train_loss 2.0475 | lr 1.83e-05
step    248 | train_loss 2.0042 | lr 1.81e-05
step    249 | train_loss 2.0988 | lr 1.79e-05
step    250 | train_loss 2.0832 | lr 1.77e-05
step    250 | val_loss 2.0470 | val_ppl 7.74
step    251 | train_loss 2.0930 | lr 1.75e-05
step    252 | train_loss 2.0522 | lr 1.73e-05
step    253 | train_loss 2.0405 | lr 1.70e-05
step    254 | train_loss 2.0834 | lr 1.68e-05
step    255 | train_loss 2.1134 | lr 1.66e-05
step    256 | train_loss 2.0039 | lr 1.64e-05
step    257 | train_loss 2.0391 | lr 1.62e-05
step    258 | train_loss 2.0590 | lr 1.60e-05
step    259 | train_loss 2.0991 | lr 1.58e-05
step    260 | train_loss 2.0943 | lr 1.56e-05
step    261 | train_loss 2.1157 | lr 1.54e-05
step    262 | train_loss 2.0664 | lr 1.52e-05
step    263 | train_loss 1.9354 | lr 1.50e-05
step    264 | train_loss 2.0962 | lr 1.48e-05
step    265 | train_loss 2.0358 | lr 1.47e-05
step    266 | train_loss 2.1574 | lr 1.45e-05
step    267 | train_loss 1.9761 | lr 1.43e-05
step    268 | train_loss 2.0254 | lr 1.41e-05
step    269 | train_loss 1.9493 | lr 1.39e-05
step    270 | train_loss 2.1339 | lr 1.37e-05
step    271 | train_loss 2.0881 | lr 1.35e-05
step    272 | train_loss 2.0602 | lr 1.34e-05
step    273 | train_loss 2.0356 | lr 1.32e-05
step    274 | train_loss 2.1028 | lr 1.30e-05
step    275 | train_loss 2.1099 | lr 1.28e-05
step    276 | train_loss 2.0570 | lr 1.27e-05
step    277 | train_loss 2.0418 | lr 1.25e-05
step    278 | train_loss 2.0130 | lr 1.23e-05
step    279 | train_loss 2.0164 | lr 1.22e-05
step    280 | train_loss 2.1080 | lr 1.20e-05
step    281 | train_loss 1.9313 | lr 1.18e-05
step    282 | train_loss 2.0930 | lr 1.17e-05
step    283 | train_loss 2.0334 | lr 1.15e-05
step    284 | train_loss 2.0247 | lr 1.14e-05
step    285 | train_loss 2.1089 | lr 1.12e-05
step    286 | train_loss 2.1401 | lr 1.11e-05
step    287 | train_loss 2.0006 | lr 1.09e-05
step    288 | train_loss 2.0639 | lr 1.08e-05
step    289 | train_loss 2.0896 | lr 1.06e-05
step    290 | train_loss 2.0313 | lr 1.05e-05
step    291 | train_loss 2.0157 | lr 1.03e-05
step    292 | train_loss 2.0186 | lr 1.02e-05
step    293 | train_loss 1.9520 | lr 1.01e-05
step    294 | train_loss 2.0497 | lr 9.92e-06
step    295 | train_loss 2.1521 | lr 9.79e-06
step    296 | train_loss 2.1344 | lr 9.66e-06
step    297 | train_loss 2.0527 | lr 9.53e-06
step    298 | train_loss 2.0694 | lr 9.40e-06
step    299 | train_loss 2.0140 | lr 9.28e-06
step    300 | train_loss 2.0218 | lr 9.16e-06
step    300 | val_loss 2.0391 | val_ppl 7.68
step    301 | train_loss 2.0163 | lr 9.04e-06
step    302 | train_loss 2.0955 | lr 8.92e-06
step    303 | train_loss 1.9954 | lr 8.80e-06
step    304 | train_loss 2.1017 | lr 8.69e-06
step    305 | train_loss 2.0471 | lr 8.58e-06
step    306 | train_loss 2.0916 | lr 8.47e-06
step    307 | train_loss 2.0413 | lr 8.36e-06
step    308 | train_loss 2.0391 | lr 8.26e-06
step    309 | train_loss 1.9871 | lr 8.16e-06
step    310 | train_loss 2.0425 | lr 8.06e-06
step    311 | train_loss 2.0360 | lr 7.96e-06
step    312 | train_loss 2.0677 | lr 7.86e-06
step    313 | train_loss 2.1109 | lr 7.77e-06
step    314 | train_loss 2.0094 | lr 7.68e-06
step    315 | train_loss 1.9223 | lr 7.59e-06
step    316 | train_loss 2.0911 | lr 7.50e-06
step    317 | train_loss 2.0446 | lr 7.42e-06
step    318 | train_loss 2.0214 | lr 7.34e-06
step    319 | train_loss 2.1399 | lr 7.26e-06
step    320 | train_loss 1.9698 | lr 7.18e-06
step    321 | train_loss 2.0587 | lr 7.11e-06
step    322 | train_loss 2.0621 | lr 7.03e-06
step    323 | train_loss 2.0684 | lr 6.97e-06
step    324 | train_loss 2.0622 | lr 6.90e-06
step    325 | train_loss 2.0870 | lr 6.83e-06
step    326 | train_loss 2.1963 | lr 6.77e-06
step    327 | train_loss 2.0438 | lr 6.71e-06
step    328 | train_loss 2.0586 | lr 6.65e-06
step    329 | train_loss 2.0301 | lr 6.60e-06
step    330 | train_loss 2.2800 | lr 6.54e-06
step    331 | train_loss 2.0907 | lr 6.49e-06
step    332 | train_loss 2.1712 | lr 6.45e-06
step    333 | train_loss 2.0792 | lr 6.40e-06
step    334 | train_loss 2.0724 | lr 6.36e-06
step    335 | train_loss 2.1826 | lr 6.32e-06
step    336 | train_loss 2.0922 | lr 6.28e-06
step    337 | train_loss 2.1252 | lr 6.24e-06
step    338 | train_loss 2.1827 | lr 6.21e-06
step    339 | train_loss 2.0642 | lr 6.18e-06
step    340 | train_loss 1.9979 | lr 6.15e-06
step    341 | train_loss 2.0023 | lr 6.12e-06
step    342 | train_loss 2.0475 | lr 6.10e-06
step    343 | train_loss 2.0355 | lr 6.08e-06
step    344 | train_loss 2.0550 | lr 6.06e-06
step    345 | train_loss 2.0163 | lr 6.04e-06
step    346 | train_loss 2.0873 | lr 6.03e-06
step    347 | train_loss 2.1761 | lr 6.02e-06
step    348 | train_loss 2.0112 | lr 6.01e-06
step    349 | train_loss 2.0245 | lr 6.00e-06
step    350 | train_loss 2.0119 | lr 6.00e-06
step    350 | val_loss 2.0352 | val_ppl 7.65
Saved checkpoint to checkpoints/sft_alpaca_packed_60/step_350.pt
