Data: 50,868 train / 1,038 val examples (68 dropped as longer than 512 tokens)
Model: medium (123,587,328 parameters), initialized from checkpoints/medium/step_20000.pt (step 20000)
step      1 | train_loss 2.5404 | lr 3.00e-07
step      2 | train_loss 2.7309 | lr 6.00e-07
step      3 | train_loss 2.5727 | lr 9.00e-07
step      4 | train_loss 2.8761 | lr 1.20e-06
step      5 | train_loss 2.5886 | lr 1.50e-06
step      6 | train_loss 2.5992 | lr 1.80e-06
step      7 | train_loss 2.8100 | lr 2.10e-06
step      8 | train_loss 2.5347 | lr 2.40e-06
step      9 | train_loss 2.7050 | lr 2.70e-06
step     10 | train_loss 2.7614 | lr 3.00e-06
step     11 | train_loss 2.8356 | lr 3.30e-06
step     12 | train_loss 2.5378 | lr 3.60e-06
step     13 | train_loss 2.7043 | lr 3.90e-06
step     14 | train_loss 2.7553 | lr 4.20e-06
step     15 | train_loss 2.7780 | lr 4.50e-06
step     16 | train_loss 2.4776 | lr 4.80e-06
step     17 | train_loss 2.7858 | lr 5.10e-06
step     18 | train_loss 2.4239 | lr 5.40e-06
step     19 | train_loss 2.4423 | lr 5.70e-06
step     20 | train_loss 2.5479 | lr 6.00e-06
step     21 | train_loss 2.3105 | lr 6.30e-06
step     22 | train_loss 2.3643 | lr 6.60e-06
step     23 | train_loss 2.4533 | lr 6.90e-06
step     24 | train_loss 2.4839 | lr 7.20e-06
step     25 | train_loss 2.4383 | lr 7.50e-06
step     26 | train_loss 2.3701 | lr 7.80e-06
step     27 | train_loss 2.3820 | lr 8.10e-06
step     28 | train_loss 2.5898 | lr 8.40e-06
step     29 | train_loss 2.2852 | lr 8.70e-06
step     30 | train_loss 2.2778 | lr 9.00e-06
step     31 | train_loss 2.5161 | lr 9.30e-06
step     32 | train_loss 2.3774 | lr 9.60e-06
step     33 | train_loss 2.4181 | lr 9.90e-06
step     34 | train_loss 2.4215 | lr 1.02e-05
step     35 | train_loss 2.3903 | lr 1.05e-05
step     36 | train_loss 2.5022 | lr 1.08e-05
step     37 | train_loss 2.2599 | lr 1.11e-05
step     38 | train_loss 2.3123 | lr 1.14e-05
step     39 | train_loss 2.5176 | lr 1.17e-05
step     40 | train_loss 2.1900 | lr 1.20e-05
step     41 | train_loss 2.3454 | lr 1.23e-05
step     42 | train_loss 2.1615 | lr 1.26e-05
step     43 | train_loss 2.4492 | lr 1.29e-05
step     44 | train_loss 2.2383 | lr 1.32e-05
step     45 | train_loss 2.4994 | lr 1.35e-05
step     46 | train_loss 2.3017 | lr 1.38e-05
step     47 | train_loss 2.3020 | lr 1.41e-05
step     48 | train_loss 2.2210 | lr 1.44e-05
step     49 | train_loss 2.1575 | lr 1.47e-05
step     50 | train_loss 2.3501 | lr 1.50e-05
step     51 | train_loss 2.2829 | lr 1.53e-05
step     52 | train_loss 2.2789 | lr 1.56e-05
step     53 | train_loss 2.1835 | lr 1.59e-05
step     54 | train_loss 2.2875 | lr 1.62e-05
step     55 | train_loss 2.3055 | lr 1.65e-05
step     56 | train_loss 2.2775 | lr 1.68e-05
step     57 | train_loss 2.4530 | lr 1.71e-05
step     58 | train_loss 2.4406 | lr 1.74e-05
step     59 | train_loss 2.2952 | lr 1.77e-05
step     60 | train_loss 2.4624 | lr 1.80e-05
step     61 | train_loss 2.2684 | lr 1.83e-05
step     62 | train_loss 2.1744 | lr 1.86e-05
step     63 | train_loss 2.3192 | lr 1.89e-05
step     64 | train_loss 2.3335 | lr 1.92e-05
step     65 | train_loss 2.2215 | lr 1.95e-05
step     66 | train_loss 2.2564 | lr 1.98e-05
step     67 | train_loss 2.1662 | lr 2.01e-05
step     68 | train_loss 2.2350 | lr 2.04e-05
step     69 | train_loss 2.2290 | lr 2.07e-05
step     70 | train_loss 1.9962 | lr 2.10e-05
step     71 | train_loss 2.1716 | lr 2.13e-05
step     72 | train_loss 2.3136 | lr 2.16e-05
step     73 | train_loss 2.1404 | lr 2.19e-05
step     74 | train_loss 2.2458 | lr 2.22e-05
step     75 | train_loss 2.2260 | lr 2.25e-05
step     76 | train_loss 2.4769 | lr 2.28e-05
step     77 | train_loss 2.1513 | lr 2.31e-05
step     78 | train_loss 2.1344 | lr 2.34e-05
step     79 | train_loss 2.2337 | lr 2.37e-05
step     80 | train_loss 2.1801 | lr 2.40e-05
step     81 | train_loss 2.3846 | lr 2.43e-05
step     82 | train_loss 2.3179 | lr 2.46e-05
step     83 | train_loss 2.1439 | lr 2.49e-05
step     84 | train_loss 2.2797 | lr 2.52e-05
step     85 | train_loss 2.3605 | lr 2.55e-05
step     86 | train_loss 2.3221 | lr 2.58e-05
step     87 | train_loss 2.2895 | lr 2.61e-05
step     88 | train_loss 2.2188 | lr 2.64e-05
step     89 | train_loss 2.0750 | lr 2.67e-05
step     90 | train_loss 2.0850 | lr 2.70e-05
step     91 | train_loss 2.2660 | lr 2.73e-05
step     92 | train_loss 2.2576 | lr 2.76e-05
step     93 | train_loss 2.0428 | lr 2.79e-05
step     94 | train_loss 2.1930 | lr 2.82e-05
step     95 | train_loss 2.0279 | lr 2.85e-05
step     96 | train_loss 2.1600 | lr 2.88e-05
step     97 | train_loss 2.4241 | lr 2.91e-05
step     98 | train_loss 2.2874 | lr 2.94e-05
step     99 | train_loss 2.2553 | lr 2.97e-05
step    100 | train_loss 2.2061 | lr 3.00e-05
step    101 | train_loss 2.3495 | lr 3.00e-05
step    102 | train_loss 2.3963 | lr 3.00e-05
step    103 | train_loss 2.4088 | lr 3.00e-05
step    104 | train_loss 2.3179 | lr 3.00e-05
step    105 | train_loss 2.1945 | lr 3.00e-05
step    106 | train_loss 2.1668 | lr 3.00e-05
step    107 | train_loss 2.2877 | lr 3.00e-05
step    108 | train_loss 2.5060 | lr 3.00e-05
step    109 | train_loss 2.0815 | lr 3.00e-05
step    110 | train_loss 2.2396 | lr 3.00e-05
step    111 | train_loss 2.1222 | lr 3.00e-05
step    112 | train_loss 2.4426 | lr 3.00e-05
step    113 | train_loss 2.5284 | lr 3.00e-05
step    114 | train_loss 2.1821 | lr 3.00e-05
step    115 | train_loss 2.0446 | lr 3.00e-05
step    116 | train_loss 2.4098 | lr 3.00e-05
step    117 | train_loss 2.1754 | lr 3.00e-05
step    118 | train_loss 2.2109 | lr 3.00e-05
step    119 | train_loss 2.2817 | lr 3.00e-05
step    120 | train_loss 2.2525 | lr 3.00e-05
step    121 | train_loss 2.2385 | lr 3.00e-05
step    122 | train_loss 2.4955 | lr 3.00e-05
step    123 | train_loss 2.1349 | lr 3.00e-05
step    124 | train_loss 2.1599 | lr 3.00e-05
step    125 | train_loss 2.2208 | lr 3.00e-05
step    126 | train_loss 2.3177 | lr 3.00e-05
step    127 | train_loss 2.2371 | lr 3.00e-05
step    128 | train_loss 2.2570 | lr 3.00e-05
step    129 | train_loss 2.1119 | lr 3.00e-05
step    130 | train_loss 2.0875 | lr 3.00e-05
step    131 | train_loss 2.3625 | lr 3.00e-05
step    132 | train_loss 2.0599 | lr 3.00e-05
step    133 | train_loss 2.1711 | lr 3.00e-05
step    134 | train_loss 2.0768 | lr 3.00e-05
step    135 | train_loss 2.2951 | lr 3.00e-05
step    136 | train_loss 2.0649 | lr 3.00e-05
step    137 | train_loss 2.0451 | lr 3.00e-05
step    138 | train_loss 2.2774 | lr 3.00e-05
step    139 | train_loss 2.3244 | lr 3.00e-05
step    140 | train_loss 2.2476 | lr 3.00e-05
step    141 | train_loss 2.1509 | lr 3.00e-05
step    142 | train_loss 2.4159 | lr 3.00e-05
step    143 | train_loss 2.1297 | lr 2.99e-05
step    144 | train_loss 2.2187 | lr 2.99e-05
step    145 | train_loss 2.2691 | lr 2.99e-05
step    146 | train_loss 1.9031 | lr 2.99e-05
step    147 | train_loss 2.2819 | lr 2.99e-05
step    148 | train_loss 2.0785 | lr 2.99e-05
step    149 | train_loss 2.1914 | lr 2.99e-05
step    150 | train_loss 2.3355 | lr 2.99e-05
step    151 | train_loss 2.3229 | lr 2.99e-05
step    152 | train_loss 2.0959 | lr 2.99e-05
step    153 | train_loss 2.4778 | lr 2.99e-05
step    154 | train_loss 2.1856 | lr 2.99e-05
step    155 | train_loss 2.2499 | lr 2.99e-05
step    156 | train_loss 2.1998 | lr 2.99e-05
step    157 | train_loss 2.2149 | lr 2.99e-05
step    158 | train_loss 2.1046 | lr 2.99e-05
step    159 | train_loss 2.1401 | lr 2.99e-05
step    160 | train_loss 2.1544 | lr 2.99e-05
step    161 | train_loss 2.2919 | lr 2.99e-05
step    162 | train_loss 1.9861 | lr 2.99e-05
step    163 | train_loss 2.2065 | lr 2.99e-05
step    164 | train_loss 2.3576 | lr 2.99e-05
step    165 | train_loss 2.3279 | lr 2.99e-05
step    166 | train_loss 2.0429 | lr 2.99e-05
step    167 | train_loss 2.3548 | lr 2.99e-05
step    168 | train_loss 2.1685 | lr 2.99e-05
step    169 | train_loss 2.1829 | lr 2.99e-05
step    170 | train_loss 2.2134 | lr 2.99e-05
step    171 | train_loss 2.0457 | lr 2.99e-05
step    172 | train_loss 2.1707 | lr 2.99e-05
step    173 | train_loss 2.1435 | lr 2.98e-05
step    174 | train_loss 2.2226 | lr 2.98e-05
step    175 | train_loss 2.1044 | lr 2.98e-05
step    176 | train_loss 2.3148 | lr 2.98e-05
step    177 | train_loss 2.1425 | lr 2.98e-05
step    178 | train_loss 2.2751 | lr 2.98e-05
step    179 | train_loss 2.2286 | lr 2.98e-05
step    180 | train_loss 2.3869 | lr 2.98e-05
step    181 | train_loss 2.1785 | lr 2.98e-05
step    182 | train_loss 2.4902 | lr 2.98e-05
step    183 | train_loss 2.2112 | lr 2.98e-05
step    184 | train_loss 2.2340 | lr 2.98e-05
step    185 | train_loss 2.0792 | lr 2.98e-05
step    186 | train_loss 2.0507 | lr 2.98e-05
step    187 | train_loss 2.2791 | lr 2.98e-05
step    188 | train_loss 2.0969 | lr 2.98e-05
step    189 | train_loss 2.2488 | lr 2.98e-05
step    190 | train_loss 2.3000 | lr 2.98e-05
step    191 | train_loss 2.1711 | lr 2.98e-05
step    192 | train_loss 2.4830 | lr 2.98e-05
step    193 | train_loss 2.0653 | lr 2.98e-05
step    194 | train_loss 2.2716 | lr 2.97e-05
step    195 | train_loss 2.2356 | lr 2.97e-05
step    196 | train_loss 2.0212 | lr 2.97e-05
step    197 | train_loss 2.1133 | lr 2.97e-05
step    198 | train_loss 2.0513 | lr 2.97e-05
step    199 | train_loss 2.2497 | lr 2.97e-05
step    200 | train_loss 2.2032 | lr 2.97e-05
step    200 | val_loss 2.1663 | val_ppl 8.73
step    201 | train_loss 2.3024 | lr 2.97e-05
step    202 | train_loss 1.9197 | lr 2.97e-05
step    203 | train_loss 2.1647 | lr 2.97e-05
step    204 | train_loss 2.4579 | lr 2.97e-05
step    205 | train_loss 2.2114 | lr 2.97e-05
step    206 | train_loss 2.4637 | lr 2.97e-05
step    207 | train_loss 2.0811 | lr 2.97e-05
step    208 | train_loss 2.0429 | lr 2.97e-05
step    209 | train_loss 2.0560 | lr 2.97e-05
step    210 | train_loss 2.0589 | lr 2.96e-05
step    211 | train_loss 1.9908 | lr 2.96e-05
step    212 | train_loss 2.0913 | lr 2.96e-05
step    213 | train_loss 2.1229 | lr 2.96e-05
step    214 | train_loss 2.1563 | lr 2.96e-05
step    215 | train_loss 2.2437 | lr 2.96e-05
step    216 | train_loss 2.2954 | lr 2.96e-05
step    217 | train_loss 2.3136 | lr 2.96e-05
step    218 | train_loss 2.1195 | lr 2.96e-05
step    219 | train_loss 2.1907 | lr 2.96e-05
step    220 | train_loss 2.1650 | lr 2.96e-05
step    221 | train_loss 2.0649 | lr 2.96e-05
step    222 | train_loss 2.1733 | lr 2.96e-05
step    223 | train_loss 2.0616 | lr 2.96e-05
step    224 | train_loss 2.1371 | lr 2.96e-05
step    225 | train_loss 2.0450 | lr 2.95e-05
step    226 | train_loss 2.2936 | lr 2.95e-05
step    227 | train_loss 2.2746 | lr 2.95e-05
step    228 | train_loss 2.1762 | lr 2.95e-05
step    229 | train_loss 2.2036 | lr 2.95e-05
step    230 | train_loss 2.1737 | lr 2.95e-05
step    231 | train_loss 2.3614 | lr 2.95e-05
step    232 | train_loss 2.1079 | lr 2.95e-05
step    233 | train_loss 1.9951 | lr 2.95e-05
step    234 | train_loss 2.2636 | lr 2.95e-05
step    235 | train_loss 2.1708 | lr 2.95e-05
step    236 | train_loss 2.0562 | lr 2.95e-05
step    237 | train_loss 2.4604 | lr 2.95e-05
step    238 | train_loss 1.9686 | lr 2.94e-05
step    239 | train_loss 2.2176 | lr 2.94e-05
step    240 | train_loss 2.2595 | lr 2.94e-05
step    241 | train_loss 2.0813 | lr 2.94e-05
step    242 | train_loss 2.0834 | lr 2.94e-05
step    243 | train_loss 2.4816 | lr 2.94e-05
step    244 | train_loss 2.1125 | lr 2.94e-05
step    245 | train_loss 2.1349 | lr 2.94e-05
step    246 | train_loss 2.2387 | lr 2.94e-05
step    247 | train_loss 2.1288 | lr 2.94e-05
step    248 | train_loss 2.3801 | lr 2.94e-05
step    249 | train_loss 2.0256 | lr 2.94e-05
step    250 | train_loss 2.1103 | lr 2.93e-05
step    251 | train_loss 2.2321 | lr 2.93e-05
step    252 | train_loss 2.1051 | lr 2.93e-05
step    253 | train_loss 2.0812 | lr 2.93e-05
step    254 | train_loss 2.0019 | lr 2.93e-05
step    255 | train_loss 2.3146 | lr 2.93e-05
step    256 | train_loss 2.1700 | lr 2.93e-05
step    257 | train_loss 2.2589 | lr 2.93e-05
step    258 | train_loss 2.4585 | lr 2.93e-05
step    259 | train_loss 2.1050 | lr 2.93e-05
step    260 | train_loss 2.1412 | lr 2.93e-05
step    261 | train_loss 2.1219 | lr 2.92e-05
step    262 | train_loss 2.2005 | lr 2.92e-05
step    263 | train_loss 2.1492 | lr 2.92e-05
step    264 | train_loss 2.4146 | lr 2.92e-05
step    265 | train_loss 2.1162 | lr 2.92e-05
step    266 | train_loss 2.2817 | lr 2.92e-05
step    267 | train_loss 2.0012 | lr 2.92e-05
step    268 | train_loss 2.2481 | lr 2.92e-05
step    269 | train_loss 2.0930 | lr 2.92e-05
step    270 | train_loss 2.1405 | lr 2.92e-05
step    271 | train_loss 2.2986 | lr 2.92e-05
step    272 | train_loss 2.2287 | lr 2.91e-05
step    273 | train_loss 2.1405 | lr 2.91e-05
step    274 | train_loss 2.2499 | lr 2.91e-05
step    275 | train_loss 2.0656 | lr 2.91e-05
step    276 | train_loss 2.0959 | lr 2.91e-05
step    277 | train_loss 1.9994 | lr 2.91e-05
step    278 | train_loss 2.1924 | lr 2.91e-05
step    279 | train_loss 2.0135 | lr 2.91e-05
step    280 | train_loss 2.1766 | lr 2.91e-05
step    281 | train_loss 2.1116 | lr 2.91e-05
step    282 | train_loss 2.3022 | lr 2.90e-05
step    283 | train_loss 2.3959 | lr 2.90e-05
step    284 | train_loss 1.9679 | lr 2.90e-05
step    285 | train_loss 2.0527 | lr 2.90e-05
step    286 | train_loss 2.2570 | lr 2.90e-05
step    287 | train_loss 2.3253 | lr 2.90e-05
step    288 | train_loss 2.1620 | lr 2.90e-05
step    289 | train_loss 1.9434 | lr 2.90e-05
step    290 | train_loss 2.0614 | lr 2.90e-05
step    291 | train_loss 2.2501 | lr 2.89e-05
step    292 | train_loss 2.2422 | lr 2.89e-05
step    293 | train_loss 2.1526 | lr 2.89e-05
step    294 | train_loss 2.3022 | lr 2.89e-05
step    295 | train_loss 2.2905 | lr 2.89e-05
step    296 | train_loss 2.0664 | lr 2.89e-05
step    297 | train_loss 2.0884 | lr 2.89e-05
step    298 | train_loss 1.9723 | lr 2.89e-05
step    299 | train_loss 1.9260 | lr 2.89e-05
step    300 | train_loss 2.1378 | lr 2.88e-05
step    301 | train_loss 2.2840 | lr 2.88e-05
step    302 | train_loss 1.9981 | lr 2.88e-05
step    303 | train_loss 2.0159 | lr 2.88e-05
step    304 | train_loss 2.0172 | lr 2.88e-05
step    305 | train_loss 2.2236 | lr 2.88e-05
step    306 | train_loss 2.1398 | lr 2.88e-05
step    307 | train_loss 2.1323 | lr 2.88e-05
step    308 | train_loss 2.1280 | lr 2.88e-05
step    309 | train_loss 2.2705 | lr 2.87e-05
step    310 | train_loss 2.2261 | lr 2.87e-05
step    311 | train_loss 2.2250 | lr 2.87e-05
step    312 | train_loss 1.8900 | lr 2.87e-05
step    313 | train_loss 2.2489 | lr 2.87e-05
step    314 | train_loss 1.9435 | lr 2.87e-05
step    315 | train_loss 2.1482 | lr 2.87e-05
step    316 | train_loss 2.1850 | lr 2.87e-05
step    317 | train_loss 2.2657 | lr 2.86e-05
step    318 | train_loss 2.1764 | lr 2.86e-05
step    319 | train_loss 2.0579 | lr 2.86e-05
step    320 | train_loss 2.1434 | lr 2.86e-05
step    321 | train_loss 2.1866 | lr 2.86e-05
step    322 | train_loss 2.2144 | lr 2.86e-05
step    323 | train_loss 2.1230 | lr 2.86e-05
step    324 | train_loss 2.0303 | lr 2.86e-05
step    325 | train_loss 2.1509 | lr 2.85e-05
step    326 | train_loss 2.1209 | lr 2.85e-05
step    327 | train_loss 2.0922 | lr 2.85e-05
step    328 | train_loss 2.0414 | lr 2.85e-05
step    329 | train_loss 2.1392 | lr 2.85e-05
step    330 | train_loss 2.5172 | lr 2.85e-05
step    331 | train_loss 2.0146 | lr 2.85e-05
step    332 | train_loss 2.0159 | lr 2.85e-05
step    333 | train_loss 2.0983 | lr 2.84e-05
step    334 | train_loss 2.2100 | lr 2.84e-05
step    335 | train_loss 2.2349 | lr 2.84e-05
step    336 | train_loss 2.1332 | lr 2.84e-05
step    337 | train_loss 2.1705 | lr 2.84e-05
step    338 | train_loss 2.1122 | lr 2.84e-05
step    339 | train_loss 2.2598 | lr 2.84e-05
step    340 | train_loss 1.9873 | lr 2.83e-05
step    341 | train_loss 2.3152 | lr 2.83e-05
step    342 | train_loss 1.9840 | lr 2.83e-05
step    343 | train_loss 2.2749 | lr 2.83e-05
step    344 | train_loss 2.3639 | lr 2.83e-05
step    345 | train_loss 1.9398 | lr 2.83e-05
step    346 | train_loss 2.1628 | lr 2.83e-05
step    347 | train_loss 2.0288 | lr 2.82e-05
step    348 | train_loss 2.1281 | lr 2.82e-05
step    349 | train_loss 2.2428 | lr 2.82e-05
step    350 | train_loss 2.2095 | lr 2.82e-05
step    351 | train_loss 2.1666 | lr 2.82e-05
step    352 | train_loss 2.0713 | lr 2.82e-05
step    353 | train_loss 2.2090 | lr 2.82e-05
step    354 | train_loss 2.1215 | lr 2.81e-05
step    355 | train_loss 2.4794 | lr 2.81e-05
step    356 | train_loss 2.2202 | lr 2.81e-05
step    357 | train_loss 2.0595 | lr 2.81e-05
step    358 | train_loss 2.1006 | lr 2.81e-05
step    359 | train_loss 2.2101 | lr 2.81e-05
step    360 | train_loss 2.1459 | lr 2.81e-05
step    361 | train_loss 2.0528 | lr 2.80e-05
step    362 | train_loss 2.0414 | lr 2.80e-05
step    363 | train_loss 2.2284 | lr 2.80e-05
step    364 | train_loss 2.2124 | lr 2.80e-05
step    365 | train_loss 2.1705 | lr 2.80e-05
step    366 | train_loss 2.0803 | lr 2.80e-05
step    367 | train_loss 2.1437 | lr 2.80e-05
step    368 | train_loss 1.9767 | lr 2.79e-05
step    369 | train_loss 2.2784 | lr 2.79e-05
step    370 | train_loss 2.0178 | lr 2.79e-05
step    371 | train_loss 2.1576 | lr 2.79e-05
step    372 | train_loss 2.1423 | lr 2.79e-05
step    373 | train_loss 2.4317 | lr 2.79e-05
step    374 | train_loss 2.1246 | lr 2.79e-05
step    375 | train_loss 2.1460 | lr 2.78e-05
step    376 | train_loss 1.9536 | lr 2.78e-05
step    377 | train_loss 2.1492 | lr 2.78e-05
step    378 | train_loss 2.1670 | lr 2.78e-05
step    379 | train_loss 2.4918 | lr 2.78e-05
step    380 | train_loss 2.1060 | lr 2.78e-05
step    381 | train_loss 1.8990 | lr 2.77e-05
step    382 | train_loss 2.1081 | lr 2.77e-05
step    383 | train_loss 2.2774 | lr 2.77e-05
step    384 | train_loss 2.0569 | lr 2.77e-05
step    385 | train_loss 2.2579 | lr 2.77e-05
step    386 | train_loss 2.0067 | lr 2.77e-05
step    387 | train_loss 2.3339 | lr 2.76e-05
step    388 | train_loss 2.0613 | lr 2.76e-05
step    389 | train_loss 2.0647 | lr 2.76e-05
step    390 | train_loss 2.2023 | lr 2.76e-05
step    391 | train_loss 1.9649 | lr 2.76e-05
step    392 | train_loss 2.2423 | lr 2.76e-05
step    393 | train_loss 2.2446 | lr 2.76e-05
step    394 | train_loss 2.0376 | lr 2.75e-05
step    395 | train_loss 2.2364 | lr 2.75e-05
step    396 | train_loss 2.1319 | lr 2.75e-05
step    397 | train_loss 2.2016 | lr 2.75e-05
step    398 | train_loss 2.2323 | lr 2.75e-05
step    399 | train_loss 1.9515 | lr 2.75e-05
step    400 | train_loss 2.0880 | lr 2.74e-05
step    400 | val_loss 2.1276 | val_ppl 8.39
step    401 | train_loss 2.1624 | lr 2.74e-05
step    402 | train_loss 2.1277 | lr 2.74e-05
step    403 | train_loss 2.0939 | lr 2.74e-05
step    404 | train_loss 2.0072 | lr 2.74e-05
step    405 | train_loss 2.1629 | lr 2.74e-05
step    406 | train_loss 2.2422 | lr 2.73e-05
step    407 | train_loss 2.0633 | lr 2.73e-05
step    408 | train_loss 1.9960 | lr 2.73e-05
step    409 | train_loss 2.0599 | lr 2.73e-05
step    410 | train_loss 2.1593 | lr 2.73e-05
step    411 | train_loss 2.1991 | lr 2.73e-05
step    412 | train_loss 2.2358 | lr 2.72e-05
step    413 | train_loss 1.9906 | lr 2.72e-05
step    414 | train_loss 2.0958 | lr 2.72e-05
step    415 | train_loss 2.0261 | lr 2.72e-05
step    416 | train_loss 2.2229 | lr 2.72e-05
step    417 | train_loss 2.2687 | lr 2.71e-05
step    418 | train_loss 2.1036 | lr 2.71e-05
step    419 | train_loss 2.0152 | lr 2.71e-05
step    420 | train_loss 2.0948 | lr 2.71e-05
step    421 | train_loss 2.2106 | lr 2.71e-05
step    422 | train_loss 2.1890 | lr 2.71e-05
step    423 | train_loss 2.1342 | lr 2.70e-05
step    424 | train_loss 2.1777 | lr 2.70e-05
step    425 | train_loss 2.1782 | lr 2.70e-05
step    426 | train_loss 2.1193 | lr 2.70e-05
step    427 | train_loss 2.0648 | lr 2.70e-05
step    428 | train_loss 2.0754 | lr 2.70e-05
step    429 | train_loss 1.8127 | lr 2.69e-05
step    430 | train_loss 2.1283 | lr 2.69e-05
step    431 | train_loss 2.2024 | lr 2.69e-05
step    432 | train_loss 2.0553 | lr 2.69e-05
step    433 | train_loss 2.0488 | lr 2.69e-05
step    434 | train_loss 2.0962 | lr 2.68e-05
step    435 | train_loss 2.2714 | lr 2.68e-05
step    436 | train_loss 2.2319 | lr 2.68e-05
step    437 | train_loss 2.1008 | lr 2.68e-05
step    438 | train_loss 2.2359 | lr 2.68e-05
step    439 | train_loss 2.2577 | lr 2.68e-05
step    440 | train_loss 2.0706 | lr 2.67e-05
step    441 | train_loss 2.1734 | lr 2.67e-05
step    442 | train_loss 2.1074 | lr 2.67e-05
step    443 | train_loss 2.0440 | lr 2.67e-05
step    444 | train_loss 1.8769 | lr 2.67e-05
step    445 | train_loss 2.0904 | lr 2.66e-05
step    446 | train_loss 2.1372 | lr 2.66e-05
step    447 | train_loss 2.1782 | lr 2.66e-05
step    448 | train_loss 2.2586 | lr 2.66e-05
step    449 | train_loss 2.2080 | lr 2.66e-05
step    450 | train_loss 2.3193 | lr 2.66e-05
step    451 | train_loss 2.0354 | lr 2.65e-05
step    452 | train_loss 2.0327 | lr 2.65e-05
step    453 | train_loss 2.3214 | lr 2.65e-05
step    454 | train_loss 2.1664 | lr 2.65e-05
step    455 | train_loss 1.9065 | lr 2.65e-05
step    456 | train_loss 2.1773 | lr 2.64e-05
step    457 | train_loss 2.0546 | lr 2.64e-05
step    458 | train_loss 2.2320 | lr 2.64e-05
step    459 | train_loss 1.9036 | lr 2.64e-05
step    460 | train_loss 2.0075 | lr 2.64e-05
step    461 | train_loss 2.0827 | lr 2.63e-05
step    462 | train_loss 2.2013 | lr 2.63e-05
step    463 | train_loss 2.2990 | lr 2.63e-05
step    464 | train_loss 2.1414 | lr 2.63e-05
step    465 | train_loss 2.1191 | lr 2.63e-05
step    466 | train_loss 1.9044 | lr 2.62e-05
step    467 | train_loss 2.1201 | lr 2.62e-05
step    468 | train_loss 2.4476 | lr 2.62e-05
step    469 | train_loss 2.1881 | lr 2.62e-05
step    470 | train_loss 2.3217 | lr 2.62e-05
step    471 | train_loss 2.1972 | lr 2.61e-05
step    472 | train_loss 1.8498 | lr 2.61e-05
step    473 | train_loss 1.9824 | lr 2.61e-05
step    474 | train_loss 2.0103 | lr 2.61e-05
step    475 | train_loss 2.1792 | lr 2.61e-05
step    476 | train_loss 1.9991 | lr 2.60e-05
step    477 | train_loss 2.2376 | lr 2.60e-05
step    478 | train_loss 2.2280 | lr 2.60e-05
step    479 | train_loss 2.1144 | lr 2.60e-05
step    480 | train_loss 2.1690 | lr 2.60e-05
step    481 | train_loss 2.1113 | lr 2.59e-05
step    482 | train_loss 2.3039 | lr 2.59e-05
step    483 | train_loss 1.9948 | lr 2.59e-05
step    484 | train_loss 1.9788 | lr 2.59e-05
step    485 | train_loss 2.0368 | lr 2.59e-05
step    486 | train_loss 2.3396 | lr 2.58e-05
step    487 | train_loss 2.2171 | lr 2.58e-05
step    488 | train_loss 2.2393 | lr 2.58e-05
step    489 | train_loss 2.0703 | lr 2.58e-05
step    490 | train_loss 2.3055 | lr 2.58e-05
step    491 | train_loss 2.1576 | lr 2.57e-05
step    492 | train_loss 2.1360 | lr 2.57e-05
step    493 | train_loss 2.2105 | lr 2.57e-05
step    494 | train_loss 2.0245 | lr 2.57e-05
step    495 | train_loss 2.2527 | lr 2.57e-05
step    496 | train_loss 2.0732 | lr 2.56e-05
step    497 | train_loss 2.0324 | lr 2.56e-05
step    498 | train_loss 2.2367 | lr 2.56e-05
step    499 | train_loss 1.9914 | lr 2.56e-05
step    500 | train_loss 2.0547 | lr 2.56e-05
step    501 | train_loss 2.2632 | lr 2.55e-05
step    502 | train_loss 2.0699 | lr 2.55e-05
step    503 | train_loss 1.9988 | lr 2.55e-05
step    504 | train_loss 2.0019 | lr 2.55e-05
step    505 | train_loss 2.0190 | lr 2.54e-05
step    506 | train_loss 2.0100 | lr 2.54e-05
step    507 | train_loss 2.1273 | lr 2.54e-05
step    508 | train_loss 2.2289 | lr 2.54e-05
step    509 | train_loss 2.0892 | lr 2.54e-05
step    510 | train_loss 2.1714 | lr 2.53e-05
step    511 | train_loss 2.0825 | lr 2.53e-05
step    512 | train_loss 2.0176 | lr 2.53e-05
step    513 | train_loss 2.2495 | lr 2.53e-05
step    514 | train_loss 1.9098 | lr 2.53e-05
step    515 | train_loss 2.2197 | lr 2.52e-05
step    516 | train_loss 2.1377 | lr 2.52e-05
step    517 | train_loss 2.1983 | lr 2.52e-05
step    518 | train_loss 2.2648 | lr 2.52e-05
step    519 | train_loss 2.0448 | lr 2.51e-05
step    520 | train_loss 2.1652 | lr 2.51e-05
step    521 | train_loss 2.2106 | lr 2.51e-05
step    522 | train_loss 1.8578 | lr 2.51e-05
step    523 | train_loss 1.9497 | lr 2.51e-05
step    524 | train_loss 2.2492 | lr 2.50e-05
step    525 | train_loss 2.1238 | lr 2.50e-05
step    526 | train_loss 2.0677 | lr 2.50e-05
step    527 | train_loss 2.1109 | lr 2.50e-05
step    528 | train_loss 2.2100 | lr 2.50e-05
step    529 | train_loss 2.0796 | lr 2.49e-05
step    530 | train_loss 2.0166 | lr 2.49e-05
step    531 | train_loss 2.1071 | lr 2.49e-05
step    532 | train_loss 2.0200 | lr 2.49e-05
step    533 | train_loss 2.2974 | lr 2.48e-05
step    534 | train_loss 2.1112 | lr 2.48e-05
step    535 | train_loss 2.1711 | lr 2.48e-05
step    536 | train_loss 2.2407 | lr 2.48e-05
step    537 | train_loss 2.1473 | lr 2.48e-05
step    538 | train_loss 2.1213 | lr 2.47e-05
step    539 | train_loss 1.9759 | lr 2.47e-05
step    540 | train_loss 2.1003 | lr 2.47e-05
step    541 | train_loss 2.2074 | lr 2.47e-05
step    542 | train_loss 2.3612 | lr 2.46e-05
step    543 | train_loss 2.2682 | lr 2.46e-05
step    544 | train_loss 2.1179 | lr 2.46e-05
step    545 | train_loss 2.2457 | lr 2.46e-05
step    546 | train_loss 2.0762 | lr 2.45e-05
step    547 | train_loss 2.1691 | lr 2.45e-05
step    548 | train_loss 2.1225 | lr 2.45e-05
step    549 | train_loss 2.0841 | lr 2.45e-05
step    550 | train_loss 2.2064 | lr 2.45e-05
step    551 | train_loss 1.9916 | lr 2.44e-05
step    552 | train_loss 2.2602 | lr 2.44e-05
step    553 | train_loss 2.0391 | lr 2.44e-05
step    554 | train_loss 2.0385 | lr 2.44e-05
step    555 | train_loss 2.0627 | lr 2.43e-05
step    556 | train_loss 2.0902 | lr 2.43e-05
step    557 | train_loss 2.1099 | lr 2.43e-05
step    558 | train_loss 2.0870 | lr 2.43e-05
step    559 | train_loss 2.0547 | lr 2.43e-05
step    560 | train_loss 2.0687 | lr 2.42e-05
step    561 | train_loss 2.1754 | lr 2.42e-05
step    562 | train_loss 1.9677 | lr 2.42e-05
step    563 | train_loss 2.1827 | lr 2.42e-05
step    564 | train_loss 2.0672 | lr 2.41e-05
step    565 | train_loss 2.1198 | lr 2.41e-05
step    566 | train_loss 2.2621 | lr 2.41e-05
step    567 | train_loss 2.3541 | lr 2.41e-05
step    568 | train_loss 2.1262 | lr 2.40e-05
step    569 | train_loss 2.0004 | lr 2.40e-05
step    570 | train_loss 1.9834 | lr 2.40e-05
step    571 | train_loss 2.1865 | lr 2.40e-05
step    572 | train_loss 2.1029 | lr 2.39e-05
step    573 | train_loss 2.0206 | lr 2.39e-05
step    574 | train_loss 2.2847 | lr 2.39e-05
step    575 | train_loss 2.1433 | lr 2.39e-05
step    576 | train_loss 2.4395 | lr 2.39e-05
step    577 | train_loss 2.0421 | lr 2.38e-05
step    578 | train_loss 2.0808 | lr 2.38e-05
step    579 | train_loss 2.2165 | lr 2.38e-05
step    580 | train_loss 2.1838 | lr 2.38e-05
step    581 | train_loss 2.1204 | lr 2.37e-05
step    582 | train_loss 2.1359 | lr 2.37e-05
step    583 | train_loss 2.1814 | lr 2.37e-05
step    584 | train_loss 2.1203 | lr 2.37e-05
step    585 | train_loss 2.1420 | lr 2.36e-05
step    586 | train_loss 1.9839 | lr 2.36e-05
step    587 | train_loss 2.1411 | lr 2.36e-05
step    588 | train_loss 2.0472 | lr 2.36e-05
step    589 | train_loss 1.9741 | lr 2.35e-05
step    590 | train_loss 2.0230 | lr 2.35e-05
step    591 | train_loss 2.0232 | lr 2.35e-05
step    592 | train_loss 2.3587 | lr 2.35e-05
step    593 | train_loss 2.2385 | lr 2.34e-05
step    594 | train_loss 2.1158 | lr 2.34e-05
step    595 | train_loss 2.0851 | lr 2.34e-05
step    596 | train_loss 2.2277 | lr 2.34e-05
step    597 | train_loss 2.3989 | lr 2.33e-05
step    598 | train_loss 1.7408 | lr 2.33e-05
step    599 | train_loss 2.1341 | lr 2.33e-05
step    600 | train_loss 2.0380 | lr 2.33e-05
step    600 | val_loss 2.1104 | val_ppl 8.25
step    601 | train_loss 1.9580 | lr 2.32e-05
step    602 | train_loss 2.2199 | lr 2.32e-05
step    603 | train_loss 2.0548 | lr 2.32e-05
step    604 | train_loss 2.2028 | lr 2.32e-05
step    605 | train_loss 2.2102 | lr 2.32e-05
step    606 | train_loss 2.0797 | lr 2.31e-05
step    607 | train_loss 2.0094 | lr 2.31e-05
step    608 | train_loss 2.2882 | lr 2.31e-05
step    609 | train_loss 2.2308 | lr 2.31e-05
step    610 | train_loss 2.1779 | lr 2.30e-05
step    611 | train_loss 1.9528 | lr 2.30e-05
step    612 | train_loss 2.1688 | lr 2.30e-05
step    613 | train_loss 2.1686 | lr 2.30e-05
step    614 | train_loss 2.0188 | lr 2.29e-05
step    615 | train_loss 2.1596 | lr 2.29e-05
step    616 | train_loss 2.1050 | lr 2.29e-05
step    617 | train_loss 2.2548 | lr 2.29e-05
step    618 | train_loss 2.0493 | lr 2.28e-05
step    619 | train_loss 2.2310 | lr 2.28e-05
step    620 | train_loss 2.2248 | lr 2.28e-05
step    621 | train_loss 2.2838 | lr 2.28e-05
step    622 | train_loss 1.8458 | lr 2.27e-05
step    623 | train_loss 2.0964 | lr 2.27e-05
step    624 | train_loss 2.1183 | lr 2.27e-05
step    625 | train_loss 2.2265 | lr 2.27e-05
step    626 | train_loss 2.3901 | lr 2.26e-05
step    627 | train_loss 2.1053 | lr 2.26e-05
step    628 | train_loss 2.1644 | lr 2.26e-05
step    629 | train_loss 2.1060 | lr 2.26e-05
step    630 | train_loss 2.0344 | lr 2.25e-05
step    631 | train_loss 2.1278 | lr 2.25e-05
step    632 | train_loss 2.1428 | lr 2.25e-05
step    633 | train_loss 2.1142 | lr 2.25e-05
step    634 | train_loss 2.1751 | lr 2.24e-05
step    635 | train_loss 1.9980 | lr 2.24e-05
step    636 | train_loss 1.9212 | lr 2.24e-05
step    637 | train_loss 2.1964 | lr 2.24e-05
step    638 | train_loss 2.0340 | lr 2.23e-05
step    639 | train_loss 2.0468 | lr 2.23e-05
step    640 | train_loss 2.2109 | lr 2.23e-05
step    641 | train_loss 2.0861 | lr 2.22e-05
step    642 | train_loss 2.1352 | lr 2.22e-05
step    643 | train_loss 2.0398 | lr 2.22e-05
step    644 | train_loss 2.3786 | lr 2.22e-05
step    645 | train_loss 2.0427 | lr 2.21e-05
step    646 | train_loss 2.1019 | lr 2.21e-05
step    647 | train_loss 2.5160 | lr 2.21e-05
step    648 | train_loss 2.0163 | lr 2.21e-05
step    649 | train_loss 2.1597 | lr 2.20e-05
step    650 | train_loss 2.2049 | lr 2.20e-05
step    651 | train_loss 2.1661 | lr 2.20e-05
step    652 | train_loss 2.0649 | lr 2.20e-05
step    653 | train_loss 2.1688 | lr 2.19e-05
step    654 | train_loss 2.2509 | lr 2.19e-05
step    655 | train_loss 2.1276 | lr 2.19e-05
step    656 | train_loss 2.0481 | lr 2.19e-05
step    657 | train_loss 2.1364 | lr 2.18e-05
step    658 | train_loss 2.0040 | lr 2.18e-05
step    659 | train_loss 2.1518 | lr 2.18e-05
step    660 | train_loss 2.1411 | lr 2.18e-05
step    661 | train_loss 2.1536 | lr 2.17e-05
step    662 | train_loss 1.8700 | lr 2.17e-05
step    663 | train_loss 2.1544 | lr 2.17e-05
step    664 | train_loss 1.9380 | lr 2.17e-05
step    665 | train_loss 2.2710 | lr 2.16e-05
step    666 | train_loss 2.0479 | lr 2.16e-05
step    667 | train_loss 2.1391 | lr 2.16e-05
step    668 | train_loss 2.2688 | lr 2.15e-05
step    669 | train_loss 2.1549 | lr 2.15e-05
step    670 | train_loss 2.1993 | lr 2.15e-05
step    671 | train_loss 1.9720 | lr 2.15e-05
step    672 | train_loss 2.1704 | lr 2.14e-05
step    673 | train_loss 2.3121 | lr 2.14e-05
step    674 | train_loss 2.1423 | lr 2.14e-05
step    675 | train_loss 2.1193 | lr 2.14e-05
step    676 | train_loss 2.0918 | lr 2.13e-05
step    677 | train_loss 2.0990 | lr 2.13e-05
step    678 | train_loss 2.2538 | lr 2.13e-05
step    679 | train_loss 2.3898 | lr 2.13e-05
step    680 | train_loss 1.8466 | lr 2.12e-05
step    681 | train_loss 2.2320 | lr 2.12e-05
step    682 | train_loss 1.9831 | lr 2.12e-05
step    683 | train_loss 2.2040 | lr 2.12e-05
step    684 | train_loss 1.9852 | lr 2.11e-05
step    685 | train_loss 2.1648 | lr 2.11e-05
step    686 | train_loss 2.0941 | lr 2.11e-05
step    687 | train_loss 1.9785 | lr 2.10e-05
step    688 | train_loss 2.1578 | lr 2.10e-05
step    689 | train_loss 2.2823 | lr 2.10e-05
step    690 | train_loss 2.1232 | lr 2.10e-05
step    691 | train_loss 2.1994 | lr 2.09e-05
step    692 | train_loss 2.1440 | lr 2.09e-05
step    693 | train_loss 2.0322 | lr 2.09e-05
step    694 | train_loss 2.2574 | lr 2.09e-05
step    695 | train_loss 2.0886 | lr 2.08e-05
step    696 | train_loss 1.9856 | lr 2.08e-05
step    697 | train_loss 2.0051 | lr 2.08e-05
step    698 | train_loss 1.9346 | lr 2.08e-05
step    699 | train_loss 2.1394 | lr 2.07e-05
step    700 | train_loss 2.0941 | lr 2.07e-05
step    701 | train_loss 2.1078 | lr 2.07e-05
step    702 | train_loss 1.9666 | lr 2.06e-05
step    703 | train_loss 1.9734 | lr 2.06e-05
step    704 | train_loss 1.9060 | lr 2.06e-05
step    705 | train_loss 2.0908 | lr 2.06e-05
step    706 | train_loss 2.1658 | lr 2.05e-05
step    707 | train_loss 1.7106 | lr 2.05e-05
step    708 | train_loss 2.0367 | lr 2.05e-05
step    709 | train_loss 1.9790 | lr 2.05e-05
step    710 | train_loss 2.0810 | lr 2.04e-05
step    711 | train_loss 1.8754 | lr 2.04e-05
step    712 | train_loss 2.0322 | lr 2.04e-05
step    713 | train_loss 2.1803 | lr 2.03e-05
step    714 | train_loss 2.0218 | lr 2.03e-05
step    715 | train_loss 2.3893 | lr 2.03e-05
step    716 | train_loss 1.8395 | lr 2.03e-05
step    717 | train_loss 2.2891 | lr 2.02e-05
step    718 | train_loss 2.0462 | lr 2.02e-05
step    719 | train_loss 2.2714 | lr 2.02e-05
step    720 | train_loss 2.0740 | lr 2.02e-05
step    721 | train_loss 2.2530 | lr 2.01e-05
step    722 | train_loss 1.9633 | lr 2.01e-05
step    723 | train_loss 2.1507 | lr 2.01e-05
step    724 | train_loss 2.2872 | lr 2.00e-05
step    725 | train_loss 2.0099 | lr 2.00e-05
step    726 | train_loss 1.8753 | lr 2.00e-05
step    727 | train_loss 1.9683 | lr 2.00e-05
step    728 | train_loss 2.2716 | lr 1.99e-05
step    729 | train_loss 2.1519 | lr 1.99e-05
step    730 | train_loss 2.1563 | lr 1.99e-05
step    731 | train_loss 1.9617 | lr 1.99e-05
step    732 | train_loss 2.2402 | lr 1.98e-05
step    733 | train_loss 2.0353 | lr 1.98e-05
step    734 | train_loss 2.3747 | lr 1.98e-05
step    735 | train_loss 1.9480 | lr 1.97e-05
step    736 | train_loss 2.3269 | lr 1.97e-05
step    737 | train_loss 2.2188 | lr 1.97e-05
step    738 | train_loss 2.2054 | lr 1.97e-05
step    739 | train_loss 2.3333 | lr 1.96e-05
step    740 | train_loss 2.1231 | lr 1.96e-05
step    741 | train_loss 2.2998 | lr 1.96e-05
step    742 | train_loss 2.2826 | lr 1.96e-05
step    743 | train_loss 2.2048 | lr 1.95e-05
step    744 | train_loss 2.1115 | lr 1.95e-05
step    745 | train_loss 2.1784 | lr 1.95e-05
step    746 | train_loss 2.0455 | lr 1.94e-05
step    747 | train_loss 2.2162 | lr 1.94e-05
step    748 | train_loss 2.2026 | lr 1.94e-05
step    749 | train_loss 2.2289 | lr 1.94e-05
step    750 | train_loss 2.0512 | lr 1.93e-05
step    751 | train_loss 2.1036 | lr 1.93e-05
step    752 | train_loss 2.0200 | lr 1.93e-05
step    753 | train_loss 2.0907 | lr 1.93e-05
step    754 | train_loss 1.9225 | lr 1.92e-05
step    755 | train_loss 1.9188 | lr 1.92e-05
step    756 | train_loss 2.1503 | lr 1.92e-05
step    757 | train_loss 1.9152 | lr 1.91e-05
step    758 | train_loss 2.0803 | lr 1.91e-05
step    759 | train_loss 2.1865 | lr 1.91e-05
step    760 | train_loss 2.1544 | lr 1.91e-05
step    761 | train_loss 2.1500 | lr 1.90e-05
step    762 | train_loss 1.9864 | lr 1.90e-05
step    763 | train_loss 2.0123 | lr 1.90e-05
step    764 | train_loss 2.1000 | lr 1.89e-05
step    765 | train_loss 2.2449 | lr 1.89e-05
step    766 | train_loss 2.0345 | lr 1.89e-05
step    767 | train_loss 2.0073 | lr 1.89e-05
step    768 | train_loss 2.3243 | lr 1.88e-05
step    769 | train_loss 2.1903 | lr 1.88e-05
step    770 | train_loss 2.0744 | lr 1.88e-05
step    771 | train_loss 2.0924 | lr 1.88e-05
step    772 | train_loss 2.3647 | lr 1.87e-05
step    773 | train_loss 2.2356 | lr 1.87e-05
step    774 | train_loss 2.1294 | lr 1.87e-05
step    775 | train_loss 2.2568 | lr 1.86e-05
step    776 | train_loss 2.1454 | lr 1.86e-05
step    777 | train_loss 2.1430 | lr 1.86e-05
step    778 | train_loss 2.1398 | lr 1.86e-05
step    779 | train_loss 2.0529 | lr 1.85e-05
step    780 | train_loss 2.1702 | lr 1.85e-05
step    781 | train_loss 2.3284 | lr 1.85e-05
step    782 | train_loss 2.2881 | lr 1.84e-05
step    783 | train_loss 2.1752 | lr 1.84e-05
step    784 | train_loss 2.0767 | lr 1.84e-05
step    785 | train_loss 2.1530 | lr 1.84e-05
step    786 | train_loss 2.0106 | lr 1.83e-05
step    787 | train_loss 2.1140 | lr 1.83e-05
step    788 | train_loss 1.9289 | lr 1.83e-05
step    789 | train_loss 2.0196 | lr 1.82e-05
step    790 | train_loss 2.4559 | lr 1.82e-05
step    791 | train_loss 2.2165 | lr 1.82e-05
step    792 | train_loss 2.1391 | lr 1.82e-05
step    793 | train_loss 1.9185 | lr 1.81e-05
step    794 | train_loss 2.0383 | lr 1.81e-05
step    795 | train_loss 2.2020 | lr 1.81e-05
step    796 | train_loss 2.1372 | lr 1.81e-05
step    797 | train_loss 2.1961 | lr 1.80e-05
step    798 | train_loss 2.1892 | lr 1.80e-05
step    799 | train_loss 1.9991 | lr 1.80e-05
step    800 | train_loss 2.0145 | lr 1.79e-05
step    800 | val_loss 2.0942 | val_ppl 8.12
Saved checkpoint to checkpoints/sft_alpaca_packed_u30/step_800.pt
step    801 | train_loss 2.2931 | lr 1.79e-05
step    802 | train_loss 2.0207 | lr 1.79e-05
step    803 | train_loss 2.2311 | lr 1.79e-05
step    804 | train_loss 2.2648 | lr 1.78e-05
step    805 | train_loss 1.9699 | lr 1.78e-05
step    806 | train_loss 2.3311 | lr 1.78e-05
step    807 | train_loss 1.8975 | lr 1.77e-05
step    808 | train_loss 2.0889 | lr 1.77e-05
step    809 | train_loss 2.0840 | lr 1.77e-05
step    810 | train_loss 2.1084 | lr 1.77e-05
step    811 | train_loss 2.2534 | lr 1.76e-05
step    812 | train_loss 2.0244 | lr 1.76e-05
step    813 | train_loss 2.0790 | lr 1.76e-05
step    814 | train_loss 2.1842 | lr 1.75e-05
step    815 | train_loss 1.9931 | lr 1.75e-05
step    816 | train_loss 2.0875 | lr 1.75e-05
step    817 | train_loss 2.0272 | lr 1.75e-05
step    818 | train_loss 1.9195 | lr 1.74e-05
step    819 | train_loss 2.0729 | lr 1.74e-05
step    820 | train_loss 2.0146 | lr 1.74e-05
step    821 | train_loss 2.0208 | lr 1.73e-05
step    822 | train_loss 2.2098 | lr 1.73e-05
step    823 | train_loss 2.0855 | lr 1.73e-05
step    824 | train_loss 1.9815 | lr 1.73e-05
step    825 | train_loss 1.9702 | lr 1.72e-05
step    826 | train_loss 2.0122 | lr 1.72e-05
step    827 | train_loss 2.2017 | lr 1.72e-05
step    828 | train_loss 2.1426 | lr 1.72e-05
step    829 | train_loss 2.1073 | lr 1.71e-05
step    830 | train_loss 2.1083 | lr 1.71e-05
step    831 | train_loss 2.3206 | lr 1.71e-05
step    832 | train_loss 2.2809 | lr 1.70e-05
step    833 | train_loss 1.9024 | lr 1.70e-05
step    834 | train_loss 2.2573 | lr 1.70e-05
step    835 | train_loss 2.3841 | lr 1.70e-05
step    836 | train_loss 2.3824 | lr 1.69e-05
step    837 | train_loss 2.1972 | lr 1.69e-05
step    838 | train_loss 2.4170 | lr 1.69e-05
step    839 | train_loss 2.0985 | lr 1.68e-05
step    840 | train_loss 1.9966 | lr 1.68e-05
step    841 | train_loss 2.1989 | lr 1.68e-05
step    842 | train_loss 1.9422 | lr 1.68e-05
step    843 | train_loss 1.9239 | lr 1.67e-05
step    844 | train_loss 2.0655 | lr 1.67e-05
step    845 | train_loss 2.0733 | lr 1.67e-05
step    846 | train_loss 2.0513 | lr 1.66e-05
step    847 | train_loss 2.1501 | lr 1.66e-05
step    848 | train_loss 2.1409 | lr 1.66e-05
step    849 | train_loss 2.2662 | lr 1.66e-05
step    850 | train_loss 2.0349 | lr 1.65e-05
step    851 | train_loss 2.2286 | lr 1.65e-05
step    852 | train_loss 1.9724 | lr 1.65e-05
step    853 | train_loss 2.1224 | lr 1.64e-05
step    854 | train_loss 2.3411 | lr 1.64e-05
step    855 | train_loss 2.1146 | lr 1.64e-05
step    856 | train_loss 2.3372 | lr 1.64e-05
step    857 | train_loss 2.3443 | lr 1.63e-05
step    858 | train_loss 2.3360 | lr 1.63e-05
step    859 | train_loss 2.1302 | lr 1.63e-05
step    860 | train_loss 2.0226 | lr 1.62e-05
step    861 | train_loss 2.1938 | lr 1.62e-05
step    862 | train_loss 2.1997 | lr 1.62e-05
step    863 | train_loss 2.2365 | lr 1.62e-05
step    864 | train_loss 2.0474 | lr 1.61e-05
step    865 | train_loss 2.2271 | lr 1.61e-05
step    866 | train_loss 1.9825 | lr 1.61e-05
step    867 | train_loss 2.0155 | lr 1.60e-05
step    868 | train_loss 2.0713 | lr 1.60e-05
step    869 | train_loss 2.2928 | lr 1.60e-05
step    870 | train_loss 1.8806 | lr 1.60e-05
step    871 | train_loss 1.9860 | lr 1.59e-05
step    872 | train_loss 2.1169 | lr 1.59e-05
step    873 | train_loss 2.1081 | lr 1.59e-05
step    874 | train_loss 2.0890 | lr 1.58e-05
step    875 | train_loss 2.1146 | lr 1.58e-05
step    876 | train_loss 2.0527 | lr 1.58e-05
step    877 | train_loss 2.1440 | lr 1.58e-05
step    878 | train_loss 2.0944 | lr 1.57e-05
step    879 | train_loss 2.2780 | lr 1.57e-05
step    880 | train_loss 2.0423 | lr 1.57e-05
step    881 | train_loss 1.8136 | lr 1.57e-05
step    882 | train_loss 2.1783 | lr 1.56e-05
step    883 | train_loss 1.8910 | lr 1.56e-05
step    884 | train_loss 1.9271 | lr 1.56e-05
step    885 | train_loss 2.2030 | lr 1.55e-05
step    886 | train_loss 2.0038 | lr 1.55e-05
step    887 | train_loss 1.9932 | lr 1.55e-05
step    888 | train_loss 2.0812 | lr 1.55e-05
step    889 | train_loss 2.0614 | lr 1.54e-05
step    890 | train_loss 2.1537 | lr 1.54e-05
step    891 | train_loss 1.9792 | lr 1.54e-05
step    892 | train_loss 2.1690 | lr 1.53e-05
step    893 | train_loss 2.1835 | lr 1.53e-05
step    894 | train_loss 1.9561 | lr 1.53e-05
step    895 | train_loss 2.0864 | lr 1.53e-05
step    896 | train_loss 2.1137 | lr 1.52e-05
step    897 | train_loss 2.3520 | lr 1.52e-05
step    898 | train_loss 2.2211 | lr 1.52e-05
step    899 | train_loss 2.0617 | lr 1.51e-05
step    900 | train_loss 2.3450 | lr 1.51e-05
step    901 | train_loss 2.0780 | lr 1.51e-05
step    902 | train_loss 1.7396 | lr 1.51e-05
step    903 | train_loss 2.0967 | lr 1.50e-05
step    904 | train_loss 2.2042 | lr 1.50e-05
step    905 | train_loss 2.1917 | lr 1.50e-05
step    906 | train_loss 2.0747 | lr 1.49e-05
step    907 | train_loss 2.0113 | lr 1.49e-05
step    908 | train_loss 2.0283 | lr 1.49e-05
step    909 | train_loss 2.0961 | lr 1.49e-05
step    910 | train_loss 1.8303 | lr 1.48e-05
step    911 | train_loss 2.0893 | lr 1.48e-05
step    912 | train_loss 2.3365 | lr 1.48e-05
step    913 | train_loss 2.0755 | lr 1.48e-05
step    914 | train_loss 2.3910 | lr 1.47e-05
step    915 | train_loss 2.0956 | lr 1.47e-05
step    916 | train_loss 2.0592 | lr 1.47e-05
step    917 | train_loss 2.0994 | lr 1.46e-05
step    918 | train_loss 1.9257 | lr 1.46e-05
step    919 | train_loss 2.2806 | lr 1.46e-05
step    920 | train_loss 2.0454 | lr 1.46e-05
step    921 | train_loss 2.0863 | lr 1.45e-05
step    922 | train_loss 2.2120 | lr 1.45e-05
step    923 | train_loss 1.9293 | lr 1.45e-05
step    924 | train_loss 2.3608 | lr 1.44e-05
step    925 | train_loss 2.0437 | lr 1.44e-05
step    926 | train_loss 1.9804 | lr 1.44e-05
step    927 | train_loss 2.2934 | lr 1.44e-05
step    928 | train_loss 2.1261 | lr 1.43e-05
step    929 | train_loss 2.1908 | lr 1.43e-05
step    930 | train_loss 2.1977 | lr 1.43e-05
step    931 | train_loss 1.9399 | lr 1.42e-05
step    932 | train_loss 2.0211 | lr 1.42e-05
step    933 | train_loss 1.9504 | lr 1.42e-05
step    934 | train_loss 1.9633 | lr 1.42e-05
step    935 | train_loss 2.1850 | lr 1.41e-05
step    936 | train_loss 2.0332 | lr 1.41e-05
step    937 | train_loss 2.0661 | lr 1.41e-05
step    938 | train_loss 2.0819 | lr 1.41e-05
step    939 | train_loss 1.8364 | lr 1.40e-05
step    940 | train_loss 1.8717 | lr 1.40e-05
step    941 | train_loss 2.0333 | lr 1.40e-05
step    942 | train_loss 2.0152 | lr 1.39e-05
step    943 | train_loss 2.0750 | lr 1.39e-05
step    944 | train_loss 2.1405 | lr 1.39e-05
step    945 | train_loss 2.2282 | lr 1.39e-05
step    946 | train_loss 1.9399 | lr 1.38e-05
step    947 | train_loss 2.0655 | lr 1.38e-05
step    948 | train_loss 2.2366 | lr 1.38e-05
step    949 | train_loss 2.2188 | lr 1.37e-05
step    950 | train_loss 2.2724 | lr 1.37e-05
step    951 | train_loss 1.9186 | lr 1.37e-05
step    952 | train_loss 2.0153 | lr 1.37e-05
step    953 | train_loss 2.1559 | lr 1.36e-05
step    954 | train_loss 2.1184 | lr 1.36e-05
step    955 | train_loss 2.1111 | lr 1.36e-05
step    956 | train_loss 2.2275 | lr 1.36e-05
step    957 | train_loss 2.1340 | lr 1.35e-05
step    958 | train_loss 2.0599 | lr 1.35e-05
step    959 | train_loss 2.0123 | lr 1.35e-05
step    960 | train_loss 2.3788 | lr 1.34e-05
step    961 | train_loss 2.2241 | lr 1.34e-05
step    962 | train_loss 2.0950 | lr 1.34e-05
step    963 | train_loss 2.0858 | lr 1.34e-05
step    964 | train_loss 2.3232 | lr 1.33e-05
step    965 | train_loss 2.2325 | lr 1.33e-05
step    966 | train_loss 1.9630 | lr 1.33e-05
step    967 | train_loss 2.0429 | lr 1.33e-05
step    968 | train_loss 2.1546 | lr 1.32e-05
step    969 | train_loss 2.3007 | lr 1.32e-05
step    970 | train_loss 2.0538 | lr 1.32e-05
step    971 | train_loss 1.9930 | lr 1.31e-05
step    972 | train_loss 1.8899 | lr 1.31e-05
step    973 | train_loss 2.0524 | lr 1.31e-05
step    974 | train_loss 1.9672 | lr 1.31e-05
step    975 | train_loss 2.0896 | lr 1.30e-05
step    976 | train_loss 2.0454 | lr 1.30e-05
step    977 | train_loss 2.2302 | lr 1.30e-05
step    978 | train_loss 2.1601 | lr 1.30e-05
step    979 | train_loss 2.1159 | lr 1.29e-05
step    980 | train_loss 2.2193 | lr 1.29e-05
step    981 | train_loss 2.2751 | lr 1.29e-05
step    982 | train_loss 2.0402 | lr 1.28e-05
step    983 | train_loss 2.1515 | lr 1.28e-05
step    984 | train_loss 2.0818 | lr 1.28e-05
step    985 | train_loss 1.9682 | lr 1.28e-05
step    986 | train_loss 2.0205 | lr 1.27e-05
step    987 | train_loss 2.1453 | lr 1.27e-05
step    988 | train_loss 2.1619 | lr 1.27e-05
step    989 | train_loss 2.1188 | lr 1.27e-05
step    990 | train_loss 2.1513 | lr 1.26e-05
step    991 | train_loss 2.3110 | lr 1.26e-05
step    992 | train_loss 1.9494 | lr 1.26e-05
step    993 | train_loss 2.0078 | lr 1.25e-05
step    994 | train_loss 2.1524 | lr 1.25e-05
step    995 | train_loss 2.1284 | lr 1.25e-05
step    996 | train_loss 2.1533 | lr 1.25e-05
step    997 | train_loss 2.1553 | lr 1.24e-05
step    998 | train_loss 2.2294 | lr 1.24e-05
step    999 | train_loss 1.9880 | lr 1.24e-05
step   1000 | train_loss 1.8324 | lr 1.24e-05
step   1000 | val_loss 2.0848 | val_ppl 8.04
step   1001 | train_loss 1.9729 | lr 1.23e-05
step   1002 | train_loss 2.0783 | lr 1.23e-05
step   1003 | train_loss 1.9651 | lr 1.23e-05
step   1004 | train_loss 2.0064 | lr 1.22e-05
step   1005 | train_loss 2.0458 | lr 1.22e-05
step   1006 | train_loss 2.1053 | lr 1.22e-05
step   1007 | train_loss 2.0779 | lr 1.22e-05
step   1008 | train_loss 2.3918 | lr 1.21e-05
step   1009 | train_loss 2.1435 | lr 1.21e-05
step   1010 | train_loss 2.1788 | lr 1.21e-05
step   1011 | train_loss 2.2112 | lr 1.21e-05
step   1012 | train_loss 2.2603 | lr 1.20e-05
step   1013 | train_loss 1.8570 | lr 1.20e-05
step   1014 | train_loss 2.0840 | lr 1.20e-05
step   1015 | train_loss 2.0245 | lr 1.20e-05
step   1016 | train_loss 2.1259 | lr 1.19e-05
step   1017 | train_loss 2.0902 | lr 1.19e-05
step   1018 | train_loss 2.3618 | lr 1.19e-05
step   1019 | train_loss 2.1842 | lr 1.18e-05
step   1020 | train_loss 2.0844 | lr 1.18e-05
step   1021 | train_loss 2.0070 | lr 1.18e-05
step   1022 | train_loss 1.9377 | lr 1.18e-05
step   1023 | train_loss 2.0171 | lr 1.17e-05
step   1024 | train_loss 2.0600 | lr 1.17e-05
step   1025 | train_loss 2.0022 | lr 1.17e-05
step   1026 | train_loss 2.1537 | lr 1.17e-05
step   1027 | train_loss 2.0135 | lr 1.16e-05
step   1028 | train_loss 1.9308 | lr 1.16e-05
step   1029 | train_loss 2.1872 | lr 1.16e-05
step   1030 | train_loss 2.2323 | lr 1.16e-05
step   1031 | train_loss 2.3229 | lr 1.15e-05
step   1032 | train_loss 1.9810 | lr 1.15e-05
step   1033 | train_loss 2.2129 | lr 1.15e-05
step   1034 | train_loss 2.1453 | lr 1.15e-05
step   1035 | train_loss 2.0887 | lr 1.14e-05
step   1036 | train_loss 2.2723 | lr 1.14e-05
step   1037 | train_loss 2.2957 | lr 1.14e-05
step   1038 | train_loss 2.2865 | lr 1.13e-05
step   1039 | train_loss 2.0466 | lr 1.13e-05
step   1040 | train_loss 2.2502 | lr 1.13e-05
step   1041 | train_loss 2.2594 | lr 1.13e-05
step   1042 | train_loss 1.8474 | lr 1.12e-05
step   1043 | train_loss 2.0570 | lr 1.12e-05
step   1044 | train_loss 2.1546 | lr 1.12e-05
step   1045 | train_loss 1.8087 | lr 1.12e-05
step   1046 | train_loss 2.0293 | lr 1.11e-05
step   1047 | train_loss 2.0524 | lr 1.11e-05
step   1048 | train_loss 2.0510 | lr 1.11e-05
step   1049 | train_loss 2.0219 | lr 1.11e-05
step   1050 | train_loss 2.1315 | lr 1.10e-05
step   1051 | train_loss 2.1549 | lr 1.10e-05
step   1052 | train_loss 2.0070 | lr 1.10e-05
step   1053 | train_loss 2.0609 | lr 1.10e-05
step   1054 | train_loss 1.9920 | lr 1.09e-05
step   1055 | train_loss 2.2065 | lr 1.09e-05
step   1056 | train_loss 2.0369 | lr 1.09e-05
step   1057 | train_loss 2.1081 | lr 1.09e-05
step   1058 | train_loss 2.0603 | lr 1.08e-05
step   1059 | train_loss 2.0095 | lr 1.08e-05
step   1060 | train_loss 2.2886 | lr 1.08e-05
step   1061 | train_loss 2.1733 | lr 1.08e-05
step   1062 | train_loss 2.2568 | lr 1.07e-05
step   1063 | train_loss 2.1363 | lr 1.07e-05
step   1064 | train_loss 2.1483 | lr 1.07e-05
step   1065 | train_loss 2.0629 | lr 1.06e-05
step   1066 | train_loss 2.0522 | lr 1.06e-05
step   1067 | train_loss 2.1092 | lr 1.06e-05
step   1068 | train_loss 2.0284 | lr 1.06e-05
step   1069 | train_loss 1.8723 | lr 1.05e-05
step   1070 | train_loss 2.1403 | lr 1.05e-05
step   1071 | train_loss 2.1734 | lr 1.05e-05
step   1072 | train_loss 2.4236 | lr 1.05e-05
step   1073 | train_loss 2.0448 | lr 1.04e-05
step   1074 | train_loss 2.2097 | lr 1.04e-05
step   1075 | train_loss 2.0328 | lr 1.04e-05
step   1076 | train_loss 2.0600 | lr 1.04e-05
step   1077 | train_loss 2.1528 | lr 1.03e-05
step   1078 | train_loss 2.0786 | lr 1.03e-05
step   1079 | train_loss 2.0070 | lr 1.03e-05
step   1080 | train_loss 1.9407 | lr 1.03e-05
step   1081 | train_loss 2.1037 | lr 1.02e-05
step   1082 | train_loss 1.9923 | lr 1.02e-05
step   1083 | train_loss 2.1537 | lr 1.02e-05
step   1084 | train_loss 2.2059 | lr 1.02e-05
step   1085 | train_loss 2.0021 | lr 1.01e-05
step   1086 | train_loss 1.8838 | lr 1.01e-05
step   1087 | train_loss 2.0209 | lr 1.01e-05
step   1088 | train_loss 1.9848 | lr 1.01e-05
step   1089 | train_loss 1.7283 | lr 1.00e-05
step   1090 | train_loss 2.0633 | lr 1.00e-05
step   1091 | train_loss 2.0609 | lr 1.00e-05
step   1092 | train_loss 2.1379 | lr 9.97e-06
step   1093 | train_loss 2.0561 | lr 9.95e-06
step   1094 | train_loss 2.0634 | lr 9.92e-06
step   1095 | train_loss 2.0193 | lr 9.90e-06
step   1096 | train_loss 1.7860 | lr 9.87e-06
step   1097 | train_loss 2.0163 | lr 9.85e-06
step   1098 | train_loss 1.9859 | lr 9.82e-06
step   1099 | train_loss 2.0693 | lr 9.80e-06
step   1100 | train_loss 1.9023 | lr 9.77e-06
step   1101 | train_loss 2.1043 | lr 9.75e-06
step   1102 | train_loss 2.2602 | lr 9.73e-06
step   1103 | train_loss 2.0351 | lr 9.70e-06
step   1104 | train_loss 2.0502 | lr 9.68e-06
step   1105 | train_loss 2.0013 | lr 9.65e-06
step   1106 | train_loss 2.1739 | lr 9.63e-06
step   1107 | train_loss 2.0790 | lr 9.60e-06
step   1108 | train_loss 2.0269 | lr 9.58e-06
step   1109 | train_loss 2.0707 | lr 9.56e-06
step   1110 | train_loss 2.1283 | lr 9.53e-06
step   1111 | train_loss 2.1628 | lr 9.51e-06
step   1112 | train_loss 2.3340 | lr 9.48e-06
step   1113 | train_loss 2.1152 | lr 9.46e-06
step   1114 | train_loss 1.9727 | lr 9.43e-06
step   1115 | train_loss 2.1822 | lr 9.41e-06
step   1116 | train_loss 2.0192 | lr 9.39e-06
step   1117 | train_loss 2.1035 | lr 9.36e-06
step   1118 | train_loss 1.9938 | lr 9.34e-06
step   1119 | train_loss 2.0938 | lr 9.31e-06
step   1120 | train_loss 2.0467 | lr 9.29e-06
step   1121 | train_loss 2.1550 | lr 9.27e-06
step   1122 | train_loss 2.1610 | lr 9.24e-06
step   1123 | train_loss 2.1961 | lr 9.22e-06
step   1124 | train_loss 2.0693 | lr 9.19e-06
step   1125 | train_loss 2.0936 | lr 9.17e-06
step   1126 | train_loss 1.9550 | lr 9.15e-06
step   1127 | train_loss 2.1978 | lr 9.12e-06
step   1128 | train_loss 2.1919 | lr 9.10e-06
step   1129 | train_loss 1.8028 | lr 9.08e-06
step   1130 | train_loss 2.0553 | lr 9.05e-06
step   1131 | train_loss 1.9968 | lr 9.03e-06
step   1132 | train_loss 2.4243 | lr 9.01e-06
step   1133 | train_loss 2.2078 | lr 8.98e-06
step   1134 | train_loss 1.9606 | lr 8.96e-06
step   1135 | train_loss 2.2510 | lr 8.94e-06
step   1136 | train_loss 2.1311 | lr 8.91e-06
step   1137 | train_loss 1.8275 | lr 8.89e-06
step   1138 | train_loss 1.9924 | lr 8.87e-06
step   1139 | train_loss 1.8625 | lr 8.84e-06
step   1140 | train_loss 2.0242 | lr 8.82e-06
step   1141 | train_loss 1.9809 | lr 8.80e-06
step   1142 | train_loss 1.9582 | lr 8.77e-06
step   1143 | train_loss 2.0044 | lr 8.75e-06
step   1144 | train_loss 1.9955 | lr 8.73e-06
step   1145 | train_loss 2.2230 | lr 8.70e-06
step   1146 | train_loss 2.2715 | lr 8.68e-06
step   1147 | train_loss 1.9542 | lr 8.66e-06
step   1148 | train_loss 1.8858 | lr 8.63e-06
step   1149 | train_loss 1.7247 | lr 8.61e-06
step   1150 | train_loss 2.1883 | lr 8.59e-06
step   1151 | train_loss 2.0883 | lr 8.56e-06
step   1152 | train_loss 2.0782 | lr 8.54e-06
step   1153 | train_loss 2.1598 | lr 8.52e-06
step   1154 | train_loss 2.1111 | lr 8.50e-06
step   1155 | train_loss 2.0359 | lr 8.47e-06
step   1156 | train_loss 1.8625 | lr 8.45e-06
step   1157 | train_loss 1.9662 | lr 8.43e-06
step   1158 | train_loss 2.2070 | lr 8.41e-06
step   1159 | train_loss 2.3884 | lr 8.38e-06
step   1160 | train_loss 2.2088 | lr 8.36e-06
step   1161 | train_loss 1.9824 | lr 8.34e-06
step   1162 | train_loss 2.0019 | lr 8.32e-06
step   1163 | train_loss 2.0492 | lr 8.29e-06
step   1164 | train_loss 2.0287 | lr 8.27e-06
step   1165 | train_loss 2.4011 | lr 8.25e-06
step   1166 | train_loss 2.0995 | lr 8.23e-06
step   1167 | train_loss 1.7203 | lr 8.20e-06
step   1168 | train_loss 2.1404 | lr 8.18e-06
step   1169 | train_loss 1.9937 | lr 8.16e-06
step   1170 | train_loss 2.1810 | lr 8.14e-06
step   1171 | train_loss 2.1622 | lr 8.11e-06
step   1172 | train_loss 2.0232 | lr 8.09e-06
step   1173 | train_loss 1.8172 | lr 8.07e-06
step   1174 | train_loss 1.8729 | lr 8.05e-06
step   1175 | train_loss 2.1540 | lr 8.03e-06
step   1176 | train_loss 2.0031 | lr 8.00e-06
step   1177 | train_loss 2.0441 | lr 7.98e-06
step   1178 | train_loss 2.2929 | lr 7.96e-06
step   1179 | train_loss 2.1708 | lr 7.94e-06
step   1180 | train_loss 1.7903 | lr 7.92e-06
step   1181 | train_loss 2.0505 | lr 7.89e-06
step   1182 | train_loss 2.1188 | lr 7.87e-06
step   1183 | train_loss 1.9683 | lr 7.85e-06
step   1184 | train_loss 2.0636 | lr 7.83e-06
step   1185 | train_loss 2.2828 | lr 7.81e-06
step   1186 | train_loss 2.2179 | lr 7.79e-06
step   1187 | train_loss 1.8597 | lr 7.76e-06
step   1188 | train_loss 1.9619 | lr 7.74e-06
step   1189 | train_loss 1.9887 | lr 7.72e-06
step   1190 | train_loss 2.1908 | lr 7.70e-06
step   1191 | train_loss 2.2719 | lr 7.68e-06
step   1192 | train_loss 2.1885 | lr 7.66e-06
step   1193 | train_loss 2.3938 | lr 7.64e-06
step   1194 | train_loss 2.1420 | lr 7.61e-06
step   1195 | train_loss 1.9120 | lr 7.59e-06
step   1196 | train_loss 2.2637 | lr 7.57e-06
step   1197 | train_loss 2.1144 | lr 7.55e-06
step   1198 | train_loss 2.0334 | lr 7.53e-06
step   1199 | train_loss 1.9932 | lr 7.51e-06
step   1200 | train_loss 2.2148 | lr 7.49e-06
step   1200 | val_loss 2.0786 | val_ppl 7.99
step   1201 | train_loss 2.3975 | lr 7.47e-06
step   1202 | train_loss 2.2049 | lr 7.45e-06
step   1203 | train_loss 2.0835 | lr 7.42e-06
step   1204 | train_loss 2.2588 | lr 7.40e-06
step   1205 | train_loss 2.1064 | lr 7.38e-06
step   1206 | train_loss 2.2903 | lr 7.36e-06
step   1207 | train_loss 2.2357 | lr 7.34e-06
step   1208 | train_loss 2.0777 | lr 7.32e-06
step   1209 | train_loss 2.0412 | lr 7.30e-06
step   1210 | train_loss 1.9445 | lr 7.28e-06
step   1211 | train_loss 1.9457 | lr 7.26e-06
step   1212 | train_loss 2.2167 | lr 7.24e-06
step   1213 | train_loss 2.3024 | lr 7.22e-06
step   1214 | train_loss 2.1942 | lr 7.20e-06
step   1215 | train_loss 2.2035 | lr 7.18e-06
step   1216 | train_loss 2.0110 | lr 7.16e-06
step   1217 | train_loss 2.1922 | lr 7.14e-06
step   1218 | train_loss 2.0481 | lr 7.12e-06
step   1219 | train_loss 2.1459 | lr 7.10e-06
step   1220 | train_loss 2.0314 | lr 7.07e-06
step   1221 | train_loss 2.1293 | lr 7.05e-06
step   1222 | train_loss 1.9905 | lr 7.03e-06
step   1223 | train_loss 2.3016 | lr 7.01e-06
step   1224 | train_loss 1.9995 | lr 6.99e-06
step   1225 | train_loss 2.0454 | lr 6.97e-06
step   1226 | train_loss 2.1515 | lr 6.95e-06
step   1227 | train_loss 2.1217 | lr 6.93e-06
step   1228 | train_loss 1.9970 | lr 6.91e-06
step   1229 | train_loss 2.1568 | lr 6.89e-06
step   1230 | train_loss 2.0837 | lr 6.87e-06
step   1231 | train_loss 2.1898 | lr 6.85e-06
step   1232 | train_loss 2.0726 | lr 6.83e-06
step   1233 | train_loss 2.0170 | lr 6.82e-06
step   1234 | train_loss 1.9722 | lr 6.80e-06
step   1235 | train_loss 1.9889 | lr 6.78e-06
step   1236 | train_loss 2.0624 | lr 6.76e-06
step   1237 | train_loss 1.7676 | lr 6.74e-06
step   1238 | train_loss 2.2065 | lr 6.72e-06
step   1239 | train_loss 2.0658 | lr 6.70e-06
step   1240 | train_loss 1.9834 | lr 6.68e-06
step   1241 | train_loss 2.1901 | lr 6.66e-06
step   1242 | train_loss 1.7154 | lr 6.64e-06
step   1243 | train_loss 2.1982 | lr 6.62e-06
step   1244 | train_loss 2.2089 | lr 6.60e-06
step   1245 | train_loss 2.0665 | lr 6.58e-06
step   1246 | train_loss 2.0150 | lr 6.56e-06
step   1247 | train_loss 2.0852 | lr 6.54e-06
step   1248 | train_loss 1.9308 | lr 6.52e-06
step   1249 | train_loss 1.9618 | lr 6.51e-06
step   1250 | train_loss 2.2244 | lr 6.49e-06
step   1251 | train_loss 2.0254 | lr 6.47e-06
step   1252 | train_loss 1.8500 | lr 6.45e-06
step   1253 | train_loss 2.0758 | lr 6.43e-06
step   1254 | train_loss 2.1476 | lr 6.41e-06
step   1255 | train_loss 2.1999 | lr 6.39e-06
step   1256 | train_loss 2.1581 | lr 6.37e-06
step   1257 | train_loss 2.3236 | lr 6.35e-06
step   1258 | train_loss 1.8216 | lr 6.34e-06
step   1259 | train_loss 2.2063 | lr 6.32e-06
step   1260 | train_loss 1.9684 | lr 6.30e-06
step   1261 | train_loss 1.8912 | lr 6.28e-06
step   1262 | train_loss 1.9953 | lr 6.26e-06
step   1263 | train_loss 2.3319 | lr 6.24e-06
step   1264 | train_loss 2.0320 | lr 6.23e-06
step   1265 | train_loss 2.0426 | lr 6.21e-06
step   1266 | train_loss 1.8920 | lr 6.19e-06
step   1267 | train_loss 2.0811 | lr 6.17e-06
step   1268 | train_loss 2.0470 | lr 6.15e-06
step   1269 | train_loss 1.9397 | lr 6.13e-06
step   1270 | train_loss 2.0319 | lr 6.12e-06
step   1271 | train_loss 2.1131 | lr 6.10e-06
step   1272 | train_loss 1.7893 | lr 6.08e-06
step   1273 | train_loss 2.2796 | lr 6.06e-06
step   1274 | train_loss 2.0975 | lr 6.04e-06
step   1275 | train_loss 2.1508 | lr 6.03e-06
step   1276 | train_loss 2.1989 | lr 6.01e-06
step   1277 | train_loss 2.1806 | lr 5.99e-06
step   1278 | train_loss 2.0972 | lr 5.97e-06
step   1279 | train_loss 1.8883 | lr 5.96e-06
step   1280 | train_loss 2.2158 | lr 5.94e-06
step   1281 | train_loss 2.0533 | lr 5.92e-06
step   1282 | train_loss 1.9839 | lr 5.90e-06
step   1283 | train_loss 1.9899 | lr 5.89e-06
step   1284 | train_loss 2.0355 | lr 5.87e-06
step   1285 | train_loss 2.1826 | lr 5.85e-06
step   1286 | train_loss 2.2385 | lr 5.83e-06
step   1287 | train_loss 2.0265 | lr 5.82e-06
step   1288 | train_loss 2.0157 | lr 5.80e-06
step   1289 | train_loss 2.1775 | lr 5.78e-06
step   1290 | train_loss 1.9244 | lr 5.76e-06
step   1291 | train_loss 2.1219 | lr 5.75e-06
step   1292 | train_loss 2.4076 | lr 5.73e-06
step   1293 | train_loss 2.0581 | lr 5.71e-06
step   1294 | train_loss 2.1868 | lr 5.70e-06
step   1295 | train_loss 1.9595 | lr 5.68e-06
step   1296 | train_loss 2.1601 | lr 5.66e-06
step   1297 | train_loss 2.0318 | lr 5.65e-06
step   1298 | train_loss 1.9306 | lr 5.63e-06
step   1299 | train_loss 2.0669 | lr 5.61e-06
step   1300 | train_loss 2.3475 | lr 5.59e-06
step   1301 | train_loss 1.9697 | lr 5.58e-06
step   1302 | train_loss 2.0320 | lr 5.56e-06
step   1303 | train_loss 2.2127 | lr 5.55e-06
step   1304 | train_loss 1.9289 | lr 5.53e-06
step   1305 | train_loss 1.9814 | lr 5.51e-06
step   1306 | train_loss 2.1775 | lr 5.50e-06
step   1307 | train_loss 2.2195 | lr 5.48e-06
step   1308 | train_loss 2.0392 | lr 5.46e-06
step   1309 | train_loss 1.9707 | lr 5.45e-06
step   1310 | train_loss 1.9704 | lr 5.43e-06
step   1311 | train_loss 2.1284 | lr 5.41e-06
step   1312 | train_loss 1.8197 | lr 5.40e-06
step   1313 | train_loss 2.2246 | lr 5.38e-06
step   1314 | train_loss 2.1963 | lr 5.37e-06
step   1315 | train_loss 2.1262 | lr 5.35e-06
step   1316 | train_loss 2.1317 | lr 5.33e-06
step   1317 | train_loss 1.8957 | lr 5.32e-06
step   1318 | train_loss 2.0716 | lr 5.30e-06
step   1319 | train_loss 2.0608 | lr 5.29e-06
step   1320 | train_loss 1.9717 | lr 5.27e-06
step   1321 | train_loss 2.2921 | lr 5.26e-06
step   1322 | train_loss 2.0120 | lr 5.24e-06
step   1323 | train_loss 2.0241 | lr 5.22e-06
step   1324 | train_loss 2.1799 | lr 5.21e-06
step   1325 | train_loss 2.1190 | lr 5.19e-06
step   1326 | train_loss 1.8154 | lr 5.18e-06
step   1327 | train_loss 2.0380 | lr 5.16e-06
step   1328 | train_loss 2.0564 | lr 5.15e-06
step   1329 | train_loss 1.9056 | lr 5.13e-06
step   1330 | train_loss 2.2874 | lr 5.12e-06
step   1331 | train_loss 1.8940 | lr 5.10e-06
step   1332 | train_loss 2.0277 | lr 5.09e-06
step   1333 | train_loss 2.2431 | lr 5.07e-06
step   1334 | train_loss 2.1086 | lr 5.06e-06
step   1335 | train_loss 2.0771 | lr 5.04e-06
step   1336 | train_loss 2.2722 | lr 5.03e-06
step   1337 | train_loss 1.9237 | lr 5.01e-06
step   1338 | train_loss 1.9596 | lr 5.00e-06
step   1339 | train_loss 2.1705 | lr 4.98e-06
step   1340 | train_loss 2.0356 | lr 4.97e-06
step   1341 | train_loss 1.9390 | lr 4.95e-06
step   1342 | train_loss 1.9891 | lr 4.94e-06
step   1343 | train_loss 2.1014 | lr 4.92e-06
step   1344 | train_loss 1.9815 | lr 4.91e-06
step   1345 | train_loss 2.0857 | lr 4.89e-06
step   1346 | train_loss 2.4636 | lr 4.88e-06
step   1347 | train_loss 2.1541 | lr 4.87e-06
step   1348 | train_loss 1.9877 | lr 4.85e-06
step   1349 | train_loss 2.2265 | lr 4.84e-06
step   1350 | train_loss 2.1219 | lr 4.82e-06
step   1351 | train_loss 1.8552 | lr 4.81e-06
step   1352 | train_loss 2.0877 | lr 4.79e-06
step   1353 | train_loss 2.2474 | lr 4.78e-06
step   1354 | train_loss 2.2974 | lr 4.77e-06
step   1355 | train_loss 2.1983 | lr 4.75e-06
step   1356 | train_loss 2.1793 | lr 4.74e-06
step   1357 | train_loss 2.1662 | lr 4.72e-06
step   1358 | train_loss 2.0361 | lr 4.71e-06
step   1359 | train_loss 1.9940 | lr 4.70e-06
step   1360 | train_loss 2.2816 | lr 4.68e-06
step   1361 | train_loss 1.9554 | lr 4.67e-06
step   1362 | train_loss 2.1588 | lr 4.66e-06
step   1363 | train_loss 2.0398 | lr 4.64e-06
step   1364 | train_loss 2.1017 | lr 4.63e-06
step   1365 | train_loss 1.9501 | lr 4.62e-06
step   1366 | train_loss 1.9073 | lr 4.60e-06
step   1367 | train_loss 2.1926 | lr 4.59e-06
step   1368 | train_loss 2.1436 | lr 4.58e-06
step   1369 | train_loss 2.0010 | lr 4.56e-06
step   1370 | train_loss 2.0162 | lr 4.55e-06
step   1371 | train_loss 2.3777 | lr 4.54e-06
step   1372 | train_loss 2.1830 | lr 4.52e-06
step   1373 | train_loss 1.9074 | lr 4.51e-06
step   1374 | train_loss 1.9867 | lr 4.50e-06
step   1375 | train_loss 2.1397 | lr 4.48e-06
step   1376 | train_loss 2.0477 | lr 4.47e-06
step   1377 | train_loss 2.1356 | lr 4.46e-06
step   1378 | train_loss 2.2997 | lr 4.45e-06
step   1379 | train_loss 1.9936 | lr 4.43e-06
step   1380 | train_loss 2.2654 | lr 4.42e-06
step   1381 | train_loss 2.0734 | lr 4.41e-06
step   1382 | train_loss 2.0643 | lr 4.40e-06
step   1383 | train_loss 2.1849 | lr 4.38e-06
step   1384 | train_loss 2.0093 | lr 4.37e-06
step   1385 | train_loss 2.3079 | lr 4.36e-06
step   1386 | train_loss 1.8623 | lr 4.35e-06
step   1387 | train_loss 2.1133 | lr 4.33e-06
step   1388 | train_loss 2.1452 | lr 4.32e-06
step   1389 | train_loss 1.9961 | lr 4.31e-06
step   1390 | train_loss 1.9326 | lr 4.30e-06
step   1391 | train_loss 2.2667 | lr 4.28e-06
step   1392 | train_loss 2.1075 | lr 4.27e-06
step   1393 | train_loss 2.2665 | lr 4.26e-06
step   1394 | train_loss 2.0665 | lr 4.25e-06
step   1395 | train_loss 2.0648 | lr 4.24e-06
step   1396 | train_loss 2.0370 | lr 4.23e-06
step   1397 | train_loss 1.9675 | lr 4.21e-06
step   1398 | train_loss 2.1549 | lr 4.20e-06
step   1399 | train_loss 2.0357 | lr 4.19e-06
step   1400 | train_loss 2.1947 | lr 4.18e-06
step   1400 | val_loss 2.0728 | val_ppl 7.95
step   1401 | train_loss 2.0668 | lr 4.17e-06
step   1402 | train_loss 2.2934 | lr 4.16e-06
step   1403 | train_loss 1.9834 | lr 4.14e-06
step   1404 | train_loss 2.0287 | lr 4.13e-06
step   1405 | train_loss 2.2321 | lr 4.12e-06
step   1406 | train_loss 2.0197 | lr 4.11e-06
step   1407 | train_loss 2.2917 | lr 4.10e-06
step   1408 | train_loss 1.9631 | lr 4.09e-06
step   1409 | train_loss 2.0218 | lr 4.08e-06
step   1410 | train_loss 2.0087 | lr 4.07e-06
step   1411 | train_loss 1.9882 | lr 4.05e-06
step   1412 | train_loss 2.2041 | lr 4.04e-06
step   1413 | train_loss 2.2631 | lr 4.03e-06
step   1414 | train_loss 2.0465 | lr 4.02e-06
step   1415 | train_loss 2.1615 | lr 4.01e-06
step   1416 | train_loss 2.1780 | lr 4.00e-06
step   1417 | train_loss 2.1827 | lr 3.99e-06
step   1418 | train_loss 1.8236 | lr 3.98e-06
step   1419 | train_loss 2.2706 | lr 3.97e-06
step   1420 | train_loss 2.1416 | lr 3.96e-06
step   1421 | train_loss 2.2001 | lr 3.95e-06
step   1422 | train_loss 2.3740 | lr 3.94e-06
step   1423 | train_loss 1.8679 | lr 3.93e-06
step   1424 | train_loss 2.0286 | lr 3.92e-06
step   1425 | train_loss 2.1444 | lr 3.91e-06
step   1426 | train_loss 2.0766 | lr 3.90e-06
step   1427 | train_loss 2.1410 | lr 3.89e-06
step   1428 | train_loss 2.1592 | lr 3.88e-06
step   1429 | train_loss 2.0377 | lr 3.87e-06
step   1430 | train_loss 2.1210 | lr 3.86e-06
step   1431 | train_loss 2.0123 | lr 3.85e-06
step   1432 | train_loss 2.2778 | lr 3.84e-06
step   1433 | train_loss 1.9881 | lr 3.83e-06
step   1434 | train_loss 2.0785 | lr 3.82e-06
step   1435 | train_loss 2.1666 | lr 3.81e-06
step   1436 | train_loss 2.2569 | lr 3.80e-06
step   1437 | train_loss 2.0901 | lr 3.79e-06
step   1438 | train_loss 2.1266 | lr 3.78e-06
step   1439 | train_loss 2.0256 | lr 3.77e-06
step   1440 | train_loss 2.1416 | lr 3.76e-06
step   1441 | train_loss 2.3548 | lr 3.75e-06
step   1442 | train_loss 2.0921 | lr 3.74e-06
step   1443 | train_loss 2.0713 | lr 3.73e-06
step   1444 | train_loss 2.1854 | lr 3.72e-06
step   1445 | train_loss 2.1394 | lr 3.71e-06
step   1446 | train_loss 1.8500 | lr 3.71e-06
step   1447 | train_loss 2.0381 | lr 3.70e-06
step   1448 | train_loss 2.1565 | lr 3.69e-06
step   1449 | train_loss 1.9942 | lr 3.68e-06
step   1450 | train_loss 1.9796 | lr 3.67e-06
step   1451 | train_loss 2.0784 | lr 3.66e-06
step   1452 | train_loss 1.9489 | lr 3.65e-06
step   1453 | train_loss 1.9892 | lr 3.64e-06
step   1454 | train_loss 2.1166 | lr 3.63e-06
step   1455 | train_loss 2.1481 | lr 3.63e-06
step   1456 | train_loss 1.9494 | lr 3.62e-06
step   1457 | train_loss 2.2411 | lr 3.61e-06
step   1458 | train_loss 1.7943 | lr 3.60e-06
step   1459 | train_loss 2.2636 | lr 3.59e-06
step   1460 | train_loss 2.1419 | lr 3.58e-06
step   1461 | train_loss 2.0701 | lr 3.58e-06
step   1462 | train_loss 2.2351 | lr 3.57e-06
step   1463 | train_loss 2.1746 | lr 3.56e-06
step   1464 | train_loss 2.0887 | lr 3.55e-06
step   1465 | train_loss 2.0502 | lr 3.54e-06
step   1466 | train_loss 2.1587 | lr 3.54e-06
step   1467 | train_loss 2.0854 | lr 3.53e-06
step   1468 | train_loss 2.1562 | lr 3.52e-06
step   1469 | train_loss 2.0068 | lr 3.51e-06
step   1470 | train_loss 2.0416 | lr 3.50e-06
step   1471 | train_loss 1.9946 | lr 3.50e-06
step   1472 | train_loss 2.1282 | lr 3.49e-06
step   1473 | train_loss 1.9610 | lr 3.48e-06
step   1474 | train_loss 2.2131 | lr 3.47e-06
step   1475 | train_loss 2.1093 | lr 3.47e-06
step   1476 | train_loss 2.1643 | lr 3.46e-06
step   1477 | train_loss 1.9075 | lr 3.45e-06
step   1478 | train_loss 2.0740 | lr 3.45e-06
step   1479 | train_loss 2.1568 | lr 3.44e-06
step   1480 | train_loss 1.8864 | lr 3.43e-06
step   1481 | train_loss 2.3184 | lr 3.42e-06
step   1482 | train_loss 2.0073 | lr 3.42e-06
step   1483 | train_loss 2.0665 | lr 3.41e-06
step   1484 | train_loss 2.0947 | lr 3.40e-06
step   1485 | train_loss 2.0193 | lr 3.40e-06
step   1486 | train_loss 2.0949 | lr 3.39e-06
step   1487 | train_loss 2.5610 | lr 3.38e-06
step   1488 | train_loss 2.2283 | lr 3.38e-06
step   1489 | train_loss 2.0574 | lr 3.37e-06
step   1490 | train_loss 2.3050 | lr 3.36e-06
step   1491 | train_loss 2.1459 | lr 3.36e-06
step   1492 | train_loss 2.0499 | lr 3.35e-06
step   1493 | train_loss 1.8447 | lr 3.34e-06
step   1494 | train_loss 2.2221 | lr 3.34e-06
step   1495 | train_loss 1.8546 | lr 3.33e-06
step   1496 | train_loss 2.1865 | lr 3.33e-06
step   1497 | train_loss 1.9233 | lr 3.32e-06
step   1498 | train_loss 2.5096 | lr 3.31e-06
step   1499 | train_loss 2.2221 | lr 3.31e-06
step   1500 | train_loss 2.1237 | lr 3.30e-06
step   1501 | train_loss 1.9563 | lr 3.30e-06
step   1502 | train_loss 2.2216 | lr 3.29e-06
step   1503 | train_loss 2.0517 | lr 3.28e-06
step   1504 | train_loss 2.2027 | lr 3.28e-06
step   1505 | train_loss 2.0583 | lr 3.27e-06
step   1506 | train_loss 2.0185 | lr 3.27e-06
step   1507 | train_loss 1.9996 | lr 3.26e-06
step   1508 | train_loss 1.9926 | lr 3.26e-06
step   1509 | train_loss 2.2362 | lr 3.25e-06
step   1510 | train_loss 1.9619 | lr 3.24e-06
step   1511 | train_loss 2.1963 | lr 3.24e-06
step   1512 | train_loss 1.9634 | lr 3.23e-06
step   1513 | train_loss 2.0107 | lr 3.23e-06
step   1514 | train_loss 1.9600 | lr 3.22e-06
step   1515 | train_loss 2.1169 | lr 3.22e-06
step   1516 | train_loss 2.2856 | lr 3.21e-06
step   1517 | train_loss 2.2264 | lr 3.21e-06
step   1518 | train_loss 1.9959 | lr 3.20e-06
step   1519 | train_loss 2.0231 | lr 3.20e-06
step   1520 | train_loss 2.0536 | lr 3.19e-06
step   1521 | train_loss 1.9652 | lr 3.19e-06
step   1522 | train_loss 2.1226 | lr 3.18e-06
step   1523 | train_loss 2.1802 | lr 3.18e-06
step   1524 | train_loss 1.9723 | lr 3.18e-06
step   1525 | train_loss 1.9344 | lr 3.17e-06
step   1526 | train_loss 2.0836 | lr 3.17e-06
step   1527 | train_loss 2.2206 | lr 3.16e-06
step   1528 | train_loss 2.0344 | lr 3.16e-06
step   1529 | train_loss 2.2109 | lr 3.15e-06
step   1530 | train_loss 2.1515 | lr 3.15e-06
step   1531 | train_loss 2.1760 | lr 3.14e-06
step   1532 | train_loss 2.0718 | lr 3.14e-06
step   1533 | train_loss 1.9348 | lr 3.14e-06
step   1534 | train_loss 2.2330 | lr 3.13e-06
step   1535 | train_loss 2.2051 | lr 3.13e-06
step   1536 | train_loss 2.3865 | lr 3.12e-06
step   1537 | train_loss 2.1504 | lr 3.12e-06
step   1538 | train_loss 1.9523 | lr 3.12e-06
step   1539 | train_loss 2.1081 | lr 3.11e-06
step   1540 | train_loss 2.0059 | lr 3.11e-06
step   1541 | train_loss 2.0815 | lr 3.11e-06
step   1542 | train_loss 2.0838 | lr 3.10e-06
step   1543 | train_loss 1.8922 | lr 3.10e-06
step   1544 | train_loss 2.1237 | lr 3.10e-06
step   1545 | train_loss 2.1659 | lr 3.09e-06
step   1546 | train_loss 2.2434 | lr 3.09e-06
step   1547 | train_loss 1.8648 | lr 3.09e-06
step   1548 | train_loss 2.0059 | lr 3.08e-06
step   1549 | train_loss 2.1391 | lr 3.08e-06
step   1550 | train_loss 2.1261 | lr 3.08e-06
step   1551 | train_loss 2.0117 | lr 3.07e-06
step   1552 | train_loss 1.8855 | lr 3.07e-06
step   1553 | train_loss 2.2251 | lr 3.07e-06
step   1554 | train_loss 1.9070 | lr 3.07e-06
step   1555 | train_loss 2.0376 | lr 3.06e-06
step   1556 | train_loss 1.9543 | lr 3.06e-06
step   1557 | train_loss 2.2384 | lr 3.06e-06
step   1558 | train_loss 2.2147 | lr 3.05e-06
step   1559 | train_loss 2.1751 | lr 3.05e-06
step   1560 | train_loss 1.9910 | lr 3.05e-06
step   1561 | train_loss 1.9263 | lr 3.05e-06
step   1562 | train_loss 2.0827 | lr 3.05e-06
step   1563 | train_loss 1.9648 | lr 3.04e-06
step   1564 | train_loss 1.9586 | lr 3.04e-06
step   1565 | train_loss 1.9051 | lr 3.04e-06
step   1566 | train_loss 2.1922 | lr 3.04e-06
step   1567 | train_loss 1.7831 | lr 3.03e-06
step   1568 | train_loss 2.0189 | lr 3.03e-06
step   1569 | train_loss 2.0480 | lr 3.03e-06
step   1570 | train_loss 1.9993 | lr 3.03e-06
step   1571 | train_loss 2.0772 | lr 3.03e-06
step   1572 | train_loss 2.0503 | lr 3.02e-06
step   1573 | train_loss 2.0703 | lr 3.02e-06
step   1574 | train_loss 2.1323 | lr 3.02e-06
step   1575 | train_loss 2.1653 | lr 3.02e-06
step   1576 | train_loss 2.3278 | lr 3.02e-06
step   1577 | train_loss 1.9628 | lr 3.02e-06
step   1578 | train_loss 1.9664 | lr 3.02e-06
step   1579 | train_loss 2.2643 | lr 3.01e-06
step   1580 | train_loss 2.0032 | lr 3.01e-06
step   1581 | train_loss 2.1393 | lr 3.01e-06
step   1582 | train_loss 2.2380 | lr 3.01e-06
step   1583 | train_loss 2.0762 | lr 3.01e-06
step   1584 | train_loss 2.0529 | lr 3.01e-06
step   1585 | train_loss 2.0725 | lr 3.01e-06
step   1586 | train_loss 2.1079 | lr 3.01e-06
step   1587 | train_loss 2.0230 | lr 3.01e-06
step   1588 | train_loss 2.1815 | lr 3.01e-06
step   1589 | train_loss 2.1039 | lr 3.00e-06
step   1590 | train_loss 2.0955 | lr 3.00e-06
step   1591 | train_loss 2.0657 | lr 3.00e-06
step   1592 | train_loss 2.1316 | lr 3.00e-06
step   1593 | train_loss 1.7388 | lr 3.00e-06
step   1594 | train_loss 2.0454 | lr 3.00e-06
step   1595 | train_loss 1.9708 | lr 3.00e-06
step   1596 | train_loss 2.0107 | lr 3.00e-06
step   1597 | train_loss 1.8154 | lr 3.00e-06
step   1598 | train_loss 2.1411 | lr 3.00e-06
step   1599 | train_loss 2.0343 | lr 3.00e-06
step   1600 | train_loss 2.0878 | lr 3.00e-06
step   1600 | val_loss 2.0720 | val_ppl 7.94
Saved checkpoint to checkpoints/sft_alpaca_packed_u30/step_1600.pt
