Data: 50,868 train / 1,038 val examples (68 dropped as longer than 512 tokens)
Packing: 50,868 examples into 11,220 windows (4.5 per window, 98.8% of positions used)
Model: medium (123,587,328 parameters), initialized from checkpoints/medium/step_20000.pt (step 20000)
step      1 | train_loss 2.5508 | lr 1.36e-06
step      2 | train_loss 2.6069 | lr 2.73e-06
step      3 | train_loss 2.6949 | lr 4.09e-06
step      4 | train_loss 2.6739 | lr 5.45e-06
step      5 | train_loss 2.5420 | lr 6.82e-06
step      6 | train_loss 2.4625 | lr 8.18e-06
step      7 | train_loss 2.4647 | lr 9.55e-06
step      8 | train_loss 2.4642 | lr 1.09e-05
step      9 | train_loss 2.4646 | lr 1.23e-05
step     10 | train_loss 2.4052 | lr 1.36e-05
step     11 | train_loss 2.4113 | lr 1.50e-05
step     12 | train_loss 2.3151 | lr 1.64e-05
step     13 | train_loss 2.2684 | lr 1.77e-05
step     14 | train_loss 2.3430 | lr 1.91e-05
step     15 | train_loss 2.3255 | lr 2.05e-05
step     16 | train_loss 2.2988 | lr 2.18e-05
step     17 | train_loss 2.4115 | lr 2.32e-05
step     18 | train_loss 2.3139 | lr 2.45e-05
step     19 | train_loss 2.2735 | lr 2.59e-05
step     20 | train_loss 2.3180 | lr 2.73e-05
step     21 | train_loss 2.2655 | lr 2.86e-05
step     22 | train_loss 2.2988 | lr 3.00e-05
step     23 | train_loss 2.2544 | lr 3.00e-05
step     24 | train_loss 2.2355 | lr 3.00e-05
step     25 | train_loss 2.2815 | lr 3.00e-05
step     26 | train_loss 2.3453 | lr 3.00e-05
step     27 | train_loss 2.2539 | lr 3.00e-05
step     28 | train_loss 2.1917 | lr 3.00e-05
step     29 | train_loss 2.3117 | lr 3.00e-05
step     30 | train_loss 2.1910 | lr 3.00e-05
step     31 | train_loss 2.2520 | lr 3.00e-05
step     32 | train_loss 2.1943 | lr 2.99e-05
step     33 | train_loss 2.3294 | lr 2.99e-05
step     34 | train_loss 2.2181 | lr 2.99e-05
step     35 | train_loss 2.1839 | lr 2.99e-05
step     36 | train_loss 2.1858 | lr 2.99e-05
step     37 | train_loss 2.1677 | lr 2.99e-05
step     38 | train_loss 2.1793 | lr 2.99e-05
step     39 | train_loss 2.2297 | lr 2.98e-05
step     40 | train_loss 2.1827 | lr 2.98e-05
step     41 | train_loss 2.2302 | lr 2.98e-05
step     42 | train_loss 2.1241 | lr 2.98e-05
step     43 | train_loss 2.2275 | lr 2.98e-05
step     44 | train_loss 2.2798 | lr 2.97e-05
step     45 | train_loss 2.2189 | lr 2.97e-05
step     46 | train_loss 2.1457 | lr 2.97e-05
step     47 | train_loss 2.1763 | lr 2.96e-05
step     48 | train_loss 2.1693 | lr 2.96e-05
step     49 | train_loss 2.2576 | lr 2.96e-05
step     50 | train_loss 2.1134 | lr 2.96e-05
step     50 | val_loss 2.1834 | val_ppl 8.88
step     51 | train_loss 2.1833 | lr 2.95e-05
step     52 | train_loss 2.2421 | lr 2.95e-05
step     53 | train_loss 2.1240 | lr 2.94e-05
step     54 | train_loss 2.2423 | lr 2.94e-05
step     55 | train_loss 2.2896 | lr 2.94e-05
step     56 | train_loss 2.2500 | lr 2.93e-05
step     57 | train_loss 2.3453 | lr 2.93e-05
step     58 | train_loss 2.1489 | lr 2.92e-05
step     59 | train_loss 2.1772 | lr 2.92e-05
step     60 | train_loss 2.1864 | lr 2.92e-05
step     61 | train_loss 2.2369 | lr 2.91e-05
step     62 | train_loss 2.1973 | lr 2.91e-05
step     63 | train_loss 2.2134 | lr 2.90e-05
step     64 | train_loss 2.2163 | lr 2.90e-05
step     65 | train_loss 2.2225 | lr 2.89e-05
step     66 | train_loss 2.0931 | lr 2.89e-05
step     67 | train_loss 2.2424 | lr 2.88e-05
step     68 | train_loss 2.1379 | lr 2.88e-05
step     69 | train_loss 2.3251 | lr 2.87e-05
step     70 | train_loss 2.1517 | lr 2.87e-05
step     71 | train_loss 2.2466 | lr 2.86e-05
step     72 | train_loss 2.1603 | lr 2.85e-05
step     73 | train_loss 2.2433 | lr 2.85e-05
step     74 | train_loss 2.1022 | lr 2.84e-05
step     75 | train_loss 2.1974 | lr 2.84e-05
step     76 | train_loss 2.2323 | lr 2.83e-05
step     77 | train_loss 2.2605 | lr 2.82e-05
step     78 | train_loss 2.2097 | lr 2.82e-05
step     79 | train_loss 2.1886 | lr 2.81e-05
step     80 | train_loss 2.2325 | lr 2.80e-05
step     81 | train_loss 2.0759 | lr 2.80e-05
step     82 | train_loss 2.1674 | lr 2.79e-05
step     83 | train_loss 2.2529 | lr 2.78e-05
step     84 | train_loss 2.1772 | lr 2.78e-05
step     85 | train_loss 2.2017 | lr 2.77e-05
step     86 | train_loss 2.1572 | lr 2.76e-05
step     87 | train_loss 2.1893 | lr 2.75e-05
step     88 | train_loss 2.1956 | lr 2.75e-05
step     89 | train_loss 2.2728 | lr 2.74e-05
step     90 | train_loss 2.1301 | lr 2.73e-05
step     91 | train_loss 2.2459 | lr 2.72e-05
step     92 | train_loss 2.1666 | lr 2.72e-05
step     93 | train_loss 2.1402 | lr 2.71e-05
step     94 | train_loss 2.1387 | lr 2.70e-05
step     95 | train_loss 2.0727 | lr 2.69e-05
step     96 | train_loss 2.2882 | lr 2.68e-05
step     97 | train_loss 2.1607 | lr 2.67e-05
step     98 | train_loss 2.1182 | lr 2.67e-05
step     99 | train_loss 2.0830 | lr 2.66e-05
step    100 | train_loss 2.2465 | lr 2.65e-05
step    100 | val_loss 2.1294 | val_ppl 8.41
step    101 | train_loss 2.2356 | lr 2.64e-05
step    102 | train_loss 2.1880 | lr 2.63e-05
step    103 | train_loss 2.1222 | lr 2.62e-05
step    104 | train_loss 2.1568 | lr 2.61e-05
step    105 | train_loss 2.2335 | lr 2.60e-05
step    106 | train_loss 2.0872 | lr 2.60e-05
step    107 | train_loss 2.1282 | lr 2.59e-05
step    108 | train_loss 2.2084 | lr 2.58e-05
step    109 | train_loss 2.1107 | lr 2.57e-05
step    110 | train_loss 2.1961 | lr 2.56e-05
step    111 | train_loss 2.1482 | lr 2.55e-05
step    112 | train_loss 2.1714 | lr 2.54e-05
step    113 | train_loss 2.1865 | lr 2.53e-05
step    114 | train_loss 2.1422 | lr 2.52e-05
step    115 | train_loss 2.1378 | lr 2.51e-05
step    116 | train_loss 2.1720 | lr 2.50e-05
step    117 | train_loss 2.1671 | lr 2.49e-05
step    118 | train_loss 2.1608 | lr 2.48e-05
step    119 | train_loss 2.1117 | lr 2.47e-05
step    120 | train_loss 2.1792 | lr 2.46e-05
step    121 | train_loss 2.1377 | lr 2.45e-05
step    122 | train_loss 2.1333 | lr 2.44e-05
step    123 | train_loss 2.1688 | lr 2.43e-05
step    124 | train_loss 2.2020 | lr 2.42e-05
step    125 | train_loss 2.1110 | lr 2.41e-05
step    126 | train_loss 2.0709 | lr 2.39e-05
step    127 | train_loss 2.1750 | lr 2.38e-05
step    128 | train_loss 2.1625 | lr 2.37e-05
step    129 | train_loss 2.1462 | lr 2.36e-05
step    130 | train_loss 2.1278 | lr 2.35e-05
step    131 | train_loss 2.0584 | lr 2.34e-05
step    132 | train_loss 2.1007 | lr 2.33e-05
step    133 | train_loss 2.2420 | lr 2.32e-05
step    134 | train_loss 2.0813 | lr 2.31e-05
step    135 | train_loss 2.0435 | lr 2.29e-05
step    136 | train_loss 2.2035 | lr 2.28e-05
step    137 | train_loss 2.0882 | lr 2.27e-05
step    138 | train_loss 2.1714 | lr 2.26e-05
step    139 | train_loss 2.2311 | lr 2.25e-05
step    140 | train_loss 2.1541 | lr 2.24e-05
step    141 | train_loss 2.1549 | lr 2.23e-05
step    142 | train_loss 2.0494 | lr 2.21e-05
step    143 | train_loss 2.1608 | lr 2.20e-05
step    144 | train_loss 2.2114 | lr 2.19e-05
step    145 | train_loss 2.1533 | lr 2.18e-05
step    146 | train_loss 2.1245 | lr 2.17e-05
step    147 | train_loss 2.1573 | lr 2.15e-05
step    148 | train_loss 2.0636 | lr 2.14e-05
step    149 | train_loss 2.0292 | lr 2.13e-05
step    150 | train_loss 2.1218 | lr 2.12e-05
step    150 | val_loss 2.1025 | val_ppl 8.19
step    151 | train_loss 2.0851 | lr 2.11e-05
step    152 | train_loss 2.2902 | lr 2.09e-05
step    153 | train_loss 2.1221 | lr 2.08e-05
step    154 | train_loss 2.1072 | lr 2.07e-05
step    155 | train_loss 2.0497 | lr 2.06e-05
step    156 | train_loss 2.0488 | lr 2.04e-05
step    157 | train_loss 2.1290 | lr 2.03e-05
step    158 | train_loss 2.1231 | lr 2.02e-05
step    159 | train_loss 2.0560 | lr 2.01e-05
step    160 | train_loss 2.1042 | lr 2.00e-05
step    161 | train_loss 2.1990 | lr 1.98e-05
step    162 | train_loss 2.1816 | lr 1.97e-05
step    163 | train_loss 2.1164 | lr 1.96e-05
step    164 | train_loss 2.0812 | lr 1.94e-05
step    165 | train_loss 2.0859 | lr 1.93e-05
step    166 | train_loss 2.1893 | lr 1.92e-05
step    167 | train_loss 2.0157 | lr 1.91e-05
step    168 | train_loss 2.1066 | lr 1.89e-05
step    169 | train_loss 2.0901 | lr 1.88e-05
step    170 | train_loss 2.1061 | lr 1.87e-05
step    171 | train_loss 2.1398 | lr 1.86e-05
step    172 | train_loss 2.0681 | lr 1.84e-05
step    173 | train_loss 2.0456 | lr 1.83e-05
step    174 | train_loss 2.1395 | lr 1.82e-05
step    175 | train_loss 2.1579 | lr 1.80e-05
Saved checkpoint to checkpoints/sft_alpaca_packed_30/step_175.pt
step    176 | train_loss 2.0645 | lr 1.79e-05
step    177 | train_loss 2.0958 | lr 1.78e-05
step    178 | train_loss 2.2309 | lr 1.77e-05
step    179 | train_loss 2.1060 | lr 1.75e-05
step    180 | train_loss 2.1323 | lr 1.74e-05
step    181 | train_loss 2.0845 | lr 1.73e-05
step    182 | train_loss 2.0388 | lr 1.71e-05
step    183 | train_loss 2.1522 | lr 1.70e-05
step    184 | train_loss 2.1698 | lr 1.69e-05
step    185 | train_loss 2.1483 | lr 1.68e-05
step    186 | train_loss 2.0771 | lr 1.66e-05
step    187 | train_loss 2.0819 | lr 1.65e-05
step    188 | train_loss 2.0844 | lr 1.64e-05
step    189 | train_loss 2.0541 | lr 1.62e-05
step    190 | train_loss 2.1098 | lr 1.61e-05
step    191 | train_loss 2.0574 | lr 1.60e-05
step    192 | train_loss 2.0432 | lr 1.59e-05
step    193 | train_loss 2.0421 | lr 1.57e-05
step    194 | train_loss 2.1659 | lr 1.56e-05
step    195 | train_loss 2.1763 | lr 1.55e-05
step    196 | train_loss 2.0589 | lr 1.53e-05
step    197 | train_loss 2.0793 | lr 1.52e-05
step    198 | train_loss 2.0832 | lr 1.51e-05
step    199 | train_loss 2.1493 | lr 1.50e-05
step    200 | train_loss 2.1999 | lr 1.48e-05
step    200 | val_loss 2.0876 | val_ppl 8.07
step    201 | train_loss 2.1151 | lr 1.47e-05
step    202 | train_loss 2.1972 | lr 1.46e-05
step    203 | train_loss 2.0299 | lr 1.44e-05
step    204 | train_loss 2.0518 | lr 1.43e-05
step    205 | train_loss 2.0762 | lr 1.42e-05
step    206 | train_loss 2.0996 | lr 1.41e-05
step    207 | train_loss 2.0644 | lr 1.39e-05
step    208 | train_loss 2.0815 | lr 1.38e-05
step    209 | train_loss 2.1055 | lr 1.37e-05
step    210 | train_loss 2.1084 | lr 1.36e-05
step    211 | train_loss 2.0701 | lr 1.34e-05
step    212 | train_loss 2.1039 | lr 1.33e-05
step    213 | train_loss 2.1685 | lr 1.32e-05
step    214 | train_loss 2.1844 | lr 1.30e-05
step    215 | train_loss 2.0535 | lr 1.29e-05
step    216 | train_loss 2.1209 | lr 1.28e-05
step    217 | train_loss 2.0581 | lr 1.27e-05
step    218 | train_loss 2.1103 | lr 1.26e-05
step    219 | train_loss 2.2111 | lr 1.24e-05
step    220 | train_loss 1.9489 | lr 1.23e-05
step    221 | train_loss 2.1963 | lr 1.22e-05
step    222 | train_loss 2.0769 | lr 1.21e-05
step    223 | train_loss 2.0639 | lr 1.19e-05
step    224 | train_loss 2.1052 | lr 1.18e-05
step    225 | train_loss 2.1635 | lr 1.17e-05
step    226 | train_loss 1.9967 | lr 1.16e-05
step    227 | train_loss 2.0814 | lr 1.15e-05
step    228 | train_loss 2.1415 | lr 1.13e-05
step    229 | train_loss 2.0332 | lr 1.12e-05
step    230 | train_loss 2.1330 | lr 1.11e-05
step    231 | train_loss 1.9990 | lr 1.10e-05
step    232 | train_loss 2.0681 | lr 1.09e-05
step    233 | train_loss 1.9355 | lr 1.07e-05
step    234 | train_loss 2.0284 | lr 1.06e-05
step    235 | train_loss 2.1269 | lr 1.05e-05
step    236 | train_loss 2.0785 | lr 1.04e-05
step    237 | train_loss 2.1845 | lr 1.03e-05
step    238 | train_loss 2.1697 | lr 1.02e-05
step    239 | train_loss 1.9903 | lr 1.01e-05
step    240 | train_loss 2.0808 | lr 9.94e-06
step    241 | train_loss 2.1499 | lr 9.82e-06
step    242 | train_loss 2.0257 | lr 9.71e-06
step    243 | train_loss 2.1177 | lr 9.60e-06
step    244 | train_loss 2.1231 | lr 9.49e-06
step    245 | train_loss 2.1335 | lr 9.38e-06
step    246 | train_loss 2.1203 | lr 9.27e-06
step    247 | train_loss 2.0804 | lr 9.16e-06
step    248 | train_loss 2.0354 | lr 9.05e-06
step    249 | train_loss 2.1299 | lr 8.95e-06
step    250 | train_loss 2.1307 | lr 8.84e-06
step    250 | val_loss 2.0758 | val_ppl 7.97
step    251 | train_loss 2.1211 | lr 8.73e-06
step    252 | train_loss 2.0793 | lr 8.63e-06
step    253 | train_loss 2.0754 | lr 8.52e-06
step    254 | train_loss 2.1105 | lr 8.42e-06
step    255 | train_loss 2.1449 | lr 8.32e-06
step    256 | train_loss 2.0327 | lr 8.21e-06
step    257 | train_loss 2.0686 | lr 8.11e-06
step    258 | train_loss 2.0892 | lr 8.01e-06
step    259 | train_loss 2.1271 | lr 7.91e-06
step    260 | train_loss 2.1250 | lr 7.81e-06
step    261 | train_loss 2.1423 | lr 7.71e-06
step    262 | train_loss 2.0880 | lr 7.62e-06
step    263 | train_loss 1.9683 | lr 7.52e-06
step    264 | train_loss 2.1276 | lr 7.42e-06
step    265 | train_loss 2.0660 | lr 7.33e-06
step    266 | train_loss 2.1852 | lr 7.23e-06
step    267 | train_loss 2.0072 | lr 7.14e-06
step    268 | train_loss 2.0439 | lr 7.05e-06
step    269 | train_loss 1.9851 | lr 6.95e-06
step    270 | train_loss 2.1728 | lr 6.86e-06
step    271 | train_loss 2.1176 | lr 6.77e-06
step    272 | train_loss 2.0970 | lr 6.68e-06
step    273 | train_loss 2.0653 | lr 6.60e-06
step    274 | train_loss 2.1311 | lr 6.51e-06
step    275 | train_loss 2.1433 | lr 6.42e-06
step    276 | train_loss 2.0967 | lr 6.34e-06
step    277 | train_loss 2.0800 | lr 6.25e-06
step    278 | train_loss 2.0454 | lr 6.17e-06
step    279 | train_loss 2.0450 | lr 6.08e-06
step    280 | train_loss 2.1464 | lr 6.00e-06
step    281 | train_loss 1.9605 | lr 5.92e-06
step    282 | train_loss 2.1226 | lr 5.84e-06
step    283 | train_loss 2.0645 | lr 5.76e-06
step    284 | train_loss 2.0586 | lr 5.69e-06
step    285 | train_loss 2.1344 | lr 5.61e-06
step    286 | train_loss 2.1720 | lr 5.53e-06
step    287 | train_loss 2.0405 | lr 5.46e-06
step    288 | train_loss 2.1048 | lr 5.38e-06
step    289 | train_loss 2.1239 | lr 5.31e-06
step    290 | train_loss 2.0654 | lr 5.24e-06
step    291 | train_loss 2.0484 | lr 5.17e-06
step    292 | train_loss 2.0493 | lr 5.10e-06
step    293 | train_loss 1.9929 | lr 5.03e-06
step    294 | train_loss 2.0918 | lr 4.96e-06
step    295 | train_loss 2.1833 | lr 4.90e-06
step    296 | train_loss 2.1640 | lr 4.83e-06
step    297 | train_loss 2.0799 | lr 4.77e-06
step    298 | train_loss 2.1011 | lr 4.70e-06
step    299 | train_loss 2.0405 | lr 4.64e-06
step    300 | train_loss 2.0514 | lr 4.58e-06
step    300 | val_loss 2.0712 | val_ppl 7.93
step    301 | train_loss 2.0510 | lr 4.52e-06
step    302 | train_loss 2.1343 | lr 4.46e-06
step    303 | train_loss 2.0337 | lr 4.40e-06
step    304 | train_loss 2.1406 | lr 4.34e-06
step    305 | train_loss 2.0789 | lr 4.29e-06
step    306 | train_loss 2.1250 | lr 4.23e-06
step    307 | train_loss 2.0646 | lr 4.18e-06
step    308 | train_loss 2.0794 | lr 4.13e-06
step    309 | train_loss 2.0213 | lr 4.08e-06
step    310 | train_loss 2.0808 | lr 4.03e-06
step    311 | train_loss 2.0902 | lr 3.98e-06
step    312 | train_loss 2.1023 | lr 3.93e-06
step    313 | train_loss 2.1400 | lr 3.88e-06
step    314 | train_loss 2.0452 | lr 3.84e-06
step    315 | train_loss 1.9554 | lr 3.79e-06
step    316 | train_loss 2.1134 | lr 3.75e-06
step    317 | train_loss 2.0724 | lr 3.71e-06
step    318 | train_loss 2.0562 | lr 3.67e-06
step    319 | train_loss 2.1712 | lr 3.63e-06
step    320 | train_loss 2.0012 | lr 3.59e-06
step    321 | train_loss 2.0981 | lr 3.55e-06
step    322 | train_loss 2.0937 | lr 3.52e-06
step    323 | train_loss 2.1024 | lr 3.48e-06
step    324 | train_loss 2.0996 | lr 3.45e-06
step    325 | train_loss 2.1203 | lr 3.42e-06
step    326 | train_loss 2.2300 | lr 3.39e-06
step    327 | train_loss 2.0831 | lr 3.36e-06
step    328 | train_loss 2.0938 | lr 3.33e-06
step    329 | train_loss 2.0620 | lr 3.30e-06
step    330 | train_loss 2.3058 | lr 3.27e-06
step    331 | train_loss 2.1254 | lr 3.25e-06
step    332 | train_loss 2.1952 | lr 3.22e-06
step    333 | train_loss 2.1139 | lr 3.20e-06
step    334 | train_loss 2.1331 | lr 3.18e-06
step    335 | train_loss 2.2103 | lr 3.16e-06
step    336 | train_loss 2.1211 | lr 3.14e-06
step    337 | train_loss 2.1595 | lr 3.12e-06
step    338 | train_loss 2.2126 | lr 3.10e-06
step    339 | train_loss 2.0972 | lr 3.09e-06
step    340 | train_loss 2.0234 | lr 3.07e-06
step    341 | train_loss 2.0374 | lr 3.06e-06
step    342 | train_loss 2.0720 | lr 3.05e-06
step    343 | train_loss 2.0738 | lr 3.04e-06
step    344 | train_loss 2.0816 | lr 3.03e-06
step    345 | train_loss 2.0523 | lr 3.02e-06
step    346 | train_loss 2.1225 | lr 3.02e-06
step    347 | train_loss 2.2051 | lr 3.01e-06
step    348 | train_loss 2.0420 | lr 3.01e-06
step    349 | train_loss 2.0573 | lr 3.00e-06
step    350 | train_loss 2.0407 | lr 3.00e-06
step    350 | val_loss 2.0678 | val_ppl 7.91
Saved checkpoint to checkpoints/sft_alpaca_packed_30/step_350.pt
