[supervisor] 2026-08-16T23:54:09+05:30 waiting for data preparation to finish...
[supervisor] 2026-08-16T23:54:09+05:30 data ready: 5000186213 tokens
[supervisor] 2026-08-16T23:54:09+05:30 attempt 1: resuming from step 500
[supervisor] launching on CUDA_VISIBLE_DEVICES=0 with nproc_per_node=1
Model vocab_size 50304 > tokenizer vocab_size 50259 (45 unused padding rows, kept for tensor-core alignment)
Data: 4,900,186,213 train tokens / 100,000,000 val tokens (9,570,651 windows at stride 512)
Model: medium (123,587,328 parameters)
Resumed from checkpoints/medium/step_500.pt at step 500
step    520 | train_loss 4.6050 | lr 6.00e-04
step    540 | train_loss 4.5427 | lr 6.00e-04
step    560 | train_loss 4.5304 | lr 6.00e-04
step    580 | train_loss 4.5432 | lr 6.00e-04
step    600 | train_loss 4.4486 | lr 6.00e-04
step    620 | train_loss 4.4264 | lr 6.00e-04
step    640 | train_loss 4.3933 | lr 6.00e-04
step    660 | train_loss 4.3726 | lr 6.00e-04
step    680 | train_loss 4.3785 | lr 6.00e-04
step    700 | train_loss 4.3468 | lr 6.00e-04
step    720 | train_loss 4.2309 | lr 6.00e-04
step    740 | train_loss 4.2341 | lr 6.00e-04
step    760 | train_loss 4.2647 | lr 6.00e-04
step    780 | train_loss 4.2381 | lr 6.00e-04
step    800 | train_loss 4.2048 | lr 5.99e-04
step    820 | train_loss 4.1737 | lr 5.99e-04
step    840 | train_loss 4.1610 | lr 5.99e-04
step    860 | train_loss 4.1591 | lr 5.99e-04
step    880 | train_loss 4.1163 | lr 5.99e-04
step    900 | train_loss 4.0785 | lr 5.99e-04
step    920 | train_loss 4.1264 | lr 5.99e-04
step    940 | train_loss 4.0808 | lr 5.99e-04
step    960 | train_loss 4.0965 | lr 5.99e-04
step    980 | train_loss 4.0431 | lr 5.99e-04
step   1000 | train_loss 4.0168 | lr 5.99e-04
step   1000 | val_loss 4.0782 | val_ppl 59.04
Saved checkpoint to checkpoints/medium/step_1000.pt
step   1020 | train_loss 4.0916 | lr 5.99e-04
step   1040 | train_loss 4.0552 | lr 5.99e-04
step   1060 | train_loss 4.0548 | lr 5.98e-04
step   1080 | train_loss 4.0147 | lr 5.98e-04
step   1100 | train_loss 3.9953 | lr 5.98e-04
step   1120 | train_loss 4.0440 | lr 5.98e-04
step   1140 | train_loss 4.0046 | lr 5.98e-04
step   1160 | train_loss 3.9693 | lr 5.98e-04
step   1180 | train_loss 3.9967 | lr 5.98e-04
step   1200 | train_loss 4.0087 | lr 5.98e-04
step   1220 | train_loss 4.0103 | lr 5.98e-04
step   1240 | train_loss 3.9422 | lr 5.98e-04
step   1260 | train_loss 3.9354 | lr 5.97e-04
step   1280 | train_loss 3.9429 | lr 5.97e-04
step   1300 | train_loss 3.9304 | lr 5.97e-04
step   1320 | train_loss 3.9619 | lr 5.97e-04
step   1340 | train_loss 3.9739 | lr 5.97e-04
step   1360 | train_loss 3.9027 | lr 5.97e-04
step   1380 | train_loss 3.9063 | lr 5.97e-04
step   1400 | train_loss 3.8799 | lr 5.97e-04
step   1420 | train_loss 3.8771 | lr 5.96e-04
step   1440 | train_loss 3.9062 | lr 5.96e-04
step   1460 | train_loss 3.8814 | lr 5.96e-04
step   1480 | train_loss 3.8796 | lr 5.96e-04
step   1500 | train_loss 3.8769 | lr 5.96e-04
step   1500 | val_loss 3.8711 | val_ppl 48.00
Saved checkpoint to checkpoints/medium/step_1500.pt
step   1520 | train_loss 3.8696 | lr 5.96e-04
step   1540 | train_loss 3.8963 | lr 5.96e-04
step   1560 | train_loss 3.8261 | lr 5.95e-04
step   1580 | train_loss 3.8676 | lr 5.95e-04
step   1600 | train_loss 3.8908 | lr 5.95e-04
step   1620 | train_loss 3.8316 | lr 5.95e-04
step   1640 | train_loss 3.8428 | lr 5.95e-04
step   1660 | train_loss 3.8772 | lr 5.95e-04
step   1680 | train_loss 3.8084 | lr 5.94e-04
step   1700 | train_loss 3.8584 | lr 5.94e-04
step   1720 | train_loss 3.7743 | lr 5.94e-04
step   1740 | train_loss 3.7817 | lr 5.94e-04
step   1760 | train_loss 3.8563 | lr 5.94e-04
step   1780 | train_loss 3.8054 | lr 5.93e-04
step   1800 | train_loss 3.8426 | lr 5.93e-04
step   1820 | train_loss 3.7618 | lr 5.93e-04
step   1840 | train_loss 3.8082 | lr 5.93e-04
step   1860 | train_loss 3.8633 | lr 5.93e-04
step   1880 | train_loss 3.8071 | lr 5.92e-04
step   1900 | train_loss 3.7941 | lr 5.92e-04
step   1920 | train_loss 3.8065 | lr 5.92e-04
step   1940 | train_loss 3.7918 | lr 5.92e-04
step   1960 | train_loss 3.7900 | lr 5.92e-04
step   1980 | train_loss 3.7892 | lr 5.91e-04
step   2000 | train_loss 3.8202 | lr 5.91e-04
step   2000 | val_loss 3.7510 | val_ppl 42.57
Saved checkpoint to checkpoints/medium/step_2000.pt
step   2020 | train_loss 3.7764 | lr 5.91e-04
step   2040 | train_loss 3.7814 | lr 5.91e-04
step   2060 | train_loss 3.7613 | lr 5.91e-04
step   2080 | train_loss 3.8061 | lr 5.90e-04
step   2100 | train_loss 3.7399 | lr 5.90e-04
step   2120 | train_loss 3.7258 | lr 5.90e-04
step   2140 | train_loss 3.7676 | lr 5.90e-04
step   2160 | train_loss 3.7671 | lr 5.89e-04
step   2180 | train_loss 3.7471 | lr 5.89e-04
step   2200 | train_loss 3.7458 | lr 5.89e-04
step   2220 | train_loss 3.7896 | lr 5.89e-04
step   2240 | train_loss 3.7181 | lr 5.88e-04
step   2260 | train_loss 3.7476 | lr 5.88e-04
step   2280 | train_loss 3.7138 | lr 5.88e-04
step   2300 | train_loss 3.7433 | lr 5.88e-04
step   2320 | train_loss 3.7004 | lr 5.87e-04
step   2340 | train_loss 3.7433 | lr 5.87e-04
step   2360 | train_loss 3.6905 | lr 5.87e-04
step   2380 | train_loss 3.7462 | lr 5.87e-04
step   2400 | train_loss 3.7740 | lr 5.86e-04
step   2420 | train_loss 3.7258 | lr 5.86e-04
step   2440 | train_loss 3.7604 | lr 5.86e-04
step   2460 | train_loss 3.6515 | lr 5.85e-04
step   2480 | train_loss 3.6841 | lr 5.85e-04
step   2500 | train_loss 3.7264 | lr 5.85e-04
step   2500 | val_loss 3.6738 | val_ppl 39.40
Saved checkpoint to checkpoints/medium/step_2500.pt
step   2520 | train_loss 3.7138 | lr 5.85e-04
step   2540 | train_loss 3.7272 | lr 5.84e-04
step   2560 | train_loss 3.6386 | lr 5.84e-04
step   2580 | train_loss 3.6427 | lr 5.84e-04
step   2600 | train_loss 3.6338 | lr 5.83e-04
step   2620 | train_loss 3.6563 | lr 5.83e-04
step   2640 | train_loss 3.6894 | lr 5.83e-04
step   2660 | train_loss 3.6581 | lr 5.82e-04
step   2680 | train_loss 3.6836 | lr 5.82e-04
step   2700 | train_loss 3.6835 | lr 5.82e-04
step   2720 | train_loss 3.6526 | lr 5.82e-04
step   2740 | train_loss 3.6713 | lr 5.81e-04
step   2760 | train_loss 3.6638 | lr 5.81e-04
step   2780 | train_loss 3.6656 | lr 5.81e-04
step   2800 | train_loss 3.6566 | lr 5.80e-04
step   2820 | train_loss 3.6551 | lr 5.80e-04
step   2840 | train_loss 3.6916 | lr 5.80e-04
step   2860 | train_loss 3.6646 | lr 5.79e-04
step   2880 | train_loss 3.6494 | lr 5.79e-04
step   2900 | train_loss 3.6594 | lr 5.79e-04
step   2920 | train_loss 3.6268 | lr 5.78e-04
step   2940 | train_loss 3.6601 | lr 5.78e-04
step   2960 | train_loss 3.6155 | lr 5.78e-04
step   2980 | train_loss 3.5831 | lr 5.77e-04
step   3000 | train_loss 3.6176 | lr 5.77e-04
step   3000 | val_loss 3.6156 | val_ppl 37.18
Saved checkpoint to checkpoints/medium/step_3000.pt
step   3020 | train_loss 3.6179 | lr 5.77e-04
step   3040 | train_loss 3.5986 | lr 5.76e-04
step   3060 | train_loss 3.6968 | lr 5.76e-04
step   3080 | train_loss 3.6533 | lr 5.75e-04
step   3100 | train_loss 3.6488 | lr 5.75e-04
step   3120 | train_loss 3.6547 | lr 5.75e-04
step   3140 | train_loss 3.6541 | lr 5.74e-04
step   3160 | train_loss 3.6128 | lr 5.74e-04
step   3180 | train_loss 3.6443 | lr 5.74e-04
step   3200 | train_loss 3.6620 | lr 5.73e-04
step   3220 | train_loss 3.5818 | lr 5.73e-04
step   3240 | train_loss 3.6354 | lr 5.73e-04
step   3260 | train_loss 3.5897 | lr 5.72e-04
step   3280 | train_loss 3.6830 | lr 5.72e-04
step   3300 | train_loss 3.6566 | lr 5.71e-04
step   3320 | train_loss 3.5705 | lr 5.71e-04
step   3340 | train_loss 3.6272 | lr 5.71e-04
step   3360 | train_loss 3.6247 | lr 5.70e-04
step   3380 | train_loss 3.6006 | lr 5.70e-04
step   3400 | train_loss 3.5754 | lr 5.69e-04
step   3420 | train_loss 3.5659 | lr 5.69e-04
step   3440 | train_loss 3.5577 | lr 5.69e-04
step   3460 | train_loss 3.6117 | lr 5.68e-04
step   3480 | train_loss 3.6320 | lr 5.68e-04
step   3500 | train_loss 3.6173 | lr 5.67e-04
step   3500 | val_loss 3.5713 | val_ppl 35.56
Saved checkpoint to checkpoints/medium/step_3500.pt
step   3520 | train_loss 3.6387 | lr 5.67e-04
step   3540 | train_loss 3.6235 | lr 5.67e-04
step   3560 | train_loss 3.6444 | lr 5.66e-04
step   3580 | train_loss 3.5845 | lr 5.66e-04
step   3600 | train_loss 3.6127 | lr 5.65e-04
step   3620 | train_loss 3.6638 | lr 5.65e-04
step   3640 | train_loss 3.6023 | lr 5.64e-04
step   3660 | train_loss 3.5750 | lr 5.64e-04
step   3680 | train_loss 3.5825 | lr 5.64e-04
step   3700 | train_loss 3.5493 | lr 5.63e-04
step   3720 | train_loss 3.6007 | lr 5.63e-04
step   3740 | train_loss 3.5533 | lr 5.62e-04
step   3760 | train_loss 3.6153 | lr 5.62e-04
step   3780 | train_loss 3.5900 | lr 5.61e-04
step   3800 | train_loss 3.5963 | lr 5.61e-04
step   3820 | train_loss 3.6039 | lr 5.60e-04
step   3840 | train_loss 3.5926 | lr 5.60e-04
step   3860 | train_loss 3.5768 | lr 5.60e-04
step   3880 | train_loss 3.5443 | lr 5.59e-04
step   3900 | train_loss 3.5457 | lr 5.59e-04
step   3920 | train_loss 3.5587 | lr 5.58e-04
step   3940 | train_loss 3.5338 | lr 5.58e-04
step   3960 | train_loss 3.5736 | lr 5.57e-04
step   3980 | train_loss 3.5999 | lr 5.57e-04
step   4000 | train_loss 3.5340 | lr 5.56e-04
step   4000 | val_loss 3.5333 | val_ppl 34.24
Saved checkpoint to checkpoints/medium/step_4000.pt
step   4020 | train_loss 3.5394 | lr 5.56e-04
step   4040 | train_loss 3.5862 | lr 5.55e-04
step   4060 | train_loss 3.5560 | lr 5.55e-04
step   4080 | train_loss 3.5023 | lr 5.54e-04
step   4100 | train_loss 3.5660 | lr 5.54e-04
step   4120 | train_loss 3.5286 | lr 5.53e-04
step   4140 | train_loss 3.4891 | lr 5.53e-04
step   4160 | train_loss 3.5788 | lr 5.52e-04
step   4180 | train_loss 3.5604 | lr 5.52e-04
step   4200 | train_loss 3.4937 | lr 5.51e-04
step   4220 | train_loss 3.5094 | lr 5.51e-04
step   4240 | train_loss 3.5056 | lr 5.50e-04
step   4260 | train_loss 3.5466 | lr 5.50e-04
step   4280 | train_loss 3.5675 | lr 5.49e-04
step   4300 | train_loss 3.5799 | lr 5.49e-04
step   4320 | train_loss 3.5415 | lr 5.48e-04
step   4340 | train_loss 3.5155 | lr 5.48e-04
step   4360 | train_loss 3.5009 | lr 5.47e-04
step   4380 | train_loss 3.5781 | lr 5.47e-04
step   4400 | train_loss 3.5402 | lr 5.46e-04
step   4420 | train_loss 3.5210 | lr 5.46e-04
step   4440 | train_loss 3.5415 | lr 5.45e-04
step   4460 | train_loss 3.5597 | lr 5.45e-04
step   4480 | train_loss 3.5716 | lr 5.44e-04
step   4500 | train_loss 3.5766 | lr 5.44e-04
step   4500 | val_loss 3.5069 | val_ppl 33.34
Saved checkpoint to checkpoints/medium/step_4500.pt
step   4520 | train_loss 3.4999 | lr 5.43e-04
step   4540 | train_loss 3.5441 | lr 5.43e-04
step   4560 | train_loss 3.5127 | lr 5.42e-04
step   4580 | train_loss 3.5247 | lr 5.42e-04
step   4600 | train_loss 3.5567 | lr 5.41e-04
step   4620 | train_loss 3.5365 | lr 5.41e-04
step   4640 | train_loss 3.5870 | lr 5.40e-04
step   4660 | train_loss 3.5681 | lr 5.39e-04
step   4680 | train_loss 3.5473 | lr 5.39e-04
step   4700 | train_loss 3.5080 | lr 5.38e-04
step   4720 | train_loss 3.5079 | lr 5.38e-04
step   4740 | train_loss 3.5005 | lr 5.37e-04
step   4760 | train_loss 3.5336 | lr 5.37e-04
step   4780 | train_loss 3.5013 | lr 5.36e-04
step   4800 | train_loss 3.5065 | lr 5.36e-04
step   4820 | train_loss 3.4650 | lr 5.35e-04
step   4840 | train_loss 3.4846 | lr 5.34e-04
step   4860 | train_loss 3.5593 | lr 5.34e-04
step   4880 | train_loss 3.4891 | lr 5.33e-04
step   4900 | train_loss 3.4939 | lr 5.33e-04
step   4920 | train_loss 3.5375 | lr 5.32e-04
step   4940 | train_loss 3.5154 | lr 5.32e-04
step   4960 | train_loss 3.5444 | lr 5.31e-04
step   4980 | train_loss 3.5050 | lr 5.30e-04
step   5000 | train_loss 3.5393 | lr 5.30e-04
step   5000 | val_loss 3.4774 | val_ppl 32.38
Saved checkpoint to checkpoints/medium/step_5000.pt
step   5020 | train_loss 3.4912 | lr 5.29e-04
step   5040 | train_loss 3.5154 | lr 5.29e-04
step   5060 | train_loss 3.5341 | lr 5.28e-04
step   5080 | train_loss 3.4868 | lr 5.28e-04
step   5100 | train_loss 3.5384 | lr 5.27e-04
step   5120 | train_loss 3.4734 | lr 5.26e-04
step   5140 | train_loss 3.4977 | lr 5.26e-04
step   5160 | train_loss 3.5358 | lr 5.25e-04
step   5180 | train_loss 3.4984 | lr 5.25e-04
step   5200 | train_loss 3.4838 | lr 5.24e-04
step   5220 | train_loss 3.5235 | lr 5.23e-04
step   5240 | train_loss 3.4930 | lr 5.23e-04
step   5260 | train_loss 3.4623 | lr 5.22e-04
step   5280 | train_loss 3.4742 | lr 5.22e-04
step   5300 | train_loss 3.4905 | lr 5.21e-04
step   5320 | train_loss 3.4729 | lr 5.20e-04
step   5340 | train_loss 3.4897 | lr 5.20e-04
step   5360 | train_loss 3.5035 | lr 5.19e-04
step   5380 | train_loss 3.5315 | lr 5.18e-04
step   5400 | train_loss 3.4890 | lr 5.18e-04
step   5420 | train_loss 3.4998 | lr 5.17e-04
step   5440 | train_loss 3.4604 | lr 5.17e-04
step   5460 | train_loss 3.4751 | lr 5.16e-04
step   5480 | train_loss 3.4908 | lr 5.15e-04
step   5500 | train_loss 3.4642 | lr 5.15e-04
step   5500 | val_loss 3.4560 | val_ppl 31.69
Saved checkpoint to checkpoints/medium/step_5500.pt
step   5520 | train_loss 3.4890 | lr 5.14e-04
step   5540 | train_loss 3.4728 | lr 5.13e-04
step   5560 | train_loss 3.5060 | lr 5.13e-04
step   5580 | train_loss 3.5483 | lr 5.12e-04
step   5600 | train_loss 3.5049 | lr 5.12e-04
step   5620 | train_loss 3.4707 | lr 5.11e-04
step   5640 | train_loss 3.4789 | lr 5.10e-04
step   5660 | train_loss 3.4359 | lr 5.10e-04
step   5680 | train_loss 3.4861 | lr 5.09e-04
step   5700 | train_loss 3.4618 | lr 5.08e-04
step   5720 | train_loss 3.4547 | lr 5.08e-04
step   5740 | train_loss 3.4437 | lr 5.07e-04
step   5760 | train_loss 3.4593 | lr 5.06e-04
step   5780 | train_loss 3.5057 | lr 5.06e-04
step   5800 | train_loss 3.4427 | lr 5.05e-04
step   5820 | train_loss 3.4908 | lr 5.04e-04
step   5840 | train_loss 3.4465 | lr 5.04e-04
step   5860 | train_loss 3.3994 | lr 5.03e-04
step   5880 | train_loss 3.4779 | lr 5.02e-04
step   5900 | train_loss 3.4711 | lr 5.02e-04
step   5920 | train_loss 3.4655 | lr 5.01e-04
step   5940 | train_loss 3.5103 | lr 5.00e-04
step   5960 | train_loss 3.4939 | lr 5.00e-04
step   5980 | train_loss 3.4879 | lr 4.99e-04
step   6000 | train_loss 3.4748 | lr 4.98e-04
step   6000 | val_loss 3.4367 | val_ppl 31.08
Saved checkpoint to checkpoints/medium/step_6000.pt
step   6020 | train_loss 3.4606 | lr 4.98e-04
step   6040 | train_loss 3.4423 | lr 4.97e-04
step   6060 | train_loss 3.4576 | lr 4.96e-04
step   6080 | train_loss 3.4436 | lr 4.96e-04
step   6100 | train_loss 3.4723 | lr 4.95e-04
step   6120 | train_loss 3.4330 | lr 4.94e-04
step   6140 | train_loss 3.4456 | lr 4.94e-04
step   6160 | train_loss 3.4726 | lr 4.93e-04
step   6180 | train_loss 3.5171 | lr 4.92e-04
step   6200 | train_loss 3.4543 | lr 4.92e-04
step   6220 | train_loss 3.4600 | lr 4.91e-04
step   6240 | train_loss 3.4586 | lr 4.90e-04
step   6260 | train_loss 3.4824 | lr 4.89e-04
step   6280 | train_loss 3.4232 | lr 4.89e-04
step   6300 | train_loss 3.4459 | lr 4.88e-04
step   6320 | train_loss 3.4402 | lr 4.87e-04
step   6340 | train_loss 3.4319 | lr 4.87e-04
step   6360 | train_loss 3.4365 | lr 4.86e-04
step   6380 | train_loss 3.4454 | lr 4.85e-04
step   6400 | train_loss 3.4818 | lr 4.85e-04
step   6420 | train_loss 3.4765 | lr 4.84e-04
step   6440 | train_loss 3.4504 | lr 4.83e-04
step   6460 | train_loss 3.4323 | lr 4.82e-04
step   6480 | train_loss 3.4341 | lr 4.82e-04
step   6500 | train_loss 3.4717 | lr 4.81e-04
step   6500 | val_loss 3.4149 | val_ppl 30.41
Saved checkpoint to checkpoints/medium/step_6500.pt
step   6520 | train_loss 3.4382 | lr 4.80e-04
step   6540 | train_loss 3.4522 | lr 4.79e-04
step   6560 | train_loss 3.4549 | lr 4.79e-04
step   6580 | train_loss 3.4677 | lr 4.78e-04
step   6600 | train_loss 3.4543 | lr 4.77e-04
step   6620 | train_loss 3.3949 | lr 4.77e-04
step   6640 | train_loss 3.4512 | lr 4.76e-04
step   6660 | train_loss 3.4188 | lr 4.75e-04
step   6680 | train_loss 3.4432 | lr 4.74e-04
step   6700 | train_loss 3.4389 | lr 4.74e-04
step   6720 | train_loss 3.4451 | lr 4.73e-04
step   6740 | train_loss 3.3984 | lr 4.72e-04
step   6760 | train_loss 3.4034 | lr 4.71e-04
step   6780 | train_loss 3.4499 | lr 4.71e-04
step   6800 | train_loss 3.4328 | lr 4.70e-04
step   6820 | train_loss 3.4055 | lr 4.69e-04
step   6840 | train_loss 3.4106 | lr 4.69e-04
step   6860 | train_loss 3.4544 | lr 4.68e-04
step   6880 | train_loss 3.4271 | lr 4.67e-04
step   6900 | train_loss 3.4710 | lr 4.66e-04
step   6920 | train_loss 3.4171 | lr 4.66e-04
step   6940 | train_loss 3.4710 | lr 4.65e-04
step   6960 | train_loss 3.4481 | lr 4.64e-04
step   6980 | train_loss 3.4037 | lr 4.63e-04
step   7000 | train_loss 3.4025 | lr 4.63e-04
step   7000 | val_loss 3.3983 | val_ppl 29.91
Saved checkpoint to checkpoints/medium/step_7000.pt
step   7020 | train_loss 3.4445 | lr 4.62e-04
step   7040 | train_loss 3.4000 | lr 4.61e-04
step   7060 | train_loss 3.4111 | lr 4.60e-04
step   7080 | train_loss 3.3860 | lr 4.60e-04
step   7100 | train_loss 3.4323 | lr 4.59e-04
step   7120 | train_loss 3.3844 | lr 4.58e-04
step   7140 | train_loss 3.3944 | lr 4.57e-04
step   7160 | train_loss 3.4367 | lr 4.56e-04
step   7180 | train_loss 3.4050 | lr 4.56e-04
step   7200 | train_loss 3.4510 | lr 4.55e-04
step   7220 | train_loss 3.4229 | lr 4.54e-04
step   7240 | train_loss 3.4045 | lr 4.53e-04
step   7260 | train_loss 3.3957 | lr 4.53e-04
step   7280 | train_loss 3.3982 | lr 4.52e-04
step   7300 | train_loss 3.4129 | lr 4.51e-04
step   7320 | train_loss 3.4266 | lr 4.50e-04
step   7340 | train_loss 3.4488 | lr 4.50e-04
step   7360 | train_loss 3.4034 | lr 4.49e-04
step   7380 | train_loss 3.4040 | lr 4.48e-04
step   7400 | train_loss 3.3861 | lr 4.47e-04
step   7420 | train_loss 3.4623 | lr 4.46e-04
step   7440 | train_loss 3.4699 | lr 4.46e-04
step   7460 | train_loss 3.3957 | lr 4.45e-04
step   7480 | train_loss 3.4193 | lr 4.44e-04
step   7500 | train_loss 3.3901 | lr 4.43e-04
step   7500 | val_loss 3.3818 | val_ppl 29.42
Saved checkpoint to checkpoints/medium/step_7500.pt
step   7520 | train_loss 3.3902 | lr 4.42e-04
step   7540 | train_loss 3.4266 | lr 4.42e-04
step   7560 | train_loss 3.4245 | lr 4.41e-04
step   7580 | train_loss 3.3887 | lr 4.40e-04
step   7600 | train_loss 3.3598 | lr 4.39e-04
step   7620 | train_loss 3.3681 | lr 4.39e-04
step   7640 | train_loss 3.3860 | lr 4.38e-04
step   7660 | train_loss 3.4121 | lr 4.37e-04
step   7680 | train_loss 3.3795 | lr 4.36e-04
step   7700 | train_loss 3.4009 | lr 4.35e-04
step   7720 | train_loss 3.4079 | lr 4.35e-04
step   7740 | train_loss 3.4287 | lr 4.34e-04
step   7760 | train_loss 3.4145 | lr 4.33e-04
step   7780 | train_loss 3.4441 | lr 4.32e-04
step   7800 | train_loss 3.3692 | lr 4.31e-04
step   7820 | train_loss 3.3723 | lr 4.31e-04
step   7840 | train_loss 3.3994 | lr 4.30e-04
step   7860 | train_loss 3.4037 | lr 4.29e-04
step   7880 | train_loss 3.4183 | lr 4.28e-04
step   7900 | train_loss 3.4076 | lr 4.27e-04
step   7920 | train_loss 3.4458 | lr 4.27e-04
step   7940 | train_loss 3.3772 | lr 4.26e-04
step   7960 | train_loss 3.3730 | lr 4.25e-04
step   7980 | train_loss 3.4187 | lr 4.24e-04
step   8000 | train_loss 3.3497 | lr 4.23e-04
step   8000 | val_loss 3.3627 | val_ppl 28.87
Saved checkpoint to checkpoints/medium/step_8000.pt
step   8020 | train_loss 3.3970 | lr 4.22e-04
step   8040 | train_loss 3.4158 | lr 4.22e-04
step   8060 | train_loss 3.4061 | lr 4.21e-04
step   8080 | train_loss 3.4053 | lr 4.20e-04
step   8100 | train_loss 3.4401 | lr 4.19e-04
step   8120 | train_loss 3.3508 | lr 4.18e-04
step   8140 | train_loss 3.3752 | lr 4.18e-04
step   8160 | train_loss 3.4003 | lr 4.17e-04
step   8180 | train_loss 3.3960 | lr 4.16e-04
step   8200 | train_loss 3.3644 | lr 4.15e-04
step   8220 | train_loss 3.3533 | lr 4.14e-04
step   8240 | train_loss 3.3877 | lr 4.13e-04
step   8260 | train_loss 3.3943 | lr 4.13e-04
step   8280 | train_loss 3.4422 | lr 4.12e-04
step   8300 | train_loss 3.3465 | lr 4.11e-04
step   8320 | train_loss 3.4353 | lr 4.10e-04
step   8340 | train_loss 3.3778 | lr 4.09e-04
step   8360 | train_loss 3.3718 | lr 4.09e-04
step   8380 | train_loss 3.3736 | lr 4.08e-04
step   8400 | train_loss 3.3357 | lr 4.07e-04
step   8420 | train_loss 3.3820 | lr 4.06e-04
step   8440 | train_loss 3.3676 | lr 4.05e-04
step   8460 | train_loss 3.3403 | lr 4.04e-04
step   8480 | train_loss 3.3500 | lr 4.04e-04
step   8500 | train_loss 3.4023 | lr 4.03e-04
step   8500 | val_loss 3.3485 | val_ppl 28.46
Saved checkpoint to checkpoints/medium/step_8500.pt
step   8520 | train_loss 3.3806 | lr 4.02e-04
step   8540 | train_loss 3.3819 | lr 4.01e-04
step   8560 | train_loss 3.4245 | lr 4.00e-04
step   8580 | train_loss 3.3485 | lr 3.99e-04
step   8600 | train_loss 3.3717 | lr 3.99e-04
step   8620 | train_loss 3.3826 | lr 3.98e-04
step   8640 | train_loss 3.3752 | lr 3.97e-04
step   8660 | train_loss 3.3962 | lr 3.96e-04
step   8680 | train_loss 3.3854 | lr 3.95e-04
step   8700 | train_loss 3.3391 | lr 3.94e-04
step   8720 | train_loss 3.3698 | lr 3.93e-04
step   8740 | train_loss 3.4177 | lr 3.93e-04
step   8760 | train_loss 3.4152 | lr 3.92e-04
step   8780 | train_loss 3.3660 | lr 3.91e-04
step   8800 | train_loss 3.3609 | lr 3.90e-04
step   8820 | train_loss 3.3931 | lr 3.89e-04
step   8840 | train_loss 3.3861 | lr 3.88e-04
step   8860 | train_loss 3.3433 | lr 3.88e-04
step   8880 | train_loss 3.3576 | lr 3.87e-04
step   8900 | train_loss 3.4243 | lr 3.86e-04
step   8920 | train_loss 3.3969 | lr 3.85e-04
step   8940 | train_loss 3.3911 | lr 3.84e-04
step   8960 | train_loss 3.3560 | lr 3.83e-04
step   8980 | train_loss 3.3707 | lr 3.83e-04
step   9000 | train_loss 3.3476 | lr 3.82e-04
step   9000 | val_loss 3.3345 | val_ppl 28.06
Saved checkpoint to checkpoints/medium/step_9000.pt
step   9020 | train_loss 3.3941 | lr 3.81e-04
step   9040 | train_loss 3.3841 | lr 3.80e-04
step   9060 | train_loss 3.3899 | lr 3.79e-04
step   9080 | train_loss 3.3800 | lr 3.78e-04
step   9100 | train_loss 3.3806 | lr 3.77e-04
step   9120 | train_loss 3.3730 | lr 3.77e-04
step   9140 | train_loss 3.3903 | lr 3.76e-04
step   9160 | train_loss 3.4337 | lr 3.75e-04
step   9180 | train_loss 3.3956 | lr 3.74e-04
step   9200 | train_loss 3.3657 | lr 3.73e-04
step   9220 | train_loss 3.3779 | lr 3.72e-04
step   9240 | train_loss 3.3721 | lr 3.71e-04
step   9260 | train_loss 3.3443 | lr 3.71e-04
step   9280 | train_loss 3.3254 | lr 3.70e-04
step   9300 | train_loss 3.3667 | lr 3.69e-04
step   9320 | train_loss 3.3447 | lr 3.68e-04
step   9340 | train_loss 3.3550 | lr 3.67e-04
step   9360 | train_loss 3.3556 | lr 3.66e-04
step   9380 | train_loss 3.3665 | lr 3.65e-04
step   9400 | train_loss 3.3381 | lr 3.65e-04
step   9420 | train_loss 3.3272 | lr 3.64e-04
step   9440 | train_loss 3.3168 | lr 3.63e-04
step   9460 | train_loss 3.3408 | lr 3.62e-04
step   9480 | train_loss 3.3309 | lr 3.61e-04
step   9500 | train_loss 3.3619 | lr 3.60e-04
step   9500 | val_loss 3.3225 | val_ppl 27.73
Saved checkpoint to checkpoints/medium/step_9500.pt
step   9520 | train_loss 3.3157 | lr 3.59e-04
step   9540 | train_loss 3.3306 | lr 3.59e-04
step   9560 | train_loss 3.3578 | lr 3.58e-04
step   9580 | train_loss 3.3716 | lr 3.57e-04
step   9600 | train_loss 3.3317 | lr 3.56e-04
step   9620 | train_loss 3.3302 | lr 3.55e-04
step   9640 | train_loss 3.4073 | lr 3.54e-04
step   9660 | train_loss 3.3918 | lr 3.53e-04
step   9680 | train_loss 3.3647 | lr 3.53e-04
step   9700 | train_loss 3.3643 | lr 3.52e-04
step   9720 | train_loss 3.3326 | lr 3.51e-04
step   9740 | train_loss 3.3604 | lr 3.50e-04
step   9760 | train_loss 3.3077 | lr 3.49e-04
step   9780 | train_loss 3.3179 | lr 3.48e-04
step   9800 | train_loss 3.3502 | lr 3.47e-04
step   9820 | train_loss 3.3831 | lr 3.46e-04
step   9840 | train_loss 3.3461 | lr 3.46e-04
step   9860 | train_loss 3.3201 | lr 3.45e-04
step   9880 | train_loss 3.3248 | lr 3.44e-04
step   9900 | train_loss 3.3381 | lr 3.43e-04
step   9920 | train_loss 3.3559 | lr 3.42e-04
step   9940 | train_loss 3.3201 | lr 3.41e-04
step   9960 | train_loss 3.3816 | lr 3.40e-04
step   9980 | train_loss 3.3660 | lr 3.40e-04
step  10000 | train_loss 3.3594 | lr 3.39e-04
step  10000 | val_loss 3.3104 | val_ppl 27.39
Saved checkpoint to checkpoints/medium/step_10000.pt
step  10020 | train_loss 3.3348 | lr 3.38e-04
step  10040 | train_loss 3.3930 | lr 3.37e-04
step  10060 | train_loss 3.3178 | lr 3.36e-04
step  10080 | train_loss 3.3310 | lr 3.35e-04
step  10100 | train_loss 3.3506 | lr 3.34e-04
step  10120 | train_loss 3.2833 | lr 3.34e-04
step  10140 | train_loss 3.3595 | lr 3.33e-04
step  10160 | train_loss 3.3677 | lr 3.32e-04
step  10180 | train_loss 3.3254 | lr 3.31e-04
step  10200 | train_loss 3.3323 | lr 3.30e-04
step  10220 | train_loss 3.2909 | lr 3.29e-04
step  10240 | train_loss 3.3088 | lr 3.28e-04
step  10260 | train_loss 3.2957 | lr 3.27e-04
step  10280 | train_loss 3.3286 | lr 3.27e-04
step  10300 | train_loss 3.3588 | lr 3.26e-04
step  10320 | train_loss 3.3087 | lr 3.25e-04
step  10340 | train_loss 3.3156 | lr 3.24e-04
step  10360 | train_loss 3.3262 | lr 3.23e-04
step  10380 | train_loss 3.3081 | lr 3.22e-04
step  10400 | train_loss 3.3630 | lr 3.21e-04
step  10420 | train_loss 3.3577 | lr 3.21e-04
step  10440 | train_loss 3.3198 | lr 3.20e-04
step  10460 | train_loss 3.2809 | lr 3.19e-04
step  10480 | train_loss 3.3127 | lr 3.18e-04
step  10500 | train_loss 3.3217 | lr 3.17e-04
step  10500 | val_loss 3.2965 | val_ppl 27.02
Saved checkpoint to checkpoints/medium/step_10500.pt
step  10520 | train_loss 3.3360 | lr 3.16e-04
step  10540 | train_loss 3.2975 | lr 3.15e-04
step  10560 | train_loss 3.3425 | lr 3.14e-04
step  10580 | train_loss 3.3213 | lr 3.14e-04
step  10600 | train_loss 3.3750 | lr 3.13e-04
step  10620 | train_loss 3.3577 | lr 3.12e-04
step  10640 | train_loss 3.3164 | lr 3.11e-04
step  10660 | train_loss 3.3085 | lr 3.10e-04
step  10680 | train_loss 3.3712 | lr 3.09e-04
step  10700 | train_loss 3.3564 | lr 3.08e-04
step  10720 | train_loss 3.2963 | lr 3.08e-04
step  10740 | train_loss 3.3154 | lr 3.07e-04
step  10760 | train_loss 3.2928 | lr 3.06e-04
step  10780 | train_loss 3.3493 | lr 3.05e-04
step  10800 | train_loss 3.2698 | lr 3.04e-04
step  10820 | train_loss 3.3359 | lr 3.03e-04
step  10840 | train_loss 3.3066 | lr 3.02e-04
step  10860 | train_loss 3.3529 | lr 3.02e-04
step  10880 | train_loss 3.3031 | lr 3.01e-04
step  10900 | train_loss 3.3278 | lr 3.00e-04
step  10920 | train_loss 3.2829 | lr 2.99e-04
step  10940 | train_loss 3.2753 | lr 2.98e-04
step  10960 | train_loss 3.2949 | lr 2.97e-04
step  10980 | train_loss 3.3394 | lr 2.96e-04
step  11000 | train_loss 3.3580 | lr 2.96e-04
step  11000 | val_loss 3.2851 | val_ppl 26.71
Saved checkpoint to checkpoints/medium/step_11000.pt
step  11020 | train_loss 3.2895 | lr 2.95e-04
step  11040 | train_loss 3.3166 | lr 2.94e-04
step  11060 | train_loss 3.3128 | lr 2.93e-04
step  11080 | train_loss 3.3269 | lr 2.92e-04
step  11100 | train_loss 3.3099 | lr 2.91e-04
step  11120 | train_loss 3.3162 | lr 2.90e-04
step  11140 | train_loss 3.3447 | lr 2.90e-04
step  11160 | train_loss 3.3384 | lr 2.89e-04
step  11180 | train_loss 3.3316 | lr 2.88e-04
step  11200 | train_loss 3.3302 | lr 2.87e-04
step  11220 | train_loss 3.2905 | lr 2.86e-04
step  11240 | train_loss 3.3049 | lr 2.85e-04
step  11260 | train_loss 3.3603 | lr 2.84e-04
step  11280 | train_loss 3.3122 | lr 2.84e-04
step  11300 | train_loss 3.2717 | lr 2.83e-04
step  11320 | train_loss 3.2733 | lr 2.82e-04
step  11340 | train_loss 3.3017 | lr 2.81e-04
step  11360 | train_loss 3.3043 | lr 2.80e-04
step  11380 | train_loss 3.3476 | lr 2.79e-04
step  11400 | train_loss 3.3235 | lr 2.78e-04
step  11420 | train_loss 3.3042 | lr 2.78e-04
step  11440 | train_loss 3.3142 | lr 2.77e-04
step  11460 | train_loss 3.2962 | lr 2.76e-04
step  11480 | train_loss 3.3454 | lr 2.75e-04
step  11500 | train_loss 3.2723 | lr 2.74e-04
step  11500 | val_loss 3.2742 | val_ppl 26.42
Saved checkpoint to checkpoints/medium/step_11500.pt
step  11520 | train_loss 3.3080 | lr 2.73e-04
step  11540 | train_loss 3.3132 | lr 2.72e-04
step  11560 | train_loss 3.3292 | lr 2.72e-04
step  11580 | train_loss 3.3258 | lr 2.71e-04
step  11600 | train_loss 3.3282 | lr 2.70e-04
step  11620 | train_loss 3.2451 | lr 2.69e-04
step  11640 | train_loss 3.2870 | lr 2.68e-04
step  11660 | train_loss 3.3252 | lr 2.67e-04
step  11680 | train_loss 3.2956 | lr 2.67e-04
step  11700 | train_loss 3.2449 | lr 2.66e-04
step  11720 | train_loss 3.2838 | lr 2.65e-04
step  11740 | train_loss 3.2599 | lr 2.64e-04
step  11760 | train_loss 3.2909 | lr 2.63e-04
step  11780 | train_loss 3.2616 | lr 2.62e-04
step  11800 | train_loss 3.2857 | lr 2.62e-04
step  11820 | train_loss 3.2993 | lr 2.61e-04
step  11840 | train_loss 3.2763 | lr 2.60e-04
step  11860 | train_loss 3.2633 | lr 2.59e-04
step  11880 | train_loss 3.2710 | lr 2.58e-04
step  11900 | train_loss 3.2805 | lr 2.57e-04
step  11920 | train_loss 3.2910 | lr 2.57e-04
step  11940 | train_loss 3.2785 | lr 2.56e-04
step  11960 | train_loss 3.2638 | lr 2.55e-04
step  11980 | train_loss 3.3197 | lr 2.54e-04
step  12000 | train_loss 3.3152 | lr 2.53e-04
step  12000 | val_loss 3.2651 | val_ppl 26.18
Saved checkpoint to checkpoints/medium/step_12000.pt
step  12020 | train_loss 3.2635 | lr 2.52e-04
step  12040 | train_loss 3.3031 | lr 2.52e-04
step  12060 | train_loss 3.3280 | lr 2.51e-04
step  12080 | train_loss 3.2854 | lr 2.50e-04
step  12100 | train_loss 3.3039 | lr 2.49e-04
step  12120 | train_loss 3.3000 | lr 2.48e-04
step  12140 | train_loss 3.2849 | lr 2.47e-04
step  12160 | train_loss 3.2697 | lr 2.47e-04
step  12180 | train_loss 3.2642 | lr 2.46e-04
step  12200 | train_loss 3.2739 | lr 2.45e-04
step  12220 | train_loss 3.3024 | lr 2.44e-04
step  12240 | train_loss 3.3262 | lr 2.43e-04
step  12260 | train_loss 3.3067 | lr 2.43e-04
step  12280 | train_loss 3.2672 | lr 2.42e-04
step  12300 | train_loss 3.2692 | lr 2.41e-04
step  12320 | train_loss 3.3162 | lr 2.40e-04
step  12340 | train_loss 3.2102 | lr 2.39e-04
step  12360 | train_loss 3.2708 | lr 2.38e-04
step  12380 | train_loss 3.2738 | lr 2.38e-04
step  12400 | train_loss 3.2738 | lr 2.37e-04
step  12420 | train_loss 3.2798 | lr 2.36e-04
step  12440 | train_loss 3.3139 | lr 2.35e-04
step  12460 | train_loss 3.2968 | lr 2.34e-04
step  12480 | train_loss 3.2987 | lr 2.34e-04
step  12500 | train_loss 3.2858 | lr 2.33e-04
step  12500 | val_loss 3.2523 | val_ppl 25.85
Saved checkpoint to checkpoints/medium/step_12500.pt
step  12520 | train_loss 3.2392 | lr 2.32e-04
step  12540 | train_loss 3.3022 | lr 2.31e-04
step  12560 | train_loss 3.2708 | lr 2.30e-04
step  12580 | train_loss 3.2884 | lr 2.30e-04
step  12600 | train_loss 3.2670 | lr 2.29e-04
step  12620 | train_loss 3.2600 | lr 2.28e-04
step  12640 | train_loss 3.3045 | lr 2.27e-04
step  12660 | train_loss 3.2858 | lr 2.26e-04
step  12680 | train_loss 3.2871 | lr 2.26e-04
step  12700 | train_loss 3.2641 | lr 2.25e-04
step  12720 | train_loss 3.2902 | lr 2.24e-04
step  12740 | train_loss 3.2503 | lr 2.23e-04
step  12760 | train_loss 3.2728 | lr 2.22e-04
step  12780 | train_loss 3.2418 | lr 2.22e-04
step  12800 | train_loss 3.2852 | lr 2.21e-04
step  12820 | train_loss 3.3014 | lr 2.20e-04
step  12840 | train_loss 3.3053 | lr 2.19e-04
step  12860 | train_loss 3.3144 | lr 2.18e-04
step  12880 | train_loss 3.3004 | lr 2.18e-04
step  12900 | train_loss 3.2355 | lr 2.17e-04
step  12920 | train_loss 3.1974 | lr 2.16e-04
step  12940 | train_loss 3.2387 | lr 2.15e-04
step  12960 | train_loss 3.2883 | lr 2.14e-04
step  12980 | train_loss 3.3168 | lr 2.14e-04
step  13000 | train_loss 3.3064 | lr 2.13e-04
step  13000 | val_loss 3.2418 | val_ppl 25.58
Saved checkpoint to checkpoints/medium/step_13000.pt
step  13020 | train_loss 3.2885 | lr 2.12e-04
step  13040 | train_loss 3.2633 | lr 2.11e-04
step  13060 | train_loss 3.2496 | lr 2.11e-04
step  13080 | train_loss 3.2726 | lr 2.10e-04
step  13100 | train_loss 3.2422 | lr 2.09e-04
step  13120 | train_loss 3.2516 | lr 2.08e-04
step  13140 | train_loss 3.2961 | lr 2.07e-04
step  13160 | train_loss 3.2960 | lr 2.07e-04
step  13180 | train_loss 3.2765 | lr 2.06e-04
step  13200 | train_loss 3.2387 | lr 2.05e-04
step  13220 | train_loss 3.2605 | lr 2.04e-04
step  13240 | train_loss 3.2500 | lr 2.04e-04
step  13260 | train_loss 3.3142 | lr 2.03e-04
step  13280 | train_loss 3.2972 | lr 2.02e-04
step  13300 | train_loss 3.2159 | lr 2.01e-04
step  13320 | train_loss 3.2297 | lr 2.01e-04
step  13340 | train_loss 3.2208 | lr 2.00e-04
step  13360 | train_loss 3.2535 | lr 1.99e-04
step  13380 | train_loss 3.2596 | lr 1.98e-04
step  13400 | train_loss 3.2857 | lr 1.98e-04
step  13420 | train_loss 3.2519 | lr 1.97e-04
step  13440 | train_loss 3.2079 | lr 1.96e-04
step  13460 | train_loss 3.2892 | lr 1.95e-04
step  13480 | train_loss 3.2598 | lr 1.95e-04
step  13500 | train_loss 3.2546 | lr 1.94e-04
step  13500 | val_loss 3.2324 | val_ppl 25.34
Saved checkpoint to checkpoints/medium/step_13500.pt
step  13520 | train_loss 3.2784 | lr 1.93e-04
step  13540 | train_loss 3.3083 | lr 1.92e-04
step  13560 | train_loss 3.2353 | lr 1.92e-04
step  13580 | train_loss 3.2660 | lr 1.91e-04
step  13600 | train_loss 3.2154 | lr 1.90e-04
step  13620 | train_loss 3.2123 | lr 1.89e-04
step  13640 | train_loss 3.2616 | lr 1.89e-04
step  13660 | train_loss 3.2460 | lr 1.88e-04
step  13680 | train_loss 3.2891 | lr 1.87e-04
step  13700 | train_loss 3.2888 | lr 1.86e-04
step  13720 | train_loss 3.2533 | lr 1.86e-04
step  13740 | train_loss 3.2595 | lr 1.85e-04
step  13760 | train_loss 3.2834 | lr 1.84e-04
step  13780 | train_loss 3.2432 | lr 1.83e-04
step  13800 | train_loss 3.2054 | lr 1.83e-04
step  13820 | train_loss 3.2423 | lr 1.82e-04
step  13840 | train_loss 3.2429 | lr 1.81e-04
step  13860 | train_loss 3.2253 | lr 1.81e-04
step  13880 | train_loss 3.2862 | lr 1.80e-04
step  13900 | train_loss 3.2313 | lr 1.79e-04
step  13920 | train_loss 3.2906 | lr 1.78e-04
step  13940 | train_loss 3.2951 | lr 1.78e-04
step  13960 | train_loss 3.2904 | lr 1.77e-04
step  13980 | train_loss 3.1793 | lr 1.76e-04
step  14000 | train_loss 3.2726 | lr 1.76e-04
step  14000 | val_loss 3.2241 | val_ppl 25.13
Saved checkpoint to checkpoints/medium/step_14000.pt
W0817 20:19:14.699000 348194 torch/distributed/elastic/agent/server/api.py:753] Received 15 death signal, shutting down workers
Traceback (most recent call last):
  File "/home/system/projects/AuthLLM/.venv/bin/torchrun", line 6, in <module>
    sys.exit(main())
             ^^^^^^
  File "/home/system/projects/AuthLLM/.venv/lib/python3.12/site-packages/torch/distributed/elastic/multiprocessing/errors/__init__.py", line 367, in wrapper
    return f(*args, **kwargs)
           ^^^^^^^^^^^^^^^^^^
  File "/home/system/projects/AuthLLM/.venv/lib/python3.12/site-packages/torch/distributed/run.py", line 1028, in main
    run(args)
  File "/home/system/projects/AuthLLM/.venv/lib/python3.12/site-packages/torch/distributed/run.py", line 1019, in run
    elastic_launch(
  File "/home/system/projects/AuthLLM/.venv/lib/python3.12/site-packages/torch/distributed/launcher/api.py", line 194, in __call__
    return launch_agent(
           ^^^^^^^^^^^^^
  File "/home/system/projects/AuthLLM/.venv/lib/python3.12/site-packages/torch/distributed/launcher/api.py", line 374, in launch_agent
    result = agent.run()
             ^^^^^^^^^^^
  File "/home/system/projects/AuthLLM/.venv/lib/python3.12/site-packages/torch/distributed/elastic/metrics/api.py", line 134, in wrapper
    result = f(*args, **kwargs)
             ^^^^^^^^^^^^^^^^^^
  File "/home/system/projects/AuthLLM/.venv/lib/python3.12/site-packages/torch/distributed/elastic/agent/server/api.py", line 745, in run
    result = self._invoke_run(role)
             ^^^^^^^^^^^^^^^^^^^^^^
  File "/home/system/projects/AuthLLM/.venv/lib/python3.12/site-packages/torch/distributed/elastic/agent/server/api.py", line 923, in _invoke_run
    time.sleep(monitor_interval)
  File "/home/system/projects/AuthLLM/.venv/lib/python3.12/site-packages/torch/distributed/elastic/multiprocessing/api.py", line 86, in _terminate_process_handler
    raise SignalException(f"Process {os.getpid()} got signal: {sigval}", sigval=sigval)
torch.distributed.elastic.multiprocessing.api.SignalException: Process 348194 got signal: 15
