Data: 50,868 train / 1,038 val examples (68 dropped as longer than 512 tokens)
Model: medium (123,587,328 parameters), initialized from /home/system/projects/AuthLLM/checkpoints/medium/step_20000.pt (step 20000)
step     10 | train_loss 2.7875 | lr 1.00e-06
step     20 | train_loss 2.6410 | lr 2.00e-06
step     30 | train_loss 2.3864 | lr 3.00e-06
step     40 | train_loss 2.2681 | lr 4.00e-06
step     50 | train_loss 2.4110 | lr 5.00e-06
step     60 | train_loss 2.5110 | lr 6.00e-06
step     70 | train_loss 2.0468 | lr 7.00e-06
step     80 | train_loss 2.2380 | lr 8.00e-06
step     90 | train_loss 2.1382 | lr 9.00e-06
step    100 | train_loss 2.2662 | lr 1.00e-05
step    110 | train_loss 2.3112 | lr 1.00e-05
step    120 | train_loss 2.2972 | lr 1.00e-05
step    130 | train_loss 2.1250 | lr 9.99e-06
step    140 | train_loss 2.2839 | lr 9.98e-06
step    150 | train_loss 2.3746 | lr 9.98e-06
step    160 | train_loss 2.2244 | lr 9.97e-06
step    170 | train_loss 2.2573 | lr 9.95e-06
step    180 | train_loss 2.4353 | lr 9.94e-06
step    190 | train_loss 2.3340 | lr 9.92e-06
step    200 | train_loss 2.2482 | lr 9.90e-06
step    210 | train_loss 2.0859 | lr 9.88e-06
step    220 | train_loss 2.1973 | lr 9.86e-06
step    228 | val_loss 2.1983 | val_ppl 9.01
step    230 | train_loss 2.2117 | lr 9.84e-06
step    240 | train_loss 2.2871 | lr 9.81e-06
step    250 | train_loss 2.1480 | lr 9.78e-06
step    260 | train_loss 2.1724 | lr 9.75e-06
step    270 | train_loss 2.1897 | lr 9.72e-06
step    280 | train_loss 2.2192 | lr 9.69e-06
step    290 | train_loss 2.0899 | lr 9.65e-06
step    300 | train_loss 2.1965 | lr 9.61e-06
step    310 | train_loss 2.2525 | lr 9.58e-06
step    320 | train_loss 2.1746 | lr 9.53e-06
step    330 | train_loss 2.5409 | lr 9.49e-06
step    340 | train_loss 2.0116 | lr 9.45e-06
step    350 | train_loss 2.2295 | lr 9.40e-06
step    360 | train_loss 2.1694 | lr 9.35e-06
step    370 | train_loss 2.0381 | lr 9.30e-06
step    380 | train_loss 2.1569 | lr 9.25e-06
step    390 | train_loss 2.2409 | lr 9.20e-06
step    400 | train_loss 2.1176 | lr 9.15e-06
step    410 | train_loss 2.1847 | lr 9.09e-06
step    420 | train_loss 2.1209 | lr 9.03e-06
step    430 | train_loss 2.1538 | lr 8.97e-06
step    440 | train_loss 2.1119 | lr 8.91e-06
step    450 | train_loss 2.3614 | lr 8.85e-06
step    456 | val_loss 2.1502 | val_ppl 8.59
step    460 | train_loss 2.0369 | lr 8.79e-06
step    470 | train_loss 2.3597 | lr 8.72e-06
step    480 | train_loss 2.2152 | lr 8.66e-06
step    490 | train_loss 2.3326 | lr 8.59e-06
step    500 | train_loss 2.0869 | lr 8.52e-06
step    510 | train_loss 2.2060 | lr 8.45e-06
step    520 | train_loss 2.2049 | lr 8.38e-06
step    530 | train_loss 2.0409 | lr 8.30e-06
step    540 | train_loss 2.1483 | lr 8.23e-06
step    550 | train_loss 2.2182 | lr 8.15e-06
step    560 | train_loss 2.1063 | lr 8.08e-06
step    570 | train_loss 2.0095 | lr 8.00e-06
step    580 | train_loss 2.2051 | lr 7.92e-06
step    590 | train_loss 2.0359 | lr 7.84e-06
step    600 | train_loss 2.0458 | lr 7.76e-06
step    610 | train_loss 2.2097 | lr 7.68e-06
step    620 | train_loss 2.2359 | lr 7.59e-06
step    630 | train_loss 2.0541 | lr 7.51e-06
step    640 | train_loss 2.2385 | lr 7.42e-06
step    650 | train_loss 2.2429 | lr 7.34e-06
step    660 | train_loss 2.1548 | lr 7.25e-06
step    670 | train_loss 2.2261 | lr 7.17e-06
step    680 | train_loss 1.9180 | lr 7.08e-06
step    684 | val_loss 2.1263 | val_ppl 8.38
step    690 | train_loss 2.1192 | lr 6.99e-06
step    700 | train_loss 2.1112 | lr 6.90e-06
step    710 | train_loss 2.1034 | lr 6.81e-06
step    720 | train_loss 2.1061 | lr 6.72e-06
step    730 | train_loss 2.1888 | lr 6.63e-06
step    740 | train_loss 2.1441 | lr 6.54e-06
step    750 | train_loss 2.0585 | lr 6.44e-06
step    760 | train_loss 2.1722 | lr 6.35e-06
step    770 | train_loss 2.1306 | lr 6.26e-06
step    780 | train_loss 2.1945 | lr 6.17e-06
step    790 | train_loss 2.4750 | lr 6.07e-06
step    800 | train_loss 2.0413 | lr 5.98e-06
step    810 | train_loss 2.1271 | lr 5.89e-06
step    820 | train_loss 2.0348 | lr 5.79e-06
step    830 | train_loss 2.1428 | lr 5.70e-06
step    840 | train_loss 2.0142 | lr 5.60e-06
step    850 | train_loss 2.0547 | lr 5.51e-06
step    860 | train_loss 2.0627 | lr 5.42e-06
step    870 | train_loss 1.8864 | lr 5.32e-06
step    880 | train_loss 2.0843 | lr 5.23e-06
step    890 | train_loss 2.1805 | lr 5.13e-06
step    900 | train_loss 2.3886 | lr 5.04e-06
step    910 | train_loss 1.8716 | lr 4.95e-06
step    912 | val_loss 2.1117 | val_ppl 8.26
step    920 | train_loss 2.0562 | lr 4.85e-06
step    930 | train_loss 2.2321 | lr 4.76e-06
step    940 | train_loss 1.9400 | lr 4.67e-06
step    950 | train_loss 2.2783 | lr 4.57e-06
step    960 | train_loss 2.3776 | lr 4.48e-06
step    970 | train_loss 2.0953 | lr 4.39e-06
step    980 | train_loss 2.2300 | lr 4.30e-06
step    990 | train_loss 2.1795 | lr 4.21e-06
step   1000 | train_loss 1.8478 | lr 4.12e-06
step   1010 | train_loss 2.1749 | lr 4.03e-06
step   1020 | train_loss 2.0845 | lr 3.94e-06
step   1030 | train_loss 2.2470 | lr 3.85e-06
step   1040 | train_loss 2.3132 | lr 3.76e-06
step   1050 | train_loss 2.1288 | lr 3.68e-06
step   1060 | train_loss 2.3343 | lr 3.59e-06
step   1070 | train_loss 2.1563 | lr 3.51e-06
step   1080 | train_loss 1.9593 | lr 3.42e-06
step   1090 | train_loss 2.0863 | lr 3.34e-06
step   1100 | train_loss 1.9395 | lr 3.26e-06
step   1110 | train_loss 2.1434 | lr 3.18e-06
step   1120 | train_loss 2.0809 | lr 3.10e-06
step   1130 | train_loss 2.0553 | lr 3.02e-06
step   1140 | train_loss 2.0442 | lr 2.94e-06
step   1140 | val_loss 2.1036 | val_ppl 8.20
step   1150 | train_loss 2.2536 | lr 2.86e-06
step   1160 | train_loss 2.2477 | lr 2.79e-06
step   1170 | train_loss 2.2131 | lr 2.71e-06
step   1180 | train_loss 1.8470 | lr 2.64e-06
step   1190 | train_loss 2.2124 | lr 2.57e-06
step   1200 | train_loss 2.2449 | lr 2.50e-06
step   1210 | train_loss 1.9456 | lr 2.43e-06
step   1220 | train_loss 2.0711 | lr 2.36e-06
step   1230 | train_loss 2.1142 | lr 2.29e-06
step   1240 | train_loss 2.0182 | lr 2.23e-06
step   1250 | train_loss 2.2190 | lr 2.16e-06
step   1260 | train_loss 2.0271 | lr 2.10e-06
step   1270 | train_loss 2.0761 | lr 2.04e-06
step   1280 | train_loss 2.2333 | lr 1.98e-06
step   1290 | train_loss 1.9326 | lr 1.92e-06
step   1300 | train_loss 2.4064 | lr 1.86e-06
step   1310 | train_loss 1.9994 | lr 1.81e-06
step   1320 | train_loss 1.9801 | lr 1.76e-06
step   1330 | train_loss 2.3636 | lr 1.71e-06
step   1340 | train_loss 2.0717 | lr 1.66e-06
step   1350 | train_loss 2.1266 | lr 1.61e-06
step   1360 | train_loss 2.3277 | lr 1.56e-06
step   1368 | val_loss 2.0988 | val_ppl 8.16
step   1370 | train_loss 2.0508 | lr 1.52e-06
step   1380 | train_loss 2.2667 | lr 1.47e-06
step   1390 | train_loss 1.9387 | lr 1.43e-06
step   1400 | train_loss 2.2143 | lr 1.39e-06
step   1410 | train_loss 2.0300 | lr 1.36e-06
step   1420 | train_loss 2.1492 | lr 1.32e-06
step   1430 | train_loss 2.1292 | lr 1.29e-06
step   1440 | train_loss 2.1774 | lr 1.25e-06
step   1450 | train_loss 2.0345 | lr 1.22e-06
step   1460 | train_loss 2.1569 | lr 1.19e-06
step   1470 | train_loss 2.0539 | lr 1.17e-06
step   1480 | train_loss 1.9370 | lr 1.14e-06
step   1490 | train_loss 2.3029 | lr 1.12e-06
step   1500 | train_loss 2.1302 | lr 1.10e-06
step   1510 | train_loss 1.9735 | lr 1.08e-06
step   1520 | train_loss 2.0816 | lr 1.06e-06
step   1530 | train_loss 2.1630 | lr 1.05e-06
step   1540 | train_loss 2.0610 | lr 1.04e-06
step   1550 | train_loss 2.1643 | lr 1.03e-06
step   1560 | train_loss 2.0148 | lr 1.02e-06
step   1570 | train_loss 2.0420 | lr 1.01e-06
step   1580 | train_loss 2.0195 | lr 1.00e-06
step   1590 | train_loss 2.1709 | lr 1.00e-06
step   1596 | val_loss 2.0973 | val_ppl 8.14
step   1600 | train_loss 2.1845 | lr 1.00e-06
step   1600 | val_loss 2.0973 | val_ppl 8.14
Saved checkpoint to /home/system/projects/AuthLLM/checkpoints/lr_scaling_ckpt/alpaca_unpacked_1600_lr1e-05_seed1337/step_1600.pt
