Data: 50,868 train / 1,038 val examples (68 dropped as longer than 512 tokens)
Model: medium (123,587,328 parameters), initialized from /home/system/projects/AuthLLM/checkpoints/medium/step_20000.pt (step 20000)
step     10 | train_loss 2.7614 | lr 3.00e-06
step     20 | train_loss 2.5479 | lr 6.00e-06
step     30 | train_loss 2.2777 | lr 9.00e-06
step     40 | train_loss 2.1900 | lr 1.20e-05
step     50 | train_loss 2.3502 | lr 1.50e-05
step     60 | train_loss 2.4623 | lr 1.80e-05
step     70 | train_loss 1.9962 | lr 2.10e-05
step     80 | train_loss 2.1800 | lr 2.40e-05
step     90 | train_loss 2.0851 | lr 2.70e-05
step    100 | train_loss 2.2061 | lr 3.00e-05
step    110 | train_loss 2.2397 | lr 3.00e-05
step    120 | train_loss 2.2525 | lr 3.00e-05
step    130 | train_loss 2.0874 | lr 3.00e-05
step    140 | train_loss 2.2476 | lr 3.00e-05
step    150 | train_loss 2.3355 | lr 2.99e-05
step    160 | train_loss 2.1543 | lr 2.99e-05
step    170 | train_loss 2.2134 | lr 2.99e-05
step    180 | train_loss 2.3871 | lr 2.98e-05
step    190 | train_loss 2.3000 | lr 2.98e-05
step    200 | train_loss 2.2031 | lr 2.97e-05
step    210 | train_loss 2.0590 | lr 2.96e-05
step    220 | train_loss 2.1650 | lr 2.96e-05
step    228 | val_loss 2.1617 | val_ppl 8.69
step    230 | train_loss 2.1737 | lr 2.95e-05
step    240 | train_loss 2.2596 | lr 2.94e-05
step    250 | train_loss 2.1104 | lr 2.93e-05
step    260 | train_loss 2.1413 | lr 2.93e-05
step    270 | train_loss 2.1406 | lr 2.92e-05
step    280 | train_loss 2.1766 | lr 2.91e-05
step    290 | train_loss 2.0615 | lr 2.90e-05
step    300 | train_loss 2.1379 | lr 2.88e-05
step    310 | train_loss 2.2261 | lr 2.87e-05
step    320 | train_loss 2.1434 | lr 2.86e-05
step    330 | train_loss 2.5174 | lr 2.85e-05
step    340 | train_loss 1.9874 | lr 2.83e-05
step    350 | train_loss 2.2095 | lr 2.82e-05
step    360 | train_loss 2.1458 | lr 2.81e-05
step    370 | train_loss 2.0178 | lr 2.79e-05
step    380 | train_loss 2.1061 | lr 2.78e-05
step    390 | train_loss 2.2024 | lr 2.76e-05
step    400 | train_loss 2.0880 | lr 2.74e-05
step    410 | train_loss 2.1594 | lr 2.73e-05
step    420 | train_loss 2.0948 | lr 2.71e-05
step    430 | train_loss 2.1282 | lr 2.69e-05
step    440 | train_loss 2.0707 | lr 2.67e-05
step    450 | train_loss 2.3193 | lr 2.66e-05
step    456 | val_loss 2.1243 | val_ppl 8.37
step    460 | train_loss 2.0076 | lr 2.64e-05
step    470 | train_loss 2.3217 | lr 2.62e-05
step    480 | train_loss 2.1690 | lr 2.60e-05
step    490 | train_loss 2.3057 | lr 2.58e-05
step    500 | train_loss 2.0548 | lr 2.56e-05
step    510 | train_loss 2.1713 | lr 2.53e-05
step    520 | train_loss 2.1652 | lr 2.51e-05
step    530 | train_loss 2.0165 | lr 2.49e-05
step    540 | train_loss 2.1003 | lr 2.47e-05
step    550 | train_loss 2.2064 | lr 2.45e-05
step    560 | train_loss 2.0686 | lr 2.42e-05
step    570 | train_loss 1.9834 | lr 2.40e-05
step    580 | train_loss 2.1839 | lr 2.38e-05
step    590 | train_loss 2.0230 | lr 2.35e-05
step    600 | train_loss 2.0381 | lr 2.33e-05
step    610 | train_loss 2.1779 | lr 2.30e-05
step    620 | train_loss 2.2248 | lr 2.28e-05
step    630 | train_loss 2.0344 | lr 2.25e-05
step    640 | train_loss 2.2109 | lr 2.23e-05
step    650 | train_loss 2.2050 | lr 2.20e-05
step    660 | train_loss 2.1411 | lr 2.18e-05
step    670 | train_loss 2.1993 | lr 2.15e-05
step    680 | train_loss 1.8466 | lr 2.12e-05
step    684 | val_loss 2.1019 | val_ppl 8.18
step    690 | train_loss 2.1233 | lr 2.10e-05
step    700 | train_loss 2.0941 | lr 2.07e-05
step    710 | train_loss 2.0809 | lr 2.04e-05
step    720 | train_loss 2.0740 | lr 2.02e-05
step    730 | train_loss 2.1564 | lr 1.99e-05
step    740 | train_loss 2.1231 | lr 1.96e-05
step    750 | train_loss 2.0513 | lr 1.93e-05
step    760 | train_loss 2.1544 | lr 1.91e-05
step    770 | train_loss 2.0745 | lr 1.88e-05
step    780 | train_loss 2.1701 | lr 1.85e-05
step    790 | train_loss 2.4561 | lr 1.82e-05
step    800 | train_loss 2.0145 | lr 1.79e-05
step    810 | train_loss 2.1086 | lr 1.77e-05
step    820 | train_loss 2.0145 | lr 1.74e-05
step    830 | train_loss 2.1083 | lr 1.71e-05
step    840 | train_loss 1.9966 | lr 1.68e-05
step    850 | train_loss 2.0350 | lr 1.65e-05
step    860 | train_loss 2.0225 | lr 1.62e-05
step    870 | train_loss 1.8805 | lr 1.60e-05
step    880 | train_loss 2.0423 | lr 1.57e-05
step    890 | train_loss 2.1535 | lr 1.54e-05
step    900 | train_loss 2.3449 | lr 1.51e-05
step    910 | train_loss 1.8304 | lr 1.48e-05
step    912 | val_loss 2.0883 | val_ppl 8.07
step    920 | train_loss 2.0454 | lr 1.46e-05
step    930 | train_loss 2.1979 | lr 1.43e-05
step    940 | train_loss 1.8716 | lr 1.40e-05
step    950 | train_loss 2.2725 | lr 1.37e-05
step    960 | train_loss 2.3788 | lr 1.34e-05
step    970 | train_loss 2.0537 | lr 1.32e-05
step    980 | train_loss 2.2193 | lr 1.29e-05
step    990 | train_loss 2.1513 | lr 1.26e-05
step   1000 | train_loss 1.8323 | lr 1.24e-05
step   1010 | train_loss 2.1788 | lr 1.21e-05
step   1020 | train_loss 2.0845 | lr 1.18e-05
step   1030 | train_loss 2.2323 | lr 1.16e-05
step   1040 | train_loss 2.2502 | lr 1.13e-05
step   1050 | train_loss 2.1316 | lr 1.10e-05
step   1060 | train_loss 2.2885 | lr 1.08e-05
step   1070 | train_loss 2.1403 | lr 1.05e-05
step   1080 | train_loss 1.9406 | lr 1.03e-05
step   1090 | train_loss 2.0632 | lr 1.00e-05
step   1100 | train_loss 1.9023 | lr 9.77e-06
step   1110 | train_loss 2.1284 | lr 9.53e-06
step   1120 | train_loss 2.0468 | lr 9.29e-06
step   1130 | train_loss 2.0554 | lr 9.05e-06
step   1140 | train_loss 2.0243 | lr 8.82e-06
step   1140 | val_loss 2.0795 | val_ppl 8.00
step   1150 | train_loss 2.1884 | lr 8.59e-06
step   1160 | train_loss 2.2089 | lr 8.36e-06
step   1170 | train_loss 2.1810 | lr 8.14e-06
step   1180 | train_loss 1.7902 | lr 7.92e-06
step   1190 | train_loss 2.1907 | lr 7.70e-06
step   1200 | train_loss 2.2148 | lr 7.49e-06
step   1210 | train_loss 1.9446 | lr 7.28e-06
step   1220 | train_loss 2.0314 | lr 7.07e-06
step   1230 | train_loss 2.0837 | lr 6.87e-06
step   1240 | train_loss 1.9833 | lr 6.68e-06
step   1250 | train_loss 2.2244 | lr 6.49e-06
step   1260 | train_loss 1.9685 | lr 6.30e-06
step   1270 | train_loss 2.0319 | lr 6.12e-06
step   1280 | train_loss 2.2159 | lr 5.94e-06
step   1290 | train_loss 1.9244 | lr 5.76e-06
step   1300 | train_loss 2.3475 | lr 5.59e-06
step   1310 | train_loss 1.9704 | lr 5.43e-06
step   1320 | train_loss 1.9717 | lr 5.27e-06
step   1330 | train_loss 2.2874 | lr 5.12e-06
step   1340 | train_loss 2.0357 | lr 4.97e-06
step   1350 | train_loss 2.1219 | lr 4.82e-06
step   1360 | train_loss 2.2815 | lr 4.68e-06
step   1368 | val_loss 2.0739 | val_ppl 7.96
step   1370 | train_loss 2.0161 | lr 4.55e-06
step   1380 | train_loss 2.2655 | lr 4.42e-06
step   1390 | train_loss 1.9325 | lr 4.30e-06
step   1400 | train_loss 2.1947 | lr 4.18e-06
step   1410 | train_loss 2.0086 | lr 4.07e-06
step   1420 | train_loss 2.1417 | lr 3.96e-06
step   1430 | train_loss 2.1210 | lr 3.86e-06
step   1440 | train_loss 2.1415 | lr 3.76e-06
step   1450 | train_loss 1.9796 | lr 3.67e-06
step   1460 | train_loss 2.1420 | lr 3.58e-06
step   1470 | train_loss 2.0416 | lr 3.50e-06
step   1480 | train_loss 1.8865 | lr 3.43e-06
step   1490 | train_loss 2.3049 | lr 3.36e-06
step   1500 | train_loss 2.1236 | lr 3.30e-06
step   1510 | train_loss 1.9619 | lr 3.24e-06
step   1520 | train_loss 2.0537 | lr 3.19e-06
step   1530 | train_loss 2.1515 | lr 3.15e-06
step   1540 | train_loss 2.0060 | lr 3.11e-06
step   1550 | train_loss 2.1260 | lr 3.08e-06
step   1560 | train_loss 1.9909 | lr 3.05e-06
step   1570 | train_loss 1.9993 | lr 3.03e-06
step   1580 | train_loss 2.0032 | lr 3.01e-06
step   1590 | train_loss 2.0955 | lr 3.00e-06
step   1596 | val_loss 2.0720 | val_ppl 7.94
step   1600 | train_loss 2.0876 | lr 3.00e-06
step   1600 | val_loss 2.0720 | val_ppl 7.94
Saved checkpoint to /home/system/projects/AuthLLM/checkpoints/lr_scaling_ckpt/alpaca_unpacked_1600_lr3e-05_seed1337/step_1600.pt
