Data: 50,868 train / 1,038 val examples (68 dropped as longer than 512 tokens)
Model: medium (123,587,328 parameters), initialized from /home/system/projects/AuthLLM/checkpoints/medium/step_20000.pt (step 20000)
step     10 | train_loss 2.7737 | lr 2.00e-06
step     20 | train_loss 2.5873 | lr 4.00e-06
step     30 | train_loss 2.3194 | lr 6.00e-06
step     40 | train_loss 2.2110 | lr 8.00e-06
step     50 | train_loss 2.3665 | lr 1.00e-05
step     60 | train_loss 2.4789 | lr 1.20e-05
step     70 | train_loss 2.0114 | lr 1.40e-05
step     80 | train_loss 2.1989 | lr 1.60e-05
step     90 | train_loss 2.1039 | lr 1.80e-05
step    100 | train_loss 2.2278 | lr 2.00e-05
step    110 | train_loss 2.2650 | lr 2.00e-05
step    120 | train_loss 2.2680 | lr 2.00e-05
step    130 | train_loss 2.0973 | lr 2.00e-05
step    140 | train_loss 2.2582 | lr 2.00e-05
step    150 | train_loss 2.3460 | lr 2.00e-05
step    160 | train_loss 2.1794 | lr 1.99e-05
step    170 | train_loss 2.2263 | lr 1.99e-05
step    180 | train_loss 2.4041 | lr 1.99e-05
step    190 | train_loss 2.3091 | lr 1.98e-05
step    200 | train_loss 2.2140 | lr 1.98e-05
step    210 | train_loss 2.0644 | lr 1.98e-05
step    220 | train_loss 2.1732 | lr 1.97e-05
step    228 | val_loss 2.1703 | val_ppl 8.76
step    230 | train_loss 2.1835 | lr 1.97e-05
step    240 | train_loss 2.2637 | lr 1.96e-05
step    250 | train_loss 2.1198 | lr 1.96e-05
step    260 | train_loss 2.1484 | lr 1.95e-05
step    270 | train_loss 2.1550 | lr 1.94e-05
step    280 | train_loss 2.1844 | lr 1.94e-05
step    290 | train_loss 2.0656 | lr 1.93e-05
step    300 | train_loss 2.1514 | lr 1.92e-05
step    310 | train_loss 2.2308 | lr 1.92e-05
step    320 | train_loss 2.1510 | lr 1.91e-05
step    330 | train_loss 2.5191 | lr 1.90e-05
step    340 | train_loss 1.9903 | lr 1.89e-05
step    350 | train_loss 2.2077 | lr 1.88e-05
step    360 | train_loss 2.1506 | lr 1.87e-05
step    370 | train_loss 2.0199 | lr 1.86e-05
step    380 | train_loss 2.1191 | lr 1.85e-05
step    390 | train_loss 2.2100 | lr 1.84e-05
step    400 | train_loss 2.0936 | lr 1.83e-05
step    410 | train_loss 2.1622 | lr 1.82e-05
step    420 | train_loss 2.0979 | lr 1.81e-05
step    430 | train_loss 2.1316 | lr 1.79e-05
step    440 | train_loss 2.0742 | lr 1.78e-05
step    450 | train_loss 2.3298 | lr 1.77e-05
step    456 | val_loss 2.1268 | val_ppl 8.39
step    460 | train_loss 2.0136 | lr 1.76e-05
step    470 | train_loss 2.3290 | lr 1.74e-05
step    480 | train_loss 2.1757 | lr 1.73e-05
step    490 | train_loss 2.3098 | lr 1.72e-05
step    500 | train_loss 2.0620 | lr 1.70e-05
step    510 | train_loss 2.1778 | lr 1.69e-05
step    520 | train_loss 2.1668 | lr 1.68e-05
step    530 | train_loss 2.0217 | lr 1.66e-05
step    540 | train_loss 2.1111 | lr 1.65e-05
step    550 | train_loss 2.2034 | lr 1.63e-05
step    560 | train_loss 2.0714 | lr 1.62e-05
step    570 | train_loss 1.9842 | lr 1.60e-05
step    580 | train_loss 2.1853 | lr 1.58e-05
step    590 | train_loss 2.0199 | lr 1.57e-05
step    600 | train_loss 2.0334 | lr 1.55e-05
step    610 | train_loss 2.1831 | lr 1.54e-05
step    620 | train_loss 2.2216 | lr 1.52e-05
step    630 | train_loss 2.0338 | lr 1.50e-05
step    640 | train_loss 2.2128 | lr 1.48e-05
step    650 | train_loss 2.2121 | lr 1.47e-05
step    660 | train_loss 2.1392 | lr 1.45e-05
step    670 | train_loss 2.2018 | lr 1.43e-05
step    680 | train_loss 1.8689 | lr 1.42e-05
step    684 | val_loss 2.1040 | val_ppl 8.20
step    690 | train_loss 2.1144 | lr 1.40e-05
step    700 | train_loss 2.0939 | lr 1.38e-05
step    710 | train_loss 2.0844 | lr 1.36e-05
step    720 | train_loss 2.0784 | lr 1.34e-05
step    730 | train_loss 2.1640 | lr 1.33e-05
step    740 | train_loss 2.1216 | lr 1.31e-05
step    750 | train_loss 2.0457 | lr 1.29e-05
step    760 | train_loss 2.1534 | lr 1.27e-05
step    770 | train_loss 2.0908 | lr 1.25e-05
step    780 | train_loss 2.1714 | lr 1.23e-05
step    790 | train_loss 2.4555 | lr 1.21e-05
step    800 | train_loss 2.0146 | lr 1.20e-05
step    810 | train_loss 2.1072 | lr 1.18e-05
step    820 | train_loss 2.0152 | lr 1.16e-05
step    830 | train_loss 2.1116 | lr 1.14e-05
step    840 | train_loss 1.9946 | lr 1.12e-05
step    850 | train_loss 2.0355 | lr 1.10e-05
step    860 | train_loss 2.0321 | lr 1.08e-05
step    870 | train_loss 1.8738 | lr 1.06e-05
step    880 | train_loss 2.0513 | lr 1.05e-05
step    890 | train_loss 2.1567 | lr 1.03e-05
step    900 | train_loss 2.3551 | lr 1.01e-05
step    910 | train_loss 1.8357 | lr 9.89e-06
step    912 | val_loss 2.0900 | val_ppl 8.08
step    920 | train_loss 2.0439 | lr 9.70e-06
step    930 | train_loss 2.2046 | lr 9.52e-06
step    940 | train_loss 1.8902 | lr 9.33e-06
step    950 | train_loss 2.2665 | lr 9.15e-06
step    960 | train_loss 2.3679 | lr 8.96e-06
step    970 | train_loss 2.0638 | lr 8.78e-06
step    980 | train_loss 2.2136 | lr 8.60e-06
step    990 | train_loss 2.1520 | lr 8.42e-06
step   1000 | train_loss 1.8323 | lr 8.24e-06
step   1010 | train_loss 2.1698 | lr 8.06e-06
step   1020 | train_loss 2.0779 | lr 7.88e-06
step   1030 | train_loss 2.2305 | lr 7.70e-06
step   1040 | train_loss 2.2673 | lr 7.53e-06
step   1050 | train_loss 2.1224 | lr 7.36e-06
step   1060 | train_loss 2.2970 | lr 7.19e-06
step   1070 | train_loss 2.1397 | lr 7.02e-06
step   1080 | train_loss 1.9378 | lr 6.85e-06
step   1090 | train_loss 2.0631 | lr 6.68e-06
step   1100 | train_loss 1.9113 | lr 6.52e-06
step   1110 | train_loss 2.1262 | lr 6.35e-06
step   1120 | train_loss 2.0532 | lr 6.19e-06
step   1130 | train_loss 2.0493 | lr 6.04e-06
step   1140 | train_loss 2.0224 | lr 5.88e-06
step   1140 | val_loss 2.0811 | val_ppl 8.01
step   1150 | train_loss 2.2057 | lr 5.73e-06
step   1160 | train_loss 2.2160 | lr 5.57e-06
step   1170 | train_loss 2.1870 | lr 5.42e-06
step   1180 | train_loss 1.8058 | lr 5.28e-06
step   1190 | train_loss 2.1925 | lr 5.13e-06
step   1200 | train_loss 2.2188 | lr 4.99e-06
step   1210 | train_loss 1.9377 | lr 4.85e-06
step   1220 | train_loss 2.0398 | lr 4.72e-06
step   1230 | train_loss 2.0866 | lr 4.58e-06
step   1240 | train_loss 1.9871 | lr 4.45e-06
step   1250 | train_loss 2.2126 | lr 4.32e-06
step   1260 | train_loss 1.9843 | lr 4.20e-06
step   1270 | train_loss 2.0426 | lr 4.08e-06
step   1280 | train_loss 2.2133 | lr 3.96e-06
step   1290 | train_loss 1.9203 | lr 3.84e-06
step   1300 | train_loss 2.3593 | lr 3.73e-06
step   1310 | train_loss 1.9759 | lr 3.62e-06
step   1320 | train_loss 1.9676 | lr 3.51e-06
step   1330 | train_loss 2.3075 | lr 3.41e-06
step   1340 | train_loss 2.0443 | lr 3.31e-06
step   1350 | train_loss 2.1185 | lr 3.22e-06
step   1360 | train_loss 2.2899 | lr 3.12e-06
step   1368 | val_loss 2.0762 | val_ppl 7.97
step   1370 | train_loss 2.0225 | lr 3.03e-06
step   1380 | train_loss 2.2585 | lr 2.95e-06
step   1390 | train_loss 1.9282 | lr 2.86e-06
step   1400 | train_loss 2.1949 | lr 2.79e-06
step   1410 | train_loss 2.0123 | lr 2.71e-06
step   1420 | train_loss 2.1374 | lr 2.64e-06
step   1430 | train_loss 2.1155 | lr 2.57e-06
step   1440 | train_loss 2.1493 | lr 2.51e-06
step   1450 | train_loss 1.9927 | lr 2.45e-06
step   1460 | train_loss 2.1391 | lr 2.39e-06
step   1470 | train_loss 2.0388 | lr 2.34e-06
step   1480 | train_loss 1.8988 | lr 2.29e-06
step   1490 | train_loss 2.2954 | lr 2.24e-06
step   1500 | train_loss 2.1181 | lr 2.20e-06
step   1510 | train_loss 1.9580 | lr 2.16e-06
step   1520 | train_loss 2.0568 | lr 2.13e-06
step   1530 | train_loss 2.1489 | lr 2.10e-06
step   1540 | train_loss 2.0208 | lr 2.07e-06
step   1550 | train_loss 2.1362 | lr 2.05e-06
step   1560 | train_loss 1.9943 | lr 2.03e-06
step   1570 | train_loss 2.0099 | lr 2.02e-06
step   1580 | train_loss 2.0027 | lr 2.01e-06
step   1590 | train_loss 2.1203 | lr 2.00e-06
step   1596 | val_loss 2.0745 | val_ppl 7.96
step   1600 | train_loss 2.1257 | lr 2.00e-06
step   1600 | val_loss 2.0745 | val_ppl 7.96
Saved checkpoint to /home/system/projects/AuthLLM/checkpoints/lr_scaling_ckpt/alpaca_unpacked_1600_lr2e-05_seed1337/step_1600.pt
