Data: 16,956 train / 346 val examples (0 dropped as longer than 512 tokens)
Model: mini (7,292,032 parameters), initialized from checkpoints/mini/step_2000.pt (step 2000)
step     10 | train_loss 4.6122 | lr 4.55e-05
step     20 | train_loss 4.2409 | lr 9.09e-05
step     30 | train_loss 4.3040 | lr 1.36e-04
step     40 | train_loss 4.5122 | lr 1.50e-04
step     50 | train_loss 4.3238 | lr 1.50e-04
step     60 | train_loss 4.4577 | lr 1.49e-04
step     70 | train_loss 4.3205 | lr 1.48e-04
step     75 | val_loss 4.3454 | val_ppl 77.12
step     80 | train_loss 4.2250 | lr 1.47e-04
step     90 | train_loss 4.1087 | lr 1.46e-04
step    100 | train_loss 4.3083 | lr 1.44e-04
step    110 | train_loss 4.1483 | lr 1.42e-04
step    120 | train_loss 3.9613 | lr 1.40e-04
step    130 | train_loss 4.3260 | lr 1.38e-04
step    140 | train_loss 4.1109 | lr 1.35e-04
step    150 | train_loss 4.3560 | lr 1.33e-04
step    150 | val_loss 4.2446 | val_ppl 69.73
step    160 | train_loss 4.5329 | lr 1.30e-04
step    170 | train_loss 4.1153 | lr 1.27e-04
step    180 | train_loss 3.9860 | lr 1.23e-04
step    190 | train_loss 4.3985 | lr 1.20e-04
step    200 | train_loss 4.4299 | lr 1.16e-04
step    210 | train_loss 4.1839 | lr 1.12e-04
step    220 | train_loss 4.2716 | lr 1.08e-04
step    225 | val_loss 4.1878 | val_ppl 65.88
step    230 | train_loss 4.0342 | lr 1.04e-04
step    240 | train_loss 4.4309 | lr 1.00e-04
step    250 | train_loss 3.8191 | lr 9.63e-05
step    260 | train_loss 4.0170 | lr 9.21e-05
step    270 | train_loss 3.9747 | lr 8.78e-05
step    280 | train_loss 3.9130 | lr 8.36e-05
step    290 | train_loss 4.1434 | lr 7.93e-05
step    300 | train_loss 3.9799 | lr 7.50e-05
step    300 | val_loss 4.1539 | val_ppl 63.68
step    310 | train_loss 3.9589 | lr 7.08e-05
step    320 | train_loss 4.2030 | lr 6.66e-05
step    330 | train_loss 4.2097 | lr 6.25e-05
step    340 | train_loss 4.2166 | lr 5.85e-05
step    350 | train_loss 4.2393 | lr 5.46e-05
step    360 | train_loss 4.2108 | lr 5.07e-05
step    370 | train_loss 4.0598 | lr 4.70e-05
step    375 | val_loss 4.1217 | val_ppl 61.66
step    380 | train_loss 4.1720 | lr 4.35e-05
step    390 | train_loss 4.3805 | lr 4.01e-05
step    400 | train_loss 4.0742 | lr 3.68e-05
step    410 | train_loss 4.0139 | lr 3.38e-05
step    420 | train_loss 4.1845 | lr 3.09e-05
step    430 | train_loss 4.1629 | lr 2.83e-05
step    440 | train_loss 4.4224 | lr 2.59e-05
step    450 | train_loss 3.9519 | lr 2.37e-05
step    450 | val_loss 4.1046 | val_ppl 60.62
step    460 | train_loss 3.9276 | lr 2.17e-05
step    470 | train_loss 4.0907 | lr 2.00e-05
step    480 | train_loss 4.0105 | lr 1.85e-05
step    490 | train_loss 3.9959 | lr 1.73e-05
step    500 | train_loss 4.0203 | lr 1.63e-05
step    510 | train_loss 4.0639 | lr 1.56e-05
step    520 | train_loss 4.0144 | lr 1.52e-05
step    525 | val_loss 4.0959 | val_ppl 60.10
step    530 | train_loss 4.1890 | lr 1.50e-05
step    530 | val_loss 4.0954 | val_ppl 60.06
Saved checkpoint to /home/system/projects/AuthLLM/checkpoints/lr_scaling_mini2k/alpaca_third_unpacked_530_lr0.00015_seed1339/step_530.pt
