Data: 16,956 train / 346 val examples (0 dropped as longer than 512 tokens)
Model: mini (7,292,032 parameters), initialized from checkpoints/mini/step_2000.pt (step 2000)
step     10 | train_loss 4.6132 | lr 4.55e-05
step     20 | train_loss 4.4436 | lr 9.09e-05
step     30 | train_loss 4.3454 | lr 1.36e-04
step     40 | train_loss 4.4531 | lr 1.50e-04
step     50 | train_loss 4.1951 | lr 1.50e-04
step     60 | train_loss 4.2149 | lr 1.49e-04
step     70 | train_loss 4.3783 | lr 1.48e-04
step     75 | val_loss 4.2986 | val_ppl 73.59
step     80 | train_loss 4.3529 | lr 1.47e-04
step     90 | train_loss 4.1827 | lr 1.46e-04
step    100 | train_loss 4.0125 | lr 1.44e-04
step    110 | train_loss 4.1449 | lr 1.42e-04
step    120 | train_loss 4.0758 | lr 1.40e-04
step    130 | train_loss 4.2646 | lr 1.38e-04
step    140 | train_loss 4.4549 | lr 1.35e-04
step    150 | train_loss 4.0907 | lr 1.33e-04
step    150 | val_loss 4.2112 | val_ppl 67.44
step    160 | train_loss 4.2833 | lr 1.30e-04
step    170 | train_loss 4.3182 | lr 1.27e-04
step    180 | train_loss 4.1795 | lr 1.23e-04
step    190 | train_loss 3.9617 | lr 1.20e-04
step    200 | train_loss 4.2560 | lr 1.16e-04
step    210 | train_loss 4.1088 | lr 1.12e-04
step    220 | train_loss 4.2175 | lr 1.08e-04
step    225 | val_loss 4.1576 | val_ppl 63.92
step    230 | train_loss 4.0735 | lr 1.04e-04
step    240 | train_loss 4.1099 | lr 1.00e-04
step    250 | train_loss 4.1378 | lr 9.63e-05
step    260 | train_loss 4.1992 | lr 9.21e-05
step    270 | train_loss 4.3654 | lr 8.78e-05
step    280 | train_loss 4.0041 | lr 8.36e-05
step    290 | train_loss 4.3635 | lr 7.93e-05
step    300 | train_loss 4.0028 | lr 7.50e-05
step    300 | val_loss 4.1275 | val_ppl 62.02
step    310 | train_loss 4.3117 | lr 7.08e-05
step    320 | train_loss 4.0397 | lr 6.66e-05
step    330 | train_loss 4.1815 | lr 6.25e-05
step    340 | train_loss 4.1279 | lr 5.85e-05
step    350 | train_loss 4.3350 | lr 5.46e-05
step    360 | train_loss 4.0227 | lr 5.07e-05
step    370 | train_loss 4.1920 | lr 4.70e-05
step    375 | val_loss 4.1023 | val_ppl 60.48
step    380 | train_loss 4.5140 | lr 4.35e-05
step    390 | train_loss 3.8893 | lr 4.01e-05
step    400 | train_loss 3.9429 | lr 3.68e-05
step    410 | train_loss 3.9891 | lr 3.38e-05
step    420 | train_loss 3.9359 | lr 3.09e-05
step    430 | train_loss 4.3405 | lr 2.83e-05
step    440 | train_loss 3.9441 | lr 2.59e-05
step    450 | train_loss 4.0844 | lr 2.37e-05
step    450 | val_loss 4.0876 | val_ppl 59.60
step    460 | train_loss 4.3693 | lr 2.17e-05
step    470 | train_loss 3.7835 | lr 2.00e-05
step    480 | train_loss 4.2336 | lr 1.85e-05
step    490 | train_loss 3.8508 | lr 1.73e-05
step    500 | train_loss 4.2853 | lr 1.63e-05
step    510 | train_loss 4.0038 | lr 1.56e-05
step    520 | train_loss 4.1728 | lr 1.52e-05
step    525 | val_loss 4.0794 | val_ppl 59.11
step    530 | train_loss 3.6510 | lr 1.50e-05
step    530 | val_loss 4.0789 | val_ppl 59.08
Saved checkpoint to /home/system/projects/AuthLLM/checkpoints/lr_scaling_mini2k/alpaca_third_unpacked_530_lr0.00015_seed1337/step_530.pt
