Data: 16,956 train / 346 val examples (0 dropped as longer than 512 tokens)
Packing: 16,956 examples into 3,761 windows (4.5 per window, 98.7% of positions used)
Model: mini (7,292,032 parameters), initialized from checkpoints/mini/step_2000.pt (step 2000)
step     10 | train_loss 6.2437 | lr 4.00e-03
step     16 | val_loss 5.9191 | val_ppl 372.09
step     20 | train_loss 5.6041 | lr 3.90e-03
step     30 | train_loss 5.0648 | lr 3.66e-03
step     32 | val_loss 5.0908 | val_ppl 162.52
step     40 | train_loss 4.8445 | lr 3.31e-03
step     48 | val_loss 4.7777 | val_ppl 118.83
step     50 | train_loss 4.6389 | lr 2.87e-03
step     60 | train_loss 4.3995 | lr 2.38e-03
step     64 | val_loss 4.6012 | val_ppl 99.60
step     70 | train_loss 4.5677 | lr 1.87e-03
step     80 | train_loss 4.5785 | lr 1.39e-03
step     80 | val_loss 4.4588 | val_ppl 86.38
step     90 | train_loss 4.3898 | lr 9.73e-04
step     96 | val_loss 4.3553 | val_ppl 77.89
step    100 | train_loss 4.3387 | lr 6.54e-04
step    110 | train_loss 4.3148 | lr 4.58e-04
step    112 | val_loss 4.2840 | val_ppl 72.53
step    118 | train_loss 4.3072 | lr 4.01e-04
step    118 | val_loss 4.2656 | val_ppl 71.21
Saved checkpoint to /home/system/projects/AuthLLM/checkpoints/lr_scaling_mini2k/alpaca_third_packed_118_lr0.004_seed1339/step_118.pt
