Data: 16,956 train / 346 val examples (0 dropped as longer than 512 tokens)
Packing: 16,956 examples into 3,761 windows (4.5 per window, 98.7% of positions used)
Model: mini (7,292,032 parameters), initialized from checkpoints/mini/step_2000.pt (step 2000)
step     10 | train_loss 4.5176 | lr 1.50e-03
step     16 | val_loss 4.4591 | val_ppl 86.41
step     20 | train_loss 4.4386 | lr 1.46e-03
step     30 | train_loss 4.2335 | lr 1.37e-03
step     32 | val_loss 4.3293 | val_ppl 75.89
step     40 | train_loss 4.2768 | lr 1.24e-03
step     48 | val_loss 4.2518 | val_ppl 70.23
step     50 | train_loss 4.0910 | lr 1.08e-03
step     60 | train_loss 3.9565 | lr 8.92e-04
step     64 | val_loss 4.1636 | val_ppl 64.30
step     70 | train_loss 4.1671 | lr 7.02e-04
step     80 | train_loss 4.2330 | lr 5.21e-04
step     80 | val_loss 4.0913 | val_ppl 59.82
step     90 | train_loss 4.0514 | lr 3.65e-04
step     96 | val_loss 4.0390 | val_ppl 56.77
step    100 | train_loss 4.0317 | lr 2.45e-04
step    110 | train_loss 4.0532 | lr 1.72e-04
step    112 | val_loss 4.0079 | val_ppl 55.03
step    118 | train_loss 4.0254 | lr 1.50e-04
step    118 | val_loss 3.9993 | val_ppl 54.56
Saved checkpoint to /home/system/projects/AuthLLM/checkpoints/lr_scaling_mini2k/alpaca_third_packed_118_lr0.0015_seed1339/step_118.pt
