Data: 16,956 train / 346 val examples (0 dropped as longer than 512 tokens)
Model: mini (7,292,032 parameters), initialized from checkpoints/mini/step_2000.pt (step 2000)
step     10 | train_loss 4.5694 | lr 1.21e-04
step     20 | train_loss 4.2398 | lr 2.42e-04
step     30 | train_loss 4.2809 | lr 3.64e-04
step     40 | train_loss 4.5078 | lr 4.00e-04
step     50 | train_loss 4.3629 | lr 3.99e-04
step     60 | train_loss 4.4498 | lr 3.98e-04
step     70 | train_loss 4.3640 | lr 3.95e-04
step     75 | val_loss 4.3671 | val_ppl 78.81
step     80 | train_loss 4.2641 | lr 3.92e-04
step     90 | train_loss 4.1665 | lr 3.89e-04
step    100 | train_loss 4.3601 | lr 3.85e-04
step    110 | train_loss 4.1641 | lr 3.80e-04
step    120 | train_loss 3.9732 | lr 3.74e-04
step    130 | train_loss 4.3676 | lr 3.68e-04
step    140 | train_loss 4.1297 | lr 3.61e-04
step    150 | train_loss 4.3453 | lr 3.54e-04
step    150 | val_loss 4.2837 | val_ppl 72.51
step    160 | train_loss 4.6063 | lr 3.46e-04
step    170 | train_loss 4.1505 | lr 3.37e-04
step    180 | train_loss 4.0594 | lr 3.29e-04
step    190 | train_loss 4.3938 | lr 3.19e-04
step    200 | train_loss 4.5042 | lr 3.10e-04
step    210 | train_loss 4.1766 | lr 3.00e-04
step    220 | train_loss 4.3234 | lr 2.89e-04
step    225 | val_loss 4.2193 | val_ppl 67.98
step    230 | train_loss 4.0588 | lr 2.79e-04
step    240 | train_loss 4.4972 | lr 2.68e-04
step    250 | train_loss 3.8856 | lr 2.57e-04
step    260 | train_loss 4.0084 | lr 2.46e-04
step    270 | train_loss 3.9939 | lr 2.34e-04
step    280 | train_loss 3.9290 | lr 2.23e-04
step    290 | train_loss 4.2010 | lr 2.11e-04
step    300 | train_loss 3.9519 | lr 2.00e-04
step    300 | val_loss 4.1713 | val_ppl 64.80
step    310 | train_loss 4.0019 | lr 1.89e-04
step    320 | train_loss 4.2234 | lr 1.78e-04
step    330 | train_loss 4.2626 | lr 1.67e-04
step    340 | train_loss 4.2017 | lr 1.56e-04
step    350 | train_loss 4.2753 | lr 1.46e-04
step    360 | train_loss 4.1966 | lr 1.35e-04
step    370 | train_loss 4.0599 | lr 1.25e-04
step    375 | val_loss 4.1250 | val_ppl 61.87
step    380 | train_loss 4.2077 | lr 1.16e-04
step    390 | train_loss 4.4320 | lr 1.07e-04
step    400 | train_loss 4.1093 | lr 9.83e-05
step    410 | train_loss 4.0915 | lr 9.01e-05
step    420 | train_loss 4.2398 | lr 8.25e-05
step    430 | train_loss 4.1908 | lr 7.55e-05
step    440 | train_loss 4.4803 | lr 6.90e-05
step    450 | train_loss 3.9760 | lr 6.31e-05
step    450 | val_loss 4.0874 | val_ppl 59.59
step    460 | train_loss 3.8727 | lr 5.78e-05
step    470 | train_loss 4.0529 | lr 5.32e-05
step    480 | train_loss 3.9684 | lr 4.93e-05
step    490 | train_loss 4.0109 | lr 4.60e-05
step    500 | train_loss 3.9364 | lr 4.34e-05
step    510 | train_loss 4.1106 | lr 4.16e-05
step    520 | train_loss 4.0512 | lr 4.04e-05
step    525 | val_loss 4.0723 | val_ppl 58.69
step    530 | train_loss 4.1698 | lr 4.00e-05
step    530 | val_loss 4.0718 | val_ppl 58.66
Saved checkpoint to /home/system/projects/AuthLLM/checkpoints/lr_scaling_mini2k/alpaca_third_unpacked_530_lr0.0004_seed1339/step_530.pt
