Data: 50,867 train / 1,039 val examples (68 dropped as longer than 512 tokens)
Model: mini (7,292,032 parameters), initialized from checkpoints/mini/step_2000.pt (step 2000)
step     10 | train_loss 4.7753 | lr 1.50e-05
step     20 | train_loss 4.2536 | lr 3.00e-05
step     30 | train_loss 4.4895 | lr 4.50e-05
step     40 | train_loss 4.5488 | lr 6.00e-05
step     50 | train_loss 4.5249 | lr 7.50e-05
step     60 | train_loss 4.3759 | lr 9.00e-05
step     70 | train_loss 4.1242 | lr 1.05e-04
step     80 | train_loss 4.1966 | lr 1.20e-04
step     90 | train_loss 4.5973 | lr 1.35e-04
step    100 | train_loss 4.6107 | lr 1.50e-04
step    110 | train_loss 4.4569 | lr 1.50e-04
step    120 | train_loss 4.1128 | lr 1.50e-04
step    130 | train_loss 4.0827 | lr 1.50e-04
step    140 | train_loss 4.2918 | lr 1.50e-04
step    150 | train_loss 4.2048 | lr 1.50e-04
step    160 | train_loss 4.1764 | lr 1.49e-04
step    170 | train_loss 4.0256 | lr 1.49e-04
step    180 | train_loss 4.3681 | lr 1.49e-04
step    190 | train_loss 4.2727 | lr 1.49e-04
step    200 | train_loss 4.3390 | lr 1.49e-04
step    210 | train_loss 4.1612 | lr 1.48e-04
step    220 | train_loss 4.3976 | lr 1.48e-04
step    228 | val_loss 4.2065 | val_ppl 67.12
step    230 | train_loss 3.9635 | lr 1.48e-04
step    240 | train_loss 4.0621 | lr 1.47e-04
step    250 | train_loss 4.1286 | lr 1.47e-04
step    260 | train_loss 4.1901 | lr 1.46e-04
step    270 | train_loss 4.1293 | lr 1.46e-04
step    280 | train_loss 4.1239 | lr 1.45e-04
step    290 | train_loss 4.0888 | lr 1.45e-04
step    300 | train_loss 4.6259 | lr 1.44e-04
step    310 | train_loss 4.1505 | lr 1.44e-04
step    320 | train_loss 4.2595 | lr 1.43e-04
step    330 | train_loss 3.9132 | lr 1.42e-04
step    340 | train_loss 4.3604 | lr 1.42e-04
step    350 | train_loss 4.1639 | lr 1.41e-04
step    360 | train_loss 4.0659 | lr 1.40e-04
step    370 | train_loss 3.9823 | lr 1.40e-04
step    380 | train_loss 4.0946 | lr 1.39e-04
step    390 | train_loss 3.9670 | lr 1.38e-04
step    400 | train_loss 4.2401 | lr 1.37e-04
step    410 | train_loss 4.2417 | lr 1.36e-04
step    420 | train_loss 4.0624 | lr 1.35e-04
step    430 | train_loss 4.0424 | lr 1.35e-04
step    440 | train_loss 3.9478 | lr 1.34e-04
step    450 | train_loss 3.9860 | lr 1.33e-04
step    456 | val_loss 4.1457 | val_ppl 63.16
step    460 | train_loss 3.8803 | lr 1.32e-04
step    470 | train_loss 4.2327 | lr 1.31e-04
step    480 | train_loss 3.8858 | lr 1.30e-04
step    490 | train_loss 4.2638 | lr 1.29e-04
step    500 | train_loss 4.1384 | lr 1.28e-04
step    510 | train_loss 4.0960 | lr 1.27e-04
step    520 | train_loss 3.9320 | lr 1.26e-04
step    530 | train_loss 4.0045 | lr 1.25e-04
step    540 | train_loss 4.0497 | lr 1.23e-04
step    550 | train_loss 4.1130 | lr 1.22e-04
step    560 | train_loss 3.9141 | lr 1.21e-04
step    570 | train_loss 4.2745 | lr 1.20e-04
step    580 | train_loss 4.0752 | lr 1.19e-04
step    590 | train_loss 3.9287 | lr 1.18e-04
step    600 | train_loss 3.9031 | lr 1.16e-04
step    610 | train_loss 4.0703 | lr 1.15e-04
step    620 | train_loss 3.7584 | lr 1.14e-04
step    630 | train_loss 4.1090 | lr 1.13e-04
step    640 | train_loss 4.1776 | lr 1.11e-04
step    650 | train_loss 4.3153 | lr 1.10e-04
step    660 | train_loss 3.9332 | lr 1.09e-04
step    670 | train_loss 4.0587 | lr 1.07e-04
step    680 | train_loss 4.1775 | lr 1.06e-04
step    684 | val_loss 4.0964 | val_ppl 60.12
step    690 | train_loss 3.9891 | lr 1.05e-04
step    700 | train_loss 3.8914 | lr 1.03e-04
step    710 | train_loss 4.1328 | lr 1.02e-04
step    720 | train_loss 3.9469 | lr 1.01e-04
step    730 | train_loss 4.0688 | lr 9.94e-05
step    740 | train_loss 4.0869 | lr 9.81e-05
step    750 | train_loss 4.0723 | lr 9.67e-05
step    760 | train_loss 4.1378 | lr 9.53e-05
step    770 | train_loss 4.1269 | lr 9.39e-05
step    780 | train_loss 4.1677 | lr 9.25e-05
step    790 | train_loss 4.0874 | lr 9.11e-05
step    800 | train_loss 4.1439 | lr 8.97e-05
step    810 | train_loss 4.1497 | lr 8.83e-05
step    820 | train_loss 4.2038 | lr 8.69e-05
step    830 | train_loss 4.1500 | lr 8.55e-05
step    840 | train_loss 3.8847 | lr 8.41e-05
step    850 | train_loss 4.3547 | lr 8.26e-05
step    860 | train_loss 4.2465 | lr 8.12e-05
step    870 | train_loss 3.9422 | lr 7.98e-05
step    880 | train_loss 4.0816 | lr 7.84e-05
step    890 | train_loss 4.0848 | lr 7.70e-05
step    900 | train_loss 3.9227 | lr 7.56e-05
step    910 | train_loss 4.0795 | lr 7.42e-05
step    912 | val_loss 4.0733 | val_ppl 58.75
step    920 | train_loss 3.9322 | lr 7.28e-05
step    930 | train_loss 4.2743 | lr 7.14e-05
step    940 | train_loss 3.8418 | lr 7.00e-05
step    950 | train_loss 3.7651 | lr 6.86e-05
step    960 | train_loss 4.2451 | lr 6.72e-05
step    970 | train_loss 4.3106 | lr 6.59e-05
step    980 | train_loss 4.4550 | lr 6.45e-05
step    990 | train_loss 3.8500 | lr 6.31e-05
step   1000 | train_loss 4.1212 | lr 6.18e-05
step   1010 | train_loss 4.2504 | lr 6.04e-05
step   1020 | train_loss 4.0790 | lr 5.91e-05
step   1030 | train_loss 4.1033 | lr 5.78e-05
step   1040 | train_loss 4.0446 | lr 5.65e-05
step   1050 | train_loss 4.0490 | lr 5.52e-05
step   1060 | train_loss 3.9023 | lr 5.39e-05
step   1070 | train_loss 3.8183 | lr 5.26e-05
step   1080 | train_loss 3.9757 | lr 5.14e-05
step   1090 | train_loss 4.0482 | lr 5.01e-05
step   1100 | train_loss 3.9943 | lr 4.89e-05
step   1110 | train_loss 4.0734 | lr 4.77e-05
step   1120 | train_loss 4.0002 | lr 4.65e-05
step   1130 | train_loss 4.1674 | lr 4.53e-05
step   1140 | train_loss 3.8085 | lr 4.41e-05
step   1140 | val_loss 4.0518 | val_ppl 57.50
step   1150 | train_loss 4.1577 | lr 4.29e-05
step   1160 | train_loss 3.9813 | lr 4.18e-05
step   1170 | train_loss 4.2042 | lr 4.07e-05
step   1180 | train_loss 3.9189 | lr 3.96e-05
step   1190 | train_loss 4.1271 | lr 3.85e-05
step   1200 | train_loss 3.9770 | lr 3.74e-05
step   1210 | train_loss 4.1943 | lr 3.64e-05
step   1220 | train_loss 4.0674 | lr 3.54e-05
step   1230 | train_loss 4.2133 | lr 3.44e-05
step   1240 | train_loss 3.7097 | lr 3.34e-05
step   1250 | train_loss 3.9952 | lr 3.24e-05
step   1260 | train_loss 3.8746 | lr 3.15e-05
step   1270 | train_loss 3.9623 | lr 3.06e-05
step   1280 | train_loss 3.7512 | lr 2.97e-05
step   1290 | train_loss 3.8774 | lr 2.88e-05
step   1300 | train_loss 3.8346 | lr 2.80e-05
step   1310 | train_loss 3.6728 | lr 2.72e-05
step   1320 | train_loss 3.8229 | lr 2.64e-05
step   1330 | train_loss 4.2142 | lr 2.56e-05
step   1340 | train_loss 3.9982 | lr 2.48e-05
step   1350 | train_loss 3.9471 | lr 2.41e-05
step   1360 | train_loss 3.9903 | lr 2.34e-05
step   1368 | val_loss 4.0359 | val_ppl 56.59
step   1370 | train_loss 4.3158 | lr 2.27e-05
step   1380 | train_loss 3.8435 | lr 2.21e-05
step   1390 | train_loss 4.0971 | lr 2.15e-05
step   1400 | train_loss 4.1521 | lr 2.09e-05
step   1410 | train_loss 4.0555 | lr 2.03e-05
step   1420 | train_loss 3.8133 | lr 1.98e-05
step   1430 | train_loss 4.1320 | lr 1.93e-05
step   1440 | train_loss 3.8956 | lr 1.88e-05
step   1450 | train_loss 4.0247 | lr 1.83e-05
step   1460 | train_loss 4.0468 | lr 1.79e-05
step   1470 | train_loss 3.9233 | lr 1.75e-05
step   1480 | train_loss 4.1142 | lr 1.72e-05
step   1490 | train_loss 4.0760 | lr 1.68e-05
step   1500 | train_loss 4.1265 | lr 1.65e-05
step   1510 | train_loss 4.2786 | lr 1.62e-05
step   1520 | train_loss 3.7970 | lr 1.60e-05
step   1530 | train_loss 3.9173 | lr 1.57e-05
step   1540 | train_loss 3.9099 | lr 1.56e-05
step   1550 | train_loss 3.9521 | lr 1.54e-05
step   1560 | train_loss 3.8626 | lr 1.52e-05
step   1570 | train_loss 3.9092 | lr 1.51e-05
step   1580 | train_loss 3.5798 | lr 1.51e-05
step   1590 | train_loss 3.9519 | lr 1.50e-05
step   1596 | val_loss 4.0298 | val_ppl 56.25
step   1600 | train_loss 3.5494 | lr 1.50e-05
step   1600 | val_loss 4.0300 | val_ppl 56.26
Saved checkpoint to /home/system/projects/AuthLLM/checkpoints/lr_scaling_mini2k/alpaca_unpacked_1600_lr0.00015_seed1339/step_1600.pt
