Data: 16,956 train / 346 val examples (0 dropped as longer than 512 tokens)
Model: mini (7,292,032 parameters), initialized from checkpoints/mini/step_2000.pt (step 2000)
step     10 | train_loss 4.5489 | lr 1.21e-04
step     20 | train_loss 4.7200 | lr 2.42e-04
step     30 | train_loss 4.5367 | lr 3.64e-04
step     40 | train_loss 4.2264 | lr 4.00e-04
step     50 | train_loss 4.3993 | lr 3.99e-04
step     60 | train_loss 4.2597 | lr 3.98e-04
step     70 | train_loss 4.5160 | lr 3.95e-04
step     75 | val_loss 4.3166 | val_ppl 74.94
step     80 | train_loss 4.3973 | lr 3.92e-04
step     90 | train_loss 4.3114 | lr 3.89e-04
step    100 | train_loss 4.1977 | lr 3.85e-04
step    110 | train_loss 4.1742 | lr 3.80e-04
step    120 | train_loss 4.1930 | lr 3.74e-04
step    130 | train_loss 4.2476 | lr 3.68e-04
step    140 | train_loss 4.3771 | lr 3.61e-04
step    150 | train_loss 4.0292 | lr 3.54e-04
step    150 | val_loss 4.2498 | val_ppl 70.09
step    160 | train_loss 4.2946 | lr 3.46e-04
step    170 | train_loss 4.2747 | lr 3.37e-04
step    180 | train_loss 4.0268 | lr 3.29e-04
step    190 | train_loss 4.3819 | lr 3.19e-04
step    200 | train_loss 4.0043 | lr 3.10e-04
step    210 | train_loss 3.8062 | lr 3.00e-04
step    220 | train_loss 4.1721 | lr 2.89e-04
step    225 | val_loss 4.1970 | val_ppl 66.49
step    230 | train_loss 4.1996 | lr 2.79e-04
step    240 | train_loss 3.9408 | lr 2.68e-04
step    250 | train_loss 4.1950 | lr 2.57e-04
step    260 | train_loss 4.3919 | lr 2.46e-04
step    270 | train_loss 4.0574 | lr 2.34e-04
step    280 | train_loss 4.1784 | lr 2.23e-04
step    290 | train_loss 4.1188 | lr 2.11e-04
step    300 | train_loss 4.1650 | lr 2.00e-04
step    300 | val_loss 4.1574 | val_ppl 63.90
step    310 | train_loss 3.8609 | lr 1.89e-04
step    320 | train_loss 4.0550 | lr 1.78e-04
step    330 | train_loss 4.2914 | lr 1.67e-04
step    340 | train_loss 4.1195 | lr 1.56e-04
step    350 | train_loss 4.0786 | lr 1.46e-04
step    360 | train_loss 4.0111 | lr 1.35e-04
step    370 | train_loss 4.2068 | lr 1.25e-04
step    375 | val_loss 4.1141 | val_ppl 61.19
step    380 | train_loss 4.0689 | lr 1.16e-04
step    390 | train_loss 4.0951 | lr 1.07e-04
step    400 | train_loss 4.0511 | lr 9.83e-05
step    410 | train_loss 3.9140 | lr 9.01e-05
step    420 | train_loss 4.0125 | lr 8.25e-05
step    430 | train_loss 4.4818 | lr 7.55e-05
step    440 | train_loss 4.1953 | lr 6.90e-05
step    450 | train_loss 4.1788 | lr 6.31e-05
step    450 | val_loss 4.0783 | val_ppl 59.05
step    460 | train_loss 3.8989 | lr 5.78e-05
step    470 | train_loss 3.8137 | lr 5.32e-05
step    480 | train_loss 3.7356 | lr 4.93e-05
step    490 | train_loss 4.3640 | lr 4.60e-05
step    500 | train_loss 3.9729 | lr 4.34e-05
step    510 | train_loss 4.1936 | lr 4.16e-05
step    520 | train_loss 4.0478 | lr 4.04e-05
step    525 | val_loss 4.0612 | val_ppl 58.04
step    530 | train_loss 4.1398 | lr 4.00e-05
step    530 | val_loss 4.0602 | val_ppl 57.99
Saved checkpoint to /home/system/projects/AuthLLM/checkpoints/lr_scaling_mini2k/alpaca_third_unpacked_530_lr0.0004_seed1338/step_530.pt
