Data: 50,869 train / 1,037 val examples (68 dropped as longer than 512 tokens)
Packing: 50,869 examples into 11,220 windows (4.5 per window, 98.8% of positions used)
Model: mini (7,292,032 parameters), initialized from checkpoints/mini/step_2000.pt (step 2000)
step     10 | train_loss 4.4387 | lr 1.82e-03
step     20 | train_loss 4.4816 | lr 3.64e-03
step     30 | train_loss 4.7379 | lr 4.00e-03
step     40 | train_loss 4.5332 | lr 3.98e-03
step     50 | train_loss 4.4897 | lr 3.94e-03
step     50 | val_loss 4.5725 | val_ppl 96.79
step     60 | train_loss 4.7589 | lr 3.89e-03
step     70 | train_loss 4.4479 | lr 3.82e-03
step     80 | train_loss 4.4569 | lr 3.74e-03
step     90 | train_loss 4.4819 | lr 3.64e-03
step    100 | train_loss 4.4262 | lr 3.53e-03
step    100 | val_loss 4.3672 | val_ppl 78.82
step    110 | train_loss 4.4192 | lr 3.41e-03
step    120 | train_loss 4.2853 | lr 3.28e-03
step    130 | train_loss 4.2120 | lr 3.13e-03
step    140 | train_loss 4.3223 | lr 2.98e-03
step    150 | train_loss 4.1766 | lr 2.82e-03
step    150 | val_loss 4.1390 | val_ppl 62.74
step    160 | train_loss 4.1579 | lr 2.66e-03
step    170 | train_loss 3.8975 | lr 2.49e-03
step    180 | train_loss 4.1209 | lr 2.32e-03
step    190 | train_loss 4.0534 | lr 2.15e-03
step    200 | train_loss 3.8750 | lr 1.98e-03
step    200 | val_loss 3.9874 | val_ppl 53.91
step    210 | train_loss 3.9446 | lr 1.81e-03
step    220 | train_loss 3.9998 | lr 1.64e-03
step    230 | train_loss 3.7709 | lr 1.48e-03
step    240 | train_loss 3.8790 | lr 1.32e-03
step    250 | train_loss 3.8504 | lr 1.18e-03
step    250 | val_loss 3.8161 | val_ppl 45.43
step    260 | train_loss 3.8344 | lr 1.04e-03
step    270 | train_loss 3.7263 | lr 9.15e-04
step    280 | train_loss 3.7861 | lr 8.00e-04
step    290 | train_loss 3.7434 | lr 6.99e-04
step    300 | train_loss 3.7273 | lr 6.11e-04
step    300 | val_loss 3.7062 | val_ppl 40.70
step    310 | train_loss 3.7974 | lr 5.37e-04
step    320 | train_loss 3.7878 | lr 4.79e-04
step    330 | train_loss 3.7331 | lr 4.36e-04
step    340 | train_loss 3.8943 | lr 4.10e-04
step    350 | train_loss 3.6145 | lr 4.00e-04
step    350 | val_loss 3.6464 | val_ppl 38.34
Saved checkpoint to /home/system/projects/AuthLLM/checkpoints/lr_scaling_mini2k/alpaca_packed_350_lr0.004_seed1338/step_350.pt
