Data: 16,956 train / 346 val examples (0 dropped as longer than 512 tokens)
Model: mini (7,292,032 parameters), initialized from checkpoints/mini/step_2000.pt (step 2000)
step     10 | train_loss 4.6415 | lr 2.73e-05
step     20 | train_loss 4.4835 | lr 5.45e-05
step     30 | train_loss 4.3651 | lr 8.18e-05
step     40 | train_loss 4.4788 | lr 9.00e-05
step     50 | train_loss 4.2201 | lr 8.98e-05
step     60 | train_loss 4.2410 | lr 8.95e-05
step     70 | train_loss 4.3826 | lr 8.90e-05
step     75 | val_loss 4.3124 | val_ppl 74.62
step     80 | train_loss 4.3785 | lr 8.83e-05
step     90 | train_loss 4.1955 | lr 8.75e-05
step    100 | train_loss 4.0336 | lr 8.65e-05
step    110 | train_loss 4.1610 | lr 8.54e-05
step    120 | train_loss 4.1050 | lr 8.42e-05
step    130 | train_loss 4.2830 | lr 8.28e-05
step    140 | train_loss 4.4603 | lr 8.12e-05
step    150 | train_loss 4.1217 | lr 7.96e-05
step    150 | val_loss 4.2285 | val_ppl 68.62
step    160 | train_loss 4.3105 | lr 7.78e-05
step    170 | train_loss 4.3246 | lr 7.59e-05
step    180 | train_loss 4.1898 | lr 7.39e-05
step    190 | train_loss 3.9891 | lr 7.19e-05
step    200 | train_loss 4.2813 | lr 6.97e-05
step    210 | train_loss 4.1244 | lr 6.74e-05
step    220 | train_loss 4.2240 | lr 6.51e-05
step    225 | val_loss 4.1802 | val_ppl 65.38
step    230 | train_loss 4.1172 | lr 6.27e-05
step    240 | train_loss 4.1106 | lr 6.02e-05
step    250 | train_loss 4.1698 | lr 5.78e-05
step    260 | train_loss 4.2274 | lr 5.52e-05
step    270 | train_loss 4.4165 | lr 5.27e-05
step    280 | train_loss 4.0308 | lr 5.01e-05
step    290 | train_loss 4.3751 | lr 4.76e-05
step    300 | train_loss 4.0213 | lr 4.50e-05
step    300 | val_loss 4.1498 | val_ppl 63.42
step    310 | train_loss 4.3497 | lr 4.25e-05
step    320 | train_loss 4.0624 | lr 4.00e-05
step    330 | train_loss 4.1920 | lr 3.75e-05
step    340 | train_loss 4.1519 | lr 3.51e-05
step    350 | train_loss 4.3720 | lr 3.27e-05
step    360 | train_loss 4.0495 | lr 3.04e-05
step    370 | train_loss 4.2234 | lr 2.82e-05
step    375 | val_loss 4.1310 | val_ppl 62.24
step    380 | train_loss 4.5460 | lr 2.61e-05
step    390 | train_loss 3.9163 | lr 2.40e-05
step    400 | train_loss 3.9902 | lr 2.21e-05
step    410 | train_loss 4.0363 | lr 2.03e-05
step    420 | train_loss 3.9805 | lr 1.86e-05
step    430 | train_loss 4.3665 | lr 1.70e-05
step    440 | train_loss 3.9795 | lr 1.55e-05
step    450 | train_loss 4.1228 | lr 1.42e-05
step    450 | val_loss 4.1202 | val_ppl 61.57
step    460 | train_loss 4.3685 | lr 1.30e-05
step    470 | train_loss 3.8348 | lr 1.20e-05
step    480 | train_loss 4.2557 | lr 1.11e-05
step    490 | train_loss 3.9153 | lr 1.04e-05
step    500 | train_loss 4.3123 | lr 9.78e-06
step    510 | train_loss 4.0414 | lr 9.36e-06
step    520 | train_loss 4.1897 | lr 9.10e-06
step    525 | val_loss 4.1138 | val_ppl 61.18
step    530 | train_loss 3.6839 | lr 9.00e-06
step    530 | val_loss 4.1136 | val_ppl 61.16
Saved checkpoint to /home/system/projects/AuthLLM/checkpoints/lr_scaling_mini2k/alpaca_third_unpacked_530_lr9e-05_seed1337/step_530.pt
