Data: 16,956 train / 346 val examples (0 dropped as longer than 512 tokens)
Model: mini (7,292,032 parameters), initialized from checkpoints/mini/step_2000.pt (step 2000)
step     10 | train_loss 4.6591 | lr 1.82e-05
step     20 | train_loss 4.5021 | lr 3.64e-05
step     30 | train_loss 4.3847 | lr 5.45e-05
step     40 | train_loss 4.5032 | lr 6.00e-05
step     50 | train_loss 4.2353 | lr 5.99e-05
step     60 | train_loss 4.2626 | lr 5.96e-05
step     70 | train_loss 4.3913 | lr 5.93e-05
step     75 | val_loss 4.3327 | val_ppl 76.15
step     80 | train_loss 4.4016 | lr 5.89e-05
step     90 | train_loss 4.2145 | lr 5.83e-05
step    100 | train_loss 4.0597 | lr 5.77e-05
step    110 | train_loss 4.1859 | lr 5.69e-05
step    120 | train_loss 4.1353 | lr 5.61e-05
step    130 | train_loss 4.3043 | lr 5.52e-05
step    140 | train_loss 4.4744 | lr 5.42e-05
step    150 | train_loss 4.1571 | lr 5.31e-05
step    150 | val_loss 4.2554 | val_ppl 70.48
step    160 | train_loss 4.3461 | lr 5.19e-05
step    170 | train_loss 4.3427 | lr 5.06e-05
step    180 | train_loss 4.2104 | lr 4.93e-05
step    190 | train_loss 4.0244 | lr 4.79e-05
step    200 | train_loss 4.3094 | lr 4.65e-05
step    210 | train_loss 4.1481 | lr 4.49e-05
step    220 | train_loss 4.2406 | lr 4.34e-05
step    225 | val_loss 4.2108 | val_ppl 67.41
step    230 | train_loss 4.1606 | lr 4.18e-05
step    240 | train_loss 4.1250 | lr 4.02e-05
step    250 | train_loss 4.2064 | lr 3.85e-05
step    260 | train_loss 4.2614 | lr 3.68e-05
step    270 | train_loss 4.4581 | lr 3.51e-05
step    280 | train_loss 4.0602 | lr 3.34e-05
step    290 | train_loss 4.4047 | lr 3.17e-05
step    300 | train_loss 4.0530 | lr 3.00e-05
step    300 | val_loss 4.1829 | val_ppl 65.56
step    310 | train_loss 4.3862 | lr 2.83e-05
step    320 | train_loss 4.0901 | lr 2.67e-05
step    330 | train_loss 4.2088 | lr 2.50e-05
step    340 | train_loss 4.1779 | lr 2.34e-05
step    350 | train_loss 4.4132 | lr 2.18e-05
step    360 | train_loss 4.0826 | lr 2.03e-05
step    370 | train_loss 4.2571 | lr 1.88e-05
step    375 | val_loss 4.1655 | val_ppl 64.42
step    380 | train_loss 4.5853 | lr 1.74e-05
step    390 | train_loss 3.9477 | lr 1.60e-05
step    400 | train_loss 4.0384 | lr 1.47e-05
step    410 | train_loss 4.0809 | lr 1.35e-05
step    420 | train_loss 4.0239 | lr 1.24e-05
step    430 | train_loss 4.3970 | lr 1.13e-05
step    440 | train_loss 4.0156 | lr 1.03e-05
step    450 | train_loss 4.1613 | lr 9.46e-06
step    450 | val_loss 4.1562 | val_ppl 63.83
step    460 | train_loss 4.3837 | lr 8.67e-06
step    470 | train_loss 3.8830 | lr 7.98e-06
step    480 | train_loss 4.2849 | lr 7.39e-06
step    490 | train_loss 3.9698 | lr 6.90e-06
step    500 | train_loss 4.3447 | lr 6.52e-06
step    510 | train_loss 4.0810 | lr 6.24e-06
step    520 | train_loss 4.2127 | lr 6.07e-06
step    525 | val_loss 4.1510 | val_ppl 63.50
step    530 | train_loss 3.7214 | lr 6.00e-06
step    530 | val_loss 4.1508 | val_ppl 63.48
Saved checkpoint to /home/system/projects/AuthLLM/checkpoints/lr_scaling_mini2k/alpaca_third_unpacked_530_lr6e-05_seed1337/step_530.pt
