Data: 50,868 train / 1,038 val examples (68 dropped as longer than 512 tokens)
Model: mini (7,292,032 parameters), initialized from checkpoints/mini/step_2000.pt (step 2000)
step     10 | train_loss 4.8353 | lr 3.00e-06
step     20 | train_loss 4.8366 | lr 6.00e-06
step     30 | train_loss 4.5518 | lr 9.00e-06
step     40 | train_loss 4.3573 | lr 1.20e-05
step     50 | train_loss 4.4124 | lr 1.50e-05
step     60 | train_loss 4.4976 | lr 1.80e-05
step     70 | train_loss 4.2825 | lr 2.10e-05
step     80 | train_loss 4.1162 | lr 2.40e-05
step     90 | train_loss 4.1136 | lr 2.70e-05
step    100 | train_loss 4.2581 | lr 3.00e-05
step    110 | train_loss 4.4613 | lr 3.00e-05
step    120 | train_loss 4.3906 | lr 3.00e-05
step    130 | train_loss 4.2139 | lr 3.00e-05
step    140 | train_loss 4.4130 | lr 3.00e-05
step    150 | train_loss 4.3083 | lr 2.99e-05
step    160 | train_loss 4.2458 | lr 2.99e-05
step    170 | train_loss 4.3077 | lr 2.99e-05
step    180 | train_loss 4.4655 | lr 2.98e-05
step    190 | train_loss 4.3711 | lr 2.98e-05
step    200 | train_loss 4.1648 | lr 2.97e-05
step    210 | train_loss 4.1949 | lr 2.96e-05
step    220 | train_loss 4.3797 | lr 2.96e-05
step    228 | val_loss 4.2709 | val_ppl 71.58
step    230 | train_loss 4.2431 | lr 2.95e-05
step    240 | train_loss 4.2478 | lr 2.94e-05
step    250 | train_loss 4.1892 | lr 2.93e-05
step    260 | train_loss 4.1418 | lr 2.93e-05
step    270 | train_loss 4.2102 | lr 2.92e-05
step    280 | train_loss 4.2525 | lr 2.91e-05
step    290 | train_loss 4.1625 | lr 2.90e-05
step    300 | train_loss 4.3595 | lr 2.88e-05
step    310 | train_loss 4.3043 | lr 2.87e-05
step    320 | train_loss 4.3007 | lr 2.86e-05
step    330 | train_loss 4.4905 | lr 2.85e-05
step    340 | train_loss 4.0954 | lr 2.83e-05
step    350 | train_loss 4.2985 | lr 2.82e-05
step    360 | train_loss 4.2066 | lr 2.81e-05
step    370 | train_loss 4.2005 | lr 2.79e-05
step    380 | train_loss 4.4670 | lr 2.78e-05
step    390 | train_loss 4.3674 | lr 2.76e-05
step    400 | train_loss 3.9938 | lr 2.74e-05
step    410 | train_loss 4.2138 | lr 2.73e-05
step    420 | train_loss 4.4563 | lr 2.71e-05
step    430 | train_loss 4.4368 | lr 2.69e-05
step    440 | train_loss 4.4529 | lr 2.67e-05
step    450 | train_loss 4.3769 | lr 2.66e-05
step    456 | val_loss 4.1893 | val_ppl 65.98
step    460 | train_loss 4.0437 | lr 2.64e-05
step    470 | train_loss 4.3335 | lr 2.62e-05
step    480 | train_loss 4.3124 | lr 2.60e-05
step    490 | train_loss 4.3004 | lr 2.58e-05
step    500 | train_loss 4.1820 | lr 2.56e-05
step    510 | train_loss 4.1752 | lr 2.53e-05
step    520 | train_loss 4.2893 | lr 2.51e-05
step    530 | train_loss 3.9595 | lr 2.49e-05
step    540 | train_loss 4.3063 | lr 2.47e-05
step    550 | train_loss 4.1949 | lr 2.45e-05
step    560 | train_loss 4.2344 | lr 2.42e-05
step    570 | train_loss 4.0058 | lr 2.40e-05
step    580 | train_loss 4.3105 | lr 2.38e-05
step    590 | train_loss 4.0421 | lr 2.35e-05
step    600 | train_loss 4.0262 | lr 2.33e-05
step    610 | train_loss 4.1612 | lr 2.30e-05
step    620 | train_loss 4.2862 | lr 2.28e-05
step    630 | train_loss 4.0114 | lr 2.25e-05
step    640 | train_loss 4.1901 | lr 2.23e-05
step    650 | train_loss 4.1175 | lr 2.20e-05
step    660 | train_loss 4.1058 | lr 2.18e-05
step    670 | train_loss 4.2448 | lr 2.15e-05
step    680 | train_loss 3.8473 | lr 2.12e-05
step    684 | val_loss 4.1385 | val_ppl 62.71
step    690 | train_loss 4.3174 | lr 2.10e-05
step    700 | train_loss 4.1081 | lr 2.07e-05
step    710 | train_loss 4.1715 | lr 2.04e-05
step    720 | train_loss 4.0743 | lr 2.02e-05
step    730 | train_loss 4.0593 | lr 1.99e-05
step    740 | train_loss 4.0258 | lr 1.96e-05
step    750 | train_loss 4.1068 | lr 1.93e-05
step    760 | train_loss 4.2230 | lr 1.91e-05
step    770 | train_loss 4.2559 | lr 1.88e-05
step    780 | train_loss 4.2689 | lr 1.85e-05
step    790 | train_loss 4.2813 | lr 1.82e-05
step    800 | train_loss 4.3263 | lr 1.79e-05
step    810 | train_loss 4.0568 | lr 1.77e-05
step    820 | train_loss 3.9297 | lr 1.74e-05
step    830 | train_loss 4.0793 | lr 1.71e-05
step    840 | train_loss 3.9877 | lr 1.68e-05
step    850 | train_loss 4.1056 | lr 1.65e-05
step    860 | train_loss 3.9290 | lr 1.62e-05
step    870 | train_loss 3.9269 | lr 1.60e-05
step    880 | train_loss 4.1328 | lr 1.57e-05
step    890 | train_loss 4.0277 | lr 1.54e-05
step    900 | train_loss 4.4122 | lr 1.51e-05
step    910 | train_loss 3.8395 | lr 1.48e-05
step    912 | val_loss 4.1102 | val_ppl 60.96
step    920 | train_loss 4.0424 | lr 1.46e-05
step    930 | train_loss 4.0475 | lr 1.43e-05
step    940 | train_loss 4.0496 | lr 1.40e-05
step    950 | train_loss 4.2580 | lr 1.37e-05
step    960 | train_loss 4.4276 | lr 1.34e-05
step    970 | train_loss 4.1271 | lr 1.32e-05
step    980 | train_loss 4.1667 | lr 1.29e-05
step    990 | train_loss 4.1669 | lr 1.26e-05
step   1000 | train_loss 3.6993 | lr 1.24e-05
step   1010 | train_loss 4.1065 | lr 1.21e-05
step   1020 | train_loss 3.8994 | lr 1.18e-05
step   1030 | train_loss 4.2350 | lr 1.16e-05
step   1040 | train_loss 4.4543 | lr 1.13e-05
step   1050 | train_loss 4.0295 | lr 1.10e-05
step   1060 | train_loss 4.3220 | lr 1.08e-05
step   1070 | train_loss 4.1816 | lr 1.05e-05
step   1080 | train_loss 3.9590 | lr 1.03e-05
step   1090 | train_loss 4.1988 | lr 1.00e-05
step   1100 | train_loss 3.9765 | lr 9.77e-06
step   1110 | train_loss 4.1217 | lr 9.53e-06
step   1120 | train_loss 4.0466 | lr 9.29e-06
step   1130 | train_loss 4.0803 | lr 9.05e-06
step   1140 | train_loss 4.2746 | lr 8.82e-06
step   1140 | val_loss 4.0925 | val_ppl 59.89
step   1150 | train_loss 4.4823 | lr 8.59e-06
step   1160 | train_loss 4.3422 | lr 8.36e-06
step   1170 | train_loss 4.1847 | lr 8.14e-06
step   1180 | train_loss 3.8836 | lr 7.92e-06
step   1190 | train_loss 4.1337 | lr 7.70e-06
step   1200 | train_loss 4.1465 | lr 7.49e-06
step   1210 | train_loss 3.8825 | lr 7.28e-06
step   1220 | train_loss 4.0931 | lr 7.07e-06
step   1230 | train_loss 4.1019 | lr 6.87e-06
step   1240 | train_loss 4.0798 | lr 6.68e-06
step   1250 | train_loss 4.1939 | lr 6.49e-06
step   1260 | train_loss 3.8990 | lr 6.30e-06
step   1270 | train_loss 4.1081 | lr 6.12e-06
step   1280 | train_loss 4.1561 | lr 5.94e-06
step   1290 | train_loss 3.8797 | lr 5.76e-06
step   1300 | train_loss 4.5084 | lr 5.59e-06
step   1310 | train_loss 3.9288 | lr 5.43e-06
step   1320 | train_loss 3.9501 | lr 5.27e-06
step   1330 | train_loss 4.6453 | lr 5.12e-06
step   1340 | train_loss 4.1230 | lr 4.97e-06
step   1350 | train_loss 4.0715 | lr 4.82e-06
step   1360 | train_loss 4.2763 | lr 4.68e-06
step   1368 | val_loss 4.0813 | val_ppl 59.22
step   1370 | train_loss 3.9963 | lr 4.55e-06
step   1380 | train_loss 4.1646 | lr 4.42e-06
step   1390 | train_loss 3.9684 | lr 4.30e-06
step   1400 | train_loss 4.3006 | lr 4.18e-06
step   1410 | train_loss 3.9819 | lr 4.07e-06
step   1420 | train_loss 4.1120 | lr 3.96e-06
step   1430 | train_loss 4.2655 | lr 3.86e-06
step   1440 | train_loss 4.0585 | lr 3.76e-06
step   1450 | train_loss 4.0382 | lr 3.67e-06
step   1460 | train_loss 4.0411 | lr 3.58e-06
step   1470 | train_loss 4.0488 | lr 3.50e-06
step   1480 | train_loss 4.0655 | lr 3.43e-06
step   1490 | train_loss 4.3269 | lr 3.36e-06
step   1500 | train_loss 4.1353 | lr 3.30e-06
step   1510 | train_loss 3.8116 | lr 3.24e-06
step   1520 | train_loss 4.0987 | lr 3.19e-06
step   1530 | train_loss 3.9702 | lr 3.15e-06
step   1540 | train_loss 4.0549 | lr 3.11e-06
step   1550 | train_loss 4.2442 | lr 3.08e-06
step   1560 | train_loss 3.9365 | lr 3.05e-06
step   1570 | train_loss 4.1073 | lr 3.03e-06
step   1580 | train_loss 4.0783 | lr 3.01e-06
step   1590 | train_loss 4.1790 | lr 3.00e-06
step   1596 | val_loss 4.0767 | val_ppl 58.95
step   1600 | train_loss 4.0982 | lr 3.00e-06
step   1600 | val_loss 4.0767 | val_ppl 58.95
Saved checkpoint to /home/system/projects/AuthLLM/checkpoints/lr_scaling_mini2k/alpaca_unpacked_1600_lr3e-05_seed1337/step_1600.pt
