Data: 50,867 train / 1,039 val examples (68 dropped as longer than 512 tokens)
Model: mini (7,292,032 parameters), initialized from checkpoints/mini/step_2000.pt (step 2000)
step     10 | train_loss 4.7580 | lr 2.50e-05
step     20 | train_loss 4.2192 | lr 5.00e-05
step     30 | train_loss 4.4641 | lr 7.50e-05
step     40 | train_loss 4.5240 | lr 1.00e-04
step     50 | train_loss 4.4920 | lr 1.25e-04
step     60 | train_loss 4.3567 | lr 1.50e-04
step     70 | train_loss 4.1175 | lr 1.75e-04
step     80 | train_loss 4.1861 | lr 2.00e-04
step     90 | train_loss 4.5771 | lr 2.25e-04
step    100 | train_loss 4.6299 | lr 2.50e-04
step    110 | train_loss 4.4688 | lr 2.50e-04
step    120 | train_loss 4.1090 | lr 2.50e-04
step    130 | train_loss 4.0823 | lr 2.50e-04
step    140 | train_loss 4.2916 | lr 2.50e-04
step    150 | train_loss 4.1992 | lr 2.49e-04
step    160 | train_loss 4.1705 | lr 2.49e-04
step    170 | train_loss 4.0415 | lr 2.49e-04
step    180 | train_loss 4.3557 | lr 2.48e-04
step    190 | train_loss 4.2750 | lr 2.48e-04
step    200 | train_loss 4.3330 | lr 2.48e-04
step    210 | train_loss 4.1726 | lr 2.47e-04
step    220 | train_loss 4.3601 | lr 2.47e-04
step    228 | val_loss 4.2242 | val_ppl 68.32
step    230 | train_loss 4.0025 | lr 2.46e-04
step    240 | train_loss 4.0479 | lr 2.45e-04
step    250 | train_loss 4.1113 | lr 2.45e-04
step    260 | train_loss 4.1998 | lr 2.44e-04
step    270 | train_loss 4.1164 | lr 2.43e-04
step    280 | train_loss 4.1483 | lr 2.42e-04
step    290 | train_loss 4.0741 | lr 2.41e-04
step    300 | train_loss 4.6588 | lr 2.40e-04
step    310 | train_loss 4.1370 | lr 2.39e-04
step    320 | train_loss 4.2660 | lr 2.38e-04
step    330 | train_loss 3.9406 | lr 2.37e-04
step    340 | train_loss 4.3868 | lr 2.36e-04
step    350 | train_loss 4.2008 | lr 2.35e-04
step    360 | train_loss 4.1035 | lr 2.34e-04
step    370 | train_loss 3.9870 | lr 2.33e-04
step    380 | train_loss 4.1322 | lr 2.31e-04
step    390 | train_loss 3.9510 | lr 2.30e-04
step    400 | train_loss 4.2253 | lr 2.29e-04
step    410 | train_loss 4.2734 | lr 2.27e-04
step    420 | train_loss 4.0810 | lr 2.26e-04
step    430 | train_loss 4.0406 | lr 2.24e-04
step    440 | train_loss 3.9581 | lr 2.23e-04
step    450 | train_loss 4.0180 | lr 2.21e-04
step    456 | val_loss 4.1694 | val_ppl 64.68
step    460 | train_loss 3.9220 | lr 2.20e-04
step    470 | train_loss 4.2663 | lr 2.18e-04
step    480 | train_loss 3.8734 | lr 2.16e-04
step    490 | train_loss 4.3206 | lr 2.15e-04
step    500 | train_loss 4.1438 | lr 2.13e-04
step    510 | train_loss 4.1244 | lr 2.11e-04
step    520 | train_loss 3.9527 | lr 2.09e-04
step    530 | train_loss 4.0135 | lr 2.08e-04
step    540 | train_loss 4.0751 | lr 2.06e-04
step    550 | train_loss 4.1370 | lr 2.04e-04
step    560 | train_loss 3.9157 | lr 2.02e-04
step    570 | train_loss 4.3163 | lr 2.00e-04
step    580 | train_loss 4.0947 | lr 1.98e-04
step    590 | train_loss 3.9748 | lr 1.96e-04
step    600 | train_loss 3.9061 | lr 1.94e-04
step    610 | train_loss 4.0731 | lr 1.92e-04
step    620 | train_loss 3.7959 | lr 1.90e-04
step    630 | train_loss 4.1441 | lr 1.88e-04
step    640 | train_loss 4.1787 | lr 1.86e-04
step    650 | train_loss 4.2813 | lr 1.83e-04
step    660 | train_loss 3.9664 | lr 1.81e-04
step    670 | train_loss 4.0582 | lr 1.79e-04
step    680 | train_loss 4.2041 | lr 1.77e-04
step    684 | val_loss 4.1202 | val_ppl 61.57
step    690 | train_loss 4.0036 | lr 1.75e-04
step    700 | train_loss 3.8934 | lr 1.72e-04
step    710 | train_loss 4.1517 | lr 1.70e-04
step    720 | train_loss 3.9473 | lr 1.68e-04
step    730 | train_loss 4.1090 | lr 1.66e-04
step    740 | train_loss 4.0935 | lr 1.63e-04
step    750 | train_loss 4.0737 | lr 1.61e-04
step    760 | train_loss 4.1701 | lr 1.59e-04
step    770 | train_loss 4.1414 | lr 1.56e-04
step    780 | train_loss 4.2049 | lr 1.54e-04
step    790 | train_loss 4.1052 | lr 1.52e-04
step    800 | train_loss 4.1716 | lr 1.49e-04
step    810 | train_loss 4.1577 | lr 1.47e-04
step    820 | train_loss 4.2318 | lr 1.45e-04
step    830 | train_loss 4.1685 | lr 1.42e-04
step    840 | train_loss 3.8947 | lr 1.40e-04
step    850 | train_loss 4.4126 | lr 1.38e-04
step    860 | train_loss 4.2573 | lr 1.35e-04
step    870 | train_loss 3.9367 | lr 1.33e-04
step    880 | train_loss 4.0992 | lr 1.31e-04
step    890 | train_loss 4.1303 | lr 1.28e-04
step    900 | train_loss 3.9371 | lr 1.26e-04
step    910 | train_loss 4.0862 | lr 1.24e-04
step    912 | val_loss 4.0932 | val_ppl 59.93
step    920 | train_loss 3.9192 | lr 1.21e-04
step    930 | train_loss 4.3352 | lr 1.19e-04
step    940 | train_loss 3.8219 | lr 1.17e-04
step    950 | train_loss 3.7483 | lr 1.14e-04
step    960 | train_loss 4.2428 | lr 1.12e-04
step    970 | train_loss 4.3250 | lr 1.10e-04
step    980 | train_loss 4.4831 | lr 1.07e-04
step    990 | train_loss 3.8492 | lr 1.05e-04
step   1000 | train_loss 4.1551 | lr 1.03e-04
step   1010 | train_loss 4.2532 | lr 1.01e-04
step   1020 | train_loss 4.0941 | lr 9.85e-05
step   1030 | train_loss 4.0999 | lr 9.63e-05
step   1040 | train_loss 4.1008 | lr 9.41e-05
step   1050 | train_loss 4.0455 | lr 9.20e-05
step   1060 | train_loss 3.8941 | lr 8.98e-05
step   1070 | train_loss 3.8089 | lr 8.77e-05
step   1080 | train_loss 3.9550 | lr 8.56e-05
step   1090 | train_loss 4.0817 | lr 8.35e-05
step   1100 | train_loss 4.0182 | lr 8.15e-05
step   1110 | train_loss 4.0913 | lr 7.94e-05
step   1120 | train_loss 4.0131 | lr 7.74e-05
step   1130 | train_loss 4.1913 | lr 7.54e-05
step   1140 | train_loss 3.8019 | lr 7.35e-05
step   1140 | val_loss 4.0641 | val_ppl 58.21
step   1150 | train_loss 4.1937 | lr 7.16e-05
step   1160 | train_loss 3.9778 | lr 6.97e-05
step   1170 | train_loss 4.2198 | lr 6.78e-05
step   1180 | train_loss 3.8840 | lr 6.60e-05
step   1190 | train_loss 4.1634 | lr 6.42e-05
step   1200 | train_loss 3.9830 | lr 6.24e-05
step   1210 | train_loss 4.2082 | lr 6.07e-05
step   1220 | train_loss 4.0722 | lr 5.90e-05
step   1230 | train_loss 4.2151 | lr 5.73e-05
step   1240 | train_loss 3.7013 | lr 5.57e-05
step   1250 | train_loss 3.9994 | lr 5.41e-05
step   1260 | train_loss 3.8571 | lr 5.25e-05
step   1270 | train_loss 3.9852 | lr 5.10e-05
step   1280 | train_loss 3.7339 | lr 4.95e-05
step   1290 | train_loss 3.8669 | lr 4.80e-05
step   1300 | train_loss 3.8636 | lr 4.66e-05
step   1310 | train_loss 3.6318 | lr 4.53e-05
step   1320 | train_loss 3.8064 | lr 4.39e-05
step   1330 | train_loss 4.2511 | lr 4.26e-05
step   1340 | train_loss 4.0073 | lr 4.14e-05
step   1350 | train_loss 3.9125 | lr 4.02e-05
step   1360 | train_loss 4.0068 | lr 3.90e-05
step   1368 | val_loss 4.0426 | val_ppl 56.97
step   1370 | train_loss 4.3064 | lr 3.79e-05
step   1380 | train_loss 3.8421 | lr 3.68e-05
step   1390 | train_loss 4.0645 | lr 3.58e-05
step   1400 | train_loss 4.1582 | lr 3.48e-05
step   1410 | train_loss 4.0402 | lr 3.39e-05
step   1420 | train_loss 3.7884 | lr 3.30e-05
step   1430 | train_loss 4.0869 | lr 3.21e-05
step   1440 | train_loss 3.8613 | lr 3.13e-05
step   1450 | train_loss 4.0254 | lr 3.06e-05
step   1460 | train_loss 4.0503 | lr 2.99e-05
step   1470 | train_loss 3.9244 | lr 2.92e-05
step   1480 | train_loss 4.1444 | lr 2.86e-05
step   1490 | train_loss 4.0981 | lr 2.80e-05
step   1500 | train_loss 4.1163 | lr 2.75e-05
step   1510 | train_loss 4.2928 | lr 2.70e-05
step   1520 | train_loss 3.7350 | lr 2.66e-05
step   1530 | train_loss 3.8817 | lr 2.62e-05
step   1540 | train_loss 3.9318 | lr 2.59e-05
step   1550 | train_loss 3.9692 | lr 2.56e-05
step   1560 | train_loss 3.8867 | lr 2.54e-05
step   1570 | train_loss 3.8807 | lr 2.52e-05
step   1580 | train_loss 3.5187 | lr 2.51e-05
step   1590 | train_loss 3.9302 | lr 2.50e-05
step   1596 | val_loss 4.0334 | val_ppl 56.45
step   1600 | train_loss 3.5593 | lr 2.50e-05
step   1600 | val_loss 4.0341 | val_ppl 56.49
Saved checkpoint to /home/system/projects/AuthLLM/checkpoints/lr_scaling_mini2k/alpaca_unpacked_1600_lr0.00025_seed1339/step_1600.pt
