Data: 50,868 train / 1,038 val examples (68 dropped as longer than 512 tokens)
Model: mini (7,292,032 parameters), initialized from checkpoints/mini/step_2000.pt (step 2000)
step     10 | train_loss 4.7681 | lr 2.50e-05
step     20 | train_loss 4.7193 | lr 5.00e-05
step     30 | train_loss 4.4081 | lr 7.50e-05
step     40 | train_loss 4.2618 | lr 1.00e-04
step     50 | train_loss 4.3062 | lr 1.25e-04
step     60 | train_loss 4.4093 | lr 1.50e-04
step     70 | train_loss 4.1826 | lr 1.75e-04
step     80 | train_loss 4.0059 | lr 2.00e-04
step     90 | train_loss 3.9623 | lr 2.25e-04
step    100 | train_loss 4.1600 | lr 2.50e-04
step    110 | train_loss 4.2977 | lr 2.50e-04
step    120 | train_loss 4.3025 | lr 2.50e-04
step    130 | train_loss 4.1326 | lr 2.50e-04
step    140 | train_loss 4.3744 | lr 2.50e-04
step    150 | train_loss 4.1866 | lr 2.49e-04
step    160 | train_loss 4.1452 | lr 2.49e-04
step    170 | train_loss 4.2342 | lr 2.49e-04
step    180 | train_loss 4.3894 | lr 2.48e-04
step    190 | train_loss 4.3043 | lr 2.48e-04
step    200 | train_loss 4.0570 | lr 2.48e-04
step    210 | train_loss 4.1980 | lr 2.47e-04
step    220 | train_loss 4.1987 | lr 2.47e-04
step    228 | val_loss 4.1605 | val_ppl 64.11
step    230 | train_loss 4.1702 | lr 2.46e-04
step    240 | train_loss 4.2077 | lr 2.45e-04
step    250 | train_loss 4.0985 | lr 2.45e-04
step    260 | train_loss 4.0348 | lr 2.44e-04
step    270 | train_loss 4.0710 | lr 2.43e-04
step    280 | train_loss 4.1180 | lr 2.42e-04
step    290 | train_loss 4.0662 | lr 2.41e-04
step    300 | train_loss 4.2305 | lr 2.40e-04
step    310 | train_loss 4.2839 | lr 2.39e-04
step    320 | train_loss 4.2051 | lr 2.38e-04
step    330 | train_loss 4.5154 | lr 2.37e-04
step    340 | train_loss 4.1248 | lr 2.36e-04
step    350 | train_loss 4.3057 | lr 2.35e-04
step    360 | train_loss 4.1635 | lr 2.34e-04
step    370 | train_loss 4.1227 | lr 2.33e-04
step    380 | train_loss 4.4345 | lr 2.31e-04
step    390 | train_loss 4.2140 | lr 2.30e-04
step    400 | train_loss 3.8924 | lr 2.29e-04
step    410 | train_loss 4.1285 | lr 2.27e-04
step    420 | train_loss 4.3728 | lr 2.26e-04
step    430 | train_loss 4.4162 | lr 2.24e-04
step    440 | train_loss 4.3602 | lr 2.23e-04
step    450 | train_loss 4.2932 | lr 2.21e-04
step    456 | val_loss 4.1092 | val_ppl 60.90
step    460 | train_loss 3.9301 | lr 2.20e-04
step    470 | train_loss 4.2518 | lr 2.18e-04
step    480 | train_loss 4.2258 | lr 2.16e-04
step    490 | train_loss 4.2378 | lr 2.15e-04
step    500 | train_loss 4.0705 | lr 2.13e-04
step    510 | train_loss 4.0860 | lr 2.11e-04
step    520 | train_loss 4.0754 | lr 2.09e-04
step    530 | train_loss 3.8227 | lr 2.08e-04
step    540 | train_loss 4.1610 | lr 2.06e-04
step    550 | train_loss 4.1225 | lr 2.04e-04
step    560 | train_loss 4.0535 | lr 2.02e-04
step    570 | train_loss 3.9852 | lr 2.00e-04
step    580 | train_loss 4.3051 | lr 1.98e-04
step    590 | train_loss 3.9285 | lr 1.96e-04
step    600 | train_loss 4.0115 | lr 1.94e-04
step    610 | train_loss 4.0430 | lr 1.92e-04
step    620 | train_loss 4.2973 | lr 1.90e-04
step    630 | train_loss 3.9417 | lr 1.88e-04
step    640 | train_loss 4.1083 | lr 1.86e-04
step    650 | train_loss 4.0172 | lr 1.83e-04
step    660 | train_loss 4.0291 | lr 1.81e-04
step    670 | train_loss 4.1486 | lr 1.79e-04
step    680 | train_loss 3.6418 | lr 1.77e-04
step    684 | val_loss 4.0473 | val_ppl 57.24
step    690 | train_loss 4.3231 | lr 1.75e-04
step    700 | train_loss 3.9941 | lr 1.72e-04
step    710 | train_loss 4.1158 | lr 1.70e-04
step    720 | train_loss 3.9350 | lr 1.68e-04
step    730 | train_loss 4.0391 | lr 1.66e-04
step    740 | train_loss 3.9273 | lr 1.63e-04
step    750 | train_loss 4.1400 | lr 1.61e-04
step    760 | train_loss 4.2043 | lr 1.59e-04
step    770 | train_loss 4.0534 | lr 1.56e-04
step    780 | train_loss 4.2613 | lr 1.54e-04
step    790 | train_loss 4.2196 | lr 1.52e-04
step    800 | train_loss 4.2089 | lr 1.49e-04
step    810 | train_loss 4.0268 | lr 1.47e-04
step    820 | train_loss 3.8870 | lr 1.45e-04
step    830 | train_loss 3.9446 | lr 1.42e-04
step    840 | train_loss 3.9269 | lr 1.40e-04
step    850 | train_loss 3.9461 | lr 1.38e-04
step    860 | train_loss 3.7617 | lr 1.35e-04
step    870 | train_loss 3.8654 | lr 1.33e-04
step    880 | train_loss 3.9204 | lr 1.31e-04
step    890 | train_loss 3.9146 | lr 1.28e-04
step    900 | train_loss 4.3061 | lr 1.26e-04
step    910 | train_loss 3.6873 | lr 1.24e-04
step    912 | val_loss 4.0099 | val_ppl 55.14
step    920 | train_loss 3.9686 | lr 1.21e-04
step    930 | train_loss 3.9319 | lr 1.19e-04
step    940 | train_loss 3.9239 | lr 1.17e-04
step    950 | train_loss 4.2339 | lr 1.14e-04
step    960 | train_loss 4.4668 | lr 1.12e-04
step    970 | train_loss 4.1216 | lr 1.10e-04
step    980 | train_loss 4.1045 | lr 1.07e-04
step    990 | train_loss 4.0499 | lr 1.05e-04
step   1000 | train_loss 3.5770 | lr 1.03e-04
step   1010 | train_loss 4.1144 | lr 1.01e-04
step   1020 | train_loss 3.9139 | lr 9.85e-05
step   1030 | train_loss 4.1134 | lr 9.63e-05
step   1040 | train_loss 4.2411 | lr 9.41e-05
step   1050 | train_loss 4.0479 | lr 9.20e-05
step   1060 | train_loss 4.1460 | lr 8.98e-05
step   1070 | train_loss 4.2082 | lr 8.77e-05
step   1080 | train_loss 3.8749 | lr 8.56e-05
step   1090 | train_loss 4.1644 | lr 8.35e-05
step   1100 | train_loss 3.8180 | lr 8.15e-05
step   1110 | train_loss 4.1058 | lr 7.94e-05
step   1120 | train_loss 3.9384 | lr 7.74e-05
step   1130 | train_loss 4.1028 | lr 7.54e-05
step   1140 | train_loss 4.1246 | lr 7.35e-05
step   1140 | val_loss 3.9747 | val_ppl 53.23
step   1150 | train_loss 4.2073 | lr 7.16e-05
step   1160 | train_loss 4.1154 | lr 6.97e-05
step   1170 | train_loss 4.0574 | lr 6.78e-05
step   1180 | train_loss 3.6341 | lr 6.60e-05
step   1190 | train_loss 4.0530 | lr 6.42e-05
step   1200 | train_loss 4.0791 | lr 6.24e-05
step   1210 | train_loss 3.8712 | lr 6.07e-05
step   1220 | train_loss 3.9877 | lr 5.90e-05
step   1230 | train_loss 4.0429 | lr 5.73e-05
step   1240 | train_loss 4.0232 | lr 5.57e-05
step   1250 | train_loss 4.1384 | lr 5.41e-05
step   1260 | train_loss 3.6647 | lr 5.25e-05
step   1270 | train_loss 3.8940 | lr 5.10e-05
step   1280 | train_loss 4.0327 | lr 4.95e-05
step   1290 | train_loss 3.7713 | lr 4.80e-05
step   1300 | train_loss 4.3252 | lr 4.66e-05
step   1310 | train_loss 3.8085 | lr 4.53e-05
step   1320 | train_loss 3.8549 | lr 4.39e-05
step   1330 | train_loss 4.3872 | lr 4.26e-05
step   1340 | train_loss 4.0296 | lr 4.14e-05
step   1350 | train_loss 4.0152 | lr 4.02e-05
step   1360 | train_loss 4.0808 | lr 3.90e-05
step   1368 | val_loss 3.9540 | val_ppl 52.14
step   1370 | train_loss 3.7960 | lr 3.79e-05
step   1380 | train_loss 4.1543 | lr 3.68e-05
step   1390 | train_loss 3.9115 | lr 3.58e-05
step   1400 | train_loss 4.1374 | lr 3.48e-05
step   1410 | train_loss 3.8392 | lr 3.39e-05
step   1420 | train_loss 4.1102 | lr 3.30e-05
step   1430 | train_loss 4.2004 | lr 3.21e-05
step   1440 | train_loss 3.9167 | lr 3.13e-05
step   1450 | train_loss 3.8605 | lr 3.06e-05
step   1460 | train_loss 4.0086 | lr 2.99e-05
step   1470 | train_loss 3.9727 | lr 2.92e-05
step   1480 | train_loss 3.8310 | lr 2.86e-05
step   1490 | train_loss 4.3193 | lr 2.80e-05
step   1500 | train_loss 4.0716 | lr 2.75e-05
step   1510 | train_loss 3.6445 | lr 2.70e-05
step   1520 | train_loss 3.9759 | lr 2.66e-05
step   1530 | train_loss 3.9233 | lr 2.62e-05
step   1540 | train_loss 3.8028 | lr 2.59e-05
step   1550 | train_loss 4.1147 | lr 2.56e-05
step   1560 | train_loss 3.7808 | lr 2.54e-05
step   1570 | train_loss 3.9336 | lr 2.52e-05
step   1580 | train_loss 3.9400 | lr 2.51e-05
step   1590 | train_loss 3.8849 | lr 2.50e-05
step   1596 | val_loss 3.9441 | val_ppl 51.63
step   1600 | train_loss 3.9328 | lr 2.50e-05
step   1600 | val_loss 3.9448 | val_ppl 51.67
Saved checkpoint to /home/system/projects/AuthLLM/checkpoints/lr_scaling_mini2k/alpaca_unpacked_1600_lr0.00025_seed1337/step_1600.pt
