Data: 50,869 train / 1,037 val examples (68 dropped as longer than 512 tokens)
Model: mini (7,292,032 parameters), initialized from checkpoints/mini/step_2000.pt (step 2000)
step     10 | train_loss 4.8959 | lr 2.50e-05
step     20 | train_loss 4.3686 | lr 5.00e-05
step     30 | train_loss 4.4267 | lr 7.50e-05
step     40 | train_loss 4.4507 | lr 1.00e-04
step     50 | train_loss 4.6974 | lr 1.25e-04
step     60 | train_loss 4.3569 | lr 1.50e-04
step     70 | train_loss 4.1817 | lr 1.75e-04
step     80 | train_loss 4.2152 | lr 2.00e-04
step     90 | train_loss 4.2666 | lr 2.25e-04
step    100 | train_loss 4.4375 | lr 2.50e-04
step    110 | train_loss 4.1127 | lr 2.50e-04
step    120 | train_loss 4.2144 | lr 2.50e-04
step    130 | train_loss 4.1027 | lr 2.50e-04
step    140 | train_loss 4.2254 | lr 2.50e-04
step    150 | train_loss 4.3042 | lr 2.49e-04
step    160 | train_loss 4.1027 | lr 2.49e-04
step    170 | train_loss 4.2913 | lr 2.49e-04
step    180 | train_loss 4.3494 | lr 2.48e-04
step    190 | train_loss 4.2459 | lr 2.48e-04
step    200 | train_loss 3.9713 | lr 2.48e-04
step    210 | train_loss 4.4638 | lr 2.47e-04
step    220 | train_loss 4.2462 | lr 2.47e-04
step    228 | val_loss 4.1597 | val_ppl 64.05
step    230 | train_loss 4.1303 | lr 2.46e-04
step    240 | train_loss 4.2602 | lr 2.45e-04
step    250 | train_loss 4.0095 | lr 2.45e-04
step    260 | train_loss 4.4415 | lr 2.44e-04
step    270 | train_loss 4.2638 | lr 2.43e-04
step    280 | train_loss 4.2444 | lr 2.42e-04
step    290 | train_loss 3.8632 | lr 2.41e-04
step    300 | train_loss 4.2231 | lr 2.40e-04
step    310 | train_loss 4.2979 | lr 2.39e-04
step    320 | train_loss 4.2617 | lr 2.38e-04
step    330 | train_loss 4.2397 | lr 2.37e-04
step    340 | train_loss 4.1026 | lr 2.36e-04
step    350 | train_loss 4.4596 | lr 2.35e-04
step    360 | train_loss 4.2599 | lr 2.34e-04
step    370 | train_loss 4.2669 | lr 2.33e-04
step    380 | train_loss 4.4575 | lr 2.31e-04
step    390 | train_loss 4.0177 | lr 2.30e-04
step    400 | train_loss 3.7852 | lr 2.29e-04
step    410 | train_loss 4.0996 | lr 2.27e-04
step    420 | train_loss 4.3292 | lr 2.26e-04
step    430 | train_loss 4.0787 | lr 2.24e-04
step    440 | train_loss 4.0548 | lr 2.23e-04
step    450 | train_loss 4.2456 | lr 2.21e-04
step    456 | val_loss 4.0863 | val_ppl 59.52
step    460 | train_loss 4.2165 | lr 2.20e-04
step    470 | train_loss 3.7347 | lr 2.18e-04
step    480 | train_loss 3.9981 | lr 2.16e-04
step    490 | train_loss 4.2929 | lr 2.15e-04
step    500 | train_loss 4.2107 | lr 2.13e-04
step    510 | train_loss 4.0678 | lr 2.11e-04
step    520 | train_loss 4.2231 | lr 2.09e-04
step    530 | train_loss 4.3537 | lr 2.08e-04
step    540 | train_loss 3.9454 | lr 2.06e-04
step    550 | train_loss 3.8709 | lr 2.04e-04
step    560 | train_loss 4.0971 | lr 2.02e-04
step    570 | train_loss 4.1160 | lr 2.00e-04
step    580 | train_loss 4.0789 | lr 1.98e-04
step    590 | train_loss 4.2395 | lr 1.96e-04
step    600 | train_loss 4.1433 | lr 1.94e-04
step    610 | train_loss 3.9570 | lr 1.92e-04
step    620 | train_loss 4.0556 | lr 1.90e-04
step    630 | train_loss 3.6136 | lr 1.88e-04
step    640 | train_loss 4.1385 | lr 1.86e-04
step    650 | train_loss 3.9864 | lr 1.83e-04
step    660 | train_loss 3.9301 | lr 1.81e-04
step    670 | train_loss 4.0601 | lr 1.79e-04
step    680 | train_loss 4.0835 | lr 1.77e-04
step    684 | val_loss 4.0356 | val_ppl 56.58
step    690 | train_loss 4.0409 | lr 1.75e-04
step    700 | train_loss 4.0219 | lr 1.72e-04
step    710 | train_loss 4.3019 | lr 1.70e-04
step    720 | train_loss 4.1146 | lr 1.68e-04
step    730 | train_loss 3.8258 | lr 1.66e-04
step    740 | train_loss 4.0894 | lr 1.63e-04
step    750 | train_loss 4.0369 | lr 1.61e-04
step    760 | train_loss 4.1924 | lr 1.59e-04
step    770 | train_loss 3.9236 | lr 1.56e-04
step    780 | train_loss 4.4119 | lr 1.54e-04
step    790 | train_loss 4.1552 | lr 1.52e-04
step    800 | train_loss 4.0156 | lr 1.49e-04
step    810 | train_loss 3.8962 | lr 1.47e-04
step    820 | train_loss 3.9374 | lr 1.45e-04
step    830 | train_loss 4.1672 | lr 1.42e-04
step    840 | train_loss 4.0071 | lr 1.40e-04
step    850 | train_loss 4.1202 | lr 1.38e-04
step    860 | train_loss 4.3244 | lr 1.35e-04
step    870 | train_loss 3.8890 | lr 1.33e-04
step    880 | train_loss 4.0166 | lr 1.31e-04
step    890 | train_loss 4.3645 | lr 1.28e-04
step    900 | train_loss 4.1248 | lr 1.26e-04
step    910 | train_loss 4.0627 | lr 1.24e-04
step    912 | val_loss 3.9928 | val_ppl 54.20
step    920 | train_loss 3.9155 | lr 1.21e-04
step    930 | train_loss 3.8709 | lr 1.19e-04
step    940 | train_loss 3.9902 | lr 1.17e-04
step    950 | train_loss 3.9952 | lr 1.14e-04
step    960 | train_loss 4.0746 | lr 1.12e-04
step    970 | train_loss 3.9737 | lr 1.10e-04
step    980 | train_loss 4.5750 | lr 1.07e-04
step    990 | train_loss 3.9825 | lr 1.05e-04
step   1000 | train_loss 4.0052 | lr 1.03e-04
step   1010 | train_loss 3.8706 | lr 1.01e-04
step   1020 | train_loss 4.2731 | lr 9.85e-05
step   1030 | train_loss 4.0199 | lr 9.63e-05
step   1040 | train_loss 4.0757 | lr 9.41e-05
step   1050 | train_loss 3.7962 | lr 9.20e-05
step   1060 | train_loss 4.0630 | lr 8.98e-05
step   1070 | train_loss 3.9473 | lr 8.77e-05
step   1080 | train_loss 3.8890 | lr 8.56e-05
step   1090 | train_loss 3.9788 | lr 8.35e-05
step   1100 | train_loss 4.0765 | lr 8.15e-05
step   1110 | train_loss 4.0417 | lr 7.94e-05
step   1120 | train_loss 4.1039 | lr 7.74e-05
step   1130 | train_loss 3.8953 | lr 7.54e-05
step   1140 | train_loss 3.8973 | lr 7.35e-05
step   1140 | val_loss 3.9618 | val_ppl 52.55
step   1150 | train_loss 4.2553 | lr 7.16e-05
step   1160 | train_loss 4.2445 | lr 6.97e-05
step   1170 | train_loss 3.8800 | lr 6.78e-05
step   1180 | train_loss 4.3790 | lr 6.60e-05
step   1190 | train_loss 4.1853 | lr 6.42e-05
step   1200 | train_loss 4.2784 | lr 6.24e-05
step   1210 | train_loss 4.1794 | lr 6.07e-05
step   1220 | train_loss 3.8888 | lr 5.90e-05
step   1230 | train_loss 3.7625 | lr 5.73e-05
step   1240 | train_loss 3.9783 | lr 5.57e-05
step   1250 | train_loss 4.3289 | lr 5.41e-05
step   1260 | train_loss 4.1668 | lr 5.25e-05
step   1270 | train_loss 4.0419 | lr 5.10e-05
step   1280 | train_loss 4.1259 | lr 4.95e-05
step   1290 | train_loss 3.6392 | lr 4.80e-05
step   1300 | train_loss 3.5865 | lr 4.66e-05
step   1310 | train_loss 3.8391 | lr 4.53e-05
step   1320 | train_loss 3.7518 | lr 4.39e-05
step   1330 | train_loss 4.1949 | lr 4.26e-05
step   1340 | train_loss 4.1777 | lr 4.14e-05
step   1350 | train_loss 4.0444 | lr 4.02e-05
step   1360 | train_loss 3.9821 | lr 3.90e-05
step   1368 | val_loss 3.9335 | val_ppl 51.09
step   1370 | train_loss 3.7920 | lr 3.79e-05
step   1380 | train_loss 3.8742 | lr 3.68e-05
step   1390 | train_loss 3.6498 | lr 3.58e-05
step   1400 | train_loss 3.9420 | lr 3.48e-05
step   1410 | train_loss 4.1440 | lr 3.39e-05
step   1420 | train_loss 3.9395 | lr 3.30e-05
step   1430 | train_loss 3.8919 | lr 3.21e-05
step   1440 | train_loss 3.9675 | lr 3.13e-05
step   1450 | train_loss 4.4150 | lr 3.06e-05
step   1460 | train_loss 4.1540 | lr 2.99e-05
step   1470 | train_loss 4.1334 | lr 2.92e-05
step   1480 | train_loss 4.0942 | lr 2.86e-05
step   1490 | train_loss 3.8636 | lr 2.80e-05
step   1500 | train_loss 3.8003 | lr 2.75e-05
step   1510 | train_loss 4.7017 | lr 2.70e-05
step   1520 | train_loss 3.6864 | lr 2.66e-05
step   1530 | train_loss 4.1153 | lr 2.62e-05
step   1540 | train_loss 3.7499 | lr 2.59e-05
step   1550 | train_loss 4.0510 | lr 2.56e-05
step   1560 | train_loss 3.9508 | lr 2.54e-05
step   1570 | train_loss 4.1874 | lr 2.52e-05
step   1580 | train_loss 3.9558 | lr 2.51e-05
step   1590 | train_loss 3.5508 | lr 2.50e-05
step   1596 | val_loss 3.9215 | val_ppl 50.48
step   1600 | train_loss 3.7926 | lr 2.50e-05
step   1600 | val_loss 3.9219 | val_ppl 50.49
Saved checkpoint to /home/system/projects/AuthLLM/checkpoints/lr_scaling_mini2k/alpaca_unpacked_1600_lr0.00025_seed1338/step_1600.pt
