Data: 16,956 train / 346 val examples (0 dropped as longer than 512 tokens)
Model: mini (7,292,032 parameters), initialized from checkpoints/mini/step_2000.pt (step 2000)
step     10 | train_loss 4.5573 | lr 7.58e-05
step     20 | train_loss 4.7298 | lr 1.52e-04
step     30 | train_loss 4.5012 | lr 2.27e-04
step     40 | train_loss 4.2213 | lr 2.50e-04
step     50 | train_loss 4.3599 | lr 2.49e-04
step     60 | train_loss 4.2439 | lr 2.48e-04
step     70 | train_loss 4.4938 | lr 2.47e-04
step     75 | val_loss 4.2718 | val_ppl 71.65
step     80 | train_loss 4.3579 | lr 2.45e-04
step     90 | train_loss 4.2838 | lr 2.43e-04
step    100 | train_loss 4.1574 | lr 2.40e-04
step    110 | train_loss 4.1265 | lr 2.37e-04
step    120 | train_loss 4.1484 | lr 2.34e-04
step    130 | train_loss 4.2053 | lr 2.30e-04
step    140 | train_loss 4.2986 | lr 2.26e-04
step    150 | train_loss 4.0070 | lr 2.21e-04
step    150 | val_loss 4.2090 | val_ppl 67.29
step    160 | train_loss 4.2400 | lr 2.16e-04
step    170 | train_loss 4.2430 | lr 2.11e-04
step    180 | train_loss 4.0023 | lr 2.05e-04
step    190 | train_loss 4.3296 | lr 2.00e-04
step    200 | train_loss 3.9745 | lr 1.94e-04
step    210 | train_loss 3.7418 | lr 1.87e-04
step    220 | train_loss 4.1171 | lr 1.81e-04
step    225 | val_loss 4.1545 | val_ppl 63.72
step    230 | train_loss 4.1552 | lr 1.74e-04
step    240 | train_loss 3.8941 | lr 1.67e-04
step    250 | train_loss 4.1516 | lr 1.60e-04
step    260 | train_loss 4.3686 | lr 1.53e-04
step    270 | train_loss 4.0545 | lr 1.46e-04
step    280 | train_loss 4.1000 | lr 1.39e-04
step    290 | train_loss 4.0587 | lr 1.32e-04
step    300 | train_loss 4.1305 | lr 1.25e-04
step    300 | val_loss 4.1172 | val_ppl 61.39
step    310 | train_loss 3.8380 | lr 1.18e-04
step    320 | train_loss 4.0281 | lr 1.11e-04
step    330 | train_loss 4.2710 | lr 1.04e-04
step    340 | train_loss 4.1336 | lr 9.75e-05
step    350 | train_loss 4.0558 | lr 9.09e-05
step    360 | train_loss 4.0144 | lr 8.46e-05
step    370 | train_loss 4.1809 | lr 7.84e-05
step    375 | val_loss 4.0883 | val_ppl 59.64
step    380 | train_loss 4.0649 | lr 7.25e-05
step    390 | train_loss 4.0545 | lr 6.68e-05
step    400 | train_loss 4.0343 | lr 6.14e-05
step    410 | train_loss 3.8954 | lr 5.63e-05
step    420 | train_loss 4.0213 | lr 5.16e-05
step    430 | train_loss 4.4615 | lr 4.72e-05
step    440 | train_loss 4.1575 | lr 4.31e-05
step    450 | train_loss 4.1655 | lr 3.94e-05
step    450 | val_loss 4.0652 | val_ppl 58.28
step    460 | train_loss 3.9043 | lr 3.61e-05
step    470 | train_loss 3.8170 | lr 3.33e-05
step    480 | train_loss 3.7248 | lr 3.08e-05
step    490 | train_loss 4.3206 | lr 2.88e-05
step    500 | train_loss 3.9825 | lr 2.72e-05
step    510 | train_loss 4.1472 | lr 2.60e-05
step    520 | train_loss 4.0274 | lr 2.53e-05
step    525 | val_loss 4.0519 | val_ppl 57.51
step    530 | train_loss 4.1187 | lr 2.50e-05
step    530 | val_loss 4.0516 | val_ppl 57.49
Saved checkpoint to /home/system/projects/AuthLLM/checkpoints/lr_scaling_mini2k/alpaca_third_unpacked_530_lr0.00025_seed1338/step_530.pt
