Data: 16,956 train / 346 val examples (0 dropped as longer than 512 tokens)
Model: mini (7,292,032 parameters), initialized from checkpoints/mini/step_2000.pt (step 2000)
step     10 | train_loss 4.5515 | lr 1.82e-04
step     20 | train_loss 4.4011 | lr 3.64e-04
step     30 | train_loss 4.3326 | lr 5.45e-04
step     40 | train_loss 4.5351 | lr 6.00e-04
step     50 | train_loss 4.2818 | lr 5.99e-04
step     60 | train_loss 4.3073 | lr 5.96e-04
step     70 | train_loss 4.5174 | lr 5.93e-04
step     75 | val_loss 4.4246 | val_ppl 83.48
step     80 | train_loss 4.4413 | lr 5.89e-04
step     90 | train_loss 4.2968 | lr 5.83e-04
step    100 | train_loss 4.1116 | lr 5.77e-04
step    110 | train_loss 4.2937 | lr 5.69e-04
step    120 | train_loss 4.1686 | lr 5.61e-04
step    130 | train_loss 4.4123 | lr 5.52e-04
step    140 | train_loss 4.6052 | lr 5.42e-04
step    150 | train_loss 4.2281 | lr 5.31e-04
step    150 | val_loss 4.3557 | val_ppl 77.92
step    160 | train_loss 4.3787 | lr 5.19e-04
step    170 | train_loss 4.4680 | lr 5.06e-04
step    180 | train_loss 4.3546 | lr 4.93e-04
step    190 | train_loss 4.0583 | lr 4.79e-04
step    200 | train_loss 4.3778 | lr 4.65e-04
step    210 | train_loss 4.2472 | lr 4.49e-04
step    220 | train_loss 4.3768 | lr 4.34e-04
step    225 | val_loss 4.2858 | val_ppl 72.66
step    230 | train_loss 4.0842 | lr 4.18e-04
step    240 | train_loss 4.3061 | lr 4.02e-04
step    250 | train_loss 4.1984 | lr 3.85e-04
step    260 | train_loss 4.3414 | lr 3.68e-04
step    270 | train_loss 4.3817 | lr 3.51e-04
step    280 | train_loss 4.0885 | lr 3.34e-04
step    290 | train_loss 4.4682 | lr 3.17e-04
step    300 | train_loss 4.1000 | lr 3.00e-04
step    300 | val_loss 4.2247 | val_ppl 68.36
step    310 | train_loss 4.3564 | lr 2.83e-04
step    320 | train_loss 4.1687 | lr 2.67e-04
step    330 | train_loss 4.2922 | lr 2.50e-04
step    340 | train_loss 4.1844 | lr 2.34e-04
step    350 | train_loss 4.4077 | lr 2.18e-04
step    360 | train_loss 4.0778 | lr 2.03e-04
step    370 | train_loss 4.2508 | lr 1.88e-04
step    375 | val_loss 4.1685 | val_ppl 64.62
step    380 | train_loss 4.5903 | lr 1.74e-04
step    390 | train_loss 3.9493 | lr 1.60e-04
step    400 | train_loss 3.9627 | lr 1.47e-04
step    410 | train_loss 3.9493 | lr 1.35e-04
step    420 | train_loss 3.9401 | lr 1.24e-04
step    430 | train_loss 4.3938 | lr 1.13e-04
step    440 | train_loss 3.9753 | lr 1.03e-04
step    450 | train_loss 4.0816 | lr 9.46e-05
step    450 | val_loss 4.1301 | val_ppl 62.19
step    460 | train_loss 4.5023 | lr 8.67e-05
step    470 | train_loss 3.7768 | lr 7.98e-05
step    480 | train_loss 4.3055 | lr 7.39e-05
step    490 | train_loss 3.7969 | lr 6.90e-05
step    500 | train_loss 4.3355 | lr 6.52e-05
step    510 | train_loss 3.9952 | lr 6.24e-05
step    520 | train_loss 4.2405 | lr 6.07e-05
step    525 | val_loss 4.1064 | val_ppl 60.73
step    530 | train_loss 3.6852 | lr 6.00e-05
step    530 | val_loss 4.1050 | val_ppl 60.64
Saved checkpoint to /home/system/projects/AuthLLM/checkpoints/lr_scaling_mini2k/alpaca_third_unpacked_530_lr0.0006_seed1337/step_530.pt
