Data: 16,956 train / 346 val examples (0 dropped as longer than 512 tokens)
Packing: 16,956 examples into 3,763 windows (4.5 per window, 98.8% of positions used)
Model: mini (7,292,032 parameters), initialized from checkpoints/mini/step_2000.pt (step 2000)
step     10 | train_loss 4.4123 | lr 6.00e-04
step     16 | val_loss 4.2931 | val_ppl 73.19
step     20 | train_loss 4.3742 | lr 5.85e-04
step     30 | train_loss 4.1952 | lr 5.49e-04
step     32 | val_loss 4.2025 | val_ppl 66.85
step     40 | train_loss 4.0371 | lr 4.97e-04
step     48 | val_loss 4.1397 | val_ppl 62.79
step     50 | train_loss 4.1238 | lr 4.31e-04
step     60 | train_loss 4.0516 | lr 3.57e-04
step     64 | val_loss 4.0894 | val_ppl 59.71
step     70 | train_loss 3.9780 | lr 2.81e-04
step     80 | train_loss 4.1352 | lr 2.08e-04
step     80 | val_loss 4.0435 | val_ppl 57.03
step     90 | train_loss 4.0522 | lr 1.46e-04
step     96 | val_loss 4.0152 | val_ppl 55.43
step    100 | train_loss 4.0197 | lr 9.81e-05
step    110 | train_loss 4.1471 | lr 6.87e-05
step    112 | val_loss 4.0001 | val_ppl 54.60
step    118 | train_loss 4.0781 | lr 6.01e-05
step    118 | val_loss 3.9953 | val_ppl 54.34
Saved checkpoint to /home/system/projects/AuthLLM/checkpoints/lr_scaling_mini2k/alpaca_third_packed_118_lr0.0006_seed1338/step_118.pt
