Data: 16,956 train / 346 val examples (0 dropped as longer than 512 tokens)
Packing: 16,956 examples into 3,763 windows (4.5 per window, 98.7% of positions used)
Model: mini (7,292,032 parameters), initialized from checkpoints/mini/step_2000.pt (step 2000)
step     10 | train_loss 4.5252 | lr 4.00e-04
step     16 | val_loss 4.3095 | val_ppl 74.40
step     20 | train_loss 4.2305 | lr 3.90e-04
step     30 | train_loss 4.3317 | lr 3.66e-04
step     32 | val_loss 4.2144 | val_ppl 67.66
step     40 | train_loss 4.1520 | lr 3.31e-04
step     48 | val_loss 4.1512 | val_ppl 63.51
step     50 | train_loss 4.1437 | lr 2.87e-04
step     60 | train_loss 4.1793 | lr 2.38e-04
step     64 | val_loss 4.1071 | val_ppl 60.77
step     70 | train_loss 4.0082 | lr 1.87e-04
step     80 | train_loss 4.0741 | lr 1.39e-04
step     80 | val_loss 4.0805 | val_ppl 59.17
step     90 | train_loss 3.9734 | lr 9.73e-05
step     96 | val_loss 4.0561 | val_ppl 57.75
step    100 | train_loss 4.0759 | lr 6.54e-05
step    110 | train_loss 4.0211 | lr 4.58e-05
step    112 | val_loss 4.0438 | val_ppl 57.04
step    118 | train_loss 4.0118 | lr 4.01e-05
step    118 | val_loss 4.0407 | val_ppl 56.86
Saved checkpoint to /home/system/projects/AuthLLM/checkpoints/lr_scaling_mini2k/alpaca_third_packed_118_lr0.0004_seed1337/step_118.pt
