Data: 50,868 train / 1,038 val examples (68 dropped as longer than 512 tokens)
Packing: 50,868 examples into 11,220 windows (4.5 per window, 98.8% of positions used)
Model: mini (7,292,032 parameters), initialized from checkpoints/mini/step_2000.pt (step 2000)
step     10 | train_loss 4.4234 | lr 2.73e-04
step     20 | train_loss 4.3932 | lr 5.45e-04
step     30 | train_loss 4.1028 | lr 5.99e-04
step     40 | train_loss 4.0608 | lr 5.96e-04
step     50 | train_loss 4.0493 | lr 5.91e-04
step     50 | val_loss 4.1320 | val_ppl 62.30
step     60 | train_loss 4.0865 | lr 5.83e-04
step     70 | train_loss 4.1147 | lr 5.73e-04
step     80 | train_loss 4.0167 | lr 5.61e-04
step     90 | train_loss 3.9785 | lr 5.46e-04
step    100 | train_loss 4.1267 | lr 5.30e-04
step    100 | val_loss 4.0084 | val_ppl 55.06
step    110 | train_loss 4.1015 | lr 5.12e-04
step    120 | train_loss 3.9906 | lr 4.92e-04
step    130 | train_loss 4.0097 | lr 4.70e-04
step    140 | train_loss 3.9355 | lr 4.47e-04
step    150 | train_loss 3.8797 | lr 4.24e-04
step    150 | val_loss 3.9249 | val_ppl 50.65
step    160 | train_loss 4.0094 | lr 3.99e-04
step    170 | train_loss 3.9140 | lr 3.74e-04
step    180 | train_loss 3.9363 | lr 3.48e-04
step    190 | train_loss 3.8030 | lr 3.22e-04
step    200 | train_loss 3.9387 | lr 2.96e-04
step    200 | val_loss 3.8643 | val_ppl 47.67
step    210 | train_loss 3.8262 | lr 2.71e-04
step    220 | train_loss 3.6238 | lr 2.46e-04
step    230 | train_loss 3.8759 | lr 2.22e-04
step    240 | train_loss 3.8092 | lr 1.99e-04
step    250 | train_loss 3.8585 | lr 1.77e-04
step    250 | val_loss 3.8127 | val_ppl 45.27
step    260 | train_loss 3.8517 | lr 1.56e-04
step    270 | train_loss 3.9467 | lr 1.37e-04
step    280 | train_loss 3.8596 | lr 1.20e-04
step    290 | train_loss 3.7826 | lr 1.05e-04
step    300 | train_loss 3.8165 | lr 9.16e-05
step    300 | val_loss 3.7848 | val_ppl 44.03
step    310 | train_loss 3.7055 | lr 8.06e-05
step    320 | train_loss 3.6563 | lr 7.18e-05
step    330 | train_loss 4.0163 | lr 6.54e-05
step    340 | train_loss 3.6862 | lr 6.15e-05
step    350 | train_loss 3.7677 | lr 6.00e-05
step    350 | val_loss 3.7644 | val_ppl 43.14
Saved checkpoint to /home/system/projects/AuthLLM/checkpoints/lr_scaling_mini2k/alpaca_packed_350_lr0.0006_seed1337/step_350.pt
