Data: 50,868 train / 1,038 val examples (68 dropped as longer than 512 tokens)
Model: mini (7,292,032 parameters), initialized from checkpoints/mini/step_2000.pt (step 2000)
step     10 | train_loss 4.7902 | lr 1.50e-05
step     20 | train_loss 4.7488 | lr 3.00e-05
step     30 | train_loss 4.4322 | lr 4.50e-05
step     40 | train_loss 4.2757 | lr 6.00e-05
step     50 | train_loss 4.3294 | lr 7.50e-05
step     60 | train_loss 4.4237 | lr 9.00e-05
step     70 | train_loss 4.1993 | lr 1.05e-04
step     80 | train_loss 4.0321 | lr 1.20e-04
step     90 | train_loss 3.9925 | lr 1.35e-04
step    100 | train_loss 4.1802 | lr 1.50e-04
step    110 | train_loss 4.3212 | lr 1.50e-04
step    120 | train_loss 4.3025 | lr 1.50e-04
step    130 | train_loss 4.1284 | lr 1.50e-04
step    140 | train_loss 4.3439 | lr 1.50e-04
step    150 | train_loss 4.2113 | lr 1.50e-04
step    160 | train_loss 4.1524 | lr 1.49e-04
step    170 | train_loss 4.2382 | lr 1.49e-04
step    180 | train_loss 4.3752 | lr 1.49e-04
step    190 | train_loss 4.2854 | lr 1.49e-04
step    200 | train_loss 4.0541 | lr 1.49e-04
step    210 | train_loss 4.1566 | lr 1.48e-04
step    220 | train_loss 4.2277 | lr 1.48e-04
step    228 | val_loss 4.1522 | val_ppl 63.58
step    230 | train_loss 4.1520 | lr 1.48e-04
step    240 | train_loss 4.1716 | lr 1.47e-04
step    250 | train_loss 4.0835 | lr 1.47e-04
step    260 | train_loss 4.0262 | lr 1.46e-04
step    270 | train_loss 4.0701 | lr 1.46e-04
step    280 | train_loss 4.1140 | lr 1.45e-04
step    290 | train_loss 4.0624 | lr 1.45e-04
step    300 | train_loss 4.2142 | lr 1.44e-04
step    310 | train_loss 4.2374 | lr 1.44e-04
step    320 | train_loss 4.1948 | lr 1.43e-04
step    330 | train_loss 4.4781 | lr 1.42e-04
step    340 | train_loss 4.0673 | lr 1.42e-04
step    350 | train_loss 4.2632 | lr 1.41e-04
step    360 | train_loss 4.1230 | lr 1.40e-04
step    370 | train_loss 4.1041 | lr 1.40e-04
step    380 | train_loss 4.4028 | lr 1.39e-04
step    390 | train_loss 4.2187 | lr 1.38e-04
step    400 | train_loss 3.8753 | lr 1.37e-04
step    410 | train_loss 4.1188 | lr 1.36e-04
step    420 | train_loss 4.3457 | lr 1.35e-04
step    430 | train_loss 4.3793 | lr 1.35e-04
step    440 | train_loss 4.3370 | lr 1.34e-04
step    450 | train_loss 4.2752 | lr 1.33e-04
step    456 | val_loss 4.0815 | val_ppl 59.23
step    460 | train_loss 3.9328 | lr 1.32e-04
step    470 | train_loss 4.2252 | lr 1.31e-04
step    480 | train_loss 4.2090 | lr 1.30e-04
step    490 | train_loss 4.2006 | lr 1.29e-04
step    500 | train_loss 4.0596 | lr 1.28e-04
step    510 | train_loss 4.0617 | lr 1.27e-04
step    520 | train_loss 4.0958 | lr 1.26e-04
step    530 | train_loss 3.8278 | lr 1.25e-04
step    540 | train_loss 4.1630 | lr 1.23e-04
step    550 | train_loss 4.0862 | lr 1.22e-04
step    560 | train_loss 4.0658 | lr 1.21e-04
step    570 | train_loss 3.9476 | lr 1.20e-04
step    580 | train_loss 4.2583 | lr 1.19e-04
step    590 | train_loss 3.9259 | lr 1.18e-04
step    600 | train_loss 3.9723 | lr 1.16e-04
step    610 | train_loss 4.0282 | lr 1.15e-04
step    620 | train_loss 4.2587 | lr 1.14e-04
step    630 | train_loss 3.9249 | lr 1.13e-04
step    640 | train_loss 4.0794 | lr 1.11e-04
step    650 | train_loss 4.0006 | lr 1.10e-04
step    660 | train_loss 4.0140 | lr 1.09e-04
step    670 | train_loss 4.1236 | lr 1.07e-04
step    680 | train_loss 3.6480 | lr 1.06e-04
step    684 | val_loss 4.0290 | val_ppl 56.21
step    690 | train_loss 4.2710 | lr 1.05e-04
step    700 | train_loss 3.9877 | lr 1.03e-04
step    710 | train_loss 4.0931 | lr 1.02e-04
step    720 | train_loss 3.9300 | lr 1.01e-04
step    730 | train_loss 3.9997 | lr 9.94e-05
step    740 | train_loss 3.9219 | lr 9.81e-05
step    750 | train_loss 4.0833 | lr 9.67e-05
step    760 | train_loss 4.1659 | lr 9.53e-05
step    770 | train_loss 4.0611 | lr 9.39e-05
step    780 | train_loss 4.2252 | lr 9.25e-05
step    790 | train_loss 4.1893 | lr 9.11e-05
step    800 | train_loss 4.2024 | lr 8.97e-05
step    810 | train_loss 3.9950 | lr 8.83e-05
step    820 | train_loss 3.8530 | lr 8.69e-05
step    830 | train_loss 3.9490 | lr 8.55e-05
step    840 | train_loss 3.9047 | lr 8.41e-05
step    850 | train_loss 3.9488 | lr 8.26e-05
step    860 | train_loss 3.7725 | lr 8.12e-05
step    870 | train_loss 3.8602 | lr 7.98e-05
step    880 | train_loss 3.9439 | lr 7.84e-05
step    890 | train_loss 3.9136 | lr 7.70e-05
step    900 | train_loss 4.2952 | lr 7.56e-05
step    910 | train_loss 3.7002 | lr 7.42e-05
step    912 | val_loss 3.9978 | val_ppl 54.48
step    920 | train_loss 3.9560 | lr 7.28e-05
step    930 | train_loss 3.9334 | lr 7.14e-05
step    940 | train_loss 3.9138 | lr 7.00e-05
step    950 | train_loss 4.2038 | lr 6.86e-05
step    960 | train_loss 4.4280 | lr 6.72e-05
step    970 | train_loss 4.0755 | lr 6.59e-05
step    980 | train_loss 4.0793 | lr 6.45e-05
step    990 | train_loss 4.0498 | lr 6.31e-05
step   1000 | train_loss 3.5812 | lr 6.18e-05
step   1010 | train_loss 4.0738 | lr 6.04e-05
step   1020 | train_loss 3.8831 | lr 5.91e-05
step   1030 | train_loss 4.1129 | lr 5.78e-05
step   1040 | train_loss 4.2667 | lr 5.65e-05
step   1050 | train_loss 4.0160 | lr 5.52e-05
step   1060 | train_loss 4.1566 | lr 5.39e-05
step   1070 | train_loss 4.1573 | lr 5.26e-05
step   1080 | train_loss 3.8592 | lr 5.14e-05
step   1090 | train_loss 4.1230 | lr 5.01e-05
step   1100 | train_loss 3.8229 | lr 4.89e-05
step   1110 | train_loss 4.0772 | lr 4.77e-05
step   1120 | train_loss 3.9420 | lr 4.65e-05
step   1130 | train_loss 4.0530 | lr 4.53e-05
step   1140 | train_loss 4.1362 | lr 4.41e-05
step   1140 | val_loss 3.9714 | val_ppl 53.06
step   1150 | train_loss 4.2392 | lr 4.29e-05
step   1160 | train_loss 4.1445 | lr 4.18e-05
step   1170 | train_loss 4.0610 | lr 4.07e-05
step   1180 | train_loss 3.6752 | lr 3.96e-05
step   1190 | train_loss 4.0349 | lr 3.85e-05
step   1200 | train_loss 4.0758 | lr 3.74e-05
step   1210 | train_loss 3.8321 | lr 3.64e-05
step   1220 | train_loss 3.9917 | lr 3.54e-05
step   1230 | train_loss 4.0238 | lr 3.44e-05
step   1240 | train_loss 4.0023 | lr 3.34e-05
step   1250 | train_loss 4.1289 | lr 3.24e-05
step   1260 | train_loss 3.6982 | lr 3.15e-05
step   1270 | train_loss 3.9196 | lr 3.06e-05
step   1280 | train_loss 4.0411 | lr 2.97e-05
step   1290 | train_loss 3.7767 | lr 2.88e-05
step   1300 | train_loss 4.3303 | lr 2.80e-05
step   1310 | train_loss 3.8165 | lr 2.72e-05
step   1320 | train_loss 3.8564 | lr 2.64e-05
step   1330 | train_loss 4.4169 | lr 2.56e-05
step   1340 | train_loss 4.0364 | lr 2.48e-05
step   1350 | train_loss 4.0029 | lr 2.41e-05
step   1360 | train_loss 4.0893 | lr 2.34e-05
step   1368 | val_loss 3.9545 | val_ppl 52.17
step   1370 | train_loss 3.8263 | lr 2.27e-05
step   1380 | train_loss 4.1263 | lr 2.21e-05
step   1390 | train_loss 3.8908 | lr 2.15e-05
step   1400 | train_loss 4.1575 | lr 2.09e-05
step   1410 | train_loss 3.8551 | lr 2.03e-05
step   1420 | train_loss 4.0736 | lr 1.98e-05
step   1430 | train_loss 4.1835 | lr 1.93e-05
step   1440 | train_loss 3.9280 | lr 1.88e-05
step   1450 | train_loss 3.8745 | lr 1.83e-05
step   1460 | train_loss 3.9867 | lr 1.79e-05
step   1470 | train_loss 3.9649 | lr 1.75e-05
step   1480 | train_loss 3.8588 | lr 1.72e-05
step   1490 | train_loss 4.2898 | lr 1.68e-05
step   1500 | train_loss 4.0600 | lr 1.65e-05
step   1510 | train_loss 3.6598 | lr 1.62e-05
step   1520 | train_loss 3.9777 | lr 1.60e-05
step   1530 | train_loss 3.9128 | lr 1.57e-05
step   1540 | train_loss 3.8376 | lr 1.56e-05
step   1550 | train_loss 4.1302 | lr 1.54e-05
step   1560 | train_loss 3.8005 | lr 1.52e-05
step   1570 | train_loss 3.9540 | lr 1.51e-05
step   1580 | train_loss 3.9508 | lr 1.51e-05
step   1590 | train_loss 3.9450 | lr 1.50e-05
step   1596 | val_loss 3.9480 | val_ppl 51.83
step   1600 | train_loss 3.9609 | lr 1.50e-05
step   1600 | val_loss 3.9484 | val_ppl 51.85
Saved checkpoint to /home/system/projects/AuthLLM/checkpoints/lr_scaling_mini2k/alpaca_unpacked_1600_lr0.00015_seed1337/step_1600.pt
