Data: 16,956 train / 346 val examples (0 dropped as longer than 512 tokens)
Model: mini (7,292,032 parameters), initialized from checkpoints/mini/step_2000.pt (step 2000)
step     10 | train_loss 4.5891 | lr 7.58e-05
step     20 | train_loss 4.2395 | lr 1.52e-04
step     30 | train_loss 4.2903 | lr 2.27e-04
step     40 | train_loss 4.5022 | lr 2.50e-04
step     50 | train_loss 4.3388 | lr 2.49e-04
step     60 | train_loss 4.4334 | lr 2.48e-04
step     70 | train_loss 4.3194 | lr 2.47e-04
step     75 | val_loss 4.3452 | val_ppl 77.11
step     80 | train_loss 4.2315 | lr 2.45e-04
step     90 | train_loss 4.1201 | lr 2.43e-04
step    100 | train_loss 4.3145 | lr 2.40e-04
step    110 | train_loss 4.1453 | lr 2.37e-04
step    120 | train_loss 3.9406 | lr 2.34e-04
step    130 | train_loss 4.3405 | lr 2.30e-04
step    140 | train_loss 4.1122 | lr 2.26e-04
step    150 | train_loss 4.3268 | lr 2.21e-04
step    150 | val_loss 4.2428 | val_ppl 69.60
step    160 | train_loss 4.5465 | lr 2.16e-04
step    170 | train_loss 4.1156 | lr 2.11e-04
step    180 | train_loss 4.0110 | lr 2.05e-04
step    190 | train_loss 4.3758 | lr 2.00e-04
step    200 | train_loss 4.4453 | lr 1.94e-04
step    210 | train_loss 4.1614 | lr 1.87e-04
step    220 | train_loss 4.2798 | lr 1.81e-04
step    225 | val_loss 4.1835 | val_ppl 65.60
step    230 | train_loss 4.0307 | lr 1.74e-04
step    240 | train_loss 4.4468 | lr 1.67e-04
step    250 | train_loss 3.8340 | lr 1.60e-04
step    260 | train_loss 3.9962 | lr 1.53e-04
step    270 | train_loss 3.9630 | lr 1.46e-04
step    280 | train_loss 3.9051 | lr 1.39e-04
step    290 | train_loss 4.1591 | lr 1.32e-04
step    300 | train_loss 3.9466 | lr 1.25e-04
step    300 | val_loss 4.1451 | val_ppl 63.12
step    310 | train_loss 3.9664 | lr 1.18e-04
step    320 | train_loss 4.1984 | lr 1.11e-04
step    330 | train_loss 4.2196 | lr 1.04e-04
step    340 | train_loss 4.1977 | lr 9.75e-05
step    350 | train_loss 4.2421 | lr 9.09e-05
step    360 | train_loss 4.1919 | lr 8.46e-05
step    370 | train_loss 4.0456 | lr 7.84e-05
step    375 | val_loss 4.1081 | val_ppl 60.83
step    380 | train_loss 4.1796 | lr 7.25e-05
step    390 | train_loss 4.3877 | lr 6.68e-05
step    400 | train_loss 4.0738 | lr 6.14e-05
step    410 | train_loss 4.0363 | lr 5.63e-05
step    420 | train_loss 4.1978 | lr 5.16e-05
step    430 | train_loss 4.1606 | lr 4.72e-05
step    440 | train_loss 4.4392 | lr 4.31e-05
step    450 | train_loss 3.9508 | lr 3.94e-05
step    450 | val_loss 4.0829 | val_ppl 59.32
step    460 | train_loss 3.8860 | lr 3.61e-05
step    470 | train_loss 4.0591 | lr 3.33e-05
step    480 | train_loss 3.9746 | lr 3.08e-05
step    490 | train_loss 3.9914 | lr 2.88e-05
step    500 | train_loss 3.9661 | lr 2.72e-05
step    510 | train_loss 4.0722 | lr 2.60e-05
step    520 | train_loss 4.0189 | lr 2.53e-05
step    525 | val_loss 4.0720 | val_ppl 58.67
step    530 | train_loss 4.1645 | lr 2.50e-05
step    530 | val_loss 4.0713 | val_ppl 58.63
Saved checkpoint to /home/system/projects/AuthLLM/checkpoints/lr_scaling_mini2k/alpaca_third_unpacked_530_lr0.00025_seed1339/step_530.pt
