Data: 50,868 train / 1,038 val examples (68 dropped as longer than 512 tokens)
Packing: 50,868 examples into 11,220 windows (4.5 per window, 98.8% of positions used)
Model: mini (7,292,032 parameters), initialized from checkpoints/mini/step_2000.pt (step 2000)
step     10 | train_loss 4.3995 | lr 6.82e-04
step     20 | train_loss 4.4451 | lr 1.36e-03
step     30 | train_loss 4.1689 | lr 1.50e-03
step     40 | train_loss 4.1864 | lr 1.49e-03
step     50 | train_loss 4.1268 | lr 1.48e-03
step     50 | val_loss 4.2287 | val_ppl 68.63
step     60 | train_loss 4.1688 | lr 1.46e-03
step     70 | train_loss 4.1700 | lr 1.43e-03
step     80 | train_loss 4.0956 | lr 1.40e-03
step     90 | train_loss 4.0554 | lr 1.37e-03
step    100 | train_loss 4.1904 | lr 1.32e-03
step    100 | val_loss 4.0672 | val_ppl 58.39
step    110 | train_loss 4.1848 | lr 1.28e-03
step    120 | train_loss 4.0425 | lr 1.23e-03
step    130 | train_loss 4.0770 | lr 1.18e-03
step    140 | train_loss 4.0071 | lr 1.12e-03
step    150 | train_loss 3.9005 | lr 1.06e-03
step    150 | val_loss 3.9607 | val_ppl 52.49
step    160 | train_loss 4.0589 | lr 9.98e-04
step    170 | train_loss 3.9131 | lr 9.34e-04
step    180 | train_loss 3.9568 | lr 8.70e-04
step    190 | train_loss 3.8021 | lr 8.06e-04
step    200 | train_loss 3.9346 | lr 7.41e-04
step    200 | val_loss 3.8600 | val_ppl 47.47
step    210 | train_loss 3.8381 | lr 6.78e-04
step    220 | train_loss 3.5686 | lr 6.15e-04
step    230 | train_loss 3.8473 | lr 5.55e-04
step    240 | train_loss 3.7902 | lr 4.97e-04
step    250 | train_loss 3.7755 | lr 4.42e-04
step    250 | val_loss 3.7813 | val_ppl 43.87
step    260 | train_loss 3.8128 | lr 3.91e-04
step    270 | train_loss 3.8958 | lr 3.43e-04
step    280 | train_loss 3.7787 | lr 3.00e-04
step    290 | train_loss 3.7200 | lr 2.62e-04
step    300 | train_loss 3.7363 | lr 2.29e-04
step    300 | val_loss 3.7202 | val_ppl 41.27
step    310 | train_loss 3.6171 | lr 2.01e-04
step    320 | train_loss 3.5887 | lr 1.80e-04
step    330 | train_loss 3.9535 | lr 1.64e-04
step    340 | train_loss 3.6173 | lr 1.54e-04
step    350 | train_loss 3.6824 | lr 1.50e-04
step    350 | val_loss 3.6886 | val_ppl 39.99
Saved checkpoint to /home/system/projects/AuthLLM/checkpoints/lr_scaling_mini2k/alpaca_packed_350_lr0.0015_seed1337/step_350.pt
