Data: 16,956 train / 346 val examples (0 dropped as longer than 512 tokens)
Packing: 16,956 examples into 3,763 windows (4.5 per window, 98.8% of positions used)
Model: mini (7,292,032 parameters), initialized from checkpoints/mini/step_2000.pt (step 2000)
step     10 | train_loss 4.5263 | lr 1.50e-03
step     16 | val_loss 4.4184 | val_ppl 82.96
step     20 | train_loss 4.4806 | lr 1.46e-03
step     30 | train_loss 4.2945 | lr 1.37e-03
step     32 | val_loss 4.3171 | val_ppl 74.97
step     40 | train_loss 4.1346 | lr 1.24e-03
step     48 | val_loss 4.2427 | val_ppl 69.59
step     50 | train_loss 4.2382 | lr 1.08e-03
step     60 | train_loss 4.1136 | lr 8.92e-04
step     64 | val_loss 4.1576 | val_ppl 63.92
step     70 | train_loss 4.0408 | lr 7.02e-04
step     80 | train_loss 4.1460 | lr 5.21e-04
step     80 | val_loss 4.0852 | val_ppl 59.46
step     90 | train_loss 4.0673 | lr 3.65e-04
step     96 | val_loss 4.0242 | val_ppl 55.93
step    100 | train_loss 4.0349 | lr 2.45e-04
step    110 | train_loss 4.1633 | lr 1.72e-04
step    112 | val_loss 3.9985 | val_ppl 54.52
step    118 | train_loss 4.0430 | lr 1.50e-04
step    118 | val_loss 3.9865 | val_ppl 53.87
Saved checkpoint to /home/system/projects/AuthLLM/checkpoints/lr_scaling_mini2k/alpaca_third_packed_118_lr0.0015_seed1338/step_118.pt
