Data: 50,867 train / 1,039 val examples (68 dropped as longer than 512 tokens)
Model: mini (7,292,032 parameters), initialized from checkpoints/mini/step_2000.pt (step 2000)
step     10 | train_loss 4.7892 | lr 9.00e-06
step     20 | train_loss 4.2970 | lr 1.80e-05
step     30 | train_loss 4.5213 | lr 2.70e-05
step     40 | train_loss 4.5697 | lr 3.60e-05
step     50 | train_loss 4.5519 | lr 4.50e-05
step     60 | train_loss 4.3936 | lr 5.40e-05
step     70 | train_loss 4.1390 | lr 6.30e-05
step     80 | train_loss 4.2203 | lr 7.20e-05
step     90 | train_loss 4.6202 | lr 8.10e-05
step    100 | train_loss 4.6153 | lr 9.00e-05
step    110 | train_loss 4.4639 | lr 9.00e-05
step    120 | train_loss 4.1340 | lr 9.00e-05
step    130 | train_loss 4.1074 | lr 8.99e-05
step    140 | train_loss 4.3174 | lr 8.99e-05
step    150 | train_loss 4.2259 | lr 8.98e-05
step    160 | train_loss 4.1961 | lr 8.97e-05
step    170 | train_loss 4.0388 | lr 8.96e-05
step    180 | train_loss 4.4184 | lr 8.94e-05
step    190 | train_loss 4.3012 | lr 8.93e-05
step    200 | train_loss 4.3691 | lr 8.91e-05
step    210 | train_loss 4.1800 | lr 8.89e-05
step    220 | train_loss 4.4433 | lr 8.87e-05
step    228 | val_loss 4.2224 | val_ppl 68.20
step    230 | train_loss 3.9696 | lr 8.85e-05
step    240 | train_loss 4.1010 | lr 8.83e-05
step    250 | train_loss 4.1566 | lr 8.80e-05
step    260 | train_loss 4.1995 | lr 8.78e-05
step    270 | train_loss 4.1669 | lr 8.75e-05
step    280 | train_loss 4.1348 | lr 8.72e-05
step    290 | train_loss 4.1341 | lr 8.69e-05
step    300 | train_loss 4.6373 | lr 8.65e-05
step    310 | train_loss 4.1807 | lr 8.62e-05
step    320 | train_loss 4.2748 | lr 8.58e-05
step    330 | train_loss 3.9197 | lr 8.54e-05
step    340 | train_loss 4.3708 | lr 8.50e-05
step    350 | train_loss 4.1624 | lr 8.46e-05
step    360 | train_loss 4.0668 | lr 8.42e-05
step    370 | train_loss 4.0039 | lr 8.37e-05
step    380 | train_loss 4.1012 | lr 8.33e-05
step    390 | train_loss 4.0017 | lr 8.28e-05
step    400 | train_loss 4.2783 | lr 8.23e-05
step    410 | train_loss 4.2478 | lr 8.18e-05
step    420 | train_loss 4.0943 | lr 8.13e-05
step    430 | train_loss 4.0728 | lr 8.08e-05
step    440 | train_loss 3.9725 | lr 8.02e-05
step    450 | train_loss 3.9845 | lr 7.97e-05
step    456 | val_loss 4.1478 | val_ppl 63.30
step    460 | train_loss 3.8742 | lr 7.91e-05
step    470 | train_loss 4.2274 | lr 7.85e-05
step    480 | train_loss 3.9253 | lr 7.79e-05
step    490 | train_loss 4.2508 | lr 7.73e-05
step    500 | train_loss 4.1629 | lr 7.67e-05
step    510 | train_loss 4.0992 | lr 7.60e-05
step    520 | train_loss 3.9387 | lr 7.54e-05
step    530 | train_loss 4.0130 | lr 7.47e-05
step    540 | train_loss 4.0540 | lr 7.41e-05
step    550 | train_loss 4.1184 | lr 7.34e-05
step    560 | train_loss 3.9524 | lr 7.27e-05
step    570 | train_loss 4.2726 | lr 7.20e-05
step    580 | train_loss 4.0811 | lr 7.13e-05
step    590 | train_loss 3.9231 | lr 7.06e-05
step    600 | train_loss 3.9381 | lr 6.98e-05
step    610 | train_loss 4.0966 | lr 6.91e-05
step    620 | train_loss 3.7508 | lr 6.83e-05
step    630 | train_loss 4.1038 | lr 6.76e-05
step    640 | train_loss 4.1975 | lr 6.68e-05
step    650 | train_loss 4.3823 | lr 6.61e-05
step    660 | train_loss 3.9380 | lr 6.53e-05
step    670 | train_loss 4.0792 | lr 6.45e-05
step    680 | train_loss 4.1781 | lr 6.37e-05
step    684 | val_loss 4.1031 | val_ppl 60.53
step    690 | train_loss 3.9979 | lr 6.29e-05
step    700 | train_loss 3.9231 | lr 6.21e-05
step    710 | train_loss 4.1526 | lr 6.13e-05
step    720 | train_loss 3.9715 | lr 6.05e-05
step    730 | train_loss 4.0586 | lr 5.97e-05
step    740 | train_loss 4.1171 | lr 5.88e-05
step    750 | train_loss 4.0875 | lr 5.80e-05
step    760 | train_loss 4.1337 | lr 5.72e-05
step    770 | train_loss 4.1389 | lr 5.63e-05
step    780 | train_loss 4.1518 | lr 5.55e-05
step    790 | train_loss 4.0957 | lr 5.47e-05
step    800 | train_loss 4.1463 | lr 5.38e-05
step    810 | train_loss 4.1593 | lr 5.30e-05
step    820 | train_loss 4.1897 | lr 5.21e-05
step    830 | train_loss 4.1511 | lr 5.13e-05
step    840 | train_loss 3.8980 | lr 5.04e-05
step    850 | train_loss 4.3287 | lr 4.96e-05
step    860 | train_loss 4.2586 | lr 4.87e-05
step    870 | train_loss 3.9600 | lr 4.79e-05
step    880 | train_loss 4.0940 | lr 4.70e-05
step    890 | train_loss 4.0720 | lr 4.62e-05
step    900 | train_loss 3.9378 | lr 4.54e-05
step    910 | train_loss 4.0989 | lr 4.45e-05
step    912 | val_loss 4.0769 | val_ppl 58.96
step    920 | train_loss 3.9682 | lr 4.37e-05
step    930 | train_loss 4.2372 | lr 4.28e-05
step    940 | train_loss 3.8881 | lr 4.20e-05
step    950 | train_loss 3.8134 | lr 4.12e-05
step    960 | train_loss 4.2644 | lr 4.03e-05
step    970 | train_loss 4.3081 | lr 3.95e-05
step    980 | train_loss 4.4393 | lr 3.87e-05
step    990 | train_loss 3.8756 | lr 3.79e-05
step   1000 | train_loss 4.1122 | lr 3.71e-05
step   1010 | train_loss 4.2866 | lr 3.63e-05
step   1020 | train_loss 4.0914 | lr 3.55e-05
step   1030 | train_loss 4.1395 | lr 3.47e-05
step   1040 | train_loss 4.0093 | lr 3.39e-05
step   1050 | train_loss 4.0737 | lr 3.31e-05
step   1060 | train_loss 3.9434 | lr 3.23e-05
step   1070 | train_loss 3.8484 | lr 3.16e-05
step   1080 | train_loss 4.0261 | lr 3.08e-05
step   1090 | train_loss 4.0451 | lr 3.01e-05
step   1100 | train_loss 3.9947 | lr 2.93e-05
step   1110 | train_loss 4.0756 | lr 2.86e-05
step   1120 | train_loss 4.0064 | lr 2.79e-05
step   1130 | train_loss 4.1665 | lr 2.72e-05
step   1140 | train_loss 3.8327 | lr 2.65e-05
step   1140 | val_loss 4.0611 | val_ppl 58.04
step   1150 | train_loss 4.1446 | lr 2.58e-05
step   1160 | train_loss 4.0005 | lr 2.51e-05
step   1170 | train_loss 4.2053 | lr 2.44e-05
step   1180 | train_loss 3.9672 | lr 2.37e-05
step   1190 | train_loss 4.1128 | lr 2.31e-05
step   1200 | train_loss 3.9897 | lr 2.25e-05
step   1210 | train_loss 4.1974 | lr 2.18e-05
step   1220 | train_loss 4.0870 | lr 2.12e-05
step   1230 | train_loss 4.2359 | lr 2.06e-05
step   1240 | train_loss 3.7292 | lr 2.00e-05
step   1250 | train_loss 4.0053 | lr 1.95e-05
step   1260 | train_loss 3.9147 | lr 1.89e-05
step   1270 | train_loss 3.9471 | lr 1.83e-05
step   1280 | train_loss 3.7843 | lr 1.78e-05
step   1290 | train_loss 3.8950 | lr 1.73e-05
step   1300 | train_loss 3.8234 | lr 1.68e-05
step   1310 | train_loss 3.7274 | lr 1.63e-05
step   1320 | train_loss 3.8617 | lr 1.58e-05
step   1330 | train_loss 4.1927 | lr 1.54e-05
step   1340 | train_loss 4.0109 | lr 1.49e-05
step   1350 | train_loss 3.9906 | lr 1.45e-05
step   1360 | train_loss 3.9960 | lr 1.41e-05
step   1368 | val_loss 4.0479 | val_ppl 57.28
step   1370 | train_loss 4.3420 | lr 1.36e-05
step   1380 | train_loss 3.8532 | lr 1.33e-05
step   1390 | train_loss 4.1564 | lr 1.29e-05
step   1400 | train_loss 4.1786 | lr 1.25e-05
step   1410 | train_loss 4.0871 | lr 1.22e-05
step   1420 | train_loss 3.8507 | lr 1.19e-05
step   1430 | train_loss 4.1928 | lr 1.16e-05
step   1440 | train_loss 3.9447 | lr 1.13e-05
step   1450 | train_loss 4.0336 | lr 1.10e-05
step   1460 | train_loss 4.0621 | lr 1.08e-05
step   1470 | train_loss 3.9414 | lr 1.05e-05
step   1480 | train_loss 4.1067 | lr 1.03e-05
step   1490 | train_loss 4.0873 | lr 1.01e-05
step   1500 | train_loss 4.1508 | lr 9.90e-06
step   1510 | train_loss 4.2689 | lr 9.73e-06
step   1520 | train_loss 3.8734 | lr 9.58e-06
step   1530 | train_loss 3.9740 | lr 9.45e-06
step   1540 | train_loss 3.9056 | lr 9.33e-06
step   1550 | train_loss 3.9587 | lr 9.23e-06
step   1560 | train_loss 3.8526 | lr 9.15e-06
step   1570 | train_loss 3.9473 | lr 9.09e-06
step   1580 | train_loss 3.6527 | lr 9.04e-06
step   1590 | train_loss 3.9848 | lr 9.01e-06
step   1596 | val_loss 4.0434 | val_ppl 57.02
step   1600 | train_loss 3.5599 | lr 9.00e-06
step   1600 | val_loss 4.0433 | val_ppl 57.01
Saved checkpoint to /home/system/projects/AuthLLM/checkpoints/lr_scaling_mini2k/alpaca_unpacked_1600_lr9e-05_seed1339/step_1600.pt
