Data: 16,956 train / 346 val examples (0 dropped as longer than 512 tokens)
Packing: 16,956 examples into 3,763 windows (4.5 per window, 98.7% of positions used)
Model: mini (7,292,032 parameters), initialized from checkpoints/mini/step_2000.pt (step 2000)
step     10 | train_loss 4.5438 | lr 2.50e-04
step     16 | val_loss 4.3283 | val_ppl 75.82
step     20 | train_loss 4.2463 | lr 2.44e-04
step     30 | train_loss 4.3458 | lr 2.29e-04
step     32 | val_loss 4.2305 | val_ppl 68.75
step     40 | train_loss 4.1738 | lr 2.07e-04
step     48 | val_loss 4.1780 | val_ppl 65.23
step     50 | train_loss 4.1698 | lr 1.79e-04
step     60 | train_loss 4.2134 | lr 1.49e-04
step     64 | val_loss 4.1376 | val_ppl 62.65
step     70 | train_loss 4.0418 | lr 1.17e-04
step     80 | train_loss 4.1280 | lr 8.69e-05
step     80 | val_loss 4.1153 | val_ppl 61.27
step     90 | train_loss 4.0103 | lr 6.08e-05
step     96 | val_loss 4.0980 | val_ppl 60.22
step    100 | train_loss 4.1202 | lr 4.09e-05
step    110 | train_loss 4.0762 | lr 2.86e-05
step    112 | val_loss 4.0884 | val_ppl 59.64
step    118 | train_loss 4.0747 | lr 2.50e-05
step    118 | val_loss 4.0862 | val_ppl 59.52
Saved checkpoint to /home/system/projects/AuthLLM/checkpoints/lr_scaling_mini2k/alpaca_third_packed_118_lr0.00025_seed1337/step_118.pt
