Data: 50,868 train / 1,038 val examples (68 dropped as longer than 512 tokens)
Packing: 50,868 examples into 11,220 windows (4.5 per window, 98.8% of positions used)
Model: mini (7,292,032 parameters), initialized from checkpoints/mini/step_2000.pt (step 2000)
step     10 | train_loss 4.5372 | lr 1.82e-03
step     20 | train_loss 4.7952 | lr 3.64e-03
step     30 | train_loss 4.6613 | lr 4.00e-03
step     40 | train_loss 4.6134 | lr 3.98e-03
step     50 | train_loss 4.5643 | lr 3.94e-03
step     50 | val_loss 4.6471 | val_ppl 104.29
step     60 | train_loss 4.5207 | lr 3.89e-03
step     70 | train_loss 4.5736 | lr 3.82e-03
step     80 | train_loss 4.4159 | lr 3.74e-03
step     90 | train_loss 4.4188 | lr 3.64e-03
step    100 | train_loss 4.4873 | lr 3.53e-03
step    100 | val_loss 4.3894 | val_ppl 80.59
step    110 | train_loss 4.4712 | lr 3.41e-03
step    120 | train_loss 4.3218 | lr 3.28e-03
step    130 | train_loss 4.3436 | lr 3.13e-03
step    140 | train_loss 4.2802 | lr 2.98e-03
step    150 | train_loss 4.1280 | lr 2.82e-03
step    150 | val_loss 4.1881 | val_ppl 65.89
step    160 | train_loss 4.2854 | lr 2.66e-03
step    170 | train_loss 4.0740 | lr 2.49e-03
step    180 | train_loss 4.1096 | lr 2.32e-03
step    190 | train_loss 3.9501 | lr 2.15e-03
step    200 | train_loss 4.0815 | lr 1.98e-03
step    200 | val_loss 4.0141 | val_ppl 55.37
step    210 | train_loss 3.9698 | lr 1.81e-03
step    220 | train_loss 3.6129 | lr 1.64e-03
step    230 | train_loss 3.9516 | lr 1.48e-03
step    240 | train_loss 3.8878 | lr 1.32e-03
step    250 | train_loss 3.8423 | lr 1.18e-03
step    250 | val_loss 3.8577 | val_ppl 47.36
step    260 | train_loss 3.8557 | lr 1.04e-03
step    270 | train_loss 3.9500 | lr 9.15e-04
step    280 | train_loss 3.8069 | lr 8.00e-04
step    290 | train_loss 3.7480 | lr 6.99e-04
step    300 | train_loss 3.7628 | lr 6.11e-04
step    300 | val_loss 3.7584 | val_ppl 42.88
step    310 | train_loss 3.6007 | lr 5.37e-04
step    320 | train_loss 3.6095 | lr 4.79e-04
step    330 | train_loss 3.9821 | lr 4.36e-04
step    340 | train_loss 3.6359 | lr 4.10e-04
step    350 | train_loss 3.6740 | lr 4.00e-04
step    350 | val_loss 3.6856 | val_ppl 39.87
Saved checkpoint to /home/system/projects/AuthLLM/checkpoints/lr_scaling_mini2k/alpaca_packed_350_lr0.004_seed1337/step_350.pt
