Data: 16,956 train / 346 val examples (0 dropped as longer than 512 tokens)
Model: mini (7,292,032 parameters), initialized from checkpoints/mini/step_2000.pt (step 2000)
step     10 | train_loss 4.5726 | lr 4.55e-05
step     20 | train_loss 4.7487 | lr 9.09e-05
step     30 | train_loss 4.4840 | lr 1.36e-04
step     40 | train_loss 4.2293 | lr 1.50e-04
step     50 | train_loss 4.3639 | lr 1.50e-04
step     60 | train_loss 4.2549 | lr 1.49e-04
step     70 | train_loss 4.5120 | lr 1.48e-04
step     75 | val_loss 4.2691 | val_ppl 71.46
step     80 | train_loss 4.3498 | lr 1.47e-04
step     90 | train_loss 4.2673 | lr 1.46e-04
step    100 | train_loss 4.1533 | lr 1.44e-04
step    110 | train_loss 4.1172 | lr 1.42e-04
step    120 | train_loss 4.1205 | lr 1.40e-04
step    130 | train_loss 4.1818 | lr 1.38e-04
step    140 | train_loss 4.2892 | lr 1.35e-04
step    150 | train_loss 4.0071 | lr 1.33e-04
step    150 | val_loss 4.1984 | val_ppl 66.58
step    160 | train_loss 4.2204 | lr 1.30e-04
step    170 | train_loss 4.2520 | lr 1.27e-04
step    180 | train_loss 3.9991 | lr 1.23e-04
step    190 | train_loss 4.3173 | lr 1.20e-04
step    200 | train_loss 3.9827 | lr 1.16e-04
step    210 | train_loss 3.7410 | lr 1.12e-04
step    220 | train_loss 4.1102 | lr 1.08e-04
step    225 | val_loss 4.1495 | val_ppl 63.40
step    230 | train_loss 4.1566 | lr 1.04e-04
step    240 | train_loss 3.8843 | lr 1.00e-04
step    250 | train_loss 4.1431 | lr 9.63e-05
step    260 | train_loss 4.3734 | lr 9.21e-05
step    270 | train_loss 4.0876 | lr 8.78e-05
step    280 | train_loss 4.0686 | lr 8.36e-05
step    290 | train_loss 4.0342 | lr 7.93e-05
step    300 | train_loss 4.1285 | lr 7.50e-05
step    300 | val_loss 4.1161 | val_ppl 61.32
step    310 | train_loss 3.8473 | lr 7.08e-05
step    320 | train_loss 4.0403 | lr 6.66e-05
step    330 | train_loss 4.2846 | lr 6.25e-05
step    340 | train_loss 4.1788 | lr 5.85e-05
step    350 | train_loss 4.0619 | lr 5.46e-05
step    360 | train_loss 4.0508 | lr 5.07e-05
step    370 | train_loss 4.1706 | lr 4.70e-05
step    375 | val_loss 4.0929 | val_ppl 59.92
step    380 | train_loss 4.0828 | lr 4.35e-05
step    390 | train_loss 4.0509 | lr 4.01e-05
step    400 | train_loss 4.0449 | lr 3.68e-05
step    410 | train_loss 3.8987 | lr 3.38e-05
step    420 | train_loss 4.0523 | lr 3.09e-05
step    430 | train_loss 4.4581 | lr 2.83e-05
step    440 | train_loss 4.1604 | lr 2.59e-05
step    450 | train_loss 4.1640 | lr 2.37e-05
step    450 | val_loss 4.0760 | val_ppl 58.91
step    460 | train_loss 3.9348 | lr 2.17e-05
step    470 | train_loss 3.8379 | lr 2.00e-05
step    480 | train_loss 3.7354 | lr 1.85e-05
step    490 | train_loss 4.3075 | lr 1.73e-05
step    500 | train_loss 4.0119 | lr 1.63e-05
step    510 | train_loss 4.1204 | lr 1.56e-05
step    520 | train_loss 4.0290 | lr 1.52e-05
step    525 | val_loss 4.0655 | val_ppl 58.30
step    530 | train_loss 4.1210 | lr 1.50e-05
step    530 | val_loss 4.0654 | val_ppl 58.29
Saved checkpoint to /home/system/projects/AuthLLM/checkpoints/lr_scaling_mini2k/alpaca_third_unpacked_530_lr0.00015_seed1338/step_530.pt
