Data: 16,956 train / 346 val examples (0 dropped as longer than 512 tokens)
Model: mini (7,292,032 parameters), initialized from checkpoints/mini/step_2000.pt (step 2000)
step     10 | train_loss 4.5608 | lr 1.21e-04
step     20 | train_loss 4.4060 | lr 2.42e-04
step     30 | train_loss 4.3120 | lr 3.64e-04
step     40 | train_loss 4.4711 | lr 4.00e-04
step     50 | train_loss 4.2098 | lr 3.99e-04
step     60 | train_loss 4.2558 | lr 3.98e-04
step     70 | train_loss 4.4407 | lr 3.95e-04
step     75 | val_loss 4.3575 | val_ppl 78.06
step     80 | train_loss 4.3740 | lr 3.92e-04
step     90 | train_loss 4.2388 | lr 3.89e-04
step    100 | train_loss 4.0467 | lr 3.85e-04
step    110 | train_loss 4.2184 | lr 3.80e-04
step    120 | train_loss 4.1030 | lr 3.74e-04
step    130 | train_loss 4.3296 | lr 3.68e-04
step    140 | train_loss 4.5131 | lr 3.61e-04
step    150 | train_loss 4.1299 | lr 3.54e-04
step    150 | val_loss 4.2676 | val_ppl 71.35
step    160 | train_loss 4.3036 | lr 3.46e-04
step    170 | train_loss 4.3929 | lr 3.37e-04
step    180 | train_loss 4.2703 | lr 3.29e-04
step    190 | train_loss 3.9908 | lr 3.19e-04
step    200 | train_loss 4.3059 | lr 3.10e-04
step    210 | train_loss 4.1697 | lr 3.00e-04
step    220 | train_loss 4.2962 | lr 2.89e-04
step    225 | val_loss 4.2091 | val_ppl 67.29
step    230 | train_loss 4.0482 | lr 2.79e-04
step    240 | train_loss 4.2030 | lr 2.68e-04
step    250 | train_loss 4.1508 | lr 2.57e-04
step    260 | train_loss 4.2503 | lr 2.46e-04
step    270 | train_loss 4.3365 | lr 2.34e-04
step    280 | train_loss 4.0305 | lr 2.23e-04
step    290 | train_loss 4.4104 | lr 2.11e-04
step    300 | train_loss 4.0367 | lr 2.00e-04
step    300 | val_loss 4.1637 | val_ppl 64.31
step    310 | train_loss 4.3162 | lr 1.89e-04
step    320 | train_loss 4.0933 | lr 1.78e-04
step    330 | train_loss 4.2365 | lr 1.67e-04
step    340 | train_loss 4.1344 | lr 1.56e-04
step    350 | train_loss 4.3547 | lr 1.46e-04
step    360 | train_loss 4.0343 | lr 1.35e-04
step    370 | train_loss 4.2176 | lr 1.25e-04
step    375 | val_loss 4.1242 | val_ppl 61.82
step    380 | train_loss 4.5334 | lr 1.16e-04
step    390 | train_loss 3.9060 | lr 1.07e-04
step    400 | train_loss 3.9266 | lr 9.83e-05
step    410 | train_loss 3.9399 | lr 9.01e-05
step    420 | train_loss 3.9143 | lr 8.25e-05
step    430 | train_loss 4.3592 | lr 7.55e-05
step    440 | train_loss 3.9451 | lr 6.90e-05
step    450 | train_loss 4.0662 | lr 6.31e-05
step    450 | val_loss 4.0949 | val_ppl 60.03
step    460 | train_loss 4.4433 | lr 5.78e-05
step    470 | train_loss 3.7550 | lr 5.32e-05
step    480 | train_loss 4.2651 | lr 4.93e-05
step    490 | train_loss 3.7902 | lr 4.60e-05
step    500 | train_loss 4.3038 | lr 4.34e-05
step    510 | train_loss 3.9813 | lr 4.16e-05
step    520 | train_loss 4.2059 | lr 4.04e-05
step    525 | val_loss 4.0777 | val_ppl 59.01
step    530 | train_loss 3.6523 | lr 4.00e-05
step    530 | val_loss 4.0763 | val_ppl 58.93
Saved checkpoint to /home/system/projects/AuthLLM/checkpoints/lr_scaling_mini2k/alpaca_third_unpacked_530_lr0.0004_seed1337/step_530.pt
