Data: 50,869 train / 1,037 val examples (68 dropped as longer than 512 tokens)
Model: mini (7,292,032 parameters), initialized from checkpoints/mini/step_2000.pt (step 2000)
step     10 | train_loss 4.8774 | lr 4.00e-05
step     20 | train_loss 4.3463 | lr 8.00e-05
step     30 | train_loss 4.4171 | lr 1.20e-04
step     40 | train_loss 4.4197 | lr 1.60e-04
step     50 | train_loss 4.6775 | lr 2.00e-04
step     60 | train_loss 4.3583 | lr 2.40e-04
step     70 | train_loss 4.1915 | lr 2.80e-04
step     80 | train_loss 4.2125 | lr 3.20e-04
step     90 | train_loss 4.2706 | lr 3.60e-04
step    100 | train_loss 4.4527 | lr 4.00e-04
step    110 | train_loss 4.1561 | lr 4.00e-04
step    120 | train_loss 4.2396 | lr 4.00e-04
step    130 | train_loss 4.1302 | lr 4.00e-04
step    140 | train_loss 4.2432 | lr 3.99e-04
step    150 | train_loss 4.3526 | lr 3.99e-04
step    160 | train_loss 4.1275 | lr 3.99e-04
step    170 | train_loss 4.3695 | lr 3.98e-04
step    180 | train_loss 4.4294 | lr 3.98e-04
step    190 | train_loss 4.2673 | lr 3.97e-04
step    200 | train_loss 4.0061 | lr 3.96e-04
step    210 | train_loss 4.5506 | lr 3.95e-04
step    220 | train_loss 4.2427 | lr 3.94e-04
step    228 | val_loss 4.2019 | val_ppl 66.81
step    230 | train_loss 4.1779 | lr 3.93e-04
step    240 | train_loss 4.3124 | lr 3.92e-04
step    250 | train_loss 4.0613 | lr 3.91e-04
step    260 | train_loss 4.5526 | lr 3.90e-04
step    270 | train_loss 4.3085 | lr 3.89e-04
step    280 | train_loss 4.3238 | lr 3.87e-04
step    290 | train_loss 3.9227 | lr 3.86e-04
step    300 | train_loss 4.2760 | lr 3.85e-04
step    310 | train_loss 4.3555 | lr 3.83e-04
step    320 | train_loss 4.3118 | lr 3.81e-04
step    330 | train_loss 4.3136 | lr 3.80e-04
step    340 | train_loss 4.1853 | lr 3.78e-04
step    350 | train_loss 4.5309 | lr 3.76e-04
step    360 | train_loss 4.3154 | lr 3.74e-04
step    370 | train_loss 4.3177 | lr 3.72e-04
step    380 | train_loss 4.5217 | lr 3.70e-04
step    390 | train_loss 4.0530 | lr 3.68e-04
step    400 | train_loss 3.8099 | lr 3.66e-04
step    410 | train_loss 4.1641 | lr 3.64e-04
step    420 | train_loss 4.3871 | lr 3.61e-04
step    430 | train_loss 4.1318 | lr 3.59e-04
step    440 | train_loss 4.0892 | lr 3.57e-04
step    450 | train_loss 4.3252 | lr 3.54e-04
step    456 | val_loss 4.1361 | val_ppl 62.56
step    460 | train_loss 4.2682 | lr 3.51e-04
step    470 | train_loss 3.7862 | lr 3.49e-04
step    480 | train_loss 4.0661 | lr 3.46e-04
step    490 | train_loss 4.3685 | lr 3.43e-04
step    500 | train_loss 4.2763 | lr 3.41e-04
step    510 | train_loss 4.1246 | lr 3.38e-04
step    520 | train_loss 4.2791 | lr 3.35e-04
step    530 | train_loss 4.4205 | lr 3.32e-04
step    540 | train_loss 3.9956 | lr 3.29e-04
step    550 | train_loss 3.9218 | lr 3.26e-04
step    560 | train_loss 4.1302 | lr 3.23e-04
step    570 | train_loss 4.1560 | lr 3.20e-04
step    580 | train_loss 4.1240 | lr 3.17e-04
step    590 | train_loss 4.2733 | lr 3.14e-04
step    600 | train_loss 4.2013 | lr 3.10e-04
step    610 | train_loss 3.9727 | lr 3.07e-04
step    620 | train_loss 4.1247 | lr 3.04e-04
step    630 | train_loss 3.6643 | lr 3.00e-04
step    640 | train_loss 4.2119 | lr 2.97e-04
step    650 | train_loss 4.0505 | lr 2.94e-04
step    660 | train_loss 3.9632 | lr 2.90e-04
step    670 | train_loss 4.0868 | lr 2.87e-04
step    680 | train_loss 4.1275 | lr 2.83e-04
step    684 | val_loss 4.0783 | val_ppl 59.05
step    690 | train_loss 4.0652 | lr 2.80e-04
step    700 | train_loss 4.0790 | lr 2.76e-04
step    710 | train_loss 4.3469 | lr 2.72e-04
step    720 | train_loss 4.1447 | lr 2.69e-04
step    730 | train_loss 3.8785 | lr 2.65e-04
step    740 | train_loss 4.1450 | lr 2.61e-04
step    750 | train_loss 4.0939 | lr 2.58e-04
step    760 | train_loss 4.2629 | lr 2.54e-04
step    770 | train_loss 3.9711 | lr 2.50e-04
step    780 | train_loss 4.4633 | lr 2.47e-04
step    790 | train_loss 4.2163 | lr 2.43e-04
step    800 | train_loss 4.0237 | lr 2.39e-04
step    810 | train_loss 3.9338 | lr 2.35e-04
step    820 | train_loss 3.9702 | lr 2.32e-04
step    830 | train_loss 4.2104 | lr 2.28e-04
step    840 | train_loss 4.0282 | lr 2.24e-04
step    850 | train_loss 4.1505 | lr 2.20e-04
step    860 | train_loss 4.3999 | lr 2.17e-04
step    870 | train_loss 3.9003 | lr 2.13e-04
step    880 | train_loss 4.0712 | lr 2.09e-04
step    890 | train_loss 4.4111 | lr 2.05e-04
step    900 | train_loss 4.2142 | lr 2.02e-04
step    910 | train_loss 4.0770 | lr 1.98e-04
step    912 | val_loss 4.0199 | val_ppl 55.69
step    920 | train_loss 3.9638 | lr 1.94e-04
step    930 | train_loss 3.9160 | lr 1.90e-04
step    940 | train_loss 4.0306 | lr 1.87e-04
step    950 | train_loss 4.0215 | lr 1.83e-04
step    960 | train_loss 4.0942 | lr 1.79e-04
step    970 | train_loss 3.9893 | lr 1.76e-04
step    980 | train_loss 4.6402 | lr 1.72e-04
step    990 | train_loss 3.9911 | lr 1.68e-04
step   1000 | train_loss 4.0251 | lr 1.65e-04
step   1010 | train_loss 3.9033 | lr 1.61e-04
step   1020 | train_loss 4.3065 | lr 1.58e-04
step   1030 | train_loss 4.0088 | lr 1.54e-04
step   1040 | train_loss 4.0562 | lr 1.51e-04
step   1050 | train_loss 3.7959 | lr 1.47e-04
step   1060 | train_loss 4.1020 | lr 1.44e-04
step   1070 | train_loss 3.9599 | lr 1.40e-04
step   1080 | train_loss 3.9048 | lr 1.37e-04
step   1090 | train_loss 3.9994 | lr 1.34e-04
step   1100 | train_loss 4.0926 | lr 1.30e-04
step   1110 | train_loss 4.0560 | lr 1.27e-04
step   1120 | train_loss 4.1875 | lr 1.24e-04
step   1130 | train_loss 3.9071 | lr 1.21e-04
step   1140 | train_loss 3.9061 | lr 1.18e-04
step   1140 | val_loss 3.9833 | val_ppl 53.69
step   1150 | train_loss 4.2753 | lr 1.15e-04
step   1160 | train_loss 4.2896 | lr 1.11e-04
step   1170 | train_loss 3.9083 | lr 1.08e-04
step   1180 | train_loss 4.4088 | lr 1.06e-04
step   1190 | train_loss 4.2288 | lr 1.03e-04
step   1200 | train_loss 4.2935 | lr 9.98e-05
step   1210 | train_loss 4.2004 | lr 9.71e-05
step   1220 | train_loss 3.8903 | lr 9.43e-05
step   1230 | train_loss 3.7738 | lr 9.17e-05
step   1240 | train_loss 3.9906 | lr 8.90e-05
step   1250 | train_loss 4.4018 | lr 8.65e-05
step   1260 | train_loss 4.1513 | lr 8.40e-05
step   1270 | train_loss 4.0870 | lr 8.15e-05
step   1280 | train_loss 4.1726 | lr 7.92e-05
step   1290 | train_loss 3.6250 | lr 7.69e-05
step   1300 | train_loss 3.6003 | lr 7.46e-05
step   1310 | train_loss 3.8413 | lr 7.24e-05
step   1320 | train_loss 3.7571 | lr 7.03e-05
step   1330 | train_loss 4.2550 | lr 6.82e-05
step   1340 | train_loss 4.1899 | lr 6.62e-05
step   1350 | train_loss 4.0517 | lr 6.43e-05
step   1360 | train_loss 3.9862 | lr 6.24e-05
step   1368 | val_loss 3.9416 | val_ppl 51.50
step   1370 | train_loss 3.7852 | lr 6.07e-05
step   1380 | train_loss 3.8690 | lr 5.89e-05
step   1390 | train_loss 3.6206 | lr 5.73e-05
step   1400 | train_loss 3.9371 | lr 5.57e-05
step   1410 | train_loss 4.1641 | lr 5.42e-05
step   1420 | train_loss 3.9518 | lr 5.28e-05
step   1430 | train_loss 3.8920 | lr 5.14e-05
step   1440 | train_loss 3.9885 | lr 5.01e-05
step   1450 | train_loss 4.4530 | lr 4.89e-05
step   1460 | train_loss 4.1729 | lr 4.78e-05
step   1470 | train_loss 4.1560 | lr 4.67e-05
step   1480 | train_loss 4.1205 | lr 4.57e-05
step   1490 | train_loss 3.8723 | lr 4.48e-05
step   1500 | train_loss 3.7808 | lr 4.40e-05
step   1510 | train_loss 4.7086 | lr 4.33e-05
step   1520 | train_loss 3.6813 | lr 4.26e-05
step   1530 | train_loss 4.1194 | lr 4.20e-05
step   1540 | train_loss 3.7390 | lr 4.15e-05
step   1550 | train_loss 4.0455 | lr 4.10e-05
step   1560 | train_loss 3.9357 | lr 4.07e-05
step   1570 | train_loss 4.2014 | lr 4.04e-05
step   1580 | train_loss 3.9616 | lr 4.02e-05
step   1590 | train_loss 3.5458 | lr 4.00e-05
step   1596 | val_loss 3.9244 | val_ppl 50.62
step   1600 | train_loss 3.7733 | lr 4.00e-05
step   1600 | val_loss 3.9251 | val_ppl 50.66
Saved checkpoint to /home/system/projects/AuthLLM/checkpoints/lr_scaling_mini2k/alpaca_unpacked_1600_lr0.0004_seed1338/step_1600.pt
