Data: 50,868 train / 1,038 val examples (68 dropped as longer than 512 tokens)
Packing: 50,868 examples into 11,220 windows (4.5 per window, 98.8% of positions used)
Model: mini (7,292,032 parameters), initialized from checkpoints/mini/step_2000.pt (step 2000)
step     10 | train_loss 4.4484 | lr 1.14e-03
step     20 | train_loss 4.5698 | lr 2.27e-03
step     30 | train_loss 4.3121 | lr 2.50e-03
step     40 | train_loss 4.3169 | lr 2.49e-03
step     50 | train_loss 4.2561 | lr 2.46e-03
step     50 | val_loss 4.3739 | val_ppl 79.36
step     60 | train_loss 4.2916 | lr 2.43e-03
step     70 | train_loss 4.3122 | lr 2.39e-03
step     80 | train_loss 4.1961 | lr 2.34e-03
step     90 | train_loss 4.1843 | lr 2.28e-03
step    100 | train_loss 4.2950 | lr 2.21e-03
step    100 | val_loss 4.1780 | val_ppl 65.23
step    110 | train_loss 4.2880 | lr 2.13e-03
step    120 | train_loss 4.1470 | lr 2.05e-03
step    130 | train_loss 4.1698 | lr 1.96e-03
step    140 | train_loss 4.1125 | lr 1.86e-03
step    150 | train_loss 3.9774 | lr 1.77e-03
step    150 | val_loss 4.0337 | val_ppl 56.47
step    160 | train_loss 4.1593 | lr 1.66e-03
step    170 | train_loss 3.9659 | lr 1.56e-03
step    180 | train_loss 4.0265 | lr 1.45e-03
step    190 | train_loss 3.8669 | lr 1.34e-03
step    200 | train_loss 3.9856 | lr 1.24e-03
step    200 | val_loss 3.9022 | val_ppl 49.51
step    210 | train_loss 3.8848 | lr 1.13e-03
step    220 | train_loss 3.5651 | lr 1.03e-03
step    230 | train_loss 3.8825 | lr 9.25e-04
step    240 | train_loss 3.8232 | lr 8.28e-04
step    250 | train_loss 3.7895 | lr 7.37e-04
step    250 | val_loss 3.7916 | val_ppl 44.33
step    260 | train_loss 3.8128 | lr 6.51e-04
step    270 | train_loss 3.9144 | lr 5.72e-04
step    280 | train_loss 3.7842 | lr 5.00e-04
step    290 | train_loss 3.7229 | lr 4.37e-04
step    300 | train_loss 3.7269 | lr 3.82e-04
step    300 | val_loss 3.7130 | val_ppl 40.98
step    310 | train_loss 3.5855 | lr 3.36e-04
step    320 | train_loss 3.5777 | lr 2.99e-04
step    330 | train_loss 3.9531 | lr 2.73e-04
step    340 | train_loss 3.6010 | lr 2.56e-04
step    350 | train_loss 3.6608 | lr 2.50e-04
step    350 | val_loss 3.6638 | val_ppl 39.01
Saved checkpoint to /home/system/projects/AuthLLM/checkpoints/lr_scaling_mini2k/alpaca_packed_350_lr0.0025_seed1337/step_350.pt
