Data: 50,868 train / 1,038 val examples (68 dropped as longer than 512 tokens)
Model: mini (7,292,032 parameters), initialized from checkpoints/mini/step_2000.pt (step 2000)
step     10 | train_loss 4.8093 | lr 9.00e-06
step     20 | train_loss 4.7787 | lr 1.80e-05
step     30 | train_loss 4.4755 | lr 2.70e-05
step     40 | train_loss 4.2948 | lr 3.60e-05
step     50 | train_loss 4.3494 | lr 4.50e-05
step     60 | train_loss 4.4460 | lr 5.40e-05
step     70 | train_loss 4.2212 | lr 6.30e-05
step     80 | train_loss 4.0553 | lr 7.20e-05
step     90 | train_loss 4.0314 | lr 8.10e-05
step    100 | train_loss 4.2003 | lr 9.00e-05
step    110 | train_loss 4.3637 | lr 9.00e-05
step    120 | train_loss 4.3244 | lr 9.00e-05
step    130 | train_loss 4.1463 | lr 8.99e-05
step    140 | train_loss 4.3478 | lr 8.99e-05
step    150 | train_loss 4.2373 | lr 8.98e-05
step    160 | train_loss 4.1663 | lr 8.97e-05
step    170 | train_loss 4.2484 | lr 8.96e-05
step    180 | train_loss 4.3893 | lr 8.94e-05
step    190 | train_loss 4.2984 | lr 8.93e-05
step    200 | train_loss 4.0844 | lr 8.91e-05
step    210 | train_loss 4.1506 | lr 8.89e-05
step    220 | train_loss 4.2770 | lr 8.87e-05
step    228 | val_loss 4.1782 | val_ppl 65.25
step    230 | train_loss 4.1663 | lr 8.85e-05
step    240 | train_loss 4.1773 | lr 8.83e-05
step    250 | train_loss 4.1040 | lr 8.80e-05
step    260 | train_loss 4.0550 | lr 8.78e-05
step    270 | train_loss 4.1028 | lr 8.75e-05
step    280 | train_loss 4.1436 | lr 8.72e-05
step    290 | train_loss 4.0814 | lr 8.69e-05
step    300 | train_loss 4.2416 | lr 8.65e-05
step    310 | train_loss 4.2338 | lr 8.62e-05
step    320 | train_loss 4.2098 | lr 8.58e-05
step    330 | train_loss 4.4669 | lr 8.54e-05
step    340 | train_loss 4.0494 | lr 8.50e-05
step    350 | train_loss 4.2503 | lr 8.46e-05
step    360 | train_loss 4.1329 | lr 8.42e-05
step    370 | train_loss 4.1195 | lr 8.37e-05
step    380 | train_loss 4.4029 | lr 8.33e-05
step    390 | train_loss 4.2483 | lr 8.28e-05
step    400 | train_loss 3.8941 | lr 8.23e-05
step    410 | train_loss 4.1347 | lr 8.18e-05
step    420 | train_loss 4.3584 | lr 8.13e-05
step    430 | train_loss 4.3757 | lr 8.08e-05
step    440 | train_loss 4.3459 | lr 8.02e-05
step    450 | train_loss 4.2861 | lr 7.97e-05
step    456 | val_loss 4.0950 | val_ppl 60.04
step    460 | train_loss 3.9576 | lr 7.91e-05
step    470 | train_loss 4.2384 | lr 7.85e-05
step    480 | train_loss 4.2227 | lr 7.79e-05
step    490 | train_loss 4.2105 | lr 7.73e-05
step    500 | train_loss 4.0795 | lr 7.67e-05
step    510 | train_loss 4.0745 | lr 7.60e-05
step    520 | train_loss 4.1383 | lr 7.54e-05
step    530 | train_loss 3.8581 | lr 7.47e-05
step    540 | train_loss 4.1961 | lr 7.41e-05
step    550 | train_loss 4.0885 | lr 7.34e-05
step    560 | train_loss 4.0981 | lr 7.27e-05
step    570 | train_loss 3.9402 | lr 7.20e-05
step    580 | train_loss 4.2501 | lr 7.13e-05
step    590 | train_loss 3.9534 | lr 7.06e-05
step    600 | train_loss 3.9735 | lr 6.98e-05
step    610 | train_loss 4.0521 | lr 6.91e-05
step    620 | train_loss 4.2463 | lr 6.83e-05
step    630 | train_loss 3.9332 | lr 6.76e-05
step    640 | train_loss 4.0900 | lr 6.68e-05
step    650 | train_loss 4.0153 | lr 6.61e-05
step    660 | train_loss 4.0231 | lr 6.53e-05
step    670 | train_loss 4.1354 | lr 6.45e-05
step    680 | train_loss 3.6883 | lr 6.37e-05
step    684 | val_loss 4.0418 | val_ppl 56.93
step    690 | train_loss 4.2551 | lr 6.29e-05
step    700 | train_loss 4.0026 | lr 6.21e-05
step    710 | train_loss 4.0957 | lr 6.13e-05
step    720 | train_loss 3.9503 | lr 6.05e-05
step    730 | train_loss 3.9964 | lr 5.97e-05
step    740 | train_loss 3.9383 | lr 5.88e-05
step    750 | train_loss 4.0628 | lr 5.80e-05
step    760 | train_loss 4.1546 | lr 5.72e-05
step    770 | train_loss 4.1052 | lr 5.63e-05
step    780 | train_loss 4.2079 | lr 5.55e-05
step    790 | train_loss 4.1942 | lr 5.47e-05
step    800 | train_loss 4.2186 | lr 5.38e-05
step    810 | train_loss 3.9905 | lr 5.30e-05
step    820 | train_loss 3.8519 | lr 5.21e-05
step    830 | train_loss 3.9729 | lr 5.13e-05
step    840 | train_loss 3.9097 | lr 5.04e-05
step    850 | train_loss 3.9820 | lr 4.96e-05
step    860 | train_loss 3.8061 | lr 4.87e-05
step    870 | train_loss 3.8575 | lr 4.79e-05
step    880 | train_loss 3.9930 | lr 4.70e-05
step    890 | train_loss 3.9330 | lr 4.62e-05
step    900 | train_loss 4.3149 | lr 4.54e-05
step    910 | train_loss 3.7263 | lr 4.45e-05
step    912 | val_loss 4.0142 | val_ppl 55.38
step    920 | train_loss 3.9653 | lr 4.37e-05
step    930 | train_loss 3.9553 | lr 4.28e-05
step    940 | train_loss 3.9369 | lr 4.20e-05
step    950 | train_loss 4.1959 | lr 4.12e-05
step    960 | train_loss 4.4038 | lr 4.03e-05
step    970 | train_loss 4.0676 | lr 3.95e-05
step    980 | train_loss 4.0781 | lr 3.87e-05
step    990 | train_loss 4.0720 | lr 3.79e-05
step   1000 | train_loss 3.5992 | lr 3.71e-05
step   1010 | train_loss 4.0624 | lr 3.63e-05
step   1020 | train_loss 3.8694 | lr 3.55e-05
step   1030 | train_loss 4.1319 | lr 3.47e-05
step   1040 | train_loss 4.3083 | lr 3.39e-05
step   1050 | train_loss 4.0012 | lr 3.31e-05
step   1060 | train_loss 4.1900 | lr 3.23e-05
step   1070 | train_loss 4.1351 | lr 3.16e-05
step   1080 | train_loss 3.8684 | lr 3.08e-05
step   1090 | train_loss 4.1194 | lr 3.01e-05
step   1100 | train_loss 3.8511 | lr 2.93e-05
step   1110 | train_loss 4.0701 | lr 2.86e-05
step   1120 | train_loss 3.9612 | lr 2.79e-05
step   1130 | train_loss 4.0357 | lr 2.72e-05
step   1140 | train_loss 4.1653 | lr 2.65e-05
step   1140 | val_loss 3.9924 | val_ppl 54.18
step   1150 | train_loss 4.3000 | lr 2.58e-05
step   1160 | train_loss 4.1902 | lr 2.51e-05
step   1170 | train_loss 4.0850 | lr 2.44e-05
step   1180 | train_loss 3.7255 | lr 2.37e-05
step   1190 | train_loss 4.0467 | lr 2.31e-05
step   1200 | train_loss 4.0845 | lr 2.25e-05
step   1210 | train_loss 3.8173 | lr 2.18e-05
step   1220 | train_loss 4.0072 | lr 2.12e-05
step   1230 | train_loss 4.0255 | lr 2.06e-05
step   1240 | train_loss 4.0020 | lr 2.00e-05
step   1250 | train_loss 4.1368 | lr 1.95e-05
step   1260 | train_loss 3.7437 | lr 1.89e-05
step   1270 | train_loss 3.9706 | lr 1.83e-05
step   1280 | train_loss 4.0641 | lr 1.78e-05
step   1290 | train_loss 3.7983 | lr 1.73e-05
step   1300 | train_loss 4.3480 | lr 1.68e-05
step   1310 | train_loss 3.8411 | lr 1.63e-05
step   1320 | train_loss 3.8755 | lr 1.58e-05
step   1330 | train_loss 4.4653 | lr 1.54e-05
step   1340 | train_loss 4.0504 | lr 1.49e-05
step   1350 | train_loss 4.0082 | lr 1.45e-05
step   1360 | train_loss 4.1246 | lr 1.41e-05
step   1368 | val_loss 3.9773 | val_ppl 53.37
step   1370 | train_loss 3.8688 | lr 1.36e-05
step   1380 | train_loss 4.1149 | lr 1.33e-05
step   1390 | train_loss 3.8947 | lr 1.29e-05
step   1400 | train_loss 4.1944 | lr 1.25e-05
step   1410 | train_loss 3.8811 | lr 1.22e-05
step   1420 | train_loss 4.0590 | lr 1.19e-05
step   1430 | train_loss 4.1926 | lr 1.16e-05
step   1440 | train_loss 3.9543 | lr 1.13e-05
step   1450 | train_loss 3.9084 | lr 1.10e-05
step   1460 | train_loss 3.9834 | lr 1.08e-05
step   1470 | train_loss 3.9745 | lr 1.05e-05
step   1480 | train_loss 3.9094 | lr 1.03e-05
step   1490 | train_loss 4.2849 | lr 1.01e-05
step   1500 | train_loss 4.0628 | lr 9.90e-06
step   1510 | train_loss 3.6905 | lr 9.73e-06
step   1520 | train_loss 3.9978 | lr 9.58e-06
step   1530 | train_loss 3.9128 | lr 9.45e-06
step   1540 | train_loss 3.8921 | lr 9.33e-06
step   1550 | train_loss 4.1523 | lr 9.23e-06
step   1560 | train_loss 3.8346 | lr 9.15e-06
step   1570 | train_loss 3.9893 | lr 9.09e-06
step   1580 | train_loss 3.9751 | lr 9.04e-06
step   1590 | train_loss 4.0123 | lr 9.01e-06
step   1596 | val_loss 3.9716 | val_ppl 53.07
step   1600 | train_loss 3.9957 | lr 9.00e-06
step   1600 | val_loss 3.9718 | val_ppl 53.08
Saved checkpoint to /home/system/projects/AuthLLM/checkpoints/lr_scaling_mini2k/alpaca_unpacked_1600_lr9e-05_seed1337/step_1600.pt
