Data: 16,956 train / 346 val examples (0 dropped as longer than 512 tokens)
Packing: 16,956 examples into 3,763 windows (4.5 per window, 98.7% of positions used)
Model: mini (7,292,032 parameters), initialized from checkpoints/mini/step_2000.pt (step 2000)
step     10 | train_loss 5.1145 | lr 2.50e-03
step     16 | val_loss 4.7652 | val_ppl 117.35
step     20 | train_loss 4.6128 | lr 2.44e-03
step     30 | train_loss 4.6846 | lr 2.29e-03
step     32 | val_loss 4.5541 | val_ppl 95.02
step     40 | train_loss 4.4327 | lr 2.07e-03
step     48 | val_loss 4.4184 | val_ppl 82.96
step     50 | train_loss 4.4263 | lr 1.79e-03
step     60 | train_loss 4.3774 | lr 1.49e-03
step     64 | val_loss 4.3174 | val_ppl 74.99
step     70 | train_loss 4.1939 | lr 1.17e-03
step     80 | train_loss 4.1495 | lr 8.69e-04
step     80 | val_loss 4.2290 | val_ppl 68.65
step     90 | train_loss 4.0752 | lr 6.08e-04
step     96 | val_loss 4.1514 | val_ppl 63.52
step    100 | train_loss 4.1545 | lr 4.09e-04
step    110 | train_loss 4.0726 | lr 2.86e-04
step    112 | val_loss 4.0988 | val_ppl 60.27
step    118 | train_loss 3.9773 | lr 2.50e-04
step    118 | val_loss 4.0905 | val_ppl 59.77
Saved checkpoint to /home/system/projects/AuthLLM/checkpoints/lr_scaling_mini2k/alpaca_third_packed_118_lr0.0025_seed1337/step_118.pt
