Data: 50,867 train / 1,039 val examples (68 dropped as longer than 512 tokens)
Model: mini (7,292,032 parameters), initialized from checkpoints/mini/step_2000.pt (step 2000)
step     10 | train_loss 4.7371 | lr 4.00e-05
step     20 | train_loss 4.1850 | lr 8.00e-05
step     30 | train_loss 4.4518 | lr 1.20e-04
step     40 | train_loss 4.5142 | lr 1.60e-04
step     50 | train_loss 4.4673 | lr 2.00e-04
step     60 | train_loss 4.3519 | lr 2.40e-04
step     70 | train_loss 4.1334 | lr 2.80e-04
step     80 | train_loss 4.1925 | lr 3.20e-04
step     90 | train_loss 4.5860 | lr 3.60e-04
step    100 | train_loss 4.6726 | lr 4.00e-04
step    110 | train_loss 4.5160 | lr 4.00e-04
step    120 | train_loss 4.1287 | lr 4.00e-04
step    130 | train_loss 4.1063 | lr 4.00e-04
step    140 | train_loss 4.3063 | lr 3.99e-04
step    150 | train_loss 4.2354 | lr 3.99e-04
step    160 | train_loss 4.2041 | lr 3.99e-04
step    170 | train_loss 4.0673 | lr 3.98e-04
step    180 | train_loss 4.3864 | lr 3.98e-04
step    190 | train_loss 4.3185 | lr 3.97e-04
step    200 | train_loss 4.3597 | lr 3.96e-04
step    210 | train_loss 4.2167 | lr 3.95e-04
step    220 | train_loss 4.3845 | lr 3.94e-04
step    228 | val_loss 4.2812 | val_ppl 72.33
step    230 | train_loss 4.0731 | lr 3.93e-04
step    240 | train_loss 4.0875 | lr 3.92e-04
step    250 | train_loss 4.1291 | lr 3.91e-04
step    260 | train_loss 4.2486 | lr 3.90e-04
step    270 | train_loss 4.1507 | lr 3.89e-04
step    280 | train_loss 4.2174 | lr 3.87e-04
step    290 | train_loss 4.1021 | lr 3.86e-04
step    300 | train_loss 4.7238 | lr 3.85e-04
step    310 | train_loss 4.1596 | lr 3.83e-04
step    320 | train_loss 4.2988 | lr 3.81e-04
step    330 | train_loss 3.9822 | lr 3.80e-04
step    340 | train_loss 4.4620 | lr 3.78e-04
step    350 | train_loss 4.2699 | lr 3.76e-04
step    360 | train_loss 4.1805 | lr 3.74e-04
step    370 | train_loss 4.0287 | lr 3.72e-04
step    380 | train_loss 4.2188 | lr 3.70e-04
step    390 | train_loss 3.9727 | lr 3.68e-04
step    400 | train_loss 4.2501 | lr 3.66e-04
step    410 | train_loss 4.3534 | lr 3.64e-04
step    420 | train_loss 4.1374 | lr 3.61e-04
step    430 | train_loss 4.0849 | lr 3.59e-04
step    440 | train_loss 4.0051 | lr 3.57e-04
step    450 | train_loss 4.0920 | lr 3.54e-04
step    456 | val_loss 4.2374 | val_ppl 69.23
step    460 | train_loss 4.0115 | lr 3.51e-04
step    470 | train_loss 4.3469 | lr 3.49e-04
step    480 | train_loss 3.9041 | lr 3.46e-04
step    490 | train_loss 4.4185 | lr 3.43e-04
step    500 | train_loss 4.1894 | lr 3.41e-04
step    510 | train_loss 4.1831 | lr 3.38e-04
step    520 | train_loss 4.0059 | lr 3.35e-04
step    530 | train_loss 4.0621 | lr 3.32e-04
step    540 | train_loss 4.1298 | lr 3.29e-04
step    550 | train_loss 4.1917 | lr 3.26e-04
step    560 | train_loss 3.9429 | lr 3.23e-04
step    570 | train_loss 4.3969 | lr 3.20e-04
step    580 | train_loss 4.1460 | lr 3.17e-04
step    590 | train_loss 4.0526 | lr 3.14e-04
step    600 | train_loss 3.9417 | lr 3.10e-04
step    610 | train_loss 4.1155 | lr 3.07e-04
step    620 | train_loss 3.8416 | lr 3.04e-04
step    630 | train_loss 4.2093 | lr 3.00e-04
step    640 | train_loss 4.2227 | lr 2.97e-04
step    650 | train_loss 4.3076 | lr 2.94e-04
step    660 | train_loss 4.0241 | lr 2.90e-04
step    670 | train_loss 4.0820 | lr 2.87e-04
step    680 | train_loss 4.2616 | lr 2.83e-04
step    684 | val_loss 4.1751 | val_ppl 65.04
step    690 | train_loss 4.0528 | lr 2.80e-04
step    700 | train_loss 3.9246 | lr 2.76e-04
step    710 | train_loss 4.1946 | lr 2.72e-04
step    720 | train_loss 3.9870 | lr 2.69e-04
step    730 | train_loss 4.1727 | lr 2.65e-04
step    740 | train_loss 4.1373 | lr 2.61e-04
step    750 | train_loss 4.0935 | lr 2.58e-04
step    760 | train_loss 4.2143 | lr 2.54e-04
step    770 | train_loss 4.1845 | lr 2.50e-04
step    780 | train_loss 4.2573 | lr 2.47e-04
step    790 | train_loss 4.1432 | lr 2.43e-04
step    800 | train_loss 4.2358 | lr 2.39e-04
step    810 | train_loss 4.1936 | lr 2.35e-04
step    820 | train_loss 4.2835 | lr 2.32e-04
step    830 | train_loss 4.2199 | lr 2.28e-04
step    840 | train_loss 3.9393 | lr 2.24e-04
step    850 | train_loss 4.4674 | lr 2.20e-04
step    860 | train_loss 4.2992 | lr 2.17e-04
step    870 | train_loss 3.9552 | lr 2.13e-04
step    880 | train_loss 4.1365 | lr 2.09e-04
step    890 | train_loss 4.1945 | lr 2.05e-04
step    900 | train_loss 3.9788 | lr 2.02e-04
step    910 | train_loss 4.1098 | lr 1.98e-04
step    912 | val_loss 4.1287 | val_ppl 62.10
step    920 | train_loss 3.9469 | lr 1.94e-04
step    930 | train_loss 4.4241 | lr 1.90e-04
step    940 | train_loss 3.8169 | lr 1.87e-04
step    950 | train_loss 3.7613 | lr 1.83e-04
step    960 | train_loss 4.2552 | lr 1.79e-04
step    970 | train_loss 4.3378 | lr 1.76e-04
step    980 | train_loss 4.5307 | lr 1.72e-04
step    990 | train_loss 3.8676 | lr 1.68e-04
step   1000 | train_loss 4.2029 | lr 1.65e-04
step   1010 | train_loss 4.2823 | lr 1.61e-04
step   1020 | train_loss 4.1289 | lr 1.58e-04
step   1030 | train_loss 4.1237 | lr 1.54e-04
step   1040 | train_loss 4.1752 | lr 1.51e-04
step   1050 | train_loss 4.0621 | lr 1.47e-04
step   1060 | train_loss 3.8983 | lr 1.44e-04
step   1070 | train_loss 3.8125 | lr 1.40e-04
step   1080 | train_loss 3.9681 | lr 1.37e-04
step   1090 | train_loss 4.1270 | lr 1.34e-04
step   1100 | train_loss 4.0521 | lr 1.30e-04
step   1110 | train_loss 4.1289 | lr 1.27e-04
step   1120 | train_loss 4.0376 | lr 1.24e-04
step   1130 | train_loss 4.2268 | lr 1.21e-04
step   1140 | train_loss 3.8079 | lr 1.18e-04
step   1140 | val_loss 4.0919 | val_ppl 59.86
step   1150 | train_loss 4.2439 | lr 1.15e-04
step   1160 | train_loss 4.0009 | lr 1.11e-04
step   1170 | train_loss 4.2341 | lr 1.08e-04
step   1180 | train_loss 3.8659 | lr 1.06e-04
step   1190 | train_loss 4.2117 | lr 1.03e-04
step   1200 | train_loss 4.0052 | lr 9.98e-05
step   1210 | train_loss 4.2257 | lr 9.71e-05
step   1220 | train_loss 4.0951 | lr 9.43e-05
step   1230 | train_loss 4.2411 | lr 9.17e-05
step   1240 | train_loss 3.7102 | lr 8.90e-05
step   1250 | train_loss 4.0070 | lr 8.65e-05
step   1260 | train_loss 3.8518 | lr 8.40e-05
step   1270 | train_loss 4.0173 | lr 8.15e-05
step   1280 | train_loss 3.7361 | lr 7.92e-05
step   1290 | train_loss 3.8617 | lr 7.69e-05
step   1300 | train_loss 3.9007 | lr 7.46e-05
step   1310 | train_loss 3.6102 | lr 7.24e-05
step   1320 | train_loss 3.8132 | lr 7.03e-05
step   1330 | train_loss 4.3040 | lr 6.82e-05
step   1340 | train_loss 4.0256 | lr 6.62e-05
step   1350 | train_loss 3.8964 | lr 6.43e-05
step   1360 | train_loss 4.0307 | lr 6.24e-05
step   1368 | val_loss 4.0624 | val_ppl 58.12
step   1370 | train_loss 4.3249 | lr 6.07e-05
step   1380 | train_loss 3.8550 | lr 5.89e-05
step   1390 | train_loss 4.0563 | lr 5.73e-05
step   1400 | train_loss 4.1791 | lr 5.57e-05
step   1410 | train_loss 4.0406 | lr 5.42e-05
step   1420 | train_loss 3.7734 | lr 5.28e-05
step   1430 | train_loss 4.0732 | lr 5.14e-05
step   1440 | train_loss 3.8432 | lr 5.01e-05
step   1450 | train_loss 4.0399 | lr 4.89e-05
step   1460 | train_loss 4.0635 | lr 4.78e-05
step   1470 | train_loss 3.9373 | lr 4.67e-05
step   1480 | train_loss 4.1936 | lr 4.57e-05
step   1490 | train_loss 4.1240 | lr 4.48e-05
step   1500 | train_loss 4.1164 | lr 4.40e-05
step   1510 | train_loss 4.2980 | lr 4.33e-05
step   1520 | train_loss 3.6987 | lr 4.26e-05
step   1530 | train_loss 3.8594 | lr 4.20e-05
step   1540 | train_loss 3.9504 | lr 4.15e-05
step   1550 | train_loss 4.0027 | lr 4.10e-05
step   1560 | train_loss 3.9102 | lr 4.07e-05
step   1570 | train_loss 3.8745 | lr 4.04e-05
step   1580 | train_loss 3.4831 | lr 4.02e-05
step   1590 | train_loss 3.9280 | lr 4.00e-05
step   1596 | val_loss 4.0479 | val_ppl 57.28
step   1600 | train_loss 3.5688 | lr 4.00e-05
step   1600 | val_loss 4.0487 | val_ppl 57.32
Saved checkpoint to /home/system/projects/AuthLLM/checkpoints/lr_scaling_mini2k/alpaca_unpacked_1600_lr0.0004_seed1339/step_1600.pt
