Data: 50,868 train / 1,038 val examples (68 dropped as longer than 512 tokens)
Model: mini (7,292,032 parameters), initialized from checkpoints/mini/step_2000.pt (step 2000)
step     10 | train_loss 4.8211 | lr 6.00e-06
step     20 | train_loss 4.8017 | lr 1.20e-05
step     30 | train_loss 4.5056 | lr 1.80e-05
step     40 | train_loss 4.3150 | lr 2.40e-05
step     50 | train_loss 4.3694 | lr 3.00e-05
step     60 | train_loss 4.4648 | lr 3.60e-05
step     70 | train_loss 4.2416 | lr 4.20e-05
step     80 | train_loss 4.0762 | lr 4.80e-05
step     90 | train_loss 4.0676 | lr 5.40e-05
step    100 | train_loss 4.2175 | lr 6.00e-05
step    110 | train_loss 4.4046 | lr 6.00e-05
step    120 | train_loss 4.3532 | lr 6.00e-05
step    130 | train_loss 4.1718 | lr 6.00e-05
step    140 | train_loss 4.3670 | lr 5.99e-05
step    150 | train_loss 4.2646 | lr 5.99e-05
step    160 | train_loss 4.1920 | lr 5.98e-05
step    170 | train_loss 4.2663 | lr 5.97e-05
step    180 | train_loss 4.4121 | lr 5.96e-05
step    190 | train_loss 4.3243 | lr 5.95e-05
step    200 | train_loss 4.1133 | lr 5.94e-05
step    210 | train_loss 4.1619 | lr 5.93e-05
step    220 | train_loss 4.3146 | lr 5.92e-05
step    228 | val_loss 4.2093 | val_ppl 67.31
step    230 | train_loss 4.1916 | lr 5.90e-05
step    240 | train_loss 4.1978 | lr 5.89e-05
step    250 | train_loss 4.1332 | lr 5.87e-05
step    260 | train_loss 4.0829 | lr 5.85e-05
step    270 | train_loss 4.1366 | lr 5.83e-05
step    280 | train_loss 4.1832 | lr 5.81e-05
step    290 | train_loss 4.1088 | lr 5.79e-05
step    300 | train_loss 4.2798 | lr 5.77e-05
step    310 | train_loss 4.2534 | lr 5.75e-05
step    320 | train_loss 4.2363 | lr 5.72e-05
step    330 | train_loss 4.4699 | lr 5.70e-05
step    340 | train_loss 4.0565 | lr 5.67e-05
step    350 | train_loss 4.2612 | lr 5.64e-05
step    360 | train_loss 4.1558 | lr 5.61e-05
step    370 | train_loss 4.1463 | lr 5.58e-05
step    380 | train_loss 4.4189 | lr 5.55e-05
step    390 | train_loss 4.2855 | lr 5.52e-05
step    400 | train_loss 3.9263 | lr 5.49e-05
step    410 | train_loss 4.1586 | lr 5.45e-05
step    420 | train_loss 4.3881 | lr 5.42e-05
step    430 | train_loss 4.3893 | lr 5.38e-05
step    440 | train_loss 4.3822 | lr 5.35e-05
step    450 | train_loss 4.3144 | lr 5.31e-05
step    456 | val_loss 4.1239 | val_ppl 61.80
step    460 | train_loss 3.9859 | lr 5.27e-05
step    470 | train_loss 4.2671 | lr 5.23e-05
step    480 | train_loss 4.2474 | lr 5.19e-05
step    490 | train_loss 4.2383 | lr 5.15e-05
step    500 | train_loss 4.1136 | lr 5.11e-05
step    510 | train_loss 4.1048 | lr 5.07e-05
step    520 | train_loss 4.1893 | lr 5.03e-05
step    530 | train_loss 3.8905 | lr 4.98e-05
step    540 | train_loss 4.2330 | lr 4.94e-05
step    550 | train_loss 4.1166 | lr 4.89e-05
step    560 | train_loss 4.1399 | lr 4.85e-05
step    570 | train_loss 3.9528 | lr 4.80e-05
step    580 | train_loss 4.2617 | lr 4.75e-05
step    590 | train_loss 3.9826 | lr 4.70e-05
step    600 | train_loss 3.9892 | lr 4.65e-05
step    610 | train_loss 4.0862 | lr 4.61e-05
step    620 | train_loss 4.2530 | lr 4.56e-05
step    630 | train_loss 3.9544 | lr 4.51e-05
step    640 | train_loss 4.1173 | lr 4.45e-05
step    650 | train_loss 4.0452 | lr 4.40e-05
step    660 | train_loss 4.0470 | lr 4.35e-05
step    670 | train_loss 4.1659 | lr 4.30e-05
step    680 | train_loss 3.7406 | lr 4.25e-05
step    684 | val_loss 4.0691 | val_ppl 58.51
step    690 | train_loss 4.2670 | lr 4.19e-05
step    700 | train_loss 4.0345 | lr 4.14e-05
step    710 | train_loss 4.1177 | lr 4.09e-05
step    720 | train_loss 3.9849 | lr 4.03e-05
step    730 | train_loss 4.0112 | lr 3.98e-05
step    740 | train_loss 3.9640 | lr 3.92e-05
step    750 | train_loss 4.0658 | lr 3.87e-05
step    760 | train_loss 4.1687 | lr 3.81e-05
step    770 | train_loss 4.1545 | lr 3.76e-05
step    780 | train_loss 4.2182 | lr 3.70e-05
step    790 | train_loss 4.2170 | lr 3.64e-05
step    800 | train_loss 4.2478 | lr 3.59e-05
step    810 | train_loss 4.0048 | lr 3.53e-05
step    820 | train_loss 3.8714 | lr 3.48e-05
step    830 | train_loss 4.0041 | lr 3.42e-05
step    840 | train_loss 3.9255 | lr 3.36e-05
step    850 | train_loss 4.0206 | lr 3.31e-05
step    860 | train_loss 3.8459 | lr 3.25e-05
step    870 | train_loss 3.8724 | lr 3.19e-05
step    880 | train_loss 4.0407 | lr 3.14e-05
step    890 | train_loss 3.9623 | lr 3.08e-05
step    900 | train_loss 4.3433 | lr 3.02e-05
step    910 | train_loss 3.7579 | lr 2.97e-05
step    912 | val_loss 4.0413 | val_ppl 56.90
step    920 | train_loss 3.9870 | lr 2.91e-05
step    930 | train_loss 3.9831 | lr 2.86e-05
step    940 | train_loss 3.9718 | lr 2.80e-05
step    950 | train_loss 4.2094 | lr 2.74e-05
step    960 | train_loss 4.4020 | lr 2.69e-05
step    970 | train_loss 4.0760 | lr 2.63e-05
step    980 | train_loss 4.0989 | lr 2.58e-05
step    990 | train_loss 4.1017 | lr 2.53e-05
step   1000 | train_loss 3.6267 | lr 2.47e-05
step   1010 | train_loss 4.0666 | lr 2.42e-05
step   1020 | train_loss 3.8728 | lr 2.36e-05
step   1030 | train_loss 4.1613 | lr 2.31e-05
step   1040 | train_loss 4.3541 | lr 2.26e-05
step   1050 | train_loss 4.0029 | lr 2.21e-05
step   1060 | train_loss 4.2303 | lr 2.16e-05
step   1070 | train_loss 4.1391 | lr 2.10e-05
step   1080 | train_loss 3.8933 | lr 2.05e-05
step   1090 | train_loss 4.1377 | lr 2.00e-05
step   1100 | train_loss 3.8871 | lr 1.95e-05
step   1110 | train_loss 4.0786 | lr 1.91e-05
step   1120 | train_loss 3.9857 | lr 1.86e-05
step   1130 | train_loss 4.0430 | lr 1.81e-05
step   1140 | train_loss 4.2004 | lr 1.76e-05
step   1140 | val_loss 4.0214 | val_ppl 55.78
step   1150 | train_loss 4.3612 | lr 1.72e-05
step   1160 | train_loss 4.2404 | lr 1.67e-05
step   1170 | train_loss 4.1150 | lr 1.63e-05
step   1180 | train_loss 3.7771 | lr 1.58e-05
step   1190 | train_loss 4.0708 | lr 1.54e-05
step   1200 | train_loss 4.0992 | lr 1.50e-05
step   1210 | train_loss 3.8283 | lr 1.46e-05
step   1220 | train_loss 4.0309 | lr 1.41e-05
step   1230 | train_loss 4.0439 | lr 1.37e-05
step   1240 | train_loss 4.0188 | lr 1.34e-05
step   1250 | train_loss 4.1521 | lr 1.30e-05
step   1260 | train_loss 3.7932 | lr 1.26e-05
step   1270 | train_loss 4.0178 | lr 1.22e-05
step   1280 | train_loss 4.0916 | lr 1.19e-05
step   1290 | train_loss 3.8233 | lr 1.15e-05
step   1300 | train_loss 4.3958 | lr 1.12e-05
step   1310 | train_loss 3.8690 | lr 1.09e-05
step   1320 | train_loss 3.8861 | lr 1.05e-05
step   1330 | train_loss 4.5227 | lr 1.02e-05
step   1340 | train_loss 4.0704 | lr 9.93e-06
step   1350 | train_loss 4.0228 | lr 9.65e-06
step   1360 | train_loss 4.1719 | lr 9.37e-06
step   1368 | val_loss 4.0079 | val_ppl 55.03
step   1370 | train_loss 3.9099 | lr 9.10e-06
step   1380 | train_loss 4.1229 | lr 8.84e-06
step   1390 | train_loss 3.9142 | lr 8.59e-06
step   1400 | train_loss 4.2295 | lr 8.36e-06
step   1410 | train_loss 3.9112 | lr 8.13e-06
step   1420 | train_loss 4.0656 | lr 7.92e-06
step   1430 | train_loss 4.2130 | lr 7.71e-06
step   1440 | train_loss 3.9858 | lr 7.52e-06
step   1450 | train_loss 3.9491 | lr 7.34e-06
step   1460 | train_loss 3.9947 | lr 7.17e-06
step   1470 | train_loss 3.9930 | lr 7.01e-06
step   1480 | train_loss 3.9615 | lr 6.86e-06
step   1490 | train_loss 4.2919 | lr 6.73e-06
step   1500 | train_loss 4.0784 | lr 6.60e-06
step   1510 | train_loss 3.7268 | lr 6.49e-06
step   1520 | train_loss 4.0276 | lr 6.39e-06
step   1530 | train_loss 3.9259 | lr 6.30e-06
step   1540 | train_loss 3.9460 | lr 6.22e-06
step   1550 | train_loss 4.1786 | lr 6.15e-06
step   1560 | train_loss 3.8672 | lr 6.10e-06
step   1570 | train_loss 4.0263 | lr 6.06e-06
step   1580 | train_loss 4.0053 | lr 6.03e-06
step   1590 | train_loss 4.0691 | lr 6.01e-06
step   1596 | val_loss 4.0026 | val_ppl 54.74
step   1600 | train_loss 4.0289 | lr 6.00e-06
step   1600 | val_loss 4.0028 | val_ppl 54.75
Saved checkpoint to /home/system/projects/AuthLLM/checkpoints/lr_scaling_mini2k/alpaca_unpacked_1600_lr6e-05_seed1337/step_1600.pt
