Data: 16,956 train / 346 val examples (0 dropped as longer than 512 tokens)
Model: mini (7,292,032 parameters), initialized from checkpoints/mini/step_2000.pt (step 2000)
step     10 | train_loss 4.5441 | lr 2.73e-04
step     20 | train_loss 4.4109 | lr 5.45e-04
step     30 | train_loss 4.3618 | lr 8.18e-04
step     40 | train_loss 4.6274 | lr 9.00e-04
step     50 | train_loss 4.4136 | lr 8.98e-04
step     60 | train_loss 4.4504 | lr 8.95e-04
step     70 | train_loss 4.6551 | lr 8.90e-04
step     75 | val_loss 4.5420 | val_ppl 93.88
step     80 | train_loss 4.5723 | lr 8.83e-04
step     90 | train_loss 4.4157 | lr 8.75e-04
step    100 | train_loss 4.2283 | lr 8.65e-04
step    110 | train_loss 4.4272 | lr 8.54e-04
step    120 | train_loss 4.2727 | lr 8.42e-04
step    130 | train_loss 4.5420 | lr 8.28e-04
step    140 | train_loss 4.7423 | lr 8.12e-04
step    150 | train_loss 4.3731 | lr 7.96e-04
step    150 | val_loss 4.4821 | val_ppl 88.42
step    160 | train_loss 4.4816 | lr 7.78e-04
step    170 | train_loss 4.5823 | lr 7.59e-04
step    180 | train_loss 4.4879 | lr 7.39e-04
step    190 | train_loss 4.1600 | lr 7.19e-04
step    200 | train_loss 4.4829 | lr 6.97e-04
step    210 | train_loss 4.3612 | lr 6.74e-04
step    220 | train_loss 4.4717 | lr 6.51e-04
step    225 | val_loss 4.3953 | val_ppl 81.07
step    230 | train_loss 4.1652 | lr 6.27e-04
step    240 | train_loss 4.4456 | lr 6.02e-04
step    250 | train_loss 4.2690 | lr 5.78e-04
step    260 | train_loss 4.4187 | lr 5.52e-04
step    270 | train_loss 4.4588 | lr 5.27e-04
step    280 | train_loss 4.1677 | lr 5.01e-04
step    290 | train_loss 4.5413 | lr 4.76e-04
step    300 | train_loss 4.1785 | lr 4.50e-04
step    300 | val_loss 4.3072 | val_ppl 74.23
step    310 | train_loss 4.4063 | lr 4.25e-04
step    320 | train_loss 4.2737 | lr 4.00e-04
step    330 | train_loss 4.3687 | lr 3.75e-04
step    340 | train_loss 4.2647 | lr 3.51e-04
step    350 | train_loss 4.4810 | lr 3.27e-04
step    360 | train_loss 4.1543 | lr 3.04e-04
step    370 | train_loss 4.2974 | lr 2.82e-04
step    375 | val_loss 4.2372 | val_ppl 69.22
step    380 | train_loss 4.6522 | lr 2.61e-04
step    390 | train_loss 4.0173 | lr 2.40e-04
step    400 | train_loss 4.0154 | lr 2.21e-04
step    410 | train_loss 3.9767 | lr 2.03e-04
step    420 | train_loss 3.9784 | lr 1.86e-04
step    430 | train_loss 4.4439 | lr 1.70e-04
step    440 | train_loss 4.0323 | lr 1.55e-04
step    450 | train_loss 4.1393 | lr 1.42e-04
step    450 | val_loss 4.1806 | val_ppl 65.40
step    460 | train_loss 4.5825 | lr 1.30e-04
step    470 | train_loss 3.8138 | lr 1.20e-04
step    480 | train_loss 4.3622 | lr 1.11e-04
step    490 | train_loss 3.8251 | lr 1.04e-04
step    500 | train_loss 4.3815 | lr 9.78e-05
step    510 | train_loss 4.0244 | lr 9.36e-05
step    520 | train_loss 4.2835 | lr 9.10e-05
step    525 | val_loss 4.1500 | val_ppl 63.43
step    530 | train_loss 3.7488 | lr 9.00e-05
step    530 | val_loss 4.1500 | val_ppl 63.43
Saved checkpoint to /home/system/projects/AuthLLM/checkpoints/lr_scaling_mini2k/alpaca_third_unpacked_530_lr0.0009_seed1337/step_530.pt
