Data: 16,956 train / 346 val examples (0 dropped as longer than 512 tokens)
Packing: 16,956 examples into 3,761 windows (4.5 per window, 98.7% of positions used)
Model: mini (7,292,032 parameters), initialized from checkpoints/mini/step_2000.pt (step 2000)
step     10 | train_loss 4.4009 | lr 6.00e-04
step     16 | val_loss 4.3619 | val_ppl 78.40
step     20 | train_loss 4.3398 | lr 5.85e-04
step     30 | train_loss 4.1341 | lr 5.49e-04
step     32 | val_loss 4.2537 | val_ppl 70.37
step     40 | train_loss 4.1816 | lr 4.97e-04
step     48 | val_loss 4.1782 | val_ppl 65.25
step     50 | train_loss 4.0022 | lr 4.31e-04
step     60 | train_loss 3.9203 | lr 3.57e-04
step     64 | val_loss 4.1212 | val_ppl 61.63
step     70 | train_loss 4.1211 | lr 2.81e-04
step     80 | train_loss 4.1926 | lr 2.08e-04
step     80 | val_loss 4.0710 | val_ppl 58.61
step     90 | train_loss 4.0276 | lr 1.46e-04
step     96 | val_loss 4.0485 | val_ppl 57.31
step    100 | train_loss 4.0119 | lr 9.81e-05
step    110 | train_loss 4.0344 | lr 6.87e-05
step    112 | val_loss 4.0271 | val_ppl 56.10
step    118 | train_loss 4.0831 | lr 6.01e-05
step    118 | val_loss 4.0242 | val_ppl 55.94
Saved checkpoint to /home/system/projects/AuthLLM/checkpoints/lr_scaling_mini2k/alpaca_third_packed_118_lr0.0006_seed1339/step_118.pt
