Data: 50,869 train / 1,037 val examples (68 dropped as longer than 512 tokens)
Packing: 50,869 examples into 11,220 windows (4.5 per window, 98.8% of positions used)
Model: mini (7,292,032 parameters), initialized from checkpoints/mini/step_2000.pt (step 2000)
step     10 | train_loss 4.2910 | lr 1.14e-03
step     20 | train_loss 4.2695 | lr 2.27e-03
step     30 | train_loss 4.4806 | lr 2.50e-03
step     40 | train_loss 4.3409 | lr 2.49e-03
step     50 | train_loss 4.2464 | lr 2.46e-03
step     50 | val_loss 4.3494 | val_ppl 77.43
step     60 | train_loss 4.5016 | lr 2.43e-03
step     70 | train_loss 4.2483 | lr 2.39e-03
step     80 | train_loss 4.2630 | lr 2.34e-03
step     90 | train_loss 4.2870 | lr 2.28e-03
step    100 | train_loss 4.2333 | lr 2.21e-03
step    100 | val_loss 4.1829 | val_ppl 65.55
step    110 | train_loss 4.2667 | lr 2.13e-03
step    120 | train_loss 4.1251 | lr 2.05e-03
step    130 | train_loss 4.0598 | lr 1.96e-03
step    140 | train_loss 4.1507 | lr 1.86e-03
step    150 | train_loss 4.0640 | lr 1.77e-03
step    150 | val_loss 4.0132 | val_ppl 55.32
step    160 | train_loss 4.0364 | lr 1.66e-03
step    170 | train_loss 3.7967 | lr 1.56e-03
step    180 | train_loss 4.0121 | lr 1.45e-03
step    190 | train_loss 3.9431 | lr 1.34e-03
step    200 | train_loss 3.7693 | lr 1.24e-03
step    200 | val_loss 3.8869 | val_ppl 48.76
step    210 | train_loss 3.8671 | lr 1.13e-03
step    220 | train_loss 3.9108 | lr 1.03e-03
step    230 | train_loss 3.7058 | lr 9.25e-04
step    240 | train_loss 3.8144 | lr 8.28e-04
step    250 | train_loss 3.7951 | lr 7.37e-04
step    250 | val_loss 3.7577 | val_ppl 42.85
step    260 | train_loss 3.7781 | lr 6.51e-04
step    270 | train_loss 3.6800 | lr 5.72e-04
step    280 | train_loss 3.7431 | lr 5.00e-04
step    290 | train_loss 3.7005 | lr 4.37e-04
step    300 | train_loss 3.7009 | lr 3.82e-04
step    300 | val_loss 3.6758 | val_ppl 39.48
step    310 | train_loss 3.7602 | lr 3.36e-04
step    320 | train_loss 3.7540 | lr 2.99e-04
step    330 | train_loss 3.7070 | lr 2.73e-04
step    340 | train_loss 3.8744 | lr 2.56e-04
step    350 | train_loss 3.5901 | lr 2.50e-04
step    350 | val_loss 3.6260 | val_ppl 37.56
Saved checkpoint to /home/system/projects/AuthLLM/checkpoints/lr_scaling_mini2k/alpaca_packed_350_lr0.0025_seed1338/step_350.pt
