Data: 16,956 train / 346 val examples (0 dropped as longer than 512 tokens)
Packing: 16,956 examples into 3,763 windows (4.5 per window, 98.7% of positions used)
Model: mini (7,292,032 parameters), initialized from checkpoints/mini/step_2000.pt (step 2000)
step     10 | train_loss 4.6446 | lr 1.50e-03
step     16 | val_loss 4.4250 | val_ppl 83.51
step     20 | train_loss 4.3500 | lr 1.46e-03
step     30 | train_loss 4.4370 | lr 1.37e-03
step     32 | val_loss 4.3299 | val_ppl 75.94
step     40 | train_loss 4.2573 | lr 1.24e-03
step     48 | val_loss 4.2444 | val_ppl 69.71
step     50 | train_loss 4.2552 | lr 1.08e-03
step     60 | train_loss 4.2311 | lr 8.92e-04
step     64 | val_loss 4.1721 | val_ppl 64.85
step     70 | train_loss 4.0630 | lr 7.02e-04
step     80 | train_loss 4.0507 | lr 5.21e-04
step     80 | val_loss 4.1103 | val_ppl 60.96
step     90 | train_loss 3.9705 | lr 3.65e-04
step     96 | val_loss 4.0518 | val_ppl 57.50
step    100 | train_loss 4.0718 | lr 2.45e-04
step    110 | train_loss 3.9841 | lr 1.72e-04
step    112 | val_loss 4.0187 | val_ppl 55.63
step    118 | train_loss 3.9174 | lr 1.50e-04
step    118 | val_loss 4.0132 | val_ppl 55.32
Saved checkpoint to /home/system/projects/AuthLLM/checkpoints/lr_scaling_mini2k/alpaca_third_packed_118_lr0.0015_seed1337/step_118.pt
