Data: 50,868 train / 1,038 val examples (68 dropped as longer than 512 tokens)
Model: mini (7,292,032 parameters), initialized from checkpoints/mini/step_2000.pt (step 2000)
step     10 | train_loss 4.7462 | lr 4.00e-05
step     20 | train_loss 4.6793 | lr 8.00e-05
step     30 | train_loss 4.3937 | lr 1.20e-04
step     40 | train_loss 4.2501 | lr 1.60e-04
step     50 | train_loss 4.3023 | lr 2.00e-04
step     60 | train_loss 4.4030 | lr 2.40e-04
step     70 | train_loss 4.1690 | lr 2.80e-04
step     80 | train_loss 4.0172 | lr 3.20e-04
step     90 | train_loss 3.9658 | lr 3.60e-04
step    100 | train_loss 4.1685 | lr 4.00e-04
step    110 | train_loss 4.2836 | lr 4.00e-04
step    120 | train_loss 4.3311 | lr 4.00e-04
step    130 | train_loss 4.1567 | lr 4.00e-04
step    140 | train_loss 4.4347 | lr 3.99e-04
step    150 | train_loss 4.2033 | lr 3.99e-04
step    160 | train_loss 4.1903 | lr 3.99e-04
step    170 | train_loss 4.2631 | lr 3.98e-04
step    180 | train_loss 4.4448 | lr 3.98e-04
step    190 | train_loss 4.3736 | lr 3.97e-04
step    200 | train_loss 4.0999 | lr 3.96e-04
step    210 | train_loss 4.2771 | lr 3.95e-04
step    220 | train_loss 4.2308 | lr 3.94e-04
step    228 | val_loss 4.2102 | val_ppl 67.37
step    230 | train_loss 4.2261 | lr 3.93e-04
step    240 | train_loss 4.2790 | lr 3.92e-04
step    250 | train_loss 4.1486 | lr 3.91e-04
step    260 | train_loss 4.0914 | lr 3.90e-04
step    270 | train_loss 4.1044 | lr 3.89e-04
step    280 | train_loss 4.1666 | lr 3.87e-04
step    290 | train_loss 4.0928 | lr 3.86e-04
step    300 | train_loss 4.2791 | lr 3.85e-04
step    310 | train_loss 4.3586 | lr 3.83e-04
step    320 | train_loss 4.2450 | lr 3.81e-04
step    330 | train_loss 4.6071 | lr 3.80e-04
step    340 | train_loss 4.2091 | lr 3.78e-04
step    350 | train_loss 4.3933 | lr 3.76e-04
step    360 | train_loss 4.2495 | lr 3.74e-04
step    370 | train_loss 4.1712 | lr 3.72e-04
step    380 | train_loss 4.4837 | lr 3.70e-04
step    390 | train_loss 4.2416 | lr 3.68e-04
step    400 | train_loss 3.9489 | lr 3.66e-04
step    410 | train_loss 4.1818 | lr 3.64e-04
step    420 | train_loss 4.4475 | lr 3.61e-04
step    430 | train_loss 4.4990 | lr 3.59e-04
step    440 | train_loss 4.4155 | lr 3.57e-04
step    450 | train_loss 4.3464 | lr 3.54e-04
step    456 | val_loss 4.1671 | val_ppl 64.53
step    460 | train_loss 3.9689 | lr 3.51e-04
step    470 | train_loss 4.3153 | lr 3.49e-04
step    480 | train_loss 4.2681 | lr 3.46e-04
step    490 | train_loss 4.3161 | lr 3.43e-04
step    500 | train_loss 4.1043 | lr 3.41e-04
step    510 | train_loss 4.1405 | lr 3.38e-04
step    520 | train_loss 4.0982 | lr 3.35e-04
step    530 | train_loss 3.8530 | lr 3.32e-04
step    540 | train_loss 4.1956 | lr 3.29e-04
step    550 | train_loss 4.1825 | lr 3.26e-04
step    560 | train_loss 4.0662 | lr 3.23e-04
step    570 | train_loss 4.0536 | lr 3.20e-04
step    580 | train_loss 4.3756 | lr 3.17e-04
step    590 | train_loss 3.9653 | lr 3.14e-04
step    600 | train_loss 4.0910 | lr 3.10e-04
step    610 | train_loss 4.0974 | lr 3.07e-04
step    620 | train_loss 4.3668 | lr 3.04e-04
step    630 | train_loss 3.9921 | lr 3.00e-04
step    640 | train_loss 4.1853 | lr 2.97e-04
step    650 | train_loss 4.0627 | lr 2.94e-04
step    660 | train_loss 4.0709 | lr 2.90e-04
step    670 | train_loss 4.1968 | lr 2.87e-04
step    680 | train_loss 3.6499 | lr 2.83e-04
step    684 | val_loss 4.1070 | val_ppl 60.76
step    690 | train_loss 4.3924 | lr 2.80e-04
step    700 | train_loss 4.0335 | lr 2.76e-04
step    710 | train_loss 4.1670 | lr 2.72e-04
step    720 | train_loss 3.9715 | lr 2.69e-04
step    730 | train_loss 4.1041 | lr 2.65e-04
step    740 | train_loss 3.9536 | lr 2.61e-04
step    750 | train_loss 4.1988 | lr 2.58e-04
step    760 | train_loss 4.2644 | lr 2.54e-04
step    770 | train_loss 4.0776 | lr 2.50e-04
step    780 | train_loss 4.2840 | lr 2.47e-04
step    790 | train_loss 4.2756 | lr 2.43e-04
step    800 | train_loss 4.2450 | lr 2.39e-04
step    810 | train_loss 4.0815 | lr 2.35e-04
step    820 | train_loss 3.9442 | lr 2.32e-04
step    830 | train_loss 3.9608 | lr 2.28e-04
step    840 | train_loss 3.9605 | lr 2.24e-04
step    850 | train_loss 3.9577 | lr 2.20e-04
step    860 | train_loss 3.7729 | lr 2.17e-04
step    870 | train_loss 3.8799 | lr 2.13e-04
step    880 | train_loss 3.9256 | lr 2.09e-04
step    890 | train_loss 3.9333 | lr 2.05e-04
step    900 | train_loss 4.3348 | lr 2.02e-04
step    910 | train_loss 3.7031 | lr 1.98e-04
step    912 | val_loss 4.0476 | val_ppl 57.26
step    920 | train_loss 3.9894 | lr 1.94e-04
step    930 | train_loss 3.9506 | lr 1.90e-04
step    940 | train_loss 3.9446 | lr 1.87e-04
step    950 | train_loss 4.2827 | lr 1.83e-04
step    960 | train_loss 4.5176 | lr 1.79e-04
step    970 | train_loss 4.1805 | lr 1.76e-04
step    980 | train_loss 4.1470 | lr 1.72e-04
step    990 | train_loss 4.0873 | lr 1.68e-04
step   1000 | train_loss 3.5991 | lr 1.65e-04
step   1010 | train_loss 4.1774 | lr 1.61e-04
step   1020 | train_loss 3.9575 | lr 1.58e-04
step   1030 | train_loss 4.1269 | lr 1.54e-04
step   1040 | train_loss 4.2379 | lr 1.51e-04
step   1050 | train_loss 4.0929 | lr 1.47e-04
step   1060 | train_loss 4.1653 | lr 1.44e-04
step   1070 | train_loss 4.2650 | lr 1.40e-04
step   1080 | train_loss 3.9130 | lr 1.37e-04
step   1090 | train_loss 4.2073 | lr 1.34e-04
step   1100 | train_loss 3.8260 | lr 1.30e-04
step   1110 | train_loss 4.1519 | lr 1.27e-04
step   1120 | train_loss 3.9668 | lr 1.24e-04
step   1130 | train_loss 4.1692 | lr 1.21e-04
step   1140 | train_loss 4.1312 | lr 1.18e-04
step   1140 | val_loss 3.9981 | val_ppl 54.50
step   1150 | train_loss 4.2034 | lr 1.15e-04
step   1160 | train_loss 4.0976 | lr 1.11e-04
step   1170 | train_loss 4.0644 | lr 1.08e-04
step   1180 | train_loss 3.6088 | lr 1.06e-04
step   1190 | train_loss 4.0840 | lr 1.03e-04
step   1200 | train_loss 4.0957 | lr 9.98e-05
step   1210 | train_loss 3.9153 | lr 9.71e-05
step   1220 | train_loss 4.0015 | lr 9.43e-05
step   1230 | train_loss 4.0834 | lr 9.17e-05
step   1240 | train_loss 4.0499 | lr 8.90e-05
step   1250 | train_loss 4.1599 | lr 8.65e-05
step   1260 | train_loss 3.6413 | lr 8.40e-05
step   1270 | train_loss 3.8838 | lr 8.15e-05
step   1280 | train_loss 4.0455 | lr 7.92e-05
step   1290 | train_loss 3.7829 | lr 7.69e-05
step   1300 | train_loss 4.3228 | lr 7.46e-05
step   1310 | train_loss 3.8131 | lr 7.24e-05
step   1320 | train_loss 3.8693 | lr 7.03e-05
step   1330 | train_loss 4.3775 | lr 6.82e-05
step   1340 | train_loss 4.0165 | lr 6.62e-05
step   1350 | train_loss 4.0530 | lr 6.43e-05
step   1360 | train_loss 4.0890 | lr 6.24e-05
step   1368 | val_loss 3.9674 | val_ppl 52.85
step   1370 | train_loss 3.7866 | lr 6.07e-05
step   1380 | train_loss 4.1924 | lr 5.89e-05
step   1390 | train_loss 3.9305 | lr 5.73e-05
step   1400 | train_loss 4.1352 | lr 5.57e-05
step   1410 | train_loss 3.8304 | lr 5.42e-05
step   1420 | train_loss 4.1497 | lr 5.28e-05
step   1430 | train_loss 4.2358 | lr 5.14e-05
step   1440 | train_loss 3.9123 | lr 5.01e-05
step   1450 | train_loss 3.8654 | lr 4.89e-05
step   1460 | train_loss 4.0427 | lr 4.78e-05
step   1470 | train_loss 3.9985 | lr 4.67e-05
step   1480 | train_loss 3.8182 | lr 4.57e-05
step   1490 | train_loss 4.3578 | lr 4.48e-05
step   1500 | train_loss 4.0968 | lr 4.40e-05
step   1510 | train_loss 3.6334 | lr 4.33e-05
step   1520 | train_loss 3.9749 | lr 4.26e-05
step   1530 | train_loss 3.9428 | lr 4.20e-05
step   1540 | train_loss 3.7874 | lr 4.15e-05
step   1550 | train_loss 4.1109 | lr 4.10e-05
step   1560 | train_loss 3.7785 | lr 4.07e-05
step   1570 | train_loss 3.9426 | lr 4.04e-05
step   1580 | train_loss 3.9440 | lr 4.02e-05
step   1590 | train_loss 3.8424 | lr 4.00e-05
step   1596 | val_loss 3.9534 | val_ppl 52.11
step   1600 | train_loss 3.9164 | lr 4.00e-05
step   1600 | val_loss 3.9540 | val_ppl 52.14
Saved checkpoint to /home/system/projects/AuthLLM/checkpoints/lr_scaling_mini2k/alpaca_unpacked_1600_lr0.0004_seed1337/step_1600.pt
