Data: 50,869 train / 1,037 val examples (68 dropped as longer than 512 tokens)
Packing: 50,869 examples into 11,220 windows (4.5 per window, 98.8% of positions used)
Model: mini (7,292,032 parameters), initialized from checkpoints/mini/step_2000.pt (step 2000)
step     10 | train_loss 4.2768 | lr 6.82e-04
step     20 | train_loss 4.2248 | lr 1.36e-03
step     30 | train_loss 4.2872 | lr 1.50e-03
step     40 | train_loss 4.2146 | lr 1.49e-03
step     50 | train_loss 4.1136 | lr 1.48e-03
step     50 | val_loss 4.2159 | val_ppl 67.75
step     60 | train_loss 4.3536 | lr 1.46e-03
step     70 | train_loss 4.1199 | lr 1.43e-03
step     80 | train_loss 4.1274 | lr 1.40e-03
step     90 | train_loss 4.1746 | lr 1.37e-03
step    100 | train_loss 4.1234 | lr 1.32e-03
step    100 | val_loss 4.0727 | val_ppl 58.72
step    110 | train_loss 4.1612 | lr 1.28e-03
step    120 | train_loss 4.0292 | lr 1.23e-03
step    130 | train_loss 3.9645 | lr 1.18e-03
step    140 | train_loss 4.0476 | lr 1.12e-03
step    150 | train_loss 3.9777 | lr 1.06e-03
step    150 | val_loss 3.9410 | val_ppl 51.47
step    160 | train_loss 3.9767 | lr 9.98e-04
step    170 | train_loss 3.7557 | lr 9.34e-04
step    180 | train_loss 3.9422 | lr 8.70e-04
step    190 | train_loss 3.8818 | lr 8.06e-04
step    200 | train_loss 3.7278 | lr 7.41e-04
step    200 | val_loss 3.8372 | val_ppl 46.40
step    210 | train_loss 3.8301 | lr 6.78e-04
step    220 | train_loss 3.8774 | lr 6.15e-04
step    230 | train_loss 3.7013 | lr 5.55e-04
step    240 | train_loss 3.7847 | lr 4.97e-04
step    250 | train_loss 3.7686 | lr 4.42e-04
step    250 | val_loss 3.7494 | val_ppl 42.49
step    260 | train_loss 3.7613 | lr 3.91e-04
step    270 | train_loss 3.6777 | lr 3.43e-04
step    280 | train_loss 3.7306 | lr 3.00e-04
step    290 | train_loss 3.6940 | lr 2.62e-04
step    300 | train_loss 3.7189 | lr 2.29e-04
step    300 | val_loss 3.6891 | val_ppl 40.01
step    310 | train_loss 3.7738 | lr 2.01e-04
step    320 | train_loss 3.7688 | lr 1.80e-04
step    330 | train_loss 3.7157 | lr 1.64e-04
step    340 | train_loss 3.8814 | lr 1.54e-04
step    350 | train_loss 3.6091 | lr 1.50e-04
step    350 | val_loss 3.6493 | val_ppl 38.45
Saved checkpoint to /home/system/projects/AuthLLM/checkpoints/lr_scaling_mini2k/alpaca_packed_350_lr0.0015_seed1338/step_350.pt
