Data: 50,867 train / 1,039 val examples (68 dropped as longer than 512 tokens)
Model: mini (7,292,032 parameters), initialized from checkpoints/mini/step_2000.pt (step 2000)
step     10 | train_loss 4.7979 | lr 6.00e-06
step     20 | train_loss 4.3282 | lr 1.20e-05
step     30 | train_loss 4.5456 | lr 1.80e-05
step     40 | train_loss 4.5962 | lr 2.40e-05
step     50 | train_loss 4.5688 | lr 3.00e-05
step     60 | train_loss 4.4122 | lr 3.60e-05
step     70 | train_loss 4.1556 | lr 4.20e-05
step     80 | train_loss 4.2405 | lr 4.80e-05
step     90 | train_loss 4.6364 | lr 5.40e-05
step    100 | train_loss 4.6352 | lr 6.00e-05
step    110 | train_loss 4.4808 | lr 6.00e-05
step    120 | train_loss 4.1648 | lr 6.00e-05
step    130 | train_loss 4.1349 | lr 6.00e-05
step    140 | train_loss 4.3424 | lr 5.99e-05
step    150 | train_loss 4.2489 | lr 5.99e-05
step    160 | train_loss 4.2172 | lr 5.98e-05
step    170 | train_loss 4.0630 | lr 5.97e-05
step    180 | train_loss 4.4593 | lr 5.96e-05
step    190 | train_loss 4.3317 | lr 5.95e-05
step    200 | train_loss 4.4066 | lr 5.94e-05
step    210 | train_loss 4.2042 | lr 5.93e-05
step    220 | train_loss 4.4836 | lr 5.92e-05
step    228 | val_loss 4.2475 | val_ppl 69.93
step    230 | train_loss 3.9926 | lr 5.90e-05
step    240 | train_loss 4.1435 | lr 5.89e-05
step    250 | train_loss 4.1945 | lr 5.87e-05
step    260 | train_loss 4.2210 | lr 5.85e-05
step    270 | train_loss 4.2103 | lr 5.83e-05
step    280 | train_loss 4.1580 | lr 5.81e-05
step    290 | train_loss 4.1785 | lr 5.79e-05
step    300 | train_loss 4.6727 | lr 5.77e-05
step    310 | train_loss 4.2269 | lr 5.75e-05
step    320 | train_loss 4.3082 | lr 5.72e-05
step    330 | train_loss 3.9468 | lr 5.70e-05
step    340 | train_loss 4.4009 | lr 5.67e-05
step    350 | train_loss 4.1757 | lr 5.64e-05
step    360 | train_loss 4.0843 | lr 5.61e-05
step    370 | train_loss 4.0316 | lr 5.58e-05
step    380 | train_loss 4.1206 | lr 5.55e-05
step    390 | train_loss 4.0422 | lr 5.52e-05
step    400 | train_loss 4.3189 | lr 5.49e-05
step    410 | train_loss 4.2745 | lr 5.45e-05
step    420 | train_loss 4.1354 | lr 5.42e-05
step    430 | train_loss 4.1124 | lr 5.38e-05
step    440 | train_loss 4.0081 | lr 5.35e-05
step    450 | train_loss 4.0039 | lr 5.31e-05
step    456 | val_loss 4.1701 | val_ppl 64.72
step    460 | train_loss 3.8852 | lr 5.27e-05
step    470 | train_loss 4.2413 | lr 5.23e-05
step    480 | train_loss 3.9764 | lr 5.19e-05
step    490 | train_loss 4.2588 | lr 5.15e-05
step    500 | train_loss 4.2013 | lr 5.11e-05
step    510 | train_loss 4.1238 | lr 5.07e-05
step    520 | train_loss 3.9687 | lr 5.03e-05
step    530 | train_loss 4.0327 | lr 4.98e-05
step    540 | train_loss 4.0713 | lr 4.94e-05
step    550 | train_loss 4.1446 | lr 4.89e-05
step    560 | train_loss 3.9982 | lr 4.85e-05
step    570 | train_loss 4.2903 | lr 4.80e-05
step    580 | train_loss 4.1009 | lr 4.75e-05
step    590 | train_loss 3.9389 | lr 4.70e-05
step    600 | train_loss 3.9781 | lr 4.65e-05
step    610 | train_loss 4.1306 | lr 4.61e-05
step    620 | train_loss 3.7743 | lr 4.56e-05
step    630 | train_loss 4.1175 | lr 4.51e-05
step    640 | train_loss 4.2260 | lr 4.45e-05
step    650 | train_loss 4.4524 | lr 4.40e-05
step    660 | train_loss 3.9645 | lr 4.35e-05
step    670 | train_loss 4.1145 | lr 4.30e-05
step    680 | train_loss 4.1996 | lr 4.25e-05
step    684 | val_loss 4.1241 | val_ppl 61.81
step    690 | train_loss 4.0235 | lr 4.19e-05
step    700 | train_loss 3.9592 | lr 4.14e-05
step    710 | train_loss 4.1864 | lr 4.09e-05
step    720 | train_loss 4.0010 | lr 4.03e-05
step    730 | train_loss 4.0752 | lr 3.98e-05
step    740 | train_loss 4.1583 | lr 3.92e-05
step    750 | train_loss 4.1202 | lr 3.87e-05
step    760 | train_loss 4.1518 | lr 3.81e-05
step    770 | train_loss 4.1630 | lr 3.76e-05
step    780 | train_loss 4.1580 | lr 3.70e-05
step    790 | train_loss 4.1219 | lr 3.64e-05
step    800 | train_loss 4.1664 | lr 3.59e-05
step    810 | train_loss 4.1832 | lr 3.53e-05
step    820 | train_loss 4.1930 | lr 3.48e-05
step    830 | train_loss 4.1703 | lr 3.42e-05
step    840 | train_loss 3.9234 | lr 3.36e-05
step    850 | train_loss 4.3296 | lr 3.31e-05
step    860 | train_loss 4.2814 | lr 3.25e-05
step    870 | train_loss 3.9864 | lr 3.19e-05
step    880 | train_loss 4.1140 | lr 3.14e-05
step    890 | train_loss 4.0827 | lr 3.08e-05
step    900 | train_loss 3.9600 | lr 3.02e-05
step    910 | train_loss 4.1252 | lr 2.97e-05
step    912 | val_loss 4.0965 | val_ppl 60.13
step    920 | train_loss 4.0079 | lr 2.91e-05
step    930 | train_loss 4.2275 | lr 2.86e-05
step    940 | train_loss 3.9354 | lr 2.80e-05
step    950 | train_loss 3.8685 | lr 2.74e-05
step    960 | train_loss 4.2908 | lr 2.69e-05
step    970 | train_loss 4.3246 | lr 2.63e-05
step    980 | train_loss 4.4419 | lr 2.58e-05
step    990 | train_loss 3.9147 | lr 2.53e-05
step   1000 | train_loss 4.1243 | lr 2.47e-05
step   1010 | train_loss 4.3270 | lr 2.42e-05
step   1020 | train_loss 4.1160 | lr 2.36e-05
step   1030 | train_loss 4.1862 | lr 2.31e-05
step   1040 | train_loss 4.0003 | lr 2.26e-05
step   1050 | train_loss 4.1070 | lr 2.21e-05
step   1060 | train_loss 3.9908 | lr 2.16e-05
step   1070 | train_loss 3.8814 | lr 2.10e-05
step   1080 | train_loss 4.0778 | lr 2.05e-05
step   1090 | train_loss 4.0559 | lr 2.00e-05
step   1100 | train_loss 4.0097 | lr 1.95e-05
step   1110 | train_loss 4.0880 | lr 1.91e-05
step   1120 | train_loss 4.0260 | lr 1.86e-05
step   1130 | train_loss 4.1832 | lr 1.81e-05
step   1140 | train_loss 3.8643 | lr 1.76e-05
step   1140 | val_loss 4.0818 | val_ppl 59.25
step   1150 | train_loss 4.1492 | lr 1.72e-05
step   1160 | train_loss 4.0287 | lr 1.67e-05
step   1170 | train_loss 4.2213 | lr 1.63e-05
step   1180 | train_loss 4.0155 | lr 1.58e-05
step   1190 | train_loss 4.1135 | lr 1.54e-05
step   1200 | train_loss 4.0181 | lr 1.50e-05
step   1210 | train_loss 4.2110 | lr 1.46e-05
step   1220 | train_loss 4.1098 | lr 1.41e-05
step   1230 | train_loss 4.2648 | lr 1.37e-05
step   1240 | train_loss 3.7569 | lr 1.34e-05
step   1250 | train_loss 4.0242 | lr 1.30e-05
step   1260 | train_loss 3.9610 | lr 1.26e-05
step   1270 | train_loss 3.9486 | lr 1.22e-05
step   1280 | train_loss 3.8233 | lr 1.19e-05
step   1290 | train_loss 3.9215 | lr 1.15e-05
step   1300 | train_loss 3.8313 | lr 1.12e-05
step   1310 | train_loss 3.7780 | lr 1.09e-05
step   1320 | train_loss 3.9020 | lr 1.05e-05
step   1330 | train_loss 4.1853 | lr 1.02e-05
step   1340 | train_loss 4.0323 | lr 9.93e-06
step   1350 | train_loss 4.0301 | lr 9.65e-06
step   1360 | train_loss 4.0166 | lr 9.37e-06
step   1368 | val_loss 4.0705 | val_ppl 58.58
step   1370 | train_loss 4.3759 | lr 9.10e-06
step   1380 | train_loss 3.8693 | lr 8.84e-06
step   1390 | train_loss 4.2291 | lr 8.59e-06
step   1400 | train_loss 4.2187 | lr 8.36e-06
step   1410 | train_loss 4.1205 | lr 8.13e-06
step   1420 | train_loss 3.8896 | lr 7.92e-06
step   1430 | train_loss 4.2587 | lr 7.71e-06
step   1440 | train_loss 3.9916 | lr 7.52e-06
step   1450 | train_loss 4.0498 | lr 7.34e-06
step   1460 | train_loss 4.0862 | lr 7.17e-06
step   1470 | train_loss 3.9658 | lr 7.01e-06
step   1480 | train_loss 4.1150 | lr 6.86e-06
step   1490 | train_loss 4.1112 | lr 6.73e-06
step   1500 | train_loss 4.1844 | lr 6.60e-06
step   1510 | train_loss 4.2697 | lr 6.49e-06
step   1520 | train_loss 3.9431 | lr 6.39e-06
step   1530 | train_loss 4.0209 | lr 6.30e-06
step   1540 | train_loss 3.9175 | lr 6.22e-06
step   1550 | train_loss 3.9798 | lr 6.15e-06
step   1560 | train_loss 3.8593 | lr 6.10e-06
step   1570 | train_loss 3.9891 | lr 6.06e-06
step   1580 | train_loss 3.7184 | lr 6.03e-06
step   1590 | train_loss 4.0207 | lr 6.01e-06
step   1596 | val_loss 4.0663 | val_ppl 58.34
step   1600 | train_loss 3.5846 | lr 6.00e-06
step   1600 | val_loss 4.0662 | val_ppl 58.34
Saved checkpoint to /home/system/projects/AuthLLM/checkpoints/lr_scaling_mini2k/alpaca_unpacked_1600_lr6e-05_seed1339/step_1600.pt
