Data: 16,956 train / 346 val examples (0 dropped as longer than 512 tokens)
Packing: 16,956 examples into 3,763 windows (4.5 per window, 98.8% of positions used)
Model: mini (7,292,032 parameters), initialized from checkpoints/mini/step_2000.pt (step 2000)
step     10 | train_loss 4.4479 | lr 8.99e-04
step     16 | val_loss 4.3292 | val_ppl 75.88
step     20 | train_loss 4.4000 | lr 8.77e-04
step     30 | train_loss 4.2117 | lr 8.24e-04
step     32 | val_loss 4.2267 | val_ppl 68.49
step     40 | train_loss 4.0581 | lr 7.45e-04
step     48 | val_loss 4.1590 | val_ppl 64.01
step     50 | train_loss 4.1463 | lr 6.46e-04
step     60 | train_loss 4.0546 | lr 5.35e-04
step     64 | val_loss 4.0976 | val_ppl 60.19
step     70 | train_loss 3.9842 | lr 4.21e-04
step     80 | train_loss 4.1261 | lr 3.13e-04
step     80 | val_loss 4.0449 | val_ppl 57.10
step     90 | train_loss 4.0400 | lr 2.19e-04
step     96 | val_loss 4.0056 | val_ppl 54.90
step    100 | train_loss 4.0093 | lr 1.47e-04
step    110 | train_loss 4.1415 | lr 1.03e-04
step    112 | val_loss 3.9831 | val_ppl 53.68
step    118 | train_loss 4.0479 | lr 9.02e-05
step    118 | val_loss 3.9771 | val_ppl 53.36
Saved checkpoint to /home/system/projects/AuthLLM/checkpoints/lr_scaling_mini2k/alpaca_third_packed_118_lr0.0009_seed1338/step_118.pt
