Data: 16,956 train / 346 val examples (0 dropped as longer than 512 tokens)
Model: mini (7,292,032 parameters), initialized from checkpoints/mini/step_2000.pt (step 2000)
step     10 | train_loss 4.5789 | lr 7.58e-05
step     20 | train_loss 4.4187 | lr 1.52e-04
step     30 | train_loss 4.3218 | lr 2.27e-04
step     40 | train_loss 4.4520 | lr 2.50e-04
step     50 | train_loss 4.1912 | lr 2.49e-04
step     60 | train_loss 4.2160 | lr 2.48e-04
step     70 | train_loss 4.3992 | lr 2.47e-04
step     75 | val_loss 4.3045 | val_ppl 74.03
step     80 | train_loss 4.3443 | lr 2.45e-04
step     90 | train_loss 4.1951 | lr 2.43e-04
step    100 | train_loss 4.0171 | lr 2.40e-04
step    110 | train_loss 4.1610 | lr 2.37e-04
step    120 | train_loss 4.0731 | lr 2.34e-04
step    130 | train_loss 4.2741 | lr 2.30e-04
step    140 | train_loss 4.4718 | lr 2.26e-04
step    150 | train_loss 4.0895 | lr 2.21e-04
step    150 | val_loss 4.2172 | val_ppl 67.84
step    160 | train_loss 4.2742 | lr 2.16e-04
step    170 | train_loss 4.3374 | lr 2.11e-04
step    180 | train_loss 4.2037 | lr 2.05e-04
step    190 | train_loss 3.9589 | lr 2.00e-04
step    200 | train_loss 4.2616 | lr 1.94e-04
step    210 | train_loss 4.1218 | lr 1.87e-04
step    220 | train_loss 4.2414 | lr 1.81e-04
step    225 | val_loss 4.1641 | val_ppl 64.33
step    230 | train_loss 4.0477 | lr 1.74e-04
step    240 | train_loss 4.1367 | lr 1.67e-04
step    250 | train_loss 4.1271 | lr 1.60e-04
step    260 | train_loss 4.2018 | lr 1.53e-04
step    270 | train_loss 4.3330 | lr 1.46e-04
step    280 | train_loss 4.0015 | lr 1.39e-04
step    290 | train_loss 4.3778 | lr 1.32e-04
step    300 | train_loss 4.0102 | lr 1.25e-04
step    300 | val_loss 4.1307 | val_ppl 62.22
step    310 | train_loss 4.2972 | lr 1.18e-04
step    320 | train_loss 4.0439 | lr 1.11e-04
step    330 | train_loss 4.1991 | lr 1.04e-04
step    340 | train_loss 4.1210 | lr 9.75e-05
step    350 | train_loss 4.3262 | lr 9.09e-05
step    360 | train_loss 4.0171 | lr 8.46e-05
step    370 | train_loss 4.1899 | lr 7.84e-05
step    375 | val_loss 4.0994 | val_ppl 60.30
step    380 | train_loss 4.5110 | lr 7.25e-05
step    390 | train_loss 3.8812 | lr 6.68e-05
step    400 | train_loss 3.9198 | lr 6.14e-05
step    410 | train_loss 3.9530 | lr 5.63e-05
step    420 | train_loss 3.9129 | lr 5.16e-05
step    430 | train_loss 4.3372 | lr 4.72e-05
step    440 | train_loss 3.9323 | lr 4.31e-05
step    450 | train_loss 4.0658 | lr 3.94e-05
step    450 | val_loss 4.0780 | val_ppl 59.02
step    460 | train_loss 4.3966 | lr 3.61e-05
step    470 | train_loss 3.7547 | lr 3.33e-05
step    480 | train_loss 4.2381 | lr 3.08e-05
step    490 | train_loss 3.8063 | lr 2.88e-05
step    500 | train_loss 4.2828 | lr 2.72e-05
step    510 | train_loss 3.9821 | lr 2.60e-05
step    520 | train_loss 4.1795 | lr 2.53e-05
step    525 | val_loss 4.0662 | val_ppl 58.33
step    530 | train_loss 3.6394 | lr 2.50e-05
step    530 | val_loss 4.0652 | val_ppl 58.27
Saved checkpoint to /home/system/projects/AuthLLM/checkpoints/lr_scaling_mini2k/alpaca_third_unpacked_530_lr0.00025_seed1337/step_530.pt
