Data: 50,868 train / 1,038 val examples (68 dropped as longer than 512 tokens)
Packing: 50,868 examples into 11,220 windows (4.5 per window, 98.8% of positions used)
Model: mini (7,292,032 parameters), initialized from checkpoints/mini/step_2000.pt (step 2000)
step     10 | train_loss 4.3995 | lr 4.09e-04
step     20 | train_loss 4.4070 | lr 8.18e-04
step     30 | train_loss 4.1115 | lr 8.99e-04
step     40 | train_loss 4.0924 | lr 8.95e-04
step     50 | train_loss 4.0609 | lr 8.87e-04
step     50 | val_loss 4.1574 | val_ppl 63.90
step     60 | train_loss 4.0977 | lr 8.75e-04
step     70 | train_loss 4.1180 | lr 8.60e-04
step     80 | train_loss 4.0302 | lr 8.41e-04
step     90 | train_loss 3.9944 | lr 8.19e-04
step    100 | train_loss 4.1392 | lr 7.95e-04
step    100 | val_loss 4.0197 | val_ppl 55.68
step    110 | train_loss 4.1201 | lr 7.67e-04
step    120 | train_loss 3.9959 | lr 7.37e-04
step    130 | train_loss 4.0161 | lr 7.05e-04
step    140 | train_loss 3.9500 | lr 6.71e-04
step    150 | train_loss 3.8703 | lr 6.36e-04
step    150 | val_loss 3.9246 | val_ppl 50.63
step    160 | train_loss 4.0174 | lr 5.99e-04
step    170 | train_loss 3.8927 | lr 5.61e-04
step    180 | train_loss 3.9309 | lr 5.22e-04
step    190 | train_loss 3.7904 | lr 4.83e-04
step    200 | train_loss 3.9203 | lr 4.45e-04
step    200 | val_loss 3.8495 | val_ppl 46.97
step    210 | train_loss 3.8181 | lr 4.07e-04
step    220 | train_loss 3.5830 | lr 3.69e-04
step    230 | train_loss 3.8506 | lr 3.33e-04
step    240 | train_loss 3.7921 | lr 2.98e-04
step    250 | train_loss 3.8081 | lr 2.65e-04
step    250 | val_loss 3.7889 | val_ppl 44.21
step    260 | train_loss 3.8221 | lr 2.34e-04
step    270 | train_loss 3.9158 | lr 2.06e-04
step    280 | train_loss 3.8167 | lr 1.80e-04
step    290 | train_loss 3.7455 | lr 1.57e-04
step    300 | train_loss 3.7751 | lr 1.37e-04
step    300 | val_loss 3.7485 | val_ppl 42.46
step    310 | train_loss 3.6597 | lr 1.21e-04
step    320 | train_loss 3.6221 | lr 1.08e-04
step    330 | train_loss 3.9794 | lr 9.82e-05
step    340 | train_loss 3.6502 | lr 9.22e-05
step    350 | train_loss 3.7227 | lr 9.00e-05
step    350 | val_loss 3.7249 | val_ppl 41.47
Saved checkpoint to /home/system/projects/AuthLLM/checkpoints/lr_scaling_mini2k/alpaca_packed_350_lr0.0009_seed1337/step_350.pt
