Data: 50,868 train / 1,038 val examples (68 dropped as longer than 512 tokens)
Model: mini (7,292,032 parameters), initialized from checkpoints/mini/step_2000.pt (step 2000)
step     10 | train_loss 4.7262 | lr 6.00e-05
step     20 | train_loss 4.6583 | lr 1.20e-04
step     30 | train_loss 4.3826 | lr 1.80e-04
step     40 | train_loss 4.2475 | lr 2.40e-04
step     50 | train_loss 4.3113 | lr 3.00e-04
step     60 | train_loss 4.4087 | lr 3.60e-04
step     70 | train_loss 4.1786 | lr 4.20e-04
step     80 | train_loss 4.0438 | lr 4.80e-04
step     90 | train_loss 3.9868 | lr 5.40e-04
step    100 | train_loss 4.2338 | lr 6.00e-04
step    110 | train_loss 4.3283 | lr 6.00e-04
step    120 | train_loss 4.3906 | lr 6.00e-04
step    130 | train_loss 4.2051 | lr 6.00e-04
step    140 | train_loss 4.5194 | lr 5.99e-04
step    150 | train_loss 4.2616 | lr 5.99e-04
step    160 | train_loss 4.2651 | lr 5.98e-04
step    170 | train_loss 4.3297 | lr 5.97e-04
step    180 | train_loss 4.5137 | lr 5.96e-04
step    190 | train_loss 4.4901 | lr 5.95e-04
step    200 | train_loss 4.1620 | lr 5.94e-04
step    210 | train_loss 4.4029 | lr 5.93e-04
step    220 | train_loss 4.3082 | lr 5.92e-04
step    228 | val_loss 4.2981 | val_ppl 73.56
step    230 | train_loss 4.3307 | lr 5.90e-04
step    240 | train_loss 4.3783 | lr 5.89e-04
step    250 | train_loss 4.2183 | lr 5.87e-04
step    260 | train_loss 4.1778 | lr 5.85e-04
step    270 | train_loss 4.1801 | lr 5.83e-04
step    280 | train_loss 4.2472 | lr 5.81e-04
step    290 | train_loss 4.1487 | lr 5.79e-04
step    300 | train_loss 4.3787 | lr 5.77e-04
step    310 | train_loss 4.4436 | lr 5.75e-04
step    320 | train_loss 4.3079 | lr 5.72e-04
step    330 | train_loss 4.7245 | lr 5.70e-04
step    340 | train_loss 4.3317 | lr 5.67e-04
step    350 | train_loss 4.5189 | lr 5.64e-04
step    360 | train_loss 4.3471 | lr 5.61e-04
step    370 | train_loss 4.2522 | lr 5.58e-04
step    380 | train_loss 4.5699 | lr 5.55e-04
step    390 | train_loss 4.3036 | lr 5.52e-04
step    400 | train_loss 4.0255 | lr 5.49e-04
step    410 | train_loss 4.2645 | lr 5.45e-04
step    420 | train_loss 4.5499 | lr 5.42e-04
step    430 | train_loss 4.5982 | lr 5.38e-04
step    440 | train_loss 4.4872 | lr 5.35e-04
step    450 | train_loss 4.4185 | lr 5.31e-04
step    456 | val_loss 4.2421 | val_ppl 69.55
step    460 | train_loss 4.0290 | lr 5.27e-04
step    470 | train_loss 4.3919 | lr 5.23e-04
step    480 | train_loss 4.3128 | lr 5.19e-04
step    490 | train_loss 4.4043 | lr 5.15e-04
step    500 | train_loss 4.1513 | lr 5.11e-04
step    510 | train_loss 4.2155 | lr 5.07e-04
step    520 | train_loss 4.1401 | lr 5.03e-04
step    530 | train_loss 3.9039 | lr 4.98e-04
step    540 | train_loss 4.2431 | lr 4.94e-04
step    550 | train_loss 4.2491 | lr 4.89e-04
step    560 | train_loss 4.1064 | lr 4.85e-04
step    570 | train_loss 4.1490 | lr 4.80e-04
step    580 | train_loss 4.4702 | lr 4.75e-04
step    590 | train_loss 4.0293 | lr 4.70e-04
step    600 | train_loss 4.2002 | lr 4.65e-04
step    610 | train_loss 4.1782 | lr 4.61e-04
step    620 | train_loss 4.4443 | lr 4.56e-04
step    630 | train_loss 4.0689 | lr 4.51e-04
step    640 | train_loss 4.2695 | lr 4.45e-04
step    650 | train_loss 4.1284 | lr 4.40e-04
step    660 | train_loss 4.1276 | lr 4.35e-04
step    670 | train_loss 4.2572 | lr 4.30e-04
step    680 | train_loss 3.6757 | lr 4.25e-04
step    684 | val_loss 4.1723 | val_ppl 64.87
step    690 | train_loss 4.4721 | lr 4.19e-04
step    700 | train_loss 4.0681 | lr 4.14e-04
step    710 | train_loss 4.2649 | lr 4.09e-04
step    720 | train_loss 4.0266 | lr 4.03e-04
step    730 | train_loss 4.1607 | lr 3.98e-04
step    740 | train_loss 3.9975 | lr 3.92e-04
step    750 | train_loss 4.2757 | lr 3.87e-04
step    760 | train_loss 4.3476 | lr 3.81e-04
step    770 | train_loss 4.1116 | lr 3.76e-04
step    780 | train_loss 4.3074 | lr 3.70e-04
step    790 | train_loss 4.3458 | lr 3.64e-04
step    800 | train_loss 4.2880 | lr 3.59e-04
step    810 | train_loss 4.1309 | lr 3.53e-04
step    820 | train_loss 4.0072 | lr 3.48e-04
step    830 | train_loss 3.9937 | lr 3.42e-04
step    840 | train_loss 4.0197 | lr 3.36e-04
step    850 | train_loss 3.9909 | lr 3.31e-04
step    860 | train_loss 3.8040 | lr 3.25e-04
step    870 | train_loss 3.9151 | lr 3.19e-04
step    880 | train_loss 3.9602 | lr 3.14e-04
step    890 | train_loss 3.9586 | lr 3.08e-04
step    900 | train_loss 4.3891 | lr 3.02e-04
step    910 | train_loss 3.7392 | lr 2.97e-04
step    912 | val_loss 4.0915 | val_ppl 59.83
step    920 | train_loss 4.0139 | lr 2.91e-04
step    930 | train_loss 3.9810 | lr 2.86e-04
step    940 | train_loss 3.9723 | lr 2.80e-04
step    950 | train_loss 4.3492 | lr 2.74e-04
step    960 | train_loss 4.5662 | lr 2.69e-04
step    970 | train_loss 4.2280 | lr 2.63e-04
step    980 | train_loss 4.1987 | lr 2.58e-04
step    990 | train_loss 4.1403 | lr 2.53e-04
step   1000 | train_loss 3.6277 | lr 2.47e-04
step   1010 | train_loss 4.2507 | lr 2.42e-04
step   1020 | train_loss 4.0035 | lr 2.36e-04
step   1030 | train_loss 4.1366 | lr 2.31e-04
step   1040 | train_loss 4.2472 | lr 2.26e-04
step   1050 | train_loss 4.1486 | lr 2.21e-04
step   1060 | train_loss 4.1871 | lr 2.16e-04
step   1070 | train_loss 4.3334 | lr 2.10e-04
step   1080 | train_loss 3.9789 | lr 2.05e-04
step   1090 | train_loss 4.2529 | lr 2.00e-04
step   1100 | train_loss 3.8321 | lr 1.95e-04
step   1110 | train_loss 4.1969 | lr 1.91e-04
step   1120 | train_loss 4.0049 | lr 1.86e-04
step   1130 | train_loss 4.2234 | lr 1.81e-04
step   1140 | train_loss 4.1523 | lr 1.76e-04
step   1140 | val_loss 4.0320 | val_ppl 56.38
step   1150 | train_loss 4.2090 | lr 1.72e-04
step   1160 | train_loss 4.0844 | lr 1.67e-04
step   1170 | train_loss 4.0782 | lr 1.63e-04
step   1180 | train_loss 3.5947 | lr 1.58e-04
step   1190 | train_loss 4.1011 | lr 1.54e-04
step   1200 | train_loss 4.1128 | lr 1.50e-04
step   1210 | train_loss 3.9480 | lr 1.46e-04
step   1220 | train_loss 4.0162 | lr 1.41e-04
step   1230 | train_loss 4.1208 | lr 1.37e-04
step   1240 | train_loss 4.0711 | lr 1.34e-04
step   1250 | train_loss 4.1893 | lr 1.30e-04
step   1260 | train_loss 3.6402 | lr 1.26e-04
step   1270 | train_loss 3.8711 | lr 1.22e-04
step   1280 | train_loss 4.0864 | lr 1.19e-04
step   1290 | train_loss 3.8094 | lr 1.15e-04
step   1300 | train_loss 4.3296 | lr 1.12e-04
step   1310 | train_loss 3.8193 | lr 1.09e-04
step   1320 | train_loss 3.8956 | lr 1.05e-04
step   1330 | train_loss 4.3737 | lr 1.02e-04
step   1340 | train_loss 3.9987 | lr 9.93e-05
step   1350 | train_loss 4.0911 | lr 9.65e-05
step   1360 | train_loss 4.0972 | lr 9.37e-05
step   1368 | val_loss 3.9828 | val_ppl 53.67
step   1370 | train_loss 3.7766 | lr 9.10e-05
step   1380 | train_loss 4.2390 | lr 8.84e-05
step   1390 | train_loss 3.9471 | lr 8.59e-05
step   1400 | train_loss 4.1360 | lr 8.36e-05
step   1410 | train_loss 3.8272 | lr 8.13e-05
step   1420 | train_loss 4.1896 | lr 7.92e-05
step   1430 | train_loss 4.2691 | lr 7.71e-05
step   1440 | train_loss 3.9171 | lr 7.52e-05
step   1450 | train_loss 3.8788 | lr 7.34e-05
step   1460 | train_loss 4.0784 | lr 7.17e-05
step   1470 | train_loss 4.0148 | lr 7.01e-05
step   1480 | train_loss 3.8171 | lr 6.86e-05
step   1490 | train_loss 4.3822 | lr 6.73e-05
step   1500 | train_loss 4.1188 | lr 6.60e-05
step   1510 | train_loss 3.6372 | lr 6.49e-05
step   1520 | train_loss 3.9753 | lr 6.39e-05
step   1530 | train_loss 3.9689 | lr 6.30e-05
step   1540 | train_loss 3.7792 | lr 6.22e-05
step   1550 | train_loss 4.1159 | lr 6.15e-05
step   1560 | train_loss 3.7784 | lr 6.10e-05
step   1570 | train_loss 3.9621 | lr 6.06e-05
step   1580 | train_loss 3.9559 | lr 6.03e-05
step   1590 | train_loss 3.8078 | lr 6.01e-05
step   1596 | val_loss 3.9657 | val_ppl 52.76
step   1600 | train_loss 3.9047 | lr 6.00e-05
step   1600 | val_loss 3.9660 | val_ppl 52.78
Saved checkpoint to /home/system/projects/AuthLLM/checkpoints/lr_scaling_mini2k/alpaca_unpacked_1600_lr0.0006_seed1337/step_1600.pt
